2019-01-30 12:56:45 GC log file created /Users/kcurtis/solr-7.6.0/server/logs/solr_gc.log.2
Java HotSpot(TM) 64-Bit Server VM (25.201-b09) for bsd-amd64 JRE (1.8.0_201-b09), built on Dec 15 2018 18:35:23 by "java_re" with gcc 4.2.1 (Based on Apple Inc. build 5658) (LLVM build 2336.11.00)
Memory: 4k page, physical 8388608k(170372k free)

/proc/meminfo:

CommandLine flags: -XX:CICompilerCount=3 -XX:CMSInitiatingOccupancyFraction=50 -XX:CMSMaxAbortablePrecleanTime=6000 -XX:+CMSParallelRemarkEnabled -XX:+CMSScavengeBeforeRemark -XX:ConcGCThreads=4 -XX:GCLogFileSize=20971520 -XX:InitialHeapSize=536870912 -XX:MaxHeapSize=536870912 -XX:MaxNewSize=134217728 -XX:MaxTenuringThreshold=8 -XX:MinHeapDeltaBytes=196608 -XX:NewRatio=3 -XX:NewSize=134217728 -XX:NumberOfGCLogFiles=9 -XX:OldPLABSize=16 -XX:OldSize=402653184 -XX:-OmitStackTraceInFastThrow -XX:OnOutOfMemoryError=/Users/kcurtis/solr-7.6.0/bin/oom_solr.sh 8983 /Users/kcurtis/solr-7.6.0/server/logs -XX:ParallelGCThreads=4 -XX:+ParallelRefProcEnabled -XX:PretenureSizeThreshold=67108864 -XX:+PrintGC -XX:+PrintGCApplicationStoppedTime -XX:+PrintGCDateStamps -XX:+PrintGCDetails -XX:+PrintGCTimeStamps -XX:+PrintHeapAtGC -XX:+PrintTenuringDistribution -XX:SurvivorRatio=4 -XX:TargetSurvivorRatio=90 -XX:ThreadStackSize=256 -XX:+UseCMSInitiatingOccupancyOnly -XX:+UseCompressedClassPointers -XX:+UseCompressedOops -XX:+UseConcMarkSweepGC -XX:+UseFastUnorderedTimeStamps -XX:+UseGCLogFileRotation -XX:+UseParNewGC 
{Heap before GC invocations=19195 (full 20):
 par new generation   total 109248K, used 95248K [0x00000007a0000000, 0x00000007a8000000, 0x00000007a8000000)
  eden space 87424K, 100% used [0x00000007a0000000, 0x00000007a5560000, 0x00000007a5560000)
  from space 21824K,  35% used [0x00000007a6ab0000, 0x00000007a7254030, 0x00000007a8000000)
  to   space 21824K,   0% used [0x00000007a5560000, 0x00000007a5560000, 0x00000007a6ab0000)
 concurrent mark-sweep generation total 393216K, used 153265K [0x00000007a8000000, 0x00000007c0000000, 0x00000007c0000000)
 Metaspace       used 43672K, capacity 44920K, committed 45100K, reserved 1089536K
  class space    used 5354K, capacity 5667K, committed 5676K, reserved 1048576K
2019-01-30T12:56:45.324+0600: 4802.898: [GC (Allocation Failure) 2019-01-30T12:56:45.324+0600: 4802.898: [ParNew
Desired survivor size 20112992 bytes, new threshold 8 (max 8)
- age   1:    5880280 bytes,    5880280 total
- age   2:       1144 bytes,    5881424 total
- age   3:       1128 bytes,    5882552 total
- age   4:       1048 bytes,    5883600 total
- age   5:       1000 bytes,    5884600 total
: 95248K->7989K(109248K), 0.0148172 secs] 248513K->161255K(502464K), 0.0149284 secs] [Times: user=0.02 sys=0.00, real=0.01 secs] 
Heap after GC invocations=19196 (full 20):
 par new generation   total 109248K, used 7989K [0x00000007a0000000, 0x00000007a8000000, 0x00000007a8000000)
  eden space 87424K,   0% used [0x00000007a0000000, 0x00000007a0000000, 0x00000007a5560000)
  from space 21824K,  36% used [0x00000007a5560000, 0x00000007a5d2d650, 0x00000007a6ab0000)
  to   space 21824K,   0% used [0x00000007a6ab0000, 0x00000007a6ab0000, 0x00000007a8000000)
 concurrent mark-sweep generation total 393216K, used 153265K [0x00000007a8000000, 0x00000007c0000000, 0x00000007c0000000)
 Metaspace       used 43672K, capacity 44920K, committed 45100K, reserved 1089536K
  class space    used 5354K, capacity 5667K, committed 5676K, reserved 1048576K
}
2019-01-30T12:56:45.339+0600: 4802.913: Total time for which application threads were stopped: 0.0182590 seconds, Stopping threads took: 0.0000238 seconds
{Heap before GC invocations=19196 (full 20):
 par new generation   total 109248K, used 95413K [0x00000007a0000000, 0x00000007a8000000, 0x00000007a8000000)
  eden space 87424K, 100% used [0x00000007a0000000, 0x00000007a5560000, 0x00000007a5560000)
  from space 21824K,  36% used [0x00000007a5560000, 0x00000007a5d2d650, 0x00000007a6ab0000)
  to   space 21824K,   0% used [0x00000007a6ab0000, 0x00000007a6ab0000, 0x00000007a8000000)
 concurrent mark-sweep generation total 393216K, used 153265K [0x00000007a8000000, 0x00000007c0000000, 0x00000007c0000000)
 Metaspace       used 43672K, capacity 44920K, committed 45100K, reserved 1089536K
  class space    used 5354K, capacity 5667K, committed 5676K, reserved 1048576K
2019-01-30T12:56:45.556+0600: 4803.129: [GC (Allocation Failure) 2019-01-30T12:56:45.556+0600: 4803.129: [ParNew
Desired survivor size 20112992 bytes, new threshold 8 (max 8)
- age   1:   19173144 bytes,   19173144 total
- age   2:       1272 bytes,   19174416 total
- age   3:       1144 bytes,   19175560 total
- age   4:       1128 bytes,   19176688 total
- age   5:       1048 bytes,   19177736 total
- age   6:       1000 bytes,   19178736 total
: 95413K->20606K(109248K), 0.0170042 secs] 248679K->173872K(502464K), 0.0171204 secs] [Times: user=0.06 sys=0.00, real=0.02 secs] 
Heap after GC invocations=19197 (full 20):
 par new generation   total 109248K, used 20606K [0x00000007a0000000, 0x00000007a8000000, 0x00000007a8000000)
  eden space 87424K,   0% used [0x00000007a0000000, 0x00000007a0000000, 0x00000007a5560000)
  from space 21824K,  94% used [0x00000007a6ab0000, 0x00000007a7ecfa70, 0x00000007a8000000)
  to   space 21824K,   0% used [0x00000007a5560000, 0x00000007a5560000, 0x00000007a6ab0000)
 concurrent mark-sweep generation total 393216K, used 153265K [0x00000007a8000000, 0x00000007c0000000, 0x00000007c0000000)
 Metaspace       used 43672K, capacity 44920K, committed 45100K, reserved 1089536K
  class space    used 5354K, capacity 5667K, committed 5676K, reserved 1048576K
}
2019-01-30T12:56:45.573+0600: 4803.146: Total time for which application threads were stopped: 0.0173421 seconds, Stopping threads took: 0.0000237 seconds
{Heap before GC invocations=19197 (full 20):
 par new generation   total 109248K, used 107968K [0x00000007a0000000, 0x00000007a8000000, 0x00000007a8000000)
  eden space 87424K,  99% used [0x00000007a0000000, 0x00000007a5550638, 0x00000007a5560000)
  from space 21824K,  94% used [0x00000007a6ab0000, 0x00000007a7ecfa70, 0x00000007a8000000)
  to   space 21824K,   0% used [0x00000007a5560000, 0x00000007a5560000, 0x00000007a6ab0000)
 concurrent mark-sweep generation total 393216K, used 153265K [0x00000007a8000000, 0x00000007c0000000, 0x00000007c0000000)
 Metaspace       used 43672K, capacity 44920K, committed 45100K, reserved 1089536K
  class space    used 5354K, capacity 5667K, committed 5676K, reserved 1048576K
2019-01-30T12:56:45.818+0600: 4803.391: [GC (Allocation Failure) 2019-01-30T12:56:45.818+0600: 4803.391: [ParNew
Desired survivor size 20112992 bytes, new threshold 8 (max 8)
- age   1:   14609008 bytes,   14609008 total
- age   2:        984 bytes,   14609992 total
- age   3:       1272 bytes,   14611264 total
- age   4:       1144 bytes,   14612408 total
- age   5:       1128 bytes,   14613536 total
- age   6:       1048 bytes,   14614584 total
- age   7:       1000 bytes,   14615584 total
: 107968K->20361K(109248K), 0.0262317 secs] 261233K->173627K(502464K), 0.0263304 secs] [Times: user=0.05 sys=0.00, real=0.03 secs] 
Heap after GC invocations=19198 (full 20):
 par new generation   total 109248K, used 20361K [0x00000007a0000000, 0x00000007a8000000, 0x00000007a8000000)
  eden space 87424K,   0% used [0x00000007a0000000, 0x00000007a0000000, 0x00000007a5560000)
  from space 21824K,  93% used [0x00000007a5560000, 0x00000007a6942730, 0x00000007a6ab0000)
  to   space 21824K,   0% used [0x00000007a6ab0000, 0x00000007a6ab0000, 0x00000007a8000000)
 concurrent mark-sweep generation total 393216K, used 153265K [0x00000007a8000000, 0x00000007c0000000, 0x00000007c0000000)
 Metaspace       used 43672K, capacity 44920K, committed 45100K, reserved 1089536K
  class space    used 5354K, capacity 5667K, committed 5676K, reserved 1048576K
}
2019-01-30T12:56:45.844+0600: 4803.418: Total time for which application threads were stopped: 0.0265873 seconds, Stopping threads took: 0.0000226 seconds
{Heap before GC invocations=19198 (full 20):
 par new generation   total 109248K, used 107785K [0x00000007a0000000, 0x00000007a8000000, 0x00000007a8000000)
  eden space 87424K, 100% used [0x00000007a0000000, 0x00000007a5560000, 0x00000007a5560000)
  from space 21824K,  93% used [0x00000007a5560000, 0x00000007a6942730, 0x00000007a6ab0000)
  to   space 21824K,   0% used [0x00000007a6ab0000, 0x00000007a6ab0000, 0x00000007a8000000)
 concurrent mark-sweep generation total 393216K, used 153265K [0x00000007a8000000, 0x00000007c0000000, 0x00000007c0000000)
 Metaspace       used 43672K, capacity 44920K, committed 45100K, reserved 1089536K
  class space    used 5354K, capacity 5667K, committed 5676K, reserved 1048576K
2019-01-30T12:56:46.079+0600: 4803.653: [GC (Allocation Failure) 2019-01-30T12:56:46.079+0600: 4803.653: [ParNew
Desired survivor size 20112992 bytes, new threshold 8 (max 8)
- age   1:   11074168 bytes,   11074168 total
- age   2:       1136 bytes,   11075304 total
- age   3:        984 bytes,   11076288 total
- age   4:       1272 bytes,   11077560 total
- age   5:       1144 bytes,   11078704 total
- age   6:       1128 bytes,   11079832 total
- age   7:       1048 bytes,   11080880 total
- age   8:       1000 bytes,   11081880 total
: 107785K->16522K(109248K), 0.0120860 secs] 261051K->169788K(502464K), 0.0122126 secs] [Times: user=0.04 sys=0.00, real=0.02 secs] 
Heap after GC invocations=19199 (full 20):
 par new generation   total 109248K, used 16522K [0x00000007a0000000, 0x00000007a8000000, 0x00000007a8000000)
  eden space 87424K,   0% used [0x00000007a0000000, 0x00000007a0000000, 0x00000007a5560000)
  from space 21824K,  75% used [0x00000007a6ab0000, 0x00000007a7ad29c0, 0x00000007a8000000)
  to   space 21824K,   0% used [0x00000007a5560000, 0x00000007a5560000, 0x00000007a6ab0000)
 concurrent mark-sweep generation total 393216K, used 153265K [0x00000007a8000000, 0x00000007c0000000, 0x00000007c0000000)
 Metaspace       used 43672K, capacity 44920K, committed 45100K, reserved 1089536K
  class space    used 5354K, capacity 5667K, committed 5676K, reserved 1048576K
}
2019-01-30T12:56:46.092+0600: 4803.665: Total time for which application threads were stopped: 0.0124557 seconds, Stopping threads took: 0.0000278 seconds
{Heap before GC invocations=19199 (full 20):
 par new generation   total 109248K, used 103946K [0x00000007a0000000, 0x00000007a8000000, 0x00000007a8000000)
  eden space 87424K, 100% used [0x00000007a0000000, 0x00000007a5560000, 0x00000007a5560000)
  from space 21824K,  75% used [0x00000007a6ab0000, 0x00000007a7ad29c0, 0x00000007a8000000)
  to   space 21824K,   0% used [0x00000007a5560000, 0x00000007a5560000, 0x00000007a6ab0000)
 concurrent mark-sweep generation total 393216K, used 153265K [0x00000007a8000000, 0x00000007c0000000, 0x00000007c0000000)
 Metaspace       used 43672K, capacity 44920K, committed 45100K, reserved 1089536K
  class space    used 5354K, capacity 5667K, committed 5676K, reserved 1048576K
2019-01-30T12:56:46.286+0600: 4803.859: [GC (Allocation Failure) 2019-01-30T12:56:46.286+0600: 4803.859: [ParNew
Desired survivor size 20112992 bytes, new threshold 8 (max 8)
- age   1:    7689888 bytes,    7689888 total
- age   2:       1096 bytes,    7690984 total
- age   3:       1136 bytes,    7692120 total
- age   4:        984 bytes,    7693104 total
- age   5:       1272 bytes,    7694376 total
- age   6:       1144 bytes,    7695520 total
- age   7:       1128 bytes,    7696648 total
- age   8:       1048 bytes,    7697696 total
: 103946K->10565K(109248K), 0.0101947 secs] 257212K->163832K(502464K), 0.0102919 secs] [Times: user=0.03 sys=0.00, real=0.01 secs] 
Heap after GC invocations=19200 (full 20):
 par new generation   total 109248K, used 10565K [0x00000007a0000000, 0x00000007a8000000, 0x00000007a8000000)
  eden space 87424K,   0% used [0x00000007a0000000, 0x00000007a0000000, 0x00000007a5560000)
  from space 21824K,  48% used [0x00000007a5560000, 0x00000007a5fb1690, 0x00000007a6ab0000)
  to   space 21824K,   0% used [0x00000007a6ab0000, 0x00000007a6ab0000, 0x00000007a8000000)
 concurrent mark-sweep generation total 393216K, used 153266K [0x00000007a8000000, 0x00000007c0000000, 0x00000007c0000000)
 Metaspace       used 43672K, capacity 44920K, committed 45100K, reserved 1089536K
  class space    used 5354K, capacity 5667K, committed 5676K, reserved 1048576K
}
2019-01-30T12:56:46.296+0600: 4803.869: Total time for which application threads were stopped: 0.0105312 seconds, Stopping threads took: 0.0000235 seconds
{Heap before GC invocations=19200 (full 20):
 par new generation   total 109248K, used 97989K [0x00000007a0000000, 0x00000007a8000000, 0x00000007a8000000)
  eden space 87424K, 100% used [0x00000007a0000000, 0x00000007a5560000, 0x00000007a5560000)
  from space 21824K,  48% used [0x00000007a5560000, 0x00000007a5fb1690, 0x00000007a6ab0000)
  to   space 21824K,   0% used [0x00000007a6ab0000, 0x00000007a6ab0000, 0x00000007a8000000)
 concurrent mark-sweep generation total 393216K, used 153266K [0x00000007a8000000, 0x00000007c0000000, 0x00000007c0000000)
 Metaspace       used 43672K, capacity 44920K, committed 45100K, reserved 1089536K
  class space    used 5354K, capacity 5667K, committed 5676K, reserved 1048576K
2019-01-30T12:56:46.568+0600: 4804.142: [GC (Allocation Failure) 2019-01-30T12:56:46.568+0600: 4804.142: [ParNew
Desired survivor size 20112992 bytes, new threshold 8 (max 8)
- age   1:    5863880 bytes,    5863880 total
- age   2:       1256 bytes,    5865136 total
- age   3:       1096 bytes,    5866232 total
- age   4:       1136 bytes,    5867368 total
- age   5:        984 bytes,    5868352 total
- age   6:       1272 bytes,    5869624 total
- age   7:       1144 bytes,    5870768 total
- age   8:       1128 bytes,    5871896 total
: 97989K->8279K(109248K), 0.0107837 secs] 251256K->161547K(502464K), 0.0110482 secs] [Times: user=0.03 sys=0.00, real=0.01 secs] 
Heap after GC invocations=19201 (full 20):
 par new generation   total 109248K, used 8279K [0x00000007a0000000, 0x00000007a8000000, 0x00000007a8000000)
  eden space 87424K,   0% used [0x00000007a0000000, 0x00000007a0000000, 0x00000007a5560000)
  from space 21824K,  37% used [0x00000007a6ab0000, 0x00000007a72c5d90, 0x00000007a8000000)
  to   space 21824K,   0% used [0x00000007a5560000, 0x00000007a5560000, 0x00000007a6ab0000)
 concurrent mark-sweep generation total 393216K, used 153267K [0x00000007a8000000, 0x00000007c0000000, 0x00000007c0000000)
 Metaspace       used 43672K, capacity 44920K, committed 45100K, reserved 1089536K
  class space    used 5354K, capacity 5667K, committed 5676K, reserved 1048576K
}
2019-01-30T12:56:46.579+0600: 4804.153: Total time for which application threads were stopped: 0.0114471 seconds, Stopping threads took: 0.0000231 seconds
{Heap before GC invocations=19201 (full 20):
 par new generation   total 109248K, used 95703K [0x00000007a0000000, 0x00000007a8000000, 0x00000007a8000000)
  eden space 87424K, 100% used [0x00000007a0000000, 0x00000007a5560000, 0x00000007a5560000)
  from space 21824K,  37% used [0x00000007a6ab0000, 0x00000007a72c5d90, 0x00000007a8000000)
  to   space 21824K,   0% used [0x00000007a5560000, 0x00000007a5560000, 0x00000007a6ab0000)
 concurrent mark-sweep generation total 393216K, used 153267K [0x00000007a8000000, 0x00000007c0000000, 0x00000007c0000000)
 Metaspace       used 43672K, capacity 44920K, committed 45100K, reserved 1089536K
  class space    used 5354K, capacity 5667K, committed 5676K, reserved 1048576K
2019-01-30T12:56:46.830+0600: 4804.404: [GC (Allocation Failure) 2019-01-30T12:56:46.830+0600: 4804.404: [ParNew
Desired survivor size 20112992 bytes, new threshold 1 (max 8)
- age   1:   20931432 bytes,   20931432 total
- age   2:       1672 bytes,   20933104 total
- age   3:       1256 bytes,   20934360 total
- age   4:       1096 bytes,   20935456 total
- age   5:       1136 bytes,   20936592 total
- age   6:        984 bytes,   20937576 total
- age   7:       1272 bytes,   20938848 total
- age   8:       1144 bytes,   20939992 total
: 95703K->21824K(109248K), 0.0191252 secs] 248971K->175092K(502464K), 0.0192304 secs] [Times: user=0.07 sys=0.00, real=0.02 secs] 
Heap after GC invocations=19202 (full 20):
 par new generation   total 109248K, used 21824K [0x00000007a0000000, 0x00000007a8000000, 0x00000007a8000000)
  eden space 87424K,   0% used [0x00000007a0000000, 0x00000007a0000000, 0x00000007a5560000)
  from space 21824K, 100% used [0x00000007a5560000, 0x00000007a6ab0000, 0x00000007a6ab0000)
  to   space 21824K,   0% used [0x00000007a6ab0000, 0x00000007a6ab0000, 0x00000007a8000000)
 concurrent mark-sweep generation total 393216K, used 153268K [0x00000007a8000000, 0x00000007c0000000, 0x00000007c0000000)
 Metaspace       used 43672K, capacity 44920K, committed 45100K, reserved 1089536K
  class space    used 5354K, capacity 5667K, committed 5676K, reserved 1048576K
}
2019-01-30T12:56:46.850+0600: 4804.423: Total time for which application threads were stopped: 0.0194614 seconds, Stopping threads took: 0.0000233 seconds
{Heap before GC invocations=19202 (full 20):
 par new generation   total 109248K, used 109248K [0x00000007a0000000, 0x00000007a8000000, 0x00000007a8000000)
  eden space 87424K, 100% used [0x00000007a0000000, 0x00000007a5560000, 0x00000007a5560000)
  from space 21824K, 100% used [0x00000007a5560000, 0x00000007a6ab0000, 0x00000007a6ab0000)
  to   space 21824K,   0% used [0x00000007a6ab0000, 0x00000007a6ab0000, 0x00000007a8000000)
 concurrent mark-sweep generation total 393216K, used 153268K [0x00000007a8000000, 0x00000007c0000000, 0x00000007c0000000)
 Metaspace       used 43672K, capacity 44920K, committed 45100K, reserved 1089536K
  class space    used 5354K, capacity 5667K, committed 5676K, reserved 1048576K
2019-01-30T12:56:47.103+0600: 4804.677: [GC (Allocation Failure) 2019-01-30T12:56:47.103+0600: 4804.677: [ParNew
Desired survivor size 20112992 bytes, new threshold 8 (max 8)
- age   1:   15971576 bytes,   15971576 total
: 109248K->21824K(109248K), 0.0169696 secs] 262516K->175153K(502464K), 0.0170830 secs] [Times: user=0.05 sys=0.00, real=0.02 secs] 
Heap after GC invocations=19203 (full 20):
 par new generation   total 109248K, used 21824K [0x00000007a0000000, 0x00000007a8000000, 0x00000007a8000000)
  eden space 87424K,   0% used [0x00000007a0000000, 0x00000007a0000000, 0x00000007a5560000)
  from space 21824K, 100% used [0x00000007a6ab0000, 0x00000007a8000000, 0x00000007a8000000)
  to   space 21824K,   0% used [0x00000007a5560000, 0x00000007a5560000, 0x00000007a6ab0000)
 concurrent mark-sweep generation total 393216K, used 153329K [0x00000007a8000000, 0x00000007c0000000, 0x00000007c0000000)
 Metaspace       used 43672K, capacity 44920K, committed 45100K, reserved 1089536K
  class space    used 5354K, capacity 5667K, committed 5676K, reserved 1048576K
}
2019-01-30T12:56:47.120+0600: 4804.694: Total time for which application threads were stopped: 0.0173273 seconds, Stopping threads took: 0.0000279 seconds
{Heap before GC invocations=19203 (full 20):
 par new generation   total 109248K, used 109248K [0x00000007a0000000, 0x00000007a8000000, 0x00000007a8000000)
  eden space 87424K, 100% used [0x00000007a0000000, 0x00000007a5560000, 0x00000007a5560000)
  from space 21824K, 100% used [0x00000007a6ab0000, 0x00000007a8000000, 0x00000007a8000000)
  to   space 21824K,   0% used [0x00000007a5560000, 0x00000007a5560000, 0x00000007a6ab0000)
 concurrent mark-sweep generation total 393216K, used 153329K [0x00000007a8000000, 0x00000007c0000000, 0x00000007c0000000)
 Metaspace       used 43672K, capacity 44920K, committed 45100K, reserved 1089536K
  class space    used 5354K, capacity 5667K, committed 5676K, reserved 1048576K
2019-01-30T12:56:47.354+0600: 4804.927: [GC (Allocation Failure) 2019-01-30T12:56:47.354+0600: 4804.927: [ParNew
Desired survivor size 20112992 bytes, new threshold 8 (max 8)
- age   1:   12728216 bytes,   12728216 total
- age   2:       1808 bytes,   12730024 total
: 109248K->17983K(109248K), 0.0135469 secs] 262577K->171312K(502464K), 0.0136511 secs] [Times: user=0.05 sys=0.00, real=0.01 secs] 
Heap after GC invocations=19204 (full 20):
 par new generation   total 109248K, used 17983K [0x00000007a0000000, 0x00000007a8000000, 0x00000007a8000000)
  eden space 87424K,   0% used [0x00000007a0000000, 0x00000007a0000000, 0x00000007a5560000)
  from space 21824K,  82% used [0x00000007a5560000, 0x00000007a66efc40, 0x00000007a6ab0000)
  to   space 21824K,   0% used [0x00000007a6ab0000, 0x00000007a6ab0000, 0x00000007a8000000)
 concurrent mark-sweep generation total 393216K, used 153329K [0x00000007a8000000, 0x00000007c0000000, 0x00000007c0000000)
 Metaspace       used 43672K, capacity 44920K, committed 45100K, reserved 1089536K
  class space    used 5354K, capacity 5667K, committed 5676K, reserved 1048576K
}
2019-01-30T12:56:47.367+0600: 4804.941: Total time for which application threads were stopped: 0.0138947 seconds, Stopping threads took: 0.0000240 seconds
{Heap before GC invocations=19204 (full 20):
 par new generation   total 109248K, used 105407K [0x00000007a0000000, 0x00000007a8000000, 0x00000007a8000000)
  eden space 87424K, 100% used [0x00000007a0000000, 0x00000007a5560000, 0x00000007a5560000)
  from space 21824K,  82% used [0x00000007a5560000, 0x00000007a66efc40, 0x00000007a6ab0000)
  to   space 21824K,   0% used [0x00000007a6ab0000, 0x00000007a6ab0000, 0x00000007a8000000)
 concurrent mark-sweep generation total 393216K, used 153329K [0x00000007a8000000, 0x00000007c0000000, 0x00000007c0000000)
 Metaspace       used 43672K, capacity 44920K, committed 45100K, reserved 1089536K
  class space    used 5354K, capacity 5667K, committed 5676K, reserved 1048576K
2019-01-30T12:56:47.574+0600: 4805.147: [GC (Allocation Failure) 2019-01-30T12:56:47.574+0600: 4805.147: [ParNew
Desired survivor size 20112992 bytes, new threshold 8 (max 8)
- age   1:    9478344 bytes,    9478344 total
- age   2:       1056 bytes,    9479400 total
- age   3:       1808 bytes,    9481208 total
: 105407K->13819K(109248K), 0.0116831 secs] 258736K->167148K(502464K), 0.0117960 secs] [Times: user=0.04 sys=0.01, real=0.01 secs] 
Heap after GC invocations=19205 (full 20):
 par new generation   total 109248K, used 13819K [0x00000007a0000000, 0x00000007a8000000, 0x00000007a8000000)
  eden space 87424K,   0% used [0x00000007a0000000, 0x00000007a0000000, 0x00000007a5560000)
  from space 21824K,  63% used [0x00000007a6ab0000, 0x00000007a782ee00, 0x00000007a8000000)
  to   space 21824K,   0% used [0x00000007a5560000, 0x00000007a5560000, 0x00000007a6ab0000)
 concurrent mark-sweep generation total 393216K, used 153329K [0x00000007a8000000, 0x00000007c0000000, 0x00000007c0000000)
 Metaspace       used 43672K, capacity 44920K, committed 45100K, reserved 1089536K
  class space    used 5354K, capacity 5667K, committed 5676K, reserved 1048576K
}
2019-01-30T12:56:47.586+0600: 4805.159: Total time for which application threads were stopped: 0.0120311 seconds, Stopping threads took: 0.0000240 seconds
{Heap before GC invocations=19205 (full 20):
 par new generation   total 109248K, used 101243K [0x00000007a0000000, 0x00000007a8000000, 0x00000007a8000000)
  eden space 87424K, 100% used [0x00000007a0000000, 0x00000007a5560000, 0x00000007a5560000)
  from space 21824K,  63% used [0x00000007a6ab0000, 0x00000007a782ee00, 0x00000007a8000000)
  to   space 21824K,   0% used [0x00000007a5560000, 0x00000007a5560000, 0x00000007a6ab0000)
 concurrent mark-sweep generation total 393216K, used 153329K [0x00000007a8000000, 0x00000007c0000000, 0x00000007c0000000)
 Metaspace       used 43672K, capacity 44920K, committed 45100K, reserved 1089536K
  class space    used 5354K, capacity 5667K, committed 5676K, reserved 1048576K
2019-01-30T12:56:47.802+0600: 4805.376: [GC (Allocation Failure) 2019-01-30T12:56:47.803+0600: 4805.376: [ParNew
Desired survivor size 20112992 bytes, new threshold 8 (max 8)
- age   1:    5960944 bytes,    5960944 total
- age   2:       1160 bytes,    5962104 total
- age   3:       1056 bytes,    5963160 total
- age   4:       1808 bytes,    5964968 total
: 101243K->7799K(109248K), 0.0089911 secs] 254572K->161128K(502464K), 0.0090964 secs] [Times: user=0.03 sys=0.00, real=0.01 secs] 
Heap after GC invocations=19206 (full 20):
 par new generation   total 109248K, used 7799K [0x00000007a0000000, 0x00000007a8000000, 0x00000007a8000000)
  eden space 87424K,   0% used [0x00000007a0000000, 0x00000007a0000000, 0x00000007a5560000)
  from space 21824K,  35% used [0x00000007a5560000, 0x00000007a5cfdd60, 0x00000007a6ab0000)
  to   space 21824K,   0% used [0x00000007a6ab0000, 0x00000007a6ab0000, 0x00000007a8000000)
 concurrent mark-sweep generation total 393216K, used 153329K [0x00000007a8000000, 0x00000007c0000000, 0x00000007c0000000)
 Metaspace       used 43672K, capacity 44920K, committed 45100K, reserved 1089536K
  class space    used 5354K, capacity 5667K, committed 5676K, reserved 1048576K
}
2019-01-30T12:56:47.812+0600: 4805.385: Total time for which application threads were stopped: 0.0094011 seconds, Stopping threads took: 0.0000269 seconds
{Heap before GC invocations=19206 (full 20):
 par new generation   total 109248K, used 95223K [0x00000007a0000000, 0x00000007a8000000, 0x00000007a8000000)
  eden space 87424K, 100% used [0x00000007a0000000, 0x00000007a5560000, 0x00000007a5560000)
  from space 21824K,  35% used [0x00000007a5560000, 0x00000007a5cfdd60, 0x00000007a6ab0000)
  to   space 21824K,   0% used [0x00000007a6ab0000, 0x00000007a6ab0000, 0x00000007a8000000)
 concurrent mark-sweep generation total 393216K, used 153329K [0x00000007a8000000, 0x00000007c0000000, 0x00000007c0000000)
 Metaspace       used 43672K, capacity 44920K, committed 45100K, reserved 1089536K
  class space    used 5354K, capacity 5667K, committed 5676K, reserved 1048576K
2019-01-30T12:56:48.040+0600: 4805.613: [GC (Allocation Failure) 2019-01-30T12:56:48.040+0600: 4805.614: [ParNew
Desired survivor size 20112992 bytes, new threshold 8 (max 8)
- age   1:    5881272 bytes,    5881272 total
- age   2:       1152 bytes,    5882424 total
- age   3:       1160 bytes,    5883584 total
- age   4:       1056 bytes,    5884640 total
- age   5:       1808 bytes,    5886448 total
: 95223K->7992K(109248K), 0.0085171 secs] 248552K->161321K(502464K), 0.0086236 secs] [Times: user=0.03 sys=0.00, real=0.00 secs] 
Heap after GC invocations=19207 (full 20):
 par new generation   total 109248K, used 7992K [0x00000007a0000000, 0x00000007a8000000, 0x00000007a8000000)
  eden space 87424K,   0% used [0x00000007a0000000, 0x00000007a0000000, 0x00000007a5560000)
  from space 21824K,  36% used [0x00000007a6ab0000, 0x00000007a727e290, 0x00000007a8000000)
  to   space 21824K,   0% used [0x00000007a5560000, 0x00000007a5560000, 0x00000007a6ab0000)
 concurrent mark-sweep generation total 393216K, used 153329K [0x00000007a8000000, 0x00000007c0000000, 0x00000007c0000000)
 Metaspace       used 43672K, capacity 44920K, committed 45100K, reserved 1089536K
  class space    used 5354K, capacity 5667K, committed 5676K, reserved 1048576K
}
2019-01-30T12:56:48.049+0600: 4805.622: Total time for which application threads were stopped: 0.0088639 seconds, Stopping threads took: 0.0000206 seconds
{Heap before GC invocations=19207 (full 20):
 par new generation   total 109248K, used 95416K [0x00000007a0000000, 0x00000007a8000000, 0x00000007a8000000)
  eden space 87424K, 100% used [0x00000007a0000000, 0x00000007a5560000, 0x00000007a5560000)
  from space 21824K,  36% used [0x00000007a6ab0000, 0x00000007a727e290, 0x00000007a8000000)
  to   space 21824K,   0% used [0x00000007a5560000, 0x00000007a5560000, 0x00000007a6ab0000)
 concurrent mark-sweep generation total 393216K, used 153329K [0x00000007a8000000, 0x00000007c0000000, 0x00000007c0000000)
 Metaspace       used 43672K, capacity 44920K, committed 45100K, reserved 1089536K
  class space    used 5354K, capacity 5667K, committed 5676K, reserved 1048576K
2019-01-30T12:56:48.244+0600: 4805.818: [GC (Allocation Failure) 2019-01-30T12:56:48.244+0600: 4805.818: [ParNew
Desired survivor size 20112992 bytes, new threshold 8 (max 8)
- age   1:   19181864 bytes,   19181864 total
- age   2:       1144 bytes,   19183008 total
- age   3:       1152 bytes,   19184160 total
- age   4:       1160 bytes,   19185320 total
- age   5:       1056 bytes,   19186376 total
- age   6:       1808 bytes,   19188184 total
: 95416K->19952K(109248K), 0.0172278 secs] 248745K->173281K(502464K), 0.0173265 secs] [Times: user=0.07 sys=0.00, real=0.02 secs] 
Heap after GC invocations=19208 (full 20):
 par new generation   total 109248K, used 19952K [0x00000007a0000000, 0x00000007a8000000, 0x00000007a8000000)
  eden space 87424K,   0% used [0x00000007a0000000, 0x00000007a0000000, 0x00000007a5560000)
  from space 21824K,  91% used [0x00000007a5560000, 0x00000007a68dc240, 0x00000007a6ab0000)
  to   space 21824K,   0% used [0x00000007a6ab0000, 0x00000007a6ab0000, 0x00000007a8000000)
 concurrent mark-sweep generation total 393216K, used 153329K [0x00000007a8000000, 0x00000007c0000000, 0x00000007c0000000)
 Metaspace       used 43672K, capacity 44920K, committed 45100K, reserved 1089536K
  class space    used 5354K, capacity 5667K, committed 5676K, reserved 1048576K
}
2019-01-30T12:56:48.262+0600: 4805.835: Total time for which application threads were stopped: 0.0175576 seconds, Stopping threads took: 0.0000228 seconds
{Heap before GC invocations=19208 (full 20):
 par new generation   total 109248K, used 106654K [0x00000007a0000000, 0x00000007a8000000, 0x00000007a8000000)
  eden space 87424K,  99% used [0x00000007a0000000, 0x00000007a54ab748, 0x00000007a5560000)
  from space 21824K,  91% used [0x00000007a5560000, 0x00000007a68dc240, 0x00000007a6ab0000)
  to   space 21824K,   0% used [0x00000007a6ab0000, 0x00000007a6ab0000, 0x00000007a8000000)
 concurrent mark-sweep generation total 393216K, used 153329K [0x00000007a8000000, 0x00000007c0000000, 0x00000007c0000000)
 Metaspace       used 43672K, capacity 44920K, committed 45100K, reserved 1089536K
  class space    used 5354K, capacity 5667K, committed 5676K, reserved 1048576K
2019-01-30T12:56:48.459+0600: 4806.033: [GC (Allocation Failure) 2019-01-30T12:56:48.459+0600: 4806.033: [ParNew
Desired survivor size 20112992 bytes, new threshold 8 (max 8)
- age   1:   14609120 bytes,   14609120 total
- age   2:        992 bytes,   14610112 total
- age   3:       1144 bytes,   14611256 total
- age   4:       1152 bytes,   14612408 total
- age   5:       1160 bytes,   14613568 total
- age   6:       1056 bytes,   14614624 total
- age   7:       1808 bytes,   14616432 total
: 106654K->21824K(109248K), 0.0147711 secs] 259983K->175153K(502464K), 0.0149154 secs] [Times: user=0.06 sys=0.00, real=0.02 secs] 
Heap after GC invocations=19209 (full 20):
 par new generation   total 109248K, used 21824K [0x00000007a0000000, 0x00000007a8000000, 0x00000007a8000000)
  eden space 87424K,   0% used [0x00000007a0000000, 0x00000007a0000000, 0x00000007a5560000)
  from space 21824K, 100% used [0x00000007a6ab0000, 0x00000007a8000000, 0x00000007a8000000)
  to   space 21824K,   0% used [0x00000007a5560000, 0x00000007a5560000, 0x00000007a6ab0000)
 concurrent mark-sweep generation total 393216K, used 153329K [0x00000007a8000000, 0x00000007c0000000, 0x00000007c0000000)
 Metaspace       used 43672K, capacity 44920K, committed 45100K, reserved 1089536K
  class space    used 5354K, capacity 5667K, committed 5676K, reserved 1048576K
}
2019-01-30T12:56:48.474+0600: 4806.048: Total time for which application threads were stopped: 0.0152721 seconds, Stopping threads took: 0.0000370 seconds
{Heap before GC invocations=19209 (full 20):
 par new generation   total 109248K, used 109248K [0x00000007a0000000, 0x00000007a8000000, 0x00000007a8000000)
  eden space 87424K, 100% used [0x00000007a0000000, 0x00000007a5560000, 0x00000007a5560000)
  from space 21824K, 100% used [0x00000007a6ab0000, 0x00000007a8000000, 0x00000007a8000000)
  to   space 21824K,   0% used [0x00000007a5560000, 0x00000007a5560000, 0x00000007a6ab0000)
 concurrent mark-sweep generation total 393216K, used 153329K [0x00000007a8000000, 0x00000007c0000000, 0x00000007c0000000)
 Metaspace       used 43672K, capacity 44920K, committed 45100K, reserved 1089536K
  class space    used 5354K, capacity 5667K, committed 5676K, reserved 1048576K
2019-01-30T12:56:48.681+0600: 4806.255: [GC (Allocation Failure) 2019-01-30T12:56:48.681+0600: 4806.255: [ParNew
Desired survivor size 20112992 bytes, new threshold 8 (max 8)
- age   1:   11078344 bytes,   11078344 total
- age   2:       1080 bytes,   11079424 total
- age   3:        992 bytes,   11080416 total
- age   4:       1144 bytes,   11081560 total
- age   5:       1152 bytes,   11082712 total
- age   6:       1160 bytes,   11083872 total
- age   7:       1056 bytes,   11084928 total
- age   8:       1808 bytes,   11086736 total
: 109248K->15601K(109248K), 0.0121073 secs] 262577K->168931K(502464K), 0.0122126 secs] [Times: user=0.05 sys=0.00, real=0.01 secs] 
Heap after GC invocations=19210 (full 20):
 par new generation   total 109248K, used 15601K [0x00000007a0000000, 0x00000007a8000000, 0x00000007a8000000)
  eden space 87424K,   0% used [0x00000007a0000000, 0x00000007a0000000, 0x00000007a5560000)
  from space 21824K,  71% used [0x00000007a5560000, 0x00000007a649c7e8, 0x00000007a6ab0000)
  to   space 21824K,   0% used [0x00000007a6ab0000, 0x00000007a6ab0000, 0x00000007a8000000)
 concurrent mark-sweep generation total 393216K, used 153329K [0x00000007a8000000, 0x00000007c0000000, 0x00000007c0000000)
 Metaspace       used 43672K, capacity 44920K, committed 45100K, reserved 1089536K
  class space    used 5354K, capacity 5667K, committed 5676K, reserved 1048576K
}
2019-01-30T12:56:48.694+0600: 4806.267: Total time for which application threads were stopped: 0.0124573 seconds, Stopping threads took: 0.0000236 seconds
{Heap before GC invocations=19210 (full 20):
 par new generation   total 109248K, used 103025K [0x00000007a0000000, 0x00000007a8000000, 0x00000007a8000000)
  eden space 87424K, 100% used [0x00000007a0000000, 0x00000007a5560000, 0x00000007a5560000)
  from space 21824K,  71% used [0x00000007a5560000, 0x00000007a649c7e8, 0x00000007a6ab0000)
  to   space 21824K,   0% used [0x00000007a6ab0000, 0x00000007a6ab0000, 0x00000007a8000000)
 concurrent mark-sweep generation total 393216K, used 153329K [0x00000007a8000000, 0x00000007c0000000, 0x00000007c0000000)
 Metaspace       used 43672K, capacity 44920K, committed 45100K, reserved 1089536K
  class space    used 5354K, capacity 5667K, committed 5676K, reserved 1048576K
2019-01-30T12:56:48.891+0600: 4806.465: [GC (Allocation Failure) 2019-01-30T12:56:48.891+0600: 4806.465: [ParNew
Desired survivor size 20112992 bytes, new threshold 8 (max 8)
- age   1:    7689968 bytes,    7689968 total
- age   2:       1136 bytes,    7691104 total
- age   3:       1080 bytes,    7692184 total
- age   4:        992 bytes,    7693176 total
- age   5:       1144 bytes,    7694320 total
- age   6:       1152 bytes,    7695472 total
- age   7:       1160 bytes,    7696632 total
- age   8:       1056 bytes,    7697688 total
: 103025K->10591K(109248K), 0.0101346 secs] 256355K->163922K(502464K), 0.0102298 secs] [Times: user=0.04 sys=0.00, real=0.01 secs] 
Heap after GC invocations=19211 (full 20):
 par new generation   total 109248K, used 10591K [0x00000007a0000000, 0x00000007a8000000, 0x00000007a8000000)
  eden space 87424K,   0% used [0x00000007a0000000, 0x00000007a0000000, 0x00000007a5560000)
  from space 21824K,  48% used [0x00000007a6ab0000, 0x00000007a7507f00, 0x00000007a8000000)
  to   space 21824K,   0% used [0x00000007a5560000, 0x00000007a5560000, 0x00000007a6ab0000)
 concurrent mark-sweep generation total 393216K, used 153331K [0x00000007a8000000, 0x00000007c0000000, 0x00000007c0000000)
 Metaspace       used 43672K, capacity 44920K, committed 45100K, reserved 1089536K
  class space    used 5354K, capacity 5667K, committed 5676K, reserved 1048576K
}
2019-01-30T12:56:48.902+0600: 4806.475: Total time for which application threads were stopped: 0.0104599 seconds, Stopping threads took: 0.0000234 seconds
{Heap before GC invocations=19211 (full 20):
 par new generation   total 109248K, used 98015K [0x00000007a0000000, 0x00000007a8000000, 0x00000007a8000000)
  eden space 87424K, 100% used [0x00000007a0000000, 0x00000007a5560000, 0x00000007a5560000)
  from space 21824K,  48% used [0x00000007a6ab0000, 0x00000007a7507f00, 0x00000007a8000000)
  to   space 21824K,   0% used [0x00000007a5560000, 0x00000007a5560000, 0x00000007a6ab0000)
 concurrent mark-sweep generation total 393216K, used 153331K [0x00000007a8000000, 0x00000007c0000000, 0x00000007c0000000)
 Metaspace       used 43672K, capacity 44920K, committed 45100K, reserved 1089536K
  class space    used 5354K, capacity 5667K, committed 5676K, reserved 1048576K
2019-01-30T12:56:49.106+0600: 4806.680: [GC (Allocation Failure) 2019-01-30T12:56:49.106+0600: 4806.680: [ParNew
Desired survivor size 20112992 bytes, new threshold 8 (max 8)
- age   1:    5886336 bytes,    5886336 total
- age   2:       1168 bytes,    5887504 total
- age   3:       1136 bytes,    5888640 total
- age   4:       1080 bytes,    5889720 total
- age   5:        992 bytes,    5890712 total
- age   6:       1144 bytes,    5891856 total
- age   7:       1152 bytes,    5893008 total
- age   8:       1160 bytes,    5894168 total
: 98015K->9309K(109248K), 0.0085754 secs] 251346K->162641K(502464K), 0.0086823 secs] [Times: user=0.03 sys=0.00, real=0.01 secs] 
Heap after GC invocations=19212 (full 20):
 par new generation   total 109248K, used 9309K [0x00000007a0000000, 0x00000007a8000000, 0x00000007a8000000)
  eden space 87424K,   0% used [0x00000007a0000000, 0x00000007a0000000, 0x00000007a5560000)
  from space 21824K,  42% used [0x00000007a5560000, 0x00000007a5e77790, 0x00000007a6ab0000)
  to   space 21824K,   0% used [0x00000007a6ab0000, 0x00000007a6ab0000, 0x00000007a8000000)
 concurrent mark-sweep generation total 393216K, used 153332K [0x00000007a8000000, 0x00000007c0000000, 0x00000007c0000000)
 Metaspace       used 43672K, capacity 44920K, committed 45100K, reserved 1089536K
  class space    used 5354K, capacity 5667K, committed 5676K, reserved 1048576K
}
2019-01-30T12:56:49.115+0600: 4806.689: Total time for which application threads were stopped: 0.0089056 seconds, Stopping threads took: 0.0000224 seconds
{Heap before GC invocations=19212 (full 20):
 par new generation   total 109248K, used 96733K [0x00000007a0000000, 0x00000007a8000000, 0x00000007a8000000)
  eden space 87424K, 100% used [0x00000007a0000000, 0x00000007a5560000, 0x00000007a5560000)
  from space 21824K,  42% used [0x00000007a5560000, 0x00000007a5e77790, 0x00000007a6ab0000)
  to   space 21824K,   0% used [0x00000007a6ab0000, 0x00000007a6ab0000, 0x00000007a8000000)
 concurrent mark-sweep generation total 393216K, used 153332K [0x00000007a8000000, 0x00000007c0000000, 0x00000007c0000000)
 Metaspace       used 43672K, capacity 44920K, committed 45100K, reserved 1089536K
  class space    used 5354K, capacity 5667K, committed 5676K, reserved 1048576K
2019-01-30T12:56:49.316+0600: 4806.890: [GC (Allocation Failure) 2019-01-30T12:56:49.316+0600: 4806.890: [ParNew
Desired survivor size 20112992 bytes, new threshold 1 (max 8)
- age   1:   21107496 bytes,   21107496 total
- age   2:       1152 bytes,   21108648 total
- age   3:       1168 bytes,   21109816 total
- age   4:       1136 bytes,   21110952 total
- age   5:       1080 bytes,   21112032 total
- age   6:        992 bytes,   21113024 total
- age   7:       1144 bytes,   21114168 total
- age   8:       1152 bytes,   21115320 total
: 96733K->21824K(109248K), 0.0187879 secs] 250065K->175157K(502464K), 0.0188792 secs] [Times: user=0.07 sys=0.00, real=0.02 secs] 
Heap after GC invocations=19213 (full 20):
 par new generation   total 109248K, used 21824K [0x00000007a0000000, 0x00000007a8000000, 0x00000007a8000000)
  eden space 87424K,   0% used [0x00000007a0000000, 0x00000007a0000000, 0x00000007a5560000)
  from space 21824K, 100% used [0x00000007a6ab0000, 0x00000007a8000000, 0x00000007a8000000)
  to   space 21824K,   0% used [0x00000007a5560000, 0x00000007a5560000, 0x00000007a6ab0000)
 concurrent mark-sweep generation total 393216K, used 153333K [0x00000007a8000000, 0x00000007c0000000, 0x00000007c0000000)
 Metaspace       used 43672K, capacity 44920K, committed 45100K, reserved 1089536K
  class space    used 5354K, capacity 5667K, committed 5676K, reserved 1048576K
}
2019-01-30T12:56:49.335+0600: 4806.909: Total time for which application threads were stopped: 0.0191023 seconds, Stopping threads took: 0.0000250 seconds
{Heap before GC invocations=19213 (full 20):
 par new generation   total 109248K, used 108255K [0x00000007a0000000, 0x00000007a8000000, 0x00000007a8000000)
  eden space 87424K,  98% used [0x00000007a0000000, 0x00000007a5467d08, 0x00000007a5560000)
  from space 21824K, 100% used [0x00000007a6ab0000, 0x00000007a8000000, 0x00000007a8000000)
  to   space 21824K,   0% used [0x00000007a5560000, 0x00000007a5560000, 0x00000007a6ab0000)
 concurrent mark-sweep generation total 393216K, used 153333K [0x00000007a8000000, 0x00000007c0000000, 0x00000007c0000000)
 Metaspace       used 43672K, capacity 44920K, committed 45100K, reserved 1089536K
  class space    used 5354K, capacity 5667K, committed 5676K, reserved 1048576K
2019-01-30T12:56:49.527+0600: 4807.100: [GC (Allocation Failure) 2019-01-30T12:56:49.527+0600: 4807.100: [ParNew
Desired survivor size 20112992 bytes, new threshold 8 (max 8)
- age   1:   15969736 bytes,   15969736 total
: 108255K->21824K(109248K), 0.0157417 secs] 261588K->175218K(502464K), 0.0158709 secs] [Times: user=0.06 sys=0.00, real=0.02 secs] 
Heap after GC invocations=19214 (full 20):
 par new generation   total 109248K, used 21824K [0x00000007a0000000, 0x00000007a8000000, 0x00000007a8000000)
  eden space 87424K,   0% used [0x00000007a0000000, 0x00000007a0000000, 0x00000007a5560000)
  from space 21824K, 100% used [0x00000007a5560000, 0x00000007a6ab0000, 0x00000007a6ab0000)
  to   space 21824K,   0% used [0x00000007a6ab0000, 0x00000007a6ab0000, 0x00000007a8000000)
 concurrent mark-sweep generation total 393216K, used 153394K [0x00000007a8000000, 0x00000007c0000000, 0x00000007c0000000)
 Metaspace       used 43672K, capacity 44920K, committed 45100K, reserved 1089536K
  class space    used 5354K, capacity 5667K, committed 5676K, reserved 1048576K
}
2019-01-30T12:56:49.543+0600: 4807.116: Total time for which application threads were stopped: 0.0161540 seconds, Stopping threads took: 0.0000285 seconds
{Heap before GC invocations=19214 (full 20):
 par new generation   total 109248K, used 109248K [0x00000007a0000000, 0x00000007a8000000, 0x00000007a8000000)
  eden space 87424K, 100% used [0x00000007a0000000, 0x00000007a5560000, 0x00000007a5560000)
  from space 21824K, 100% used [0x00000007a5560000, 0x00000007a6ab0000, 0x00000007a6ab0000)
  to   space 21824K,   0% used [0x00000007a6ab0000, 0x00000007a6ab0000, 0x00000007a8000000)
 concurrent mark-sweep generation total 393216K, used 153394K [0x00000007a8000000, 0x00000007c0000000, 0x00000007c0000000)
 Metaspace       used 43672K, capacity 44920K, committed 45100K, reserved 1089536K
  class space    used 5354K, capacity 5667K, committed 5676K, reserved 1048576K
2019-01-30T12:56:49.735+0600: 4807.308: [GC (Allocation Failure) 2019-01-30T12:56:49.735+0600: 4807.308: [ParNew
Desired survivor size 20112992 bytes, new threshold 8 (max 8)
- age   1:   12774128 bytes,   12774128 total
- age   2:       1912 bytes,   12776040 total
: 109248K->18170K(109248K), 0.0133582 secs] 262642K->171565K(502464K), 0.0134673 secs] [Times: user=0.05 sys=0.00, real=0.01 secs] 
Heap after GC invocations=19215 (full 20):
 par new generation   total 109248K, used 18170K [0x00000007a0000000, 0x00000007a8000000, 0x00000007a8000000)
  eden space 87424K,   0% used [0x00000007a0000000, 0x00000007a0000000, 0x00000007a5560000)
  from space 21824K,  83% used [0x00000007a6ab0000, 0x00000007a7c6ea40, 0x00000007a8000000)
  to   space 21824K,   0% used [0x00000007a5560000, 0x00000007a5560000, 0x00000007a6ab0000)
 concurrent mark-sweep generation total 393216K, used 153394K [0x00000007a8000000, 0x00000007c0000000, 0x00000007c0000000)
 Metaspace       used 43672K, capacity 44920K, committed 45100K, reserved 1089536K
  class space    used 5354K, capacity 5667K, committed 5676K, reserved 1048576K
}
2019-01-30T12:56:49.748+0600: 4807.322: Total time for which application threads were stopped: 0.0137125 seconds, Stopping threads took: 0.0000266 seconds
{Heap before GC invocations=19215 (full 20):
 par new generation   total 109248K, used 105594K [0x00000007a0000000, 0x00000007a8000000, 0x00000007a8000000)
  eden space 87424K, 100% used [0x00000007a0000000, 0x00000007a5560000, 0x00000007a5560000)
  from space 21824K,  83% used [0x00000007a6ab0000, 0x00000007a7c6ea40, 0x00000007a8000000)
  to   space 21824K,   0% used [0x00000007a5560000, 0x00000007a5560000, 0x00000007a6ab0000)
 concurrent mark-sweep generation total 393216K, used 153394K [0x00000007a8000000, 0x00000007c0000000, 0x00000007c0000000)
 Metaspace       used 43672K, capacity 44920K, committed 45100K, reserved 1089536K
  class space    used 5354K, capacity 5667K, committed 5676K, reserved 1048576K
2019-01-30T12:56:49.954+0600: 4807.527: [GC (Allocation Failure) 2019-01-30T12:56:49.954+0600: 4807.528: [ParNew
Desired survivor size 20112992 bytes, new threshold 8 (max 8)
- age   1:    9513736 bytes,    9513736 total
- age   2:       1008 bytes,    9514744 total
- age   3:       1912 bytes,    9516656 total
: 105594K->12162K(109248K), 0.0127466 secs] 258989K->165557K(502464K), 0.0129117 secs] [Times: user=0.04 sys=0.00, real=0.01 secs] 
Heap after GC invocations=19216 (full 20):
 par new generation   total 109248K, used 12162K [0x00000007a0000000, 0x00000007a8000000, 0x00000007a8000000)
  eden space 87424K,   0% used [0x00000007a0000000, 0x00000007a0000000, 0x00000007a5560000)
  from space 21824K,  55% used [0x00000007a5560000, 0x00000007a6140a38, 0x00000007a6ab0000)
  to   space 21824K,   0% used [0x00000007a6ab0000, 0x00000007a6ab0000, 0x00000007a8000000)
 concurrent mark-sweep generation total 393216K, used 153394K [0x00000007a8000000, 0x00000007c0000000, 0x00000007c0000000)
 Metaspace       used 43672K, capacity 44920K, committed 45100K, reserved 1089536K
  class space    used 5354K, capacity 5667K, committed 5676K, reserved 1048576K
}
2019-01-30T12:56:49.967+0600: 4807.541: Total time for which application threads were stopped: 0.0132620 seconds, Stopping threads took: 0.0000261 seconds
{Heap before GC invocations=19216 (full 20):
 par new generation   total 109248K, used 99586K [0x00000007a0000000, 0x00000007a8000000, 0x00000007a8000000)
  eden space 87424K, 100% used [0x00000007a0000000, 0x00000007a5560000, 0x00000007a5560000)
  from space 21824K,  55% used [0x00000007a5560000, 0x00000007a6140a38, 0x00000007a6ab0000)
  to   space 21824K,   0% used [0x00000007a6ab0000, 0x00000007a6ab0000, 0x00000007a8000000)
 concurrent mark-sweep generation total 393216K, used 153394K [0x00000007a8000000, 0x00000007c0000000, 0x00000007c0000000)
 Metaspace       used 43672K, capacity 44920K, committed 45100K, reserved 1089536K
  class space    used 5354K, capacity 5667K, committed 5676K, reserved 1048576K
2019-01-30T12:56:50.210+0600: 4807.783: [GC (Allocation Failure) 2019-01-30T12:56:50.210+0600: 4807.783: [ParNew
Desired survivor size 20112992 bytes, new threshold 8 (max 8)
- age   1:    5961632 bytes,    5961632 total
- age   2:       1120 bytes,    5962752 total
- age   3:       1008 bytes,    5963760 total
- age   4:       1912 bytes,    5965672 total
: 99586K->9139K(109248K), 0.0084790 secs] 252981K->162534K(502464K), 0.0085706 secs] [Times: user=0.03 sys=0.01, real=0.00 secs] 
Heap after GC invocations=19217 (full 20):
 par new generation   total 109248K, used 9139K [0x00000007a0000000, 0x00000007a8000000, 0x00000007a8000000)
  eden space 87424K,   0% used [0x00000007a0000000, 0x00000007a0000000, 0x00000007a5560000)
  from space 21824K,  41% used [0x00000007a6ab0000, 0x00000007a739ce28, 0x00000007a8000000)
  to   space 21824K,   0% used [0x00000007a5560000, 0x00000007a5560000, 0x00000007a6ab0000)
 concurrent mark-sweep generation total 393216K, used 153394K [0x00000007a8000000, 0x00000007c0000000, 0x00000007c0000000)
 Metaspace       used 43672K, capacity 44920K, committed 45100K, reserved 1089536K
  class space    used 5354K, capacity 5667K, committed 5676K, reserved 1048576K
}
2019-01-30T12:56:50.218+0600: 4807.792: Total time for which application threads were stopped: 0.0088010 seconds, Stopping threads took: 0.0000218 seconds
{Heap before GC invocations=19217 (full 20):
 par new generation   total 109248K, used 96563K [0x00000007a0000000, 0x00000007a8000000, 0x00000007a8000000)
  eden space 87424K, 100% used [0x00000007a0000000, 0x00000007a5560000, 0x00000007a5560000)
  from space 21824K,  41% used [0x00000007a6ab0000, 0x00000007a739ce28, 0x00000007a8000000)
  to   space 21824K,   0% used [0x00000007a5560000, 0x00000007a5560000, 0x00000007a6ab0000)
 concurrent mark-sweep generation total 393216K, used 153394K [0x00000007a8000000, 0x00000007c0000000, 0x00000007c0000000)
 Metaspace       used 43672K, capacity 44920K, committed 45100K, reserved 1089536K
  class space    used 5354K, capacity 5667K, committed 5676K, reserved 1048576K
2019-01-30T12:56:50.429+0600: 4808.002: [GC (Allocation Failure) 2019-01-30T12:56:50.429+0600: 4808.002: [ParNew
Desired survivor size 20112992 bytes, new threshold 8 (max 8)
- age   1:    5881160 bytes,    5881160 total
- age   2:       1128 bytes,    5882288 total
- age   3:       1120 bytes,    5883408 total
- age   4:       1008 bytes,    5884416 total
- age   5:       1912 bytes,    5886328 total
: 96563K->7238K(109248K), 0.0082223 secs] 249958K->160633K(502464K), 0.0083364 secs] [Times: user=0.03 sys=0.00, real=0.01 secs] 
Heap after GC invocations=19218 (full 20):
 par new generation   total 109248K, used 7238K [0x00000007a0000000, 0x00000007a8000000, 0x00000007a8000000)
  eden space 87424K,   0% used [0x00000007a0000000, 0x00000007a0000000, 0x00000007a5560000)
  from space 21824K,  33% used [0x00000007a5560000, 0x00000007a5c71b30, 0x00000007a6ab0000)
  to   space 21824K,   0% used [0x00000007a6ab0000, 0x00000007a6ab0000, 0x00000007a8000000)
 concurrent mark-sweep generation total 393216K, used 153394K [0x00000007a8000000, 0x00000007c0000000, 0x00000007c0000000)
 Metaspace       used 43672K, capacity 44920K, committed 45100K, reserved 1089536K
  class space    used 5354K, capacity 5667K, committed 5676K, reserved 1048576K
}
2019-01-30T12:56:50.437+0600: 4808.010: Total time for which application threads were stopped: 0.0085724 seconds, Stopping threads took: 0.0000202 seconds
{Heap before GC invocations=19218 (full 20):
 par new generation   total 109248K, used 94662K [0x00000007a0000000, 0x00000007a8000000, 0x00000007a8000000)
  eden space 87424K, 100% used [0x00000007a0000000, 0x00000007a5560000, 0x00000007a5560000)
  from space 21824K,  33% used [0x00000007a5560000, 0x00000007a5c71b30, 0x00000007a6ab0000)
  to   space 21824K,   0% used [0x00000007a6ab0000, 0x00000007a6ab0000, 0x00000007a8000000)
 concurrent mark-sweep generation total 393216K, used 153394K [0x00000007a8000000, 0x00000007c0000000, 0x00000007c0000000)
 Metaspace       used 43672K, capacity 44920K, committed 45100K, reserved 1089536K
  class space    used 5354K, capacity 5667K, committed 5676K, reserved 1048576K
2019-01-30T12:56:50.629+0600: 4808.203: [GC (Allocation Failure) 2019-01-30T12:56:50.629+0600: 4808.203: [ParNew
Desired survivor size 20112992 bytes, new threshold 8 (max 8)
- age   1:   19156360 bytes,   19156360 total
- age   2:       1160 bytes,   19157520 total
- age   3:       1128 bytes,   19158648 total
- age   4:       1120 bytes,   19159768 total
- age   5:       1008 bytes,   19160776 total
- age   6:       1912 bytes,   19162688 total
: 94662K->19484K(109248K), 0.0172934 secs] 248057K->172879K(502464K), 0.0173908 secs] [Times: user=0.06 sys=0.01, real=0.02 secs] 
Heap after GC invocations=19219 (full 20):
 par new generation   total 109248K, used 19484K [0x00000007a0000000, 0x00000007a8000000, 0x00000007a8000000)
  eden space 87424K,   0% used [0x00000007a0000000, 0x00000007a0000000, 0x00000007a5560000)
  from space 21824K,  89% used [0x00000007a6ab0000, 0x00000007a7db7228, 0x00000007a8000000)
  to   space 21824K,   0% used [0x00000007a5560000, 0x00000007a5560000, 0x00000007a6ab0000)
 concurrent mark-sweep generation total 393216K, used 153394K [0x00000007a8000000, 0x00000007c0000000, 0x00000007c0000000)
 Metaspace       used 43672K, capacity 44920K, committed 45100K, reserved 1089536K
  class space    used 5354K, capacity 5667K, committed 5676K, reserved 1048576K
}
2019-01-30T12:56:50.647+0600: 4808.220: Total time for which application threads were stopped: 0.0176109 seconds, Stopping threads took: 0.0000225 seconds
{Heap before GC invocations=19219 (full 20):
 par new generation   total 109248K, used 106908K [0x00000007a0000000, 0x00000007a8000000, 0x00000007a8000000)
  eden space 87424K, 100% used [0x00000007a0000000, 0x00000007a5560000, 0x00000007a5560000)
  from space 21824K,  89% used [0x00000007a6ab0000, 0x00000007a7db7228, 0x00000007a8000000)
  to   space 21824K,   0% used [0x00000007a5560000, 0x00000007a5560000, 0x00000007a6ab0000)
 concurrent mark-sweep generation total 393216K, used 153394K [0x00000007a8000000, 0x00000007c0000000, 0x00000007c0000000)
 Metaspace       used 43672K, capacity 44920K, committed 45100K, reserved 1089536K
  class space    used 5354K, capacity 5667K, committed 5676K, reserved 1048576K
2019-01-30T12:56:50.851+0600: 4808.425: [GC (Allocation Failure) 2019-01-30T12:56:50.851+0600: 4808.425: [ParNew
Desired survivor size 20112992 bytes, new threshold 8 (max 8)
- age   1:   14609296 bytes,   14609296 total
- age   2:        984 bytes,   14610280 total
- age   3:       1160 bytes,   14611440 total
- age   4:       1128 bytes,   14612568 total
- age   5:       1120 bytes,   14613688 total
- age   6:       1008 bytes,   14614696 total
- age   7:       1912 bytes,   14616608 total
: 106908K->21824K(109248K), 0.0156955 secs] 260303K->175218K(502464K), 0.0158387 secs] [Times: user=0.05 sys=0.00, real=0.01 secs] 
Heap after GC invocations=19220 (full 20):
 par new generation   total 109248K, used 21824K [0x00000007a0000000, 0x00000007a8000000, 0x00000007a8000000)
  eden space 87424K,   0% used [0x00000007a0000000, 0x00000007a0000000, 0x00000007a5560000)
  from space 21824K, 100% used [0x00000007a5560000, 0x00000007a6ab0000, 0x00000007a6ab0000)
  to   space 21824K,   0% used [0x00000007a6ab0000, 0x00000007a6ab0000, 0x00000007a8000000)
 concurrent mark-sweep generation total 393216K, used 153394K [0x00000007a8000000, 0x00000007c0000000, 0x00000007c0000000)
 Metaspace       used 43672K, capacity 44920K, committed 45100K, reserved 1089536K
  class space    used 5354K, capacity 5667K, committed 5676K, reserved 1048576K
}
2019-01-30T12:56:50.867+0600: 4808.441: Total time for which application threads were stopped: 0.0161514 seconds, Stopping threads took: 0.0000211 seconds
{Heap before GC invocations=19220 (full 20):
 par new generation   total 109248K, used 109248K [0x00000007a0000000, 0x00000007a8000000, 0x00000007a8000000)
  eden space 87424K, 100% used [0x00000007a0000000, 0x00000007a5560000, 0x00000007a5560000)
  from space 21824K, 100% used [0x00000007a5560000, 0x00000007a6ab0000, 0x00000007a6ab0000)
  to   space 21824K,   0% used [0x00000007a6ab0000, 0x00000007a6ab0000, 0x00000007a8000000)
 concurrent mark-sweep generation total 393216K, used 153394K [0x00000007a8000000, 0x00000007c0000000, 0x00000007c0000000)
 Metaspace       used 43672K, capacity 44920K, committed 45100K, reserved 1089536K
  class space    used 5354K, capacity 5667K, committed 5676K, reserved 1048576K
2019-01-30T12:56:51.067+0600: 4808.641: [GC (Allocation Failure) 2019-01-30T12:56:51.067+0600: 4808.641: [ParNew
Desired survivor size 20112992 bytes, new threshold 8 (max 8)
- age   1:   11083704 bytes,   11083704 total
- age   2:       1088 bytes,   11084792 total
- age   3:        984 bytes,   11085776 total
- age   4:       1160 bytes,   11086936 total
- age   5:       1128 bytes,   11088064 total
- age   6:       1120 bytes,   11089184 total
- age   7:       1008 bytes,   11090192 total
- age   8:       1912 bytes,   11092104 total
: 109248K->14542K(109248K), 0.0119857 secs] 262642K->167936K(502464K), 0.0120834 secs] [Times: user=0.05 sys=0.00, real=0.01 secs] 
Heap after GC invocations=19221 (full 20):
 par new generation   total 109248K, used 14542K [0x00000007a0000000, 0x00000007a8000000, 0x00000007a8000000)
  eden space 87424K,   0% used [0x00000007a0000000, 0x00000007a0000000, 0x00000007a5560000)
  from space 21824K,  66% used [0x00000007a6ab0000, 0x00000007a78e38b0, 0x00000007a8000000)
  to   space 21824K,   0% used [0x00000007a5560000, 0x00000007a5560000, 0x00000007a6ab0000)
 concurrent mark-sweep generation total 393216K, used 153394K [0x00000007a8000000, 0x00000007c0000000, 0x00000007c0000000)
 Metaspace       used 43672K, capacity 44920K, committed 45100K, reserved 1089536K
  class space    used 5354K, capacity 5667K, committed 5676K, reserved 1048576K
}
2019-01-30T12:56:51.079+0600: 4808.653: Total time for which application threads were stopped: 0.0123109 seconds, Stopping threads took: 0.0000218 seconds
{Heap before GC invocations=19221 (full 20):
 par new generation   total 109248K, used 101966K [0x00000007a0000000, 0x00000007a8000000, 0x00000007a8000000)
  eden space 87424K, 100% used [0x00000007a0000000, 0x00000007a5560000, 0x00000007a5560000)
  from space 21824K,  66% used [0x00000007a6ab0000, 0x00000007a78e38b0, 0x00000007a8000000)
  to   space 21824K,   0% used [0x00000007a5560000, 0x00000007a5560000, 0x00000007a6ab0000)
 concurrent mark-sweep generation total 393216K, used 153394K [0x00000007a8000000, 0x00000007c0000000, 0x00000007c0000000)
 Metaspace       used 43672K, capacity 44920K, committed 45100K, reserved 1089536K
  class space    used 5354K, capacity 5667K, committed 5676K, reserved 1048576K
2019-01-30T12:56:51.274+0600: 4808.848: [GC (Allocation Failure) 2019-01-30T12:56:51.274+0600: 4808.848: [ParNew
Desired survivor size 20112992 bytes, new threshold 8 (max 8)
- age   1:    7690136 bytes,    7690136 total
- age   2:       1176 bytes,    7691312 total
- age   3:       1088 bytes,    7692400 total
- age   4:        984 bytes,    7693384 total
- age   5:       1160 bytes,    7694544 total
- age   6:       1128 bytes,    7695672 total
- age   7:       1120 bytes,    7696792 total
- age   8:       1008 bytes,    7697800 total
: 101966K->11355K(109248K), 0.0100458 secs] 255360K->164752K(502464K), 0.0101587 secs] [Times: user=0.04 sys=0.00, real=0.01 secs] 
Heap after GC invocations=19222 (full 20):
 par new generation   total 109248K, used 11355K [0x00000007a0000000, 0x00000007a8000000, 0x00000007a8000000)
  eden space 87424K,   0% used [0x00000007a0000000, 0x00000007a0000000, 0x00000007a5560000)
  from space 21824K,  52% used [0x00000007a5560000, 0x00000007a6076ec0, 0x00000007a6ab0000)
  to   space 21824K,   0% used [0x00000007a6ab0000, 0x00000007a6ab0000, 0x00000007a8000000)
 concurrent mark-sweep generation total 393216K, used 153396K [0x00000007a8000000, 0x00000007c0000000, 0x00000007c0000000)
 Metaspace       used 43672K, capacity 44920K, committed 45100K, reserved 1089536K
  class space    used 5354K, capacity 5667K, committed 5676K, reserved 1048576K
}
2019-01-30T12:56:51.285+0600: 4808.858: Total time for which application threads were stopped: 0.0103908 seconds, Stopping threads took: 0.0000235 seconds
{Heap before GC invocations=19222 (full 20):
 par new generation   total 109248K, used 98779K [0x00000007a0000000, 0x00000007a8000000, 0x00000007a8000000)
  eden space 87424K, 100% used [0x00000007a0000000, 0x00000007a5560000, 0x00000007a5560000)
  from space 21824K,  52% used [0x00000007a5560000, 0x00000007a6076ec0, 0x00000007a6ab0000)
  to   space 21824K,   0% used [0x00000007a6ab0000, 0x00000007a6ab0000, 0x00000007a8000000)
 concurrent mark-sweep generation total 393216K, used 153396K [0x00000007a8000000, 0x00000007c0000000, 0x00000007c0000000)
 Metaspace       used 43672K, capacity 44920K, committed 45100K, reserved 1089536K
  class space    used 5354K, capacity 5667K, committed 5676K, reserved 1048576K
2019-01-30T12:56:51.482+0600: 4809.055: [GC (Allocation Failure) 2019-01-30T12:56:51.482+0600: 4809.055: [ParNew
Desired survivor size 20112992 bytes, new threshold 8 (max 8)
- age   1:    5886376 bytes,    5886376 total
- age   2:       1168 bytes,    5887544 total
- age   3:       1176 bytes,    5888720 total
- age   4:       1088 bytes,    5889808 total
- age   5:        984 bytes,    5890792 total
- age   6:       1160 bytes,    5891952 total
- age   7:       1128 bytes,    5893080 total
- age   8:       1120 bytes,    5894200 total
: 98779K->7621K(109248K), 0.0085759 secs] 252176K->161019K(502464K), 0.0086626 secs] [Times: user=0.03 sys=0.00, real=0.01 secs] 
Heap after GC invocations=19223 (full 20):
 par new generation   total 109248K, used 7621K [0x00000007a0000000, 0x00000007a8000000, 0x00000007a8000000)
  eden space 87424K,   0% used [0x00000007a0000000, 0x00000007a0000000, 0x00000007a5560000)
  from space 21824K,  34% used [0x00000007a6ab0000, 0x00000007a7221690, 0x00000007a8000000)
  to   space 21824K,   0% used [0x00000007a5560000, 0x00000007a5560000, 0x00000007a6ab0000)
 concurrent mark-sweep generation total 393216K, used 153397K [0x00000007a8000000, 0x00000007c0000000, 0x00000007c0000000)
 Metaspace       used 43672K, capacity 44920K, committed 45100K, reserved 1089536K
  class space    used 5354K, capacity 5667K, committed 5676K, reserved 1048576K
}
2019-01-30T12:56:51.491+0600: 4809.064: Total time for which application threads were stopped: 0.0088916 seconds, Stopping threads took: 0.0000222 seconds
{Heap before GC invocations=19223 (full 20):
 par new generation   total 109248K, used 95045K [0x00000007a0000000, 0x00000007a8000000, 0x00000007a8000000)
  eden space 87424K, 100% used [0x00000007a0000000, 0x00000007a5560000, 0x00000007a5560000)
  from space 21824K,  34% used [0x00000007a6ab0000, 0x00000007a7221690, 0x00000007a8000000)
  to   space 21824K,   0% used [0x00000007a5560000, 0x00000007a5560000, 0x00000007a6ab0000)
 concurrent mark-sweep generation total 393216K, used 153397K [0x00000007a8000000, 0x00000007c0000000, 0x00000007c0000000)
 Metaspace       used 43672K, capacity 44920K, committed 45100K, reserved 1089536K
  class space    used 5354K, capacity 5667K, committed 5676K, reserved 1048576K
2019-01-30T12:56:51.690+0600: 4809.264: [GC (Allocation Failure) 2019-01-30T12:56:51.690+0600: 4809.264: [ParNew
Desired survivor size 20112992 bytes, new threshold 1 (max 8)
- age   1:   21107704 bytes,   21107704 total
- age   2:       1104 bytes,   21108808 total
- age   3:       1168 bytes,   21109976 total
- age   4:       1176 bytes,   21111152 total
- age   5:       1088 bytes,   21112240 total
- age   6:        984 bytes,   21113224 total
- age   7:       1160 bytes,   21114384 total
- age   8:       1128 bytes,   21115512 total
: 95045K->21824K(109248K), 0.0185766 secs] 248443K->175222K(502464K), 0.0186906 secs] [Times: user=0.07 sys=0.00, real=0.01 secs] 
Heap after GC invocations=19224 (full 20):
 par new generation   total 109248K, used 21824K [0x00000007a0000000, 0x00000007a8000000, 0x00000007a8000000)
  eden space 87424K,   0% used [0x00000007a0000000, 0x00000007a0000000, 0x00000007a5560000)
  from space 21824K, 100% used [0x00000007a5560000, 0x00000007a6ab0000, 0x00000007a6ab0000)
  to   space 21824K,   0% used [0x00000007a6ab0000, 0x00000007a6ab0000, 0x00000007a8000000)
 concurrent mark-sweep generation total 393216K, used 153398K [0x00000007a8000000, 0x00000007c0000000, 0x00000007c0000000)
 Metaspace       used 43672K, capacity 44920K, committed 45100K, reserved 1089536K
  class space    used 5354K, capacity 5667K, committed 5676K, reserved 1048576K
}
2019-01-30T12:56:51.709+0600: 4809.282: Total time for which application threads were stopped: 0.0189196 seconds, Stopping threads took: 0.0000239 seconds
{Heap before GC invocations=19224 (full 20):
 par new generation   total 109248K, used 108273K [0x00000007a0000000, 0x00000007a8000000, 0x00000007a8000000)
  eden space 87424K,  98% used [0x00000007a0000000, 0x00000007a546c660, 0x00000007a5560000)
  from space 21824K, 100% used [0x00000007a5560000, 0x00000007a6ab0000, 0x00000007a6ab0000)
  to   space 21824K,   0% used [0x00000007a6ab0000, 0x00000007a6ab0000, 0x00000007a8000000)
 concurrent mark-sweep generation total 393216K, used 153398K [0x00000007a8000000, 0x00000007c0000000, 0x00000007c0000000)
 Metaspace       used 43672K, capacity 44920K, committed 45100K, reserved 1089536K
  class space    used 5354K, capacity 5667K, committed 5676K, reserved 1048576K
2019-01-30T12:56:51.897+0600: 4809.470: [GC (Allocation Failure) 2019-01-30T12:56:51.897+0600: 4809.470: [ParNew
Desired survivor size 20112992 bytes, new threshold 8 (max 8)
- age   1:   16023704 bytes,   16023704 total
: 108273K->21824K(109248K), 0.0155036 secs] 261672K->175231K(502464K), 0.0155989 secs] [Times: user=0.05 sys=0.00, real=0.02 secs] 
Heap after GC invocations=19225 (full 20):
 par new generation   total 109248K, used 21824K [0x00000007a0000000, 0x00000007a8000000, 0x00000007a8000000)
  eden space 87424K,   0% used [0x00000007a0000000, 0x00000007a0000000, 0x00000007a5560000)
  from space 21824K, 100% used [0x00000007a6ab0000, 0x00000007a8000000, 0x00000007a8000000)
  to   space 21824K,   0% used [0x00000007a5560000, 0x00000007a5560000, 0x00000007a6ab0000)
 concurrent mark-sweep generation total 393216K, used 153407K [0x00000007a8000000, 0x00000007c0000000, 0x00000007c0000000)
 Metaspace       used 43672K, capacity 44920K, committed 45100K, reserved 1089536K
  class space    used 5354K, capacity 5667K, committed 5676K, reserved 1048576K
}
2019-01-30T12:56:51.912+0600: 4809.486: Total time for which application threads were stopped: 0.0158240 seconds, Stopping threads took: 0.0000253 seconds
{Heap before GC invocations=19225 (full 20):
 par new generation   total 109248K, used 109248K [0x00000007a0000000, 0x00000007a8000000, 0x00000007a8000000)
  eden space 87424K, 100% used [0x00000007a0000000, 0x00000007a5560000, 0x00000007a5560000)
  from space 21824K, 100% used [0x00000007a6ab0000, 0x00000007a8000000, 0x00000007a8000000)
  to   space 21824K,   0% used [0x00000007a5560000, 0x00000007a5560000, 0x00000007a6ab0000)
 concurrent mark-sweep generation total 393216K, used 153407K [0x00000007a8000000, 0x00000007c0000000, 0x00000007c0000000)
 Metaspace       used 43672K, capacity 44920K, committed 45100K, reserved 1089536K
  class space    used 5354K, capacity 5667K, committed 5676K, reserved 1048576K
2019-01-30T12:56:52.177+0600: 4809.751: [GC (Allocation Failure) 2019-01-30T12:56:52.178+0600: 4809.751: [ParNew
Desired survivor size 20112992 bytes, new threshold 8 (max 8)
- age   1:   12774304 bytes,   12774304 total
- age   2:        960 bytes,   12775264 total
: 109248K->15975K(109248K), 0.0156971 secs] 262655K->169383K(502464K), 0.0158095 secs] [Times: user=0.05 sys=0.00, real=0.02 secs] 
Heap after GC invocations=19226 (full 20):
 par new generation   total 109248K, used 15975K [0x00000007a0000000, 0x00000007a8000000, 0x00000007a8000000)
  eden space 87424K,   0% used [0x00000007a0000000, 0x00000007a0000000, 0x00000007a5560000)
  from space 21824K,  73% used [0x00000007a5560000, 0x00000007a64f9e20, 0x00000007a6ab0000)
  to   space 21824K,   0% used [0x00000007a6ab0000, 0x00000007a6ab0000, 0x00000007a8000000)
 concurrent mark-sweep generation total 393216K, used 153407K [0x00000007a8000000, 0x00000007c0000000, 0x00000007c0000000)
 Metaspace       used 43672K, capacity 44920K, committed 45100K, reserved 1089536K
  class space    used 5354K, capacity 5667K, committed 5676K, reserved 1048576K
}
2019-01-30T12:56:52.193+0600: 4809.767: Total time for which application threads were stopped: 0.0160446 seconds, Stopping threads took: 0.0000265 seconds
{Heap before GC invocations=19226 (full 20):
 par new generation   total 109248K, used 103399K [0x00000007a0000000, 0x00000007a8000000, 0x00000007a8000000)
  eden space 87424K, 100% used [0x00000007a0000000, 0x00000007a5560000, 0x00000007a5560000)
  from space 21824K,  73% used [0x00000007a5560000, 0x00000007a64f9e20, 0x00000007a6ab0000)
  to   space 21824K,   0% used [0x00000007a6ab0000, 0x00000007a6ab0000, 0x00000007a8000000)
 concurrent mark-sweep generation total 393216K, used 153407K [0x00000007a8000000, 0x00000007c0000000, 0x00000007c0000000)
 Metaspace       used 43672K, capacity 44920K, committed 45100K, reserved 1089536K
  class space    used 5354K, capacity 5667K, committed 5676K, reserved 1048576K
2019-01-30T12:56:52.423+0600: 4809.996: [GC (Allocation Failure) 2019-01-30T12:56:52.423+0600: 4809.997: [ParNew
Desired survivor size 20112992 bytes, new threshold 8 (max 8)
- age   1:    9505512 bytes,    9505512 total
- age   2:       1016 bytes,    9506528 total
- age   3:        960 bytes,    9507488 total
: 103399K->11639K(109248K), 0.0121434 secs] 256807K->165046K(502464K), 0.0122722 secs] [Times: user=0.04 sys=0.00, real=0.01 secs] 
Heap after GC invocations=19227 (full 20):
 par new generation   total 109248K, used 11639K [0x00000007a0000000, 0x00000007a8000000, 0x00000007a8000000)
  eden space 87424K,   0% used [0x00000007a0000000, 0x00000007a0000000, 0x00000007a5560000)
  from space 21824K,  53% used [0x00000007a6ab0000, 0x00000007a760dc80, 0x00000007a8000000)
  to   space 21824K,   0% used [0x00000007a5560000, 0x00000007a5560000, 0x00000007a6ab0000)
 concurrent mark-sweep generation total 393216K, used 153407K [0x00000007a8000000, 0x00000007c0000000, 0x00000007c0000000)
 Metaspace       used 43672K, capacity 44920K, committed 45100K, reserved 1089536K
  class space    used 5354K, capacity 5667K, committed 5676K, reserved 1048576K
}
2019-01-30T12:56:52.435+0600: 4810.009: Total time for which application threads were stopped: 0.0125888 seconds, Stopping threads took: 0.0000352 seconds
{Heap before GC invocations=19227 (full 20):
 par new generation   total 109248K, used 99063K [0x00000007a0000000, 0x00000007a8000000, 0x00000007a8000000)
  eden space 87424K, 100% used [0x00000007a0000000, 0x00000007a5560000, 0x00000007a5560000)
  from space 21824K,  53% used [0x00000007a6ab0000, 0x00000007a760dc80, 0x00000007a8000000)
  to   space 21824K,   0% used [0x00000007a5560000, 0x00000007a5560000, 0x00000007a6ab0000)
 concurrent mark-sweep generation total 393216K, used 153407K [0x00000007a8000000, 0x00000007c0000000, 0x00000007c0000000)
 Metaspace       used 43672K, capacity 44920K, committed 45100K, reserved 1089536K
  class space    used 5354K, capacity 5667K, committed 5676K, reserved 1048576K
2019-01-30T12:56:52.631+0600: 4810.204: [GC (Allocation Failure) 2019-01-30T12:56:52.631+0600: 4810.204: [ParNew
Desired survivor size 20112992 bytes, new threshold 8 (max 8)
- age   1:    5950224 bytes,    5950224 total
- age   2:       1144 bytes,    5951368 total
- age   3:       1016 bytes,    5952384 total
- age   4:        960 bytes,    5953344 total
: 99063K->9873K(109248K), 0.0084263 secs] 252470K->163280K(502464K), 0.0085349 secs] [Times: user=0.03 sys=0.00, real=0.01 secs] 
Heap after GC invocations=19228 (full 20):
 par new generation   total 109248K, used 9873K [0x00000007a0000000, 0x00000007a8000000, 0x00000007a8000000)
  eden space 87424K,   0% used [0x00000007a0000000, 0x00000007a0000000, 0x00000007a5560000)
  from space 21824K,  45% used [0x00000007a5560000, 0x00000007a5f04540, 0x00000007a6ab0000)
  to   space 21824K,   0% used [0x00000007a6ab0000, 0x00000007a6ab0000, 0x00000007a8000000)
 concurrent mark-sweep generation total 393216K, used 153407K [0x00000007a8000000, 0x00000007c0000000, 0x00000007c0000000)
 Metaspace       used 43672K, capacity 44920K, committed 45100K, reserved 1089536K
  class space    used 5354K, capacity 5667K, committed 5676K, reserved 1048576K
}
2019-01-30T12:56:52.640+0600: 4810.213: Total time for which application threads were stopped: 0.0087641 seconds, Stopping threads took: 0.0000218 seconds
{Heap before GC invocations=19228 (full 20):
 par new generation   total 109248K, used 97297K [0x00000007a0000000, 0x00000007a8000000, 0x00000007a8000000)
  eden space 87424K, 100% used [0x00000007a0000000, 0x00000007a5560000, 0x00000007a5560000)
  from space 21824K,  45% used [0x00000007a5560000, 0x00000007a5f04540, 0x00000007a6ab0000)
  to   space 21824K,   0% used [0x00000007a6ab0000, 0x00000007a6ab0000, 0x00000007a8000000)
 concurrent mark-sweep generation total 393216K, used 153407K [0x00000007a8000000, 0x00000007c0000000, 0x00000007c0000000)
 Metaspace       used 43672K, capacity 44920K, committed 45100K, reserved 1089536K
  class space    used 5354K, capacity 5667K, committed 5676K, reserved 1048576K
2019-01-30T12:56:52.840+0600: 4810.413: [GC (Allocation Failure) 2019-01-30T12:56:52.840+0600: 4810.413: [ParNew
Desired survivor size 20112992 bytes, new threshold 8 (max 8)
- age   1:    5880936 bytes,    5880936 total
- age   2:       1136 bytes,    5882072 total
- age   3:       1144 bytes,    5883216 total
- age   4:       1016 bytes,    5884232 total
- age   5:        960 bytes,    5885192 total
: 97297K->8867K(109248K), 0.0084106 secs] 250704K->162275K(502464K), 0.0085095 secs] [Times: user=0.03 sys=0.00, real=0.00 secs] 
Heap after GC invocations=19229 (full 20):
 par new generation   total 109248K, used 8867K [0x00000007a0000000, 0x00000007a8000000, 0x00000007a8000000)
  eden space 87424K,   0% used [0x00000007a0000000, 0x00000007a0000000, 0x00000007a5560000)
  from space 21824K,  40% used [0x00000007a6ab0000, 0x00000007a7358e50, 0x00000007a8000000)
  to   space 21824K,   0% used [0x00000007a5560000, 0x00000007a5560000, 0x00000007a6ab0000)
 concurrent mark-sweep generation total 393216K, used 153407K [0x00000007a8000000, 0x00000007c0000000, 0x00000007c0000000)
 Metaspace       used 43672K, capacity 44920K, committed 45100K, reserved 1089536K
  class space    used 5354K, capacity 5667K, committed 5676K, reserved 1048576K
}
2019-01-30T12:56:52.848+0600: 4810.422: Total time for which application threads were stopped: 0.0087537 seconds, Stopping threads took: 0.0000245 seconds
{Heap before GC invocations=19229 (full 20):
 par new generation   total 109248K, used 96291K [0x00000007a0000000, 0x00000007a8000000, 0x00000007a8000000)
  eden space 87424K, 100% used [0x00000007a0000000, 0x00000007a5560000, 0x00000007a5560000)
  from space 21824K,  40% used [0x00000007a6ab0000, 0x00000007a7358e50, 0x00000007a8000000)
  to   space 21824K,   0% used [0x00000007a5560000, 0x00000007a5560000, 0x00000007a6ab0000)
 concurrent mark-sweep generation total 393216K, used 153407K [0x00000007a8000000, 0x00000007c0000000, 0x00000007c0000000)
 Metaspace       used 43672K, capacity 44920K, committed 45100K, reserved 1089536K
  class space    used 5354K, capacity 5667K, committed 5676K, reserved 1048576K
2019-01-30T12:56:53.049+0600: 4810.622: [GC (Allocation Failure) 2019-01-30T12:56:53.049+0600: 4810.622: [ParNew
Desired survivor size 20112992 bytes, new threshold 8 (max 8)
- age   1:   19159904 bytes,   19159904 total
- age   2:       1168 bytes,   19161072 total
- age   3:       1136 bytes,   19162208 total
- age   4:       1144 bytes,   19163352 total
- age   5:       1016 bytes,   19164368 total
- age   6:        960 bytes,   19165328 total
: 96291K->20305K(109248K), 0.0194551 secs] 249699K->173713K(502464K), 0.0195866 secs] [Times: user=0.06 sys=0.00, real=0.02 secs] 
Heap after GC invocations=19230 (full 20):
 par new generation   total 109248K, used 20305K [0x00000007a0000000, 0x00000007a8000000, 0x00000007a8000000)
  eden space 87424K,   0% used [0x00000007a0000000, 0x00000007a0000000, 0x00000007a5560000)
  from space 21824K,  93% used [0x00000007a5560000, 0x00000007a69345c0, 0x00000007a6ab0000)
  to   space 21824K,   0% used [0x00000007a6ab0000, 0x00000007a6ab0000, 0x00000007a8000000)
 concurrent mark-sweep generation total 393216K, used 153407K [0x00000007a8000000, 0x00000007c0000000, 0x00000007c0000000)
 Metaspace       used 43672K, capacity 44920K, committed 45100K, reserved 1089536K
  class space    used 5354K, capacity 5667K, committed 5676K, reserved 1048576K
}
2019-01-30T12:56:53.069+0600: 4810.642: Total time for which application threads were stopped: 0.0198797 seconds, Stopping threads took: 0.0000210 seconds
{Heap before GC invocations=19230 (full 20):
 par new generation   total 109248K, used 107046K [0x00000007a0000000, 0x00000007a8000000, 0x00000007a8000000)
  eden space 87424K,  99% used [0x00000007a0000000, 0x00000007a54b5490, 0x00000007a5560000)
  from space 21824K,  93% used [0x00000007a5560000, 0x00000007a69345c0, 0x00000007a6ab0000)
  to   space 21824K,   0% used [0x00000007a6ab0000, 0x00000007a6ab0000, 0x00000007a8000000)
 concurrent mark-sweep generation total 393216K, used 153407K [0x00000007a8000000, 0x00000007c0000000, 0x00000007c0000000)
 Metaspace       used 43672K, capacity 44920K, committed 45100K, reserved 1089536K
  class space    used 5354K, capacity 5667K, committed 5676K, reserved 1048576K
2019-01-30T12:56:53.333+0600: 4810.906: [GC (Allocation Failure) 2019-01-30T12:56:53.334+0600: 4810.907: [ParNew
Desired survivor size 20112992 bytes, new threshold 8 (max 8)
- age   1:   14609392 bytes,   14609392 total
- age   2:        968 bytes,   14610360 total
- age   3:       1168 bytes,   14611528 total
- age   4:       1136 bytes,   14612664 total
- age   5:       1144 bytes,   14613808 total
- age   6:       1016 bytes,   14614824 total
- age   7:        960 bytes,   14615784 total
: 107046K->20134K(109248K), 0.0197509 secs] 260454K->173542K(502464K), 0.0208695 secs] [Times: user=0.06 sys=0.01, real=0.02 secs] 
Heap after GC invocations=19231 (full 20):
 par new generation   total 109248K, used 20134K [0x00000007a0000000, 0x00000007a8000000, 0x00000007a8000000)
  eden space 87424K,   0% used [0x00000007a0000000, 0x00000007a0000000, 0x00000007a5560000)
  from space 21824K,  92% used [0x00000007a6ab0000, 0x00000007a7e599d8, 0x00000007a8000000)
  to   space 21824K,   0% used [0x00000007a5560000, 0x00000007a5560000, 0x00000007a6ab0000)
 concurrent mark-sweep generation total 393216K, used 153407K [0x00000007a8000000, 0x00000007c0000000, 0x00000007c0000000)
 Metaspace       used 43672K, capacity 44920K, committed 45100K, reserved 1089536K
  class space    used 5354K, capacity 5667K, committed 5676K, reserved 1048576K
}
2019-01-30T12:56:53.354+0600: 4810.927: Total time for which application threads were stopped: 0.0213676 seconds, Stopping threads took: 0.0000337 seconds
{Heap before GC invocations=19231 (full 20):
 par new generation   total 109248K, used 107558K [0x00000007a0000000, 0x00000007a8000000, 0x00000007a8000000)
  eden space 87424K, 100% used [0x00000007a0000000, 0x00000007a5560000, 0x00000007a5560000)
  from space 21824K,  92% used [0x00000007a6ab0000, 0x00000007a7e599d8, 0x00000007a8000000)
  to   space 21824K,   0% used [0x00000007a5560000, 0x00000007a5560000, 0x00000007a6ab0000)
 concurrent mark-sweep generation total 393216K, used 153407K [0x00000007a8000000, 0x00000007c0000000, 0x00000007c0000000)
 Metaspace       used 43672K, capacity 44920K, committed 45100K, reserved 1089536K
  class space    used 5354K, capacity 5667K, committed 5676K, reserved 1048576K
2019-01-30T12:56:53.567+0600: 4811.140: [GC (Allocation Failure) 2019-01-30T12:56:53.567+0600: 4811.140: [ParNew
Desired survivor size 20112992 bytes, new threshold 8 (max 8)
- age   1:   11078880 bytes,   11078880 total
- age   2:       1016 bytes,   11079896 total
- age   3:        968 bytes,   11080864 total
- age   4:       1168 bytes,   11082032 total
- age   5:       1136 bytes,   11083168 total
- age   6:       1144 bytes,   11084312 total
- age   7:       1016 bytes,   11085328 total
- age   8:        960 bytes,   11086288 total
: 107558K->14400K(109248K), 0.0131413 secs] 260966K->167808K(502464K), 0.0132428 secs] [Times: user=0.05 sys=0.00, real=0.02 secs] 
Heap after GC invocations=19232 (full 20):
 par new generation   total 109248K, used 14400K [0x00000007a0000000, 0x00000007a8000000, 0x00000007a8000000)
  eden space 87424K,   0% used [0x00000007a0000000, 0x00000007a0000000, 0x00000007a5560000)
  from space 21824K,  65% used [0x00000007a5560000, 0x00000007a63701b0, 0x00000007a6ab0000)
  to   space 21824K,   0% used [0x00000007a6ab0000, 0x00000007a6ab0000, 0x00000007a8000000)
 concurrent mark-sweep generation total 393216K, used 153407K [0x00000007a8000000, 0x00000007c0000000, 0x00000007c0000000)
 Metaspace       used 43672K, capacity 44920K, committed 45100K, reserved 1089536K
  class space    used 5354K, capacity 5667K, committed 5676K, reserved 1048576K
}
2019-01-30T12:56:53.580+0600: 4811.153: Total time for which application threads were stopped: 0.0135098 seconds, Stopping threads took: 0.0000496 seconds
{Heap before GC invocations=19232 (full 20):
 par new generation   total 109248K, used 101824K [0x00000007a0000000, 0x00000007a8000000, 0x00000007a8000000)
  eden space 87424K, 100% used [0x00000007a0000000, 0x00000007a5560000, 0x00000007a5560000)
  from space 21824K,  65% used [0x00000007a5560000, 0x00000007a63701b0, 0x00000007a6ab0000)
  to   space 21824K,   0% used [0x00000007a6ab0000, 0x00000007a6ab0000, 0x00000007a8000000)
 concurrent mark-sweep generation total 393216K, used 153407K [0x00000007a8000000, 0x00000007c0000000, 0x00000007c0000000)
 Metaspace       used 43672K, capacity 44920K, committed 45100K, reserved 1089536K
  class space    used 5354K, capacity 5667K, committed 5676K, reserved 1048576K
2019-01-30T12:56:53.789+0600: 4811.362: [GC (Allocation Failure) 2019-01-30T12:56:53.789+0600: 4811.363: [ParNew
Desired survivor size 20112992 bytes, new threshold 8 (max 8)
- age   1:    7690256 bytes,    7690256 total
- age   2:       1112 bytes,    7691368 total
- age   3:       1016 bytes,    7692384 total
- age   4:        968 bytes,    7693352 total
- age   5:       1168 bytes,    7694520 total
- age   6:       1136 bytes,    7695656 total
- age   7:       1144 bytes,    7696800 total
- age   8:       1016 bytes,    7697816 total
: 101824K->9175K(109248K), 0.0097329 secs] 255232K->162584K(502464K), 0.0098505 secs] [Times: user=0.04 sys=0.00, real=0.01 secs] 
Heap after GC invocations=19233 (full 20):
 par new generation   total 109248K, used 9175K [0x00000007a0000000, 0x00000007a8000000, 0x00000007a8000000)
  eden space 87424K,   0% used [0x00000007a0000000, 0x00000007a0000000, 0x00000007a5560000)
  from space 21824K,  42% used [0x00000007a6ab0000, 0x00000007a73a5ec0, 0x00000007a8000000)
  to   space 21824K,   0% used [0x00000007a5560000, 0x00000007a5560000, 0x00000007a6ab0000)
 concurrent mark-sweep generation total 393216K, used 153408K [0x00000007a8000000, 0x00000007c0000000, 0x00000007c0000000)
 Metaspace       used 43672K, capacity 44920K, committed 45100K, reserved 1089536K
  class space    used 5354K, capacity 5667K, committed 5676K, reserved 1048576K
}
2019-01-30T12:56:53.799+0600: 4811.372: Total time for which application threads were stopped: 0.0100940 seconds, Stopping threads took: 0.0000231 seconds
{Heap before GC invocations=19233 (full 20):
 par new generation   total 109248K, used 96599K [0x00000007a0000000, 0x00000007a8000000, 0x00000007a8000000)
  eden space 87424K, 100% used [0x00000007a0000000, 0x00000007a5560000, 0x00000007a5560000)
  from space 21824K,  42% used [0x00000007a6ab0000, 0x00000007a73a5ec0, 0x00000007a8000000)
  to   space 21824K,   0% used [0x00000007a5560000, 0x00000007a5560000, 0x00000007a6ab0000)
 concurrent mark-sweep generation total 393216K, used 153408K [0x00000007a8000000, 0x00000007c0000000, 0x00000007c0000000)
 Metaspace       used 43672K, capacity 44920K, committed 45100K, reserved 1089536K
  class space    used 5354K, capacity 5667K, committed 5676K, reserved 1048576K
2019-01-30T12:56:54.006+0600: 4811.579: [GC (Allocation Failure) 2019-01-30T12:56:54.006+0600: 4811.579: [ParNew
Desired survivor size 20112992 bytes, new threshold 8 (max 8)
- age   1:    5886920 bytes,    5886920 total
- age   2:       1120 bytes,    5888040 total
- age   3:       1112 bytes,    5889152 total
- age   4:       1016 bytes,    5890168 total
- age   5:        968 bytes,    5891136 total
- age   6:       1168 bytes,    5892304 total
- age   7:       1136 bytes,    5893440 total
- age   8:       1144 bytes,    5894584 total
: 96599K->8959K(109248K), 0.0090101 secs] 250008K->162368K(502464K), 0.0091100 secs] [Times: user=0.03 sys=0.00, real=0.01 secs] 
Heap after GC invocations=19234 (full 20):
 par new generation   total 109248K, used 8959K [0x00000007a0000000, 0x00000007a8000000, 0x00000007a8000000)
  eden space 87424K,   0% used [0x00000007a0000000, 0x00000007a0000000, 0x00000007a5560000)
  from space 21824K,  41% used [0x00000007a5560000, 0x00000007a5e1fcb8, 0x00000007a6ab0000)
  to   space 21824K,   0% used [0x00000007a6ab0000, 0x00000007a6ab0000, 0x00000007a8000000)
 concurrent mark-sweep generation total 393216K, used 153409K [0x00000007a8000000, 0x00000007c0000000, 0x00000007c0000000)
 Metaspace       used 43672K, capacity 44920K, committed 45100K, reserved 1089536K
  class space    used 5354K, capacity 5667K, committed 5676K, reserved 1048576K
}
2019-01-30T12:56:54.015+0600: 4811.588: Total time for which application threads were stopped: 0.0093442 seconds, Stopping threads took: 0.0000214 seconds
{Heap before GC invocations=19234 (full 20):
 par new generation   total 109248K, used 96383K [0x00000007a0000000, 0x00000007a8000000, 0x00000007a8000000)
  eden space 87424K, 100% used [0x00000007a0000000, 0x00000007a5560000, 0x00000007a5560000)
  from space 21824K,  41% used [0x00000007a5560000, 0x00000007a5e1fcb8, 0x00000007a6ab0000)
  to   space 21824K,   0% used [0x00000007a6ab0000, 0x00000007a6ab0000, 0x00000007a8000000)
 concurrent mark-sweep generation total 393216K, used 153409K [0x00000007a8000000, 0x00000007c0000000, 0x00000007c0000000)
 Metaspace       used 43672K, capacity 44920K, committed 45100K, reserved 1089536K
  class space    used 5354K, capacity 5667K, committed 5676K, reserved 1048576K
2019-01-30T12:56:54.245+0600: 4811.818: [GC (Allocation Failure) 2019-01-30T12:56:54.245+0600: 4811.818: [ParNew
Desired survivor size 20112992 bytes, new threshold 1 (max 8)
- age   1:   21060416 bytes,   21060416 total
- age   2:       1136 bytes,   21061552 total
- age   3:       1120 bytes,   21062672 total
- age   4:       1112 bytes,   21063784 total
- age   5:       1016 bytes,   21064800 total
- age   6:        968 bytes,   21065768 total
- age   7:       1168 bytes,   21066936 total
- age   8:       1136 bytes,   21068072 total
: 96383K->21824K(109248K), 0.0197781 secs] 249792K->175281K(502464K), 0.0198870 secs] [Times: user=0.07 sys=0.00, real=0.02 secs] 
Heap after GC invocations=19235 (full 20):
 par new generation   total 109248K, used 21824K [0x00000007a0000000, 0x00000007a8000000, 0x00000007a8000000)
  eden space 87424K,   0% used [0x00000007a0000000, 0x00000007a0000000, 0x00000007a5560000)
  from space 21824K, 100% used [0x00000007a6ab0000, 0x00000007a8000000, 0x00000007a8000000)
  to   space 21824K,   0% used [0x00000007a5560000, 0x00000007a5560000, 0x00000007a6ab0000)
 concurrent mark-sweep generation total 393216K, used 153457K [0x00000007a8000000, 0x00000007c0000000, 0x00000007c0000000)
 Metaspace       used 43672K, capacity 44920K, committed 45100K, reserved 1089536K
  class space    used 5354K, capacity 5667K, committed 5676K, reserved 1048576K
}
2019-01-30T12:56:54.265+0600: 4811.838: Total time for which application threads were stopped: 0.0201181 seconds, Stopping threads took: 0.0000232 seconds
{Heap before GC invocations=19235 (full 20):
 par new generation   total 109248K, used 108247K [0x00000007a0000000, 0x00000007a8000000, 0x00000007a8000000)
  eden space 87424K,  98% used [0x00000007a0000000, 0x00000007a5465d00, 0x00000007a5560000)
  from space 21824K, 100% used [0x00000007a6ab0000, 0x00000007a8000000, 0x00000007a8000000)
  to   space 21824K,   0% used [0x00000007a5560000, 0x00000007a5560000, 0x00000007a6ab0000)
 concurrent mark-sweep generation total 393216K, used 153457K [0x00000007a8000000, 0x00000007c0000000, 0x00000007c0000000)
 Metaspace       used 43672K, capacity 44920K, committed 45100K, reserved 1089536K
  class space    used 5354K, capacity 5667K, committed 5676K, reserved 1048576K
2019-01-30T12:56:54.473+0600: 4812.046: [GC (Allocation Failure) 2019-01-30T12:56:54.473+0600: 4812.046: [ParNew
Desired survivor size 20112992 bytes, new threshold 8 (max 8)
- age   1:   15926920 bytes,   15926920 total
: 108247K->21824K(109248K), 0.0157195 secs] 261704K->175385K(502464K), 0.0158294 secs] [Times: user=0.06 sys=0.01, real=0.01 secs] 
Heap after GC invocations=19236 (full 20):
 par new generation   total 109248K, used 21824K [0x00000007a0000000, 0x00000007a8000000, 0x00000007a8000000)
  eden space 87424K,   0% used [0x00000007a0000000, 0x00000007a0000000, 0x00000007a5560000)
  from space 21824K, 100% used [0x00000007a5560000, 0x00000007a6ab0000, 0x00000007a6ab0000)
  to   space 21824K,   0% used [0x00000007a6ab0000, 0x00000007a6ab0000, 0x00000007a8000000)
 concurrent mark-sweep generation total 393216K, used 153561K [0x00000007a8000000, 0x00000007c0000000, 0x00000007c0000000)
 Metaspace       used 43672K, capacity 44920K, committed 45100K, reserved 1089536K
  class space    used 5354K, capacity 5667K, committed 5676K, reserved 1048576K
}
2019-01-30T12:56:54.489+0600: 4812.062: Total time for which application threads were stopped: 0.0160712 seconds, Stopping threads took: 0.0000245 seconds
{Heap before GC invocations=19236 (full 20):
 par new generation   total 109248K, used 109248K [0x00000007a0000000, 0x00000007a8000000, 0x00000007a8000000)
  eden space 87424K, 100% used [0x00000007a0000000, 0x00000007a5560000, 0x00000007a5560000)
  from space 21824K, 100% used [0x00000007a5560000, 0x00000007a6ab0000, 0x00000007a6ab0000)
  to   space 21824K,   0% used [0x00000007a6ab0000, 0x00000007a6ab0000, 0x00000007a8000000)
 concurrent mark-sweep generation total 393216K, used 153561K [0x00000007a8000000, 0x00000007c0000000, 0x00000007c0000000)
 Metaspace       used 43672K, capacity 44920K, committed 45100K, reserved 1089536K
  class space    used 5354K, capacity 5667K, committed 5676K, reserved 1048576K
2019-01-30T12:56:54.690+0600: 4812.263: [GC (Allocation Failure) 2019-01-30T12:56:54.690+0600: 4812.263: [ParNew
Desired survivor size 20112992 bytes, new threshold 8 (max 8)
- age   1:   12774480 bytes,   12774480 total
- age   2:       2216 bytes,   12776696 total
: 109248K->18248K(109248K), 0.0131893 secs] 262809K->171809K(502464K), 0.0132934 secs] [Times: user=0.05 sys=0.00, real=0.01 secs] 
Heap after GC invocations=19237 (full 20):
 par new generation   total 109248K, used 18248K [0x00000007a0000000, 0x00000007a8000000, 0x00000007a8000000)
  eden space 87424K,   0% used [0x00000007a0000000, 0x00000007a0000000, 0x00000007a5560000)
  from space 21824K,  83% used [0x00000007a6ab0000, 0x00000007a7c82180, 0x00000007a8000000)
  to   space 21824K,   0% used [0x00000007a5560000, 0x00000007a5560000, 0x00000007a6ab0000)
 concurrent mark-sweep generation total 393216K, used 153561K [0x00000007a8000000, 0x00000007c0000000, 0x00000007c0000000)
 Metaspace       used 43672K, capacity 44920K, committed 45100K, reserved 1089536K
  class space    used 5354K, capacity 5667K, committed 5676K, reserved 1048576K
}
2019-01-30T12:56:54.703+0600: 4812.277: Total time for which application threads were stopped: 0.0135238 seconds, Stopping threads took: 0.0000204 seconds
{Heap before GC invocations=19237 (full 20):
 par new generation   total 109248K, used 105672K [0x00000007a0000000, 0x00000007a8000000, 0x00000007a8000000)
  eden space 87424K, 100% used [0x00000007a0000000, 0x00000007a5560000, 0x00000007a5560000)
  from space 21824K,  83% used [0x00000007a6ab0000, 0x00000007a7c82180, 0x00000007a8000000)
  to   space 21824K,   0% used [0x00000007a5560000, 0x00000007a5560000, 0x00000007a6ab0000)
 concurrent mark-sweep generation total 393216K, used 153561K [0x00000007a8000000, 0x00000007c0000000, 0x00000007c0000000)
 Metaspace       used 43672K, capacity 44920K, committed 45100K, reserved 1089536K
  class space    used 5354K, capacity 5667K, committed 5676K, reserved 1048576K
2019-01-30T12:56:54.924+0600: 4812.498: [GC (Allocation Failure) 2019-01-30T12:56:54.924+0600: 4812.498: [ParNew
Desired survivor size 20112992 bytes, new threshold 8 (max 8)
- age   1:    9503456 bytes,    9503456 total
- age   2:       1024 bytes,    9504480 total
- age   3:       2216 bytes,    9506696 total
: 105672K->13920K(109248K), 0.0122878 secs] 259233K->167481K(502464K), 0.0124090 secs] [Times: user=0.04 sys=0.00, real=0.01 secs] 
Heap after GC invocations=19238 (full 20):
 par new generation   total 109248K, used 13920K [0x00000007a0000000, 0x00000007a8000000, 0x00000007a8000000)
  eden space 87424K,   0% used [0x00000007a0000000, 0x00000007a0000000, 0x00000007a5560000)
  from space 21824K,  63% used [0x00000007a5560000, 0x00000007a62f8000, 0x00000007a6ab0000)
  to   space 21824K,   0% used [0x00000007a6ab0000, 0x00000007a6ab0000, 0x00000007a8000000)
 concurrent mark-sweep generation total 393216K, used 153561K [0x00000007a8000000, 0x00000007c0000000, 0x00000007c0000000)
 Metaspace       used 43672K, capacity 44920K, committed 45100K, reserved 1089536K
  class space    used 5354K, capacity 5667K, committed 5676K, reserved 1048576K
}
2019-01-30T12:56:54.937+0600: 4812.510: Total time for which application threads were stopped: 0.0126654 seconds, Stopping threads took: 0.0000243 seconds
{Heap before GC invocations=19238 (full 20):
 par new generation   total 109248K, used 101344K [0x00000007a0000000, 0x00000007a8000000, 0x00000007a8000000)
  eden space 87424K, 100% used [0x00000007a0000000, 0x00000007a5560000, 0x00000007a5560000)
  from space 21824K,  63% used [0x00000007a5560000, 0x00000007a62f8000, 0x00000007a6ab0000)
  to   space 21824K,   0% used [0x00000007a6ab0000, 0x00000007a6ab0000, 0x00000007a8000000)
 concurrent mark-sweep generation total 393216K, used 153561K [0x00000007a8000000, 0x00000007c0000000, 0x00000007c0000000)
 Metaspace       used 43672K, capacity 44920K, committed 45100K, reserved 1089536K
  class space    used 5354K, capacity 5667K, committed 5676K, reserved 1048576K
2019-01-30T12:56:55.164+0600: 4812.737: [GC (Allocation Failure) 2019-01-30T12:56:55.164+0600: 4812.738: [ParNew
Desired survivor size 20112992 bytes, new threshold 8 (max 8)
- age   1:    5965064 bytes,    5965064 total
- age   2:       1160 bytes,    5966224 total
- age   3:       1024 bytes,    5967248 total
- age   4:       2216 bytes,    5969464 total
: 101344K->9137K(109248K), 0.0108405 secs] 254905K->162698K(502464K), 0.0109633 secs] [Times: user=0.03 sys=0.00, real=0.01 secs] 
Heap after GC invocations=19239 (full 20):
 par new generation   total 109248K, used 9137K [0x00000007a0000000, 0x00000007a8000000, 0x00000007a8000000)
  eden space 87424K,   0% used [0x00000007a0000000, 0x00000007a0000000, 0x00000007a5560000)
  from space 21824K,  41% used [0x00000007a6ab0000, 0x00000007a739c648, 0x00000007a8000000)
  to   space 21824K,   0% used [0x00000007a5560000, 0x00000007a5560000, 0x00000007a6ab0000)
 concurrent mark-sweep generation total 393216K, used 153561K [0x00000007a8000000, 0x00000007c0000000, 0x00000007c0000000)
 Metaspace       used 43672K, capacity 44920K, committed 45100K, reserved 1089536K
  class space    used 5354K, capacity 5667K, committed 5676K, reserved 1048576K
}
2019-01-30T12:56:55.175+0600: 4812.749: Total time for which application threads were stopped: 0.0112210 seconds, Stopping threads took: 0.0000239 seconds
{Heap before GC invocations=19239 (full 20):
 par new generation   total 109248K, used 96561K [0x00000007a0000000, 0x00000007a8000000, 0x00000007a8000000)
  eden space 87424K, 100% used [0x00000007a0000000, 0x00000007a5560000, 0x00000007a5560000)
  from space 21824K,  41% used [0x00000007a6ab0000, 0x00000007a739c648, 0x00000007a8000000)
  to   space 21824K,   0% used [0x00000007a5560000, 0x00000007a5560000, 0x00000007a6ab0000)
 concurrent mark-sweep generation total 393216K, used 153561K [0x00000007a8000000, 0x00000007c0000000, 0x00000007c0000000)
 Metaspace       used 43672K, capacity 44920K, committed 45100K, reserved 1089536K
  class space    used 5354K, capacity 5667K, committed 5676K, reserved 1048576K
2019-01-30T12:56:55.381+0600: 4812.954: [GC (Allocation Failure) 2019-01-30T12:56:55.381+0600: 4812.954: [ParNew
Desired survivor size 20112992 bytes, new threshold 8 (max 8)
- age   1:    5881184 bytes,    5881184 total
- age   2:       1152 bytes,    5882336 total
- age   3:       1160 bytes,    5883496 total
- age   4:       1024 bytes,    5884520 total
- age   5:       2216 bytes,    5886736 total
: 96561K->7240K(109248K), 0.0083346 secs] 250122K->160801K(502464K), 0.0084396 secs] [Times: user=0.03 sys=0.00, real=0.00 secs] 
Heap after GC invocations=19240 (full 20):
 par new generation   total 109248K, used 7240K [0x00000007a0000000, 0x00000007a8000000, 0x00000007a8000000)
  eden space 87424K,   0% used [0x00000007a0000000, 0x00000007a0000000, 0x00000007a5560000)
  from space 21824K,  33% used [0x00000007a5560000, 0x00000007a5c720d0, 0x00000007a6ab0000)
  to   space 21824K,   0% used [0x00000007a6ab0000, 0x00000007a6ab0000, 0x00000007a8000000)
 concurrent mark-sweep generation total 393216K, used 153561K [0x00000007a8000000, 0x00000007c0000000, 0x00000007c0000000)
 Metaspace       used 43672K, capacity 44920K, committed 45100K, reserved 1089536K
  class space    used 5354K, capacity 5667K, committed 5676K, reserved 1048576K
}
2019-01-30T12:56:55.389+0600: 4812.963: Total time for which application threads were stopped: 0.0086765 seconds, Stopping threads took: 0.0000200 seconds
{Heap before GC invocations=19240 (full 20):
 par new generation   total 109248K, used 94664K [0x00000007a0000000, 0x00000007a8000000, 0x00000007a8000000)
  eden space 87424K, 100% used [0x00000007a0000000, 0x00000007a5560000, 0x00000007a5560000)
  from space 21824K,  33% used [0x00000007a5560000, 0x00000007a5c720d0, 0x00000007a6ab0000)
  to   space 21824K,   0% used [0x00000007a6ab0000, 0x00000007a6ab0000, 0x00000007a8000000)
 concurrent mark-sweep generation total 393216K, used 153561K [0x00000007a8000000, 0x00000007c0000000, 0x00000007c0000000)
 Metaspace       used 43672K, capacity 44920K, committed 45100K, reserved 1089536K
  class space    used 5354K, capacity 5667K, committed 5676K, reserved 1048576K
2019-01-30T12:56:55.587+0600: 4813.160: [GC (Allocation Failure) 2019-01-30T12:56:55.587+0600: 4813.160: [ParNew
Desired survivor size 20112992 bytes, new threshold 8 (max 8)
- age   1:   19156784 bytes,   19156784 total
- age   2:       1088 bytes,   19157872 total
- age   3:       1152 bytes,   19159024 total
- age   4:       1160 bytes,   19160184 total
- age   5:       1024 bytes,   19161208 total
- age   6:       2216 bytes,   19163424 total
: 94664K->20102K(109248K), 0.0182570 secs] 248225K->173663K(502464K), 0.0183917 secs] [Times: user=0.06 sys=0.00, real=0.02 secs] 
Heap after GC invocations=19241 (full 20):
 par new generation   total 109248K, used 20102K [0x00000007a0000000, 0x00000007a8000000, 0x00000007a8000000)
  eden space 87424K,   0% used [0x00000007a0000000, 0x00000007a0000000, 0x00000007a5560000)
  from space 21824K,  92% used [0x00000007a6ab0000, 0x00000007a7e51870, 0x00000007a8000000)
  to   space 21824K,   0% used [0x00000007a5560000, 0x00000007a5560000, 0x00000007a6ab0000)
 concurrent mark-sweep generation total 393216K, used 153561K [0x00000007a8000000, 0x00000007c0000000, 0x00000007c0000000)
 Metaspace       used 43672K, capacity 44920K, committed 45100K, reserved 1089536K
  class space    used 5354K, capacity 5667K, committed 5676K, reserved 1048576K
}
2019-01-30T12:56:55.605+0600: 4813.179: Total time for which application threads were stopped: 0.0187012 seconds, Stopping threads took: 0.0000239 seconds
{Heap before GC invocations=19241 (full 20):
 par new generation   total 109248K, used 107526K [0x00000007a0000000, 0x00000007a8000000, 0x00000007a8000000)
  eden space 87424K, 100% used [0x00000007a0000000, 0x00000007a5560000, 0x00000007a5560000)
  from space 21824K,  92% used [0x00000007a6ab0000, 0x00000007a7e51870, 0x00000007a8000000)
  to   space 21824K,   0% used [0x00000007a5560000, 0x00000007a5560000, 0x00000007a6ab0000)
 concurrent mark-sweep generation total 393216K, used 153561K [0x00000007a8000000, 0x00000007c0000000, 0x00000007c0000000)
 Metaspace       used 43672K, capacity 44920K, committed 45100K, reserved 1089536K
  class space    used 5354K, capacity 5667K, committed 5676K, reserved 1048576K
2019-01-30T12:56:55.819+0600: 4813.392: [GC (Allocation Failure) 2019-01-30T12:56:55.819+0600: 4813.392: [ParNew
Desired survivor size 20112992 bytes, new threshold 8 (max 8)
- age   1:   14609560 bytes,   14609560 total
- age   2:        944 bytes,   14610504 total
- age   3:       1088 bytes,   14611592 total
- age   4:       1152 bytes,   14612744 total
- age   5:       1160 bytes,   14613904 total
- age   6:       1024 bytes,   14614928 total
- age   7:       2216 bytes,   14617144 total
: 107526K->20263K(109248K), 0.0173019 secs] 261087K->173825K(502464K), 0.0174179 secs] [Times: user=0.06 sys=0.00, real=0.02 secs] 
Heap after GC invocations=19242 (full 20):
 par new generation   total 109248K, used 20263K [0x00000007a0000000, 0x00000007a8000000, 0x00000007a8000000)
  eden space 87424K,   0% used [0x00000007a0000000, 0x00000007a0000000, 0x00000007a5560000)
  from space 21824K,  92% used [0x00000007a5560000, 0x00000007a6929f30, 0x00000007a6ab0000)
  to   space 21824K,   0% used [0x00000007a6ab0000, 0x00000007a6ab0000, 0x00000007a8000000)
 concurrent mark-sweep generation total 393216K, used 153561K [0x00000007a8000000, 0x00000007c0000000, 0x00000007c0000000)
 Metaspace       used 43672K, capacity 44920K, committed 45100K, reserved 1089536K
  class space    used 5354K, capacity 5667K, committed 5676K, reserved 1048576K
}
2019-01-30T12:56:55.837+0600: 4813.410: Total time for which application threads were stopped: 0.0176618 seconds, Stopping threads took: 0.0000243 seconds
{Heap before GC invocations=19242 (full 20):
 par new generation   total 109248K, used 107687K [0x00000007a0000000, 0x00000007a8000000, 0x00000007a8000000)
  eden space 87424K, 100% used [0x00000007a0000000, 0x00000007a5560000, 0x00000007a5560000)
  from space 21824K,  92% used [0x00000007a5560000, 0x00000007a6929f30, 0x00000007a6ab0000)
  to   space 21824K,   0% used [0x00000007a6ab0000, 0x00000007a6ab0000, 0x00000007a8000000)
 concurrent mark-sweep generation total 393216K, used 153561K [0x00000007a8000000, 0x00000007c0000000, 0x00000007c0000000)
 Metaspace       used 43672K, capacity 44920K, committed 45100K, reserved 1089536K
  class space    used 5354K, capacity 5667K, committed 5676K, reserved 1048576K
2019-01-30T12:56:56.088+0600: 4813.662: [GC (Allocation Failure) 2019-01-30T12:56:56.088+0600: 4813.662: [ParNew
Desired survivor size 20112992 bytes, new threshold 8 (max 8)
- age   1:   11076640 bytes,   11076640 total
- age   2:       1016 bytes,   11077656 total
- age   3:        944 bytes,   11078600 total
- age   4:       1088 bytes,   11079688 total
- age   5:       1152 bytes,   11080840 total
- age   6:       1160 bytes,   11082000 total
- age   7:       1024 bytes,   11083024 total
- age   8:       2216 bytes,   11085240 total
: 107687K->14433K(109248K), 0.0151073 secs] 261249K->167994K(502464K), 0.0152599 secs] [Times: user=0.05 sys=0.00, real=0.02 secs] 
Heap after GC invocations=19243 (full 20):
 par new generation   total 109248K, used 14433K [0x00000007a0000000, 0x00000007a8000000, 0x00000007a8000000)
  eden space 87424K,   0% used [0x00000007a0000000, 0x00000007a0000000, 0x00000007a5560000)
  from space 21824K,  66% used [0x00000007a6ab0000, 0x00000007a78c8678, 0x00000007a8000000)
  to   space 21824K,   0% used [0x00000007a5560000, 0x00000007a5560000, 0x00000007a6ab0000)
 concurrent mark-sweep generation total 393216K, used 153561K [0x00000007a8000000, 0x00000007c0000000, 0x00000007c0000000)
 Metaspace       used 43672K, capacity 44920K, committed 45100K, reserved 1089536K
  class space    used 5354K, capacity 5667K, committed 5676K, reserved 1048576K
}
2019-01-30T12:56:56.104+0600: 4813.677: Total time for which application threads were stopped: 0.0155271 seconds, Stopping threads took: 0.0000259 seconds
{Heap before GC invocations=19243 (full 20):
 par new generation   total 109248K, used 101857K [0x00000007a0000000, 0x00000007a8000000, 0x00000007a8000000)
  eden space 87424K, 100% used [0x00000007a0000000, 0x00000007a5560000, 0x00000007a5560000)
  from space 21824K,  66% used [0x00000007a6ab0000, 0x00000007a78c8678, 0x00000007a8000000)
  to   space 21824K,   0% used [0x00000007a5560000, 0x00000007a5560000, 0x00000007a6ab0000)
 concurrent mark-sweep generation total 393216K, used 153561K [0x00000007a8000000, 0x00000007c0000000, 0x00000007c0000000)
 Metaspace       used 43672K, capacity 44920K, committed 45100K, reserved 1089536K
  class space    used 5354K, capacity 5667K, committed 5676K, reserved 1048576K
2019-01-30T12:56:56.367+0600: 4813.940: [GC (Allocation Failure) 2019-01-30T12:56:56.367+0600: 4813.940: [ParNew
Desired survivor size 20112992 bytes, new threshold 8 (max 8)
- age   1:    7690464 bytes,    7690464 total
- age   2:       1136 bytes,    7691600 total
- age   3:       1016 bytes,    7692616 total
- age   4:        944 bytes,    7693560 total
- age   5:       1088 bytes,    7694648 total
- age   6:       1152 bytes,    7695800 total
- age   7:       1160 bytes,    7696960 total
- age   8:       1024 bytes,    7697984 total
: 101857K->11736K(109248K), 0.0198138 secs] 255418K->165300K(502464K), 0.0199531 secs] [Times: user=0.03 sys=0.00, real=0.02 secs] 
Heap after GC invocations=19244 (full 20):
 par new generation   total 109248K, used 11736K [0x00000007a0000000, 0x00000007a8000000, 0x00000007a8000000)
  eden space 87424K,   0% used [0x00000007a0000000, 0x00000007a0000000, 0x00000007a5560000)
  from space 21824K,  53% used [0x00000007a5560000, 0x00000007a60d6258, 0x00000007a6ab0000)
  to   space 21824K,   0% used [0x00000007a6ab0000, 0x00000007a6ab0000, 0x00000007a8000000)
 concurrent mark-sweep generation total 393216K, used 153563K [0x00000007a8000000, 0x00000007c0000000, 0x00000007c0000000)
 Metaspace       used 43672K, capacity 44920K, committed 45100K, reserved 1089536K
  class space    used 5354K, capacity 5667K, committed 5676K, reserved 1048576K
}
2019-01-30T12:56:56.387+0600: 4813.960: Total time for which application threads were stopped: 0.0202641 seconds, Stopping threads took: 0.0000357 seconds
{Heap before GC invocations=19244 (full 20):
 par new generation   total 109248K, used 99160K [0x00000007a0000000, 0x00000007a8000000, 0x00000007a8000000)
  eden space 87424K, 100% used [0x00000007a0000000, 0x00000007a5560000, 0x00000007a5560000)
  from space 21824K,  53% used [0x00000007a5560000, 0x00000007a60d6258, 0x00000007a6ab0000)
  to   space 21824K,   0% used [0x00000007a6ab0000, 0x00000007a6ab0000, 0x00000007a8000000)
 concurrent mark-sweep generation total 393216K, used 153563K [0x00000007a8000000, 0x00000007c0000000, 0x00000007c0000000)
 Metaspace       used 43672K, capacity 44920K, committed 45100K, reserved 1089536K
  class space    used 5354K, capacity 5667K, committed 5676K, reserved 1048576K
2019-01-30T12:56:56.679+0600: 4814.253: [GC (Allocation Failure) 2019-01-30T12:56:56.679+0600: 4814.253: [ParNew
Desired survivor size 20112992 bytes, new threshold 8 (max 8)
- age   1:    5886904 bytes,    5886904 total
- age   2:       1160 bytes,    5888064 total
- age   3:       1136 bytes,    5889200 total
- age   4:       1016 bytes,    5890216 total
- age   5:        944 bytes,    5891160 total
- age   6:       1088 bytes,    5892248 total
- age   7:       1152 bytes,    5893400 total
- age   8:       1160 bytes,    5894560 total
: 99160K->6543K(109248K), 0.0153424 secs] 252724K->160107K(502464K), 0.0154280 secs] [Times: user=0.03 sys=0.00, real=0.02 secs] 
Heap after GC invocations=19245 (full 20):
 par new generation   total 109248K, used 6543K [0x00000007a0000000, 0x00000007a8000000, 0x00000007a8000000)
  eden space 87424K,   0% used [0x00000007a0000000, 0x00000007a0000000, 0x00000007a5560000)
  from space 21824K,  29% used [0x00000007a6ab0000, 0x00000007a7113c50, 0x00000007a8000000)
  to   space 21824K,   0% used [0x00000007a5560000, 0x00000007a5560000, 0x00000007a6ab0000)
 concurrent mark-sweep generation total 393216K, used 153564K [0x00000007a8000000, 0x00000007c0000000, 0x00000007c0000000)
 Metaspace       used 43672K, capacity 44920K, committed 45100K, reserved 1089536K
  class space    used 5354K, capacity 5667K, committed 5676K, reserved 1048576K
}
2019-01-30T12:56:56.695+0600: 4814.268: Total time for which application threads were stopped: 0.0157801 seconds, Stopping threads took: 0.0000372 seconds
{Heap before GC invocations=19245 (full 20):
 par new generation   total 109248K, used 93967K [0x00000007a0000000, 0x00000007a8000000, 0x00000007a8000000)
  eden space 87424K, 100% used [0x00000007a0000000, 0x00000007a5560000, 0x00000007a5560000)
  from space 21824K,  29% used [0x00000007a6ab0000, 0x00000007a7113c50, 0x00000007a8000000)
  to   space 21824K,   0% used [0x00000007a5560000, 0x00000007a5560000, 0x00000007a6ab0000)
 concurrent mark-sweep generation total 393216K, used 153564K [0x00000007a8000000, 0x00000007c0000000, 0x00000007c0000000)
 Metaspace       used 43672K, capacity 44920K, committed 45100K, reserved 1089536K
  class space    used 5354K, capacity 5667K, committed 5676K, reserved 1048576K
2019-01-30T12:56:56.987+0600: 4814.560: [GC (Allocation Failure) 2019-01-30T12:56:56.987+0600: 4814.560: [ParNew
Desired survivor size 20112992 bytes, new threshold 1 (max 8)
- age   1:   21108072 bytes,   21108072 total
- age   2:       1176 bytes,   21109248 total
- age   3:       1160 bytes,   21110408 total
- age   4:       1136 bytes,   21111544 total
- age   5:       1016 bytes,   21112560 total
- age   6:        944 bytes,   21113504 total
- age   7:       1088 bytes,   21114592 total
- age   8:       1152 bytes,   21115744 total
: 93967K->21507K(109248K), 0.0269850 secs] 247531K->175073K(502464K), 0.0271267 secs] [Times: user=0.07 sys=0.01, real=0.03 secs] 
Heap after GC invocations=19246 (full 20):
 par new generation   total 109248K, used 21507K [0x00000007a0000000, 0x00000007a8000000, 0x00000007a8000000)
  eden space 87424K,   0% used [0x00000007a0000000, 0x00000007a0000000, 0x00000007a5560000)
  from space 21824K,  98% used [0x00000007a5560000, 0x00000007a6a60df0, 0x00000007a6ab0000)
  to   space 21824K,   0% used [0x00000007a6ab0000, 0x00000007a6ab0000, 0x00000007a8000000)
 concurrent mark-sweep generation total 393216K, used 153565K [0x00000007a8000000, 0x00000007c0000000, 0x00000007c0000000)
 Metaspace       used 43672K, capacity 44920K, committed 45100K, reserved 1089536K
  class space    used 5354K, capacity 5667K, committed 5676K, reserved 1048576K
}
2019-01-30T12:56:57.014+0600: 4814.587: Total time for which application threads were stopped: 0.0274630 seconds, Stopping threads took: 0.0000297 seconds
{Heap before GC invocations=19246 (full 20):
 par new generation   total 109248K, used 107958K [0x00000007a0000000, 0x00000007a8000000, 0x00000007a8000000)
  eden space 87424K,  98% used [0x00000007a0000000, 0x00000007a546ca30, 0x00000007a5560000)
  from space 21824K,  98% used [0x00000007a5560000, 0x00000007a6a60df0, 0x00000007a6ab0000)
  to   space 21824K,   0% used [0x00000007a6ab0000, 0x00000007a6ab0000, 0x00000007a8000000)
 concurrent mark-sweep generation total 393216K, used 153565K [0x00000007a8000000, 0x00000007c0000000, 0x00000007c0000000)
 Metaspace       used 43672K, capacity 44920K, committed 45100K, reserved 1089536K
  class space    used 5354K, capacity 5667K, committed 5676K, reserved 1048576K
2019-01-30T12:56:57.308+0600: 4814.882: [GC (Allocation Failure) 2019-01-30T12:56:57.308+0600: 4814.882: [ParNew
Desired survivor size 20112992 bytes, new threshold 8 (max 8)
- age   1:   16024104 bytes,   16024104 total
: 107958K->21369K(109248K), 0.0164868 secs] 261523K->174943K(502464K), 0.0166265 secs] [Times: user=0.06 sys=0.00, real=0.02 secs] 
Heap after GC invocations=19247 (full 20):
 par new generation   total 109248K, used 21369K [0x00000007a0000000, 0x00000007a8000000, 0x00000007a8000000)
  eden space 87424K,   0% used [0x00000007a0000000, 0x00000007a0000000, 0x00000007a5560000)
  from space 21824K,  97% used [0x00000007a6ab0000, 0x00000007a7f8e460, 0x00000007a8000000)
  to   space 21824K,   0% used [0x00000007a5560000, 0x00000007a5560000, 0x00000007a6ab0000)
 concurrent mark-sweep generation total 393216K, used 153574K [0x00000007a8000000, 0x00000007c0000000, 0x00000007c0000000)
 Metaspace       used 43672K, capacity 44920K, committed 45100K, reserved 1089536K
  class space    used 5354K, capacity 5667K, committed 5676K, reserved 1048576K
}
2019-01-30T12:56:57.325+0600: 4814.898: Total time for which application threads were stopped: 0.0168727 seconds, Stopping threads took: 0.0000241 seconds
{Heap before GC invocations=19247 (full 20):
 par new generation   total 109248K, used 108793K [0x00000007a0000000, 0x00000007a8000000, 0x00000007a8000000)
  eden space 87424K, 100% used [0x00000007a0000000, 0x00000007a5560000, 0x00000007a5560000)
  from space 21824K,  97% used [0x00000007a6ab0000, 0x00000007a7f8e460, 0x00000007a8000000)
  to   space 21824K,   0% used [0x00000007a5560000, 0x00000007a5560000, 0x00000007a6ab0000)
 concurrent mark-sweep generation total 393216K, used 153574K [0x00000007a8000000, 0x00000007c0000000, 0x00000007c0000000)
 Metaspace       used 43672K, capacity 44920K, committed 45100K, reserved 1089536K
  class space    used 5354K, capacity 5667K, committed 5676K, reserved 1048576K
2019-01-30T12:56:57.538+0600: 4815.111: [GC (Allocation Failure) 2019-01-30T12:56:57.538+0600: 4815.111: [ParNew
Desired survivor size 20112992 bytes, new threshold 8 (max 8)
- age   1:   12774656 bytes,   12774656 total
- age   2:       1024 bytes,   12775680 total
: 108793K->16502K(109248K), 0.0150674 secs] 262367K->170076K(502464K), 0.0151967 secs] [Times: user=0.04 sys=0.01, real=0.02 secs] 
Heap after GC invocations=19248 (full 20):
 par new generation   total 109248K, used 16502K [0x00000007a0000000, 0x00000007a8000000, 0x00000007a8000000)
  eden space 87424K,   0% used [0x00000007a0000000, 0x00000007a0000000, 0x00000007a5560000)
  from space 21824K,  75% used [0x00000007a5560000, 0x00000007a657d808, 0x00000007a6ab0000)
  to   space 21824K,   0% used [0x00000007a6ab0000, 0x00000007a6ab0000, 0x00000007a8000000)
 concurrent mark-sweep generation total 393216K, used 153574K [0x00000007a8000000, 0x00000007c0000000, 0x00000007c0000000)
 Metaspace       used 43672K, capacity 44920K, committed 45100K, reserved 1089536K
  class space    used 5354K, capacity 5667K, committed 5676K, reserved 1048576K
}
2019-01-30T12:56:57.553+0600: 4815.126: Total time for which application threads were stopped: 0.0154763 seconds, Stopping threads took: 0.0000325 seconds
{Heap before GC invocations=19248 (full 20):
 par new generation   total 109248K, used 103926K [0x00000007a0000000, 0x00000007a8000000, 0x00000007a8000000)
  eden space 87424K, 100% used [0x00000007a0000000, 0x00000007a5560000, 0x00000007a5560000)
  from space 21824K,  75% used [0x00000007a5560000, 0x00000007a657d808, 0x00000007a6ab0000)
  to   space 21824K,   0% used [0x00000007a6ab0000, 0x00000007a6ab0000, 0x00000007a8000000)
 concurrent mark-sweep generation total 393216K, used 153574K [0x00000007a8000000, 0x00000007c0000000, 0x00000007c0000000)
 Metaspace       used 43672K, capacity 44920K, committed 45100K, reserved 1089536K
  class space    used 5354K, capacity 5667K, committed 5676K, reserved 1048576K
2019-01-30T12:56:57.788+0600: 4815.361: [GC (Allocation Failure) 2019-01-30T12:56:57.788+0600: 4815.361: [ParNew
Desired survivor size 20112992 bytes, new threshold 8 (max 8)
- age   1:    9504976 bytes,    9504976 total
- age   2:       1032 bytes,    9506008 total
- age   3:       1024 bytes,    9507032 total
: 103926K->14072K(109248K), 0.0125482 secs] 257500K->167646K(502464K), 0.0128117 secs] [Times: user=0.04 sys=0.00, real=0.02 secs] 
Heap after GC invocations=19249 (full 20):
 par new generation   total 109248K, used 14072K [0x00000007a0000000, 0x00000007a8000000, 0x00000007a8000000)
  eden space 87424K,   0% used [0x00000007a0000000, 0x00000007a0000000, 0x00000007a5560000)
  from space 21824K,  64% used [0x00000007a6ab0000, 0x00000007a786e040, 0x00000007a8000000)
  to   space 21824K,   0% used [0x00000007a5560000, 0x00000007a5560000, 0x00000007a6ab0000)
 concurrent mark-sweep generation total 393216K, used 153574K [0x00000007a8000000, 0x00000007c0000000, 0x00000007c0000000)
 Metaspace       used 43672K, capacity 44920K, committed 45100K, reserved 1089536K
  class space    used 5354K, capacity 5667K, committed 5676K, reserved 1048576K
}
2019-01-30T12:56:57.801+0600: 4815.374: Total time for which application threads were stopped: 0.0131054 seconds, Stopping threads took: 0.0000270 seconds
{Heap before GC invocations=19249 (full 20):
 par new generation   total 109248K, used 101496K [0x00000007a0000000, 0x00000007a8000000, 0x00000007a8000000)
  eden space 87424K, 100% used [0x00000007a0000000, 0x00000007a5560000, 0x00000007a5560000)
  from space 21824K,  64% used [0x00000007a6ab0000, 0x00000007a786e040, 0x00000007a8000000)
  to   space 21824K,   0% used [0x00000007a5560000, 0x00000007a5560000, 0x00000007a6ab0000)
 concurrent mark-sweep generation total 393216K, used 153574K [0x00000007a8000000, 0x00000007c0000000, 0x00000007c0000000)
 Metaspace       used 43672K, capacity 44920K, committed 45100K, reserved 1089536K
  class space    used 5354K, capacity 5667K, committed 5676K, reserved 1048576K
2019-01-30T12:56:58.039+0600: 4815.613: [GC (Allocation Failure) 2019-01-30T12:56:58.039+0600: 4815.613: [ParNew
Desired survivor size 20112992 bytes, new threshold 8 (max 8)
- age   1:    5957064 bytes,    5957064 total
- age   2:       1136 bytes,    5958200 total
- age   3:       1032 bytes,    5959232 total
- age   4:       1024 bytes,    5960256 total
: 101496K->9184K(109248K), 0.0084768 secs] 255070K->162758K(502464K), 0.0085833 secs] [Times: user=0.03 sys=0.01, real=0.01 secs] 
Heap after GC invocations=19250 (full 20):
 par new generation   total 109248K, used 9184K [0x00000007a0000000, 0x00000007a8000000, 0x00000007a8000000)
  eden space 87424K,   0% used [0x00000007a0000000, 0x00000007a0000000, 0x00000007a5560000)
  from space 21824K,  42% used [0x00000007a5560000, 0x00000007a5e58090, 0x00000007a6ab0000)
  to   space 21824K,   0% used [0x00000007a6ab0000, 0x00000007a6ab0000, 0x00000007a8000000)
 concurrent mark-sweep generation total 393216K, used 153574K [0x00000007a8000000, 0x00000007c0000000, 0x00000007c0000000)
 Metaspace       used 43672K, capacity 44920K, committed 45100K, reserved 1089536K
  class space    used 5354K, capacity 5667K, committed 5676K, reserved 1048576K
}
2019-01-30T12:56:58.048+0600: 4815.621: Total time for which application threads were stopped: 0.0088138 seconds, Stopping threads took: 0.0000222 seconds
{Heap before GC invocations=19250 (full 20):
 par new generation   total 109248K, used 96608K [0x00000007a0000000, 0x00000007a8000000, 0x00000007a8000000)
  eden space 87424K, 100% used [0x00000007a0000000, 0x00000007a5560000, 0x00000007a5560000)
  from space 21824K,  42% used [0x00000007a5560000, 0x00000007a5e58090, 0x00000007a6ab0000)
  to   space 21824K,   0% used [0x00000007a6ab0000, 0x00000007a6ab0000, 0x00000007a8000000)
 concurrent mark-sweep generation total 393216K, used 153574K [0x00000007a8000000, 0x00000007c0000000, 0x00000007c0000000)
 Metaspace       used 43672K, capacity 44920K, committed 45100K, reserved 1089536K
  class space    used 5354K, capacity 5667K, committed 5676K, reserved 1048576K
2019-01-30T12:56:58.262+0600: 4815.835: [GC (Allocation Failure) 2019-01-30T12:56:58.262+0600: 4815.835: [ParNew
Desired survivor size 20112992 bytes, new threshold 8 (max 8)
- age   1:    5881576 bytes,    5881576 total
- age   2:       1112 bytes,    5882688 total
- age   3:       1136 bytes,    5883824 total
- age   4:       1032 bytes,    5884856 total
- age   5:       1024 bytes,    5885880 total
: 96608K->7126K(109248K), 0.0085568 secs] 250182K->160701K(502464K), 0.0086690 secs] [Times: user=0.03 sys=0.00, real=0.01 secs] 
Heap after GC invocations=19251 (full 20):
 par new generation   total 109248K, used 7126K [0x00000007a0000000, 0x00000007a8000000, 0x00000007a8000000)
  eden space 87424K,   0% used [0x00000007a0000000, 0x00000007a0000000, 0x00000007a5560000)
  from space 21824K,  32% used [0x00000007a6ab0000, 0x00000007a71a5a70, 0x00000007a8000000)
  to   space 21824K,   0% used [0x00000007a5560000, 0x00000007a5560000, 0x00000007a6ab0000)
 concurrent mark-sweep generation total 393216K, used 153574K [0x00000007a8000000, 0x00000007c0000000, 0x00000007c0000000)
 Metaspace       used 43672K, capacity 44920K, committed 45100K, reserved 1089536K
  class space    used 5354K, capacity 5667K, committed 5676K, reserved 1048576K
}
2019-01-30T12:56:58.271+0600: 4815.844: Total time for which application threads were stopped: 0.0089734 seconds, Stopping threads took: 0.0000242 seconds
{Heap before GC invocations=19251 (full 20):
 par new generation   total 109248K, used 94550K [0x00000007a0000000, 0x00000007a8000000, 0x00000007a8000000)
  eden space 87424K, 100% used [0x00000007a0000000, 0x00000007a5560000, 0x00000007a5560000)
  from space 21824K,  32% used [0x00000007a6ab0000, 0x00000007a71a5a70, 0x00000007a8000000)
  to   space 21824K,   0% used [0x00000007a5560000, 0x00000007a5560000, 0x00000007a6ab0000)
 concurrent mark-sweep generation total 393216K, used 153574K [0x00000007a8000000, 0x00000007c0000000, 0x00000007c0000000)
 Metaspace       used 43672K, capacity 44920K, committed 45100K, reserved 1089536K
  class space    used 5354K, capacity 5667K, committed 5676K, reserved 1048576K
2019-01-30T12:56:58.477+0600: 4816.051: [GC (Allocation Failure) 2019-01-30T12:56:58.477+0600: 4816.051: [ParNew
Desired survivor size 20112992 bytes, new threshold 8 (max 8)
- age   1:   19159136 bytes,   19159136 total
- age   2:       1088 bytes,   19160224 total
- age   3:       1112 bytes,   19161336 total
- age   4:       1136 bytes,   19162472 total
- age   5:       1032 bytes,   19163504 total
- age   6:       1024 bytes,   19164528 total
: 94550K->19798K(109248K), 0.0173626 secs] 248125K->173372K(502464K), 0.0174764 secs] [Times: user=0.06 sys=0.00, real=0.02 secs] 
Heap after GC invocations=19252 (full 20):
 par new generation   total 109248K, used 19798K [0x00000007a0000000, 0x00000007a8000000, 0x00000007a8000000)
  eden space 87424K,   0% used [0x00000007a0000000, 0x00000007a0000000, 0x00000007a5560000)
  from space 21824K,  90% used [0x00000007a5560000, 0x00000007a68b5900, 0x00000007a6ab0000)
  to   space 21824K,   0% used [0x00000007a6ab0000, 0x00000007a6ab0000, 0x00000007a8000000)
 concurrent mark-sweep generation total 393216K, used 153574K [0x00000007a8000000, 0x00000007c0000000, 0x00000007c0000000)
 Metaspace       used 43672K, capacity 44920K, committed 45100K, reserved 1089536K
  class space    used 5354K, capacity 5667K, committed 5676K, reserved 1048576K
}
2019-01-30T12:56:58.495+0600: 4816.068: Total time for which application threads were stopped: 0.0177237 seconds, Stopping threads took: 0.0000248 seconds
{Heap before GC invocations=19252 (full 20):
 par new generation   total 109248K, used 107222K [0x00000007a0000000, 0x00000007a8000000, 0x00000007a8000000)
  eden space 87424K, 100% used [0x00000007a0000000, 0x00000007a5560000, 0x00000007a5560000)
  from space 21824K,  90% used [0x00000007a5560000, 0x00000007a68b5900, 0x00000007a6ab0000)
  to   space 21824K,   0% used [0x00000007a6ab0000, 0x00000007a6ab0000, 0x00000007a8000000)
 concurrent mark-sweep generation total 393216K, used 153574K [0x00000007a8000000, 0x00000007c0000000, 0x00000007c0000000)
 Metaspace       used 43672K, capacity 44920K, committed 45100K, reserved 1089536K
  class space    used 5354K, capacity 5667K, committed 5676K, reserved 1048576K
2019-01-30T12:56:58.690+0600: 4816.263: [GC (Allocation Failure) 2019-01-30T12:56:58.690+0600: 4816.263: [ParNew
Desired survivor size 20112992 bytes, new threshold 8 (max 8)
- age   1:   14609728 bytes,   14609728 total
- age   2:        984 bytes,   14610712 total
- age   3:       1088 bytes,   14611800 total
- age   4:       1112 bytes,   14612912 total
- age   5:       1136 bytes,   14614048 total
- age   6:       1032 bytes,   14615080 total
- age   7:       1024 bytes,   14616104 total
: 107222K->21824K(109248K), 0.0145269 secs] 260796K->175398K(502464K), 0.0146372 secs] [Times: user=0.05 sys=0.00, real=0.01 secs] 
Heap after GC invocations=19253 (full 20):
 par new generation   total 109248K, used 21824K [0x00000007a0000000, 0x00000007a8000000, 0x00000007a8000000)
  eden space 87424K,   0% used [0x00000007a0000000, 0x00000007a0000000, 0x00000007a5560000)
  from space 21824K, 100% used [0x00000007a6ab0000, 0x00000007a8000000, 0x00000007a8000000)
  to   space 21824K,   0% used [0x00000007a5560000, 0x00000007a5560000, 0x00000007a6ab0000)
 concurrent mark-sweep generation total 393216K, used 153574K [0x00000007a8000000, 0x00000007c0000000, 0x00000007c0000000)
 Metaspace       used 43672K, capacity 44920K, committed 45100K, reserved 1089536K
  class space    used 5354K, capacity 5667K, committed 5676K, reserved 1048576K
}
2019-01-30T12:56:58.705+0600: 4816.278: Total time for which application threads were stopped: 0.0148759 seconds, Stopping threads took: 0.0000235 seconds
{Heap before GC invocations=19253 (full 20):
 par new generation   total 109248K, used 109248K [0x00000007a0000000, 0x00000007a8000000, 0x00000007a8000000)
  eden space 87424K, 100% used [0x00000007a0000000, 0x00000007a5560000, 0x00000007a5560000)
  from space 21824K, 100% used [0x00000007a6ab0000, 0x00000007a8000000, 0x00000007a8000000)
  to   space 21824K,   0% used [0x00000007a5560000, 0x00000007a5560000, 0x00000007a6ab0000)
 concurrent mark-sweep generation total 393216K, used 153574K [0x00000007a8000000, 0x00000007c0000000, 0x00000007c0000000)
 Metaspace       used 43672K, capacity 44920K, committed 45100K, reserved 1089536K
  class space    used 5354K, capacity 5667K, committed 5676K, reserved 1048576K
2019-01-30T12:56:58.901+0600: 4816.474: [GC (Allocation Failure) 2019-01-30T12:56:58.901+0600: 4816.474: [ParNew
Desired survivor size 20112992 bytes, new threshold 8 (max 8)
- age   1:   11078176 bytes,   11078176 total
- age   2:       1016 bytes,   11079192 total
- age   3:        984 bytes,   11080176 total
- age   4:       1088 bytes,   11081264 total
- age   5:       1112 bytes,   11082376 total
- age   6:       1136 bytes,   11083512 total
- age   7:       1032 bytes,   11084544 total
- age   8:       1024 bytes,   11085568 total
: 109248K->12909K(109248K), 0.0128407 secs] 262822K->166484K(502464K), 0.0129517 secs] [Times: user=0.04 sys=0.00, real=0.01 secs] 
Heap after GC invocations=19254 (full 20):
 par new generation   total 109248K, used 12909K [0x00000007a0000000, 0x00000007a8000000, 0x00000007a8000000)
  eden space 87424K,   0% used [0x00000007a0000000, 0x00000007a0000000, 0x00000007a5560000)
  from space 21824K,  59% used [0x00000007a5560000, 0x00000007a61fb700, 0x00000007a6ab0000)
  to   space 21824K,   0% used [0x00000007a6ab0000, 0x00000007a6ab0000, 0x00000007a8000000)
 concurrent mark-sweep generation total 393216K, used 153574K [0x00000007a8000000, 0x00000007c0000000, 0x00000007c0000000)
 Metaspace       used 43672K, capacity 44920K, committed 45100K, reserved 1089536K
  class space    used 5354K, capacity 5667K, committed 5676K, reserved 1048576K
}
2019-01-30T12:56:58.914+0600: 4816.487: Total time for which application threads were stopped: 0.0132986 seconds, Stopping threads took: 0.0000429 seconds
{Heap before GC invocations=19254 (full 20):
 par new generation   total 109248K, used 100333K [0x00000007a0000000, 0x00000007a8000000, 0x00000007a8000000)
  eden space 87424K, 100% used [0x00000007a0000000, 0x00000007a5560000, 0x00000007a5560000)
  from space 21824K,  59% used [0x00000007a5560000, 0x00000007a61fb700, 0x00000007a6ab0000)
  to   space 21824K,   0% used [0x00000007a6ab0000, 0x00000007a6ab0000, 0x00000007a8000000)
 concurrent mark-sweep generation total 393216K, used 153574K [0x00000007a8000000, 0x00000007c0000000, 0x00000007c0000000)
 Metaspace       used 43672K, capacity 44920K, committed 45100K, reserved 1089536K
  class space    used 5354K, capacity 5667K, committed 5676K, reserved 1048576K
2019-01-30T12:56:59.118+0600: 4816.691: [GC (Allocation Failure) 2019-01-30T12:56:59.118+0600: 4816.691: [ParNew
Desired survivor size 20112992 bytes, new threshold 8 (max 8)
- age   1:    7690608 bytes,    7690608 total
- age   2:       1096 bytes,    7691704 total
- age   3:       1016 bytes,    7692720 total
- age   4:        984 bytes,    7693704 total
- age   5:       1088 bytes,    7694792 total
- age   6:       1112 bytes,    7695904 total
- age   7:       1136 bytes,    7697040 total
- age   8:       1032 bytes,    7698072 total
: 100333K->12166K(109248K), 0.0127710 secs] 253908K->165741K(502464K), 0.0129245 secs] [Times: user=0.03 sys=0.00, real=0.02 secs] 
Heap after GC invocations=19255 (full 20):
 par new generation   total 109248K, used 12166K [0x00000007a0000000, 0x00000007a8000000, 0x00000007a8000000)
  eden space 87424K,   0% used [0x00000007a0000000, 0x00000007a0000000, 0x00000007a5560000)
  from space 21824K,  55% used [0x00000007a6ab0000, 0x00000007a7691950, 0x00000007a8000000)
  to   space 21824K,   0% used [0x00000007a5560000, 0x00000007a5560000, 0x00000007a6ab0000)
 concurrent mark-sweep generation total 393216K, used 153575K [0x00000007a8000000, 0x00000007c0000000, 0x00000007c0000000)
 Metaspace       used 43672K, capacity 44920K, committed 45100K, reserved 1089536K
  class space    used 5354K, capacity 5667K, committed 5676K, reserved 1048576K
}
2019-01-30T12:56:59.131+0600: 4816.704: Total time for which application threads were stopped: 0.0132804 seconds, Stopping threads took: 0.0000291 seconds
{Heap before GC invocations=19255 (full 20):
 par new generation   total 109248K, used 99590K [0x00000007a0000000, 0x00000007a8000000, 0x00000007a8000000)
  eden space 87424K, 100% used [0x00000007a0000000, 0x00000007a5560000, 0x00000007a5560000)
  from space 21824K,  55% used [0x00000007a6ab0000, 0x00000007a7691950, 0x00000007a8000000)
  to   space 21824K,   0% used [0x00000007a5560000, 0x00000007a5560000, 0x00000007a6ab0000)
 concurrent mark-sweep generation total 393216K, used 153575K [0x00000007a8000000, 0x00000007c0000000, 0x00000007c0000000)
 Metaspace       used 43672K, capacity 44920K, committed 45100K, reserved 1089536K
  class space    used 5354K, capacity 5667K, committed 5676K, reserved 1048576K
2019-01-30T12:56:59.399+0600: 4816.972: [GC (Allocation Failure) 2019-01-30T12:56:59.402+0600: 4816.975: [ParNew
Desired survivor size 20112992 bytes, new threshold 8 (max 8)
- age   1:    5886784 bytes,    5886784 total
- age   2:       1136 bytes,    5887920 total
- age   3:       1096 bytes,    5889016 total
- age   4:       1016 bytes,    5890032 total
- age   5:        984 bytes,    5891016 total
- age   6:       1088 bytes,    5892104 total
- age   7:       1112 bytes,    5893216 total
- age   8:       1136 bytes,    5894352 total
: 99590K->8571K(109248K), 0.0084860 secs] 253165K->162147K(502464K), 0.0112812 secs] [Times: user=0.03 sys=0.01, real=0.02 secs] 
Heap after GC invocations=19256 (full 20):
 par new generation   total 109248K, used 8571K [0x00000007a0000000, 0x00000007a8000000, 0x00000007a8000000)
  eden space 87424K,   0% used [0x00000007a0000000, 0x00000007a0000000, 0x00000007a5560000)
  from space 21824K,  39% used [0x00000007a5560000, 0x00000007a5dbeca8, 0x00000007a6ab0000)
  to   space 21824K,   0% used [0x00000007a6ab0000, 0x00000007a6ab0000, 0x00000007a8000000)
 concurrent mark-sweep generation total 393216K, used 153576K [0x00000007a8000000, 0x00000007c0000000, 0x00000007c0000000)
 Metaspace       used 43672K, capacity 44920K, committed 45100K, reserved 1089536K
  class space    used 5354K, capacity 5667K, committed 5676K, reserved 1048576K
}
2019-01-30T12:56:59.410+0600: 4816.984: Total time for which application threads were stopped: 0.0115101 seconds, Stopping threads took: 0.0000276 seconds
{Heap before GC invocations=19256 (full 20):
 par new generation   total 109248K, used 95995K [0x00000007a0000000, 0x00000007a8000000, 0x00000007a8000000)
  eden space 87424K, 100% used [0x00000007a0000000, 0x00000007a5560000, 0x00000007a5560000)
  from space 21824K,  39% used [0x00000007a5560000, 0x00000007a5dbeca8, 0x00000007a6ab0000)
  to   space 21824K,   0% used [0x00000007a6ab0000, 0x00000007a6ab0000, 0x00000007a8000000)
 concurrent mark-sweep generation total 393216K, used 153576K [0x00000007a8000000, 0x00000007c0000000, 0x00000007c0000000)
 Metaspace       used 43672K, capacity 44920K, committed 45100K, reserved 1089536K
  class space    used 5354K, capacity 5667K, committed 5676K, reserved 1048576K
2019-01-30T12:56:59.608+0600: 4817.181: [GC (Allocation Failure) 2019-01-30T12:56:59.608+0600: 4817.181: [ParNew
Desired survivor size 20112992 bytes, new threshold 1 (max 8)
- age   1:   21108272 bytes,   21108272 total
- age   2:       1128 bytes,   21109400 total
- age   3:       1136 bytes,   21110536 total
- age   4:       1096 bytes,   21111632 total
- age   5:       1016 bytes,   21112648 total
- age   6:        984 bytes,   21113632 total
- age   7:       1088 bytes,   21114720 total
- age   8:       1112 bytes,   21115832 total
: 95995K->21620K(109248K), 0.0188411 secs] 249571K->175198K(502464K), 0.0189533 secs] [Times: user=0.07 sys=0.00, real=0.02 secs] 
Heap after GC invocations=19257 (full 20):
 par new generation   total 109248K, used 21620K [0x00000007a0000000, 0x00000007a8000000, 0x00000007a8000000)
  eden space 87424K,   0% used [0x00000007a0000000, 0x00000007a0000000, 0x00000007a5560000)
  from space 21824K,  99% used [0x00000007a6ab0000, 0x00000007a7fcd208, 0x00000007a8000000)
  to   space 21824K,   0% used [0x00000007a5560000, 0x00000007a5560000, 0x00000007a6ab0000)
 concurrent mark-sweep generation total 393216K, used 153577K [0x00000007a8000000, 0x00000007c0000000, 0x00000007c0000000)
 Metaspace       used 43672K, capacity 44920K, committed 45100K, reserved 1089536K
  class space    used 5354K, capacity 5667K, committed 5676K, reserved 1048576K
}
2019-01-30T12:56:59.627+0600: 4817.200: Total time for which application threads were stopped: 0.0191789 seconds, Stopping threads took: 0.0000228 seconds
{Heap before GC invocations=19257 (full 20):
 par new generation   total 109248K, used 109044K [0x00000007a0000000, 0x00000007a8000000, 0x00000007a8000000)
  eden space 87424K, 100% used [0x00000007a0000000, 0x00000007a5560000, 0x00000007a5560000)
  from space 21824K,  99% used [0x00000007a6ab0000, 0x00000007a7fcd208, 0x00000007a8000000)
  to   space 21824K,   0% used [0x00000007a5560000, 0x00000007a5560000, 0x00000007a6ab0000)
 concurrent mark-sweep generation total 393216K, used 153577K [0x00000007a8000000, 0x00000007c0000000, 0x00000007c0000000)
 Metaspace       used 43672K, capacity 44920K, committed 45100K, reserved 1089536K
  class space    used 5354K, capacity 5667K, committed 5676K, reserved 1048576K
2019-01-30T12:56:59.812+0600: 4817.385: [GC (Allocation Failure) 2019-01-30T12:56:59.812+0600: 4817.386: [ParNew
Desired survivor size 20112992 bytes, new threshold 8 (max 8)
- age   1:   16023784 bytes,   16023784 total
: 109044K->21824K(109248K), 0.0153145 secs] 262622K->175410K(502464K), 0.0154518 secs] [Times: user=0.06 sys=0.00, real=0.01 secs] 
Heap after GC invocations=19258 (full 20):
 par new generation   total 109248K, used 21824K [0x00000007a0000000, 0x00000007a8000000, 0x00000007a8000000)
  eden space 87424K,   0% used [0x00000007a0000000, 0x00000007a0000000, 0x00000007a5560000)
  from space 21824K, 100% used [0x00000007a5560000, 0x00000007a6ab0000, 0x00000007a6ab0000)
  to   space 21824K,   0% used [0x00000007a6ab0000, 0x00000007a6ab0000, 0x00000007a8000000)
 concurrent mark-sweep generation total 393216K, used 153586K [0x00000007a8000000, 0x00000007c0000000, 0x00000007c0000000)
 Metaspace       used 43672K, capacity 44920K, committed 45100K, reserved 1089536K
  class space    used 5354K, capacity 5667K, committed 5676K, reserved 1048576K
}
2019-01-30T12:56:59.828+0600: 4817.401: Total time for which application threads were stopped: 0.0156902 seconds, Stopping threads took: 0.0000234 seconds
{Heap before GC invocations=19258 (full 20):
 par new generation   total 109248K, used 109248K [0x00000007a0000000, 0x00000007a8000000, 0x00000007a8000000)
  eden space 87424K, 100% used [0x00000007a0000000, 0x00000007a5560000, 0x00000007a5560000)
  from space 21824K, 100% used [0x00000007a5560000, 0x00000007a6ab0000, 0x00000007a6ab0000)
  to   space 21824K,   0% used [0x00000007a6ab0000, 0x00000007a6ab0000, 0x00000007a8000000)
 concurrent mark-sweep generation total 393216K, used 153586K [0x00000007a8000000, 0x00000007c0000000, 0x00000007c0000000)
 Metaspace       used 43672K, capacity 44920K, committed 45100K, reserved 1089536K
  class space    used 5354K, capacity 5667K, committed 5676K, reserved 1048576K
2019-01-30T12:57:00.023+0600: 4817.596: [GC (Allocation Failure) 2019-01-30T12:57:00.023+0600: 4817.596: [ParNew
Desired survivor size 20112992 bytes, new threshold 8 (max 8)
- age   1:   12724648 bytes,   12724648 total
- age   2:       1112 bytes,   12725760 total
: 109248K->18215K(109248K), 0.0132978 secs] 262834K->171802K(502464K), 0.0133952 secs] [Times: user=0.04 sys=0.01, real=0.01 secs] 
Heap after GC invocations=19259 (full 20):
 par new generation   total 109248K, used 18215K [0x00000007a0000000, 0x00000007a8000000, 0x00000007a8000000)
  eden space 87424K,   0% used [0x00000007a0000000, 0x00000007a0000000, 0x00000007a5560000)
  from space 21824K,  83% used [0x00000007a6ab0000, 0x00000007a7c79e80, 0x00000007a8000000)
  to   space 21824K,   0% used [0x00000007a5560000, 0x00000007a5560000, 0x00000007a6ab0000)
 concurrent mark-sweep generation total 393216K, used 153586K [0x00000007a8000000, 0x00000007c0000000, 0x00000007c0000000)
 Metaspace       used 43672K, capacity 44920K, committed 45100K, reserved 1089536K
  class space    used 5354K, capacity 5667K, committed 5676K, reserved 1048576K
}
2019-01-30T12:57:00.036+0600: 4817.609: Total time for which application threads were stopped: 0.0136304 seconds, Stopping threads took: 0.0000226 seconds
{Heap before GC invocations=19259 (full 20):
 par new generation   total 109248K, used 105639K [0x00000007a0000000, 0x00000007a8000000, 0x00000007a8000000)
  eden space 87424K, 100% used [0x00000007a0000000, 0x00000007a5560000, 0x00000007a5560000)
  from space 21824K,  83% used [0x00000007a6ab0000, 0x00000007a7c79e80, 0x00000007a8000000)
  to   space 21824K,   0% used [0x00000007a5560000, 0x00000007a5560000, 0x00000007a6ab0000)
 concurrent mark-sweep generation total 393216K, used 153586K [0x00000007a8000000, 0x00000007c0000000, 0x00000007c0000000)
 Metaspace       used 43672K, capacity 44920K, committed 45100K, reserved 1089536K
  class space    used 5354K, capacity 5667K, committed 5676K, reserved 1048576K
2019-01-30T12:57:00.234+0600: 4817.807: [GC (Allocation Failure) 2019-01-30T12:57:00.234+0600: 4817.807: [ParNew
Desired survivor size 20112992 bytes, new threshold 8 (max 8)
- age   1:    9481568 bytes,    9481568 total
- age   2:       1000 bytes,    9482568 total
- age   3:       1112 bytes,    9483680 total
: 105639K->12140K(109248K), 0.0227169 secs] 259226K->165727K(502464K), 0.0228404 secs] [Times: user=0.04 sys=0.00, real=0.02 secs] 
Heap after GC invocations=19260 (full 20):
 par new generation   total 109248K, used 12140K [0x00000007a0000000, 0x00000007a8000000, 0x00000007a8000000)
  eden space 87424K,   0% used [0x00000007a0000000, 0x00000007a0000000, 0x00000007a5560000)
  from space 21824K,  55% used [0x00000007a5560000, 0x00000007a613b0f8, 0x00000007a6ab0000)
  to   space 21824K,   0% used [0x00000007a6ab0000, 0x00000007a6ab0000, 0x00000007a8000000)
 concurrent mark-sweep generation total 393216K, used 153586K [0x00000007a8000000, 0x00000007c0000000, 0x00000007c0000000)
 Metaspace       used 43672K, capacity 44920K, committed 45100K, reserved 1089536K
  class space    used 5354K, capacity 5667K, committed 5676K, reserved 1048576K
}
2019-01-30T12:57:00.257+0600: 4817.830: Total time for which application threads were stopped: 0.0230989 seconds, Stopping threads took: 0.0000238 seconds
{Heap before GC invocations=19260 (full 20):
 par new generation   total 109248K, used 99564K [0x00000007a0000000, 0x00000007a8000000, 0x00000007a8000000)
  eden space 87424K, 100% used [0x00000007a0000000, 0x00000007a5560000, 0x00000007a5560000)
  from space 21824K,  55% used [0x00000007a5560000, 0x00000007a613b0f8, 0x00000007a6ab0000)
  to   space 21824K,   0% used [0x00000007a6ab0000, 0x00000007a6ab0000, 0x00000007a8000000)
 concurrent mark-sweep generation total 393216K, used 153586K [0x00000007a8000000, 0x00000007c0000000, 0x00000007c0000000)
 Metaspace       used 43672K, capacity 44920K, committed 45100K, reserved 1089536K
  class space    used 5354K, capacity 5667K, committed 5676K, reserved 1048576K
2019-01-30T12:57:00.562+0600: 4818.135: [GC (Allocation Failure) 2019-01-30T12:57:00.562+0600: 4818.135: [ParNew
Desired survivor size 20112992 bytes, new threshold 8 (max 8)
- age   1:    5932448 bytes,    5932448 total
- age   2:       1176 bytes,    5933624 total
- age   3:       1000 bytes,    5934624 total
- age   4:       1112 bytes,    5935736 total
: 99564K->9112K(109248K), 0.0156955 secs] 253151K->162699K(502464K), 0.0157796 secs] [Times: user=0.03 sys=0.00, real=0.01 secs] 
Heap after GC invocations=19261 (full 20):
 par new generation   total 109248K, used 9112K [0x00000007a0000000, 0x00000007a8000000, 0x00000007a8000000)
  eden space 87424K,   0% used [0x00000007a0000000, 0x00000007a0000000, 0x00000007a5560000)
  from space 21824K,  41% used [0x00000007a6ab0000, 0x00000007a7396368, 0x00000007a8000000)
  to   space 21824K,   0% used [0x00000007a5560000, 0x00000007a5560000, 0x00000007a6ab0000)
 concurrent mark-sweep generation total 393216K, used 153586K [0x00000007a8000000, 0x00000007c0000000, 0x00000007c0000000)
 Metaspace       used 43672K, capacity 44920K, committed 45100K, reserved 1089536K
  class space    used 5354K, capacity 5667K, committed 5676K, reserved 1048576K
}
2019-01-30T12:57:00.578+0600: 4818.151: Total time for which application threads were stopped: 0.0161653 seconds, Stopping threads took: 0.0000862 seconds
{Heap before GC invocations=19261 (full 20):
 par new generation   total 109248K, used 96536K [0x00000007a0000000, 0x00000007a8000000, 0x00000007a8000000)
  eden space 87424K, 100% used [0x00000007a0000000, 0x00000007a5560000, 0x00000007a5560000)
  from space 21824K,  41% used [0x00000007a6ab0000, 0x00000007a7396368, 0x00000007a8000000)
  to   space 21824K,   0% used [0x00000007a5560000, 0x00000007a5560000, 0x00000007a6ab0000)
 concurrent mark-sweep generation total 393216K, used 153586K [0x00000007a8000000, 0x00000007c0000000, 0x00000007c0000000)
 Metaspace       used 43672K, capacity 44920K, committed 45100K, reserved 1089536K
  class space    used 5354K, capacity 5667K, committed 5676K, reserved 1048576K
2019-01-30T12:57:00.804+0600: 4818.377: [GC (Allocation Failure) 2019-01-30T12:57:00.804+0600: 4818.377: [ParNew
Desired survivor size 20112992 bytes, new threshold 8 (max 8)
- age   1:    5880856 bytes,    5880856 total
- age   2:       1160 bytes,    5882016 total
- age   3:       1176 bytes,    5883192 total
- age   4:       1000 bytes,    5884192 total
- age   5:       1112 bytes,    5885304 total
: 96536K->7213K(109248K), 0.0095991 secs] 250123K->160800K(502464K), 0.0096841 secs] [Times: user=0.03 sys=0.00, real=0.01 secs] 
Heap after GC invocations=19262 (full 20):
 par new generation   total 109248K, used 7213K [0x00000007a0000000, 0x00000007a8000000, 0x00000007a8000000)
  eden space 87424K,   0% used [0x00000007a0000000, 0x00000007a0000000, 0x00000007a5560000)
  from space 21824K,  33% used [0x00000007a5560000, 0x00000007a5c6b710, 0x00000007a6ab0000)
  to   space 21824K,   0% used [0x00000007a6ab0000, 0x00000007a6ab0000, 0x00000007a8000000)
 concurrent mark-sweep generation total 393216K, used 153586K [0x00000007a8000000, 0x00000007c0000000, 0x00000007c0000000)
 Metaspace       used 43672K, capacity 44920K, committed 45100K, reserved 1089536K
  class space    used 5354K, capacity 5667K, committed 5676K, reserved 1048576K
}
2019-01-30T12:57:00.813+0600: 4818.386: Total time for which application threads were stopped: 0.0099740 seconds, Stopping threads took: 0.0000301 seconds
{Heap before GC invocations=19262 (full 20):
 par new generation   total 109248K, used 94637K [0x00000007a0000000, 0x00000007a8000000, 0x00000007a8000000)
  eden space 87424K, 100% used [0x00000007a0000000, 0x00000007a5560000, 0x00000007a5560000)
  from space 21824K,  33% used [0x00000007a5560000, 0x00000007a5c6b710, 0x00000007a6ab0000)
  to   space 21824K,   0% used [0x00000007a6ab0000, 0x00000007a6ab0000, 0x00000007a8000000)
 concurrent mark-sweep generation total 393216K, used 153586K [0x00000007a8000000, 0x00000007c0000000, 0x00000007c0000000)
 Metaspace       used 43672K, capacity 44920K, committed 45100K, reserved 1089536K
  class space    used 5354K, capacity 5667K, committed 5676K, reserved 1048576K
2019-01-30T12:57:01.019+0600: 4818.592: [GC (Allocation Failure) 2019-01-30T12:57:01.019+0600: 4818.593: [ParNew
Desired survivor size 20112992 bytes, new threshold 8 (max 8)
- age   1:   19154216 bytes,   19154216 total
- age   2:       1120 bytes,   19155336 total
- age   3:       1160 bytes,   19156496 total
- age   4:       1176 bytes,   19157672 total
- age   5:       1000 bytes,   19158672 total
- age   6:       1112 bytes,   19159784 total
: 94637K->19464K(109248K), 0.0175742 secs] 248224K->173051K(502464K), 0.0176641 secs] [Times: user=0.06 sys=0.01, real=0.02 secs] 
Heap after GC invocations=19263 (full 20):
 par new generation   total 109248K, used 19464K [0x00000007a0000000, 0x00000007a8000000, 0x00000007a8000000)
  eden space 87424K,   0% used [0x00000007a0000000, 0x00000007a0000000, 0x00000007a5560000)
  from space 21824K,  89% used [0x00000007a6ab0000, 0x00000007a7db2340, 0x00000007a8000000)
  to   space 21824K,   0% used [0x00000007a5560000, 0x00000007a5560000, 0x00000007a6ab0000)
 concurrent mark-sweep generation total 393216K, used 153586K [0x00000007a8000000, 0x00000007c0000000, 0x00000007c0000000)
 Metaspace       used 43672K, capacity 44920K, committed 45100K, reserved 1089536K
  class space    used 5354K, capacity 5667K, committed 5676K, reserved 1048576K
}
2019-01-30T12:57:01.037+0600: 4818.610: Total time for which application threads were stopped: 0.0178937 seconds, Stopping threads took: 0.0000218 seconds
{Heap before GC invocations=19263 (full 20):
 par new generation   total 109248K, used 106819K [0x00000007a0000000, 0x00000007a8000000, 0x00000007a8000000)
  eden space 87424K,  99% used [0x00000007a0000000, 0x00000007a554e978, 0x00000007a5560000)
  from space 21824K,  89% used [0x00000007a6ab0000, 0x00000007a7db2340, 0x00000007a8000000)
  to   space 21824K,   0% used [0x00000007a5560000, 0x00000007a5560000, 0x00000007a6ab0000)
 concurrent mark-sweep generation total 393216K, used 153586K [0x00000007a8000000, 0x00000007c0000000, 0x00000007c0000000)
 Metaspace       used 43672K, capacity 44920K, committed 45100K, reserved 1089536K
  class space    used 5354K, capacity 5667K, committed 5676K, reserved 1048576K
2019-01-30T12:57:01.227+0600: 4818.800: [GC (Allocation Failure) 2019-01-30T12:57:01.227+0600: 4818.800: [ParNew
Desired survivor size 20112992 bytes, new threshold 8 (max 8)
- age   1:   14609888 bytes,   14609888 total
- age   2:        888 bytes,   14610776 total
- age   3:       1120 bytes,   14611896 total
- age   4:       1160 bytes,   14613056 total
- age   5:       1176 bytes,   14614232 total
- age   6:       1000 bytes,   14615232 total
- age   7:       1112 bytes,   14616344 total
: 106819K->21824K(109248K), 0.0142724 secs] 260406K->175410K(502464K), 0.0143781 secs] [Times: user=0.06 sys=0.01, real=0.02 secs] 
Heap after GC invocations=19264 (full 20):
 par new generation   total 109248K, used 21824K [0x00000007a0000000, 0x00000007a8000000, 0x00000007a8000000)
  eden space 87424K,   0% used [0x00000007a0000000, 0x00000007a0000000, 0x00000007a5560000)
  from space 21824K, 100% used [0x00000007a5560000, 0x00000007a6ab0000, 0x00000007a6ab0000)
  to   space 21824K,   0% used [0x00000007a6ab0000, 0x00000007a6ab0000, 0x00000007a8000000)
 concurrent mark-sweep generation total 393216K, used 153586K [0x00000007a8000000, 0x00000007c0000000, 0x00000007c0000000)
 Metaspace       used 43672K, capacity 44920K, committed 45100K, reserved 1089536K
  class space    used 5354K, capacity 5667K, committed 5676K, reserved 1048576K
}
2019-01-30T12:57:01.241+0600: 4818.815: Total time for which application threads were stopped: 0.0146200 seconds, Stopping threads took: 0.0000240 seconds
{Heap before GC invocations=19264 (full 20):
 par new generation   total 109248K, used 109248K [0x00000007a0000000, 0x00000007a8000000, 0x00000007a8000000)
  eden space 87424K, 100% used [0x00000007a0000000, 0x00000007a5560000, 0x00000007a5560000)
  from space 21824K, 100% used [0x00000007a5560000, 0x00000007a6ab0000, 0x00000007a6ab0000)
  to   space 21824K,   0% used [0x00000007a6ab0000, 0x00000007a6ab0000, 0x00000007a8000000)
 concurrent mark-sweep generation total 393216K, used 153586K [0x00000007a8000000, 0x00000007c0000000, 0x00000007c0000000)
 Metaspace       used 43672K, capacity 44920K, committed 45100K, reserved 1089536K
  class space    used 5354K, capacity 5667K, committed 5676K, reserved 1048576K
2019-01-30T12:57:01.452+0600: 4819.025: [GC (Allocation Failure) 2019-01-30T12:57:01.452+0600: 4819.025: [ParNew
Desired survivor size 20112992 bytes, new threshold 8 (max 8)
- age   1:   11086568 bytes,   11086568 total
- age   2:       1008 bytes,   11087576 total
- age   3:        888 bytes,   11088464 total
- age   4:       1120 bytes,   11089584 total
- age   5:       1160 bytes,   11090744 total
- age   6:       1176 bytes,   11091920 total
- age   7:       1000 bytes,   11092920 total
- age   8:       1112 bytes,   11094032 total
: 109248K->14540K(109248K), 0.0172022 secs] 262834K->168127K(502464K), 0.0173269 secs] [Times: user=0.04 sys=0.00, real=0.01 secs] 
Heap after GC invocations=19265 (full 20):
 par new generation   total 109248K, used 14540K [0x00000007a0000000, 0x00000007a8000000, 0x00000007a8000000)
  eden space 87424K,   0% used [0x00000007a0000000, 0x00000007a0000000, 0x00000007a5560000)
  from space 21824K,  66% used [0x00000007a6ab0000, 0x00000007a78e3160, 0x00000007a8000000)
  to   space 21824K,   0% used [0x00000007a5560000, 0x00000007a5560000, 0x00000007a6ab0000)
 concurrent mark-sweep generation total 393216K, used 153586K [0x00000007a8000000, 0x00000007c0000000, 0x00000007c0000000)
 Metaspace       used 43672K, capacity 44920K, committed 45100K, reserved 1089536K
  class space    used 5354K, capacity 5667K, committed 5676K, reserved 1048576K
}
2019-01-30T12:57:01.469+0600: 4819.042: Total time for which application threads were stopped: 0.0176731 seconds, Stopping threads took: 0.0000366 seconds
{Heap before GC invocations=19265 (full 20):
 par new generation   total 109248K, used 101964K [0x00000007a0000000, 0x00000007a8000000, 0x00000007a8000000)
  eden space 87424K, 100% used [0x00000007a0000000, 0x00000007a5560000, 0x00000007a5560000)
  from space 21824K,  66% used [0x00000007a6ab0000, 0x00000007a78e3160, 0x00000007a8000000)
  to   space 21824K,   0% used [0x00000007a5560000, 0x00000007a5560000, 0x00000007a6ab0000)
 concurrent mark-sweep generation total 393216K, used 153586K [0x00000007a8000000, 0x00000007c0000000, 0x00000007c0000000)
 Metaspace       used 43672K, capacity 44920K, committed 45100K, reserved 1089536K
  class space    used 5354K, capacity 5667K, committed 5676K, reserved 1048576K
2019-01-30T12:57:01.739+0600: 4819.312: [GC (Allocation Failure) 2019-01-30T12:57:01.739+0600: 4819.312: [ParNew
Desired survivor size 20112992 bytes, new threshold 8 (max 8)
- age   1:    7690768 bytes,    7690768 total
- age   2:       1160 bytes,    7691928 total
- age   3:       1008 bytes,    7692936 total
- age   4:        888 bytes,    7693824 total
- age   5:       1120 bytes,    7694944 total
- age   6:       1160 bytes,    7696104 total
- age   7:       1176 bytes,    7697280 total
- age   8:       1000 bytes,    7698280 total
: 101964K->11356K(109248K), 0.0105477 secs] 255551K->164944K(502464K), 0.0106662 secs] [Times: user=0.04 sys=0.00, real=0.02 secs] 
Heap after GC invocations=19266 (full 20):
 par new generation   total 109248K, used 11356K [0x00000007a0000000, 0x00000007a8000000, 0x00000007a8000000)
  eden space 87424K,   0% used [0x00000007a0000000, 0x00000007a0000000, 0x00000007a5560000)
  from space 21824K,  52% used [0x00000007a5560000, 0x00000007a60772c0, 0x00000007a6ab0000)
  to   space 21824K,   0% used [0x00000007a6ab0000, 0x00000007a6ab0000, 0x00000007a8000000)
 concurrent mark-sweep generation total 393216K, used 153588K [0x00000007a8000000, 0x00000007c0000000, 0x00000007c0000000)
 Metaspace       used 43672K, capacity 44920K, committed 45100K, reserved 1089536K
  class space    used 5354K, capacity 5667K, committed 5676K, reserved 1048576K
}
2019-01-30T12:57:01.750+0600: 4819.323: Total time for which application threads were stopped: 0.0109437 seconds, Stopping threads took: 0.0000241 seconds
{Heap before GC invocations=19266 (full 20):
 par new generation   total 109248K, used 98780K [0x00000007a0000000, 0x00000007a8000000, 0x00000007a8000000)
  eden space 87424K, 100% used [0x00000007a0000000, 0x00000007a5560000, 0x00000007a5560000)
  from space 21824K,  52% used [0x00000007a5560000, 0x00000007a60772c0, 0x00000007a6ab0000)
  to   space 21824K,   0% used [0x00000007a6ab0000, 0x00000007a6ab0000, 0x00000007a8000000)
 concurrent mark-sweep generation total 393216K, used 153588K [0x00000007a8000000, 0x00000007c0000000, 0x00000007c0000000)
 Metaspace       used 43672K, capacity 44920K, committed 45100K, reserved 1089536K
  class space    used 5354K, capacity 5667K, committed 5676K, reserved 1048576K
2019-01-30T12:57:02.227+0600: 4819.800: [GC (Allocation Failure) 2019-01-30T12:57:02.227+0600: 4819.800: [ParNew
Desired survivor size 20112992 bytes, new threshold 8 (max 8)
- age   1:    5887128 bytes,    5887128 total
- age   2:       1128 bytes,    5888256 total
- age   3:       1160 bytes,    5889416 total
- age   4:       1008 bytes,    5890424 total
- age   5:        888 bytes,    5891312 total
- age   6:       1120 bytes,    5892432 total
- age   7:       1160 bytes,    5893592 total
- age   8:       1176 bytes,    5894768 total
: 98780K->7622K(109248K), 0.0122704 secs] 252368K->161211K(502464K), 0.0124085 secs] [Times: user=0.03 sys=0.01, real=0.02 secs] 
Heap after GC invocations=19267 (full 20):
 par new generation   total 109248K, used 7622K [0x00000007a0000000, 0x00000007a8000000, 0x00000007a8000000)
  eden space 87424K,   0% used [0x00000007a0000000, 0x00000007a0000000, 0x00000007a5560000)
  from space 21824K,  34% used [0x00000007a6ab0000, 0x00000007a7221890, 0x00000007a8000000)
  to   space 21824K,   0% used [0x00000007a5560000, 0x00000007a5560000, 0x00000007a6ab0000)
 concurrent mark-sweep generation total 393216K, used 153589K [0x00000007a8000000, 0x00000007c0000000, 0x00000007c0000000)
 Metaspace       used 43672K, capacity 44920K, committed 45100K, reserved 1089536K
  class space    used 5354K, capacity 5667K, committed 5676K, reserved 1048576K
}
2019-01-30T12:57:02.240+0600: 4819.813: Total time for which application threads were stopped: 0.0127669 seconds, Stopping threads took: 0.0000558 seconds
{Heap before GC invocations=19267 (full 20):
 par new generation   total 109248K, used 95046K [0x00000007a0000000, 0x00000007a8000000, 0x00000007a8000000)
  eden space 87424K, 100% used [0x00000007a0000000, 0x00000007a5560000, 0x00000007a5560000)
  from space 21824K,  34% used [0x00000007a6ab0000, 0x00000007a7221890, 0x00000007a8000000)
  to   space 21824K,   0% used [0x00000007a5560000, 0x00000007a5560000, 0x00000007a6ab0000)
 concurrent mark-sweep generation total 393216K, used 153589K [0x00000007a8000000, 0x00000007c0000000, 0x00000007c0000000)
 Metaspace       used 43672K, capacity 44920K, committed 45100K, reserved 1089536K
  class space    used 5354K, capacity 5667K, committed 5676K, reserved 1048576K
2019-01-30T12:57:02.498+0600: 4820.072: [GC (Allocation Failure) 2019-01-30T12:57:02.498+0600: 4820.072: [ParNew
Desired survivor size 20112992 bytes, new threshold 1 (max 8)
- age   1:   21108392 bytes,   21108392 total
- age   2:       1192 bytes,   21109584 total
- age   3:       1128 bytes,   21110712 total
- age   4:       1160 bytes,   21111872 total
- age   5:       1008 bytes,   21112880 total
- age   6:        888 bytes,   21113768 total
- age   7:       1120 bytes,   21114888 total
- age   8:       1160 bytes,   21116048 total
: 95046K->21824K(109248K), 0.0186607 secs] 248635K->175414K(502464K), 0.0187644 secs] [Times: user=0.07 sys=0.01, real=0.02 secs] 
Heap after GC invocations=19268 (full 20):
 par new generation   total 109248K, used 21824K [0x00000007a0000000, 0x00000007a8000000, 0x00000007a8000000)
  eden space 87424K,   0% used [0x00000007a0000000, 0x00000007a0000000, 0x00000007a5560000)
  from space 21824K, 100% used [0x00000007a5560000, 0x00000007a6ab0000, 0x00000007a6ab0000)
  to   space 21824K,   0% used [0x00000007a6ab0000, 0x00000007a6ab0000, 0x00000007a8000000)
 concurrent mark-sweep generation total 393216K, used 153590K [0x00000007a8000000, 0x00000007c0000000, 0x00000007c0000000)
 Metaspace       used 43672K, capacity 44920K, committed 45100K, reserved 1089536K
  class space    used 5354K, capacity 5667K, committed 5676K, reserved 1048576K
}
2019-01-30T12:57:02.517+0600: 4820.090: Total time for which application threads were stopped: 0.0190072 seconds, Stopping threads took: 0.0000240 seconds
{Heap before GC invocations=19268 (full 20):
 par new generation   total 109248K, used 108248K [0x00000007a0000000, 0x00000007a8000000, 0x00000007a8000000)
  eden space 87424K,  98% used [0x00000007a0000000, 0x00000007a54661a0, 0x00000007a5560000)
  from space 21824K, 100% used [0x00000007a5560000, 0x00000007a6ab0000, 0x00000007a6ab0000)
  to   space 21824K,   0% used [0x00000007a6ab0000, 0x00000007a6ab0000, 0x00000007a8000000)
 concurrent mark-sweep generation total 393216K, used 153590K [0x00000007a8000000, 0x00000007c0000000, 0x00000007c0000000)
 Metaspace       used 43672K, capacity 44920K, committed 45100K, reserved 1089536K
  class space    used 5354K, capacity 5667K, committed 5676K, reserved 1048576K
2019-01-30T12:57:02.714+0600: 4820.287: [GC (Allocation Failure) 2019-01-30T12:57:02.714+0600: 4820.287: [ParNew
Desired survivor size 20112992 bytes, new threshold 8 (max 8)
- age   1:   16024440 bytes,   16024440 total
: 108248K->21824K(109248K), 0.0163761 secs] 261838K->175423K(502464K), 0.0164747 secs] [Times: user=0.06 sys=0.00, real=0.02 secs] 
Heap after GC invocations=19269 (full 20):
 par new generation   total 109248K, used 21824K [0x00000007a0000000, 0x00000007a8000000, 0x00000007a8000000)
  eden space 87424K,   0% used [0x00000007a0000000, 0x00000007a0000000, 0x00000007a5560000)
  from space 21824K, 100% used [0x00000007a6ab0000, 0x00000007a8000000, 0x00000007a8000000)
  to   space 21824K,   0% used [0x00000007a5560000, 0x00000007a5560000, 0x00000007a6ab0000)
 concurrent mark-sweep generation total 393216K, used 153599K [0x00000007a8000000, 0x00000007c0000000, 0x00000007c0000000)
 Metaspace       used 43672K, capacity 44920K, committed 45100K, reserved 1089536K
  class space    used 5354K, capacity 5667K, committed 5676K, reserved 1048576K
}
2019-01-30T12:57:02.730+0600: 4820.303: Total time for which application threads were stopped: 0.0167111 seconds, Stopping threads took: 0.0000234 seconds
{Heap before GC invocations=19269 (full 20):
 par new generation   total 109248K, used 109248K [0x00000007a0000000, 0x00000007a8000000, 0x00000007a8000000)
  eden space 87424K, 100% used [0x00000007a0000000, 0x00000007a5560000, 0x00000007a5560000)
  from space 21824K, 100% used [0x00000007a6ab0000, 0x00000007a8000000, 0x00000007a8000000)
  to   space 21824K,   0% used [0x00000007a5560000, 0x00000007a5560000, 0x00000007a6ab0000)
 concurrent mark-sweep generation total 393216K, used 153599K [0x00000007a8000000, 0x00000007c0000000, 0x00000007c0000000)
 Metaspace       used 43672K, capacity 44920K, committed 45100K, reserved 1089536K
  class space    used 5354K, capacity 5667K, committed 5676K, reserved 1048576K
2019-01-30T12:57:02.924+0600: 4820.497: [GC (Allocation Failure) 2019-01-30T12:57:02.924+0600: 4820.497: [ParNew
Desired survivor size 20112992 bytes, new threshold 8 (max 8)
- age   1:   12775016 bytes,   12775016 total
- age   2:       1024 bytes,   12776040 total
: 109248K->15976K(109248K), 0.0155216 secs] 262847K->169575K(502464K), 0.0156194 secs] [Times: user=0.05 sys=0.00, real=0.02 secs] 
Heap after GC invocations=19270 (full 20):
 par new generation   total 109248K, used 15976K [0x00000007a0000000, 0x00000007a8000000, 0x00000007a8000000)
  eden space 87424K,   0% used [0x00000007a0000000, 0x00000007a0000000, 0x00000007a5560000)
  from space 21824K,  73% used [0x00000007a5560000, 0x00000007a64fa0c0, 0x00000007a6ab0000)
  to   space 21824K,   0% used [0x00000007a6ab0000, 0x00000007a6ab0000, 0x00000007a8000000)
 concurrent mark-sweep generation total 393216K, used 153599K [0x00000007a8000000, 0x00000007c0000000, 0x00000007c0000000)
 Metaspace       used 43672K, capacity 44920K, committed 45100K, reserved 1089536K
  class space    used 5354K, capacity 5667K, committed 5676K, reserved 1048576K
}
2019-01-30T12:57:02.940+0600: 4820.513: Total time for which application threads were stopped: 0.0158575 seconds, Stopping threads took: 0.0000239 seconds
{Heap before GC invocations=19270 (full 20):
 par new generation   total 109248K, used 103400K [0x00000007a0000000, 0x00000007a8000000, 0x00000007a8000000)
  eden space 87424K, 100% used [0x00000007a0000000, 0x00000007a5560000, 0x00000007a5560000)
  from space 21824K,  73% used [0x00000007a5560000, 0x00000007a64fa0c0, 0x00000007a6ab0000)
  to   space 21824K,   0% used [0x00000007a6ab0000, 0x00000007a6ab0000, 0x00000007a8000000)
 concurrent mark-sweep generation total 393216K, used 153599K [0x00000007a8000000, 0x00000007c0000000, 0x00000007c0000000)
 Metaspace       used 43672K, capacity 44920K, committed 45100K, reserved 1089536K
  class space    used 5354K, capacity 5667K, committed 5676K, reserved 1048576K
2019-01-30T12:57:03.163+0600: 4820.736: [GC (Allocation Failure) 2019-01-30T12:57:03.163+0600: 4820.736: [ParNew
Desired survivor size 20112992 bytes, new threshold 8 (max 8)
- age   1:    9502864 bytes,    9502864 total
- age   2:       1056 bytes,    9503920 total
- age   3:       1024 bytes,    9504944 total
: 103400K->17459K(109248K), 0.0134091 secs] 256999K->171058K(502464K), 0.0135046 secs] [Times: user=0.03 sys=0.00, real=0.01 secs] 
Heap after GC invocations=19271 (full 20):
 par new generation   total 109248K, used 17459K [0x00000007a0000000, 0x00000007a8000000, 0x00000007a8000000)
  eden space 87424K,   0% used [0x00000007a0000000, 0x00000007a0000000, 0x00000007a5560000)
  from space 21824K,  80% used [0x00000007a6ab0000, 0x00000007a7bbceb0, 0x00000007a8000000)
  to   space 21824K,   0% used [0x00000007a5560000, 0x00000007a5560000, 0x00000007a6ab0000)
 concurrent mark-sweep generation total 393216K, used 153599K [0x00000007a8000000, 0x00000007c0000000, 0x00000007c0000000)
 Metaspace       used 43672K, capacity 44920K, committed 45100K, reserved 1089536K
  class space    used 5354K, capacity 5667K, committed 5676K, reserved 1048576K
}
2019-01-30T12:57:03.177+0600: 4820.750: Total time for which application threads were stopped: 0.0137234 seconds, Stopping threads took: 0.0000218 seconds
{Heap before GC invocations=19271 (full 20):
 par new generation   total 109248K, used 104883K [0x00000007a0000000, 0x00000007a8000000, 0x00000007a8000000)
  eden space 87424K, 100% used [0x00000007a0000000, 0x00000007a5560000, 0x00000007a5560000)
  from space 21824K,  80% used [0x00000007a6ab0000, 0x00000007a7bbceb0, 0x00000007a8000000)
  to   space 21824K,   0% used [0x00000007a5560000, 0x00000007a5560000, 0x00000007a6ab0000)
 concurrent mark-sweep generation total 393216K, used 153599K [0x00000007a8000000, 0x00000007c0000000, 0x00000007c0000000)
 Metaspace       used 43672K, capacity 44920K, committed 45100K, reserved 1089536K
  class space    used 5354K, capacity 5667K, committed 5676K, reserved 1048576K
2019-01-30T12:57:03.410+0600: 4820.983: [GC (Allocation Failure) 2019-01-30T12:57:03.410+0600: 4820.983: [ParNew
Desired survivor size 20112992 bytes, new threshold 8 (max 8)
- age   1:    5960344 bytes,    5960344 total
- age   2:       1120 bytes,    5961464 total
- age   3:       1056 bytes,    5962520 total
- age   4:       1024 bytes,    5963544 total
: 104883K->8138K(109248K), 0.0114226 secs] 258482K->161737K(502464K), 0.0115268 secs] [Times: user=0.03 sys=0.00, real=0.01 secs] 
Heap after GC invocations=19272 (full 20):
 par new generation   total 109248K, used 8138K [0x00000007a0000000, 0x00000007a8000000, 0x00000007a8000000)
  eden space 87424K,   0% used [0x00000007a0000000, 0x00000007a0000000, 0x00000007a5560000)
  from space 21824K,  37% used [0x00000007a5560000, 0x00000007a5d52868, 0x00000007a6ab0000)
  to   space 21824K,   0% used [0x00000007a6ab0000, 0x00000007a6ab0000, 0x00000007a8000000)
 concurrent mark-sweep generation total 393216K, used 153599K [0x00000007a8000000, 0x00000007c0000000, 0x00000007c0000000)
 Metaspace       used 43672K, capacity 44920K, committed 45100K, reserved 1089536K
  class space    used 5354K, capacity 5667K, committed 5676K, reserved 1048576K
}
2019-01-30T12:57:03.421+0600: 4820.994: Total time for which application threads were stopped: 0.0118218 seconds, Stopping threads took: 0.0000505 seconds
{Heap before GC invocations=19272 (full 20):
 par new generation   total 109248K, used 95562K [0x00000007a0000000, 0x00000007a8000000, 0x00000007a8000000)
  eden space 87424K, 100% used [0x00000007a0000000, 0x00000007a5560000, 0x00000007a5560000)
  from space 21824K,  37% used [0x00000007a5560000, 0x00000007a5d52868, 0x00000007a6ab0000)
  to   space 21824K,   0% used [0x00000007a6ab0000, 0x00000007a6ab0000, 0x00000007a8000000)
 concurrent mark-sweep generation total 393216K, used 153599K [0x00000007a8000000, 0x00000007c0000000, 0x00000007c0000000)
 Metaspace       used 43672K, capacity 44920K, committed 45100K, reserved 1089536K
  class space    used 5354K, capacity 5667K, committed 5676K, reserved 1048576K
2019-01-30T12:57:03.830+0600: 4821.403: [GC (Allocation Failure) 2019-01-30T12:57:03.830+0600: 4821.403: [ParNew
Desired survivor size 20112992 bytes, new threshold 8 (max 8)
- age   1:    5881968 bytes,    5881968 total
- age   2:       1208 bytes,    5883176 total
- age   3:       1120 bytes,    5884296 total
- age   4:       1056 bytes,    5885352 total
- age   5:       1024 bytes,    5886376 total
: 95562K->6880K(109248K), 0.0130922 secs] 249161K->160479K(502464K), 0.0131971 secs] [Times: user=0.03 sys=0.00, real=0.01 secs] 
Heap after GC invocations=19273 (full 20):
 par new generation   total 109248K, used 6880K [0x00000007a0000000, 0x00000007a8000000, 0x00000007a8000000)
  eden space 87424K,   0% used [0x00000007a0000000, 0x00000007a0000000, 0x00000007a5560000)
  from space 21824K,  31% used [0x00000007a6ab0000, 0x00000007a7168190, 0x00000007a8000000)
  to   space 21824K,   0% used [0x00000007a5560000, 0x00000007a5560000, 0x00000007a6ab0000)
 concurrent mark-sweep generation total 393216K, used 153599K [0x00000007a8000000, 0x00000007c0000000, 0x00000007c0000000)
 Metaspace       used 43672K, capacity 44920K, committed 45100K, reserved 1089536K
  class space    used 5354K, capacity 5667K, committed 5676K, reserved 1048576K
}
2019-01-30T12:57:03.843+0600: 4821.416: Total time for which application threads were stopped: 0.0135478 seconds, Stopping threads took: 0.0000287 seconds
{Heap before GC invocations=19273 (full 20):
 par new generation   total 109248K, used 94304K [0x00000007a0000000, 0x00000007a8000000, 0x00000007a8000000)
  eden space 87424K, 100% used [0x00000007a0000000, 0x00000007a5560000, 0x00000007a5560000)
  from space 21824K,  31% used [0x00000007a6ab0000, 0x00000007a7168190, 0x00000007a8000000)
  to   space 21824K,   0% used [0x00000007a5560000, 0x00000007a5560000, 0x00000007a6ab0000)
 concurrent mark-sweep generation total 393216K, used 153599K [0x00000007a8000000, 0x00000007c0000000, 0x00000007c0000000)
 Metaspace       used 43672K, capacity 44920K, committed 45100K, reserved 1089536K
  class space    used 5354K, capacity 5667K, committed 5676K, reserved 1048576K
2019-01-30T12:57:04.091+0600: 4821.664: [GC (Allocation Failure) 2019-01-30T12:57:04.110+0600: 4821.683: [ParNew
Desired survivor size 20112992 bytes, new threshold 8 (max 8)
- age   1:   19159840 bytes,   19159840 total
- age   2:       1144 bytes,   19160984 total
- age   3:       1208 bytes,   19162192 total
- age   4:       1120 bytes,   19163312 total
- age   5:       1056 bytes,   19164368 total
- age   6:       1024 bytes,   19165392 total
: 94304K->21615K(109248K), 0.0181326 secs] 247903K->175214K(502464K), 0.0373582 secs] [Times: user=0.07 sys=0.00, real=0.03 secs] 
Heap after GC invocations=19274 (full 20):
 par new generation   total 109248K, used 21615K [0x00000007a0000000, 0x00000007a8000000, 0x00000007a8000000)
  eden space 87424K,   0% used [0x00000007a0000000, 0x00000007a0000000, 0x00000007a5560000)
  from space 21824K,  99% used [0x00000007a5560000, 0x00000007a6a7bf40, 0x00000007a6ab0000)
  to   space 21824K,   0% used [0x00000007a6ab0000, 0x00000007a6ab0000, 0x00000007a8000000)
 concurrent mark-sweep generation total 393216K, used 153599K [0x00000007a8000000, 0x00000007c0000000, 0x00000007c0000000)
 Metaspace       used 43672K, capacity 44920K, committed 45100K, reserved 1089536K
  class space    used 5354K, capacity 5667K, committed 5676K, reserved 1048576K
}
2019-01-30T12:57:04.129+0600: 4821.702: Total time for which application threads were stopped: 0.0375910 seconds, Stopping threads took: 0.0000210 seconds
{Heap before GC invocations=19274 (full 20):
 par new generation   total 109248K, used 109039K [0x00000007a0000000, 0x00000007a8000000, 0x00000007a8000000)
  eden space 87424K, 100% used [0x00000007a0000000, 0x00000007a5560000, 0x00000007a5560000)
  from space 21824K,  99% used [0x00000007a5560000, 0x00000007a6a7bf40, 0x00000007a6ab0000)
  to   space 21824K,   0% used [0x00000007a6ab0000, 0x00000007a6ab0000, 0x00000007a8000000)
 concurrent mark-sweep generation total 393216K, used 153599K [0x00000007a8000000, 0x00000007c0000000, 0x00000007c0000000)
 Metaspace       used 43672K, capacity 44920K, committed 45100K, reserved 1089536K
  class space    used 5354K, capacity 5667K, committed 5676K, reserved 1048576K
2019-01-30T12:57:04.332+0600: 4821.905: [GC (Allocation Failure) 2019-01-30T12:57:04.332+0600: 4821.905: [ParNew
Desired survivor size 20112992 bytes, new threshold 8 (max 8)
- age   1:   14610048 bytes,   14610048 total
- age   2:        936 bytes,   14610984 total
- age   3:       1144 bytes,   14612128 total
- age   4:       1208 bytes,   14613336 total
- age   5:       1120 bytes,   14614456 total
- age   6:       1056 bytes,   14615512 total
- age   7:       1024 bytes,   14616536 total
: 109039K->21105K(109248K), 0.0144301 secs] 262638K->174704K(502464K), 0.0145322 secs] [Times: user=0.05 sys=0.00, real=0.01 secs] 
Heap after GC invocations=19275 (full 20):
 par new generation   total 109248K, used 21105K [0x00000007a0000000, 0x00000007a8000000, 0x00000007a8000000)
  eden space 87424K,   0% used [0x00000007a0000000, 0x00000007a0000000, 0x00000007a5560000)
  from space 21824K,  96% used [0x00000007a6ab0000, 0x00000007a7f4c4e0, 0x00000007a8000000)
  to   space 21824K,   0% used [0x00000007a5560000, 0x00000007a5560000, 0x00000007a6ab0000)
 concurrent mark-sweep generation total 393216K, used 153599K [0x00000007a8000000, 0x00000007c0000000, 0x00000007c0000000)
 Metaspace       used 43672K, capacity 44920K, committed 45100K, reserved 1089536K
  class space    used 5354K, capacity 5667K, committed 5676K, reserved 1048576K
}
2019-01-30T12:57:04.346+0600: 4821.919: Total time for which application threads were stopped: 0.0147623 seconds, Stopping threads took: 0.0000238 seconds
{Heap before GC invocations=19275 (full 20):
 par new generation   total 109248K, used 108529K [0x00000007a0000000, 0x00000007a8000000, 0x00000007a8000000)
  eden space 87424K, 100% used [0x00000007a0000000, 0x00000007a5560000, 0x00000007a5560000)
  from space 21824K,  96% used [0x00000007a6ab0000, 0x00000007a7f4c4e0, 0x00000007a8000000)
  to   space 21824K,   0% used [0x00000007a5560000, 0x00000007a5560000, 0x00000007a6ab0000)
 concurrent mark-sweep generation total 393216K, used 153599K [0x00000007a8000000, 0x00000007c0000000, 0x00000007c0000000)
 Metaspace       used 43672K, capacity 44920K, committed 45100K, reserved 1089536K
  class space    used 5354K, capacity 5667K, committed 5676K, reserved 1048576K
2019-01-30T12:57:04.555+0600: 4822.128: [GC (Allocation Failure) 2019-01-30T12:57:04.555+0600: 4822.128: [ParNew
Desired survivor size 20112992 bytes, new threshold 8 (max 8)
- age   1:   11054936 bytes,   11054936 total
- age   2:       1000 bytes,   11055936 total
- age   3:        936 bytes,   11056872 total
- age   4:       1144 bytes,   11058016 total
- age   5:       1208 bytes,   11059224 total
- age   6:       1120 bytes,   11060344 total
- age   7:       1056 bytes,   11061400 total
- age   8:       1024 bytes,   11062424 total
: 108529K->16735K(109248K), 0.0121759 secs] 262128K->170334K(502464K), 0.0122892 secs] [Times: user=0.04 sys=0.00, real=0.01 secs] 
Heap after GC invocations=19276 (full 20):
 par new generation   total 109248K, used 16735K [0x00000007a0000000, 0x00000007a8000000, 0x00000007a8000000)
  eden space 87424K,   0% used [0x00000007a0000000, 0x00000007a0000000, 0x00000007a5560000)
  from space 21824K,  76% used [0x00000007a5560000, 0x00000007a65b7e40, 0x00000007a6ab0000)
  to   space 21824K,   0% used [0x00000007a6ab0000, 0x00000007a6ab0000, 0x00000007a8000000)
 concurrent mark-sweep generation total 393216K, used 153599K [0x00000007a8000000, 0x00000007c0000000, 0x00000007c0000000)
 Metaspace       used 43672K, capacity 44920K, committed 45100K, reserved 1089536K
  class space    used 5354K, capacity 5667K, committed 5676K, reserved 1048576K
}
2019-01-30T12:57:04.568+0600: 4822.141: Total time for which application threads were stopped: 0.0125268 seconds, Stopping threads took: 0.0000253 seconds
{Heap before GC invocations=19276 (full 20):
 par new generation   total 109248K, used 104159K [0x00000007a0000000, 0x00000007a8000000, 0x00000007a8000000)
  eden space 87424K, 100% used [0x00000007a0000000, 0x00000007a5560000, 0x00000007a5560000)
  from space 21824K,  76% used [0x00000007a5560000, 0x00000007a65b7e40, 0x00000007a6ab0000)
  to   space 21824K,   0% used [0x00000007a6ab0000, 0x00000007a6ab0000, 0x00000007a8000000)
 concurrent mark-sweep generation total 393216K, used 153599K [0x00000007a8000000, 0x00000007c0000000, 0x00000007c0000000)
 Metaspace       used 43672K, capacity 44920K, committed 45100K, reserved 1089536K
  class space    used 5354K, capacity 5667K, committed 5676K, reserved 1048576K
2019-01-30T12:57:04.778+0600: 4822.351: [GC (Allocation Failure) 2019-01-30T12:57:04.778+0600: 4822.351: [ParNew
Desired survivor size 20112992 bytes, new threshold 8 (max 8)
- age   1:    7691024 bytes,    7691024 total
- age   2:       1200 bytes,    7692224 total
- age   3:       1000 bytes,    7693224 total
- age   4:        936 bytes,    7694160 total
- age   5:       1144 bytes,    7695304 total
- age   6:       1208 bytes,    7696512 total
- age   7:       1120 bytes,    7697632 total
- age   8:       1056 bytes,    7698688 total
: 104159K->9411K(109248K), 0.0168565 secs] 257758K->163011K(502464K), 0.0170833 secs] [Times: user=0.03 sys=0.00, real=0.02 secs] 
Heap after GC invocations=19277 (full 20):
 par new generation   total 109248K, used 9411K [0x00000007a0000000, 0x00000007a8000000, 0x00000007a8000000)
  eden space 87424K,   0% used [0x00000007a0000000, 0x00000007a0000000, 0x00000007a5560000)
  from space 21824K,  43% used [0x00000007a6ab0000, 0x00000007a73e0d18, 0x00000007a8000000)
  to   space 21824K,   0% used [0x00000007a5560000, 0x00000007a5560000, 0x00000007a6ab0000)
 concurrent mark-sweep generation total 393216K, used 153600K [0x00000007a8000000, 0x00000007c0000000, 0x00000007c0000000)
 Metaspace       used 43672K, capacity 44920K, committed 45100K, reserved 1089536K
  class space    used 5354K, capacity 5667K, committed 5676K, reserved 1048576K
}
2019-01-30T12:57:04.795+0600: 4822.368: Total time for which application threads were stopped: 0.0175629 seconds, Stopping threads took: 0.0000221 seconds
{Heap before GC invocations=19277 (full 20):
 par new generation   total 109248K, used 96835K [0x00000007a0000000, 0x00000007a8000000, 0x00000007a8000000)
  eden space 87424K, 100% used [0x00000007a0000000, 0x00000007a5560000, 0x00000007a5560000)
  from space 21824K,  43% used [0x00000007a6ab0000, 0x00000007a73e0d18, 0x00000007a8000000)
  to   space 21824K,   0% used [0x00000007a5560000, 0x00000007a5560000, 0x00000007a6ab0000)
 concurrent mark-sweep generation total 393216K, used 153600K [0x00000007a8000000, 0x00000007c0000000, 0x00000007c0000000)
 Metaspace       used 43672K, capacity 44920K, committed 45100K, reserved 1089536K
  class space    used 5354K, capacity 5667K, committed 5676K, reserved 1048576K
2019-01-30T12:57:05.028+0600: 4822.601: [GC (Allocation Failure) 2019-01-30T12:57:05.028+0600: 4822.601: [ParNew
Desired survivor size 20112992 bytes, new threshold 8 (max 8)
- age   1:    5886880 bytes,    5886880 total
- age   2:       1216 bytes,    5888096 total
- age   3:       1200 bytes,    5889296 total
- age   4:       1000 bytes,    5890296 total
- age   5:        936 bytes,    5891232 total
- age   6:       1144 bytes,    5892376 total
- age   7:       1208 bytes,    5893584 total
- age   8:       1120 bytes,    5894704 total
: 96835K->6474K(109248K), 0.0110807 secs] 250435K->160075K(502464K), 0.0111876 secs] [Times: user=0.02 sys=0.00, real=0.01 secs] 
Heap after GC invocations=19278 (full 20):
 par new generation   total 109248K, used 6474K [0x00000007a0000000, 0x00000007a8000000, 0x00000007a8000000)
  eden space 87424K,   0% used [0x00000007a0000000, 0x00000007a0000000, 0x00000007a5560000)
  from space 21824K,  29% used [0x00000007a5560000, 0x00000007a5bb2910, 0x00000007a6ab0000)
  to   space 21824K,   0% used [0x00000007a6ab0000, 0x00000007a6ab0000, 0x00000007a8000000)
 concurrent mark-sweep generation total 393216K, used 153601K [0x00000007a8000000, 0x00000007c0000000, 0x00000007c0000000)
 Metaspace       used 43672K, capacity 44920K, committed 45100K, reserved 1089536K
  class space    used 5354K, capacity 5667K, committed 5676K, reserved 1048576K
}
2019-01-30T12:57:05.039+0600: 4822.612: Total time for which application threads were stopped: 0.0114658 seconds, Stopping threads took: 0.0000223 seconds
{Heap before GC invocations=19278 (full 20):
 par new generation   total 109248K, used 93898K [0x00000007a0000000, 0x00000007a8000000, 0x00000007a8000000)
  eden space 87424K, 100% used [0x00000007a0000000, 0x00000007a5560000, 0x00000007a5560000)
  from space 21824K,  29% used [0x00000007a5560000, 0x00000007a5bb2910, 0x00000007a6ab0000)
  to   space 21824K,   0% used [0x00000007a6ab0000, 0x00000007a6ab0000, 0x00000007a8000000)
 concurrent mark-sweep generation total 393216K, used 153601K [0x00000007a8000000, 0x00000007c0000000, 0x00000007c0000000)
 Metaspace       used 43672K, capacity 44920K, committed 45100K, reserved 1089536K
  class space    used 5354K, capacity 5667K, committed 5676K, reserved 1048576K
2019-01-30T12:57:05.306+0600: 4822.879: [GC (Allocation Failure) 2019-01-30T12:57:05.306+0600: 4822.879: [ParNew
Desired survivor size 20112992 bytes, new threshold 1 (max 8)
- age   1:   21108720 bytes,   21108720 total
- age   2:       1144 bytes,   21109864 total
- age   3:       1216 bytes,   21111080 total
- age   4:       1200 bytes,   21112280 total
- age   5:       1000 bytes,   21113280 total
- age   6:        936 bytes,   21114216 total
- age   7:       1144 bytes,   21115360 total
- age   8:       1208 bytes,   21116568 total
: 93898K->21824K(109248K), 0.0192999 secs] 247499K->175426K(502464K), 0.0193940 secs] [Times: user=0.07 sys=0.00, real=0.02 secs] 
Heap after GC invocations=19279 (full 20):
 par new generation   total 109248K, used 21824K [0x00000007a0000000, 0x00000007a8000000, 0x00000007a8000000)
  eden space 87424K,   0% used [0x00000007a0000000, 0x00000007a0000000, 0x00000007a5560000)
  from space 21824K, 100% used [0x00000007a6ab0000, 0x00000007a8000000, 0x00000007a8000000)
  to   space 21824K,   0% used [0x00000007a5560000, 0x00000007a5560000, 0x00000007a6ab0000)
 concurrent mark-sweep generation total 393216K, used 153602K [0x00000007a8000000, 0x00000007c0000000, 0x00000007c0000000)
 Metaspace       used 43672K, capacity 44920K, committed 45100K, reserved 1089536K
  class space    used 5354K, capacity 5667K, committed 5676K, reserved 1048576K
}
2019-01-30T12:57:05.325+0600: 4822.898: Total time for which application threads were stopped: 0.0196415 seconds, Stopping threads took: 0.0000239 seconds
{Heap before GC invocations=19279 (full 20):
 par new generation   total 109248K, used 109248K [0x00000007a0000000, 0x00000007a8000000, 0x00000007a8000000)
  eden space 87424K, 100% used [0x00000007a0000000, 0x00000007a5560000, 0x00000007a5560000)
  from space 21824K, 100% used [0x00000007a6ab0000, 0x00000007a8000000, 0x00000007a8000000)
  to   space 21824K,   0% used [0x00000007a5560000, 0x00000007a5560000, 0x00000007a6ab0000)
 concurrent mark-sweep generation total 393216K, used 153602K [0x00000007a8000000, 0x00000007c0000000, 0x00000007c0000000)
 Metaspace       used 43672K, capacity 44920K, committed 45100K, reserved 1089536K
  class space    used 5354K, capacity 5667K, committed 5676K, reserved 1048576K
2019-01-30T12:57:05.540+0600: 4823.113: [GC (Allocation Failure) 2019-01-30T12:57:05.541+0600: 4823.114: [ParNew
Desired survivor size 20112992 bytes, new threshold 8 (max 8)
- age   1:   17016984 bytes,   17016984 total
: 109248K->21824K(109248K), 0.0169583 secs] 262850K->175492K(502464K), 0.0170608 secs] [Times: user=0.06 sys=0.00, real=0.01 secs] 
Heap after GC invocations=19280 (full 20):
 par new generation   total 109248K, used 21824K [0x00000007a0000000, 0x00000007a8000000, 0x00000007a8000000)
  eden space 87424K,   0% used [0x00000007a0000000, 0x00000007a0000000, 0x00000007a5560000)
  from space 21824K, 100% used [0x00000007a5560000, 0x00000007a6ab0000, 0x00000007a6ab0000)
  to   space 21824K,   0% used [0x00000007a6ab0000, 0x00000007a6ab0000, 0x00000007a8000000)
 concurrent mark-sweep generation total 393216K, used 153668K [0x00000007a8000000, 0x00000007c0000000, 0x00000007c0000000)
 Metaspace       used 43672K, capacity 44920K, committed 45100K, reserved 1089536K
  class space    used 5354K, capacity 5667K, committed 5676K, reserved 1048576K
}
2019-01-30T12:57:05.558+0600: 4823.131: Total time for which application threads were stopped: 0.0173145 seconds, Stopping threads took: 0.0000239 seconds
{Heap before GC invocations=19280 (full 20):
 par new generation   total 109248K, used 109248K [0x00000007a0000000, 0x00000007a8000000, 0x00000007a8000000)
  eden space 87424K, 100% used [0x00000007a0000000, 0x00000007a5560000, 0x00000007a5560000)
  from space 21824K, 100% used [0x00000007a5560000, 0x00000007a6ab0000, 0x00000007a6ab0000)
  to   space 21824K,   0% used [0x00000007a6ab0000, 0x00000007a6ab0000, 0x00000007a8000000)
 concurrent mark-sweep generation total 393216K, used 153668K [0x00000007a8000000, 0x00000007c0000000, 0x00000007c0000000)
 Metaspace       used 43672K, capacity 44920K, committed 45100K, reserved 1089536K
  class space    used 5354K, capacity 5667K, committed 5676K, reserved 1048576K
2019-01-30T12:57:05.809+0600: 4823.382: [GC (Allocation Failure) 2019-01-30T12:57:05.809+0600: 4823.382: [ParNew
Desired survivor size 20112992 bytes, new threshold 8 (max 8)
- age   1:   13549280 bytes,   13549280 total
- age   2:       2344 bytes,   13551624 total
: 109248K->17151K(109248K), 0.0167253 secs] 262916K->170820K(502464K), 0.0168365 secs] [Times: user=0.05 sys=0.00, real=0.02 secs] 
Heap after GC invocations=19281 (full 20):
 par new generation   total 109248K, used 17151K [0x00000007a0000000, 0x00000007a8000000, 0x00000007a8000000)
  eden space 87424K,   0% used [0x00000007a0000000, 0x00000007a0000000, 0x00000007a5560000)
  from space 21824K,  78% used [0x00000007a6ab0000, 0x00000007a7b6fec8, 0x00000007a8000000)
  to   space 21824K,   0% used [0x00000007a5560000, 0x00000007a5560000, 0x00000007a6ab0000)
 concurrent mark-sweep generation total 393216K, used 153668K [0x00000007a8000000, 0x00000007c0000000, 0x00000007c0000000)
 Metaspace       used 43672K, capacity 44920K, committed 45100K, reserved 1089536K
  class space    used 5354K, capacity 5667K, committed 5676K, reserved 1048576K
}
2019-01-30T12:57:05.826+0600: 4823.399: Total time for which application threads were stopped: 0.0171532 seconds, Stopping threads took: 0.0000229 seconds
{Heap before GC invocations=19281 (full 20):
 par new generation   total 109248K, used 104188K [0x00000007a0000000, 0x00000007a8000000, 0x00000007a8000000)
  eden space 87424K,  99% used [0x00000007a0000000, 0x00000007a54ff230, 0x00000007a5560000)
  from space 21824K,  78% used [0x00000007a6ab0000, 0x00000007a7b6fec8, 0x00000007a8000000)
  to   space 21824K,   0% used [0x00000007a5560000, 0x00000007a5560000, 0x00000007a6ab0000)
 concurrent mark-sweep generation total 393216K, used 153668K [0x00000007a8000000, 0x00000007c0000000, 0x00000007c0000000)
 Metaspace       used 43672K, capacity 44920K, committed 45100K, reserved 1089536K
  class space    used 5354K, capacity 5667K, committed 5676K, reserved 1048576K
2019-01-30T12:57:06.056+0600: 4823.629: [GC (Allocation Failure) 2019-01-30T12:57:06.056+0600: 4823.629: [ParNew
Desired survivor size 20112992 bytes, new threshold 8 (max 8)
- age   1:    9526040 bytes,    9526040 total
- age   2:       1008 bytes,    9527048 total
- age   3:       2344 bytes,    9529392 total
: 104188K->14826K(109248K), 0.0119172 secs] 257857K->168494K(502464K), 0.0120256 secs] [Times: user=0.04 sys=0.00, real=0.01 secs] 
Heap after GC invocations=19282 (full 20):
 par new generation   total 109248K, used 14826K [0x00000007a0000000, 0x00000007a8000000, 0x00000007a8000000)
  eden space 87424K,   0% used [0x00000007a0000000, 0x00000007a0000000, 0x00000007a5560000)
  from space 21824K,  67% used [0x00000007a5560000, 0x00000007a63da800, 0x00000007a6ab0000)
  to   space 21824K,   0% used [0x00000007a6ab0000, 0x00000007a6ab0000, 0x00000007a8000000)
 concurrent mark-sweep generation total 393216K, used 153668K [0x00000007a8000000, 0x00000007c0000000, 0x00000007c0000000)
 Metaspace       used 43672K, capacity 44920K, committed 45100K, reserved 1089536K
  class space    used 5354K, capacity 5667K, committed 5676K, reserved 1048576K
}
2019-01-30T12:57:06.068+0600: 4823.641: Total time for which application threads were stopped: 0.0123108 seconds, Stopping threads took: 0.0000370 seconds
{Heap before GC invocations=19282 (full 20):
 par new generation   total 109248K, used 102250K [0x00000007a0000000, 0x00000007a8000000, 0x00000007a8000000)
  eden space 87424K, 100% used [0x00000007a0000000, 0x00000007a5560000, 0x00000007a5560000)
  from space 21824K,  67% used [0x00000007a5560000, 0x00000007a63da800, 0x00000007a6ab0000)
  to   space 21824K,   0% used [0x00000007a6ab0000, 0x00000007a6ab0000, 0x00000007a8000000)
 concurrent mark-sweep generation total 393216K, used 153668K [0x00000007a8000000, 0x00000007c0000000, 0x00000007c0000000)
 Metaspace       used 43672K, capacity 44920K, committed 45100K, reserved 1089536K
  class space    used 5354K, capacity 5667K, committed 5676K, reserved 1048576K
2019-01-30T12:57:06.273+0600: 4823.846: [GC (Allocation Failure) 2019-01-30T12:57:06.273+0600: 4823.846: [ParNew
Desired survivor size 20112992 bytes, new threshold 8 (max 8)
- age   1:    5995064 bytes,    5995064 total
- age   2:       1152 bytes,    5996216 total
- age   3:       1008 bytes,    5997224 total
- age   4:       2344 bytes,    5999568 total
: 102250K->9383K(109248K), 0.0092811 secs] 255918K->163052K(502464K), 0.0094044 secs] [Times: user=0.03 sys=0.00, real=0.01 secs] 
Heap after GC invocations=19283 (full 20):
 par new generation   total 109248K, used 9383K [0x00000007a0000000, 0x00000007a8000000, 0x00000007a8000000)
  eden space 87424K,   0% used [0x00000007a0000000, 0x00000007a0000000, 0x00000007a5560000)
  from space 21824K,  42% used [0x00000007a6ab0000, 0x00000007a73d9e10, 0x00000007a8000000)
  to   space 21824K,   0% used [0x00000007a5560000, 0x00000007a5560000, 0x00000007a6ab0000)
 concurrent mark-sweep generation total 393216K, used 153668K [0x00000007a8000000, 0x00000007c0000000, 0x00000007c0000000)
 Metaspace       used 43672K, capacity 44920K, committed 45100K, reserved 1089536K
  class space    used 5354K, capacity 5667K, committed 5676K, reserved 1048576K
}
2019-01-30T12:57:06.283+0600: 4823.856: Total time for which application threads were stopped: 0.0096823 seconds, Stopping threads took: 0.0000229 seconds
{Heap before GC invocations=19283 (full 20):
 par new generation   total 109248K, used 96807K [0x00000007a0000000, 0x00000007a8000000, 0x00000007a8000000)
  eden space 87424K, 100% used [0x00000007a0000000, 0x00000007a5560000, 0x00000007a5560000)
  from space 21824K,  42% used [0x00000007a6ab0000, 0x00000007a73d9e10, 0x00000007a8000000)
  to   space 21824K,   0% used [0x00000007a5560000, 0x00000007a5560000, 0x00000007a6ab0000)
 concurrent mark-sweep generation total 393216K, used 153668K [0x00000007a8000000, 0x00000007c0000000, 0x00000007c0000000)
 Metaspace       used 43672K, capacity 44920K, committed 45100K, reserved 1089536K
  class space    used 5354K, capacity 5667K, committed 5676K, reserved 1048576K
2019-01-30T12:57:06.565+0600: 4824.138: [GC (Allocation Failure) 2019-01-30T12:57:06.565+0600: 4824.138: [ParNew
Desired survivor size 20112992 bytes, new threshold 8 (max 8)
- age   1:    5886680 bytes,    5886680 total
- age   2:       1104 bytes,    5887784 total
- age   3:       1152 bytes,    5888936 total
- age   4:       1008 bytes,    5889944 total
- age   5:       2344 bytes,    5892288 total
: 96807K->6658K(109248K), 0.0135448 secs] 250476K->160327K(502464K), 0.0136883 secs] [Times: user=0.03 sys=0.00, real=0.01 secs] 
Heap after GC invocations=19284 (full 20):
 par new generation   total 109248K, used 6658K [0x00000007a0000000, 0x00000007a8000000, 0x00000007a8000000)
  eden space 87424K,   0% used [0x00000007a0000000, 0x00000007a0000000, 0x00000007a5560000)
  from space 21824K,  30% used [0x00000007a5560000, 0x00000007a5be08a0, 0x00000007a6ab0000)
  to   space 21824K,   0% used [0x00000007a6ab0000, 0x00000007a6ab0000, 0x00000007a8000000)
 concurrent mark-sweep generation total 393216K, used 153668K [0x00000007a8000000, 0x00000007c0000000, 0x00000007c0000000)
 Metaspace       used 43672K, capacity 44920K, committed 45100K, reserved 1089536K
  class space    used 5354K, capacity 5667K, committed 5676K, reserved 1048576K
}
2019-01-30T12:57:06.579+0600: 4824.152: Total time for which application threads were stopped: 0.0140460 seconds, Stopping threads took: 0.0000266 seconds
{Heap before GC invocations=19284 (full 20):
 par new generation   total 109248K, used 94082K [0x00000007a0000000, 0x00000007a8000000, 0x00000007a8000000)
  eden space 87424K, 100% used [0x00000007a0000000, 0x00000007a5560000, 0x00000007a5560000)
  from space 21824K,  30% used [0x00000007a5560000, 0x00000007a5be08a0, 0x00000007a6ab0000)
  to   space 21824K,   0% used [0x00000007a6ab0000, 0x00000007a6ab0000, 0x00000007a8000000)
 concurrent mark-sweep generation total 393216K, used 153668K [0x00000007a8000000, 0x00000007c0000000, 0x00000007c0000000)
 Metaspace       used 43672K, capacity 44920K, committed 45100K, reserved 1089536K
  class space    used 5354K, capacity 5667K, committed 5676K, reserved 1048576K
2019-01-30T12:57:06.843+0600: 4824.416: [GC (Allocation Failure) 2019-01-30T12:57:06.844+0600: 4824.417: [ParNew
Desired survivor size 20112992 bytes, new threshold 8 (max 8)
- age   1:   19236896 bytes,   19236896 total
- age   2:       1128 bytes,   19238024 total
- age   3:       1104 bytes,   19239128 total
- age   4:       1152 bytes,   19240280 total
- age   5:       1008 bytes,   19241288 total
- age   6:       2344 bytes,   19243632 total
: 94082K->20540K(109248K), 0.0178614 secs] 247751K->174209K(502464K), 0.0189472 secs] [Times: user=0.07 sys=0.00, real=0.02 secs] 
Heap after GC invocations=19285 (full 20):
 par new generation   total 109248K, used 20540K [0x00000007a0000000, 0x00000007a8000000, 0x00000007a8000000)
  eden space 87424K,   0% used [0x00000007a0000000, 0x00000007a0000000, 0x00000007a5560000)
  from space 21824K,  94% used [0x00000007a6ab0000, 0x00000007a7ebf140, 0x00000007a8000000)
  to   space 21824K,   0% used [0x00000007a5560000, 0x00000007a5560000, 0x00000007a6ab0000)
 concurrent mark-sweep generation total 393216K, used 153668K [0x00000007a8000000, 0x00000007c0000000, 0x00000007c0000000)
 Metaspace       used 43672K, capacity 44920K, committed 45100K, reserved 1089536K
  class space    used 5354K, capacity 5667K, committed 5676K, reserved 1048576K
}
2019-01-30T12:57:06.862+0600: 4824.435: Total time for which application threads were stopped: 0.0192787 seconds, Stopping threads took: 0.0000265 seconds
{Heap before GC invocations=19285 (full 20):
 par new generation   total 109248K, used 107809K [0x00000007a0000000, 0x00000007a8000000, 0x00000007a8000000)
  eden space 87424K,  99% used [0x00000007a0000000, 0x00000007a55396a0, 0x00000007a5560000)
  from space 21824K,  94% used [0x00000007a6ab0000, 0x00000007a7ebf140, 0x00000007a8000000)
  to   space 21824K,   0% used [0x00000007a5560000, 0x00000007a5560000, 0x00000007a6ab0000)
 concurrent mark-sweep generation total 393216K, used 153668K [0x00000007a8000000, 0x00000007c0000000, 0x00000007c0000000)
 Metaspace       used 43672K, capacity 44920K, committed 45100K, reserved 1089536K
  class space    used 5354K, capacity 5667K, committed 5676K, reserved 1048576K
2019-01-30T12:57:07.107+0600: 4824.680: [GC (Allocation Failure) 2019-01-30T12:57:07.107+0600: 4824.680: [ParNew
Desired survivor size 20112992 bytes, new threshold 8 (max 8)
- age   1:   14610240 bytes,   14610240 total
- age   2:        992 bytes,   14611232 total
- age   3:       1128 bytes,   14612360 total
- age   4:       1104 bytes,   14613464 total
- age   5:       1152 bytes,   14614616 total
- age   6:       1008 bytes,   14615624 total
- age   7:       2344 bytes,   14617968 total
: 107809K->21824K(109248K), 0.0142878 secs] 261478K->175492K(502464K), 0.0144319 secs] [Times: user=0.05 sys=0.00, real=0.02 secs] 
Heap after GC invocations=19286 (full 20):
 par new generation   total 109248K, used 21824K [0x00000007a0000000, 0x00000007a8000000, 0x00000007a8000000)
  eden space 87424K,   0% used [0x00000007a0000000, 0x00000007a0000000, 0x00000007a5560000)
  from space 21824K, 100% used [0x00000007a5560000, 0x00000007a6ab0000, 0x00000007a6ab0000)
  to   space 21824K,   0% used [0x00000007a6ab0000, 0x00000007a6ab0000, 0x00000007a8000000)
 concurrent mark-sweep generation total 393216K, used 153668K [0x00000007a8000000, 0x00000007c0000000, 0x00000007c0000000)
 Metaspace       used 43672K, capacity 44920K, committed 45100K, reserved 1089536K
  class space    used 5354K, capacity 5667K, committed 5676K, reserved 1048576K
}
2019-01-30T12:57:07.122+0600: 4824.695: Total time for which application threads were stopped: 0.0146943 seconds, Stopping threads took: 0.0000247 seconds
{Heap before GC invocations=19286 (full 20):
 par new generation   total 109248K, used 109248K [0x00000007a0000000, 0x00000007a8000000, 0x00000007a8000000)
  eden space 87424K, 100% used [0x00000007a0000000, 0x00000007a5560000, 0x00000007a5560000)
  from space 21824K, 100% used [0x00000007a5560000, 0x00000007a6ab0000, 0x00000007a6ab0000)
  to   space 21824K,   0% used [0x00000007a6ab0000, 0x00000007a6ab0000, 0x00000007a8000000)
 concurrent mark-sweep generation total 393216K, used 153668K [0x00000007a8000000, 0x00000007c0000000, 0x00000007c0000000)
 Metaspace       used 43672K, capacity 44920K, committed 45100K, reserved 1089536K
  class space    used 5354K, capacity 5667K, committed 5676K, reserved 1048576K
2019-01-30T12:57:07.328+0600: 4824.901: [GC (Allocation Failure) 2019-01-30T12:57:07.328+0600: 4824.901: [ParNew
Desired survivor size 20112992 bytes, new threshold 8 (max 8)
- age   1:   11088424 bytes,   11088424 total
- age   2:       1024 bytes,   11089448 total
- age   3:        992 bytes,   11090440 total
- age   4:       1128 bytes,   11091568 total
- age   5:       1104 bytes,   11092672 total
- age   6:       1152 bytes,   11093824 total
- age   7:       1008 bytes,   11094832 total
- age   8:       2344 bytes,   11097176 total
: 109248K->14808K(109248K), 0.0119969 secs] 262916K->168477K(502464K), 0.0121142 secs] [Times: user=0.05 sys=0.00, real=0.02 secs] 
Heap after GC invocations=19287 (full 20):
 par new generation   total 109248K, used 14808K [0x00000007a0000000, 0x00000007a8000000, 0x00000007a8000000)
  eden space 87424K,   0% used [0x00000007a0000000, 0x00000007a0000000, 0x00000007a5560000)
  from space 21824K,  67% used [0x00000007a6ab0000, 0x00000007a7926060, 0x00000007a8000000)
  to   space 21824K,   0% used [0x00000007a5560000, 0x00000007a5560000, 0x00000007a6ab0000)
 concurrent mark-sweep generation total 393216K, used 153668K [0x00000007a8000000, 0x00000007c0000000, 0x00000007c0000000)
 Metaspace       used 43672K, capacity 44920K, committed 45100K, reserved 1089536K
  class space    used 5354K, capacity 5667K, committed 5676K, reserved 1048576K
}
2019-01-30T12:57:07.340+0600: 4824.913: Total time for which application threads were stopped: 0.0123843 seconds, Stopping threads took: 0.0000380 seconds
{Heap before GC invocations=19287 (full 20):
 par new generation   total 109248K, used 102232K [0x00000007a0000000, 0x00000007a8000000, 0x00000007a8000000)
  eden space 87424K, 100% used [0x00000007a0000000, 0x00000007a5560000, 0x00000007a5560000)
  from space 21824K,  67% used [0x00000007a6ab0000, 0x00000007a7926060, 0x00000007a8000000)
  to   space 21824K,   0% used [0x00000007a5560000, 0x00000007a5560000, 0x00000007a6ab0000)
 concurrent mark-sweep generation total 393216K, used 153668K [0x00000007a8000000, 0x00000007c0000000, 0x00000007c0000000)
 Metaspace       used 43672K, capacity 44920K, committed 45100K, reserved 1089536K
  class space    used 5354K, capacity 5667K, committed 5676K, reserved 1048576K
2019-01-30T12:57:07.552+0600: 4825.125: [GC (Allocation Failure) 2019-01-30T12:57:07.552+0600: 4825.125: [ParNew
Desired survivor size 20112992 bytes, new threshold 8 (max 8)
- age   1:    7691152 bytes,    7691152 total
- age   2:       1144 bytes,    7692296 total
- age   3:       1024 bytes,    7693320 total
- age   4:        992 bytes,    7694312 total
- age   5:       1128 bytes,    7695440 total
- age   6:       1104 bytes,    7696544 total
- age   7:       1152 bytes,    7697696 total
- age   8:       1008 bytes,    7698704 total
: 102232K->9991K(109248K), 0.0124145 secs] 255901K->163662K(502464K), 0.0125541 secs] [Times: user=0.04 sys=0.00, real=0.01 secs] 
Heap after GC invocations=19288 (full 20):
 par new generation   total 109248K, used 9991K [0x00000007a0000000, 0x00000007a8000000, 0x00000007a8000000)
  eden space 87424K,   0% used [0x00000007a0000000, 0x00000007a0000000, 0x00000007a5560000)
  from space 21824K,  45% used [0x00000007a5560000, 0x00000007a5f21cc0, 0x00000007a6ab0000)
  to   space 21824K,   0% used [0x00000007a6ab0000, 0x00000007a6ab0000, 0x00000007a8000000)
 concurrent mark-sweep generation total 393216K, used 153671K [0x00000007a8000000, 0x00000007c0000000, 0x00000007c0000000)
 Metaspace       used 43672K, capacity 44920K, committed 45100K, reserved 1089536K
  class space    used 5354K, capacity 5667K, committed 5676K, reserved 1048576K
}
2019-01-30T12:57:07.565+0600: 4825.138: Total time for which application threads were stopped: 0.0129570 seconds, Stopping threads took: 0.0000428 seconds
{Heap before GC invocations=19288 (full 20):
 par new generation   total 109248K, used 97415K [0x00000007a0000000, 0x00000007a8000000, 0x00000007a8000000)
  eden space 87424K, 100% used [0x00000007a0000000, 0x00000007a5560000, 0x00000007a5560000)
  from space 21824K,  45% used [0x00000007a5560000, 0x00000007a5f21cc0, 0x00000007a6ab0000)
  to   space 21824K,   0% used [0x00000007a6ab0000, 0x00000007a6ab0000, 0x00000007a8000000)
 concurrent mark-sweep generation total 393216K, used 153671K [0x00000007a8000000, 0x00000007c0000000, 0x00000007c0000000)
 Metaspace       used 43672K, capacity 44920K, committed 45100K, reserved 1089536K
  class space    used 5354K, capacity 5667K, committed 5676K, reserved 1048576K
2019-01-30T12:57:07.802+0600: 4825.375: [GC (Allocation Failure) 2019-01-30T12:57:07.802+0600: 4825.375: [ParNew
Desired survivor size 20112992 bytes, new threshold 8 (max 8)
- age   1:    5886968 bytes,    5886968 total
- age   2:       1176 bytes,    5888144 total
- age   3:       1144 bytes,    5889288 total
- age   4:       1024 bytes,    5890312 total
- age   5:        992 bytes,    5891304 total
- age   6:       1128 bytes,    5892432 total
- age   7:       1104 bytes,    5893536 total
- age   8:       1152 bytes,    5894688 total
: 97415K->7394K(109248K), 0.0100705 secs] 251086K->161066K(502464K), 0.0101737 secs] [Times: user=0.03 sys=0.00, real=0.01 secs] 
Heap after GC invocations=19289 (full 20):
 par new generation   total 109248K, used 7394K [0x00000007a0000000, 0x00000007a8000000, 0x00000007a8000000)
  eden space 87424K,   0% used [0x00000007a0000000, 0x00000007a0000000, 0x00000007a5560000)
  from space 21824K,  33% used [0x00000007a6ab0000, 0x00000007a71e8800, 0x00000007a8000000)
  to   space 21824K,   0% used [0x00000007a5560000, 0x00000007a5560000, 0x00000007a6ab0000)
 concurrent mark-sweep generation total 393216K, used 153672K [0x00000007a8000000, 0x00000007c0000000, 0x00000007c0000000)
 Metaspace       used 43672K, capacity 44920K, committed 45100K, reserved 1089536K
  class space    used 5354K, capacity 5667K, committed 5676K, reserved 1048576K
}
2019-01-30T12:57:07.813+0600: 4825.386: Total time for which application threads were stopped: 0.0104002 seconds, Stopping threads took: 0.0000241 seconds
{Heap before GC invocations=19289 (full 20):
 par new generation   total 109248K, used 94818K [0x00000007a0000000, 0x00000007a8000000, 0x00000007a8000000)
  eden space 87424K, 100% used [0x00000007a0000000, 0x00000007a5560000, 0x00000007a5560000)
  from space 21824K,  33% used [0x00000007a6ab0000, 0x00000007a71e8800, 0x00000007a8000000)
  to   space 21824K,   0% used [0x00000007a5560000, 0x00000007a5560000, 0x00000007a6ab0000)
 concurrent mark-sweep generation total 393216K, used 153672K [0x00000007a8000000, 0x00000007c0000000, 0x00000007c0000000)
 Metaspace       used 43672K, capacity 44920K, committed 45100K, reserved 1089536K
  class space    used 5354K, capacity 5667K, committed 5676K, reserved 1048576K
2019-01-30T12:57:08.033+0600: 4825.606: [GC (Allocation Failure) 2019-01-30T12:57:08.033+0600: 4825.606: [ParNew
Desired survivor size 20112992 bytes, new threshold 1 (max 8)
- age   1:   21084872 bytes,   21084872 total
- age   2:       1168 bytes,   21086040 total
- age   3:       1176 bytes,   21087216 total
- age   4:       1144 bytes,   21088360 total
- age   5:       1024 bytes,   21089384 total
- age   6:        992 bytes,   21090376 total
- age   7:       1128 bytes,   21091504 total
- age   8:       1104 bytes,   21092608 total
: 94818K->21823K(109248K), 0.0230236 secs] 248490K->175520K(502464K), 0.0231100 secs] [Times: user=0.07 sys=0.01, real=0.02 secs] 
Heap after GC invocations=19290 (full 20):
 par new generation   total 109248K, used 21823K [0x00000007a0000000, 0x00000007a8000000, 0x00000007a8000000)
  eden space 87424K,   0% used [0x00000007a0000000, 0x00000007a0000000, 0x00000007a5560000)
  from space 21824K,  99% used [0x00000007a5560000, 0x00000007a6aafda0, 0x00000007a6ab0000)
  to   space 21824K,   0% used [0x00000007a6ab0000, 0x00000007a6ab0000, 0x00000007a8000000)
 concurrent mark-sweep generation total 393216K, used 153696K [0x00000007a8000000, 0x00000007c0000000, 0x00000007c0000000)
 Metaspace       used 43672K, capacity 44920K, committed 45100K, reserved 1089536K
  class space    used 5354K, capacity 5667K, committed 5676K, reserved 1048576K
}
2019-01-30T12:57:08.056+0600: 4825.629: Total time for which application threads were stopped: 0.0234002 seconds, Stopping threads took: 0.0000215 seconds
{Heap before GC invocations=19290 (full 20):
 par new generation   total 109248K, used 109232K [0x00000007a0000000, 0x00000007a8000000, 0x00000007a8000000)
  eden space 87424K,  99% used [0x00000007a0000000, 0x00000007a555c528, 0x00000007a5560000)
  from space 21824K,  99% used [0x00000007a5560000, 0x00000007a6aafda0, 0x00000007a6ab0000)
  to   space 21824K,   0% used [0x00000007a6ab0000, 0x00000007a6ab0000, 0x00000007a8000000)
 concurrent mark-sweep generation total 393216K, used 153696K [0x00000007a8000000, 0x00000007c0000000, 0x00000007c0000000)
 Metaspace       used 43672K, capacity 44920K, committed 45100K, reserved 1089536K
  class space    used 5354K, capacity 5667K, committed 5676K, reserved 1048576K
2019-01-30T12:57:08.283+0600: 4825.856: [GC (Allocation Failure) 2019-01-30T12:57:08.283+0600: 4825.856: [ParNew
Desired survivor size 20112992 bytes, new threshold 8 (max 8)
- age   1:   16024720 bytes,   16024720 total
: 109232K->21824K(109248K), 0.0180380 secs] 262929K->175530K(502464K), 0.0181222 secs] [Times: user=0.06 sys=0.00, real=0.02 secs] 
Heap after GC invocations=19291 (full 20):
 par new generation   total 109248K, used 21824K [0x00000007a0000000, 0x00000007a8000000, 0x00000007a8000000)
  eden space 87424K,   0% used [0x00000007a0000000, 0x00000007a0000000, 0x00000007a5560000)
  from space 21824K, 100% used [0x00000007a6ab0000, 0x00000007a8000000, 0x00000007a8000000)
  to   space 21824K,   0% used [0x00000007a5560000, 0x00000007a5560000, 0x00000007a6ab0000)
 concurrent mark-sweep generation total 393216K, used 153706K [0x00000007a8000000, 0x00000007c0000000, 0x00000007c0000000)
 Metaspace       used 43672K, capacity 44920K, committed 45100K, reserved 1089536K
  class space    used 5354K, capacity 5667K, committed 5676K, reserved 1048576K
}
2019-01-30T12:57:08.301+0600: 4825.874: Total time for which application threads were stopped: 0.0183770 seconds, Stopping threads took: 0.0000231 seconds
{Heap before GC invocations=19291 (full 20):
 par new generation   total 109248K, used 109248K [0x00000007a0000000, 0x00000007a8000000, 0x00000007a8000000)
  eden space 87424K, 100% used [0x00000007a0000000, 0x00000007a5560000, 0x00000007a5560000)
  from space 21824K, 100% used [0x00000007a6ab0000, 0x00000007a8000000, 0x00000007a8000000)
  to   space 21824K,   0% used [0x00000007a5560000, 0x00000007a5560000, 0x00000007a6ab0000)
 concurrent mark-sweep generation total 393216K, used 153706K [0x00000007a8000000, 0x00000007c0000000, 0x00000007c0000000)
 Metaspace       used 43674K, capacity 44920K, committed 45100K, reserved 1089536K
  class space    used 5354K, capacity 5667K, committed 5676K, reserved 1048576K
2019-01-30T12:57:08.519+0600: 4826.091: [GC (Allocation Failure) 2019-01-30T12:57:08.519+0600: 4826.092: [ParNew
Desired survivor size 20112992 bytes, new threshold 8 (max 8)
- age   1:   12048512 bytes,   12048512 total
- age   2:        968 bytes,   12049480 total
: 109248K->18279K(109248K), 0.0130021 secs] 262954K->171986K(502464K), 0.0131194 secs] [Times: user=0.04 sys=0.00, real=0.02 secs] 
Heap after GC invocations=19292 (full 20):
 par new generation   total 109248K, used 18279K [0x00000007a0000000, 0x00000007a8000000, 0x00000007a8000000)
  eden space 87424K,   0% used [0x00000007a0000000, 0x00000007a0000000, 0x00000007a5560000)
  from space 21824K,  83% used [0x00000007a5560000, 0x00000007a6739f00, 0x00000007a6ab0000)
  to   space 21824K,   0% used [0x00000007a6ab0000, 0x00000007a6ab0000, 0x00000007a8000000)
 concurrent mark-sweep generation total 393216K, used 153706K [0x00000007a8000000, 0x00000007c0000000, 0x00000007c0000000)
 Metaspace       used 43674K, capacity 44920K, committed 45100K, reserved 1089536K
  class space    used 5354K, capacity 5667K, committed 5676K, reserved 1048576K
}
2019-01-30T12:57:08.532+0600: 4826.105: Total time for which application threads were stopped: 0.0134290 seconds, Stopping threads took: 0.0000698 seconds
{Heap before GC invocations=19292 (full 20):
 par new generation   total 109248K, used 105703K [0x00000007a0000000, 0x00000007a8000000, 0x00000007a8000000)
  eden space 87424K, 100% used [0x00000007a0000000, 0x00000007a5560000, 0x00000007a5560000)
  from space 21824K,  83% used [0x00000007a5560000, 0x00000007a6739f00, 0x00000007a6ab0000)
  to   space 21824K,   0% used [0x00000007a6ab0000, 0x00000007a6ab0000, 0x00000007a8000000)
 concurrent mark-sweep generation total 393216K, used 153706K [0x00000007a8000000, 0x00000007c0000000, 0x00000007c0000000)
 Metaspace       used 43674K, capacity 44920K, committed 45100K, reserved 1089536K
  class space    used 5354K, capacity 5667K, committed 5676K, reserved 1048576K
2019-01-30T12:57:08.765+0600: 4826.338: [GC (Allocation Failure) 2019-01-30T12:57:08.765+0600: 4826.338: [ParNew
Desired survivor size 20112992 bytes, new threshold 8 (max 8)
- age   1:    7716232 bytes,    7716232 total
- age   2:      19608 bytes,    7735840 total
- age   3:        968 bytes,    7736808 total
: 105703K->11760K(109248K), 0.0096241 secs] 259410K->165466K(502464K), 0.0097217 secs] [Times: user=0.03 sys=0.00, real=0.01 secs] 
Heap after GC invocations=19293 (full 20):
 par new generation   total 109248K, used 11760K [0x00000007a0000000, 0x00000007a8000000, 0x00000007a8000000)
  eden space 87424K,   0% used [0x00000007a0000000, 0x00000007a0000000, 0x00000007a5560000)
  from space 21824K,  53% used [0x00000007a6ab0000, 0x00000007a762c0c0, 0x00000007a8000000)
  to   space 21824K,   0% used [0x00000007a5560000, 0x00000007a5560000, 0x00000007a6ab0000)
 concurrent mark-sweep generation total 393216K, used 153706K [0x00000007a8000000, 0x00000007c0000000, 0x00000007c0000000)
 Metaspace       used 43674K, capacity 44920K, committed 45100K, reserved 1089536K
  class space    used 5354K, capacity 5667K, committed 5676K, reserved 1048576K
}
2019-01-30T12:57:08.775+0600: 4826.348: Total time for which application threads were stopped: 0.0099595 seconds, Stopping threads took: 0.0000252 seconds
{Heap before GC invocations=19293 (full 20):
 par new generation   total 109248K, used 99184K [0x00000007a0000000, 0x00000007a8000000, 0x00000007a8000000)
  eden space 87424K, 100% used [0x00000007a0000000, 0x00000007a5560000, 0x00000007a5560000)
  from space 21824K,  53% used [0x00000007a6ab0000, 0x00000007a762c0c0, 0x00000007a8000000)
  to   space 21824K,   0% used [0x00000007a5560000, 0x00000007a5560000, 0x00000007a6ab0000)
 concurrent mark-sweep generation total 393216K, used 153706K [0x00000007a8000000, 0x00000007c0000000, 0x00000007c0000000)
 Metaspace       used 43674K, capacity 44920K, committed 45100K, reserved 1089536K
  class space    used 5354K, capacity 5667K, committed 5676K, reserved 1048576K
2019-01-30T12:57:08.969+0600: 4826.542: [GC (Allocation Failure) 2019-01-30T12:57:08.969+0600: 4826.542: [ParNew
Desired survivor size 20112992 bytes, new threshold 8 (max 8)
- age   1:    5887128 bytes,    5887128 total
- age   2:      26184 bytes,    5913312 total
- age   3:      19608 bytes,    5932920 total
- age   4:        968 bytes,    5933888 total
: 99184K->7415K(109248K), 0.0085571 secs] 252890K->161121K(502464K), 0.0086548 secs] [Times: user=0.03 sys=0.00, real=0.01 secs] 
Heap after GC invocations=19294 (full 20):
 par new generation   total 109248K, used 7415K [0x00000007a0000000, 0x00000007a8000000, 0x00000007a8000000)
  eden space 87424K,   0% used [0x00000007a0000000, 0x00000007a0000000, 0x00000007a5560000)
  from space 21824K,  33% used [0x00000007a5560000, 0x00000007a5c9dc90, 0x00000007a6ab0000)
  to   space 21824K,   0% used [0x00000007a6ab0000, 0x00000007a6ab0000, 0x00000007a8000000)
 concurrent mark-sweep generation total 393216K, used 153706K [0x00000007a8000000, 0x00000007c0000000, 0x00000007c0000000)
 Metaspace       used 43674K, capacity 44920K, committed 45100K, reserved 1089536K
  class space    used 5354K, capacity 5667K, committed 5676K, reserved 1048576K
}
2019-01-30T12:57:08.978+0600: 4826.551: Total time for which application threads were stopped: 0.0088860 seconds, Stopping threads took: 0.0000221 seconds
{Heap before GC invocations=19294 (full 20):
 par new generation   total 109248K, used 94839K [0x00000007a0000000, 0x00000007a8000000, 0x00000007a8000000)
  eden space 87424K, 100% used [0x00000007a0000000, 0x00000007a5560000, 0x00000007a5560000)
  from space 21824K,  33% used [0x00000007a5560000, 0x00000007a5c9dc90, 0x00000007a6ab0000)
  to   space 21824K,   0% used [0x00000007a6ab0000, 0x00000007a6ab0000, 0x00000007a8000000)
 concurrent mark-sweep generation total 393216K, used 153706K [0x00000007a8000000, 0x00000007c0000000, 0x00000007c0000000)
 Metaspace       used 43674K, capacity 44920K, committed 45100K, reserved 1089536K
  class space    used 5354K, capacity 5667K, committed 5676K, reserved 1048576K
2019-01-30T12:57:09.177+0600: 4826.750: [GC (Allocation Failure) 2019-01-30T12:57:09.177+0600: 4826.750: [ParNew
Desired survivor size 20112992 bytes, new threshold 1 (max 8)
- age   1:   21108816 bytes,   21108816 total
- age   2:       1128 bytes,   21109944 total
- age   3:      26184 bytes,   21136128 total
- age   4:      19608 bytes,   21155736 total
- age   5:        968 bytes,   21156704 total
: 94839K->21824K(109248K), 0.0184895 secs] 248545K->175530K(502464K), 0.0185815 secs] [Times: user=0.07 sys=0.01, real=0.02 secs] 
Heap after GC invocations=19295 (full 20):
 par new generation   total 109248K, used 21824K [0x00000007a0000000, 0x00000007a8000000, 0x00000007a8000000)
  eden space 87424K,   0% used [0x00000007a0000000, 0x00000007a0000000, 0x00000007a5560000)
  from space 21824K, 100% used [0x00000007a6ab0000, 0x00000007a8000000, 0x00000007a8000000)
  to   space 21824K,   0% used [0x00000007a5560000, 0x00000007a5560000, 0x00000007a6ab0000)
 concurrent mark-sweep generation total 393216K, used 153706K [0x00000007a8000000, 0x00000007c0000000, 0x00000007c0000000)
 Metaspace       used 43674K, capacity 44920K, committed 45100K, reserved 1089536K
  class space    used 5354K, capacity 5667K, committed 5676K, reserved 1048576K
}
2019-01-30T12:57:09.196+0600: 4826.768: Total time for which application threads were stopped: 0.0187998 seconds, Stopping threads took: 0.0000213 seconds
{Heap before GC invocations=19295 (full 20):
 par new generation   total 109248K, used 109248K [0x00000007a0000000, 0x00000007a8000000, 0x00000007a8000000)
  eden space 87424K, 100% used [0x00000007a0000000, 0x00000007a5560000, 0x00000007a5560000)
  from space 21824K, 100% used [0x00000007a6ab0000, 0x00000007a8000000, 0x00000007a8000000)
  to   space 21824K,   0% used [0x00000007a5560000, 0x00000007a5560000, 0x00000007a6ab0000)
 concurrent mark-sweep generation total 393216K, used 153706K [0x00000007a8000000, 0x00000007c0000000, 0x00000007c0000000)
 Metaspace       used 43674K, capacity 44920K, committed 45100K, reserved 1089536K
  class space    used 5354K, capacity 5667K, committed 5676K, reserved 1048576K
2019-01-30T12:57:09.384+0600: 4826.957: [GC (Allocation Failure) 2019-01-30T12:57:09.384+0600: 4826.957: [ParNew
Desired survivor size 20112992 bytes, new threshold 8 (max 8)
- age   1:   17074296 bytes,   17074296 total
: 109248K->21824K(109248K), 0.0158959 secs] 262954K->175578K(502464K), 0.0159996 secs] [Times: user=0.06 sys=0.01, real=0.02 secs] 
Heap after GC invocations=19296 (full 20):
 par new generation   total 109248K, used 21824K [0x00000007a0000000, 0x00000007a8000000, 0x00000007a8000000)
  eden space 87424K,   0% used [0x00000007a0000000, 0x00000007a0000000, 0x00000007a5560000)
  from space 21824K, 100% used [0x00000007a5560000, 0x00000007a6ab0000, 0x00000007a6ab0000)
  to   space 21824K,   0% used [0x00000007a6ab0000, 0x00000007a6ab0000, 0x00000007a8000000)
 concurrent mark-sweep generation total 393216K, used 153754K [0x00000007a8000000, 0x00000007c0000000, 0x00000007c0000000)
 Metaspace       used 43674K, capacity 44920K, committed 45100K, reserved 1089536K
  class space    used 5354K, capacity 5667K, committed 5676K, reserved 1048576K
}
2019-01-30T12:57:09.400+0600: 4826.973: Total time for which application threads were stopped: 0.0162494 seconds, Stopping threads took: 0.0000271 seconds
{Heap before GC invocations=19296 (full 20):
 par new generation   total 109248K, used 109248K [0x00000007a0000000, 0x00000007a8000000, 0x00000007a8000000)
  eden space 87424K, 100% used [0x00000007a0000000, 0x00000007a5560000, 0x00000007a5560000)
  from space 21824K, 100% used [0x00000007a5560000, 0x00000007a6ab0000, 0x00000007a6ab0000)
  to   space 21824K,   0% used [0x00000007a6ab0000, 0x00000007a6ab0000, 0x00000007a8000000)
 concurrent mark-sweep generation total 393216K, used 153754K [0x00000007a8000000, 0x00000007c0000000, 0x00000007c0000000)
 Metaspace       used 43674K, capacity 44920K, committed 45100K, reserved 1089536K
  class space    used 5354K, capacity 5667K, committed 5676K, reserved 1048576K
2019-01-30T12:57:09.597+0600: 4827.170: [GC (Allocation Failure) 2019-01-30T12:57:09.597+0600: 4827.170: [ParNew
Desired survivor size 20112992 bytes, new threshold 8 (max 8)
- age   1:   13549040 bytes,   13549040 total
- age   2:       1136 bytes,   13550176 total
: 109248K->19040K(109248K), 0.0138251 secs] 263002K->172795K(502464K), 0.0139199 secs] [Times: user=0.05 sys=0.00, real=0.02 secs] 
Heap after GC invocations=19297 (full 20):
 par new generation   total 109248K, used 19040K [0x00000007a0000000, 0x00000007a8000000, 0x00000007a8000000)
  eden space 87424K,   0% used [0x00000007a0000000, 0x00000007a0000000, 0x00000007a5560000)
  from space 21824K,  87% used [0x00000007a6ab0000, 0x00000007a7d48380, 0x00000007a8000000)
  to   space 21824K,   0% used [0x00000007a5560000, 0x00000007a5560000, 0x00000007a6ab0000)
 concurrent mark-sweep generation total 393216K, used 153754K [0x00000007a8000000, 0x00000007c0000000, 0x00000007c0000000)
 Metaspace       used 43674K, capacity 44920K, committed 45100K, reserved 1089536K
  class space    used 5354K, capacity 5667K, committed 5676K, reserved 1048576K
}
2019-01-30T12:57:09.611+0600: 4827.184: Total time for which application threads were stopped: 0.0141458 seconds, Stopping threads took: 0.0000239 seconds
{Heap before GC invocations=19297 (full 20):
 par new generation   total 109248K, used 106077K [0x00000007a0000000, 0x00000007a8000000, 0x00000007a8000000)
  eden space 87424K,  99% used [0x00000007a0000000, 0x00000007a54ff3c0, 0x00000007a5560000)
  from space 21824K,  87% used [0x00000007a6ab0000, 0x00000007a7d48380, 0x00000007a8000000)
  to   space 21824K,   0% used [0x00000007a5560000, 0x00000007a5560000, 0x00000007a6ab0000)
 concurrent mark-sweep generation total 393216K, used 153754K [0x00000007a8000000, 0x00000007c0000000, 0x00000007c0000000)
 Metaspace       used 43674K, capacity 44920K, committed 45100K, reserved 1089536K
  class space    used 5354K, capacity 5667K, committed 5676K, reserved 1048576K
2019-01-30T12:57:09.802+0600: 4827.375: [GC (Allocation Failure) 2019-01-30T12:57:09.802+0600: 4827.375: [ParNew
Desired survivor size 20112992 bytes, new threshold 8 (max 8)
- age   1:    9526336 bytes,    9526336 total
- age   2:       1000 bytes,    9527336 total
- age   3:       1136 bytes,    9528472 total
: 106077K->14684K(109248K), 0.0115051 secs] 259832K->168439K(502464K), 0.0115994 secs] [Times: user=0.04 sys=0.00, real=0.01 secs] 
Heap after GC invocations=19298 (full 20):
 par new generation   total 109248K, used 14684K [0x00000007a0000000, 0x00000007a8000000, 0x00000007a8000000)
  eden space 87424K,   0% used [0x00000007a0000000, 0x00000007a0000000, 0x00000007a5560000)
  from space 21824K,  67% used [0x00000007a5560000, 0x00000007a63b72c0, 0x00000007a6ab0000)
  to   space 21824K,   0% used [0x00000007a6ab0000, 0x00000007a6ab0000, 0x00000007a8000000)
 concurrent mark-sweep generation total 393216K, used 153754K [0x00000007a8000000, 0x00000007c0000000, 0x00000007c0000000)
 Metaspace       used 43674K, capacity 44920K, committed 45100K, reserved 1089536K
  class space    used 5354K, capacity 5667K, committed 5676K, reserved 1048576K
}
2019-01-30T12:57:09.814+0600: 4827.387: Total time for which application threads were stopped: 0.0118401 seconds, Stopping threads took: 0.0000270 seconds
{Heap before GC invocations=19298 (full 20):
 par new generation   total 109248K, used 102108K [0x00000007a0000000, 0x00000007a8000000, 0x00000007a8000000)
  eden space 87424K, 100% used [0x00000007a0000000, 0x00000007a5560000, 0x00000007a5560000)
  from space 21824K,  67% used [0x00000007a5560000, 0x00000007a63b72c0, 0x00000007a6ab0000)
  to   space 21824K,   0% used [0x00000007a6ab0000, 0x00000007a6ab0000, 0x00000007a8000000)
 concurrent mark-sweep generation total 393216K, used 153754K [0x00000007a8000000, 0x00000007c0000000, 0x00000007c0000000)
 Metaspace       used 43674K, capacity 44920K, committed 45100K, reserved 1089536K
  class space    used 5354K, capacity 5667K, committed 5676K, reserved 1048576K
2019-01-30T12:57:10.007+0600: 4827.580: [GC (Allocation Failure) 2019-01-30T12:57:10.007+0600: 4827.580: [ParNew
Desired survivor size 20112992 bytes, new threshold 8 (max 8)
- age   1:    5993448 bytes,    5993448 total
- age   2:       1200 bytes,    5994648 total
- age   3:       1000 bytes,    5995648 total
- age   4:       1136 bytes,    5996784 total
: 102108K->8307K(109248K), 0.0114552 secs] 255863K->162061K(502464K), 0.0115699 secs] [Times: user=0.03 sys=0.00, real=0.01 secs] 
Heap after GC invocations=19299 (full 20):
 par new generation   total 109248K, used 8307K [0x00000007a0000000, 0x00000007a8000000, 0x00000007a8000000)
  eden space 87424K,   0% used [0x00000007a0000000, 0x00000007a0000000, 0x00000007a5560000)
  from space 21824K,  38% used [0x00000007a6ab0000, 0x00000007a72ccd30, 0x00000007a8000000)
  to   space 21824K,   0% used [0x00000007a5560000, 0x00000007a5560000, 0x00000007a6ab0000)
 concurrent mark-sweep generation total 393216K, used 153754K [0x00000007a8000000, 0x00000007c0000000, 0x00000007c0000000)
 Metaspace       used 43674K, capacity 44920K, committed 45100K, reserved 1089536K
  class space    used 5354K, capacity 5667K, committed 5676K, reserved 1048576K
}
2019-01-30T12:57:10.019+0600: 4827.592: Total time for which application threads were stopped: 0.0118697 seconds, Stopping threads took: 0.0000277 seconds
{Heap before GC invocations=19299 (full 20):
 par new generation   total 109248K, used 95731K [0x00000007a0000000, 0x00000007a8000000, 0x00000007a8000000)
  eden space 87424K, 100% used [0x00000007a0000000, 0x00000007a5560000, 0x00000007a5560000)
  from space 21824K,  38% used [0x00000007a6ab0000, 0x00000007a72ccd30, 0x00000007a8000000)
  to   space 21824K,   0% used [0x00000007a5560000, 0x00000007a5560000, 0x00000007a6ab0000)
 concurrent mark-sweep generation total 393216K, used 153754K [0x00000007a8000000, 0x00000007c0000000, 0x00000007c0000000)
 Metaspace       used 43674K, capacity 44920K, committed 45100K, reserved 1089536K
  class space    used 5354K, capacity 5667K, committed 5676K, reserved 1048576K
2019-01-30T12:57:10.221+0600: 4827.794: [GC (Allocation Failure) 2019-01-30T12:57:10.221+0600: 4827.794: [ParNew
Desired survivor size 20112992 bytes, new threshold 8 (max 8)
- age   1:    5886672 bytes,    5886672 total
- age   2:       1192 bytes,    5887864 total
- age   3:       1200 bytes,    5889064 total
- age   4:       1000 bytes,    5890064 total
- age   5:       1136 bytes,    5891200 total
: 95731K->6372K(109248K), 0.0087335 secs] 249485K->160126K(502464K), 0.0088295 secs] [Times: user=0.03 sys=0.00, real=0.01 secs] 
Heap after GC invocations=19300 (full 20):
 par new generation   total 109248K, used 6372K [0x00000007a0000000, 0x00000007a8000000, 0x00000007a8000000)
  eden space 87424K,   0% used [0x00000007a0000000, 0x00000007a0000000, 0x00000007a5560000)
  from space 21824K,  29% used [0x00000007a5560000, 0x00000007a5b99138, 0x00000007a6ab0000)
  to   space 21824K,   0% used [0x00000007a6ab0000, 0x00000007a6ab0000, 0x00000007a8000000)
 concurrent mark-sweep generation total 393216K, used 153754K [0x00000007a8000000, 0x00000007c0000000, 0x00000007c0000000)
 Metaspace       used 43674K, capacity 44920K, committed 45100K, reserved 1089536K
  class space    used 5354K, capacity 5667K, committed 5676K, reserved 1048576K
}
2019-01-30T12:57:10.230+0600: 4827.802: Total time for which application threads were stopped: 0.0090622 seconds, Stopping threads took: 0.0000206 seconds
{Heap before GC invocations=19300 (full 20):
 par new generation   total 109248K, used 93796K [0x00000007a0000000, 0x00000007a8000000, 0x00000007a8000000)
  eden space 87424K, 100% used [0x00000007a0000000, 0x00000007a5560000, 0x00000007a5560000)
  from space 21824K,  29% used [0x00000007a5560000, 0x00000007a5b99138, 0x00000007a6ab0000)
  to   space 21824K,   0% used [0x00000007a6ab0000, 0x00000007a6ab0000, 0x00000007a8000000)
 concurrent mark-sweep generation total 393216K, used 153754K [0x00000007a8000000, 0x00000007c0000000, 0x00000007c0000000)
 Metaspace       used 43674K, capacity 44920K, committed 45100K, reserved 1089536K
  class space    used 5354K, capacity 5667K, committed 5676K, reserved 1048576K
2019-01-30T12:57:10.430+0600: 4828.003: [GC (Allocation Failure) 2019-01-30T12:57:10.430+0600: 4828.003: [ParNew
Desired survivor size 20112992 bytes, new threshold 8 (max 8)
- age   1:   19236304 bytes,   19236304 total
- age   2:       1136 bytes,   19237440 total
- age   3:       1192 bytes,   19238632 total
- age   4:       1200 bytes,   19239832 total
- age   5:       1000 bytes,   19240832 total
- age   6:       1136 bytes,   19241968 total
: 93796K->19664K(109248K), 0.0184339 secs] 247550K->173419K(502464K), 0.0185431 secs] [Times: user=0.06 sys=0.00, real=0.01 secs] 
Heap after GC invocations=19301 (full 20):
 par new generation   total 109248K, used 19664K [0x00000007a0000000, 0x00000007a8000000, 0x00000007a8000000)
  eden space 87424K,   0% used [0x00000007a0000000, 0x00000007a0000000, 0x00000007a5560000)
  from space 21824K,  90% used [0x00000007a6ab0000, 0x00000007a7de42c0, 0x00000007a8000000)
  to   space 21824K,   0% used [0x00000007a5560000, 0x00000007a5560000, 0x00000007a6ab0000)
 concurrent mark-sweep generation total 393216K, used 153754K [0x00000007a8000000, 0x00000007c0000000, 0x00000007c0000000)
 Metaspace       used 43674K, capacity 44920K, committed 45100K, reserved 1089536K
  class space    used 5354K, capacity 5667K, committed 5676K, reserved 1048576K
}
2019-01-30T12:57:10.449+0600: 4828.022: Total time for which application threads were stopped: 0.0187819 seconds, Stopping threads took: 0.0000250 seconds
{Heap before GC invocations=19301 (full 20):
 par new generation   total 109248K, used 106935K [0x00000007a0000000, 0x00000007a8000000, 0x00000007a8000000)
  eden space 87424K,  99% used [0x00000007a0000000, 0x00000007a5539a90, 0x00000007a5560000)
  from space 21824K,  90% used [0x00000007a6ab0000, 0x00000007a7de42c0, 0x00000007a8000000)
  to   space 21824K,   0% used [0x00000007a5560000, 0x00000007a5560000, 0x00000007a6ab0000)
 concurrent mark-sweep generation total 393216K, used 153754K [0x00000007a8000000, 0x00000007c0000000, 0x00000007c0000000)
 Metaspace       used 43674K, capacity 44920K, committed 45100K, reserved 1089536K
  class space    used 5354K, capacity 5667K, committed 5676K, reserved 1048576K
2019-01-30T12:57:10.650+0600: 4828.223: [GC (Allocation Failure) 2019-01-30T12:57:10.650+0600: 4828.223: [ParNew
Desired survivor size 20112992 bytes, new threshold 8 (max 8)
- age   1:   14610536 bytes,   14610536 total
- age   2:        960 bytes,   14611496 total
- age   3:       1136 bytes,   14612632 total
- age   4:       1192 bytes,   14613824 total
- age   5:       1200 bytes,   14615024 total
- age   6:       1000 bytes,   14616024 total
- age   7:       1136 bytes,   14617160 total
: 106935K->17991K(109248K), 0.0147557 secs] 260689K->171746K(502464K), 0.0148546 secs] [Times: user=0.05 sys=0.00, real=0.01 secs] 
Heap after GC invocations=19302 (full 20):
 par new generation   total 109248K, used 17991K [0x00000007a0000000, 0x00000007a8000000, 0x00000007a8000000)
  eden space 87424K,   0% used [0x00000007a0000000, 0x00000007a0000000, 0x00000007a5560000)
  from space 21824K,  82% used [0x00000007a5560000, 0x00000007a66f1d80, 0x00000007a6ab0000)
  to   space 21824K,   0% used [0x00000007a6ab0000, 0x00000007a6ab0000, 0x00000007a8000000)
 concurrent mark-sweep generation total 393216K, used 153754K [0x00000007a8000000, 0x00000007c0000000, 0x00000007c0000000)
 Metaspace       used 43674K, capacity 44920K, committed 45100K, reserved 1089536K
  class space    used 5354K, capacity 5667K, committed 5676K, reserved 1048576K
}
2019-01-30T12:57:10.665+0600: 4828.238: Total time for which application threads were stopped: 0.0150795 seconds, Stopping threads took: 0.0000223 seconds
{Heap before GC invocations=19302 (full 20):
 par new generation   total 109248K, used 105415K [0x00000007a0000000, 0x00000007a8000000, 0x00000007a8000000)
  eden space 87424K, 100% used [0x00000007a0000000, 0x00000007a5560000, 0x00000007a5560000)
  from space 21824K,  82% used [0x00000007a5560000, 0x00000007a66f1d80, 0x00000007a6ab0000)
  to   space 21824K,   0% used [0x00000007a6ab0000, 0x00000007a6ab0000, 0x00000007a8000000)
 concurrent mark-sweep generation total 393216K, used 153754K [0x00000007a8000000, 0x00000007c0000000, 0x00000007c0000000)
 Metaspace       used 43674K, capacity 44920K, committed 45100K, reserved 1089536K
  class space    used 5354K, capacity 5667K, committed 5676K, reserved 1048576K
2019-01-30T12:57:10.867+0600: 4828.440: [GC (Allocation Failure) 2019-01-30T12:57:10.867+0600: 4828.440: [ParNew
Desired survivor size 20112992 bytes, new threshold 8 (max 8)
- age   1:   11087528 bytes,   11087528 total
- age   2:       1080 bytes,   11088608 total
- age   3:        960 bytes,   11089568 total
- age   4:       1136 bytes,   11090704 total
- age   5:       1192 bytes,   11091896 total
- age   6:       1200 bytes,   11093096 total
- age   7:       1000 bytes,   11094096 total
- age   8:       1136 bytes,   11095232 total
: 105415K->13704K(109248K), 0.0129677 secs] 259170K->167459K(502464K), 0.0130874 secs] [Times: user=0.05 sys=0.00, real=0.02 secs] 
Heap after GC invocations=19303 (full 20):
 par new generation   total 109248K, used 13704K [0x00000007a0000000, 0x00000007a8000000, 0x00000007a8000000)
  eden space 87424K,   0% used [0x00000007a0000000, 0x00000007a0000000, 0x00000007a5560000)
  from space 21824K,  62% used [0x00000007a6ab0000, 0x00000007a7812220, 0x00000007a8000000)
  to   space 21824K,   0% used [0x00000007a5560000, 0x00000007a5560000, 0x00000007a6ab0000)
 concurrent mark-sweep generation total 393216K, used 153754K [0x00000007a8000000, 0x00000007c0000000, 0x00000007c0000000)
 Metaspace       used 43674K, capacity 44920K, committed 45100K, reserved 1089536K
  class space    used 5354K, capacity 5667K, committed 5676K, reserved 1048576K
}
2019-01-30T12:57:10.880+0600: 4828.453: Total time for which application threads were stopped: 0.0133402 seconds, Stopping threads took: 0.0000249 seconds
{Heap before GC invocations=19303 (full 20):
 par new generation   total 109248K, used 101128K [0x00000007a0000000, 0x00000007a8000000, 0x00000007a8000000)
  eden space 87424K, 100% used [0x00000007a0000000, 0x00000007a5560000, 0x00000007a5560000)
  from space 21824K,  62% used [0x00000007a6ab0000, 0x00000007a7812220, 0x00000007a8000000)
  to   space 21824K,   0% used [0x00000007a5560000, 0x00000007a5560000, 0x00000007a6ab0000)
 concurrent mark-sweep generation total 393216K, used 153754K [0x00000007a8000000, 0x00000007c0000000, 0x00000007c0000000)
 Metaspace       used 43674K, capacity 44920K, committed 45100K, reserved 1089536K
  class space    used 5354K, capacity 5667K, committed 5676K, reserved 1048576K
2019-01-30T12:57:11.087+0600: 4828.660: [GC (Allocation Failure) 2019-01-30T12:57:11.087+0600: 4828.660: [ParNew
Desired survivor size 20112992 bytes, new threshold 8 (max 8)
- age   1:    7691328 bytes,    7691328 total
- age   2:       1128 bytes,    7692456 total
- age   3:       1080 bytes,    7693536 total
- age   4:        960 bytes,    7694496 total
- age   5:       1136 bytes,    7695632 total
- age   6:       1192 bytes,    7696824 total
- age   7:       1200 bytes,    7698024 total
- age   8:       1000 bytes,    7699024 total
: 101128K->11552K(109248K), 0.0100107 secs] 254883K->165308K(502464K), 0.0101167 secs] [Times: user=0.04 sys=0.00, real=0.01 secs] 
Heap after GC invocations=19304 (full 20):
 par new generation   total 109248K, used 11552K [0x00000007a0000000, 0x00000007a8000000, 0x00000007a8000000)
  eden space 87424K,   0% used [0x00000007a0000000, 0x00000007a0000000, 0x00000007a5560000)
  from space 21824K,  52% used [0x00000007a5560000, 0x00000007a60a8240, 0x00000007a6ab0000)
  to   space 21824K,   0% used [0x00000007a6ab0000, 0x00000007a6ab0000, 0x00000007a8000000)
 concurrent mark-sweep generation total 393216K, used 153755K [0x00000007a8000000, 0x00000007c0000000, 0x00000007c0000000)
 Metaspace       used 43674K, capacity 44920K, committed 45100K, reserved 1089536K
  class space    used 5354K, capacity 5667K, committed 5676K, reserved 1048576K
}
2019-01-30T12:57:11.097+0600: 4828.670: Total time for which application threads were stopped: 0.0103541 seconds, Stopping threads took: 0.0000227 seconds
{Heap before GC invocations=19304 (full 20):
 par new generation   total 109248K, used 98976K [0x00000007a0000000, 0x00000007a8000000, 0x00000007a8000000)
  eden space 87424K, 100% used [0x00000007a0000000, 0x00000007a5560000, 0x00000007a5560000)
  from space 21824K,  52% used [0x00000007a5560000, 0x00000007a60a8240, 0x00000007a6ab0000)
  to   space 21824K,   0% used [0x00000007a6ab0000, 0x00000007a6ab0000, 0x00000007a8000000)
 concurrent mark-sweep generation total 393216K, used 153755K [0x00000007a8000000, 0x00000007c0000000, 0x00000007c0000000)
 Metaspace       used 43674K, capacity 44920K, committed 45100K, reserved 1089536K
  class space    used 5354K, capacity 5667K, committed 5676K, reserved 1048576K
2019-01-30T12:57:11.294+0600: 4828.867: [GC (Allocation Failure) 2019-01-30T12:57:11.294+0600: 4828.867: [ParNew
Desired survivor size 20112992 bytes, new threshold 8 (max 8)
- age   1:    5887184 bytes,    5887184 total
- age   2:       1112 bytes,    5888296 total
- age   3:       1128 bytes,    5889424 total
- age   4:       1080 bytes,    5890504 total
- age   5:        960 bytes,    5891464 total
- age   6:       1136 bytes,    5892600 total
- age   7:       1192 bytes,    5893792 total
- age   8:       1200 bytes,    5894992 total
: 98976K->6983K(109248K), 0.0082159 secs] 252732K->160740K(502464K), 0.0083095 secs] [Times: user=0.03 sys=0.01, real=0.01 secs] 
Heap after GC invocations=19305 (full 20):
 par new generation   total 109248K, used 6983K [0x00000007a0000000, 0x00000007a8000000, 0x00000007a8000000)
  eden space 87424K,   0% used [0x00000007a0000000, 0x00000007a0000000, 0x00000007a5560000)
  from space 21824K,  32% used [0x00000007a6ab0000, 0x00000007a7181ef8, 0x00000007a8000000)
  to   space 21824K,   0% used [0x00000007a5560000, 0x00000007a5560000, 0x00000007a6ab0000)
 concurrent mark-sweep generation total 393216K, used 153756K [0x00000007a8000000, 0x00000007c0000000, 0x00000007c0000000)
 Metaspace       used 43674K, capacity 44920K, committed 45100K, reserved 1089536K
  class space    used 5354K, capacity 5667K, committed 5676K, reserved 1048576K
}
2019-01-30T12:57:11.302+0600: 4828.875: Total time for which application threads were stopped: 0.0085468 seconds, Stopping threads took: 0.0000253 seconds
{Heap before GC invocations=19305 (full 20):
 par new generation   total 109248K, used 94407K [0x00000007a0000000, 0x00000007a8000000, 0x00000007a8000000)
  eden space 87424K, 100% used [0x00000007a0000000, 0x00000007a5560000, 0x00000007a5560000)
  from space 21824K,  32% used [0x00000007a6ab0000, 0x00000007a7181ef8, 0x00000007a8000000)
  to   space 21824K,   0% used [0x00000007a5560000, 0x00000007a5560000, 0x00000007a6ab0000)
 concurrent mark-sweep generation total 393216K, used 153756K [0x00000007a8000000, 0x00000007c0000000, 0x00000007c0000000)
 Metaspace       used 43674K, capacity 44920K, committed 45100K, reserved 1089536K
  class space    used 5354K, capacity 5667K, committed 5676K, reserved 1048576K
2019-01-30T12:57:11.500+0600: 4829.072: [GC (Allocation Failure) 2019-01-30T12:57:11.500+0600: 4829.072: [ParNew
Desired survivor size 20112992 bytes, new threshold 1 (max 8)
- age   1:   20984904 bytes,   20984904 total
- age   2:       1128 bytes,   20986032 total
- age   3:       1112 bytes,   20987144 total
- age   4:       1128 bytes,   20988272 total
- age   5:       1080 bytes,   20989352 total
- age   6:        960 bytes,   20990312 total
- age   7:       1136 bytes,   20991448 total
- age   8:       1192 bytes,   20992640 total
: 94407K->21824K(109248K), 0.0187399 secs] 248164K->175703K(502464K), 0.0188423 secs] [Times: user=0.07 sys=0.00, real=0.01 secs] 
Heap after GC invocations=19306 (full 20):
 par new generation   total 109248K, used 21824K [0x00000007a0000000, 0x00000007a8000000, 0x00000007a8000000)
  eden space 87424K,   0% used [0x00000007a0000000, 0x00000007a0000000, 0x00000007a5560000)
  from space 21824K, 100% used [0x00000007a5560000, 0x00000007a6ab0000, 0x00000007a6ab0000)
  to   space 21824K,   0% used [0x00000007a6ab0000, 0x00000007a6ab0000, 0x00000007a8000000)
 concurrent mark-sweep generation total 393216K, used 153879K [0x00000007a8000000, 0x00000007c0000000, 0x00000007c0000000)
 Metaspace       used 43674K, capacity 44920K, committed 45100K, reserved 1089536K
  class space    used 5354K, capacity 5667K, committed 5676K, reserved 1048576K
}
2019-01-30T12:57:11.518+0600: 4829.091: Total time for which application threads were stopped: 0.0190786 seconds, Stopping threads took: 0.0000252 seconds
{Heap before GC invocations=19306 (full 20):
 par new generation   total 109248K, used 109234K [0x00000007a0000000, 0x00000007a8000000, 0x00000007a8000000)
  eden space 87424K,  99% used [0x00000007a0000000, 0x00000007a555cb10, 0x00000007a5560000)
  from space 21824K, 100% used [0x00000007a5560000, 0x00000007a6ab0000, 0x00000007a6ab0000)
  to   space 21824K,   0% used [0x00000007a6ab0000, 0x00000007a6ab0000, 0x00000007a8000000)
 concurrent mark-sweep generation total 393216K, used 153879K [0x00000007a8000000, 0x00000007c0000000, 0x00000007c0000000)
 Metaspace       used 43674K, capacity 44920K, committed 45100K, reserved 1089536K
  class space    used 5354K, capacity 5667K, committed 5676K, reserved 1048576K
2019-01-30T12:57:11.710+0600: 4829.283: [GC (Allocation Failure) 2019-01-30T12:57:11.710+0600: 4829.283: [ParNew
Desired survivor size 20112992 bytes, new threshold 8 (max 8)
- age   1:   15944528 bytes,   15944528 total
: 109234K->21824K(109248K), 0.0163368 secs] 263113K->175790K(502464K), 0.0164299 secs] [Times: user=0.06 sys=0.01, real=0.01 secs] 
Heap after GC invocations=19307 (full 20):
 par new generation   total 109248K, used 21824K [0x00000007a0000000, 0x00000007a8000000, 0x00000007a8000000)
  eden space 87424K,   0% used [0x00000007a0000000, 0x00000007a0000000, 0x00000007a5560000)
  from space 21824K, 100% used [0x00000007a6ab0000, 0x00000007a8000000, 0x00000007a8000000)
  to   space 21824K,   0% used [0x00000007a5560000, 0x00000007a5560000, 0x00000007a6ab0000)
 concurrent mark-sweep generation total 393216K, used 153966K [0x00000007a8000000, 0x00000007c0000000, 0x00000007c0000000)
 Metaspace       used 43674K, capacity 44920K, committed 45100K, reserved 1089536K
  class space    used 5354K, capacity 5667K, committed 5676K, reserved 1048576K
}
2019-01-30T12:57:11.727+0600: 4829.299: Total time for which application threads were stopped: 0.0166482 seconds, Stopping threads took: 0.0000226 seconds
{Heap before GC invocations=19307 (full 20):
 par new generation   total 109248K, used 109248K [0x00000007a0000000, 0x00000007a8000000, 0x00000007a8000000)
  eden space 87424K, 100% used [0x00000007a0000000, 0x00000007a5560000, 0x00000007a5560000)
  from space 21824K, 100% used [0x00000007a6ab0000, 0x00000007a8000000, 0x00000007a8000000)
  to   space 21824K,   0% used [0x00000007a5560000, 0x00000007a5560000, 0x00000007a6ab0000)
 concurrent mark-sweep generation total 393216K, used 153966K [0x00000007a8000000, 0x00000007c0000000, 0x00000007c0000000)
 Metaspace       used 43674K, capacity 44920K, committed 45100K, reserved 1089536K
  class space    used 5354K, capacity 5667K, committed 5676K, reserved 1048576K
2019-01-30T12:57:11.931+0600: 4829.504: [GC (Allocation Failure) 2019-01-30T12:57:11.931+0600: 4829.504: [ParNew
Desired survivor size 20112992 bytes, new threshold 8 (max 8)
- age   1:   12751336 bytes,   12751336 total
- age   2:       2704 bytes,   12754040 total
: 109248K->18806K(109248K), 0.0140398 secs] 263214K->172773K(502464K), 0.0141607 secs] [Times: user=0.05 sys=0.00, real=0.01 secs] 
Heap after GC invocations=19308 (full 20):
 par new generation   total 109248K, used 18806K [0x00000007a0000000, 0x00000007a8000000, 0x00000007a8000000)
  eden space 87424K,   0% used [0x00000007a0000000, 0x00000007a0000000, 0x00000007a5560000)
  from space 21824K,  86% used [0x00000007a5560000, 0x00000007a67bda40, 0x00000007a6ab0000)
  to   space 21824K,   0% used [0x00000007a6ab0000, 0x00000007a6ab0000, 0x00000007a8000000)
 concurrent mark-sweep generation total 393216K, used 153966K [0x00000007a8000000, 0x00000007c0000000, 0x00000007c0000000)
 Metaspace       used 43674K, capacity 44920K, committed 45100K, reserved 1089536K
  class space    used 5354K, capacity 5667K, committed 5676K, reserved 1048576K
}
2019-01-30T12:57:11.946+0600: 4829.518: Total time for which application threads were stopped: 0.0144404 seconds, Stopping threads took: 0.0000257 seconds
{Heap before GC invocations=19308 (full 20):
 par new generation   total 109248K, used 106230K [0x00000007a0000000, 0x00000007a8000000, 0x00000007a8000000)
  eden space 87424K, 100% used [0x00000007a0000000, 0x00000007a5560000, 0x00000007a5560000)
  from space 21824K,  86% used [0x00000007a5560000, 0x00000007a67bda40, 0x00000007a6ab0000)
  to   space 21824K,   0% used [0x00000007a6ab0000, 0x00000007a6ab0000, 0x00000007a8000000)
 concurrent mark-sweep generation total 393216K, used 153966K [0x00000007a8000000, 0x00000007c0000000, 0x00000007c0000000)
 Metaspace       used 43674K, capacity 44920K, committed 45100K, reserved 1089536K
  class space    used 5354K, capacity 5667K, committed 5676K, reserved 1048576K
2019-01-30T12:57:12.151+0600: 4829.724: [GC (Allocation Failure) 2019-01-30T12:57:12.151+0600: 4829.724: [ParNew
Desired survivor size 20112992 bytes, new threshold 8 (max 8)
- age   1:    9515616 bytes,    9515616 total
- age   2:        984 bytes,    9516600 total
- age   3:       2704 bytes,    9519304 total
: 106230K->10929K(109248K), 0.0119387 secs] 260197K->164896K(502464K), 0.0120338 secs] [Times: user=0.04 sys=0.00, real=0.01 secs] 
Heap after GC invocations=19309 (full 20):
 par new generation   total 109248K, used 10929K [0x00000007a0000000, 0x00000007a8000000, 0x00000007a8000000)
  eden space 87424K,   0% used [0x00000007a0000000, 0x00000007a0000000, 0x00000007a5560000)
  from space 21824K,  50% used [0x00000007a6ab0000, 0x00000007a755c4c0, 0x00000007a8000000)
  to   space 21824K,   0% used [0x00000007a5560000, 0x00000007a5560000, 0x00000007a6ab0000)
 concurrent mark-sweep generation total 393216K, used 153966K [0x00000007a8000000, 0x00000007c0000000, 0x00000007c0000000)
 Metaspace       used 43674K, capacity 44920K, committed 45100K, reserved 1089536K
  class space    used 5354K, capacity 5667K, committed 5676K, reserved 1048576K
}
2019-01-30T12:57:12.163+0600: 4829.736: Total time for which application threads were stopped: 0.0122665 seconds, Stopping threads took: 0.0000255 seconds
{Heap before GC invocations=19309 (full 20):
 par new generation   total 109248K, used 98353K [0x00000007a0000000, 0x00000007a8000000, 0x00000007a8000000)
  eden space 87424K, 100% used [0x00000007a0000000, 0x00000007a5560000, 0x00000007a5560000)
  from space 21824K,  50% used [0x00000007a6ab0000, 0x00000007a755c4c0, 0x00000007a8000000)
  to   space 21824K,   0% used [0x00000007a5560000, 0x00000007a5560000, 0x00000007a6ab0000)
 concurrent mark-sweep generation total 393216K, used 153966K [0x00000007a8000000, 0x00000007c0000000, 0x00000007c0000000)
 Metaspace       used 43674K, capacity 44920K, committed 45100K, reserved 1089536K
  class space    used 5354K, capacity 5667K, committed 5676K, reserved 1048576K
2019-01-30T12:57:12.364+0600: 4829.937: [GC (Allocation Failure) 2019-01-30T12:57:12.364+0600: 4829.937: [ParNew
Desired survivor size 20112992 bytes, new threshold 8 (max 8)
- age   1:    5960448 bytes,    5960448 total
- age   2:       1128 bytes,    5961576 total
- age   3:        984 bytes,    5962560 total
- age   4:       2704 bytes,    5965264 total
: 98353K->10422K(109248K), 0.0086745 secs] 252320K->164389K(502464K), 0.0087707 secs] [Times: user=0.03 sys=0.00, real=0.01 secs] 
Heap after GC invocations=19310 (full 20):
 par new generation   total 109248K, used 10422K [0x00000007a0000000, 0x00000007a8000000, 0x00000007a8000000)
  eden space 87424K,   0% used [0x00000007a0000000, 0x00000007a0000000, 0x00000007a5560000)
  from space 21824K,  47% used [0x00000007a5560000, 0x00000007a5f8db90, 0x00000007a6ab0000)
  to   space 21824K,   0% used [0x00000007a6ab0000, 0x00000007a6ab0000, 0x00000007a8000000)
 concurrent mark-sweep generation total 393216K, used 153966K [0x00000007a8000000, 0x00000007c0000000, 0x00000007c0000000)
 Metaspace       used 43674K, capacity 44920K, committed 45100K, reserved 1089536K
  class space    used 5354K, capacity 5667K, committed 5676K, reserved 1048576K
}
2019-01-30T12:57:12.373+0600: 4829.946: Total time for which application threads were stopped: 0.0090011 seconds, Stopping threads took: 0.0000229 seconds
{Heap before GC invocations=19310 (full 20):
 par new generation   total 109248K, used 97846K [0x00000007a0000000, 0x00000007a8000000, 0x00000007a8000000)
  eden space 87424K, 100% used [0x00000007a0000000, 0x00000007a5560000, 0x00000007a5560000)
  from space 21824K,  47% used [0x00000007a5560000, 0x00000007a5f8db90, 0x00000007a6ab0000)
  to   space 21824K,   0% used [0x00000007a6ab0000, 0x00000007a6ab0000, 0x00000007a8000000)
 concurrent mark-sweep generation total 393216K, used 153966K [0x00000007a8000000, 0x00000007c0000000, 0x00000007c0000000)
 Metaspace       used 43674K, capacity 44920K, committed 45100K, reserved 1089536K
  class space    used 5354K, capacity 5667K, committed 5676K, reserved 1048576K
2019-01-30T12:57:12.573+0600: 4830.146: [GC (Allocation Failure) 2019-01-30T12:57:12.573+0600: 4830.146: [ParNew
Desired survivor size 20112992 bytes, new threshold 8 (max 8)
- age   1:    5891120 bytes,    5891120 total
- age   2:       1144 bytes,    5892264 total
- age   3:       1128 bytes,    5893392 total
- age   4:        984 bytes,    5894376 total
- age   5:       2704 bytes,    5897080 total
: 97846K->8105K(109248K), 0.0084101 secs] 251813K->162072K(502464K), 0.0085003 secs] [Times: user=0.03 sys=0.00, real=0.01 secs] 
Heap after GC invocations=19311 (full 20):
 par new generation   total 109248K, used 8105K [0x00000007a0000000, 0x00000007a8000000, 0x00000007a8000000)
  eden space 87424K,   0% used [0x00000007a0000000, 0x00000007a0000000, 0x00000007a5560000)
  from space 21824K,  37% used [0x00000007a6ab0000, 0x00000007a729a790, 0x00000007a8000000)
  to   space 21824K,   0% used [0x00000007a5560000, 0x00000007a5560000, 0x00000007a6ab0000)
 concurrent mark-sweep generation total 393216K, used 153966K [0x00000007a8000000, 0x00000007c0000000, 0x00000007c0000000)
 Metaspace       used 43674K, capacity 44920K, committed 45100K, reserved 1089536K
  class space    used 5354K, capacity 5667K, committed 5676K, reserved 1048576K
}
2019-01-30T12:57:12.582+0600: 4830.154: Total time for which application threads were stopped: 0.0087354 seconds, Stopping threads took: 0.0000213 seconds
{Heap before GC invocations=19311 (full 20):
 par new generation   total 109248K, used 95529K [0x00000007a0000000, 0x00000007a8000000, 0x00000007a8000000)
  eden space 87424K, 100% used [0x00000007a0000000, 0x00000007a5560000, 0x00000007a5560000)
  from space 21824K,  37% used [0x00000007a6ab0000, 0x00000007a729a790, 0x00000007a8000000)
  to   space 21824K,   0% used [0x00000007a5560000, 0x00000007a5560000, 0x00000007a6ab0000)
 concurrent mark-sweep generation total 393216K, used 153966K [0x00000007a8000000, 0x00000007c0000000, 0x00000007c0000000)
 Metaspace       used 43674K, capacity 44920K, committed 45100K, reserved 1089536K
  class space    used 5354K, capacity 5667K, committed 5676K, reserved 1048576K
2019-01-30T12:57:12.788+0600: 4830.361: [GC (Allocation Failure) 2019-01-30T12:57:12.788+0600: 4830.361: [ParNew
Desired survivor size 20112992 bytes, new threshold 8 (max 8)
- age   1:   19170688 bytes,   19170688 total
- age   2:       1136 bytes,   19171824 total
- age   3:       1144 bytes,   19172968 total
- age   4:       1128 bytes,   19174096 total
- age   5:        984 bytes,   19175080 total
- age   6:       2704 bytes,   19177784 total
: 95529K->20707K(109248K), 0.0270108 secs] 249496K->174674K(502464K), 0.0271010 secs] [Times: user=0.06 sys=0.00, real=0.03 secs] 
Heap after GC invocations=19312 (full 20):
 par new generation   total 109248K, used 20707K [0x00000007a0000000, 0x00000007a8000000, 0x00000007a8000000)
  eden space 87424K,   0% used [0x00000007a0000000, 0x00000007a0000000, 0x00000007a5560000)
  from space 21824K,  94% used [0x00000007a5560000, 0x00000007a6998d90, 0x00000007a6ab0000)
  to   space 21824K,   0% used [0x00000007a6ab0000, 0x00000007a6ab0000, 0x00000007a8000000)
 concurrent mark-sweep generation total 393216K, used 153966K [0x00000007a8000000, 0x00000007c0000000, 0x00000007c0000000)
 Metaspace       used 43674K, capacity 44920K, committed 45100K, reserved 1089536K
  class space    used 5354K, capacity 5667K, committed 5676K, reserved 1048576K
}
2019-01-30T12:57:12.815+0600: 4830.388: Total time for which application threads were stopped: 0.0273340 seconds, Stopping threads took: 0.0000232 seconds
{Heap before GC invocations=19312 (full 20):
 par new generation   total 109248K, used 107885K [0x00000007a0000000, 0x00000007a8000000, 0x00000007a8000000)
  eden space 87424K,  99% used [0x00000007a0000000, 0x00000007a55228e8, 0x00000007a5560000)
  from space 21824K,  94% used [0x00000007a5560000, 0x00000007a6998d90, 0x00000007a6ab0000)
  to   space 21824K,   0% used [0x00000007a6ab0000, 0x00000007a6ab0000, 0x00000007a8000000)
 concurrent mark-sweep generation total 393216K, used 153966K [0x00000007a8000000, 0x00000007c0000000, 0x00000007c0000000)
 Metaspace       used 43674K, capacity 44920K, committed 45100K, reserved 1089536K
  class space    used 5354K, capacity 5667K, committed 5676K, reserved 1048576K
2019-01-30T12:57:13.028+0600: 4830.600: [GC (Allocation Failure) 2019-01-30T12:57:13.028+0600: 4830.600: [ParNew
Desired survivor size 20112992 bytes, new threshold 8 (max 8)
- age   1:   14610648 bytes,   14610648 total
- age   2:        936 bytes,   14611584 total
- age   3:       1136 bytes,   14612720 total
- age   4:       1144 bytes,   14613864 total
- age   5:       1128 bytes,   14614992 total
- age   6:        984 bytes,   14615976 total
- age   7:       2704 bytes,   14618680 total
: 107885K->21824K(109248K), 0.0155905 secs] 261852K->175790K(502464K), 0.0157891 secs] [Times: user=0.05 sys=0.01, real=0.02 secs] 
Heap after GC invocations=19313 (full 20):
 par new generation   total 109248K, used 21824K [0x00000007a0000000, 0x00000007a8000000, 0x00000007a8000000)
  eden space 87424K,   0% used [0x00000007a0000000, 0x00000007a0000000, 0x00000007a5560000)
  from space 21824K, 100% used [0x00000007a6ab0000, 0x00000007a8000000, 0x00000007a8000000)
  to   space 21824K,   0% used [0x00000007a5560000, 0x00000007a5560000, 0x00000007a6ab0000)
 concurrent mark-sweep generation total 393216K, used 153966K [0x00000007a8000000, 0x00000007c0000000, 0x00000007c0000000)
 Metaspace       used 43674K, capacity 44920K, committed 45100K, reserved 1089536K
  class space    used 5354K, capacity 5667K, committed 5676K, reserved 1048576K
}
2019-01-30T12:57:13.043+0600: 4830.616: Total time for which application threads were stopped: 0.0160849 seconds, Stopping threads took: 0.0000339 seconds
{Heap before GC invocations=19313 (full 20):
 par new generation   total 109248K, used 109248K [0x00000007a0000000, 0x00000007a8000000, 0x00000007a8000000)
  eden space 87424K, 100% used [0x00000007a0000000, 0x00000007a5560000, 0x00000007a5560000)
  from space 21824K, 100% used [0x00000007a6ab0000, 0x00000007a8000000, 0x00000007a8000000)
  to   space 21824K,   0% used [0x00000007a5560000, 0x00000007a5560000, 0x00000007a6ab0000)
 concurrent mark-sweep generation total 393216K, used 153966K [0x00000007a8000000, 0x00000007c0000000, 0x00000007c0000000)
 Metaspace       used 43674K, capacity 44920K, committed 45100K, reserved 1089536K
  class space    used 5354K, capacity 5667K, committed 5676K, reserved 1048576K
2019-01-30T12:57:13.252+0600: 4830.825: [GC (Allocation Failure) 2019-01-30T12:57:13.252+0600: 4830.825: [ParNew
Desired survivor size 20112992 bytes, new threshold 8 (max 8)
- age   1:   11075272 bytes,   11075272 total
- age   2:       1024 bytes,   11076296 total
- age   3:        936 bytes,   11077232 total
- age   4:       1136 bytes,   11078368 total
- age   5:       1144 bytes,   11079512 total
- age   6:       1128 bytes,   11080640 total
- age   7:        984 bytes,   11081624 total
- age   8:       2704 bytes,   11084328 total
: 109248K->14576K(109248K), 0.0129075 secs] 263214K->168543K(502464K), 0.0130025 secs] [Times: user=0.04 sys=0.00, real=0.01 secs] 
Heap after GC invocations=19314 (full 20):
 par new generation   total 109248K, used 14576K [0x00000007a0000000, 0x00000007a8000000, 0x00000007a8000000)
  eden space 87424K,   0% used [0x00000007a0000000, 0x00000007a0000000, 0x00000007a5560000)
  from space 21824K,  66% used [0x00000007a5560000, 0x00000007a639c3e8, 0x00000007a6ab0000)
  to   space 21824K,   0% used [0x00000007a6ab0000, 0x00000007a6ab0000, 0x00000007a8000000)
 concurrent mark-sweep generation total 393216K, used 153966K [0x00000007a8000000, 0x00000007c0000000, 0x00000007c0000000)
 Metaspace       used 43674K, capacity 44920K, committed 45100K, reserved 1089536K
  class space    used 5354K, capacity 5667K, committed 5676K, reserved 1048576K
}
2019-01-30T12:57:13.265+0600: 4830.838: Total time for which application threads were stopped: 0.0132370 seconds, Stopping threads took: 0.0000213 seconds
{Heap before GC invocations=19314 (full 20):
 par new generation   total 109248K, used 102000K [0x00000007a0000000, 0x00000007a8000000, 0x00000007a8000000)
  eden space 87424K, 100% used [0x00000007a0000000, 0x00000007a5560000, 0x00000007a5560000)
  from space 21824K,  66% used [0x00000007a5560000, 0x00000007a639c3e8, 0x00000007a6ab0000)
  to   space 21824K,   0% used [0x00000007a6ab0000, 0x00000007a6ab0000, 0x00000007a8000000)
 concurrent mark-sweep generation total 393216K, used 153966K [0x00000007a8000000, 0x00000007c0000000, 0x00000007c0000000)
 Metaspace       used 43674K, capacity 44920K, committed 45100K, reserved 1089536K
  class space    used 5354K, capacity 5667K, committed 5676K, reserved 1048576K
2019-01-30T12:57:13.473+0600: 4831.046: [GC (Allocation Failure) 2019-01-30T12:57:13.473+0600: 4831.046: [ParNew
Desired survivor size 20112992 bytes, new threshold 8 (max 8)
- age   1:    7691536 bytes,    7691536 total
- age   2:       1120 bytes,    7692656 total
- age   3:       1024 bytes,    7693680 total
- age   4:        936 bytes,    7694616 total
- age   5:       1136 bytes,    7695752 total
- age   6:       1144 bytes,    7696896 total
- age   7:       1128 bytes,    7698024 total
- age   8:        984 bytes,    7699008 total
: 102000K->11357K(109248K), 0.0102285 secs] 255967K->165327K(502464K), 0.0103379 secs] [Times: user=0.03 sys=0.00, real=0.01 secs] 
Heap after GC invocations=19315 (full 20):
 par new generation   total 109248K, used 11357K [0x00000007a0000000, 0x00000007a8000000, 0x00000007a8000000)
  eden space 87424K,   0% used [0x00000007a0000000, 0x00000007a0000000, 0x00000007a5560000)
  from space 21824K,  52% used [0x00000007a6ab0000, 0x00000007a75c7700, 0x00000007a8000000)
  to   space 21824K,   0% used [0x00000007a5560000, 0x00000007a5560000, 0x00000007a6ab0000)
 concurrent mark-sweep generation total 393216K, used 153969K [0x00000007a8000000, 0x00000007c0000000, 0x00000007c0000000)
 Metaspace       used 43674K, capacity 44920K, committed 45100K, reserved 1089536K
  class space    used 5354K, capacity 5667K, committed 5676K, reserved 1048576K
}
2019-01-30T12:57:13.483+0600: 4831.056: Total time for which application threads were stopped: 0.0106530 seconds, Stopping threads took: 0.0000294 seconds
{Heap before GC invocations=19315 (full 20):
 par new generation   total 109248K, used 98781K [0x00000007a0000000, 0x00000007a8000000, 0x00000007a8000000)
  eden space 87424K, 100% used [0x00000007a0000000, 0x00000007a5560000, 0x00000007a5560000)
  from space 21824K,  52% used [0x00000007a6ab0000, 0x00000007a75c7700, 0x00000007a8000000)
  to   space 21824K,   0% used [0x00000007a5560000, 0x00000007a5560000, 0x00000007a6ab0000)
 concurrent mark-sweep generation total 393216K, used 153969K [0x00000007a8000000, 0x00000007c0000000, 0x00000007c0000000)
 Metaspace       used 43674K, capacity 44920K, committed 45100K, reserved 1089536K
  class space    used 5354K, capacity 5667K, committed 5676K, reserved 1048576K
2019-01-30T12:57:13.684+0600: 4831.256: [GC (Allocation Failure) 2019-01-30T12:57:13.684+0600: 4831.256: [ParNew
Desired survivor size 20112992 bytes, new threshold 8 (max 8)
- age   1:    5856936 bytes,    5856936 total
- age   2:       1152 bytes,    5858088 total
- age   3:       1120 bytes,    5859208 total
- age   4:       1024 bytes,    5860232 total
- age   5:        936 bytes,    5861168 total
- age   6:       1136 bytes,    5862304 total
- age   7:       1144 bytes,    5863448 total
- age   8:       1128 bytes,    5864576 total
: 98781K->7622K(109248K), 0.0084695 secs] 252751K->161593K(502464K), 0.0085669 secs] [Times: user=0.03 sys=0.00, real=0.01 secs] 
Heap after GC invocations=19316 (full 20):
 par new generation   total 109248K, used 7622K [0x00000007a0000000, 0x00000007a8000000, 0x00000007a8000000)
  eden space 87424K,   0% used [0x00000007a0000000, 0x00000007a0000000, 0x00000007a5560000)
  from space 21824K,  34% used [0x00000007a5560000, 0x00000007a5cd1ad0, 0x00000007a6ab0000)
  to   space 21824K,   0% used [0x00000007a6ab0000, 0x00000007a6ab0000, 0x00000007a8000000)
 concurrent mark-sweep generation total 393216K, used 153970K [0x00000007a8000000, 0x00000007c0000000, 0x00000007c0000000)
 Metaspace       used 43674K, capacity 44920K, committed 45100K, reserved 1089536K
  class space    used 5354K, capacity 5667K, committed 5676K, reserved 1048576K
}
2019-01-30T12:57:13.692+0600: 4831.265: Total time for which application threads were stopped: 0.0088016 seconds, Stopping threads took: 0.0000227 seconds
{Heap before GC invocations=19316 (full 20):
 par new generation   total 109248K, used 95046K [0x00000007a0000000, 0x00000007a8000000, 0x00000007a8000000)
  eden space 87424K, 100% used [0x00000007a0000000, 0x00000007a5560000, 0x00000007a5560000)
  from space 21824K,  34% used [0x00000007a5560000, 0x00000007a5cd1ad0, 0x00000007a6ab0000)
  to   space 21824K,   0% used [0x00000007a6ab0000, 0x00000007a6ab0000, 0x00000007a8000000)
 concurrent mark-sweep generation total 393216K, used 153970K [0x00000007a8000000, 0x00000007c0000000, 0x00000007c0000000)
 Metaspace       used 43674K, capacity 44920K, committed 45100K, reserved 1089536K
  class space    used 5354K, capacity 5667K, committed 5676K, reserved 1048576K
2019-01-30T12:57:13.888+0600: 4831.461: [GC (Allocation Failure) 2019-01-30T12:57:13.888+0600: 4831.461: [ParNew
Desired survivor size 20112992 bytes, new threshold 1 (max 8)
- age   1:   21109152 bytes,   21109152 total
- age   2:       1184 bytes,   21110336 total
- age   3:       1152 bytes,   21111488 total
- age   4:       1120 bytes,   21112608 total
- age   5:       1024 bytes,   21113632 total
- age   6:        936 bytes,   21114568 total
- age   7:       1136 bytes,   21115704 total
- age   8:       1144 bytes,   21116848 total
: 95046K->21824K(109248K), 0.0184165 secs] 249017K->175795K(502464K), 0.0185182 secs] [Times: user=0.07 sys=0.00, real=0.02 secs] 
Heap after GC invocations=19317 (full 20):
 par new generation   total 109248K, used 21824K [0x00000007a0000000, 0x00000007a8000000, 0x00000007a8000000)
  eden space 87424K,   0% used [0x00000007a0000000, 0x00000007a0000000, 0x00000007a5560000)
  from space 21824K, 100% used [0x00000007a6ab0000, 0x00000007a8000000, 0x00000007a8000000)
  to   space 21824K,   0% used [0x00000007a5560000, 0x00000007a5560000, 0x00000007a6ab0000)
 concurrent mark-sweep generation total 393216K, used 153971K [0x00000007a8000000, 0x00000007c0000000, 0x00000007c0000000)
 Metaspace       used 43674K, capacity 44920K, committed 45100K, reserved 1089536K
  class space    used 5354K, capacity 5667K, committed 5676K, reserved 1048576K
}
2019-01-30T12:57:13.907+0600: 4831.480: Total time for which application threads were stopped: 0.0188232 seconds, Stopping threads took: 0.0000378 seconds
{Heap before GC invocations=19317 (full 20):
 par new generation   total 109248K, used 108341K [0x00000007a0000000, 0x00000007a8000000, 0x00000007a8000000)
  eden space 87424K,  98% used [0x00000007a0000000, 0x00000007a547d7f0, 0x00000007a5560000)
  from space 21824K, 100% used [0x00000007a6ab0000, 0x00000007a8000000, 0x00000007a8000000)
  to   space 21824K,   0% used [0x00000007a5560000, 0x00000007a5560000, 0x00000007a6ab0000)
 concurrent mark-sweep generation total 393216K, used 153971K [0x00000007a8000000, 0x00000007c0000000, 0x00000007c0000000)
 Metaspace       used 43674K, capacity 44920K, committed 45100K, reserved 1089536K
  class space    used 5354K, capacity 5667K, committed 5676K, reserved 1048576K
2019-01-30T12:57:14.097+0600: 4831.670: [GC (Allocation Failure) 2019-01-30T12:57:14.097+0600: 4831.670: [ParNew
Desired survivor size 20112992 bytes, new threshold 8 (max 8)
- age   1:   16025176 bytes,   16025176 total
: 108341K->21824K(109248K), 0.0152777 secs] 262313K->175804K(502464K), 0.0153781 secs] [Times: user=0.06 sys=0.00, real=0.02 secs] 
Heap after GC invocations=19318 (full 20):
 par new generation   total 109248K, used 21824K [0x00000007a0000000, 0x00000007a8000000, 0x00000007a8000000)
  eden space 87424K,   0% used [0x00000007a0000000, 0x00000007a0000000, 0x00000007a5560000)
  from space 21824K, 100% used [0x00000007a5560000, 0x00000007a6ab0000, 0x00000007a6ab0000)
  to   space 21824K,   0% used [0x00000007a6ab0000, 0x00000007a6ab0000, 0x00000007a8000000)
 concurrent mark-sweep generation total 393216K, used 153980K [0x00000007a8000000, 0x00000007c0000000, 0x00000007c0000000)
 Metaspace       used 43674K, capacity 44920K, committed 45100K, reserved 1089536K
  class space    used 5354K, capacity 5667K, committed 5676K, reserved 1048576K
}
2019-01-30T12:57:14.113+0600: 4831.686: Total time for which application threads were stopped: 0.0156212 seconds, Stopping threads took: 0.0000343 seconds
{Heap before GC invocations=19318 (full 20):
 par new generation   total 109248K, used 109248K [0x00000007a0000000, 0x00000007a8000000, 0x00000007a8000000)
  eden space 87424K, 100% used [0x00000007a0000000, 0x00000007a5560000, 0x00000007a5560000)
  from space 21824K, 100% used [0x00000007a5560000, 0x00000007a6ab0000, 0x00000007a6ab0000)
  to   space 21824K,   0% used [0x00000007a6ab0000, 0x00000007a6ab0000, 0x00000007a8000000)
 concurrent mark-sweep generation total 393216K, used 153980K [0x00000007a8000000, 0x00000007c0000000, 0x00000007c0000000)
 Metaspace       used 43674K, capacity 44920K, committed 45100K, reserved 1089536K
  class space    used 5354K, capacity 5667K, committed 5676K, reserved 1048576K
2019-01-30T12:57:14.306+0600: 4831.879: [GC (Allocation Failure) 2019-01-30T12:57:14.306+0600: 4831.879: [ParNew
Desired survivor size 20112992 bytes, new threshold 8 (max 8)
- age   1:   12769896 bytes,   12769896 total
- age   2:       1008 bytes,   12770904 total
: 109248K->18257K(109248K), 0.0131078 secs] 263228K->172238K(502464K), 0.0132193 secs] [Times: user=0.05 sys=0.00, real=0.01 secs] 
Heap after GC invocations=19319 (full 20):
 par new generation   total 109248K, used 18257K [0x00000007a0000000, 0x00000007a8000000, 0x00000007a8000000)
  eden space 87424K,   0% used [0x00000007a0000000, 0x00000007a0000000, 0x00000007a5560000)
  from space 21824K,  83% used [0x00000007a6ab0000, 0x00000007a7c847c0, 0x00000007a8000000)
  to   space 21824K,   0% used [0x00000007a5560000, 0x00000007a5560000, 0x00000007a6ab0000)
 concurrent mark-sweep generation total 393216K, used 153980K [0x00000007a8000000, 0x00000007c0000000, 0x00000007c0000000)
 Metaspace       used 43674K, capacity 44920K, committed 45100K, reserved 1089536K
  class space    used 5354K, capacity 5667K, committed 5676K, reserved 1048576K
}
2019-01-30T12:57:14.319+0600: 4831.892: Total time for which application threads were stopped: 0.0134489 seconds, Stopping threads took: 0.0000231 seconds
{Heap before GC invocations=19319 (full 20):
 par new generation   total 109248K, used 105681K [0x00000007a0000000, 0x00000007a8000000, 0x00000007a8000000)
  eden space 87424K, 100% used [0x00000007a0000000, 0x00000007a5560000, 0x00000007a5560000)
  from space 21824K,  83% used [0x00000007a6ab0000, 0x00000007a7c847c0, 0x00000007a8000000)
  to   space 21824K,   0% used [0x00000007a5560000, 0x00000007a5560000, 0x00000007a6ab0000)
 concurrent mark-sweep generation total 393216K, used 153980K [0x00000007a8000000, 0x00000007c0000000, 0x00000007c0000000)
 Metaspace       used 43674K, capacity 44920K, committed 45100K, reserved 1089536K
  class space    used 5354K, capacity 5667K, committed 5676K, reserved 1048576K
2019-01-30T12:57:14.512+0600: 4832.084: [GC (Allocation Failure) 2019-01-30T12:57:14.512+0600: 4832.084: [ParNew
Desired survivor size 20112992 bytes, new threshold 8 (max 8)
- age   1:    9504720 bytes,    9504720 total
- age   2:       1008 bytes,    9505728 total
- age   3:       1008 bytes,    9506736 total
: 105681K->13918K(109248K), 0.0108361 secs] 259662K->167898K(502464K), 0.0109316 secs] [Times: user=0.04 sys=0.00, real=0.01 secs] 
Heap after GC invocations=19320 (full 20):
 par new generation   total 109248K, used 13918K [0x00000007a0000000, 0x00000007a8000000, 0x00000007a8000000)
  eden space 87424K,   0% used [0x00000007a0000000, 0x00000007a0000000, 0x00000007a5560000)
  from space 21824K,  63% used [0x00000007a5560000, 0x00000007a62f78c0, 0x00000007a6ab0000)
  to   space 21824K,   0% used [0x00000007a6ab0000, 0x00000007a6ab0000, 0x00000007a8000000)
 concurrent mark-sweep generation total 393216K, used 153980K [0x00000007a8000000, 0x00000007c0000000, 0x00000007c0000000)
 Metaspace       used 43674K, capacity 44920K, committed 45100K, reserved 1089536K
  class space    used 5354K, capacity 5667K, committed 5676K, reserved 1048576K
}
2019-01-30T12:57:14.523+0600: 4832.095: Total time for which application threads were stopped: 0.0111536 seconds, Stopping threads took: 0.0000221 seconds
{Heap before GC invocations=19320 (full 20):
 par new generation   total 109248K, used 101342K [0x00000007a0000000, 0x00000007a8000000, 0x00000007a8000000)
  eden space 87424K, 100% used [0x00000007a0000000, 0x00000007a5560000, 0x00000007a5560000)
  from space 21824K,  63% used [0x00000007a5560000, 0x00000007a62f78c0, 0x00000007a6ab0000)
  to   space 21824K,   0% used [0x00000007a6ab0000, 0x00000007a6ab0000, 0x00000007a8000000)
 concurrent mark-sweep generation total 393216K, used 153980K [0x00000007a8000000, 0x00000007c0000000, 0x00000007c0000000)
 Metaspace       used 43674K, capacity 44920K, committed 45100K, reserved 1089536K
  class space    used 5354K, capacity 5667K, committed 5676K, reserved 1048576K
2019-01-30T12:57:14.714+0600: 4832.287: [GC (Allocation Failure) 2019-01-30T12:57:14.714+0600: 4832.287: [ParNew
Desired survivor size 20112992 bytes, new threshold 8 (max 8)
- age   1:    5960744 bytes,    5960744 total
- age   2:       1104 bytes,    5961848 total
- age   3:       1008 bytes,    5962856 total
- age   4:       1008 bytes,    5963864 total
: 101342K->7831K(109248K), 0.0085130 secs] 255322K->161812K(502464K), 0.0086184 secs] [Times: user=0.03 sys=0.00, real=0.01 secs] 
Heap after GC invocations=19321 (full 20):
 par new generation   total 109248K, used 7831K [0x00000007a0000000, 0x00000007a8000000, 0x00000007a8000000)
  eden space 87424K,   0% used [0x00000007a0000000, 0x00000007a0000000, 0x00000007a5560000)
  from space 21824K,  35% used [0x00000007a6ab0000, 0x00000007a7255f80, 0x00000007a8000000)
  to   space 21824K,   0% used [0x00000007a5560000, 0x00000007a5560000, 0x00000007a6ab0000)
 concurrent mark-sweep generation total 393216K, used 153980K [0x00000007a8000000, 0x00000007c0000000, 0x00000007c0000000)
 Metaspace       used 43674K, capacity 44920K, committed 45100K, reserved 1089536K
  class space    used 5354K, capacity 5667K, committed 5676K, reserved 1048576K
}
2019-01-30T12:57:14.723+0600: 4832.296: Total time for which application threads were stopped: 0.0088631 seconds, Stopping threads took: 0.0000220 seconds
{Heap before GC invocations=19321 (full 20):
 par new generation   total 109248K, used 95255K [0x00000007a0000000, 0x00000007a8000000, 0x00000007a8000000)
  eden space 87424K, 100% used [0x00000007a0000000, 0x00000007a5560000, 0x00000007a5560000)
  from space 21824K,  35% used [0x00000007a6ab0000, 0x00000007a7255f80, 0x00000007a8000000)
  to   space 21824K,   0% used [0x00000007a5560000, 0x00000007a5560000, 0x00000007a6ab0000)
 concurrent mark-sweep generation total 393216K, used 153980K [0x00000007a8000000, 0x00000007c0000000, 0x00000007c0000000)
 Metaspace       used 43674K, capacity 44920K, committed 45100K, reserved 1089536K
  class space    used 5354K, capacity 5667K, committed 5676K, reserved 1048576K
2019-01-30T12:57:14.922+0600: 4832.495: [GC (Allocation Failure) 2019-01-30T12:57:14.922+0600: 4832.495: [ParNew
Desired survivor size 20112992 bytes, new threshold 8 (max 8)
- age   1:    5883600 bytes,    5883600 total
- age   2:       1144 bytes,    5884744 total
- age   3:       1104 bytes,    5885848 total
- age   4:       1008 bytes,    5886856 total
- age   5:       1008 bytes,    5887864 total
: 95255K->8002K(109248K), 0.0085052 secs] 249236K->161983K(502464K), 0.0086016 secs] [Times: user=0.03 sys=0.00, real=0.01 secs] 
Heap after GC invocations=19322 (full 20):
 par new generation   total 109248K, used 8002K [0x00000007a0000000, 0x00000007a8000000, 0x00000007a8000000)
  eden space 87424K,   0% used [0x00000007a0000000, 0x00000007a0000000, 0x00000007a5560000)
  from space 21824K,  36% used [0x00000007a5560000, 0x00000007a5d30ad0, 0x00000007a6ab0000)
  to   space 21824K,   0% used [0x00000007a6ab0000, 0x00000007a6ab0000, 0x00000007a8000000)
 concurrent mark-sweep generation total 393216K, used 153980K [0x00000007a8000000, 0x00000007c0000000, 0x00000007c0000000)
 Metaspace       used 43674K, capacity 44920K, committed 45100K, reserved 1089536K
  class space    used 5354K, capacity 5667K, committed 5676K, reserved 1048576K
}
2019-01-30T12:57:14.930+0600: 4832.503: Total time for which application threads were stopped: 0.0088400 seconds, Stopping threads took: 0.0000226 seconds
{Heap before GC invocations=19322 (full 20):
 par new generation   total 109248K, used 95426K [0x00000007a0000000, 0x00000007a8000000, 0x00000007a8000000)
  eden space 87424K, 100% used [0x00000007a0000000, 0x00000007a5560000, 0x00000007a5560000)
  from space 21824K,  36% used [0x00000007a5560000, 0x00000007a5d30ad0, 0x00000007a6ab0000)
  to   space 21824K,   0% used [0x00000007a6ab0000, 0x00000007a6ab0000, 0x00000007a8000000)
 concurrent mark-sweep generation total 393216K, used 153980K [0x00000007a8000000, 0x00000007c0000000, 0x00000007c0000000)
 Metaspace       used 43674K, capacity 44920K, committed 45100K, reserved 1089536K
  class space    used 5354K, capacity 5667K, committed 5676K, reserved 1048576K
2019-01-30T12:57:15.171+0600: 4832.744: [GC (Allocation Failure) 2019-01-30T12:57:15.171+0600: 4832.744: [ParNew
Desired survivor size 20112992 bytes, new threshold 8 (max 8)
- age   1:   19183944 bytes,   19183944 total
- age   2:       1240 bytes,   19185184 total
- age   3:       1144 bytes,   19186328 total
- age   4:       1104 bytes,   19187432 total
- age   5:       1008 bytes,   19188440 total
- age   6:       1008 bytes,   19189448 total
: 95426K->19963K(109248K), 0.0235360 secs] 249407K->173943K(502464K), 0.0236322 secs] [Times: user=0.06 sys=0.00, real=0.02 secs] 
Heap after GC invocations=19323 (full 20):
 par new generation   total 109248K, used 19963K [0x00000007a0000000, 0x00000007a8000000, 0x00000007a8000000)
  eden space 87424K,   0% used [0x00000007a0000000, 0x00000007a0000000, 0x00000007a5560000)
  from space 21824K,  91% used [0x00000007a6ab0000, 0x00000007a7e2ed00, 0x00000007a8000000)
  to   space 21824K,   0% used [0x00000007a5560000, 0x00000007a5560000, 0x00000007a6ab0000)
 concurrent mark-sweep generation total 393216K, used 153980K [0x00000007a8000000, 0x00000007c0000000, 0x00000007c0000000)
 Metaspace       used 43674K, capacity 44920K, committed 45100K, reserved 1089536K
  class space    used 5354K, capacity 5667K, committed 5676K, reserved 1048576K
}
2019-01-30T12:57:15.195+0600: 4832.768: Total time for which application threads were stopped: 0.0239611 seconds, Stopping threads took: 0.0000309 seconds
{Heap before GC invocations=19323 (full 20):
 par new generation   total 109248K, used 106673K [0x00000007a0000000, 0x00000007a8000000, 0x00000007a8000000)
  eden space 87424K,  99% used [0x00000007a0000000, 0x00000007a54ad910, 0x00000007a5560000)
  from space 21824K,  91% used [0x00000007a6ab0000, 0x00000007a7e2ed00, 0x00000007a8000000)
  to   space 21824K,   0% used [0x00000007a5560000, 0x00000007a5560000, 0x00000007a6ab0000)
 concurrent mark-sweep generation total 393216K, used 153980K [0x00000007a8000000, 0x00000007c0000000, 0x00000007c0000000)
 Metaspace       used 43674K, capacity 44920K, committed 45100K, reserved 1089536K
  class space    used 5354K, capacity 5667K, committed 5676K, reserved 1048576K
2019-01-30T12:57:15.414+0600: 4832.986: [GC (Allocation Failure) 2019-01-30T12:57:15.414+0600: 4832.986: [ParNew
Desired survivor size 20112992 bytes, new threshold 8 (max 8)
- age   1:   14610808 bytes,   14610808 total
- age   2:       1000 bytes,   14611808 total
- age   3:       1240 bytes,   14613048 total
- age   4:       1144 bytes,   14614192 total
- age   5:       1104 bytes,   14615296 total
- age   6:       1008 bytes,   14616304 total
- age   7:       1008 bytes,   14617312 total
: 106673K->17465K(109248K), 0.0156091 secs] 260653K->171446K(502464K), 0.0157281 secs] [Times: user=0.05 sys=0.00, real=0.01 secs] 
Heap after GC invocations=19324 (full 20):
 par new generation   total 109248K, used 17465K [0x00000007a0000000, 0x00000007a8000000, 0x00000007a8000000)
  eden space 87424K,   0% used [0x00000007a0000000, 0x00000007a0000000, 0x00000007a5560000)
  from space 21824K,  80% used [0x00000007a5560000, 0x00000007a666e740, 0x00000007a6ab0000)
  to   space 21824K,   0% used [0x00000007a6ab0000, 0x00000007a6ab0000, 0x00000007a8000000)
 concurrent mark-sweep generation total 393216K, used 153980K [0x00000007a8000000, 0x00000007c0000000, 0x00000007c0000000)
 Metaspace       used 43674K, capacity 44920K, committed 45100K, reserved 1089536K
  class space    used 5354K, capacity 5667K, committed 5676K, reserved 1048576K
}
2019-01-30T12:57:15.430+0600: 4833.002: Total time for which application threads were stopped: 0.0160015 seconds, Stopping threads took: 0.0000265 seconds
{Heap before GC invocations=19324 (full 20):
 par new generation   total 109248K, used 104889K [0x00000007a0000000, 0x00000007a8000000, 0x00000007a8000000)
  eden space 87424K, 100% used [0x00000007a0000000, 0x00000007a5560000, 0x00000007a5560000)
  from space 21824K,  80% used [0x00000007a5560000, 0x00000007a666e740, 0x00000007a6ab0000)
  to   space 21824K,   0% used [0x00000007a6ab0000, 0x00000007a6ab0000, 0x00000007a8000000)
 concurrent mark-sweep generation total 393216K, used 153980K [0x00000007a8000000, 0x00000007c0000000, 0x00000007c0000000)
 Metaspace       used 43674K, capacity 44920K, committed 45100K, reserved 1089536K
  class space    used 5354K, capacity 5667K, committed 5676K, reserved 1048576K
2019-01-30T12:57:15.677+0600: 4833.249: [GC (Allocation Failure) 2019-01-30T12:57:15.677+0600: 4833.250: [ParNew
Desired survivor size 20112992 bytes, new threshold 8 (max 8)
- age   1:   11086464 bytes,   11086464 total
- age   2:       1016 bytes,   11087480 total
- age   3:       1000 bytes,   11088480 total
- age   4:       1240 bytes,   11089720 total
- age   5:       1144 bytes,   11090864 total
- age   6:       1104 bytes,   11091968 total
- age   7:       1008 bytes,   11092976 total
- age   8:       1008 bytes,   11093984 total
: 104889K->13617K(109248K), 0.0139018 secs] 258870K->167597K(502464K), 0.0140148 secs] [Times: user=0.05 sys=0.00, real=0.02 secs] 
Heap after GC invocations=19325 (full 20):
 par new generation   total 109248K, used 13617K [0x00000007a0000000, 0x00000007a8000000, 0x00000007a8000000)
  eden space 87424K,   0% used [0x00000007a0000000, 0x00000007a0000000, 0x00000007a5560000)
  from space 21824K,  62% used [0x00000007a6ab0000, 0x00000007a77fc420, 0x00000007a8000000)
  to   space 21824K,   0% used [0x00000007a5560000, 0x00000007a5560000, 0x00000007a6ab0000)
 concurrent mark-sweep generation total 393216K, used 153980K [0x00000007a8000000, 0x00000007c0000000, 0x00000007c0000000)
 Metaspace       used 43674K, capacity 44920K, committed 45100K, reserved 1089536K
  class space    used 5354K, capacity 5667K, committed 5676K, reserved 1048576K
}
2019-01-30T12:57:15.691+0600: 4833.264: Total time for which application threads were stopped: 0.0143433 seconds, Stopping threads took: 0.0000278 seconds
{Heap before GC invocations=19325 (full 20):
 par new generation   total 109248K, used 101041K [0x00000007a0000000, 0x00000007a8000000, 0x00000007a8000000)
  eden space 87424K, 100% used [0x00000007a0000000, 0x00000007a5560000, 0x00000007a5560000)
  from space 21824K,  62% used [0x00000007a6ab0000, 0x00000007a77fc420, 0x00000007a8000000)
  to   space 21824K,   0% used [0x00000007a5560000, 0x00000007a5560000, 0x00000007a6ab0000)
 concurrent mark-sweep generation total 393216K, used 153980K [0x00000007a8000000, 0x00000007c0000000, 0x00000007c0000000)
 Metaspace       used 43674K, capacity 44920K, committed 45100K, reserved 1089536K
  class space    used 5354K, capacity 5667K, committed 5676K, reserved 1048576K
2019-01-30T12:57:15.902+0600: 4833.474: [GC (Allocation Failure) 2019-01-30T12:57:15.902+0600: 4833.474: [ParNew
Desired survivor size 20112992 bytes, new threshold 8 (max 8)
- age   1:    7691728 bytes,    7691728 total
- age   2:       1168 bytes,    7692896 total
- age   3:       1016 bytes,    7693912 total
- age   4:       1000 bytes,    7694912 total
- age   5:       1240 bytes,    7696152 total
- age   6:       1144 bytes,    7697296 total
- age   7:       1104 bytes,    7698400 total
- age   8:       1008 bytes,    7699408 total
: 101041K->11529K(109248K), 0.0104914 secs] 255021K->165511K(502464K), 0.0105988 secs] [Times: user=0.04 sys=0.00, real=0.01 secs] 
Heap after GC invocations=19326 (full 20):
 par new generation   total 109248K, used 11529K [0x00000007a0000000, 0x00000007a8000000, 0x00000007a8000000)
  eden space 87424K,   0% used [0x00000007a0000000, 0x00000007a0000000, 0x00000007a5560000)
  from space 21824K,  52% used [0x00000007a5560000, 0x00000007a60a2720, 0x00000007a6ab0000)
  to   space 21824K,   0% used [0x00000007a6ab0000, 0x00000007a6ab0000, 0x00000007a8000000)
 concurrent mark-sweep generation total 393216K, used 153981K [0x00000007a8000000, 0x00000007c0000000, 0x00000007c0000000)
 Metaspace       used 43674K, capacity 44920K, committed 45100K, reserved 1089536K
  class space    used 5354K, capacity 5667K, committed 5676K, reserved 1048576K
}
2019-01-30T12:57:15.912+0600: 4833.485: Total time for which application threads were stopped: 0.0108298 seconds, Stopping threads took: 0.0000231 seconds
{Heap before GC invocations=19326 (full 20):
 par new generation   total 109248K, used 98953K [0x00000007a0000000, 0x00000007a8000000, 0x00000007a8000000)
  eden space 87424K, 100% used [0x00000007a0000000, 0x00000007a5560000, 0x00000007a5560000)
  from space 21824K,  52% used [0x00000007a5560000, 0x00000007a60a2720, 0x00000007a6ab0000)
  to   space 21824K,   0% used [0x00000007a6ab0000, 0x00000007a6ab0000, 0x00000007a8000000)
 concurrent mark-sweep generation total 393216K, used 153981K [0x00000007a8000000, 0x00000007c0000000, 0x00000007c0000000)
 Metaspace       used 43674K, capacity 44920K, committed 45100K, reserved 1089536K
  class space    used 5354K, capacity 5667K, committed 5676K, reserved 1048576K
2019-01-30T12:57:16.164+0600: 4833.737: [GC (Allocation Failure) 2019-01-30T12:57:16.165+0600: 4833.738: [ParNew
Desired survivor size 20112992 bytes, new threshold 8 (max 8)
- age   1:    5888248 bytes,    5888248 total
- age   2:       1176 bytes,    5889424 total
- age   3:       1168 bytes,    5890592 total
- age   4:       1016 bytes,    5891608 total
- age   5:       1000 bytes,    5892608 total
- age   6:       1240 bytes,    5893848 total
- age   7:       1144 bytes,    5894992 total
- age   8:       1104 bytes,    5896096 total
: 98953K->8333K(109248K), 0.0084069 secs] 252935K->162316K(502464K), 0.0094965 secs] [Times: user=0.03 sys=0.00, real=0.01 secs] 
Heap after GC invocations=19327 (full 20):
 par new generation   total 109248K, used 8333K [0x00000007a0000000, 0x00000007a8000000, 0x00000007a8000000)
  eden space 87424K,   0% used [0x00000007a0000000, 0x00000007a0000000, 0x00000007a5560000)
  from space 21824K,  38% used [0x00000007a6ab0000, 0x00000007a72d3718, 0x00000007a8000000)
  to   space 21824K,   0% used [0x00000007a5560000, 0x00000007a5560000, 0x00000007a6ab0000)
 concurrent mark-sweep generation total 393216K, used 153982K [0x00000007a8000000, 0x00000007c0000000, 0x00000007c0000000)
 Metaspace       used 43674K, capacity 44920K, committed 45100K, reserved 1089536K
  class space    used 5354K, capacity 5667K, committed 5676K, reserved 1048576K
}
2019-01-30T12:57:16.174+0600: 4833.747: Total time for which application threads were stopped: 0.0097304 seconds, Stopping threads took: 0.0000246 seconds
{Heap before GC invocations=19327 (full 20):
 par new generation   total 109248K, used 95757K [0x00000007a0000000, 0x00000007a8000000, 0x00000007a8000000)
  eden space 87424K, 100% used [0x00000007a0000000, 0x00000007a5560000, 0x00000007a5560000)
  from space 21824K,  38% used [0x00000007a6ab0000, 0x00000007a72d3718, 0x00000007a8000000)
  to   space 21824K,   0% used [0x00000007a5560000, 0x00000007a5560000, 0x00000007a6ab0000)
 concurrent mark-sweep generation total 393216K, used 153982K [0x00000007a8000000, 0x00000007c0000000, 0x00000007c0000000)
 Metaspace       used 43674K, capacity 44920K, committed 45100K, reserved 1089536K
  class space    used 5354K, capacity 5667K, committed 5676K, reserved 1048576K
2019-01-30T12:57:16.458+0600: 4834.031: [GC (Allocation Failure) 2019-01-30T12:57:16.458+0600: 4834.031: [ParNew
Desired survivor size 20112992 bytes, new threshold 1 (max 8)
- age   1:   21106696 bytes,   21106696 total
- age   2:       1120 bytes,   21107816 total
- age   3:       1176 bytes,   21108992 total
- age   4:       1168 bytes,   21110160 total
- age   5:       1016 bytes,   21111176 total
- age   6:       1000 bytes,   21112176 total
- age   7:       1240 bytes,   21113416 total
- age   8:       1144 bytes,   21114560 total
: 95757K->21824K(109248K), 0.0992114 secs] 249740K->175810K(502464K), 0.0993437 secs] [Times: user=0.08 sys=0.00, real=0.10 secs] 
Heap after GC invocations=19328 (full 20):
 par new generation   total 109248K, used 21824K [0x00000007a0000000, 0x00000007a8000000, 0x00000007a8000000)
  eden space 87424K,   0% used [0x00000007a0000000, 0x00000007a0000000, 0x00000007a5560000)
  from space 21824K, 100% used [0x00000007a5560000, 0x00000007a6ab0000, 0x00000007a6ab0000)
  to   space 21824K,   0% used [0x00000007a6ab0000, 0x00000007a6ab0000, 0x00000007a8000000)
 concurrent mark-sweep generation total 393216K, used 153986K [0x00000007a8000000, 0x00000007c0000000, 0x00000007c0000000)
 Metaspace       used 43674K, capacity 44920K, committed 45100K, reserved 1089536K
  class space    used 5354K, capacity 5667K, committed 5676K, reserved 1048576K
}
2019-01-30T12:57:16.558+0600: 4834.130: Total time for which application threads were stopped: 0.0997539 seconds, Stopping threads took: 0.0000302 seconds
{Heap before GC invocations=19328 (full 20):
 par new generation   total 109248K, used 108254K [0x00000007a0000000, 0x00000007a8000000, 0x00000007a8000000)
  eden space 87424K,  98% used [0x00000007a0000000, 0x00000007a5467ae8, 0x00000007a5560000)
  from space 21824K, 100% used [0x00000007a5560000, 0x00000007a6ab0000, 0x00000007a6ab0000)
  to   space 21824K,   0% used [0x00000007a6ab0000, 0x00000007a6ab0000, 0x00000007a8000000)
 concurrent mark-sweep generation total 393216K, used 153986K [0x00000007a8000000, 0x00000007c0000000, 0x00000007c0000000)
 Metaspace       used 43674K, capacity 44920K, committed 45100K, reserved 1089536K
  class space    used 5354K, capacity 5667K, committed 5676K, reserved 1048576K
2019-01-30T12:57:16.818+0600: 4834.391: [GC (Allocation Failure) 2019-01-30T12:57:16.818+0600: 4834.391: [ParNew
Desired survivor size 20112992 bytes, new threshold 8 (max 8)
- age   1:   16025352 bytes,   16025352 total
: 108254K->21824K(109248K), 0.0170941 secs] 262240K->175819K(502464K), 0.0172565 secs] [Times: user=0.05 sys=0.00, real=0.02 secs] 
Heap after GC invocations=19329 (full 20):
 par new generation   total 109248K, used 21824K [0x00000007a0000000, 0x00000007a8000000, 0x00000007a8000000)
  eden space 87424K,   0% used [0x00000007a0000000, 0x00000007a0000000, 0x00000007a5560000)
  from space 21824K, 100% used [0x00000007a6ab0000, 0x00000007a8000000, 0x00000007a8000000)
  to   space 21824K,   0% used [0x00000007a5560000, 0x00000007a5560000, 0x00000007a6ab0000)
 concurrent mark-sweep generation total 393216K, used 153995K [0x00000007a8000000, 0x00000007c0000000, 0x00000007c0000000)
 Metaspace       used 43674K, capacity 44920K, committed 45100K, reserved 1089536K
  class space    used 5354K, capacity 5667K, committed 5676K, reserved 1048576K
}
2019-01-30T12:57:16.835+0600: 4834.408: Total time for which application threads were stopped: 0.0176247 seconds, Stopping threads took: 0.0000284 seconds
{Heap before GC invocations=19329 (full 20):
 par new generation   total 109248K, used 109248K [0x00000007a0000000, 0x00000007a8000000, 0x00000007a8000000)
  eden space 87424K, 100% used [0x00000007a0000000, 0x00000007a5560000, 0x00000007a5560000)
  from space 21824K, 100% used [0x00000007a6ab0000, 0x00000007a8000000, 0x00000007a8000000)
  to   space 21824K,   0% used [0x00000007a5560000, 0x00000007a5560000, 0x00000007a6ab0000)
 concurrent mark-sweep generation total 393216K, used 153995K [0x00000007a8000000, 0x00000007c0000000, 0x00000007c0000000)
 Metaspace       used 43674K, capacity 44920K, committed 45100K, reserved 1089536K
  class space    used 5354K, capacity 5667K, committed 5676K, reserved 1048576K
2019-01-30T12:57:17.092+0600: 4834.664: [GC (Allocation Failure) 2019-01-30T12:57:17.092+0600: 4834.665: [ParNew
Desired survivor size 20112992 bytes, new threshold 8 (max 8)
- age   1:   12775896 bytes,   12775896 total
- age   2:       1016 bytes,   12776912 total
: 109248K->18352K(109248K), 0.0135927 secs] 263243K->172347K(502464K), 0.0136986 secs] [Times: user=0.05 sys=0.00, real=0.01 secs] 
Heap after GC invocations=19330 (full 20):
 par new generation   total 109248K, used 18352K [0x00000007a0000000, 0x00000007a8000000, 0x00000007a8000000)
  eden space 87424K,   0% used [0x00000007a0000000, 0x00000007a0000000, 0x00000007a5560000)
  from space 21824K,  84% used [0x00000007a5560000, 0x00000007a674c1c0, 0x00000007a6ab0000)
  to   space 21824K,   0% used [0x00000007a6ab0000, 0x00000007a6ab0000, 0x00000007a8000000)
 concurrent mark-sweep generation total 393216K, used 153995K [0x00000007a8000000, 0x00000007c0000000, 0x00000007c0000000)
 Metaspace       used 43674K, capacity 44920K, committed 45100K, reserved 1089536K
  class space    used 5354K, capacity 5667K, committed 5676K, reserved 1048576K
}
2019-01-30T12:57:17.106+0600: 4834.678: Total time for which application threads were stopped: 0.0139394 seconds, Stopping threads took: 0.0000242 seconds
{Heap before GC invocations=19330 (full 20):
 par new generation   total 109248K, used 105776K [0x00000007a0000000, 0x00000007a8000000, 0x00000007a8000000)
  eden space 87424K, 100% used [0x00000007a0000000, 0x00000007a5560000, 0x00000007a5560000)
  from space 21824K,  84% used [0x00000007a5560000, 0x00000007a674c1c0, 0x00000007a6ab0000)
  to   space 21824K,   0% used [0x00000007a6ab0000, 0x00000007a6ab0000, 0x00000007a8000000)
 concurrent mark-sweep generation total 393216K, used 153995K [0x00000007a8000000, 0x00000007c0000000, 0x00000007c0000000)
 Metaspace       used 43674K, capacity 44920K, committed 45100K, reserved 1089536K
  class space    used 5354K, capacity 5667K, committed 5676K, reserved 1048576K
2019-01-30T12:57:17.302+0600: 4834.874: [GC (Allocation Failure) 2019-01-30T12:57:17.302+0600: 4834.874: [ParNew
Desired survivor size 20112992 bytes, new threshold 8 (max 8)
- age   1:    9499384 bytes,    9499384 total
- age   2:       1016 bytes,    9500400 total
- age   3:       1016 bytes,    9501416 total
: 105776K->13946K(109248K), 0.0111198 secs] 259771K->167941K(502464K), 0.0112330 secs] [Times: user=0.04 sys=0.01, real=0.01 secs] 
Heap after GC invocations=19331 (full 20):
 par new generation   total 109248K, used 13946K [0x00000007a0000000, 0x00000007a8000000, 0x00000007a8000000)
  eden space 87424K,   0% used [0x00000007a0000000, 0x00000007a0000000, 0x00000007a5560000)
  from space 21824K,  63% used [0x00000007a6ab0000, 0x00000007a784e8c0, 0x00000007a8000000)
  to   space 21824K,   0% used [0x00000007a5560000, 0x00000007a5560000, 0x00000007a6ab0000)
 concurrent mark-sweep generation total 393216K, used 153995K [0x00000007a8000000, 0x00000007c0000000, 0x00000007c0000000)
 Metaspace       used 43674K, capacity 44920K, committed 45100K, reserved 1089536K
  class space    used 5354K, capacity 5667K, committed 5676K, reserved 1048576K
}
2019-01-30T12:57:17.313+0600: 4834.886: Total time for which application threads were stopped: 0.0114792 seconds, Stopping threads took: 0.0000220 seconds
{Heap before GC invocations=19331 (full 20):
 par new generation   total 109248K, used 101370K [0x00000007a0000000, 0x00000007a8000000, 0x00000007a8000000)
  eden space 87424K, 100% used [0x00000007a0000000, 0x00000007a5560000, 0x00000007a5560000)
  from space 21824K,  63% used [0x00000007a6ab0000, 0x00000007a784e8c0, 0x00000007a8000000)
  to   space 21824K,   0% used [0x00000007a5560000, 0x00000007a5560000, 0x00000007a6ab0000)
 concurrent mark-sweep generation total 393216K, used 153995K [0x00000007a8000000, 0x00000007c0000000, 0x00000007c0000000)
 Metaspace       used 43674K, capacity 44920K, committed 45100K, reserved 1089536K
  class space    used 5354K, capacity 5667K, committed 5676K, reserved 1048576K
2019-01-30T12:57:17.507+0600: 4835.080: [GC (Allocation Failure) 2019-01-30T12:57:17.508+0600: 4835.080: [ParNew
Desired survivor size 20112992 bytes, new threshold 8 (max 8)
- age   1:    5967312 bytes,    5967312 total
- age   2:       1136 bytes,    5968448 total
- age   3:       1016 bytes,    5969464 total
- age   4:       1016 bytes,    5970480 total
: 101370K->8134K(109248K), 0.0085540 secs] 255365K->162129K(502464K), 0.0086849 secs] [Times: user=0.03 sys=0.00, real=0.01 secs] 
Heap after GC invocations=19332 (full 20):
 par new generation   total 109248K, used 8134K [0x00000007a0000000, 0x00000007a8000000, 0x00000007a8000000)
  eden space 87424K,   0% used [0x00000007a0000000, 0x00000007a0000000, 0x00000007a5560000)
  from space 21824K,  37% used [0x00000007a5560000, 0x00000007a5d518a0, 0x00000007a6ab0000)
  to   space 21824K,   0% used [0x00000007a6ab0000, 0x00000007a6ab0000, 0x00000007a8000000)
 concurrent mark-sweep generation total 393216K, used 153995K [0x00000007a8000000, 0x00000007c0000000, 0x00000007c0000000)
 Metaspace       used 43674K, capacity 44920K, committed 45100K, reserved 1089536K
  class space    used 5354K, capacity 5667K, committed 5676K, reserved 1048576K
}
2019-01-30T12:57:17.516+0600: 4835.089: Total time for which application threads were stopped: 0.0089387 seconds, Stopping threads took: 0.0000283 seconds
{Heap before GC invocations=19332 (full 20):
 par new generation   total 109248K, used 95558K [0x00000007a0000000, 0x00000007a8000000, 0x00000007a8000000)
  eden space 87424K, 100% used [0x00000007a0000000, 0x00000007a5560000, 0x00000007a5560000)
  from space 21824K,  37% used [0x00000007a5560000, 0x00000007a5d518a0, 0x00000007a6ab0000)
  to   space 21824K,   0% used [0x00000007a6ab0000, 0x00000007a6ab0000, 0x00000007a8000000)
 concurrent mark-sweep generation total 393216K, used 153995K [0x00000007a8000000, 0x00000007c0000000, 0x00000007c0000000)
 Metaspace       used 43674K, capacity 44920K, committed 45100K, reserved 1089536K
  class space    used 5354K, capacity 5667K, committed 5676K, reserved 1048576K
2019-01-30T12:57:17.715+0600: 4835.288: [GC (Allocation Failure) 2019-01-30T12:57:17.715+0600: 4835.288: [ParNew
Desired survivor size 20112992 bytes, new threshold 8 (max 8)
- age   1:    5882240 bytes,    5882240 total
- age   2:       1176 bytes,    5883416 total
- age   3:       1136 bytes,    5884552 total
- age   4:       1016 bytes,    5885568 total
- age   5:       1016 bytes,    5886584 total
: 95558K->6660K(109248K), 0.0086210 secs] 249553K->160655K(502464K), 0.0087355 secs] [Times: user=0.03 sys=0.00, real=0.01 secs] 
Heap after GC invocations=19333 (full 20):
 par new generation   total 109248K, used 6660K [0x00000007a0000000, 0x00000007a8000000, 0x00000007a8000000)
  eden space 87424K,   0% used [0x00000007a0000000, 0x00000007a0000000, 0x00000007a5560000)
  from space 21824K,  30% used [0x00000007a6ab0000, 0x00000007a7131190, 0x00000007a8000000)
  to   space 21824K,   0% used [0x00000007a5560000, 0x00000007a5560000, 0x00000007a6ab0000)
 concurrent mark-sweep generation total 393216K, used 153995K [0x00000007a8000000, 0x00000007c0000000, 0x00000007c0000000)
 Metaspace       used 43674K, capacity 44920K, committed 45100K, reserved 1089536K
  class space    used 5354K, capacity 5667K, committed 5676K, reserved 1048576K
}
2019-01-30T12:57:17.724+0600: 4835.296: Total time for which application threads were stopped: 0.0089833 seconds, Stopping threads took: 0.0000226 seconds
{Heap before GC invocations=19333 (full 20):
 par new generation   total 109248K, used 94084K [0x00000007a0000000, 0x00000007a8000000, 0x00000007a8000000)
  eden space 87424K, 100% used [0x00000007a0000000, 0x00000007a5560000, 0x00000007a5560000)
  from space 21824K,  30% used [0x00000007a6ab0000, 0x00000007a7131190, 0x00000007a8000000)
  to   space 21824K,   0% used [0x00000007a5560000, 0x00000007a5560000, 0x00000007a6ab0000)
 concurrent mark-sweep generation total 393216K, used 153995K [0x00000007a8000000, 0x00000007c0000000, 0x00000007c0000000)
 Metaspace       used 43674K, capacity 44920K, committed 45100K, reserved 1089536K
  class space    used 5354K, capacity 5667K, committed 5676K, reserved 1048576K
2019-01-30T12:57:17.936+0600: 4835.509: [GC (Allocation Failure) 2019-01-30T12:57:17.936+0600: 4835.509: [ParNew
Desired survivor size 20112992 bytes, new threshold 8 (max 8)
- age   1:   19159504 bytes,   19159504 total
- age   2:       1136 bytes,   19160640 total
- age   3:       1176 bytes,   19161816 total
- age   4:       1136 bytes,   19162952 total
- age   5:       1016 bytes,   19163968 total
- age   6:       1016 bytes,   19164984 total
: 94084K->21126K(109248K), 0.0295253 secs] 248079K->175121K(502464K), 0.0296822 secs] [Times: user=0.07 sys=0.00, real=0.03 secs] 
Heap after GC invocations=19334 (full 20):
 par new generation   total 109248K, used 21126K [0x00000007a0000000, 0x00000007a8000000, 0x00000007a8000000)
  eden space 87424K,   0% used [0x00000007a0000000, 0x00000007a0000000, 0x00000007a5560000)
  from space 21824K,  96% used [0x00000007a5560000, 0x00000007a6a018b8, 0x00000007a6ab0000)
  to   space 21824K,   0% used [0x00000007a6ab0000, 0x00000007a6ab0000, 0x00000007a8000000)
 concurrent mark-sweep generation total 393216K, used 153995K [0x00000007a8000000, 0x00000007c0000000, 0x00000007c0000000)
 Metaspace       used 43674K, capacity 44920K, committed 45100K, reserved 1089536K
  class space    used 5354K, capacity 5667K, committed 5676K, reserved 1048576K
}
2019-01-30T12:57:17.966+0600: 4835.538: Total time for which application threads were stopped: 0.0301091 seconds, Stopping threads took: 0.0000685 seconds
{Heap before GC invocations=19334 (full 20):
 par new generation   total 109248K, used 108550K [0x00000007a0000000, 0x00000007a8000000, 0x00000007a8000000)
  eden space 87424K, 100% used [0x00000007a0000000, 0x00000007a5560000, 0x00000007a5560000)
  from space 21824K,  96% used [0x00000007a5560000, 0x00000007a6a018b8, 0x00000007a6ab0000)
  to   space 21824K,   0% used [0x00000007a6ab0000, 0x00000007a6ab0000, 0x00000007a8000000)
 concurrent mark-sweep generation total 393216K, used 153995K [0x00000007a8000000, 0x00000007c0000000, 0x00000007c0000000)
 Metaspace       used 43674K, capacity 44920K, committed 45100K, reserved 1089536K
  class space    used 5354K, capacity 5667K, committed 5676K, reserved 1048576K
2019-01-30T12:57:18.186+0600: 4835.758: [GC (Allocation Failure) 2019-01-30T12:57:18.186+0600: 4835.758: [ParNew
Desired survivor size 20112992 bytes, new threshold 8 (max 8)
- age   1:   14610976 bytes,   14610976 total
- age   2:       1000 bytes,   14611976 total
- age   3:       1136 bytes,   14613112 total
- age   4:       1176 bytes,   14614288 total
- age   5:       1136 bytes,   14615424 total
- age   6:       1016 bytes,   14616440 total
- age   7:       1016 bytes,   14617456 total
: 108550K->21824K(109248K), 0.0145139 secs] 262545K->175819K(502464K), 0.0146280 secs] [Times: user=0.06 sys=0.00, real=0.02 secs] 
Heap after GC invocations=19335 (full 20):
 par new generation   total 109248K, used 21824K [0x00000007a0000000, 0x00000007a8000000, 0x00000007a8000000)
  eden space 87424K,   0% used [0x00000007a0000000, 0x00000007a0000000, 0x00000007a5560000)
  from space 21824K, 100% used [0x00000007a6ab0000, 0x00000007a8000000, 0x00000007a8000000)
  to   space 21824K,   0% used [0x00000007a5560000, 0x00000007a5560000, 0x00000007a6ab0000)
 concurrent mark-sweep generation total 393216K, used 153995K [0x00000007a8000000, 0x00000007c0000000, 0x00000007c0000000)
 Metaspace       used 43674K, capacity 44920K, committed 45100K, reserved 1089536K
  class space    used 5354K, capacity 5667K, committed 5676K, reserved 1048576K
}
2019-01-30T12:57:18.200+0600: 4835.773: Total time for which application threads were stopped: 0.0148685 seconds, Stopping threads took: 0.0000233 seconds
{Heap before GC invocations=19335 (full 20):
 par new generation   total 109248K, used 109248K [0x00000007a0000000, 0x00000007a8000000, 0x00000007a8000000)
  eden space 87424K, 100% used [0x00000007a0000000, 0x00000007a5560000, 0x00000007a5560000)
  from space 21824K, 100% used [0x00000007a6ab0000, 0x00000007a8000000, 0x00000007a8000000)
  to   space 21824K,   0% used [0x00000007a5560000, 0x00000007a5560000, 0x00000007a6ab0000)
 concurrent mark-sweep generation total 393216K, used 153995K [0x00000007a8000000, 0x00000007c0000000, 0x00000007c0000000)
 Metaspace       used 43674K, capacity 44920K, committed 45100K, reserved 1089536K
  class space    used 5354K, capacity 5667K, committed 5676K, reserved 1048576K
2019-01-30T12:57:18.519+0600: 4836.091: [GC (Allocation Failure) 2019-01-30T12:57:18.519+0600: 4836.091: [ParNew
Desired survivor size 20112992 bytes, new threshold 8 (max 8)
- age   1:   11076856 bytes,   11076856 total
- age   2:       1016 bytes,   11077872 total
- age   3:       1000 bytes,   11078872 total
- age   4:       1136 bytes,   11080008 total
- age   5:       1176 bytes,   11081184 total
- age   6:       1136 bytes,   11082320 total
- age   7:       1016 bytes,   11083336 total
- age   8:       1016 bytes,   11084352 total
: 109248K->13534K(109248K), 0.0230274 secs] 263243K->167530K(502464K), 0.0231680 secs] [Times: user=0.04 sys=0.00, real=0.03 secs] 
Heap after GC invocations=19336 (full 20):
 par new generation   total 109248K, used 13534K [0x00000007a0000000, 0x00000007a8000000, 0x00000007a8000000)
  eden space 87424K,   0% used [0x00000007a0000000, 0x00000007a0000000, 0x00000007a5560000)
  from space 21824K,  62% used [0x00000007a5560000, 0x00000007a6297b40, 0x00000007a6ab0000)
  to   space 21824K,   0% used [0x00000007a6ab0000, 0x00000007a6ab0000, 0x00000007a8000000)
 concurrent mark-sweep generation total 393216K, used 153995K [0x00000007a8000000, 0x00000007c0000000, 0x00000007c0000000)
 Metaspace       used 43674K, capacity 44920K, committed 45100K, reserved 1089536K
  class space    used 5354K, capacity 5667K, committed 5676K, reserved 1048576K
}
2019-01-30T12:57:18.542+0600: 4836.114: Total time for which application threads were stopped: 0.0236066 seconds, Stopping threads took: 0.0000903 seconds
{Heap before GC invocations=19336 (full 20):
 par new generation   total 109248K, used 100958K [0x00000007a0000000, 0x00000007a8000000, 0x00000007a8000000)
  eden space 87424K, 100% used [0x00000007a0000000, 0x00000007a5560000, 0x00000007a5560000)
  from space 21824K,  62% used [0x00000007a5560000, 0x00000007a6297b40, 0x00000007a6ab0000)
  to   space 21824K,   0% used [0x00000007a6ab0000, 0x00000007a6ab0000, 0x00000007a8000000)
 concurrent mark-sweep generation total 393216K, used 153995K [0x00000007a8000000, 0x00000007c0000000, 0x00000007c0000000)
 Metaspace       used 43674K, capacity 44920K, committed 45100K, reserved 1089536K
  class space    used 5354K, capacity 5667K, committed 5676K, reserved 1048576K
2019-01-30T12:57:18.786+0600: 4836.359: [GC (Allocation Failure) 2019-01-30T12:57:18.786+0600: 4836.359: [ParNew
Desired survivor size 20112992 bytes, new threshold 8 (max 8)
- age   1:    7691840 bytes,    7691840 total
- age   2:       1088 bytes,    7692928 total
- age   3:       1016 bytes,    7693944 total
- age   4:       1000 bytes,    7694944 total
- age   5:       1136 bytes,    7696080 total
- age   6:       1176 bytes,    7697256 total
- age   7:       1136 bytes,    7698392 total
- age   8:       1016 bytes,    7699408 total
: 100958K->12262K(109248K), 0.0103373 secs] 254954K->166259K(502464K), 0.0104600 secs] [Times: user=0.03 sys=0.00, real=0.01 secs] 
Heap after GC invocations=19337 (full 20):
 par new generation   total 109248K, used 12262K [0x00000007a0000000, 0x00000007a8000000, 0x00000007a8000000)
  eden space 87424K,   0% used [0x00000007a0000000, 0x00000007a0000000, 0x00000007a5560000)
  from space 21824K,  56% used [0x00000007a6ab0000, 0x00000007a76a9b90, 0x00000007a8000000)
  to   space 21824K,   0% used [0x00000007a5560000, 0x00000007a5560000, 0x00000007a6ab0000)
 concurrent mark-sweep generation total 393216K, used 153996K [0x00000007a8000000, 0x00000007c0000000, 0x00000007c0000000)
 Metaspace       used 43674K, capacity 44920K, committed 45100K, reserved 1089536K
  class space    used 5354K, capacity 5667K, committed 5676K, reserved 1048576K
}
2019-01-30T12:57:18.797+0600: 4836.369: Total time for which application threads were stopped: 0.0107174 seconds, Stopping threads took: 0.0000258 seconds
{Heap before GC invocations=19337 (full 20):
 par new generation   total 109248K, used 99686K [0x00000007a0000000, 0x00000007a8000000, 0x00000007a8000000)
  eden space 87424K, 100% used [0x00000007a0000000, 0x00000007a5560000, 0x00000007a5560000)
  from space 21824K,  56% used [0x00000007a6ab0000, 0x00000007a76a9b90, 0x00000007a8000000)
  to   space 21824K,   0% used [0x00000007a5560000, 0x00000007a5560000, 0x00000007a6ab0000)
 concurrent mark-sweep generation total 393216K, used 153996K [0x00000007a8000000, 0x00000007c0000000, 0x00000007c0000000)
 Metaspace       used 43674K, capacity 44920K, committed 45100K, reserved 1089536K
  class space    used 5354K, capacity 5667K, committed 5676K, reserved 1048576K
2019-01-30T12:57:19.004+0600: 4836.577: [GC (Allocation Failure) 2019-01-30T12:57:19.004+0600: 4836.577: [ParNew
Desired survivor size 20112992 bytes, new threshold 8 (max 8)
- age   1:    5895880 bytes,    5895880 total
- age   2:       1120 bytes,    5897000 total
- age   3:       1088 bytes,    5898088 total
- age   4:       1016 bytes,    5899104 total
- age   5:       1000 bytes,    5900104 total
- age   6:       1136 bytes,    5901240 total
- age   7:       1176 bytes,    5902416 total
- age   8:       1136 bytes,    5903552 total
: 99686K->8605K(109248K), 0.0086425 secs] 253683K->162602K(502464K), 0.0087557 secs] [Times: user=0.03 sys=0.00, real=0.01 secs] 
Heap after GC invocations=19338 (full 20):
 par new generation   total 109248K, used 8605K [0x00000007a0000000, 0x00000007a8000000, 0x00000007a8000000)
  eden space 87424K,   0% used [0x00000007a0000000, 0x00000007a0000000, 0x00000007a5560000)
  from space 21824K,  39% used [0x00000007a5560000, 0x00000007a5dc7640, 0x00000007a6ab0000)
  to   space 21824K,   0% used [0x00000007a6ab0000, 0x00000007a6ab0000, 0x00000007a8000000)
 concurrent mark-sweep generation total 393216K, used 153997K [0x00000007a8000000, 0x00000007c0000000, 0x00000007c0000000)
 Metaspace       used 43674K, capacity 44920K, committed 45100K, reserved 1089536K
  class space    used 5354K, capacity 5667K, committed 5676K, reserved 1048576K
}
2019-01-30T12:57:19.013+0600: 4836.586: Total time for which application threads were stopped: 0.0090072 seconds, Stopping threads took: 0.0000254 seconds
{Heap before GC invocations=19338 (full 20):
 par new generation   total 109248K, used 96029K [0x00000007a0000000, 0x00000007a8000000, 0x00000007a8000000)
  eden space 87424K, 100% used [0x00000007a0000000, 0x00000007a5560000, 0x00000007a5560000)
  from space 21824K,  39% used [0x00000007a5560000, 0x00000007a5dc7640, 0x00000007a6ab0000)
  to   space 21824K,   0% used [0x00000007a6ab0000, 0x00000007a6ab0000, 0x00000007a8000000)
 concurrent mark-sweep generation total 393216K, used 153997K [0x00000007a8000000, 0x00000007c0000000, 0x00000007c0000000)
 Metaspace       used 43674K, capacity 44920K, committed 45100K, reserved 1089536K
  class space    used 5354K, capacity 5667K, committed 5676K, reserved 1048576K
2019-01-30T12:57:19.221+0600: 4836.794: [GC (Allocation Failure) 2019-01-30T12:57:19.221+0600: 4836.794: [ParNew
Desired survivor size 20112992 bytes, new threshold 1 (max 8)
- age   1:   21104920 bytes,   21104920 total
- age   2:       1072 bytes,   21105992 total
- age   3:       1120 bytes,   21107112 total
- age   4:       1088 bytes,   21108200 total
- age   5:       1016 bytes,   21109216 total
- age   6:       1000 bytes,   21110216 total
- age   7:       1136 bytes,   21111352 total
- age   8:       1176 bytes,   21112528 total
: 96029K->21824K(109248K), 0.0188480 secs] 250026K->175826K(502464K), 0.0189536 secs] [Times: user=0.07 sys=0.00, real=0.02 secs] 
Heap after GC invocations=19339 (full 20):
 par new generation   total 109248K, used 21824K [0x00000007a0000000, 0x00000007a8000000, 0x00000007a8000000)
  eden space 87424K,   0% used [0x00000007a0000000, 0x00000007a0000000, 0x00000007a5560000)
  from space 21824K, 100% used [0x00000007a6ab0000, 0x00000007a8000000, 0x00000007a8000000)
  to   space 21824K,   0% used [0x00000007a5560000, 0x00000007a5560000, 0x00000007a6ab0000)
 concurrent mark-sweep generation total 393216K, used 154002K [0x00000007a8000000, 0x00000007c0000000, 0x00000007c0000000)
 Metaspace       used 43674K, capacity 44920K, committed 45100K, reserved 1089536K
  class space    used 5354K, capacity 5667K, committed 5676K, reserved 1048576K
}
2019-01-30T12:57:19.240+0600: 4836.813: Total time for which application threads were stopped: 0.0191852 seconds, Stopping threads took: 0.0000235 seconds
{Heap before GC invocations=19339 (full 20):
 par new generation   total 109248K, used 109248K [0x00000007a0000000, 0x00000007a8000000, 0x00000007a8000000)
  eden space 87424K, 100% used [0x00000007a0000000, 0x00000007a5560000, 0x00000007a5560000)
  from space 21824K, 100% used [0x00000007a6ab0000, 0x00000007a8000000, 0x00000007a8000000)
  to   space 21824K,   0% used [0x00000007a5560000, 0x00000007a5560000, 0x00000007a6ab0000)
 concurrent mark-sweep generation total 393216K, used 154002K [0x00000007a8000000, 0x00000007c0000000, 0x00000007c0000000)
 Metaspace       used 43674K, capacity 44920K, committed 45100K, reserved 1089536K
  class space    used 5354K, capacity 5667K, committed 5676K, reserved 1048576K
2019-01-30T12:57:19.430+0600: 4837.003: [GC (Allocation Failure) 2019-01-30T12:57:19.430+0600: 4837.003: [ParNew
Desired survivor size 20112992 bytes, new threshold 8 (max 8)
- age   1:   17077064 bytes,   17077064 total
: 109248K->21824K(109248K), 0.0158050 secs] 263250K->175835K(502464K), 0.0159182 secs] [Times: user=0.05 sys=0.00, real=0.01 secs] 
Heap after GC invocations=19340 (full 20):
 par new generation   total 109248K, used 21824K [0x00000007a0000000, 0x00000007a8000000, 0x00000007a8000000)
  eden space 87424K,   0% used [0x00000007a0000000, 0x00000007a0000000, 0x00000007a5560000)
  from space 21824K, 100% used [0x00000007a5560000, 0x00000007a6ab0000, 0x00000007a6ab0000)
  to   space 21824K,   0% used [0x00000007a6ab0000, 0x00000007a6ab0000, 0x00000007a8000000)
 concurrent mark-sweep generation total 393216K, used 154011K [0x00000007a8000000, 0x00000007c0000000, 0x00000007c0000000)
 Metaspace       used 43674K, capacity 44920K, committed 45100K, reserved 1089536K
  class space    used 5354K, capacity 5667K, committed 5676K, reserved 1048576K
}
2019-01-30T12:57:19.446+0600: 4837.019: Total time for which application threads were stopped: 0.0161636 seconds, Stopping threads took: 0.0000244 seconds
{Heap before GC invocations=19340 (full 20):
 par new generation   total 109248K, used 109248K [0x00000007a0000000, 0x00000007a8000000, 0x00000007a8000000)
  eden space 87424K, 100% used [0x00000007a0000000, 0x00000007a5560000, 0x00000007a5560000)
  from space 21824K, 100% used [0x00000007a5560000, 0x00000007a6ab0000, 0x00000007a6ab0000)
  to   space 21824K,   0% used [0x00000007a6ab0000, 0x00000007a6ab0000, 0x00000007a8000000)
 concurrent mark-sweep generation total 393216K, used 154011K [0x00000007a8000000, 0x00000007c0000000, 0x00000007c0000000)
 Metaspace       used 43674K, capacity 44920K, committed 45100K, reserved 1089536K
  class space    used 5354K, capacity 5667K, committed 5676K, reserved 1048576K
2019-01-30T12:57:19.644+0600: 4837.216: [GC (Allocation Failure) 2019-01-30T12:57:19.644+0600: 4837.216: [ParNew
Desired survivor size 20112992 bytes, new threshold 8 (max 8)
- age   1:   13549136 bytes,   13549136 total
- age   2:       1024 bytes,   13550160 total
: 109248K->18218K(109248K), 0.0141056 secs] 263259K->172230K(502464K), 0.0142156 secs] [Times: user=0.05 sys=0.00, real=0.01 secs] 
Heap after GC invocations=19341 (full 20):
 par new generation   total 109248K, used 18218K [0x00000007a0000000, 0x00000007a8000000, 0x00000007a8000000)
  eden space 87424K,   0% used [0x00000007a0000000, 0x00000007a0000000, 0x00000007a5560000)
  from space 21824K,  83% used [0x00000007a6ab0000, 0x00000007a7c7aa00, 0x00000007a8000000)
  to   space 21824K,   0% used [0x00000007a5560000, 0x00000007a5560000, 0x00000007a6ab0000)
 concurrent mark-sweep generation total 393216K, used 154011K [0x00000007a8000000, 0x00000007c0000000, 0x00000007c0000000)
 Metaspace       used 43674K, capacity 44920K, committed 45100K, reserved 1089536K
  class space    used 5354K, capacity 5667K, committed 5676K, reserved 1048576K
}
2019-01-30T12:57:19.658+0600: 4837.230: Total time for which application threads were stopped: 0.0144642 seconds, Stopping threads took: 0.0000260 seconds
{Heap before GC invocations=19341 (full 20):
 par new generation   total 109248K, used 105264K [0x00000007a0000000, 0x00000007a8000000, 0x00000007a8000000)
  eden space 87424K,  99% used [0x00000007a0000000, 0x00000007a5501600, 0x00000007a5560000)
  from space 21824K,  83% used [0x00000007a6ab0000, 0x00000007a7c7aa00, 0x00000007a8000000)
  to   space 21824K,   0% used [0x00000007a5560000, 0x00000007a5560000, 0x00000007a6ab0000)
 concurrent mark-sweep generation total 393216K, used 154011K [0x00000007a8000000, 0x00000007c0000000, 0x00000007c0000000)
 Metaspace       used 43674K, capacity 44920K, committed 45100K, reserved 1089536K
  class space    used 5354K, capacity 5667K, committed 5676K, reserved 1048576K
2019-01-30T12:57:19.851+0600: 4837.423: [GC (Allocation Failure) 2019-01-30T12:57:19.851+0600: 4837.423: [ParNew
Desired survivor size 20112992 bytes, new threshold 8 (max 8)
- age   1:    9526936 bytes,    9526936 total
- age   2:       1064 bytes,    9528000 total
- age   3:       1024 bytes,    9529024 total
: 105264K->14479K(109248K), 0.0111901 secs] 259275K->168490K(502464K), 0.0113016 secs] [Times: user=0.05 sys=0.00, real=0.01 secs] 
Heap after GC invocations=19342 (full 20):
 par new generation   total 109248K, used 14479K [0x00000007a0000000, 0x00000007a8000000, 0x00000007a8000000)
  eden space 87424K,   0% used [0x00000007a0000000, 0x00000007a0000000, 0x00000007a5560000)
  from space 21824K,  66% used [0x00000007a5560000, 0x00000007a6383c40, 0x00000007a6ab0000)
  to   space 21824K,   0% used [0x00000007a6ab0000, 0x00000007a6ab0000, 0x00000007a8000000)
 concurrent mark-sweep generation total 393216K, used 154011K [0x00000007a8000000, 0x00000007c0000000, 0x00000007c0000000)
 Metaspace       used 43674K, capacity 44920K, committed 45100K, reserved 1089536K
  class space    used 5354K, capacity 5667K, committed 5676K, reserved 1048576K
}
2019-01-30T12:57:19.862+0600: 4837.435: Total time for which application threads were stopped: 0.0115508 seconds, Stopping threads took: 0.0000245 seconds
{Heap before GC invocations=19342 (full 20):
 par new generation   total 109248K, used 101903K [0x00000007a0000000, 0x00000007a8000000, 0x00000007a8000000)
  eden space 87424K, 100% used [0x00000007a0000000, 0x00000007a5560000, 0x00000007a5560000)
  from space 21824K,  66% used [0x00000007a5560000, 0x00000007a6383c40, 0x00000007a6ab0000)
  to   space 21824K,   0% used [0x00000007a6ab0000, 0x00000007a6ab0000, 0x00000007a8000000)
 concurrent mark-sweep generation total 393216K, used 154011K [0x00000007a8000000, 0x00000007c0000000, 0x00000007c0000000)
 Metaspace       used 43674K, capacity 44920K, committed 45100K, reserved 1089536K
  class space    used 5354K, capacity 5667K, committed 5676K, reserved 1048576K
2019-01-30T12:57:20.062+0600: 4837.635: [GC (Allocation Failure) 2019-01-30T12:57:20.062+0600: 4837.635: [ParNew
Desired survivor size 20112992 bytes, new threshold 8 (max 8)
- age   1:    5993472 bytes,    5993472 total
- age   2:       1128 bytes,    5994600 total
- age   3:       1064 bytes,    5995664 total
- age   4:       1024 bytes,    5996688 total
: 101903K->9296K(109248K), 0.0083637 secs] 255914K->163308K(502464K), 0.0084693 secs] [Times: user=0.03 sys=0.01, real=0.01 secs] 
Heap after GC invocations=19343 (full 20):
 par new generation   total 109248K, used 9296K [0x00000007a0000000, 0x00000007a8000000, 0x00000007a8000000)
  eden space 87424K,   0% used [0x00000007a0000000, 0x00000007a0000000, 0x00000007a5560000)
  from space 21824K,  42% used [0x00000007a6ab0000, 0x00000007a73c4290, 0x00000007a8000000)
  to   space 21824K,   0% used [0x00000007a5560000, 0x00000007a5560000, 0x00000007a6ab0000)
 concurrent mark-sweep generation total 393216K, used 154011K [0x00000007a8000000, 0x00000007c0000000, 0x00000007c0000000)
 Metaspace       used 43674K, capacity 44920K, committed 45100K, reserved 1089536K
  class space    used 5354K, capacity 5667K, committed 5676K, reserved 1048576K
}
2019-01-30T12:57:20.071+0600: 4837.643: Total time for which application threads were stopped: 0.0087213 seconds, Stopping threads took: 0.0000208 seconds
{Heap before GC invocations=19343 (full 20):
 par new generation   total 109248K, used 96720K [0x00000007a0000000, 0x00000007a8000000, 0x00000007a8000000)
  eden space 87424K, 100% used [0x00000007a0000000, 0x00000007a5560000, 0x00000007a5560000)
  from space 21824K,  42% used [0x00000007a6ab0000, 0x00000007a73c4290, 0x00000007a8000000)
  to   space 21824K,   0% used [0x00000007a5560000, 0x00000007a5560000, 0x00000007a6ab0000)
 concurrent mark-sweep generation total 393216K, used 154011K [0x00000007a8000000, 0x00000007c0000000, 0x00000007c0000000)
 Metaspace       used 43674K, capacity 44920K, committed 45100K, reserved 1089536K
  class space    used 5354K, capacity 5667K, committed 5676K, reserved 1048576K
2019-01-30T12:57:20.271+0600: 4837.843: [GC (Allocation Failure) 2019-01-30T12:57:20.271+0600: 4837.843: [ParNew
Desired survivor size 20112992 bytes, new threshold 8 (max 8)
- age   1:    5887320 bytes,    5887320 total
- age   2:       1120 bytes,    5888440 total
- age   3:       1128 bytes,    5889568 total
- age   4:       1064 bytes,    5890632 total
- age   5:       1024 bytes,    5891656 total
: 96720K->6068K(109248K), 0.0086279 secs] 250732K->160080K(502464K), 0.0087445 secs] [Times: user=0.03 sys=0.01, real=0.00 secs] 
Heap after GC invocations=19344 (full 20):
 par new generation   total 109248K, used 6068K [0x00000007a0000000, 0x00000007a8000000, 0x00000007a8000000)
  eden space 87424K,   0% used [0x00000007a0000000, 0x00000007a0000000, 0x00000007a5560000)
  from space 21824K,  27% used [0x00000007a5560000, 0x00000007a5b4d2e8, 0x00000007a6ab0000)
  to   space 21824K,   0% used [0x00000007a6ab0000, 0x00000007a6ab0000, 0x00000007a8000000)
 concurrent mark-sweep generation total 393216K, used 154011K [0x00000007a8000000, 0x00000007c0000000, 0x00000007c0000000)
 Metaspace       used 43674K, capacity 44920K, committed 45100K, reserved 1089536K
  class space    used 5354K, capacity 5667K, committed 5676K, reserved 1048576K
}
2019-01-30T12:57:20.279+0600: 4837.852: Total time for which application threads were stopped: 0.0089893 seconds, Stopping threads took: 0.0000202 seconds
{Heap before GC invocations=19344 (full 20):
 par new generation   total 109248K, used 93492K [0x00000007a0000000, 0x00000007a8000000, 0x00000007a8000000)
  eden space 87424K, 100% used [0x00000007a0000000, 0x00000007a5560000, 0x00000007a5560000)
  from space 21824K,  27% used [0x00000007a5560000, 0x00000007a5b4d2e8, 0x00000007a6ab0000)
  to   space 21824K,   0% used [0x00000007a6ab0000, 0x00000007a6ab0000, 0x00000007a8000000)
 concurrent mark-sweep generation total 393216K, used 154011K [0x00000007a8000000, 0x00000007c0000000, 0x00000007c0000000)
 Metaspace       used 43674K, capacity 44920K, committed 45100K, reserved 1089536K
  class space    used 5354K, capacity 5667K, committed 5676K, reserved 1048576K
2019-01-30T12:57:20.477+0600: 4838.049: [GC (Allocation Failure) 2019-01-30T12:57:20.477+0600: 4838.049: [ParNew
Desired survivor size 20112992 bytes, new threshold 8 (max 8)
- age   1:   19220392 bytes,   19220392 total
- age   2:       1208 bytes,   19221600 total
- age   3:       1120 bytes,   19222720 total
- age   4:       1128 bytes,   19223848 total
- age   5:       1064 bytes,   19224912 total
- age   6:       1024 bytes,   19225936 total
: 93492K->20529K(109248K), 0.0187399 secs] 247504K->174541K(502464K), 0.0188408 secs] [Times: user=0.07 sys=0.01, real=0.02 secs] 
Heap after GC invocations=19345 (full 20):
 par new generation   total 109248K, used 20529K [0x00000007a0000000, 0x00000007a8000000, 0x00000007a8000000)
  eden space 87424K,   0% used [0x00000007a0000000, 0x00000007a0000000, 0x00000007a5560000)
  from space 21824K,  94% used [0x00000007a6ab0000, 0x00000007a7ebc768, 0x00000007a8000000)
  to   space 21824K,   0% used [0x00000007a5560000, 0x00000007a5560000, 0x00000007a6ab0000)
 concurrent mark-sweep generation total 393216K, used 154011K [0x00000007a8000000, 0x00000007c0000000, 0x00000007c0000000)
 Metaspace       used 43674K, capacity 44920K, committed 45100K, reserved 1089536K
  class space    used 5354K, capacity 5667K, committed 5676K, reserved 1048576K
}
2019-01-30T12:57:20.496+0600: 4838.068: Total time for which application threads were stopped: 0.0190614 seconds, Stopping threads took: 0.0000212 seconds
{Heap before GC invocations=19345 (full 20):
 par new generation   total 109248K, used 107777K [0x00000007a0000000, 0x00000007a8000000, 0x00000007a8000000)
  eden space 87424K,  99% used [0x00000007a0000000, 0x00000007a5534008, 0x00000007a5560000)
  from space 21824K,  94% used [0x00000007a6ab0000, 0x00000007a7ebc768, 0x00000007a8000000)
  to   space 21824K,   0% used [0x00000007a5560000, 0x00000007a5560000, 0x00000007a6ab0000)
 concurrent mark-sweep generation total 393216K, used 154011K [0x00000007a8000000, 0x00000007c0000000, 0x00000007c0000000)
 Metaspace       used 43674K, capacity 44920K, committed 45100K, reserved 1089536K
  class space    used 5354K, capacity 5667K, committed 5676K, reserved 1048576K
2019-01-30T12:57:20.701+0600: 4838.274: [GC (Allocation Failure) 2019-01-30T12:57:20.701+0600: 4838.274: [ParNew
Desired survivor size 20112992 bytes, new threshold 8 (max 8)
- age   1:   14611200 bytes,   14611200 total
- age   2:        952 bytes,   14612152 total
- age   3:       1208 bytes,   14613360 total
- age   4:       1120 bytes,   14614480 total
- age   5:       1128 bytes,   14615608 total
- age   6:       1064 bytes,   14616672 total
- age   7:       1024 bytes,   14617696 total
: 107777K->21824K(109248K), 0.0148207 secs] 261789K->175835K(502464K), 0.0149376 secs] [Times: user=0.06 sys=0.00, real=0.01 secs] 
Heap after GC invocations=19346 (full 20):
 par new generation   total 109248K, used 21824K [0x00000007a0000000, 0x00000007a8000000, 0x00000007a8000000)
  eden space 87424K,   0% used [0x00000007a0000000, 0x00000007a0000000, 0x00000007a5560000)
  from space 21824K, 100% used [0x00000007a5560000, 0x00000007a6ab0000, 0x00000007a6ab0000)
  to   space 21824K,   0% used [0x00000007a6ab0000, 0x00000007a6ab0000, 0x00000007a8000000)
 concurrent mark-sweep generation total 393216K, used 154011K [0x00000007a8000000, 0x00000007c0000000, 0x00000007c0000000)
 Metaspace       used 43674K, capacity 44920K, committed 45100K, reserved 1089536K
  class space    used 5354K, capacity 5667K, committed 5676K, reserved 1048576K
}
2019-01-30T12:57:20.716+0600: 4838.289: Total time for which application threads were stopped: 0.0151767 seconds, Stopping threads took: 0.0000246 seconds
{Heap before GC invocations=19346 (full 20):
 par new generation   total 109248K, used 109248K [0x00000007a0000000, 0x00000007a8000000, 0x00000007a8000000)
  eden space 87424K, 100% used [0x00000007a0000000, 0x00000007a5560000, 0x00000007a5560000)
  from space 21824K, 100% used [0x00000007a5560000, 0x00000007a6ab0000, 0x00000007a6ab0000)
  to   space 21824K,   0% used [0x00000007a6ab0000, 0x00000007a6ab0000, 0x00000007a8000000)
 concurrent mark-sweep generation total 393216K, used 154011K [0x00000007a8000000, 0x00000007c0000000, 0x00000007c0000000)
 Metaspace       used 43674K, capacity 44920K, committed 45100K, reserved 1089536K
  class space    used 5354K, capacity 5667K, committed 5676K, reserved 1048576K
2019-01-30T12:57:20.914+0600: 4838.487: [GC (Allocation Failure) 2019-01-30T12:57:20.915+0600: 4838.487: [ParNew
Desired survivor size 20112992 bytes, new threshold 8 (max 8)
- age   1:   11085856 bytes,   11085856 total
- age   2:       1072 bytes,   11086928 total
- age   3:        952 bytes,   11087880 total
- age   4:       1208 bytes,   11089088 total
- age   5:       1120 bytes,   11090208 total
- age   6:       1128 bytes,   11091336 total
- age   7:       1064 bytes,   11092400 total
- age   8:       1024 bytes,   11093424 total
: 109248K->14563K(109248K), 0.0131608 secs] 263259K->168575K(502464K), 0.0132773 secs] [Times: user=0.05 sys=0.00, real=0.01 secs] 
Heap after GC invocations=19347 (full 20):
 par new generation   total 109248K, used 14563K [0x00000007a0000000, 0x00000007a8000000, 0x00000007a8000000)
  eden space 87424K,   0% used [0x00000007a0000000, 0x00000007a0000000, 0x00000007a5560000)
  from space 21824K,  66% used [0x00000007a6ab0000, 0x00000007a78e8f10, 0x00000007a8000000)
  to   space 21824K,   0% used [0x00000007a5560000, 0x00000007a5560000, 0x00000007a6ab0000)
 concurrent mark-sweep generation total 393216K, used 154011K [0x00000007a8000000, 0x00000007c0000000, 0x00000007c0000000)
 Metaspace       used 43674K, capacity 44920K, committed 45100K, reserved 1089536K
  class space    used 5354K, capacity 5667K, committed 5676K, reserved 1048576K
}
2019-01-30T12:57:20.928+0600: 4838.500: Total time for which application threads were stopped: 0.0135288 seconds, Stopping threads took: 0.0000259 seconds
{Heap before GC invocations=19347 (full 20):
 par new generation   total 109248K, used 101987K [0x00000007a0000000, 0x00000007a8000000, 0x00000007a8000000)
  eden space 87424K, 100% used [0x00000007a0000000, 0x00000007a5560000, 0x00000007a5560000)
  from space 21824K,  66% used [0x00000007a6ab0000, 0x00000007a78e8f10, 0x00000007a8000000)
  to   space 21824K,   0% used [0x00000007a5560000, 0x00000007a5560000, 0x00000007a6ab0000)
 concurrent mark-sweep generation total 393216K, used 154011K [0x00000007a8000000, 0x00000007c0000000, 0x00000007c0000000)
 Metaspace       used 43674K, capacity 44920K, committed 45100K, reserved 1089536K
  class space    used 5354K, capacity 5667K, committed 5676K, reserved 1048576K
2019-01-30T12:57:21.140+0600: 4838.713: [GC (Allocation Failure) 2019-01-30T12:57:21.141+0600: 4838.713: [ParNew
Desired survivor size 20112992 bytes, new threshold 8 (max 8)
- age   1:    7691992 bytes,    7691992 total
- age   2:       1120 bytes,    7693112 total
- age   3:       1072 bytes,    7694184 total
- age   4:        952 bytes,    7695136 total
- age   5:       1208 bytes,    7696344 total
- age   6:       1120 bytes,    7697464 total
- age   7:       1128 bytes,    7698592 total
- age   8:       1064 bytes,    7699656 total
: 101987K->9399K(109248K), 0.0105616 secs] 255999K->163412K(502464K), 0.0106679 secs] [Times: user=0.03 sys=0.00, real=0.01 secs] 
Heap after GC invocations=19348 (full 20):
 par new generation   total 109248K, used 9399K [0x00000007a0000000, 0x00000007a8000000, 0x00000007a8000000)
  eden space 87424K,   0% used [0x00000007a0000000, 0x00000007a0000000, 0x00000007a5560000)
  from space 21824K,  43% used [0x00000007a5560000, 0x00000007a5e8dd00, 0x00000007a6ab0000)
  to   space 21824K,   0% used [0x00000007a6ab0000, 0x00000007a6ab0000, 0x00000007a8000000)
 concurrent mark-sweep generation total 393216K, used 154012K [0x00000007a8000000, 0x00000007c0000000, 0x00000007c0000000)
 Metaspace       used 43674K, capacity 44920K, committed 45100K, reserved 1089536K
  class space    used 5354K, capacity 5667K, committed 5676K, reserved 1048576K
}
2019-01-30T12:57:21.151+0600: 4838.724: Total time for which application threads were stopped: 0.0109013 seconds, Stopping threads took: 0.0000228 seconds
{Heap before GC invocations=19348 (full 20):
 par new generation   total 109248K, used 96823K [0x00000007a0000000, 0x00000007a8000000, 0x00000007a8000000)
  eden space 87424K, 100% used [0x00000007a0000000, 0x00000007a5560000, 0x00000007a5560000)
  from space 21824K,  43% used [0x00000007a5560000, 0x00000007a5e8dd00, 0x00000007a6ab0000)
  to   space 21824K,   0% used [0x00000007a6ab0000, 0x00000007a6ab0000, 0x00000007a8000000)
 concurrent mark-sweep generation total 393216K, used 154012K [0x00000007a8000000, 0x00000007c0000000, 0x00000007c0000000)
 Metaspace       used 43674K, capacity 44920K, committed 45100K, reserved 1089536K
  class space    used 5354K, capacity 5667K, committed 5676K, reserved 1048576K
2019-01-30T12:57:21.372+0600: 4838.945: [GC (Allocation Failure) 2019-01-30T12:57:21.373+0600: 4838.945: [ParNew
Desired survivor size 20112992 bytes, new threshold 8 (max 8)
- age   1:    5887720 bytes,    5887720 total
- age   2:       1104 bytes,    5888824 total
- age   3:       1120 bytes,    5889944 total
- age   4:       1072 bytes,    5891016 total
- age   5:        952 bytes,    5891968 total
- age   6:       1208 bytes,    5893176 total
- age   7:       1120 bytes,    5894296 total
- age   8:       1128 bytes,    5895424 total
: 96823K->8727K(109248K), 0.0085945 secs] 250836K->162741K(502464K), 0.0087036 secs] [Times: user=0.03 sys=0.01, real=0.01 secs] 
Heap after GC invocations=19349 (full 20):
 par new generation   total 109248K, used 8727K [0x00000007a0000000, 0x00000007a8000000, 0x00000007a8000000)
  eden space 87424K,   0% used [0x00000007a0000000, 0x00000007a0000000, 0x00000007a5560000)
  from space 21824K,  39% used [0x00000007a6ab0000, 0x00000007a7335ef0, 0x00000007a8000000)
  to   space 21824K,   0% used [0x00000007a5560000, 0x00000007a5560000, 0x00000007a6ab0000)
 concurrent mark-sweep generation total 393216K, used 154013K [0x00000007a8000000, 0x00000007c0000000, 0x00000007c0000000)
 Metaspace       used 43674K, capacity 44920K, committed 45100K, reserved 1089536K
  class space    used 5354K, capacity 5667K, committed 5676K, reserved 1048576K
}
2019-01-30T12:57:21.381+0600: 4838.954: Total time for which application threads were stopped: 0.0089705 seconds, Stopping threads took: 0.0000388 seconds
{Heap before GC invocations=19349 (full 20):
 par new generation   total 109248K, used 96151K [0x00000007a0000000, 0x00000007a8000000, 0x00000007a8000000)
  eden space 87424K, 100% used [0x00000007a0000000, 0x00000007a5560000, 0x00000007a5560000)
  from space 21824K,  39% used [0x00000007a6ab0000, 0x00000007a7335ef0, 0x00000007a8000000)
  to   space 21824K,   0% used [0x00000007a5560000, 0x00000007a5560000, 0x00000007a6ab0000)
 concurrent mark-sweep generation total 393216K, used 154013K [0x00000007a8000000, 0x00000007c0000000, 0x00000007c0000000)
 Metaspace       used 43674K, capacity 44920K, committed 45100K, reserved 1089536K
  class space    used 5354K, capacity 5667K, committed 5676K, reserved 1048576K
2019-01-30T12:57:21.589+0600: 4839.162: [GC (Allocation Failure) 2019-01-30T12:57:21.589+0600: 4839.162: [ParNew
Desired survivor size 20112992 bytes, new threshold 1 (max 8)
- age   1:   21109632 bytes,   21109632 total
- age   2:       1176 bytes,   21110808 total
- age   3:       1104 bytes,   21111912 total
- age   4:       1120 bytes,   21113032 total
- age   5:       1072 bytes,   21114104 total
- age   6:        952 bytes,   21115056 total
- age   7:       1208 bytes,   21116264 total
- age   8:       1120 bytes,   21117384 total
: 96151K->21824K(109248K), 0.0187445 secs] 250165K->175839K(502464K), 0.0188536 secs] [Times: user=0.07 sys=0.01, real=0.02 secs] 
Heap after GC invocations=19350 (full 20):
 par new generation   total 109248K, used 21824K [0x00000007a0000000, 0x00000007a8000000, 0x00000007a8000000)
  eden space 87424K,   0% used [0x00000007a0000000, 0x00000007a0000000, 0x00000007a5560000)
  from space 21824K, 100% used [0x00000007a5560000, 0x00000007a6ab0000, 0x00000007a6ab0000)
  to   space 21824K,   0% used [0x00000007a6ab0000, 0x00000007a6ab0000, 0x00000007a8000000)
 concurrent mark-sweep generation total 393216K, used 154015K [0x00000007a8000000, 0x00000007c0000000, 0x00000007c0000000)
 Metaspace       used 43674K, capacity 44920K, committed 45100K, reserved 1089536K
  class space    used 5354K, capacity 5667K, committed 5676K, reserved 1048576K
}
2019-01-30T12:57:21.608+0600: 4839.181: Total time for which application threads were stopped: 0.0190868 seconds, Stopping threads took: 0.0000271 seconds
{Heap before GC invocations=19350 (full 20):
 par new generation   total 109248K, used 109238K [0x00000007a0000000, 0x00000007a8000000, 0x00000007a8000000)
  eden space 87424K,  99% used [0x00000007a0000000, 0x00000007a555d890, 0x00000007a5560000)
  from space 21824K, 100% used [0x00000007a5560000, 0x00000007a6ab0000, 0x00000007a6ab0000)
  to   space 21824K,   0% used [0x00000007a6ab0000, 0x00000007a6ab0000, 0x00000007a8000000)
 concurrent mark-sweep generation total 393216K, used 154015K [0x00000007a8000000, 0x00000007c0000000, 0x00000007c0000000)
 Metaspace       used 43674K, capacity 44920K, committed 45100K, reserved 1089536K
  class space    used 5354K, capacity 5667K, committed 5676K, reserved 1048576K
2019-01-30T12:57:21.799+0600: 4839.372: [GC (Allocation Failure) 2019-01-30T12:57:21.799+0600: 4839.372: [ParNew
Desired survivor size 20112992 bytes, new threshold 8 (max 8)
- age   1:   16025648 bytes,   16025648 total
: 109238K->21824K(109248K), 0.0154147 secs] 263253K->175847K(502464K), 0.0155269 secs] [Times: user=0.06 sys=0.00, real=0.02 secs] 
Heap after GC invocations=19351 (full 20):
 par new generation   total 109248K, used 21824K [0x00000007a0000000, 0x00000007a8000000, 0x00000007a8000000)
  eden space 87424K,   0% used [0x00000007a0000000, 0x00000007a0000000, 0x00000007a5560000)
  from space 21824K, 100% used [0x00000007a6ab0000, 0x00000007a8000000, 0x00000007a8000000)
  to   space 21824K,   0% used [0x00000007a5560000, 0x00000007a5560000, 0x00000007a6ab0000)
 concurrent mark-sweep generation total 393216K, used 154023K [0x00000007a8000000, 0x00000007c0000000, 0x00000007c0000000)
 Metaspace       used 43674K, capacity 44920K, committed 45100K, reserved 1089536K
  class space    used 5354K, capacity 5667K, committed 5676K, reserved 1048576K
}
2019-01-30T12:57:21.815+0600: 4839.388: Total time for which application threads were stopped: 0.0157803 seconds, Stopping threads took: 0.0000264 seconds
{Heap before GC invocations=19351 (full 20):
 par new generation   total 109248K, used 109248K [0x00000007a0000000, 0x00000007a8000000, 0x00000007a8000000)
  eden space 87424K, 100% used [0x00000007a0000000, 0x00000007a5560000, 0x00000007a5560000)
  from space 21824K, 100% used [0x00000007a6ab0000, 0x00000007a8000000, 0x00000007a8000000)
  to   space 21824K,   0% used [0x00000007a5560000, 0x00000007a5560000, 0x00000007a6ab0000)
 concurrent mark-sweep generation total 393216K, used 154023K [0x00000007a8000000, 0x00000007c0000000, 0x00000007c0000000)
 Metaspace       used 43674K, capacity 44920K, committed 45100K, reserved 1089536K
  class space    used 5354K, capacity 5667K, committed 5676K, reserved 1048576K
2019-01-30T12:57:22.006+0600: 4839.579: [GC (Allocation Failure) 2019-01-30T12:57:22.006+0600: 4839.579: [ParNew
Desired survivor size 20112992 bytes, new threshold 8 (max 8)
- age   1:   12764832 bytes,   12764832 total
- age   2:        976 bytes,   12765808 total
: 109248K->18333K(109248K), 0.0134720 secs] 263271K->172357K(502464K), 0.0135960 secs] [Times: user=0.05 sys=0.00, real=0.02 secs] 
Heap after GC invocations=19352 (full 20):
 par new generation   total 109248K, used 18333K [0x00000007a0000000, 0x00000007a8000000, 0x00000007a8000000)
  eden space 87424K,   0% used [0x00000007a0000000, 0x00000007a0000000, 0x00000007a5560000)
  from space 21824K,  84% used [0x00000007a5560000, 0x00000007a6747440, 0x00000007a6ab0000)
  to   space 21824K,   0% used [0x00000007a6ab0000, 0x00000007a6ab0000, 0x00000007a8000000)
 concurrent mark-sweep generation total 393216K, used 154023K [0x00000007a8000000, 0x00000007c0000000, 0x00000007c0000000)
 Metaspace       used 43674K, capacity 44920K, committed 45100K, reserved 1089536K
  class space    used 5354K, capacity 5667K, committed 5676K, reserved 1048576K
}
2019-01-30T12:57:22.020+0600: 4839.593: Total time for which application threads were stopped: 0.0138378 seconds, Stopping threads took: 0.0000243 seconds
{Heap before GC invocations=19352 (full 20):
 par new generation   total 109248K, used 105757K [0x00000007a0000000, 0x00000007a8000000, 0x00000007a8000000)
  eden space 87424K, 100% used [0x00000007a0000000, 0x00000007a5560000, 0x00000007a5560000)
  from space 21824K,  84% used [0x00000007a5560000, 0x00000007a6747440, 0x00000007a6ab0000)
  to   space 21824K,   0% used [0x00000007a6ab0000, 0x00000007a6ab0000, 0x00000007a8000000)
 concurrent mark-sweep generation total 393216K, used 154023K [0x00000007a8000000, 0x00000007c0000000, 0x00000007c0000000)
 Metaspace       used 43674K, capacity 44920K, committed 45100K, reserved 1089536K
  class space    used 5354K, capacity 5667K, committed 5676K, reserved 1048576K
2019-01-30T12:57:22.215+0600: 4839.788: [GC (Allocation Failure) 2019-01-30T12:57:22.215+0600: 4839.788: [ParNew
Desired survivor size 20112992 bytes, new threshold 8 (max 8)
- age   1:    9501608 bytes,    9501608 total
- age   2:       1040 bytes,    9502648 total
- age   3:        976 bytes,    9503624 total
: 105757K->13933K(109248K), 0.0109065 secs] 259781K->167957K(502464K), 0.0110057 secs] [Times: user=0.04 sys=0.00, real=0.01 secs] 
Heap after GC invocations=19353 (full 20):
 par new generation   total 109248K, used 13933K [0x00000007a0000000, 0x00000007a8000000, 0x00000007a8000000)
  eden space 87424K,   0% used [0x00000007a0000000, 0x00000007a0000000, 0x00000007a5560000)
  from space 21824K,  63% used [0x00000007a6ab0000, 0x00000007a784b4c0, 0x00000007a8000000)
  to   space 21824K,   0% used [0x00000007a5560000, 0x00000007a5560000, 0x00000007a6ab0000)
 concurrent mark-sweep generation total 393216K, used 154023K [0x00000007a8000000, 0x00000007c0000000, 0x00000007c0000000)
 Metaspace       used 43674K, capacity 44920K, committed 45100K, reserved 1089536K
  class space    used 5354K, capacity 5667K, committed 5676K, reserved 1048576K
}
2019-01-30T12:57:22.226+0600: 4839.799: Total time for which application threads were stopped: 0.0112350 seconds, Stopping threads took: 0.0000218 seconds
{Heap before GC invocations=19353 (full 20):
 par new generation   total 109248K, used 101357K [0x00000007a0000000, 0x00000007a8000000, 0x00000007a8000000)
  eden space 87424K, 100% used [0x00000007a0000000, 0x00000007a5560000, 0x00000007a5560000)
  from space 21824K,  63% used [0x00000007a6ab0000, 0x00000007a784b4c0, 0x00000007a8000000)
  to   space 21824K,   0% used [0x00000007a5560000, 0x00000007a5560000, 0x00000007a6ab0000)
 concurrent mark-sweep generation total 393216K, used 154023K [0x00000007a8000000, 0x00000007c0000000, 0x00000007c0000000)
 Metaspace       used 43674K, capacity 44920K, committed 45100K, reserved 1089536K
  class space    used 5354K, capacity 5667K, committed 5676K, reserved 1048576K
2019-01-30T12:57:22.418+0600: 4839.990: [GC (Allocation Failure) 2019-01-30T12:57:22.418+0600: 4839.990: [ParNew
Desired survivor size 20112992 bytes, new threshold 8 (max 8)
- age   1:    5934704 bytes,    5934704 total
- age   2:       1168 bytes,    5935872 total
- age   3:       1040 bytes,    5936912 total
- age   4:        976 bytes,    5937888 total
: 101357K->9147K(109248K), 0.0083427 secs] 255381K->163171K(502464K), 0.0084399 secs] [Times: user=0.03 sys=0.00, real=0.01 secs] 
Heap after GC invocations=19354 (full 20):
 par new generation   total 109248K, used 9147K [0x00000007a0000000, 0x00000007a8000000, 0x00000007a8000000)
  eden space 87424K,   0% used [0x00000007a0000000, 0x00000007a0000000, 0x00000007a5560000)
  from space 21824K,  41% used [0x00000007a5560000, 0x00000007a5e4eed0, 0x00000007a6ab0000)
  to   space 21824K,   0% used [0x00000007a6ab0000, 0x00000007a6ab0000, 0x00000007a8000000)
 concurrent mark-sweep generation total 393216K, used 154023K [0x00000007a8000000, 0x00000007c0000000, 0x00000007c0000000)
 Metaspace       used 43674K, capacity 44920K, committed 45100K, reserved 1089536K
  class space    used 5354K, capacity 5667K, committed 5676K, reserved 1048576K
}
2019-01-30T12:57:22.426+0600: 4839.999: Total time for which application threads were stopped: 0.0086803 seconds, Stopping threads took: 0.0000221 seconds
{Heap before GC invocations=19354 (full 20):
 par new generation   total 109248K, used 96571K [0x00000007a0000000, 0x00000007a8000000, 0x00000007a8000000)
  eden space 87424K, 100% used [0x00000007a0000000, 0x00000007a5560000, 0x00000007a5560000)
  from space 21824K,  41% used [0x00000007a5560000, 0x00000007a5e4eed0, 0x00000007a6ab0000)
  to   space 21824K,   0% used [0x00000007a6ab0000, 0x00000007a6ab0000, 0x00000007a8000000)
 concurrent mark-sweep generation total 393216K, used 154023K [0x00000007a8000000, 0x00000007c0000000, 0x00000007c0000000)
 Metaspace       used 43674K, capacity 44920K, committed 45100K, reserved 1089536K
  class space    used 5354K, capacity 5667K, committed 5676K, reserved 1048576K
2019-01-30T12:57:22.621+0600: 4840.194: [GC (Allocation Failure) 2019-01-30T12:57:22.621+0600: 4840.194: [ParNew
Desired survivor size 20112992 bytes, new threshold 8 (max 8)
- age   1:    5857424 bytes,    5857424 total
- age   2:       1128 bytes,    5858552 total
- age   3:       1168 bytes,    5859720 total
- age   4:       1040 bytes,    5860760 total
- age   5:        976 bytes,    5861736 total
: 96571K->6546K(109248K), 0.0083527 secs] 250595K->160570K(502464K), 0.0084471 secs] [Times: user=0.03 sys=0.00, real=0.01 secs] 
Heap after GC invocations=19355 (full 20):
 par new generation   total 109248K, used 6546K [0x00000007a0000000, 0x00000007a8000000, 0x00000007a8000000)
  eden space 87424K,   0% used [0x00000007a0000000, 0x00000007a0000000, 0x00000007a5560000)
  from space 21824K,  29% used [0x00000007a6ab0000, 0x00000007a7114b50, 0x00000007a8000000)
  to   space 21824K,   0% used [0x00000007a5560000, 0x00000007a5560000, 0x00000007a6ab0000)
 concurrent mark-sweep generation total 393216K, used 154023K [0x00000007a8000000, 0x00000007c0000000, 0x00000007c0000000)
 Metaspace       used 43674K, capacity 44920K, committed 45100K, reserved 1089536K
  class space    used 5354K, capacity 5667K, committed 5676K, reserved 1048576K
}
2019-01-30T12:57:22.630+0600: 4840.202: Total time for which application threads were stopped: 0.0086819 seconds, Stopping threads took: 0.0000211 seconds
{Heap before GC invocations=19355 (full 20):
 par new generation   total 109248K, used 93970K [0x00000007a0000000, 0x00000007a8000000, 0x00000007a8000000)
  eden space 87424K, 100% used [0x00000007a0000000, 0x00000007a5560000, 0x00000007a5560000)
  from space 21824K,  29% used [0x00000007a6ab0000, 0x00000007a7114b50, 0x00000007a8000000)
  to   space 21824K,   0% used [0x00000007a5560000, 0x00000007a5560000, 0x00000007a6ab0000)
 concurrent mark-sweep generation total 393216K, used 154023K [0x00000007a8000000, 0x00000007c0000000, 0x00000007c0000000)
 Metaspace       used 43674K, capacity 44920K, committed 45100K, reserved 1089536K
  class space    used 5354K, capacity 5667K, committed 5676K, reserved 1048576K
2019-01-30T12:57:22.819+0600: 4840.392: [GC (Allocation Failure) 2019-01-30T12:57:22.820+0600: 4840.392: [ParNew
Desired survivor size 20112992 bytes, new threshold 8 (max 8)
- age   1:   19131456 bytes,   19131456 total
- age   2:       1136 bytes,   19132592 total
- age   3:       1128 bytes,   19133720 total
- age   4:       1168 bytes,   19134888 total
- age   5:       1040 bytes,   19135928 total
- age   6:        976 bytes,   19136904 total
: 93970K->20406K(109248K), 0.0174207 secs] 247994K->174430K(502464K), 0.0175327 secs] [Times: user=0.07 sys=0.01, real=0.02 secs] 
Heap after GC invocations=19356 (full 20):
 par new generation   total 109248K, used 20406K [0x00000007a0000000, 0x00000007a8000000, 0x00000007a8000000)
  eden space 87424K,   0% used [0x00000007a0000000, 0x00000007a0000000, 0x00000007a5560000)
  from space 21824K,  93% used [0x00000007a5560000, 0x00000007a694d940, 0x00000007a6ab0000)
  to   space 21824K,   0% used [0x00000007a6ab0000, 0x00000007a6ab0000, 0x00000007a8000000)
 concurrent mark-sweep generation total 393216K, used 154023K [0x00000007a8000000, 0x00000007c0000000, 0x00000007c0000000)
 Metaspace       used 43674K, capacity 44920K, committed 45100K, reserved 1089536K
  class space    used 5354K, capacity 5667K, committed 5676K, reserved 1048576K
}
2019-01-30T12:57:22.837+0600: 4840.410: Total time for which application threads were stopped: 0.0177735 seconds, Stopping threads took: 0.0000257 seconds
{Heap before GC invocations=19356 (full 20):
 par new generation   total 109248K, used 107776K [0x00000007a0000000, 0x00000007a8000000, 0x00000007a8000000)
  eden space 87424K,  99% used [0x00000007a0000000, 0x00000007a5552978, 0x00000007a5560000)
  from space 21824K,  93% used [0x00000007a5560000, 0x00000007a694d940, 0x00000007a6ab0000)
  to   space 21824K,   0% used [0x00000007a6ab0000, 0x00000007a6ab0000, 0x00000007a8000000)
 concurrent mark-sweep generation total 393216K, used 154023K [0x00000007a8000000, 0x00000007c0000000, 0x00000007c0000000)
 Metaspace       used 43674K, capacity 44920K, committed 45100K, reserved 1089536K
  class space    used 5354K, capacity 5667K, committed 5676K, reserved 1048576K
2019-01-30T12:57:23.028+0600: 4840.601: [GC (Allocation Failure) 2019-01-30T12:57:23.028+0600: 4840.601: [ParNew
Desired survivor size 20112992 bytes, new threshold 8 (max 8)
- age   1:   14611304 bytes,   14611304 total
- age   2:        968 bytes,   14612272 total
- age   3:       1136 bytes,   14613408 total
- age   4:       1128 bytes,   14614536 total
- age   5:       1168 bytes,   14615704 total
- age   6:       1040 bytes,   14616744 total
- age   7:        976 bytes,   14617720 total
: 107776K->20936K(109248K), 0.0162505 secs] 261800K->174960K(502464K), 0.0163354 secs] [Times: user=0.05 sys=0.00, real=0.02 secs] 
Heap after GC invocations=19357 (full 20):
 par new generation   total 109248K, used 20936K [0x00000007a0000000, 0x00000007a8000000, 0x00000007a8000000)
  eden space 87424K,   0% used [0x00000007a0000000, 0x00000007a0000000, 0x00000007a5560000)
  from space 21824K,  95% used [0x00000007a6ab0000, 0x00000007a7f22198, 0x00000007a8000000)
  to   space 21824K,   0% used [0x00000007a5560000, 0x00000007a5560000, 0x00000007a6ab0000)
 concurrent mark-sweep generation total 393216K, used 154023K [0x00000007a8000000, 0x00000007c0000000, 0x00000007c0000000)
 Metaspace       used 43674K, capacity 44920K, committed 45100K, reserved 1089536K
  class space    used 5354K, capacity 5667K, committed 5676K, reserved 1048576K
}
2019-01-30T12:57:23.045+0600: 4840.617: Total time for which application threads were stopped: 0.0165591 seconds, Stopping threads took: 0.0000248 seconds
{Heap before GC invocations=19357 (full 20):
 par new generation   total 109248K, used 108360K [0x00000007a0000000, 0x00000007a8000000, 0x00000007a8000000)
  eden space 87424K, 100% used [0x00000007a0000000, 0x00000007a5560000, 0x00000007a5560000)
  from space 21824K,  95% used [0x00000007a6ab0000, 0x00000007a7f22198, 0x00000007a8000000)
  to   space 21824K,   0% used [0x00000007a5560000, 0x00000007a5560000, 0x00000007a6ab0000)
 concurrent mark-sweep generation total 393216K, used 154023K [0x00000007a8000000, 0x00000007c0000000, 0x00000007c0000000)
 Metaspace       used 43674K, capacity 44920K, committed 45100K, reserved 1089536K
  class space    used 5354K, capacity 5667K, committed 5676K, reserved 1048576K
2019-01-30T12:57:23.237+0600: 4840.810: [GC (Allocation Failure) 2019-01-30T12:57:23.237+0600: 4840.810: [ParNew
Desired survivor size 20112992 bytes, new threshold 8 (max 8)
- age   1:   11080096 bytes,   11080096 total
- age   2:       1008 bytes,   11081104 total
- age   3:        968 bytes,   11082072 total
- age   4:       1136 bytes,   11083208 total
- age   5:       1128 bytes,   11084336 total
- age   6:       1168 bytes,   11085504 total
- age   7:       1040 bytes,   11086544 total
- age   8:        976 bytes,   11087520 total
: 108360K->16688K(109248K), 0.0120781 secs] 262384K->170712K(502464K), 0.0121939 secs] [Times: user=0.05 sys=0.00, real=0.01 secs] 
Heap after GC invocations=19358 (full 20):
 par new generation   total 109248K, used 16688K [0x00000007a0000000, 0x00000007a8000000, 0x00000007a8000000)
  eden space 87424K,   0% used [0x00000007a0000000, 0x00000007a0000000, 0x00000007a5560000)
  from space 21824K,  76% used [0x00000007a5560000, 0x00000007a65ac080, 0x00000007a6ab0000)
  to   space 21824K,   0% used [0x00000007a6ab0000, 0x00000007a6ab0000, 0x00000007a8000000)
 concurrent mark-sweep generation total 393216K, used 154023K [0x00000007a8000000, 0x00000007c0000000, 0x00000007c0000000)
 Metaspace       used 43674K, capacity 44920K, committed 45100K, reserved 1089536K
  class space    used 5354K, capacity 5667K, committed 5676K, reserved 1048576K
}
2019-01-30T12:57:23.249+0600: 4840.822: Total time for which application threads were stopped: 0.0124436 seconds, Stopping threads took: 0.0000258 seconds
{Heap before GC invocations=19358 (full 20):
 par new generation   total 109248K, used 104112K [0x00000007a0000000, 0x00000007a8000000, 0x00000007a8000000)
  eden space 87424K, 100% used [0x00000007a0000000, 0x00000007a5560000, 0x00000007a5560000)
  from space 21824K,  76% used [0x00000007a5560000, 0x00000007a65ac080, 0x00000007a6ab0000)
  to   space 21824K,   0% used [0x00000007a6ab0000, 0x00000007a6ab0000, 0x00000007a8000000)
 concurrent mark-sweep generation total 393216K, used 154023K [0x00000007a8000000, 0x00000007c0000000, 0x00000007c0000000)
 Metaspace       used 43674K, capacity 44920K, committed 45100K, reserved 1089536K
  class space    used 5354K, capacity 5667K, committed 5676K, reserved 1048576K
2019-01-30T12:57:23.441+0600: 4841.014: [GC (Allocation Failure) 2019-01-30T12:57:23.441+0600: 4841.014: [ParNew
Desired survivor size 20112992 bytes, new threshold 8 (max 8)
- age   1:    7692184 bytes,    7692184 total
- age   2:       1144 bytes,    7693328 total
- age   3:       1008 bytes,    7694336 total
- age   4:        968 bytes,    7695304 total
- age   5:       1136 bytes,    7696440 total
- age   6:       1128 bytes,    7697568 total
- age   7:       1168 bytes,    7698736 total
- age   8:       1040 bytes,    7699776 total
: 104112K->10609K(109248K), 0.0098482 secs] 258136K->164634K(502464K), 0.0099518 secs] [Times: user=0.04 sys=0.00, real=0.01 secs] 
Heap after GC invocations=19359 (full 20):
 par new generation   total 109248K, used 10609K [0x00000007a0000000, 0x00000007a8000000, 0x00000007a8000000)
  eden space 87424K,   0% used [0x00000007a0000000, 0x00000007a0000000, 0x00000007a5560000)
  from space 21824K,  48% used [0x00000007a6ab0000, 0x00000007a750c750, 0x00000007a8000000)
  to   space 21824K,   0% used [0x00000007a5560000, 0x00000007a5560000, 0x00000007a6ab0000)
 concurrent mark-sweep generation total 393216K, used 154024K [0x00000007a8000000, 0x00000007c0000000, 0x00000007c0000000)
 Metaspace       used 43674K, capacity 44920K, committed 45100K, reserved 1089536K
  class space    used 5354K, capacity 5667K, committed 5676K, reserved 1048576K
}
2019-01-30T12:57:23.451+0600: 4841.024: Total time for which application threads were stopped: 0.0101915 seconds, Stopping threads took: 0.0000303 seconds
{Heap before GC invocations=19359 (full 20):
 par new generation   total 109248K, used 98033K [0x00000007a0000000, 0x00000007a8000000, 0x00000007a8000000)
  eden space 87424K, 100% used [0x00000007a0000000, 0x00000007a5560000, 0x00000007a5560000)
  from space 21824K,  48% used [0x00000007a6ab0000, 0x00000007a750c750, 0x00000007a8000000)
  to   space 21824K,   0% used [0x00000007a5560000, 0x00000007a5560000, 0x00000007a6ab0000)
 concurrent mark-sweep generation total 393216K, used 154024K [0x00000007a8000000, 0x00000007c0000000, 0x00000007c0000000)
 Metaspace       used 43674K, capacity 44920K, committed 45100K, reserved 1089536K
  class space    used 5354K, capacity 5667K, committed 5676K, reserved 1048576K
2019-01-30T12:57:23.645+0600: 4841.217: [GC (Allocation Failure) 2019-01-30T12:57:23.645+0600: 4841.217: [ParNew
Desired survivor size 20112992 bytes, new threshold 8 (max 8)
- age   1:    5856968 bytes,    5856968 total
- age   2:       1128 bytes,    5858096 total
- age   3:       1144 bytes,    5859240 total
- age   4:       1008 bytes,    5860248 total
- age   5:        968 bytes,    5861216 total
- age   6:       1136 bytes,    5862352 total
- age   7:       1128 bytes,    5863480 total
- age   8:       1168 bytes,    5864648 total
: 98033K->8291K(109248K), 0.0082866 secs] 252058K->162317K(502464K), 0.0083786 secs] [Times: user=0.03 sys=0.00, real=0.01 secs] 
Heap after GC invocations=19360 (full 20):
 par new generation   total 109248K, used 8291K [0x00000007a0000000, 0x00000007a8000000, 0x00000007a8000000)
  eden space 87424K,   0% used [0x00000007a0000000, 0x00000007a0000000, 0x00000007a5560000)
  from space 21824K,  37% used [0x00000007a5560000, 0x00000007a5d78fd0, 0x00000007a6ab0000)
  to   space 21824K,   0% used [0x00000007a6ab0000, 0x00000007a6ab0000, 0x00000007a8000000)
 concurrent mark-sweep generation total 393216K, used 154026K [0x00000007a8000000, 0x00000007c0000000, 0x00000007c0000000)
 Metaspace       used 43674K, capacity 44920K, committed 45100K, reserved 1089536K
  class space    used 5354K, capacity 5667K, committed 5676K, reserved 1048576K
}
2019-01-30T12:57:23.653+0600: 4841.226: Total time for which application threads were stopped: 0.0086575 seconds, Stopping threads took: 0.0000230 seconds
{Heap before GC invocations=19360 (full 20):
 par new generation   total 109248K, used 95715K [0x00000007a0000000, 0x00000007a8000000, 0x00000007a8000000)
  eden space 87424K, 100% used [0x00000007a0000000, 0x00000007a5560000, 0x00000007a5560000)
  from space 21824K,  37% used [0x00000007a5560000, 0x00000007a5d78fd0, 0x00000007a6ab0000)
  to   space 21824K,   0% used [0x00000007a6ab0000, 0x00000007a6ab0000, 0x00000007a8000000)
 concurrent mark-sweep generation total 393216K, used 154026K [0x00000007a8000000, 0x00000007c0000000, 0x00000007c0000000)
 Metaspace       used 43674K, capacity 44920K, committed 45100K, reserved 1089536K
  class space    used 5354K, capacity 5667K, committed 5676K, reserved 1048576K
2019-01-30T12:57:23.850+0600: 4841.422: [GC (Allocation Failure) 2019-01-30T12:57:23.850+0600: 4841.422: [ParNew
Desired survivor size 20112992 bytes, new threshold 1 (max 8)
- age   1:   21109872 bytes,   21109872 total
- age   2:       1104 bytes,   21110976 total
- age   3:       1128 bytes,   21112104 total
- age   4:       1144 bytes,   21113248 total
- age   5:       1008 bytes,   21114256 total
- age   6:        968 bytes,   21115224 total
- age   7:       1136 bytes,   21116360 total
- age   8:       1128 bytes,   21117488 total
: 95715K->21812K(109248K), 0.0182966 secs] 249741K->175839K(502464K), 0.0183976 secs] [Times: user=0.07 sys=0.01, real=0.01 secs] 
Heap after GC invocations=19361 (full 20):
 par new generation   total 109248K, used 21812K [0x00000007a0000000, 0x00000007a8000000, 0x00000007a8000000)
  eden space 87424K,   0% used [0x00000007a0000000, 0x00000007a0000000, 0x00000007a5560000)
  from space 21824K,  99% used [0x00000007a6ab0000, 0x00000007a7ffd1d0, 0x00000007a8000000)
  to   space 21824K,   0% used [0x00000007a5560000, 0x00000007a5560000, 0x00000007a6ab0000)
 concurrent mark-sweep generation total 393216K, used 154027K [0x00000007a8000000, 0x00000007c0000000, 0x00000007c0000000)
 Metaspace       used 43674K, capacity 44920K, committed 45100K, reserved 1089536K
  class space    used 5354K, capacity 5667K, committed 5676K, reserved 1048576K
}
2019-01-30T12:57:23.868+0600: 4841.441: Total time for which application threads were stopped: 0.0186233 seconds, Stopping threads took: 0.0000256 seconds
{Heap before GC invocations=19361 (full 20):
 par new generation   total 109248K, used 108327K [0x00000007a0000000, 0x00000007a8000000, 0x00000007a8000000)
  eden space 87424K,  98% used [0x00000007a0000000, 0x00000007a547cc28, 0x00000007a5560000)
  from space 21824K,  99% used [0x00000007a6ab0000, 0x00000007a7ffd1d0, 0x00000007a8000000)
  to   space 21824K,   0% used [0x00000007a5560000, 0x00000007a5560000, 0x00000007a6ab0000)
 concurrent mark-sweep generation total 393216K, used 154027K [0x00000007a8000000, 0x00000007c0000000, 0x00000007c0000000)
 Metaspace       used 43674K, capacity 44920K, committed 45100K, reserved 1089536K
  class space    used 5354K, capacity 5667K, committed 5676K, reserved 1048576K
2019-01-30T12:57:24.055+0600: 4841.627: [GC (Allocation Failure) 2019-01-30T12:57:24.055+0600: 4841.627: [ParNew
Desired survivor size 20112992 bytes, new threshold 8 (max 8)
- age   1:   16025864 bytes,   16025864 total
: 108327K->21824K(109248K), 0.0155215 secs] 262354K->175859K(502464K), 0.0156335 secs] [Times: user=0.06 sys=0.01, real=0.02 secs] 
Heap after GC invocations=19362 (full 20):
 par new generation   total 109248K, used 21824K [0x00000007a0000000, 0x00000007a8000000, 0x00000007a8000000)
  eden space 87424K,   0% used [0x00000007a0000000, 0x00000007a0000000, 0x00000007a5560000)
  from space 21824K, 100% used [0x00000007a5560000, 0x00000007a6ab0000, 0x00000007a6ab0000)
  to   space 21824K,   0% used [0x00000007a6ab0000, 0x00000007a6ab0000, 0x00000007a8000000)
 concurrent mark-sweep generation total 393216K, used 154035K [0x00000007a8000000, 0x00000007c0000000, 0x00000007c0000000)
 Metaspace       used 43674K, capacity 44920K, committed 45100K, reserved 1089536K
  class space    used 5354K, capacity 5667K, committed 5676K, reserved 1048576K
}
2019-01-30T12:57:24.070+0600: 4841.643: Total time for which application threads were stopped: 0.0158853 seconds, Stopping threads took: 0.0000279 seconds
{Heap before GC invocations=19362 (full 20):
 par new generation   total 109248K, used 109248K [0x00000007a0000000, 0x00000007a8000000, 0x00000007a8000000)
  eden space 87424K, 100% used [0x00000007a0000000, 0x00000007a5560000, 0x00000007a5560000)
  from space 21824K, 100% used [0x00000007a5560000, 0x00000007a6ab0000, 0x00000007a6ab0000)
  to   space 21824K,   0% used [0x00000007a6ab0000, 0x00000007a6ab0000, 0x00000007a8000000)
 concurrent mark-sweep generation total 393216K, used 154035K [0x00000007a8000000, 0x00000007c0000000, 0x00000007c0000000)
 Metaspace       used 43674K, capacity 44920K, committed 45100K, reserved 1089536K
  class space    used 5354K, capacity 5667K, committed 5676K, reserved 1048576K
2019-01-30T12:57:24.263+0600: 4841.836: [GC (Allocation Failure) 2019-01-30T12:57:24.263+0600: 4841.836: [ParNew
Desired survivor size 20112992 bytes, new threshold 8 (max 8)
- age   1:   12772632 bytes,   12772632 total
- age   2:       1024 bytes,   12773656 total
: 109248K->18195K(109248K), 0.0130627 secs] 263283K->172231K(502464K), 0.0131695 secs] [Times: user=0.05 sys=0.00, real=0.01 secs] 
Heap after GC invocations=19363 (full 20):
 par new generation   total 109248K, used 18195K [0x00000007a0000000, 0x00000007a8000000, 0x00000007a8000000)
  eden space 87424K,   0% used [0x00000007a0000000, 0x00000007a0000000, 0x00000007a5560000)
  from space 21824K,  83% used [0x00000007a6ab0000, 0x00000007a7c74ec0, 0x00000007a8000000)
  to   space 21824K,   0% used [0x00000007a5560000, 0x00000007a5560000, 0x00000007a6ab0000)
 concurrent mark-sweep generation total 393216K, used 154035K [0x00000007a8000000, 0x00000007c0000000, 0x00000007c0000000)
 Metaspace       used 43674K, capacity 44920K, committed 45100K, reserved 1089536K
  class space    used 5354K, capacity 5667K, committed 5676K, reserved 1048576K
}
2019-01-30T12:57:24.277+0600: 4841.849: Total time for which application threads were stopped: 0.0134140 seconds, Stopping threads took: 0.0000252 seconds
{Heap before GC invocations=19363 (full 20):
 par new generation   total 109248K, used 105619K [0x00000007a0000000, 0x00000007a8000000, 0x00000007a8000000)
  eden space 87424K, 100% used [0x00000007a0000000, 0x00000007a5560000, 0x00000007a5560000)
  from space 21824K,  83% used [0x00000007a6ab0000, 0x00000007a7c74ec0, 0x00000007a8000000)
  to   space 21824K,   0% used [0x00000007a5560000, 0x00000007a5560000, 0x00000007a6ab0000)
 concurrent mark-sweep generation total 393216K, used 154035K [0x00000007a8000000, 0x00000007c0000000, 0x00000007c0000000)
 Metaspace       used 43674K, capacity 44920K, committed 45100K, reserved 1089536K
  class space    used 5354K, capacity 5667K, committed 5676K, reserved 1048576K
2019-01-30T12:57:24.470+0600: 4842.043: [GC (Allocation Failure) 2019-01-30T12:57:24.470+0600: 4842.043: [ParNew
Desired survivor size 20112992 bytes, new threshold 8 (max 8)
- age   1:    9513024 bytes,    9513024 total
- age   2:       1056 bytes,    9514080 total
- age   3:       1024 bytes,    9515104 total
: 105619K->13904K(109248K), 0.0112458 secs] 259655K->167940K(502464K), 0.0113533 secs] [Times: user=0.04 sys=0.00, real=0.01 secs] 
Heap after GC invocations=19364 (full 20):
 par new generation   total 109248K, used 13904K [0x00000007a0000000, 0x00000007a8000000, 0x00000007a8000000)
  eden space 87424K,   0% used [0x00000007a0000000, 0x00000007a0000000, 0x00000007a5560000)
  from space 21824K,  63% used [0x00000007a5560000, 0x00000007a62f4280, 0x00000007a6ab0000)
  to   space 21824K,   0% used [0x00000007a6ab0000, 0x00000007a6ab0000, 0x00000007a8000000)
 concurrent mark-sweep generation total 393216K, used 154035K [0x00000007a8000000, 0x00000007c0000000, 0x00000007c0000000)
 Metaspace       used 43674K, capacity 44920K, committed 45100K, reserved 1089536K
  class space    used 5354K, capacity 5667K, committed 5676K, reserved 1048576K
}
2019-01-30T12:57:24.482+0600: 4842.054: Total time for which application threads were stopped: 0.0115990 seconds, Stopping threads took: 0.0000262 seconds
{Heap before GC invocations=19364 (full 20):
 par new generation   total 109248K, used 101328K [0x00000007a0000000, 0x00000007a8000000, 0x00000007a8000000)
  eden space 87424K, 100% used [0x00000007a0000000, 0x00000007a5560000, 0x00000007a5560000)
  from space 21824K,  63% used [0x00000007a5560000, 0x00000007a62f4280, 0x00000007a6ab0000)
  to   space 21824K,   0% used [0x00000007a6ab0000, 0x00000007a6ab0000, 0x00000007a8000000)
 concurrent mark-sweep generation total 393216K, used 154035K [0x00000007a8000000, 0x00000007c0000000, 0x00000007c0000000)
 Metaspace       used 43674K, capacity 44920K, committed 45100K, reserved 1089536K
  class space    used 5354K, capacity 5667K, committed 5676K, reserved 1048576K
2019-01-30T12:57:24.673+0600: 4842.246: [GC (Allocation Failure) 2019-01-30T12:57:24.673+0600: 4842.246: [ParNew
Desired survivor size 20112992 bytes, new threshold 8 (max 8)
- age   1:    5966288 bytes,    5966288 total
- age   2:       1152 bytes,    5967440 total
- age   3:       1056 bytes,    5968496 total
- age   4:       1024 bytes,    5969520 total
: 101328K->9139K(109248K), 0.0083505 secs] 255364K->163175K(502464K), 0.0084417 secs] [Times: user=0.03 sys=0.00, real=0.01 secs] 
Heap after GC invocations=19365 (full 20):
 par new generation   total 109248K, used 9139K [0x00000007a0000000, 0x00000007a8000000, 0x00000007a8000000)
  eden space 87424K,   0% used [0x00000007a0000000, 0x00000007a0000000, 0x00000007a5560000)
  from space 21824K,  41% used [0x00000007a6ab0000, 0x00000007a739ce60, 0x00000007a8000000)
  to   space 21824K,   0% used [0x00000007a5560000, 0x00000007a5560000, 0x00000007a6ab0000)
 concurrent mark-sweep generation total 393216K, used 154035K [0x00000007a8000000, 0x00000007c0000000, 0x00000007c0000000)
 Metaspace       used 43674K, capacity 44920K, committed 45100K, reserved 1089536K
  class space    used 5354K, capacity 5667K, committed 5676K, reserved 1048576K
}
2019-01-30T12:57:24.682+0600: 4842.254: Total time for which application threads were stopped: 0.0086701 seconds, Stopping threads took: 0.0000220 seconds
{Heap before GC invocations=19365 (full 20):
 par new generation   total 109248K, used 96563K [0x00000007a0000000, 0x00000007a8000000, 0x00000007a8000000)
  eden space 87424K, 100% used [0x00000007a0000000, 0x00000007a5560000, 0x00000007a5560000)
  from space 21824K,  41% used [0x00000007a6ab0000, 0x00000007a739ce60, 0x00000007a8000000)
  to   space 21824K,   0% used [0x00000007a5560000, 0x00000007a5560000, 0x00000007a6ab0000)
 concurrent mark-sweep generation total 393216K, used 154035K [0x00000007a8000000, 0x00000007c0000000, 0x00000007c0000000)
 Metaspace       used 43674K, capacity 44920K, committed 45100K, reserved 1089536K
  class space    used 5354K, capacity 5667K, committed 5676K, reserved 1048576K
2019-01-30T12:57:24.902+0600: 4842.474: [GC (Allocation Failure) 2019-01-30T12:57:24.902+0600: 4842.474: [ParNew
Desired survivor size 20112992 bytes, new threshold 8 (max 8)
- age   1:    5882920 bytes,    5882920 total
- age   2:       1152 bytes,    5884072 total
- age   3:       1152 bytes,    5885224 total
- age   4:       1056 bytes,    5886280 total
- age   5:       1024 bytes,    5887304 total
: 96563K->7240K(109248K), 0.0105651 secs] 250599K->161276K(502464K), 0.0107308 secs] [Times: user=0.03 sys=0.00, real=0.01 secs] 
Heap after GC invocations=19366 (full 20):
 par new generation   total 109248K, used 7240K [0x00000007a0000000, 0x00000007a8000000, 0x00000007a8000000)
  eden space 87424K,   0% used [0x00000007a0000000, 0x00000007a0000000, 0x00000007a5560000)
  from space 21824K,  33% used [0x00000007a5560000, 0x00000007a5c723a0, 0x00000007a6ab0000)
  to   space 21824K,   0% used [0x00000007a6ab0000, 0x00000007a6ab0000, 0x00000007a8000000)
 concurrent mark-sweep generation total 393216K, used 154035K [0x00000007a8000000, 0x00000007c0000000, 0x00000007c0000000)
 Metaspace       used 43674K, capacity 44920K, committed 45100K, reserved 1089536K
  class space    used 5354K, capacity 5667K, committed 5676K, reserved 1048576K
}
2019-01-30T12:57:24.912+0600: 4842.485: Total time for which application threads were stopped: 0.0110227 seconds, Stopping threads took: 0.0000255 seconds
{Heap before GC invocations=19366 (full 20):
 par new generation   total 109248K, used 94664K [0x00000007a0000000, 0x00000007a8000000, 0x00000007a8000000)
  eden space 87424K, 100% used [0x00000007a0000000, 0x00000007a5560000, 0x00000007a5560000)
  from space 21824K,  33% used [0x00000007a5560000, 0x00000007a5c723a0, 0x00000007a6ab0000)
  to   space 21824K,   0% used [0x00000007a6ab0000, 0x00000007a6ab0000, 0x00000007a8000000)
 concurrent mark-sweep generation total 393216K, used 154035K [0x00000007a8000000, 0x00000007c0000000, 0x00000007c0000000)
 Metaspace       used 43674K, capacity 44920K, committed 45100K, reserved 1089536K
  class space    used 5354K, capacity 5667K, committed 5676K, reserved 1048576K
2019-01-30T12:57:25.202+0600: 4842.775: [GC (Allocation Failure) 2019-01-30T12:57:25.203+0600: 4842.775: [ParNew
Desired survivor size 20112992 bytes, new threshold 8 (max 8)
- age   1:   19148832 bytes,   19148832 total
- age   2:       1136 bytes,   19149968 total
- age   3:       1152 bytes,   19151120 total
- age   4:       1152 bytes,   19152272 total
- age   5:       1056 bytes,   19153328 total
- age   6:       1024 bytes,   19154352 total
: 94664K->20719K(109248K), 0.0212762 secs] 248700K->174755K(502464K), 0.0215332 secs] [Times: user=0.07 sys=0.00, real=0.02 secs] 
Heap after GC invocations=19367 (full 20):
 par new generation   total 109248K, used 20719K [0x00000007a0000000, 0x00000007a8000000, 0x00000007a8000000)
  eden space 87424K,   0% used [0x00000007a0000000, 0x00000007a0000000, 0x00000007a5560000)
  from space 21824K,  94% used [0x00000007a6ab0000, 0x00000007a7eebe80, 0x00000007a8000000)
  to   space 21824K,   0% used [0x00000007a5560000, 0x00000007a5560000, 0x00000007a6ab0000)
 concurrent mark-sweep generation total 393216K, used 154035K [0x00000007a8000000, 0x00000007c0000000, 0x00000007c0000000)
 Metaspace       used 43674K, capacity 44920K, committed 45100K, reserved 1089536K
  class space    used 5354K, capacity 5667K, committed 5676K, reserved 1048576K
}
2019-01-30T12:57:25.224+0600: 4842.796: Total time for which application threads were stopped: 0.0220906 seconds, Stopping threads took: 0.0001095 seconds
{Heap before GC invocations=19367 (full 20):
 par new generation   total 109248K, used 108143K [0x00000007a0000000, 0x00000007a8000000, 0x00000007a8000000)
  eden space 87424K, 100% used [0x00000007a0000000, 0x00000007a5560000, 0x00000007a5560000)
  from space 21824K,  94% used [0x00000007a6ab0000, 0x00000007a7eebe80, 0x00000007a8000000)
  to   space 21824K,   0% used [0x00000007a5560000, 0x00000007a5560000, 0x00000007a6ab0000)
 concurrent mark-sweep generation total 393216K, used 154035K [0x00000007a8000000, 0x00000007c0000000, 0x00000007c0000000)
 Metaspace       used 43674K, capacity 44920K, committed 45100K, reserved 1089536K
  class space    used 5354K, capacity 5667K, committed 5676K, reserved 1048576K
2019-01-30T12:57:25.436+0600: 4843.008: [GC (Allocation Failure) 2019-01-30T12:57:25.436+0600: 4843.008: [ParNew
Desired survivor size 20112992 bytes, new threshold 8 (max 8)
- age   1:   14611512 bytes,   14611512 total
- age   2:        960 bytes,   14612472 total
- age   3:       1136 bytes,   14613608 total
- age   4:       1152 bytes,   14614760 total
- age   5:       1152 bytes,   14615912 total
- age   6:       1056 bytes,   14616968 total
- age   7:       1024 bytes,   14617992 total
: 108143K->21824K(109248K), 0.0144749 secs] 262179K->175859K(502464K), 0.0145799 secs] [Times: user=0.05 sys=0.00, real=0.02 secs] 
Heap after GC invocations=19368 (full 20):
 par new generation   total 109248K, used 21824K [0x00000007a0000000, 0x00000007a8000000, 0x00000007a8000000)
  eden space 87424K,   0% used [0x00000007a0000000, 0x00000007a0000000, 0x00000007a5560000)
  from space 21824K, 100% used [0x00000007a5560000, 0x00000007a6ab0000, 0x00000007a6ab0000)
  to   space 21824K,   0% used [0x00000007a6ab0000, 0x00000007a6ab0000, 0x00000007a8000000)
 concurrent mark-sweep generation total 393216K, used 154035K [0x00000007a8000000, 0x00000007c0000000, 0x00000007c0000000)
 Metaspace       used 43674K, capacity 44920K, committed 45100K, reserved 1089536K
  class space    used 5354K, capacity 5667K, committed 5676K, reserved 1048576K
}
2019-01-30T12:57:25.450+0600: 4843.023: Total time for which application threads were stopped: 0.0148446 seconds, Stopping threads took: 0.0000227 seconds
{Heap before GC invocations=19368 (full 20):
 par new generation   total 109248K, used 109248K [0x00000007a0000000, 0x00000007a8000000, 0x00000007a8000000)
  eden space 87424K, 100% used [0x00000007a0000000, 0x00000007a5560000, 0x00000007a5560000)
  from space 21824K, 100% used [0x00000007a5560000, 0x00000007a6ab0000, 0x00000007a6ab0000)
  to   space 21824K,   0% used [0x00000007a6ab0000, 0x00000007a6ab0000, 0x00000007a8000000)
 concurrent mark-sweep generation total 393216K, used 154035K [0x00000007a8000000, 0x00000007c0000000, 0x00000007c0000000)
 Metaspace       used 43674K, capacity 44920K, committed 45100K, reserved 1089536K
  class space    used 5354K, capacity 5667K, committed 5676K, reserved 1048576K
2019-01-30T12:57:25.644+0600: 4843.216: [GC (Allocation Failure) 2019-01-30T12:57:25.644+0600: 4843.216: [ParNew
Desired survivor size 20112992 bytes, new threshold 8 (max 8)
- age   1:   11056312 bytes,   11056312 total
- age   2:       1048 bytes,   11057360 total
- age   3:        960 bytes,   11058320 total
- age   4:       1136 bytes,   11059456 total
- age   5:       1152 bytes,   11060608 total
- age   6:       1152 bytes,   11061760 total
- age   7:       1056 bytes,   11062816 total
- age   8:       1024 bytes,   11063840 total
: 109248K->13948K(109248K), 0.0124974 secs] 263283K->167984K(502464K), 0.0126136 secs] [Times: user=0.05 sys=0.01, real=0.01 secs] 
Heap after GC invocations=19369 (full 20):
 par new generation   total 109248K, used 13948K [0x00000007a0000000, 0x00000007a8000000, 0x00000007a8000000)
  eden space 87424K,   0% used [0x00000007a0000000, 0x00000007a0000000, 0x00000007a5560000)
  from space 21824K,  63% used [0x00000007a6ab0000, 0x00000007a784f050, 0x00000007a8000000)
  to   space 21824K,   0% used [0x00000007a5560000, 0x00000007a5560000, 0x00000007a6ab0000)
 concurrent mark-sweep generation total 393216K, used 154035K [0x00000007a8000000, 0x00000007c0000000, 0x00000007c0000000)
 Metaspace       used 43674K, capacity 44920K, committed 45100K, reserved 1089536K
  class space    used 5354K, capacity 5667K, committed 5676K, reserved 1048576K
}
2019-01-30T12:57:25.656+0600: 4843.229: Total time for which application threads were stopped: 0.0128814 seconds, Stopping threads took: 0.0000234 seconds
{Heap before GC invocations=19369 (full 20):
 par new generation   total 109248K, used 101372K [0x00000007a0000000, 0x00000007a8000000, 0x00000007a8000000)
  eden space 87424K, 100% used [0x00000007a0000000, 0x00000007a5560000, 0x00000007a5560000)
  from space 21824K,  63% used [0x00000007a6ab0000, 0x00000007a784f050, 0x00000007a8000000)
  to   space 21824K,   0% used [0x00000007a5560000, 0x00000007a5560000, 0x00000007a6ab0000)
 concurrent mark-sweep generation total 393216K, used 154035K [0x00000007a8000000, 0x00000007c0000000, 0x00000007c0000000)
 Metaspace       used 43674K, capacity 44920K, committed 45100K, reserved 1089536K
  class space    used 5354K, capacity 5667K, committed 5676K, reserved 1048576K
2019-01-30T12:57:25.853+0600: 4843.426: [GC (Allocation Failure) 2019-01-30T12:57:25.853+0600: 4843.426: [ParNew
Desired survivor size 20112992 bytes, new threshold 8 (max 8)
- age   1:    7692328 bytes,    7692328 total
- age   2:       1160 bytes,    7693488 total
- age   3:       1048 bytes,    7694536 total
- age   4:        960 bytes,    7695496 total
- age   5:       1136 bytes,    7696632 total
- age   6:       1152 bytes,    7697784 total
- age   7:       1152 bytes,    7698936 total
- age   8:       1056 bytes,    7699992 total
: 101372K->11887K(109248K), 0.0099219 secs] 255408K->165924K(502464K), 0.0100230 secs] [Times: user=0.04 sys=0.00, real=0.01 secs] 
Heap after GC invocations=19370 (full 20):
 par new generation   total 109248K, used 11887K [0x00000007a0000000, 0x00000007a8000000, 0x00000007a8000000)
  eden space 87424K,   0% used [0x00000007a0000000, 0x00000007a0000000, 0x00000007a5560000)
  from space 21824K,  54% used [0x00000007a5560000, 0x00000007a60fbcf8, 0x00000007a6ab0000)
  to   space 21824K,   0% used [0x00000007a6ab0000, 0x00000007a6ab0000, 0x00000007a8000000)
 concurrent mark-sweep generation total 393216K, used 154037K [0x00000007a8000000, 0x00000007c0000000, 0x00000007c0000000)
 Metaspace       used 43674K, capacity 44920K, committed 45100K, reserved 1089536K
  class space    used 5354K, capacity 5667K, committed 5676K, reserved 1048576K
}
2019-01-30T12:57:25.863+0600: 4843.436: Total time for which application threads were stopped: 0.0102657 seconds, Stopping threads took: 0.0000252 seconds
{Heap before GC invocations=19370 (full 20):
 par new generation   total 109248K, used 99311K [0x00000007a0000000, 0x00000007a8000000, 0x00000007a8000000)
  eden space 87424K, 100% used [0x00000007a0000000, 0x00000007a5560000, 0x00000007a5560000)
  from space 21824K,  54% used [0x00000007a5560000, 0x00000007a60fbcf8, 0x00000007a6ab0000)
  to   space 21824K,   0% used [0x00000007a6ab0000, 0x00000007a6ab0000, 0x00000007a8000000)
 concurrent mark-sweep generation total 393216K, used 154037K [0x00000007a8000000, 0x00000007c0000000, 0x00000007c0000000)
 Metaspace       used 43674K, capacity 44920K, committed 45100K, reserved 1089536K
  class space    used 5354K, capacity 5667K, committed 5676K, reserved 1048576K
2019-01-30T12:57:26.067+0600: 4843.639: [GC (Allocation Failure) 2019-01-30T12:57:26.067+0600: 4843.639: [ParNew
Desired survivor size 20112992 bytes, new threshold 8 (max 8)
- age   1:    5888120 bytes,    5888120 total
- age   2:       1104 bytes,    5889224 total
- age   3:       1160 bytes,    5890384 total
- age   4:       1048 bytes,    5891432 total
- age   5:        960 bytes,    5892392 total
- age   6:       1136 bytes,    5893528 total
- age   7:       1152 bytes,    5894680 total
- age   8:       1152 bytes,    5895832 total
: 99311K->7425K(109248K), 0.0113696 secs] 253348K->161463K(502464K), 0.0114710 secs] [Times: user=0.03 sys=0.00, real=0.01 secs] 
Heap after GC invocations=19371 (full 20):
 par new generation   total 109248K, used 7425K [0x00000007a0000000, 0x00000007a8000000, 0x00000007a8000000)
  eden space 87424K,   0% used [0x00000007a0000000, 0x00000007a0000000, 0x00000007a5560000)
  from space 21824K,  34% used [0x00000007a6ab0000, 0x00000007a71f0550, 0x00000007a8000000)
  to   space 21824K,   0% used [0x00000007a5560000, 0x00000007a5560000, 0x00000007a6ab0000)
 concurrent mark-sweep generation total 393216K, used 154038K [0x00000007a8000000, 0x00000007c0000000, 0x00000007c0000000)
 Metaspace       used 43674K, capacity 44920K, committed 45100K, reserved 1089536K
  class space    used 5354K, capacity 5667K, committed 5676K, reserved 1048576K
}
2019-01-30T12:57:26.078+0600: 4843.651: Total time for which application threads were stopped: 0.0117345 seconds, Stopping threads took: 0.0000233 seconds
{Heap before GC invocations=19371 (full 20):
 par new generation   total 109248K, used 94849K [0x00000007a0000000, 0x00000007a8000000, 0x00000007a8000000)
  eden space 87424K, 100% used [0x00000007a0000000, 0x00000007a5560000, 0x00000007a5560000)
  from space 21824K,  34% used [0x00000007a6ab0000, 0x00000007a71f0550, 0x00000007a8000000)
  to   space 21824K,   0% used [0x00000007a5560000, 0x00000007a5560000, 0x00000007a6ab0000)
 concurrent mark-sweep generation total 393216K, used 154038K [0x00000007a8000000, 0x00000007c0000000, 0x00000007c0000000)
 Metaspace       used 43674K, capacity 44920K, committed 45100K, reserved 1089536K
  class space    used 5354K, capacity 5667K, committed 5676K, reserved 1048576K
2019-01-30T12:57:26.289+0600: 4843.861: [GC (Allocation Failure) 2019-01-30T12:57:26.289+0600: 4843.861: [ParNew
Desired survivor size 20112992 bytes, new threshold 1 (max 8)
- age   1:   21110016 bytes,   21110016 total
- age   2:       1136 bytes,   21111152 total
- age   3:       1104 bytes,   21112256 total
- age   4:       1160 bytes,   21113416 total
- age   5:       1048 bytes,   21114464 total
- age   6:        960 bytes,   21115424 total
- age   7:       1136 bytes,   21116560 total
- age   8:       1152 bytes,   21117712 total
: 94849K->21479K(109248K), 0.0204892 secs] 248887K->175518K(502464K), 0.0205939 secs] [Times: user=0.07 sys=0.00, real=0.03 secs] 
Heap after GC invocations=19372 (full 20):
 par new generation   total 109248K, used 21479K [0x00000007a0000000, 0x00000007a8000000, 0x00000007a8000000)
  eden space 87424K,   0% used [0x00000007a0000000, 0x00000007a0000000, 0x00000007a5560000)
  from space 21824K,  98% used [0x00000007a5560000, 0x00000007a6a59c00, 0x00000007a6ab0000)
  to   space 21824K,   0% used [0x00000007a6ab0000, 0x00000007a6ab0000, 0x00000007a8000000)
 concurrent mark-sweep generation total 393216K, used 154039K [0x00000007a8000000, 0x00000007c0000000, 0x00000007c0000000)
 Metaspace       used 43674K, capacity 44920K, committed 45100K, reserved 1089536K
  class space    used 5354K, capacity 5667K, committed 5676K, reserved 1048576K
}
2019-01-30T12:57:26.310+0600: 4843.882: Total time for which application threads were stopped: 0.0208310 seconds, Stopping threads took: 0.0000228 seconds
{Heap before GC invocations=19372 (full 20):
 par new generation   total 109248K, used 108903K [0x00000007a0000000, 0x00000007a8000000, 0x00000007a8000000)
  eden space 87424K, 100% used [0x00000007a0000000, 0x00000007a5560000, 0x00000007a5560000)
  from space 21824K,  98% used [0x00000007a5560000, 0x00000007a6a59c00, 0x00000007a6ab0000)
  to   space 21824K,   0% used [0x00000007a6ab0000, 0x00000007a6ab0000, 0x00000007a8000000)
 concurrent mark-sweep generation total 393216K, used 154039K [0x00000007a8000000, 0x00000007c0000000, 0x00000007c0000000)
 Metaspace       used 43674K, capacity 44920K, committed 45100K, reserved 1089536K
  class space    used 5354K, capacity 5667K, committed 5676K, reserved 1048576K
2019-01-30T12:57:26.542+0600: 4844.115: [GC (Allocation Failure) 2019-01-30T12:57:26.542+0600: 4844.115: [ParNew
Desired survivor size 20112992 bytes, new threshold 8 (max 8)
- age   1:   15972048 bytes,   15972048 total
: 108903K->21824K(109248K), 0.0168090 secs] 262942K->175924K(502464K), 0.0169050 secs] [Times: user=0.06 sys=0.01, real=0.01 secs] 
Heap after GC invocations=19373 (full 20):
 par new generation   total 109248K, used 21824K [0x00000007a0000000, 0x00000007a8000000, 0x00000007a8000000)
  eden space 87424K,   0% used [0x00000007a0000000, 0x00000007a0000000, 0x00000007a5560000)
  from space 21824K, 100% used [0x00000007a6ab0000, 0x00000007a8000000, 0x00000007a8000000)
  to   space 21824K,   0% used [0x00000007a5560000, 0x00000007a5560000, 0x00000007a6ab0000)
 concurrent mark-sweep generation total 393216K, used 154100K [0x00000007a8000000, 0x00000007c0000000, 0x00000007c0000000)
 Metaspace       used 43674K, capacity 44920K, committed 45100K, reserved 1089536K
  class space    used 5354K, capacity 5667K, committed 5676K, reserved 1048576K
}
2019-01-30T12:57:26.559+0600: 4844.132: Total time for which application threads were stopped: 0.0172321 seconds, Stopping threads took: 0.0000316 seconds
{Heap before GC invocations=19373 (full 20):
 par new generation   total 109248K, used 109248K [0x00000007a0000000, 0x00000007a8000000, 0x00000007a8000000)
  eden space 87424K, 100% used [0x00000007a0000000, 0x00000007a5560000, 0x00000007a5560000)
  from space 21824K, 100% used [0x00000007a6ab0000, 0x00000007a8000000, 0x00000007a8000000)
  to   space 21824K,   0% used [0x00000007a5560000, 0x00000007a5560000, 0x00000007a6ab0000)
 concurrent mark-sweep generation total 393216K, used 154100K [0x00000007a8000000, 0x00000007c0000000, 0x00000007c0000000)
 Metaspace       used 43674K, capacity 44920K, committed 45100K, reserved 1089536K
  class space    used 5354K, capacity 5667K, committed 5676K, reserved 1048576K
2019-01-30T12:57:26.765+0600: 4844.337: [GC (Allocation Failure) 2019-01-30T12:57:26.765+0600: 4844.337: [ParNew
Desired survivor size 20112992 bytes, new threshold 8 (max 8)
- age   1:   12728328 bytes,   12728328 total
- age   2:       2016 bytes,   12730344 total
: 109248K->18217K(109248K), 0.0139021 secs] 263348K->172318K(502464K), 0.0139919 secs] [Times: user=0.05 sys=0.00, real=0.01 secs] 
Heap after GC invocations=19374 (full 20):
 par new generation   total 109248K, used 18217K [0x00000007a0000000, 0x00000007a8000000, 0x00000007a8000000)
  eden space 87424K,   0% used [0x00000007a0000000, 0x00000007a0000000, 0x00000007a5560000)
  from space 21824K,  83% used [0x00000007a5560000, 0x00000007a672a700, 0x00000007a6ab0000)
  to   space 21824K,   0% used [0x00000007a6ab0000, 0x00000007a6ab0000, 0x00000007a8000000)
 concurrent mark-sweep generation total 393216K, used 154100K [0x00000007a8000000, 0x00000007c0000000, 0x00000007c0000000)
 Metaspace       used 43674K, capacity 44920K, committed 45100K, reserved 1089536K
  class space    used 5354K, capacity 5667K, committed 5676K, reserved 1048576K
}
2019-01-30T12:57:26.779+0600: 4844.351: Total time for which application threads were stopped: 0.0142122 seconds, Stopping threads took: 0.0000230 seconds
{Heap before GC invocations=19374 (full 20):
 par new generation   total 109248K, used 105641K [0x00000007a0000000, 0x00000007a8000000, 0x00000007a8000000)
  eden space 87424K, 100% used [0x00000007a0000000, 0x00000007a5560000, 0x00000007a5560000)
  from space 21824K,  83% used [0x00000007a5560000, 0x00000007a672a700, 0x00000007a6ab0000)
  to   space 21824K,   0% used [0x00000007a6ab0000, 0x00000007a6ab0000, 0x00000007a8000000)
 concurrent mark-sweep generation total 393216K, used 154100K [0x00000007a8000000, 0x00000007c0000000, 0x00000007c0000000)
 Metaspace       used 43674K, capacity 44920K, committed 45100K, reserved 1089536K
  class space    used 5354K, capacity 5667K, committed 5676K, reserved 1048576K
2019-01-30T12:57:26.977+0600: 4844.550: [GC (Allocation Failure) 2019-01-30T12:57:26.978+0600: 4844.550: [ParNew
Desired survivor size 20112992 bytes, new threshold 8 (max 8)
- age   1:    9462392 bytes,    9462392 total
- age   2:       1032 bytes,    9463424 total
- age   3:       2016 bytes,    9465440 total
: 105641K->13878K(109248K), 0.0110837 secs] 259742K->167979K(502464K), 0.0111859 secs] [Times: user=0.04 sys=0.00, real=0.01 secs] 
Heap after GC invocations=19375 (full 20):
 par new generation   total 109248K, used 13878K [0x00000007a0000000, 0x00000007a8000000, 0x00000007a8000000)
  eden space 87424K,   0% used [0x00000007a0000000, 0x00000007a0000000, 0x00000007a5560000)
  from space 21824K,  63% used [0x00000007a6ab0000, 0x00000007a783d9c0, 0x00000007a8000000)
  to   space 21824K,   0% used [0x00000007a5560000, 0x00000007a5560000, 0x00000007a6ab0000)
 concurrent mark-sweep generation total 393216K, used 154100K [0x00000007a8000000, 0x00000007c0000000, 0x00000007c0000000)
 Metaspace       used 43674K, capacity 44920K, committed 45100K, reserved 1089536K
  class space    used 5354K, capacity 5667K, committed 5676K, reserved 1048576K
}
2019-01-30T12:57:26.989+0600: 4844.561: Total time for which application threads were stopped: 0.0114149 seconds, Stopping threads took: 0.0000223 seconds
{Heap before GC invocations=19375 (full 20):
 par new generation   total 109248K, used 101302K [0x00000007a0000000, 0x00000007a8000000, 0x00000007a8000000)
  eden space 87424K, 100% used [0x00000007a0000000, 0x00000007a5560000, 0x00000007a5560000)
  from space 21824K,  63% used [0x00000007a6ab0000, 0x00000007a783d9c0, 0x00000007a8000000)
  to   space 21824K,   0% used [0x00000007a5560000, 0x00000007a5560000, 0x00000007a6ab0000)
 concurrent mark-sweep generation total 393216K, used 154100K [0x00000007a8000000, 0x00000007c0000000, 0x00000007c0000000)
 Metaspace       used 43674K, capacity 44920K, committed 45100K, reserved 1089536K
  class space    used 5354K, capacity 5667K, committed 5676K, reserved 1048576K
2019-01-30T12:57:27.187+0600: 4844.760: [GC (Allocation Failure) 2019-01-30T12:57:27.187+0600: 4844.760: [ParNew
Desired survivor size 20112992 bytes, new threshold 8 (max 8)
- age   1:    5914832 bytes,    5914832 total
- age   2:       1104 bytes,    5915936 total
- age   3:       1032 bytes,    5916968 total
- age   4:       2016 bytes,    5918984 total
: 101302K->8104K(109248K), 0.0091015 secs] 255403K->162204K(502464K), 0.0091926 secs] [Times: user=0.03 sys=0.00, real=0.01 secs] 
Heap after GC invocations=19376 (full 20):
 par new generation   total 109248K, used 8104K [0x00000007a0000000, 0x00000007a8000000, 0x00000007a8000000)
  eden space 87424K,   0% used [0x00000007a0000000, 0x00000007a0000000, 0x00000007a5560000)
  from space 21824K,  37% used [0x00000007a5560000, 0x00000007a5d4a018, 0x00000007a6ab0000)
  to   space 21824K,   0% used [0x00000007a6ab0000, 0x00000007a6ab0000, 0x00000007a8000000)
 concurrent mark-sweep generation total 393216K, used 154100K [0x00000007a8000000, 0x00000007c0000000, 0x00000007c0000000)
 Metaspace       used 43674K, capacity 44920K, committed 45100K, reserved 1089536K
  class space    used 5354K, capacity 5667K, committed 5676K, reserved 1048576K
}
2019-01-30T12:57:27.197+0600: 4844.769: Total time for which application threads were stopped: 0.0094273 seconds, Stopping threads took: 0.0000229 seconds
{Heap before GC invocations=19376 (full 20):
 par new generation   total 109248K, used 95528K [0x00000007a0000000, 0x00000007a8000000, 0x00000007a8000000)
  eden space 87424K, 100% used [0x00000007a0000000, 0x00000007a5560000, 0x00000007a5560000)
  from space 21824K,  37% used [0x00000007a5560000, 0x00000007a5d4a018, 0x00000007a6ab0000)
  to   space 21824K,   0% used [0x00000007a6ab0000, 0x00000007a6ab0000, 0x00000007a8000000)
 concurrent mark-sweep generation total 393216K, used 154100K [0x00000007a8000000, 0x00000007c0000000, 0x00000007c0000000)
 Metaspace       used 43674K, capacity 44920K, committed 45100K, reserved 1089536K
  class space    used 5354K, capacity 5667K, committed 5676K, reserved 1048576K
2019-01-30T12:57:27.411+0600: 4844.983: [GC (Allocation Failure) 2019-01-30T12:57:27.411+0600: 4844.983: [ParNew
Desired survivor size 20112992 bytes, new threshold 8 (max 8)
- age   1:    5866000 bytes,    5866000 total
- age   2:       1176 bytes,    5867176 total
- age   3:       1104 bytes,    5868280 total
- age   4:       1032 bytes,    5869312 total
- age   5:       2016 bytes,    5871328 total
: 95528K->7312K(109248K), 0.0109919 secs] 249628K->161413K(502464K), 0.0110875 secs] [Times: user=0.03 sys=0.00, real=0.01 secs] 
Heap after GC invocations=19377 (full 20):
 par new generation   total 109248K, used 7312K [0x00000007a0000000, 0x00000007a8000000, 0x00000007a8000000)
  eden space 87424K,   0% used [0x00000007a0000000, 0x00000007a0000000, 0x00000007a5560000)
  from space 21824K,  33% used [0x00000007a6ab0000, 0x00000007a71d4310, 0x00000007a8000000)
  to   space 21824K,   0% used [0x00000007a5560000, 0x00000007a5560000, 0x00000007a6ab0000)
 concurrent mark-sweep generation total 393216K, used 154100K [0x00000007a8000000, 0x00000007c0000000, 0x00000007c0000000)
 Metaspace       used 43674K, capacity 44920K, committed 45100K, reserved 1089536K
  class space    used 5354K, capacity 5667K, committed 5676K, reserved 1048576K
}
2019-01-30T12:57:27.422+0600: 4844.994: Total time for which application threads were stopped: 0.0113215 seconds, Stopping threads took: 0.0000238 seconds
{Heap before GC invocations=19377 (full 20):
 par new generation   total 109248K, used 94736K [0x00000007a0000000, 0x00000007a8000000, 0x00000007a8000000)
  eden space 87424K, 100% used [0x00000007a0000000, 0x00000007a5560000, 0x00000007a5560000)
  from space 21824K,  33% used [0x00000007a6ab0000, 0x00000007a71d4310, 0x00000007a8000000)
  to   space 21824K,   0% used [0x00000007a5560000, 0x00000007a5560000, 0x00000007a6ab0000)
 concurrent mark-sweep generation total 393216K, used 154100K [0x00000007a8000000, 0x00000007c0000000, 0x00000007c0000000)
 Metaspace       used 43674K, capacity 44920K, committed 45100K, reserved 1089536K
  class space    used 5354K, capacity 5667K, committed 5676K, reserved 1048576K
2019-01-30T12:57:27.633+0600: 4845.205: [GC (Allocation Failure) 2019-01-30T12:57:27.633+0600: 4845.205: [ParNew
Desired survivor size 20112992 bytes, new threshold 8 (max 8)
- age   1:   19049192 bytes,   19049192 total
- age   2:       1120 bytes,   19050312 total
- age   3:       1176 bytes,   19051488 total
- age   4:       1104 bytes,   19052592 total
- age   5:       1032 bytes,   19053624 total
- age   6:       2016 bytes,   19055640 total
: 94736K->19501K(109248K), 0.0173464 secs] 248837K->173602K(502464K), 0.0174478 secs] [Times: user=0.06 sys=0.00, real=0.02 secs] 
Heap after GC invocations=19378 (full 20):
 par new generation   total 109248K, used 19501K [0x00000007a0000000, 0x00000007a8000000, 0x00000007a8000000)
  eden space 87424K,   0% used [0x00000007a0000000, 0x00000007a0000000, 0x00000007a5560000)
  from space 21824K,  89% used [0x00000007a5560000, 0x00000007a686b6e8, 0x00000007a6ab0000)
  to   space 21824K,   0% used [0x00000007a6ab0000, 0x00000007a6ab0000, 0x00000007a8000000)
 concurrent mark-sweep generation total 393216K, used 154100K [0x00000007a8000000, 0x00000007c0000000, 0x00000007c0000000)
 Metaspace       used 43674K, capacity 44920K, committed 45100K, reserved 1089536K
  class space    used 5354K, capacity 5667K, committed 5676K, reserved 1048576K
}
2019-01-30T12:57:27.650+0600: 4845.223: Total time for which application threads were stopped: 0.0176843 seconds, Stopping threads took: 0.0000238 seconds
{Heap before GC invocations=19378 (full 20):
 par new generation   total 109248K, used 106864K [0x00000007a0000000, 0x00000007a8000000, 0x00000007a8000000)
  eden space 87424K,  99% used [0x00000007a0000000, 0x00000007a5550928, 0x00000007a5560000)
  from space 21824K,  89% used [0x00000007a5560000, 0x00000007a686b6e8, 0x00000007a6ab0000)
  to   space 21824K,   0% used [0x00000007a6ab0000, 0x00000007a6ab0000, 0x00000007a8000000)
 concurrent mark-sweep generation total 393216K, used 154100K [0x00000007a8000000, 0x00000007c0000000, 0x00000007c0000000)
 Metaspace       used 43674K, capacity 44920K, committed 45100K, reserved 1089536K
  class space    used 5354K, capacity 5667K, committed 5676K, reserved 1048576K
2019-01-30T12:57:27.840+0600: 4845.412: [GC (Allocation Failure) 2019-01-30T12:57:27.840+0600: 4845.412: [ParNew
Desired survivor size 20112992 bytes, new threshold 8 (max 8)
- age   1:   14611632 bytes,   14611632 total
- age   2:        960 bytes,   14612592 total
- age   3:       1120 bytes,   14613712 total
- age   4:       1176 bytes,   14614888 total
- age   5:       1104 bytes,   14615992 total
- age   6:       1032 bytes,   14617024 total
- age   7:       2016 bytes,   14619040 total
: 106864K->20126K(109248K), 0.0150268 secs] 260964K->174227K(502464K), 0.0151297 secs] [Times: user=0.05 sys=0.00, real=0.01 secs] 
Heap after GC invocations=19379 (full 20):
 par new generation   total 109248K, used 20126K [0x00000007a0000000, 0x00000007a8000000, 0x00000007a8000000)
  eden space 87424K,   0% used [0x00000007a0000000, 0x00000007a0000000, 0x00000007a5560000)
  from space 21824K,  92% used [0x00000007a6ab0000, 0x00000007a7e57ac8, 0x00000007a8000000)
  to   space 21824K,   0% used [0x00000007a5560000, 0x00000007a5560000, 0x00000007a6ab0000)
 concurrent mark-sweep generation total 393216K, used 154100K [0x00000007a8000000, 0x00000007c0000000, 0x00000007c0000000)
 Metaspace       used 43674K, capacity 44920K, committed 45100K, reserved 1089536K
  class space    used 5354K, capacity 5667K, committed 5676K, reserved 1048576K
}
2019-01-30T12:57:27.855+0600: 4845.427: Total time for which application threads were stopped: 0.0153678 seconds, Stopping threads took: 0.0000245 seconds
{Heap before GC invocations=19379 (full 20):
 par new generation   total 109248K, used 107550K [0x00000007a0000000, 0x00000007a8000000, 0x00000007a8000000)
  eden space 87424K, 100% used [0x00000007a0000000, 0x00000007a5560000, 0x00000007a5560000)
  from space 21824K,  92% used [0x00000007a6ab0000, 0x00000007a7e57ac8, 0x00000007a8000000)
  to   space 21824K,   0% used [0x00000007a5560000, 0x00000007a5560000, 0x00000007a6ab0000)
 concurrent mark-sweep generation total 393216K, used 154100K [0x00000007a8000000, 0x00000007c0000000, 0x00000007c0000000)
 Metaspace       used 43674K, capacity 44920K, committed 45100K, reserved 1089536K
  class space    used 5354K, capacity 5667K, committed 5676K, reserved 1048576K
2019-01-30T12:57:28.499+0600: 4846.071: [GC (Allocation Failure) 2019-01-30T12:57:28.499+0600: 4846.071: [ParNew
Desired survivor size 20112992 bytes, new threshold 8 (max 8)
- age   1:   11083960 bytes,   11083960 total
- age   2:       1000 bytes,   11084960 total
- age   3:        960 bytes,   11085920 total
- age   4:       1120 bytes,   11087040 total
- age   5:       1176 bytes,   11088216 total
- age   6:       1104 bytes,   11089320 total
- age   7:       1032 bytes,   11090352 total
- age   8:       2016 bytes,   11092368 total
: 107550K->14400K(109248K), 0.0225926 secs] 261651K->168501K(502464K), 0.0227034 secs] [Times: user=0.04 sys=0.00, real=0.03 secs] 
Heap after GC invocations=19380 (full 20):
 par new generation   total 109248K, used 14400K [0x00000007a0000000, 0x00000007a8000000, 0x00000007a8000000)
  eden space 87424K,   0% used [0x00000007a0000000, 0x00000007a0000000, 0x00000007a5560000)
  from space 21824K,  65% used [0x00000007a5560000, 0x00000007a6370258, 0x00000007a6ab0000)
  to   space 21824K,   0% used [0x00000007a6ab0000, 0x00000007a6ab0000, 0x00000007a8000000)
 concurrent mark-sweep generation total 393216K, used 154100K [0x00000007a8000000, 0x00000007c0000000, 0x00000007c0000000)
 Metaspace       used 43674K, capacity 44920K, committed 45100K, reserved 1089536K
  class space    used 5354K, capacity 5667K, committed 5676K, reserved 1048576K
}
2019-01-30T12:57:28.522+0600: 4846.094: Total time for which application threads were stopped: 0.0231197 seconds, Stopping threads took: 0.0000311 seconds
{Heap before GC invocations=19380 (full 20):
 par new generation   total 109248K, used 101824K [0x00000007a0000000, 0x00000007a8000000, 0x00000007a8000000)
  eden space 87424K, 100% used [0x00000007a0000000, 0x00000007a5560000, 0x00000007a5560000)
  from space 21824K,  65% used [0x00000007a5560000, 0x00000007a6370258, 0x00000007a6ab0000)
  to   space 21824K,   0% used [0x00000007a6ab0000, 0x00000007a6ab0000, 0x00000007a8000000)
 concurrent mark-sweep generation total 393216K, used 154100K [0x00000007a8000000, 0x00000007c0000000, 0x00000007c0000000)
 Metaspace       used 43674K, capacity 44920K, committed 45100K, reserved 1089536K
  class space    used 5354K, capacity 5667K, committed 5676K, reserved 1048576K
2019-01-30T12:57:28.999+0600: 4846.571: [GC (Allocation Failure) 2019-01-30T12:57:29.000+0600: 4846.572: [ParNew
Desired survivor size 20112992 bytes, new threshold 8 (max 8)
- age   1:    7692536 bytes,    7692536 total
- age   2:       1184 bytes,    7693720 total
- age   3:       1000 bytes,    7694720 total
- age   4:        960 bytes,    7695680 total
- age   5:       1120 bytes,    7696800 total
- age   6:       1176 bytes,    7697976 total
- age   7:       1104 bytes,    7699080 total
- age   8:       1032 bytes,    7700112 total
: 101824K->10708K(109248K), 0.0142298 secs] 255925K->164811K(502464K), 0.0146219 secs] [Times: user=0.04 sys=0.00, real=0.02 secs] 
Heap after GC invocations=19381 (full 20):
 par new generation   total 109248K, used 10708K [0x00000007a0000000, 0x00000007a8000000, 0x00000007a8000000)
  eden space 87424K,   0% used [0x00000007a0000000, 0x00000007a0000000, 0x00000007a5560000)
  from space 21824K,  49% used [0x00000007a6ab0000, 0x00000007a75253a0, 0x00000007a8000000)
  to   space 21824K,   0% used [0x00000007a5560000, 0x00000007a5560000, 0x00000007a6ab0000)
 concurrent mark-sweep generation total 393216K, used 154102K [0x00000007a8000000, 0x00000007c0000000, 0x00000007c0000000)
 Metaspace       used 43674K, capacity 44920K, committed 45100K, reserved 1089536K
  class space    used 5354K, capacity 5667K, committed 5676K, reserved 1048576K
}
2019-01-30T12:57:29.014+0600: 4846.586: Total time for which application threads were stopped: 0.0149897 seconds, Stopping threads took: 0.0000306 seconds
{Heap before GC invocations=19381 (full 20):
 par new generation   total 109248K, used 98132K [0x00000007a0000000, 0x00000007a8000000, 0x00000007a8000000)
  eden space 87424K, 100% used [0x00000007a0000000, 0x00000007a5560000, 0x00000007a5560000)
  from space 21824K,  49% used [0x00000007a6ab0000, 0x00000007a75253a0, 0x00000007a8000000)
  to   space 21824K,   0% used [0x00000007a5560000, 0x00000007a5560000, 0x00000007a6ab0000)
 concurrent mark-sweep generation total 393216K, used 154102K [0x00000007a8000000, 0x00000007c0000000, 0x00000007c0000000)
 Metaspace       used 43674K, capacity 44920K, committed 45100K, reserved 1089536K
  class space    used 5354K, capacity 5667K, committed 5676K, reserved 1048576K
2019-01-30T12:57:29.594+0600: 4847.166: [GC (Allocation Failure) 2019-01-30T12:57:29.594+0600: 4847.166: [ParNew
Desired survivor size 20112992 bytes, new threshold 8 (max 8)
- age   1:    5888888 bytes,    5888888 total
- age   2:       1144 bytes,    5890032 total
- age   3:       1184 bytes,    5891216 total
- age   4:       1000 bytes,    5892216 total
- age   5:        960 bytes,    5893176 total
- age   6:       1120 bytes,    5894296 total
- age   7:       1176 bytes,    5895472 total
- age   8:       1104 bytes,    5896576 total
: 98132K->7548K(109248K), 0.0087120 secs] 252235K->161652K(502464K), 0.0088349 secs] [Times: user=0.03 sys=0.00, real=0.01 secs] 
Heap after GC invocations=19382 (full 20):
 par new generation   total 109248K, used 7548K [0x00000007a0000000, 0x00000007a8000000, 0x00000007a8000000)
  eden space 87424K,   0% used [0x00000007a0000000, 0x00000007a0000000, 0x00000007a5560000)
  from space 21824K,  34% used [0x00000007a5560000, 0x00000007a5cbf260, 0x00000007a6ab0000)
  to   space 21824K,   0% used [0x00000007a6ab0000, 0x00000007a6ab0000, 0x00000007a8000000)
 concurrent mark-sweep generation total 393216K, used 154103K [0x00000007a8000000, 0x00000007c0000000, 0x00000007c0000000)
 Metaspace       used 43674K, capacity 44920K, committed 45100K, reserved 1089536K
  class space    used 5354K, capacity 5667K, committed 5676K, reserved 1048576K
}
2019-01-30T12:57:29.603+0600: 4847.175: Total time for which application threads were stopped: 0.0090993 seconds, Stopping threads took: 0.0000300 seconds
{Heap before GC invocations=19382 (full 20):
 par new generation   total 109248K, used 94972K [0x00000007a0000000, 0x00000007a8000000, 0x00000007a8000000)
  eden space 87424K, 100% used [0x00000007a0000000, 0x00000007a5560000, 0x00000007a5560000)
  from space 21824K,  34% used [0x00000007a5560000, 0x00000007a5cbf260, 0x00000007a6ab0000)
  to   space 21824K,   0% used [0x00000007a6ab0000, 0x00000007a6ab0000, 0x00000007a8000000)
 concurrent mark-sweep generation total 393216K, used 154103K [0x00000007a8000000, 0x00000007c0000000, 0x00000007c0000000)
 Metaspace       used 43674K, capacity 44920K, committed 45100K, reserved 1089536K
  class space    used 5354K, capacity 5667K, committed 5676K, reserved 1048576K
2019-01-30T12:57:29.881+0600: 4847.453: [GC (Allocation Failure) 2019-01-30T12:57:29.881+0600: 4847.453: [ParNew
Desired survivor size 20112992 bytes, new threshold 1 (max 8)
- age   1:   21110192 bytes,   21110192 total
- age   2:       1128 bytes,   21111320 total
- age   3:       1144 bytes,   21112464 total
- age   4:       1184 bytes,   21113648 total
- age   5:       1000 bytes,   21114648 total
- age   6:        960 bytes,   21115608 total
- age   7:       1120 bytes,   21116728 total
- age   8:       1176 bytes,   21117904 total
: 94972K->21824K(109248K), 0.0190852 secs] 249076K->175928K(502464K), 0.0192066 secs] [Times: user=0.07 sys=0.00, real=0.02 secs] 
Heap after GC invocations=19383 (full 20):
 par new generation   total 109248K, used 21824K [0x00000007a0000000, 0x00000007a8000000, 0x00000007a8000000)
  eden space 87424K,   0% used [0x00000007a0000000, 0x00000007a0000000, 0x00000007a5560000)
  from space 21824K, 100% used [0x00000007a6ab0000, 0x00000007a8000000, 0x00000007a8000000)
  to   space 21824K,   0% used [0x00000007a5560000, 0x00000007a5560000, 0x00000007a6ab0000)
 concurrent mark-sweep generation total 393216K, used 154104K [0x00000007a8000000, 0x00000007c0000000, 0x00000007c0000000)
 Metaspace       used 43674K, capacity 44920K, committed 45100K, reserved 1089536K
  class space    used 5354K, capacity 5667K, committed 5676K, reserved 1048576K
}
2019-01-30T12:57:29.900+0600: 4847.473: Total time for which application threads were stopped: 0.0194590 seconds, Stopping threads took: 0.0000227 seconds
{Heap before GC invocations=19383 (full 20):
 par new generation   total 109248K, used 109225K [0x00000007a0000000, 0x00000007a8000000, 0x00000007a8000000)
  eden space 87424K,  99% used [0x00000007a0000000, 0x00000007a555a4b0, 0x00000007a5560000)
  from space 21824K, 100% used [0x00000007a6ab0000, 0x00000007a8000000, 0x00000007a8000000)
  to   space 21824K,   0% used [0x00000007a5560000, 0x00000007a5560000, 0x00000007a6ab0000)
 concurrent mark-sweep generation total 393216K, used 154104K [0x00000007a8000000, 0x00000007c0000000, 0x00000007c0000000)
 Metaspace       used 43674K, capacity 44920K, committed 45100K, reserved 1089536K
  class space    used 5354K, capacity 5667K, committed 5676K, reserved 1048576K
2019-01-30T12:57:30.141+0600: 4847.713: [GC (Allocation Failure) 2019-01-30T12:57:30.141+0600: 4847.713: [ParNew
Desired survivor size 20112992 bytes, new threshold 8 (max 8)
- age   1:   15864688 bytes,   15864688 total
: 109225K->21824K(109248K), 0.0196553 secs] 263330K->176095K(502464K), 0.0197664 secs] [Times: user=0.06 sys=0.00, real=0.02 secs] 
Heap after GC invocations=19384 (full 20):
 par new generation   total 109248K, used 21824K [0x00000007a0000000, 0x00000007a8000000, 0x00000007a8000000)
  eden space 87424K,   0% used [0x00000007a0000000, 0x00000007a0000000, 0x00000007a5560000)
  from space 21824K, 100% used [0x00000007a5560000, 0x00000007a6ab0000, 0x00000007a6ab0000)
  to   space 21824K,   0% used [0x00000007a6ab0000, 0x00000007a6ab0000, 0x00000007a8000000)
 concurrent mark-sweep generation total 393216K, used 154271K [0x00000007a8000000, 0x00000007c0000000, 0x00000007c0000000)
 Metaspace       used 43674K, capacity 44920K, committed 45100K, reserved 1089536K
  class space    used 5354K, capacity 5667K, committed 5676K, reserved 1048576K
}
2019-01-30T12:57:30.161+0600: 4847.733: Total time for which application threads were stopped: 0.0200296 seconds, Stopping threads took: 0.0000291 seconds
{Heap before GC invocations=19384 (full 20):
 par new generation   total 109248K, used 109248K [0x00000007a0000000, 0x00000007a8000000, 0x00000007a8000000)
  eden space 87424K, 100% used [0x00000007a0000000, 0x00000007a5560000, 0x00000007a5560000)
  from space 21824K, 100% used [0x00000007a5560000, 0x00000007a6ab0000, 0x00000007a6ab0000)
  to   space 21824K,   0% used [0x00000007a6ab0000, 0x00000007a6ab0000, 0x00000007a8000000)
 concurrent mark-sweep generation total 393216K, used 154271K [0x00000007a8000000, 0x00000007c0000000, 0x00000007c0000000)
 Metaspace       used 43674K, capacity 44920K, committed 45100K, reserved 1089536K
  class space    used 5354K, capacity 5667K, committed 5676K, reserved 1048576K
2019-01-30T12:57:30.421+0600: 4847.994: [GC (Allocation Failure) 2019-01-30T12:57:30.422+0600: 4847.994: [ParNew
Desired survivor size 20112992 bytes, new threshold 8 (max 8)
- age   1:   12749104 bytes,   12749104 total
- age   2:       1048 bytes,   12750152 total
: 109248K->18175K(109248K), 0.0132664 secs] 263519K->172446K(502464K), 0.0133849 secs] [Times: user=0.05 sys=0.00, real=0.01 secs] 
Heap after GC invocations=19385 (full 20):
 par new generation   total 109248K, used 18175K [0x00000007a0000000, 0x00000007a8000000, 0x00000007a8000000)
  eden space 87424K,   0% used [0x00000007a0000000, 0x00000007a0000000, 0x00000007a5560000)
  from space 21824K,  83% used [0x00000007a6ab0000, 0x00000007a7c6fc40, 0x00000007a8000000)
  to   space 21824K,   0% used [0x00000007a5560000, 0x00000007a5560000, 0x00000007a6ab0000)
 concurrent mark-sweep generation total 393216K, used 154271K [0x00000007a8000000, 0x00000007c0000000, 0x00000007c0000000)
 Metaspace       used 43674K, capacity 44920K, committed 45100K, reserved 1089536K
  class space    used 5354K, capacity 5667K, committed 5676K, reserved 1048576K
}
2019-01-30T12:57:30.435+0600: 4848.007: Total time for which application threads were stopped: 0.0136391 seconds, Stopping threads took: 0.0000253 seconds
{Heap before GC invocations=19385 (full 20):
 par new generation   total 109248K, used 105599K [0x00000007a0000000, 0x00000007a8000000, 0x00000007a8000000)
  eden space 87424K, 100% used [0x00000007a0000000, 0x00000007a5560000, 0x00000007a5560000)
  from space 21824K,  83% used [0x00000007a6ab0000, 0x00000007a7c6fc40, 0x00000007a8000000)
  to   space 21824K,   0% used [0x00000007a5560000, 0x00000007a5560000, 0x00000007a6ab0000)
 concurrent mark-sweep generation total 393216K, used 154271K [0x00000007a8000000, 0x00000007c0000000, 0x00000007c0000000)
 Metaspace       used 43674K, capacity 44920K, committed 45100K, reserved 1089536K
  class space    used 5354K, capacity 5667K, committed 5676K, reserved 1048576K
2019-01-30T12:57:30.666+0600: 4848.238: [GC (Allocation Failure) 2019-01-30T12:57:30.666+0600: 4848.239: [ParNew
Desired survivor size 20112992 bytes, new threshold 8 (max 8)
- age   1:    9497960 bytes,    9497960 total
- age   2:       1032 bytes,    9498992 total
- age   3:       1048 bytes,    9500040 total
: 105599K->13882K(109248K), 0.0111871 secs] 259870K->168153K(502464K), 0.0113105 secs] [Times: user=0.04 sys=0.01, real=0.01 secs] 
Heap after GC invocations=19386 (full 20):
 par new generation   total 109248K, used 13882K [0x00000007a0000000, 0x00000007a8000000, 0x00000007a8000000)
  eden space 87424K,   0% used [0x00000007a0000000, 0x00000007a0000000, 0x00000007a5560000)
  from space 21824K,  63% used [0x00000007a5560000, 0x00000007a62ee900, 0x00000007a6ab0000)
  to   space 21824K,   0% used [0x00000007a6ab0000, 0x00000007a6ab0000, 0x00000007a8000000)
 concurrent mark-sweep generation total 393216K, used 154271K [0x00000007a8000000, 0x00000007c0000000, 0x00000007c0000000)
 Metaspace       used 43674K, capacity 44920K, committed 45100K, reserved 1089536K
  class space    used 5354K, capacity 5667K, committed 5676K, reserved 1048576K
}
2019-01-30T12:57:30.678+0600: 4848.250: Total time for which application threads were stopped: 0.0116163 seconds, Stopping threads took: 0.0000580 seconds
{Heap before GC invocations=19386 (full 20):
 par new generation   total 109248K, used 101306K [0x00000007a0000000, 0x00000007a8000000, 0x00000007a8000000)
  eden space 87424K, 100% used [0x00000007a0000000, 0x00000007a5560000, 0x00000007a5560000)
  from space 21824K,  63% used [0x00000007a5560000, 0x00000007a62ee900, 0x00000007a6ab0000)
  to   space 21824K,   0% used [0x00000007a6ab0000, 0x00000007a6ab0000, 0x00000007a8000000)
 concurrent mark-sweep generation total 393216K, used 154271K [0x00000007a8000000, 0x00000007c0000000, 0x00000007c0000000)
 Metaspace       used 43674K, capacity 44920K, committed 45100K, reserved 1089536K
  class space    used 5354K, capacity 5667K, committed 5676K, reserved 1048576K
2019-01-30T12:57:30.901+0600: 4848.473: [GC (Allocation Failure) 2019-01-30T12:57:30.901+0600: 4848.473: [ParNew
Desired survivor size 20112992 bytes, new threshold 8 (max 8)
- age   1:    5931240 bytes,    5931240 total
- age   2:       1112 bytes,    5932352 total
- age   3:       1032 bytes,    5933384 total
- age   4:       1048 bytes,    5934432 total
: 101306K->9125K(109248K), 0.0102643 secs] 255577K->163396K(502464K), 0.0103694 secs] [Times: user=0.03 sys=0.00, real=0.01 secs] 
Heap after GC invocations=19387 (full 20):
 par new generation   total 109248K, used 9125K [0x00000007a0000000, 0x00000007a8000000, 0x00000007a8000000)
  eden space 87424K,   0% used [0x00000007a0000000, 0x00000007a0000000, 0x00000007a5560000)
  from space 21824K,  41% used [0x00000007a6ab0000, 0x00000007a7399430, 0x00000007a8000000)
  to   space 21824K,   0% used [0x00000007a5560000, 0x00000007a5560000, 0x00000007a6ab0000)
 concurrent mark-sweep generation total 393216K, used 154271K [0x00000007a8000000, 0x00000007c0000000, 0x00000007c0000000)
 Metaspace       used 43674K, capacity 44920K, committed 45100K, reserved 1089536K
  class space    used 5354K, capacity 5667K, committed 5676K, reserved 1048576K
}
2019-01-30T12:57:30.912+0600: 4848.484: Total time for which application threads were stopped: 0.0106103 seconds, Stopping threads took: 0.0000286 seconds
{Heap before GC invocations=19387 (full 20):
 par new generation   total 109248K, used 96549K [0x00000007a0000000, 0x00000007a8000000, 0x00000007a8000000)
  eden space 87424K, 100% used [0x00000007a0000000, 0x00000007a5560000, 0x00000007a5560000)
  from space 21824K,  41% used [0x00000007a6ab0000, 0x00000007a7399430, 0x00000007a8000000)
  to   space 21824K,   0% used [0x00000007a5560000, 0x00000007a5560000, 0x00000007a6ab0000)
 concurrent mark-sweep generation total 393216K, used 154271K [0x00000007a8000000, 0x00000007c0000000, 0x00000007c0000000)
 Metaspace       used 43674K, capacity 44920K, committed 45100K, reserved 1089536K
  class space    used 5354K, capacity 5667K, committed 5676K, reserved 1048576K
2019-01-30T12:57:31.148+0600: 4848.721: [GC (Allocation Failure) 2019-01-30T12:57:31.148+0600: 4848.721: [ParNew
Desired survivor size 20112992 bytes, new threshold 8 (max 8)
- age   1:    5857488 bytes,    5857488 total
- age   2:       1096 bytes,    5858584 total
- age   3:       1112 bytes,    5859696 total
- age   4:       1032 bytes,    5860728 total
- age   5:       1048 bytes,    5861776 total
: 96549K->6528K(109248K), 0.0085295 secs] 250820K->160800K(502464K), 0.0086456 secs] [Times: user=0.03 sys=0.00, real=0.01 secs] 
Heap after GC invocations=19388 (full 20):
 par new generation   total 109248K, used 6528K [0x00000007a0000000, 0x00000007a8000000, 0x00000007a8000000)
  eden space 87424K,   0% used [0x00000007a0000000, 0x00000007a0000000, 0x00000007a5560000)
  from space 21824K,  29% used [0x00000007a5560000, 0x00000007a5bc0350, 0x00000007a6ab0000)
  to   space 21824K,   0% used [0x00000007a6ab0000, 0x00000007a6ab0000, 0x00000007a8000000)
 concurrent mark-sweep generation total 393216K, used 154271K [0x00000007a8000000, 0x00000007c0000000, 0x00000007c0000000)
 Metaspace       used 43674K, capacity 44920K, committed 45100K, reserved 1089536K
  class space    used 5354K, capacity 5667K, committed 5676K, reserved 1048576K
}
2019-01-30T12:57:31.157+0600: 4848.729: Total time for which application threads were stopped: 0.0089246 seconds, Stopping threads took: 0.0000214 seconds
{Heap before GC invocations=19388 (full 20):
 par new generation   total 109248K, used 93952K [0x00000007a0000000, 0x00000007a8000000, 0x00000007a8000000)
  eden space 87424K, 100% used [0x00000007a0000000, 0x00000007a5560000, 0x00000007a5560000)
  from space 21824K,  29% used [0x00000007a5560000, 0x00000007a5bc0350, 0x00000007a6ab0000)
  to   space 21824K,   0% used [0x00000007a6ab0000, 0x00000007a6ab0000, 0x00000007a8000000)
 concurrent mark-sweep generation total 393216K, used 154271K [0x00000007a8000000, 0x00000007c0000000, 0x00000007c0000000)
 Metaspace       used 43674K, capacity 44920K, committed 45100K, reserved 1089536K
  class space    used 5354K, capacity 5667K, committed 5676K, reserved 1048576K
2019-01-30T12:57:31.422+0600: 4848.994: [GC (Allocation Failure) 2019-01-30T12:57:31.422+0600: 4848.994: [ParNew
Desired survivor size 20112992 bytes, new threshold 8 (max 8)
- age   1:   19129456 bytes,   19129456 total
- age   2:       1168 bytes,   19130624 total
- age   3:       1096 bytes,   19131720 total
- age   4:       1112 bytes,   19132832 total
- age   5:       1032 bytes,   19133864 total
- age   6:       1048 bytes,   19134912 total
: 93952K->19896K(109248K), 0.0205119 secs] 248224K->174167K(502464K), 0.0206441 secs] [Times: user=0.06 sys=0.00, real=0.02 secs] 
Heap after GC invocations=19389 (full 20):
 par new generation   total 109248K, used 19896K [0x00000007a0000000, 0x00000007a8000000, 0x00000007a8000000)
  eden space 87424K,   0% used [0x00000007a0000000, 0x00000007a0000000, 0x00000007a5560000)
  from space 21824K,  91% used [0x00000007a6ab0000, 0x00000007a7e1e158, 0x00000007a8000000)
  to   space 21824K,   0% used [0x00000007a5560000, 0x00000007a5560000, 0x00000007a6ab0000)
 concurrent mark-sweep generation total 393216K, used 154271K [0x00000007a8000000, 0x00000007c0000000, 0x00000007c0000000)
 Metaspace       used 43674K, capacity 44920K, committed 45100K, reserved 1089536K
  class space    used 5354K, capacity 5667K, committed 5676K, reserved 1048576K
}
2019-01-30T12:57:31.443+0600: 4849.015: Total time for which application threads were stopped: 0.0209486 seconds, Stopping threads took: 0.0000215 seconds
{Heap before GC invocations=19389 (full 20):
 par new generation   total 109248K, used 107269K [0x00000007a0000000, 0x00000007a8000000, 0x00000007a8000000)
  eden space 87424K,  99% used [0x00000007a0000000, 0x00000007a5553548, 0x00000007a5560000)
  from space 21824K,  91% used [0x00000007a6ab0000, 0x00000007a7e1e158, 0x00000007a8000000)
  to   space 21824K,   0% used [0x00000007a5560000, 0x00000007a5560000, 0x00000007a6ab0000)
 concurrent mark-sweep generation total 393216K, used 154271K [0x00000007a8000000, 0x00000007c0000000, 0x00000007c0000000)
 Metaspace       used 43674K, capacity 44920K, committed 45100K, reserved 1089536K
  class space    used 5354K, capacity 5667K, committed 5676K, reserved 1048576K
2019-01-30T12:57:31.926+0600: 4849.498: [GC (Allocation Failure) 2019-01-30T12:57:31.926+0600: 4849.498: [ParNew
Desired survivor size 20112992 bytes, new threshold 8 (max 8)
- age   1:   14611856 bytes,   14611856 total
- age   2:        928 bytes,   14612784 total
- age   3:       1168 bytes,   14613952 total
- age   4:       1096 bytes,   14615048 total
- age   5:       1112 bytes,   14616160 total
- age   6:       1032 bytes,   14617192 total
- age   7:       1048 bytes,   14618240 total
: 107269K->17994K(109248K), 0.0182168 secs] 261541K->172265K(502464K), 0.0183599 secs] [Times: user=0.05 sys=0.00, real=0.02 secs] 
Heap after GC invocations=19390 (full 20):
 par new generation   total 109248K, used 17994K [0x00000007a0000000, 0x00000007a8000000, 0x00000007a8000000)
  eden space 87424K,   0% used [0x00000007a0000000, 0x00000007a0000000, 0x00000007a5560000)
  from space 21824K,  82% used [0x00000007a5560000, 0x00000007a66f28f0, 0x00000007a6ab0000)
  to   space 21824K,   0% used [0x00000007a6ab0000, 0x00000007a6ab0000, 0x00000007a8000000)
 concurrent mark-sweep generation total 393216K, used 154271K [0x00000007a8000000, 0x00000007c0000000, 0x00000007c0000000)
 Metaspace       used 43674K, capacity 44920K, committed 45100K, reserved 1089536K
  class space    used 5354K, capacity 5667K, committed 5676K, reserved 1048576K
}
2019-01-30T12:57:31.944+0600: 4849.516: Total time for which application threads were stopped: 0.0187427 seconds, Stopping threads took: 0.0000446 seconds
{Heap before GC invocations=19390 (full 20):
 par new generation   total 109248K, used 105418K [0x00000007a0000000, 0x00000007a8000000, 0x00000007a8000000)
  eden space 87424K, 100% used [0x00000007a0000000, 0x00000007a5560000, 0x00000007a5560000)
  from space 21824K,  82% used [0x00000007a5560000, 0x00000007a66f28f0, 0x00000007a6ab0000)
  to   space 21824K,   0% used [0x00000007a6ab0000, 0x00000007a6ab0000, 0x00000007a8000000)
 concurrent mark-sweep generation total 393216K, used 154271K [0x00000007a8000000, 0x00000007c0000000, 0x00000007c0000000)
 Metaspace       used 43674K, capacity 44920K, committed 45100K, reserved 1089536K
  class space    used 5354K, capacity 5667K, committed 5676K, reserved 1048576K
2019-01-30T12:57:32.589+0600: 4850.161: [GC (Allocation Failure) 2019-01-30T12:57:32.589+0600: 4850.161: [ParNew
Desired survivor size 20112992 bytes, new threshold 8 (max 8)
- age   1:   11077624 bytes,   11077624 total
- age   2:       1056 bytes,   11078680 total
- age   3:        928 bytes,   11079608 total
- age   4:       1168 bytes,   11080776 total
- age   5:       1096 bytes,   11081872 total
- age   6:       1112 bytes,   11082984 total
- age   7:       1032 bytes,   11084016 total
- age   8:       1048 bytes,   11085064 total
: 105418K->13705K(109248K), 0.0142208 secs] 259689K->167977K(502464K), 0.0144266 secs] [Times: user=0.04 sys=0.00, real=0.02 secs] 
Heap after GC invocations=19391 (full 20):
 par new generation   total 109248K, used 13705K [0x00000007a0000000, 0x00000007a8000000, 0x00000007a8000000)
  eden space 87424K,   0% used [0x00000007a0000000, 0x00000007a0000000, 0x00000007a5560000)
  from space 21824K,  62% used [0x00000007a6ab0000, 0x00000007a7812720, 0x00000007a8000000)
  to   space 21824K,   0% used [0x00000007a5560000, 0x00000007a5560000, 0x00000007a6ab0000)
 concurrent mark-sweep generation total 393216K, used 154271K [0x00000007a8000000, 0x00000007c0000000, 0x00000007c0000000)
 Metaspace       used 43674K, capacity 44920K, committed 45100K, reserved 1089536K
  class space    used 5354K, capacity 5667K, committed 5676K, reserved 1048576K
}
2019-01-30T12:57:32.603+0600: 4850.175: Total time for which application threads were stopped: 0.0148173 seconds, Stopping threads took: 0.0000293 seconds
{Heap before GC invocations=19391 (full 20):
 par new generation   total 109248K, used 101129K [0x00000007a0000000, 0x00000007a8000000, 0x00000007a8000000)
  eden space 87424K, 100% used [0x00000007a0000000, 0x00000007a5560000, 0x00000007a5560000)
  from space 21824K,  62% used [0x00000007a6ab0000, 0x00000007a7812720, 0x00000007a8000000)
  to   space 21824K,   0% used [0x00000007a5560000, 0x00000007a5560000, 0x00000007a6ab0000)
 concurrent mark-sweep generation total 393216K, used 154271K [0x00000007a8000000, 0x00000007c0000000, 0x00000007c0000000)
 Metaspace       used 43674K, capacity 44920K, committed 45100K, reserved 1089536K
  class space    used 5354K, capacity 5667K, committed 5676K, reserved 1048576K
2019-01-30T12:57:32.953+0600: 4850.525: [GC (Allocation Failure) 2019-01-30T12:57:32.953+0600: 4850.525: [ParNew
Desired survivor size 20112992 bytes, new threshold 8 (max 8)
- age   1:    7692712 bytes,    7692712 total
- age   2:       1112 bytes,    7693824 total
- age   3:       1056 bytes,    7694880 total
- age   4:        928 bytes,    7695808 total
- age   5:       1168 bytes,    7696976 total
- age   6:       1096 bytes,    7698072 total
- age   7:       1112 bytes,    7699184 total
- age   8:       1032 bytes,    7700216 total
: 101129K->11545K(109248K), 0.0119465 secs] 255401K->165817K(502464K), 0.0121011 secs] [Times: user=0.03 sys=0.00, real=0.01 secs] 
Heap after GC invocations=19392 (full 20):
 par new generation   total 109248K, used 11545K [0x00000007a0000000, 0x00000007a8000000, 0x00000007a8000000)
  eden space 87424K,   0% used [0x00000007a0000000, 0x00000007a0000000, 0x00000007a5560000)
  from space 21824K,  52% used [0x00000007a5560000, 0x00000007a60a65a0, 0x00000007a6ab0000)
  to   space 21824K,   0% used [0x00000007a6ab0000, 0x00000007a6ab0000, 0x00000007a8000000)
 concurrent mark-sweep generation total 393216K, used 154272K [0x00000007a8000000, 0x00000007c0000000, 0x00000007c0000000)
 Metaspace       used 43674K, capacity 44920K, committed 45100K, reserved 1089536K
  class space    used 5354K, capacity 5667K, committed 5676K, reserved 1048576K
}
2019-01-30T12:57:32.965+0600: 4850.537: Total time for which application threads were stopped: 0.0125678 seconds, Stopping threads took: 0.0000226 seconds
{Heap before GC invocations=19392 (full 20):
 par new generation   total 109248K, used 98969K [0x00000007a0000000, 0x00000007a8000000, 0x00000007a8000000)
  eden space 87424K, 100% used [0x00000007a0000000, 0x00000007a5560000, 0x00000007a5560000)
  from space 21824K,  52% used [0x00000007a5560000, 0x00000007a60a65a0, 0x00000007a6ab0000)
  to   space 21824K,   0% used [0x00000007a6ab0000, 0x00000007a6ab0000, 0x00000007a8000000)
 concurrent mark-sweep generation total 393216K, used 154272K [0x00000007a8000000, 0x00000007c0000000, 0x00000007c0000000)
 Metaspace       used 43674K, capacity 44920K, committed 45100K, reserved 1089536K
  class space    used 5354K, capacity 5667K, committed 5676K, reserved 1048576K
2019-01-30T12:57:33.252+0600: 4850.824: [GC (Allocation Failure) 2019-01-30T12:57:33.252+0600: 4850.824: [ParNew
Desired survivor size 20112992 bytes, new threshold 8 (max 8)
- age   1:    5857904 bytes,    5857904 total
- age   2:       1152 bytes,    5859056 total
- age   3:       1112 bytes,    5860168 total
- age   4:       1056 bytes,    5861224 total
- age   5:        928 bytes,    5862152 total
- age   6:       1168 bytes,    5863320 total
- age   7:       1096 bytes,    5864416 total
- age   8:       1112 bytes,    5865528 total
: 98969K->8173K(109248K), 0.0098793 secs] 253241K->162447K(502464K), 0.0099758 secs] [Times: user=0.02 sys=0.00, real=0.01 secs] 
Heap after GC invocations=19393 (full 20):
 par new generation   total 109248K, used 8173K [0x00000007a0000000, 0x00000007a8000000, 0x00000007a8000000)
  eden space 87424K,   0% used [0x00000007a0000000, 0x00000007a0000000, 0x00000007a5560000)
  from space 21824K,  37% used [0x00000007a6ab0000, 0x00000007a72ab5c0, 0x00000007a8000000)
  to   space 21824K,   0% used [0x00000007a5560000, 0x00000007a5560000, 0x00000007a6ab0000)
 concurrent mark-sweep generation total 393216K, used 154273K [0x00000007a8000000, 0x00000007c0000000, 0x00000007c0000000)
 Metaspace       used 43674K, capacity 44920K, committed 45100K, reserved 1089536K
  class space    used 5354K, capacity 5667K, committed 5676K, reserved 1048576K
}
2019-01-30T12:57:33.262+0600: 4850.834: Total time for which application threads were stopped: 0.0102046 seconds, Stopping threads took: 0.0000222 seconds
{Heap before GC invocations=19393 (full 20):
 par new generation   total 109248K, used 95597K [0x00000007a0000000, 0x00000007a8000000, 0x00000007a8000000)
  eden space 87424K, 100% used [0x00000007a0000000, 0x00000007a5560000, 0x00000007a5560000)
  from space 21824K,  37% used [0x00000007a6ab0000, 0x00000007a72ab5c0, 0x00000007a8000000)
  to   space 21824K,   0% used [0x00000007a5560000, 0x00000007a5560000, 0x00000007a6ab0000)
 concurrent mark-sweep generation total 393216K, used 154273K [0x00000007a8000000, 0x00000007c0000000, 0x00000007c0000000)
 Metaspace       used 43674K, capacity 44920K, committed 45100K, reserved 1089536K
  class space    used 5354K, capacity 5667K, committed 5676K, reserved 1048576K
2019-01-30T12:57:33.532+0600: 4851.104: [GC (Allocation Failure) 2019-01-30T12:57:33.532+0600: 4851.104: [ParNew
Desired survivor size 20112992 bytes, new threshold 1 (max 8)
- age   1:   21110344 bytes,   21110344 total
- age   2:       1184 bytes,   21111528 total
- age   3:       1152 bytes,   21112680 total
- age   4:       1112 bytes,   21113792 total
- age   5:       1056 bytes,   21114848 total
- age   6:        928 bytes,   21115776 total
- age   7:       1168 bytes,   21116944 total
- age   8:       1096 bytes,   21118040 total
: 95597K->21824K(109248K), 0.0245819 secs] 249871K->176098K(502464K), 0.0247008 secs] [Times: user=0.07 sys=0.00, real=0.02 secs] 
Heap after GC invocations=19394 (full 20):
 par new generation   total 109248K, used 21824K [0x00000007a0000000, 0x00000007a8000000, 0x00000007a8000000)
  eden space 87424K,   0% used [0x00000007a0000000, 0x00000007a0000000, 0x00000007a5560000)
  from space 21824K, 100% used [0x00000007a5560000, 0x00000007a6ab0000, 0x00000007a6ab0000)
  to   space 21824K,   0% used [0x00000007a6ab0000, 0x00000007a6ab0000, 0x00000007a8000000)
 concurrent mark-sweep generation total 393216K, used 154274K [0x00000007a8000000, 0x00000007c0000000, 0x00000007c0000000)
 Metaspace       used 43674K, capacity 44920K, committed 45100K, reserved 1089536K
  class space    used 5354K, capacity 5667K, committed 5676K, reserved 1048576K
}
2019-01-30T12:57:33.557+0600: 4851.129: Total time for which application threads were stopped: 0.0249506 seconds, Stopping threads took: 0.0000287 seconds
{Heap before GC invocations=19394 (full 20):
 par new generation   total 109248K, used 108341K [0x00000007a0000000, 0x00000007a8000000, 0x00000007a8000000)
  eden space 87424K,  98% used [0x00000007a0000000, 0x00000007a547d740, 0x00000007a5560000)
  from space 21824K, 100% used [0x00000007a5560000, 0x00000007a6ab0000, 0x00000007a6ab0000)
  to   space 21824K,   0% used [0x00000007a6ab0000, 0x00000007a6ab0000, 0x00000007a8000000)
 concurrent mark-sweep generation total 393216K, used 154274K [0x00000007a8000000, 0x00000007c0000000, 0x00000007c0000000)
 Metaspace       used 43674K, capacity 44920K, committed 45100K, reserved 1089536K
  class space    used 5354K, capacity 5667K, committed 5676K, reserved 1048576K
2019-01-30T12:57:33.852+0600: 4851.424: [GC (Allocation Failure) 2019-01-30T12:57:33.852+0600: 4851.424: [ParNew
Desired survivor size 20112992 bytes, new threshold 8 (max 8)
- age   1:   16026320 bytes,   16026320 total
: 108341K->21824K(109248K), 0.0183179 secs] 262616K->176107K(502464K), 0.0184740 secs] [Times: user=0.06 sys=0.00, real=0.02 secs] 
Heap after GC invocations=19395 (full 20):
 par new generation   total 109248K, used 21824K [0x00000007a0000000, 0x00000007a8000000, 0x00000007a8000000)
  eden space 87424K,   0% used [0x00000007a0000000, 0x00000007a0000000, 0x00000007a5560000)
  from space 21824K, 100% used [0x00000007a6ab0000, 0x00000007a8000000, 0x00000007a8000000)
  to   space 21824K,   0% used [0x00000007a5560000, 0x00000007a5560000, 0x00000007a6ab0000)
 concurrent mark-sweep generation total 393216K, used 154283K [0x00000007a8000000, 0x00000007c0000000, 0x00000007c0000000)
 Metaspace       used 43674K, capacity 44920K, committed 45100K, reserved 1089536K
  class space    used 5354K, capacity 5667K, committed 5676K, reserved 1048576K
}
2019-01-30T12:57:33.871+0600: 4851.443: Total time for which application threads were stopped: 0.0188379 seconds, Stopping threads took: 0.0000329 seconds
{Heap before GC invocations=19395 (full 20):
 par new generation   total 109248K, used 109248K [0x00000007a0000000, 0x00000007a8000000, 0x00000007a8000000)
  eden space 87424K, 100% used [0x00000007a0000000, 0x00000007a5560000, 0x00000007a5560000)
  from space 21824K, 100% used [0x00000007a6ab0000, 0x00000007a8000000, 0x00000007a8000000)
  to   space 21824K,   0% used [0x00000007a5560000, 0x00000007a5560000, 0x00000007a6ab0000)
 concurrent mark-sweep generation total 393216K, used 154283K [0x00000007a8000000, 0x00000007c0000000, 0x00000007c0000000)
 Metaspace       used 43674K, capacity 44920K, committed 45100K, reserved 1089536K
  class space    used 5354K, capacity 5667K, committed 5676K, reserved 1048576K
2019-01-30T12:57:34.220+0600: 4851.792: [GC (Allocation Failure) 2019-01-30T12:57:34.220+0600: 4851.792: [ParNew
Desired survivor size 20112992 bytes, new threshold 8 (max 8)
- age   1:   12771016 bytes,   12771016 total
- age   2:        976 bytes,   12771992 total
: 109248K->18231K(109248K), 0.0134541 secs] 263531K->172515K(502464K), 0.0135693 secs] [Times: user=0.05 sys=0.00, real=0.01 secs] 
Heap after GC invocations=19396 (full 20):
 par new generation   total 109248K, used 18231K [0x00000007a0000000, 0x00000007a8000000, 0x00000007a8000000)
  eden space 87424K,   0% used [0x00000007a0000000, 0x00000007a0000000, 0x00000007a5560000)
  from space 21824K,  83% used [0x00000007a5560000, 0x00000007a672de80, 0x00000007a6ab0000)
  to   space 21824K,   0% used [0x00000007a6ab0000, 0x00000007a6ab0000, 0x00000007a8000000)
 concurrent mark-sweep generation total 393216K, used 154283K [0x00000007a8000000, 0x00000007c0000000, 0x00000007c0000000)
 Metaspace       used 43674K, capacity 44920K, committed 45100K, reserved 1089536K
  class space    used 5354K, capacity 5667K, committed 5676K, reserved 1048576K
}
2019-01-30T12:57:34.234+0600: 4851.806: Total time for which application threads were stopped: 0.0138196 seconds, Stopping threads took: 0.0000298 seconds
{Heap before GC invocations=19396 (full 20):
 par new generation   total 109248K, used 105655K [0x00000007a0000000, 0x00000007a8000000, 0x00000007a8000000)
  eden space 87424K, 100% used [0x00000007a0000000, 0x00000007a5560000, 0x00000007a5560000)
  from space 21824K,  83% used [0x00000007a5560000, 0x00000007a672de80, 0x00000007a6ab0000)
  to   space 21824K,   0% used [0x00000007a6ab0000, 0x00000007a6ab0000, 0x00000007a8000000)
 concurrent mark-sweep generation total 393216K, used 154283K [0x00000007a8000000, 0x00000007c0000000, 0x00000007c0000000)
 Metaspace       used 43674K, capacity 44920K, committed 45100K, reserved 1089536K
  class space    used 5354K, capacity 5667K, committed 5676K, reserved 1048576K
2019-01-30T12:57:34.448+0600: 4852.021: [GC (Allocation Failure) 2019-01-30T12:57:34.448+0600: 4852.021: [ParNew
Desired survivor size 20112992 bytes, new threshold 8 (max 8)
- age   1:    9497800 bytes,    9497800 total
- age   2:       1016 bytes,    9498816 total
- age   3:        976 bytes,    9499792 total
: 105655K->13912K(109248K), 0.0134550 secs] 259939K->168195K(502464K), 0.0135644 secs] [Times: user=0.04 sys=0.00, real=0.02 secs] 
Heap after GC invocations=19397 (full 20):
 par new generation   total 109248K, used 13912K [0x00000007a0000000, 0x00000007a8000000, 0x00000007a8000000)
  eden space 87424K,   0% used [0x00000007a0000000, 0x00000007a0000000, 0x00000007a5560000)
  from space 21824K,  63% used [0x00000007a6ab0000, 0x00000007a7846180, 0x00000007a8000000)
  to   space 21824K,   0% used [0x00000007a5560000, 0x00000007a5560000, 0x00000007a6ab0000)
 concurrent mark-sweep generation total 393216K, used 154283K [0x00000007a8000000, 0x00000007c0000000, 0x00000007c0000000)
 Metaspace       used 43674K, capacity 44920K, committed 45100K, reserved 1089536K
  class space    used 5354K, capacity 5667K, committed 5676K, reserved 1048576K
}
2019-01-30T12:57:34.462+0600: 4852.034: Total time for which application threads were stopped: 0.0138090 seconds, Stopping threads took: 0.0000293 seconds
{Heap before GC invocations=19397 (full 20):
 par new generation   total 109248K, used 101336K [0x00000007a0000000, 0x00000007a8000000, 0x00000007a8000000)
  eden space 87424K, 100% used [0x00000007a0000000, 0x00000007a5560000, 0x00000007a5560000)
  from space 21824K,  63% used [0x00000007a6ab0000, 0x00000007a7846180, 0x00000007a8000000)
  to   space 21824K,   0% used [0x00000007a5560000, 0x00000007a5560000, 0x00000007a6ab0000)
 concurrent mark-sweep generation total 393216K, used 154283K [0x00000007a8000000, 0x00000007c0000000, 0x00000007c0000000)
 Metaspace       used 43674K, capacity 44920K, committed 45100K, reserved 1089536K
  class space    used 5354K, capacity 5667K, committed 5676K, reserved 1048576K
2019-01-30T12:57:34.812+0600: 4852.384: [GC (Allocation Failure) 2019-01-30T12:57:34.812+0600: 4852.384: [ParNew
Desired survivor size 20112992 bytes, new threshold 8 (max 8)
- age   1:    5952736 bytes,    5952736 total
- age   2:       1136 bytes,    5953872 total
- age   3:       1016 bytes,    5954888 total
- age   4:        976 bytes,    5955864 total
: 101336K->7826K(109248K), 0.0089082 secs] 255619K->162110K(502464K), 0.0090084 secs] [Times: user=0.03 sys=0.00, real=0.01 secs] 
Heap after GC invocations=19398 (full 20):
 par new generation   total 109248K, used 7826K [0x00000007a0000000, 0x00000007a8000000, 0x00000007a8000000)
  eden space 87424K,   0% used [0x00000007a0000000, 0x00000007a0000000, 0x00000007a5560000)
  from space 21824K,  35% used [0x00000007a5560000, 0x00000007a5d04bd0, 0x00000007a6ab0000)
  to   space 21824K,   0% used [0x00000007a6ab0000, 0x00000007a6ab0000, 0x00000007a8000000)
 concurrent mark-sweep generation total 393216K, used 154283K [0x00000007a8000000, 0x00000007c0000000, 0x00000007c0000000)
 Metaspace       used 43674K, capacity 44920K, committed 45100K, reserved 1089536K
  class space    used 5354K, capacity 5667K, committed 5676K, reserved 1048576K
}
2019-01-30T12:57:34.821+0600: 4852.394: Total time for which application threads were stopped: 0.0092381 seconds, Stopping threads took: 0.0000212 seconds
{Heap before GC invocations=19398 (full 20):
 par new generation   total 109248K, used 95250K [0x00000007a0000000, 0x00000007a8000000, 0x00000007a8000000)
  eden space 87424K, 100% used [0x00000007a0000000, 0x00000007a5560000, 0x00000007a5560000)
  from space 21824K,  35% used [0x00000007a5560000, 0x00000007a5d04bd0, 0x00000007a6ab0000)
  to   space 21824K,   0% used [0x00000007a6ab0000, 0x00000007a6ab0000, 0x00000007a8000000)
 concurrent mark-sweep generation total 393216K, used 154283K [0x00000007a8000000, 0x00000007c0000000, 0x00000007c0000000)
 Metaspace       used 43674K, capacity 44920K, committed 45100K, reserved 1089536K
  class space    used 5354K, capacity 5667K, committed 5676K, reserved 1048576K
2019-01-30T12:57:35.042+0600: 4852.614: [GC (Allocation Failure) 2019-01-30T12:57:35.042+0600: 4852.614: [ParNew
Desired survivor size 20112992 bytes, new threshold 8 (max 8)
- age   1:    5883408 bytes,    5883408 total
- age   2:       1080 bytes,    5884488 total
- age   3:       1136 bytes,    5885624 total
- age   4:       1016 bytes,    5886640 total
- age   5:        976 bytes,    5887616 total
: 95250K->7995K(109248K), 0.0088280 secs] 249534K->162278K(502464K), 0.0089367 secs] [Times: user=0.03 sys=0.00, real=0.01 secs] 
Heap after GC invocations=19399 (full 20):
 par new generation   total 109248K, used 7995K [0x00000007a0000000, 0x00000007a8000000, 0x00000007a8000000)
  eden space 87424K,   0% used [0x00000007a0000000, 0x00000007a0000000, 0x00000007a5560000)
  from space 21824K,  36% used [0x00000007a6ab0000, 0x00000007a727ecd0, 0x00000007a8000000)
  to   space 21824K,   0% used [0x00000007a5560000, 0x00000007a5560000, 0x00000007a6ab0000)
 concurrent mark-sweep generation total 393216K, used 154283K [0x00000007a8000000, 0x00000007c0000000, 0x00000007c0000000)
 Metaspace       used 43674K, capacity 44920K, committed 45100K, reserved 1089536K
  class space    used 5354K, capacity 5667K, committed 5676K, reserved 1048576K
}
2019-01-30T12:57:35.051+0600: 4852.623: Total time for which application threads were stopped: 0.0091873 seconds, Stopping threads took: 0.0000212 seconds
{Heap before GC invocations=19399 (full 20):
 par new generation   total 109248K, used 95419K [0x00000007a0000000, 0x00000007a8000000, 0x00000007a8000000)
  eden space 87424K, 100% used [0x00000007a0000000, 0x00000007a5560000, 0x00000007a5560000)
  from space 21824K,  36% used [0x00000007a6ab0000, 0x00000007a727ecd0, 0x00000007a8000000)
  to   space 21824K,   0% used [0x00000007a5560000, 0x00000007a5560000, 0x00000007a6ab0000)
 concurrent mark-sweep generation total 393216K, used 154283K [0x00000007a8000000, 0x00000007c0000000, 0x00000007c0000000)
 Metaspace       used 43674K, capacity 44920K, committed 45100K, reserved 1089536K
  class space    used 5354K, capacity 5667K, committed 5676K, reserved 1048576K
2019-01-30T12:57:35.277+0600: 4852.849: [GC (Allocation Failure) 2019-01-30T12:57:35.277+0600: 4852.849: [ParNew
Desired survivor size 20112992 bytes, new threshold 8 (max 8)
- age   1:   19145128 bytes,   19145128 total
- age   2:       1136 bytes,   19146264 total
- age   3:       1080 bytes,   19147344 total
- age   4:       1136 bytes,   19148480 total
- age   5:       1016 bytes,   19149496 total
- age   6:        976 bytes,   19150472 total
: 95419K->19957K(109248K), 0.0204026 secs] 249702K->174240K(502464K), 0.0205129 secs] [Times: user=0.06 sys=0.00, real=0.02 secs] 
Heap after GC invocations=19400 (full 20):
 par new generation   total 109248K, used 19957K [0x00000007a0000000, 0x00000007a8000000, 0x00000007a8000000)
  eden space 87424K,   0% used [0x00000007a0000000, 0x00000007a0000000, 0x00000007a5560000)
  from space 21824K,  91% used [0x00000007a5560000, 0x00000007a68dd440, 0x00000007a6ab0000)
  to   space 21824K,   0% used [0x00000007a6ab0000, 0x00000007a6ab0000, 0x00000007a8000000)
 concurrent mark-sweep generation total 393216K, used 154283K [0x00000007a8000000, 0x00000007c0000000, 0x00000007c0000000)
 Metaspace       used 43674K, capacity 44920K, committed 45100K, reserved 1089536K
  class space    used 5354K, capacity 5667K, committed 5676K, reserved 1048576K
}
2019-01-30T12:57:35.298+0600: 4852.870: Total time for which application threads were stopped: 0.0207448 seconds, Stopping threads took: 0.0000252 seconds
{Heap before GC invocations=19400 (full 20):
 par new generation   total 109248K, used 107381K [0x00000007a0000000, 0x00000007a8000000, 0x00000007a8000000)
  eden space 87424K, 100% used [0x00000007a0000000, 0x00000007a5560000, 0x00000007a5560000)
  from space 21824K,  91% used [0x00000007a5560000, 0x00000007a68dd440, 0x00000007a6ab0000)
  to   space 21824K,   0% used [0x00000007a6ab0000, 0x00000007a6ab0000, 0x00000007a8000000)
 concurrent mark-sweep generation total 393216K, used 154283K [0x00000007a8000000, 0x00000007c0000000, 0x00000007c0000000)
 Metaspace       used 43674K, capacity 44920K, committed 45100K, reserved 1089536K
  class space    used 5354K, capacity 5667K, committed 5676K, reserved 1048576K
2019-01-30T12:57:35.502+0600: 4853.074: [GC (Allocation Failure) 2019-01-30T12:57:35.502+0600: 4853.074: [ParNew
Desired survivor size 20112992 bytes, new threshold 8 (max 8)
- age   1:   14611992 bytes,   14611992 total
- age   2:        912 bytes,   14612904 total
- age   3:       1136 bytes,   14614040 total
- age   4:       1080 bytes,   14615120 total
- age   5:       1136 bytes,   14616256 total
- age   6:       1016 bytes,   14617272 total
- age   7:        976 bytes,   14618248 total
: 107381K->20326K(109248K), 0.0158673 secs] 261664K->174609K(502464K), 0.0160201 secs] [Times: user=0.05 sys=0.00, real=0.01 secs] 
Heap after GC invocations=19401 (full 20):
 par new generation   total 109248K, used 20326K [0x00000007a0000000, 0x00000007a8000000, 0x00000007a8000000)
  eden space 87424K,   0% used [0x00000007a0000000, 0x00000007a0000000, 0x00000007a5560000)
  from space 21824K,  93% used [0x00000007a6ab0000, 0x00000007a7e899a8, 0x00000007a8000000)
  to   space 21824K,   0% used [0x00000007a5560000, 0x00000007a5560000, 0x00000007a6ab0000)
 concurrent mark-sweep generation total 393216K, used 154283K [0x00000007a8000000, 0x00000007c0000000, 0x00000007c0000000)
 Metaspace       used 43674K, capacity 44920K, committed 45100K, reserved 1089536K
  class space    used 5354K, capacity 5667K, committed 5676K, reserved 1048576K
}
2019-01-30T12:57:35.518+0600: 4853.090: Total time for which application threads were stopped: 0.0164205 seconds, Stopping threads took: 0.0000397 seconds
{Heap before GC invocations=19401 (full 20):
 par new generation   total 109248K, used 107750K [0x00000007a0000000, 0x00000007a8000000, 0x00000007a8000000)
  eden space 87424K, 100% used [0x00000007a0000000, 0x00000007a5560000, 0x00000007a5560000)
  from space 21824K,  93% used [0x00000007a6ab0000, 0x00000007a7e899a8, 0x00000007a8000000)
  to   space 21824K,   0% used [0x00000007a5560000, 0x00000007a5560000, 0x00000007a6ab0000)
 concurrent mark-sweep generation total 393216K, used 154283K [0x00000007a8000000, 0x00000007c0000000, 0x00000007c0000000)
 Metaspace       used 43674K, capacity 44920K, committed 45100K, reserved 1089536K
  class space    used 5354K, capacity 5667K, committed 5676K, reserved 1048576K
2019-01-30T12:57:35.749+0600: 4853.321: [GC (Allocation Failure) 2019-01-30T12:57:35.749+0600: 4853.321: [ParNew
Desired survivor size 20112992 bytes, new threshold 8 (max 8)
- age   1:   11056808 bytes,   11056808 total
- age   2:       1024 bytes,   11057832 total
- age   3:        912 bytes,   11058744 total
- age   4:       1136 bytes,   11059880 total
- age   5:       1080 bytes,   11060960 total
- age   6:       1136 bytes,   11062096 total
- age   7:       1016 bytes,   11063112 total
- age   8:        976 bytes,   11064088 total
: 107750K->16514K(109248K), 0.0121056 secs] 262033K->170797K(502464K), 0.0122197 secs] [Times: user=0.05 sys=0.00, real=0.02 secs] 
Heap after GC invocations=19402 (full 20):
 par new generation   total 109248K, used 16514K [0x00000007a0000000, 0x00000007a8000000, 0x00000007a8000000)
  eden space 87424K,   0% used [0x00000007a0000000, 0x00000007a0000000, 0x00000007a5560000)
  from space 21824K,  75% used [0x00000007a5560000, 0x00000007a6580940, 0x00000007a6ab0000)
  to   space 21824K,   0% used [0x00000007a6ab0000, 0x00000007a6ab0000, 0x00000007a8000000)
 concurrent mark-sweep generation total 393216K, used 154283K [0x00000007a8000000, 0x00000007c0000000, 0x00000007c0000000)
 Metaspace       used 43674K, capacity 44920K, committed 45100K, reserved 1089536K
  class space    used 5354K, capacity 5667K, committed 5676K, reserved 1048576K
}
2019-01-30T12:57:35.761+0600: 4853.333: Total time for which application threads were stopped: 0.0124585 seconds, Stopping threads took: 0.0000236 seconds
{Heap before GC invocations=19402 (full 20):
 par new generation   total 109248K, used 103938K [0x00000007a0000000, 0x00000007a8000000, 0x00000007a8000000)
  eden space 87424K, 100% used [0x00000007a0000000, 0x00000007a5560000, 0x00000007a5560000)
  from space 21824K,  75% used [0x00000007a5560000, 0x00000007a6580940, 0x00000007a6ab0000)
  to   space 21824K,   0% used [0x00000007a6ab0000, 0x00000007a6ab0000, 0x00000007a8000000)
 concurrent mark-sweep generation total 393216K, used 154283K [0x00000007a8000000, 0x00000007c0000000, 0x00000007c0000000)
 Metaspace       used 43674K, capacity 44920K, committed 45100K, reserved 1089536K
  class space    used 5354K, capacity 5667K, committed 5676K, reserved 1048576K
2019-01-30T12:57:35.970+0600: 4853.542: [GC (Allocation Failure) 2019-01-30T12:57:35.970+0600: 4853.542: [ParNew
Desired survivor size 20112992 bytes, new threshold 8 (max 8)
- age   1:    7692848 bytes,    7692848 total
- age   2:       1152 bytes,    7694000 total
- age   3:       1024 bytes,    7695024 total
- age   4:        912 bytes,    7695936 total
- age   5:       1136 bytes,    7697072 total
- age   6:       1080 bytes,    7698152 total
- age   7:       1136 bytes,    7699288 total
- age   8:       1016 bytes,    7700304 total
: 103938K->10722K(109248K), 0.0157494 secs] 258221K->165006K(502464K), 0.0158820 secs] [Times: user=0.04 sys=0.00, real=0.01 secs] 
Heap after GC invocations=19403 (full 20):
 par new generation   total 109248K, used 10722K [0x00000007a0000000, 0x00000007a8000000, 0x00000007a8000000)
  eden space 87424K,   0% used [0x00000007a0000000, 0x00000007a0000000, 0x00000007a5560000)
  from space 21824K,  49% used [0x00000007a6ab0000, 0x00000007a7528938, 0x00000007a8000000)
  to   space 21824K,   0% used [0x00000007a5560000, 0x00000007a5560000, 0x00000007a6ab0000)
 concurrent mark-sweep generation total 393216K, used 154284K [0x00000007a8000000, 0x00000007c0000000, 0x00000007c0000000)
 Metaspace       used 43674K, capacity 44920K, committed 45100K, reserved 1089536K
  class space    used 5354K, capacity 5667K, committed 5676K, reserved 1048576K
}
2019-01-30T12:57:35.986+0600: 4853.558: Total time for which application threads were stopped: 0.0162775 seconds, Stopping threads took: 0.0000243 seconds
{Heap before GC invocations=19403 (full 20):
 par new generation   total 109248K, used 98146K [0x00000007a0000000, 0x00000007a8000000, 0x00000007a8000000)
  eden space 87424K, 100% used [0x00000007a0000000, 0x00000007a5560000, 0x00000007a5560000)
  from space 21824K,  49% used [0x00000007a6ab0000, 0x00000007a7528938, 0x00000007a8000000)
  to   space 21824K,   0% used [0x00000007a5560000, 0x00000007a5560000, 0x00000007a6ab0000)
 concurrent mark-sweep generation total 393216K, used 154284K [0x00000007a8000000, 0x00000007c0000000, 0x00000007c0000000)
 Metaspace       used 43674K, capacity 44920K, committed 45100K, reserved 1089536K
  class space    used 5354K, capacity 5667K, committed 5676K, reserved 1048576K
2019-01-30T12:57:36.209+0600: 4853.781: [GC (Allocation Failure) 2019-01-30T12:57:36.209+0600: 4853.781: [ParNew
Desired survivor size 20112992 bytes, new threshold 8 (max 8)
- age   1:    5888672 bytes,    5888672 total
- age   2:       1120 bytes,    5889792 total
- age   3:       1152 bytes,    5890944 total
- age   4:       1024 bytes,    5891968 total
- age   5:        912 bytes,    5892880 total
- age   6:       1136 bytes,    5894016 total
- age   7:       1080 bytes,    5895096 total
- age   8:       1136 bytes,    5896232 total
: 98146K->8043K(109248K), 0.0096006 secs] 252430K->162329K(502464K), 0.0097045 secs] [Times: user=0.03 sys=0.00, real=0.01 secs] 
Heap after GC invocations=19404 (full 20):
 par new generation   total 109248K, used 8043K [0x00000007a0000000, 0x00000007a8000000, 0x00000007a8000000)
  eden space 87424K,   0% used [0x00000007a0000000, 0x00000007a0000000, 0x00000007a5560000)
  from space 21824K,  36% used [0x00000007a5560000, 0x00000007a5d3af40, 0x00000007a6ab0000)
  to   space 21824K,   0% used [0x00000007a6ab0000, 0x00000007a6ab0000, 0x00000007a8000000)
 concurrent mark-sweep generation total 393216K, used 154285K [0x00000007a8000000, 0x00000007c0000000, 0x00000007c0000000)
 Metaspace       used 43674K, capacity 44920K, committed 45100K, reserved 1089536K
  class space    used 5354K, capacity 5667K, committed 5676K, reserved 1048576K
}
2019-01-30T12:57:36.219+0600: 4853.791: Total time for which application threads were stopped: 0.0099400 seconds, Stopping threads took: 0.0000222 seconds
{Heap before GC invocations=19404 (full 20):
 par new generation   total 109248K, used 95467K [0x00000007a0000000, 0x00000007a8000000, 0x00000007a8000000)
  eden space 87424K, 100% used [0x00000007a0000000, 0x00000007a5560000, 0x00000007a5560000)
  from space 21824K,  36% used [0x00000007a5560000, 0x00000007a5d3af40, 0x00000007a6ab0000)
  to   space 21824K,   0% used [0x00000007a6ab0000, 0x00000007a6ab0000, 0x00000007a8000000)
 concurrent mark-sweep generation total 393216K, used 154285K [0x00000007a8000000, 0x00000007c0000000, 0x00000007c0000000)
 Metaspace       used 43674K, capacity 44920K, committed 45100K, reserved 1089536K
  class space    used 5354K, capacity 5667K, committed 5676K, reserved 1048576K
2019-01-30T12:57:36.461+0600: 4854.033: [GC (Allocation Failure) 2019-01-30T12:57:36.461+0600: 4854.034: [ParNew
Desired survivor size 20112992 bytes, new threshold 1 (max 8)
- age   1:   21110480 bytes,   21110480 total
- age   2:       1104 bytes,   21111584 total
- age   3:       1120 bytes,   21112704 total
- age   4:       1152 bytes,   21113856 total
- age   5:       1024 bytes,   21114880 total
- age   6:        912 bytes,   21115792 total
- age   7:       1136 bytes,   21116928 total
- age   8:       1080 bytes,   21118008 total
: 95467K->21824K(109248K), 0.0235336 secs] 249753K->176110K(502464K), 0.0236485 secs] [Times: user=0.06 sys=0.00, real=0.02 secs] 
Heap after GC invocations=19405 (full 20):
 par new generation   total 109248K, used 21824K [0x00000007a0000000, 0x00000007a8000000, 0x00000007a8000000)
  eden space 87424K,   0% used [0x00000007a0000000, 0x00000007a0000000, 0x00000007a5560000)
  from space 21824K, 100% used [0x00000007a6ab0000, 0x00000007a8000000, 0x00000007a8000000)
  to   space 21824K,   0% used [0x00000007a5560000, 0x00000007a5560000, 0x00000007a6ab0000)
 concurrent mark-sweep generation total 393216K, used 154286K [0x00000007a8000000, 0x00000007c0000000, 0x00000007c0000000)
 Metaspace       used 43674K, capacity 44920K, committed 45100K, reserved 1089536K
  class space    used 5354K, capacity 5667K, committed 5676K, reserved 1048576K
}
2019-01-30T12:57:36.485+0600: 4854.057: Total time for which application threads were stopped: 0.0238847 seconds, Stopping threads took: 0.0000251 seconds
{Heap before GC invocations=19405 (full 20):
 par new generation   total 109248K, used 109248K [0x00000007a0000000, 0x00000007a8000000, 0x00000007a8000000)
  eden space 87424K, 100% used [0x00000007a0000000, 0x00000007a5560000, 0x00000007a5560000)
  from space 21824K, 100% used [0x00000007a6ab0000, 0x00000007a8000000, 0x00000007a8000000)
  to   space 21824K,   0% used [0x00000007a5560000, 0x00000007a5560000, 0x00000007a6ab0000)
 concurrent mark-sweep generation total 393216K, used 154286K [0x00000007a8000000, 0x00000007c0000000, 0x00000007c0000000)
 Metaspace       used 43674K, capacity 44920K, committed 45100K, reserved 1089536K
  class space    used 5354K, capacity 5667K, committed 5676K, reserved 1048576K
2019-01-30T12:57:36.687+0600: 4854.259: [GC (Allocation Failure) 2019-01-30T12:57:36.687+0600: 4854.260: [ParNew
Desired survivor size 20112992 bytes, new threshold 8 (max 8)
- age   1:   16026536 bytes,   16026536 total
: 109248K->21824K(109248K), 0.0169760 secs] 263534K->176119K(502464K), 0.0170909 secs] [Times: user=0.06 sys=0.01, real=0.02 secs] 
Heap after GC invocations=19406 (full 20):
 par new generation   total 109248K, used 21824K [0x00000007a0000000, 0x00000007a8000000, 0x00000007a8000000)
  eden space 87424K,   0% used [0x00000007a0000000, 0x00000007a0000000, 0x00000007a5560000)
  from space 21824K, 100% used [0x00000007a5560000, 0x00000007a6ab0000, 0x00000007a6ab0000)
  to   space 21824K,   0% used [0x00000007a6ab0000, 0x00000007a6ab0000, 0x00000007a8000000)
 concurrent mark-sweep generation total 393216K, used 154295K [0x00000007a8000000, 0x00000007c0000000, 0x00000007c0000000)
 Metaspace       used 43674K, capacity 44920K, committed 45100K, reserved 1089536K
  class space    used 5354K, capacity 5667K, committed 5676K, reserved 1048576K
}
2019-01-30T12:57:36.705+0600: 4854.277: Total time for which application threads were stopped: 0.0173419 seconds, Stopping threads took: 0.0000247 seconds
{Heap before GC invocations=19406 (full 20):
 par new generation   total 109248K, used 109248K [0x00000007a0000000, 0x00000007a8000000, 0x00000007a8000000)
  eden space 87424K, 100% used [0x00000007a0000000, 0x00000007a5560000, 0x00000007a5560000)
  from space 21824K, 100% used [0x00000007a5560000, 0x00000007a6ab0000, 0x00000007a6ab0000)
  to   space 21824K,   0% used [0x00000007a6ab0000, 0x00000007a6ab0000, 0x00000007a8000000)
 concurrent mark-sweep generation total 393216K, used 154295K [0x00000007a8000000, 0x00000007c0000000, 0x00000007c0000000)
 Metaspace       used 43674K, capacity 44920K, committed 45100K, reserved 1089536K
  class space    used 5354K, capacity 5667K, committed 5676K, reserved 1048576K
2019-01-30T12:57:36.919+0600: 4854.491: [GC (Allocation Failure) 2019-01-30T12:57:36.919+0600: 4854.491: [ParNew
Desired survivor size 20112992 bytes, new threshold 8 (max 8)
- age   1:   12726760 bytes,   12726760 total
- age   2:       1024 bytes,   12727784 total
: 109248K->15997K(109248K), 0.0208121 secs] 263543K->170293K(502464K), 0.0209423 secs] [Times: user=0.05 sys=0.00, real=0.03 secs] 
Heap after GC invocations=19407 (full 20):
 par new generation   total 109248K, used 15997K [0x00000007a0000000, 0x00000007a8000000, 0x00000007a8000000)
  eden space 87424K,   0% used [0x00000007a0000000, 0x00000007a0000000, 0x00000007a5560000)
  from space 21824K,  73% used [0x00000007a6ab0000, 0x00000007a7a4f6b8, 0x00000007a8000000)
  to   space 21824K,   0% used [0x00000007a5560000, 0x00000007a5560000, 0x00000007a6ab0000)
 concurrent mark-sweep generation total 393216K, used 154295K [0x00000007a8000000, 0x00000007c0000000, 0x00000007c0000000)
 Metaspace       used 43674K, capacity 44920K, committed 45100K, reserved 1089536K
  class space    used 5354K, capacity 5667K, committed 5676K, reserved 1048576K
}
2019-01-30T12:57:36.940+0600: 4854.512: Total time for which application threads were stopped: 0.0213139 seconds, Stopping threads took: 0.0000529 seconds
{Heap before GC invocations=19407 (full 20):
 par new generation   total 109248K, used 103421K [0x00000007a0000000, 0x00000007a8000000, 0x00000007a8000000)
  eden space 87424K, 100% used [0x00000007a0000000, 0x00000007a5560000, 0x00000007a5560000)
  from space 21824K,  73% used [0x00000007a6ab0000, 0x00000007a7a4f6b8, 0x00000007a8000000)
  to   space 21824K,   0% used [0x00000007a5560000, 0x00000007a5560000, 0x00000007a6ab0000)
 concurrent mark-sweep generation total 393216K, used 154295K [0x00000007a8000000, 0x00000007c0000000, 0x00000007c0000000)
 Metaspace       used 43674K, capacity 44920K, committed 45100K, reserved 1089536K
  class space    used 5354K, capacity 5667K, committed 5676K, reserved 1048576K
2019-01-30T12:57:37.325+0600: 4854.897: [GC (Allocation Failure) 2019-01-30T12:57:37.325+0600: 4854.897: [ParNew
Desired survivor size 20112992 bytes, new threshold 8 (max 8)
- age   1:    9461496 bytes,    9461496 total
- age   2:       1040 bytes,    9462536 total
- age   3:       1024 bytes,    9463560 total
: 103421K->13892K(109248K), 0.0114737 secs] 257717K->168188K(502464K), 0.0116021 secs] [Times: user=0.04 sys=0.00, real=0.01 secs] 
Heap after GC invocations=19408 (full 20):
 par new generation   total 109248K, used 13892K [0x00000007a0000000, 0x00000007a8000000, 0x00000007a8000000)
  eden space 87424K,   0% used [0x00000007a0000000, 0x00000007a0000000, 0x00000007a5560000)
  from space 21824K,  63% used [0x00000007a5560000, 0x00000007a62f1380, 0x00000007a6ab0000)
  to   space 21824K,   0% used [0x00000007a6ab0000, 0x00000007a6ab0000, 0x00000007a8000000)
 concurrent mark-sweep generation total 393216K, used 154295K [0x00000007a8000000, 0x00000007c0000000, 0x00000007c0000000)
 Metaspace       used 43674K, capacity 44920K, committed 45100K, reserved 1089536K
  class space    used 5354K, capacity 5667K, committed 5676K, reserved 1048576K
}
2019-01-30T12:57:37.337+0600: 4854.909: Total time for which application threads were stopped: 0.0118745 seconds, Stopping threads took: 0.0000255 seconds
{Heap before GC invocations=19408 (full 20):
 par new generation   total 109248K, used 101316K [0x00000007a0000000, 0x00000007a8000000, 0x00000007a8000000)
  eden space 87424K, 100% used [0x00000007a0000000, 0x00000007a5560000, 0x00000007a5560000)
  from space 21824K,  63% used [0x00000007a5560000, 0x00000007a62f1380, 0x00000007a6ab0000)
  to   space 21824K,   0% used [0x00000007a6ab0000, 0x00000007a6ab0000, 0x00000007a8000000)
 concurrent mark-sweep generation total 393216K, used 154295K [0x00000007a8000000, 0x00000007c0000000, 0x00000007c0000000)
 Metaspace       used 43674K, capacity 44920K, committed 45100K, reserved 1089536K
  class space    used 5354K, capacity 5667K, committed 5676K, reserved 1048576K
2019-01-30T12:57:37.609+0600: 4855.181: [GC (Allocation Failure) 2019-01-30T12:57:37.609+0600: 4855.181: [ParNew
Desired survivor size 20112992 bytes, new threshold 8 (max 8)
- age   1:    5915296 bytes,    5915296 total
- age   2:       1144 bytes,    5916440 total
- age   3:       1040 bytes,    5917480 total
- age   4:       1024 bytes,    5918504 total
: 101316K->7094K(109248K), 0.0175780 secs] 255612K->161389K(502464K), 0.0177091 secs] [Times: user=0.03 sys=0.00, real=0.02 secs] 
Heap after GC invocations=19409 (full 20):
 par new generation   total 109248K, used 7094K [0x00000007a0000000, 0x00000007a8000000, 0x00000007a8000000)
  eden space 87424K,   0% used [0x00000007a0000000, 0x00000007a0000000, 0x00000007a5560000)
  from space 21824K,  32% used [0x00000007a6ab0000, 0x00000007a719da40, 0x00000007a8000000)
  to   space 21824K,   0% used [0x00000007a5560000, 0x00000007a5560000, 0x00000007a6ab0000)
 concurrent mark-sweep generation total 393216K, used 154295K [0x00000007a8000000, 0x00000007c0000000, 0x00000007c0000000)
 Metaspace       used 43674K, capacity 44920K, committed 45100K, reserved 1089536K
  class space    used 5354K, capacity 5667K, committed 5676K, reserved 1048576K
}
2019-01-30T12:57:37.627+0600: 4855.199: Total time for which application threads were stopped: 0.0180345 seconds, Stopping threads took: 0.0000240 seconds
{Heap before GC invocations=19409 (full 20):
 par new generation   total 109248K, used 94518K [0x00000007a0000000, 0x00000007a8000000, 0x00000007a8000000)
  eden space 87424K, 100% used [0x00000007a0000000, 0x00000007a5560000, 0x00000007a5560000)
  from space 21824K,  32% used [0x00000007a6ab0000, 0x00000007a719da40, 0x00000007a8000000)
  to   space 21824K,   0% used [0x00000007a5560000, 0x00000007a5560000, 0x00000007a6ab0000)
 concurrent mark-sweep generation total 393216K, used 154295K [0x00000007a8000000, 0x00000007c0000000, 0x00000007c0000000)
 Metaspace       used 43674K, capacity 44920K, committed 45100K, reserved 1089536K
  class space    used 5354K, capacity 5667K, committed 5676K, reserved 1048576K
2019-01-30T12:57:38.028+0600: 4855.600: [GC (Allocation Failure) 2019-01-30T12:57:38.028+0600: 4855.600: [ParNew
Desired survivor size 20112992 bytes, new threshold 8 (max 8)
- age   1:    5866504 bytes,    5866504 total
- age   2:       1136 bytes,    5867640 total
- age   3:       1144 bytes,    5868784 total
- age   4:       1040 bytes,    5869824 total
- age   5:       1024 bytes,    5870848 total
: 94518K->7891K(109248K), 0.0089351 secs] 248813K->162187K(502464K), 0.0090409 secs] [Times: user=0.03 sys=0.00, real=0.01 secs] 
Heap after GC invocations=19410 (full 20):
 par new generation   total 109248K, used 7891K [0x00000007a0000000, 0x00000007a8000000, 0x00000007a8000000)
  eden space 87424K,   0% used [0x00000007a0000000, 0x00000007a0000000, 0x00000007a5560000)
  from space 21824K,  36% used [0x00000007a5560000, 0x00000007a5d14fa0, 0x00000007a6ab0000)
  to   space 21824K,   0% used [0x00000007a6ab0000, 0x00000007a6ab0000, 0x00000007a8000000)
 concurrent mark-sweep generation total 393216K, used 154295K [0x00000007a8000000, 0x00000007c0000000, 0x00000007c0000000)
 Metaspace       used 43674K, capacity 44920K, committed 45100K, reserved 1089536K
  class space    used 5354K, capacity 5667K, committed 5676K, reserved 1048576K
}
2019-01-30T12:57:38.037+0600: 4855.610: Total time for which application threads were stopped: 0.0092841 seconds, Stopping threads took: 0.0000226 seconds
{Heap before GC invocations=19410 (full 20):
 par new generation   total 109248K, used 95315K [0x00000007a0000000, 0x00000007a8000000, 0x00000007a8000000)
  eden space 87424K, 100% used [0x00000007a0000000, 0x00000007a5560000, 0x00000007a5560000)
  from space 21824K,  36% used [0x00000007a5560000, 0x00000007a5d14fa0, 0x00000007a6ab0000)
  to   space 21824K,   0% used [0x00000007a6ab0000, 0x00000007a6ab0000, 0x00000007a8000000)
 concurrent mark-sweep generation total 393216K, used 154295K [0x00000007a8000000, 0x00000007c0000000, 0x00000007c0000000)
 Metaspace       used 43674K, capacity 44920K, committed 45100K, reserved 1089536K
  class space    used 5354K, capacity 5667K, committed 5676K, reserved 1048576K
2019-01-30T12:57:38.283+0600: 4855.855: [GC (Allocation Failure) 2019-01-30T12:57:38.283+0600: 4855.855: [ParNew
Desired survivor size 20112992 bytes, new threshold 8 (max 8)
- age   1:   19048112 bytes,   19048112 total
- age   2:       1120 bytes,   19049232 total
- age   3:       1136 bytes,   19050368 total
- age   4:       1144 bytes,   19051512 total
- age   5:       1040 bytes,   19052552 total
- age   6:       1024 bytes,   19053576 total
: 95315K->19376K(109248K), 0.0222631 secs] 249611K->173672K(502464K), 0.0224534 secs] [Times: user=0.07 sys=0.00, real=0.02 secs] 
Heap after GC invocations=19411 (full 20):
 par new generation   total 109248K, used 19376K [0x00000007a0000000, 0x00000007a8000000, 0x00000007a8000000)
  eden space 87424K,   0% used [0x00000007a0000000, 0x00000007a0000000, 0x00000007a5560000)
  from space 21824K,  88% used [0x00000007a6ab0000, 0x00000007a7d9c2b8, 0x00000007a8000000)
  to   space 21824K,   0% used [0x00000007a5560000, 0x00000007a5560000, 0x00000007a6ab0000)
 concurrent mark-sweep generation total 393216K, used 154295K [0x00000007a8000000, 0x00000007c0000000, 0x00000007c0000000)
 Metaspace       used 43674K, capacity 44920K, committed 45100K, reserved 1089536K
  class space    used 5354K, capacity 5667K, committed 5676K, reserved 1048576K
}
2019-01-30T12:57:38.306+0600: 4855.878: Total time for which application threads were stopped: 0.0227837 seconds, Stopping threads took: 0.0000318 seconds
{Heap before GC invocations=19411 (full 20):
 par new generation   total 109248K, used 106740K [0x00000007a0000000, 0x00000007a8000000, 0x00000007a8000000)
  eden space 87424K,  99% used [0x00000007a0000000, 0x00000007a5550f38, 0x00000007a5560000)
  from space 21824K,  88% used [0x00000007a6ab0000, 0x00000007a7d9c2b8, 0x00000007a8000000)
  to   space 21824K,   0% used [0x00000007a5560000, 0x00000007a5560000, 0x00000007a6ab0000)
 concurrent mark-sweep generation total 393216K, used 154295K [0x00000007a8000000, 0x00000007c0000000, 0x00000007c0000000)
 Metaspace       used 43674K, capacity 44920K, committed 45100K, reserved 1089536K
  class space    used 5354K, capacity 5667K, committed 5676K, reserved 1048576K
2019-01-30T12:57:38.646+0600: 4856.218: [GC (Allocation Failure) 2019-01-30T12:57:38.646+0600: 4856.218: [ParNew
Desired survivor size 20112992 bytes, new threshold 8 (max 8)
- age   1:   14612184 bytes,   14612184 total
- age   2:        976 bytes,   14613160 total
- age   3:       1120 bytes,   14614280 total
- age   4:       1136 bytes,   14615416 total
- age   5:       1144 bytes,   14616560 total
- age   6:       1040 bytes,   14617600 total
- age   7:       1024 bytes,   14618624 total
: 106740K->21824K(109248K), 0.0149794 secs] 261035K->176119K(502464K), 0.0150923 secs] [Times: user=0.05 sys=0.00, real=0.02 secs] 
Heap after GC invocations=19412 (full 20):
 par new generation   total 109248K, used 21824K [0x00000007a0000000, 0x00000007a8000000, 0x00000007a8000000)
  eden space 87424K,   0% used [0x00000007a0000000, 0x00000007a0000000, 0x00000007a5560000)
  from space 21824K, 100% used [0x00000007a5560000, 0x00000007a6ab0000, 0x00000007a6ab0000)
  to   space 21824K,   0% used [0x00000007a6ab0000, 0x00000007a6ab0000, 0x00000007a8000000)
 concurrent mark-sweep generation total 393216K, used 154295K [0x00000007a8000000, 0x00000007c0000000, 0x00000007c0000000)
 Metaspace       used 43674K, capacity 44920K, committed 45100K, reserved 1089536K
  class space    used 5354K, capacity 5667K, committed 5676K, reserved 1048576K
}
2019-01-30T12:57:38.662+0600: 4856.234: Total time for which application threads were stopped: 0.0154631 seconds, Stopping threads took: 0.0000520 seconds
{Heap before GC invocations=19412 (full 20):
 par new generation   total 109248K, used 109248K [0x00000007a0000000, 0x00000007a8000000, 0x00000007a8000000)
  eden space 87424K, 100% used [0x00000007a0000000, 0x00000007a5560000, 0x00000007a5560000)
  from space 21824K, 100% used [0x00000007a5560000, 0x00000007a6ab0000, 0x00000007a6ab0000)
  to   space 21824K,   0% used [0x00000007a6ab0000, 0x00000007a6ab0000, 0x00000007a8000000)
 concurrent mark-sweep generation total 393216K, used 154295K [0x00000007a8000000, 0x00000007c0000000, 0x00000007c0000000)
 Metaspace       used 43674K, capacity 44920K, committed 45100K, reserved 1089536K
  class space    used 5354K, capacity 5667K, committed 5676K, reserved 1048576K
2019-01-30T12:57:38.981+0600: 4856.553: [GC (Allocation Failure) 2019-01-30T12:57:38.981+0600: 4856.553: [ParNew
Desired survivor size 20112992 bytes, new threshold 8 (max 8)
- age   1:   11082736 bytes,   11082736 total
- age   2:       1048 bytes,   11083784 total
- age   3:        976 bytes,   11084760 total
- age   4:       1120 bytes,   11085880 total
- age   5:       1136 bytes,   11087016 total
- age   6:       1144 bytes,   11088160 total
- age   7:       1040 bytes,   11089200 total
- age   8:       1024 bytes,   11090224 total
: 109248K->15585K(109248K), 0.0163184 secs] 263543K->169880K(502464K), 0.0164463 secs] [Times: user=0.04 sys=0.00, real=0.01 secs] 
Heap after GC invocations=19413 (full 20):
 par new generation   total 109248K, used 15585K [0x00000007a0000000, 0x00000007a8000000, 0x00000007a8000000)
  eden space 87424K,   0% used [0x00000007a0000000, 0x00000007a0000000, 0x00000007a5560000)
  from space 21824K,  71% used [0x00000007a6ab0000, 0x00000007a79e8588, 0x00000007a8000000)
  to   space 21824K,   0% used [0x00000007a5560000, 0x00000007a5560000, 0x00000007a6ab0000)
 concurrent mark-sweep generation total 393216K, used 154295K [0x00000007a8000000, 0x00000007c0000000, 0x00000007c0000000)
 Metaspace       used 43674K, capacity 44920K, committed 45100K, reserved 1089536K
  class space    used 5354K, capacity 5667K, committed 5676K, reserved 1048576K
}
2019-01-30T12:57:38.998+0600: 4856.570: Total time for which application threads were stopped: 0.0167675 seconds, Stopping threads took: 0.0000294 seconds
{Heap before GC invocations=19413 (full 20):
 par new generation   total 109248K, used 103009K [0x00000007a0000000, 0x00000007a8000000, 0x00000007a8000000)
  eden space 87424K, 100% used [0x00000007a0000000, 0x00000007a5560000, 0x00000007a5560000)
  from space 21824K,  71% used [0x00000007a6ab0000, 0x00000007a79e8588, 0x00000007a8000000)
  to   space 21824K,   0% used [0x00000007a5560000, 0x00000007a5560000, 0x00000007a6ab0000)
 concurrent mark-sweep generation total 393216K, used 154295K [0x00000007a8000000, 0x00000007c0000000, 0x00000007c0000000)
 Metaspace       used 43674K, capacity 44920K, committed 45100K, reserved 1089536K
  class space    used 5354K, capacity 5667K, committed 5676K, reserved 1048576K
2019-01-30T12:57:39.380+0600: 4856.952: [GC (Allocation Failure) 2019-01-30T12:57:39.380+0600: 4856.952: [ParNew
Desired survivor size 20112992 bytes, new threshold 8 (max 8)
- age   1:    7693136 bytes,    7693136 total
- age   2:       1120 bytes,    7694256 total
- age   3:       1048 bytes,    7695304 total
- age   4:        976 bytes,    7696280 total
- age   5:       1120 bytes,    7697400 total
- age   6:       1136 bytes,    7698536 total
- age   7:       1144 bytes,    7699680 total
- age   8:       1040 bytes,    7700720 total
: 103009K->8966K(109248K), 0.0128451 secs] 257304K->163263K(502464K), 0.0129635 secs] [Times: user=0.03 sys=0.00, real=0.01 secs] 
Heap after GC invocations=19414 (full 20):
 par new generation   total 109248K, used 8966K [0x00000007a0000000, 0x00000007a8000000, 0x00000007a8000000)
  eden space 87424K,   0% used [0x00000007a0000000, 0x00000007a0000000, 0x00000007a5560000)
  from space 21824K,  41% used [0x00000007a5560000, 0x00000007a5e21bc0, 0x00000007a6ab0000)
  to   space 21824K,   0% used [0x00000007a6ab0000, 0x00000007a6ab0000, 0x00000007a8000000)
 concurrent mark-sweep generation total 393216K, used 154296K [0x00000007a8000000, 0x00000007c0000000, 0x00000007c0000000)
 Metaspace       used 43674K, capacity 44920K, committed 45100K, reserved 1089536K
  class space    used 5354K, capacity 5667K, committed 5676K, reserved 1048576K
}
2019-01-30T12:57:39.393+0600: 4856.965: Total time for which application threads were stopped: 0.0132784 seconds, Stopping threads took: 0.0000254 seconds
{Heap before GC invocations=19414 (full 20):
 par new generation   total 109248K, used 96390K [0x00000007a0000000, 0x00000007a8000000, 0x00000007a8000000)
  eden space 87424K, 100% used [0x00000007a0000000, 0x00000007a5560000, 0x00000007a5560000)
  from space 21824K,  41% used [0x00000007a5560000, 0x00000007a5e21bc0, 0x00000007a6ab0000)
  to   space 21824K,   0% used [0x00000007a6ab0000, 0x00000007a6ab0000, 0x00000007a8000000)
 concurrent mark-sweep generation total 393216K, used 154296K [0x00000007a8000000, 0x00000007c0000000, 0x00000007c0000000)
 Metaspace       used 43674K, capacity 44920K, committed 45100K, reserved 1089536K
  class space    used 5354K, capacity 5667K, committed 5676K, reserved 1048576K
2019-01-30T12:57:39.712+0600: 4857.284: [GC (Allocation Failure) 2019-01-30T12:57:39.712+0600: 4857.284: [ParNew
Desired survivor size 20112992 bytes, new threshold 8 (max 8)
- age   1:    5889400 bytes,    5889400 total
- age   2:       1240 bytes,    5890640 total
- age   3:       1120 bytes,    5891760 total
- age   4:       1048 bytes,    5892808 total
- age   5:        976 bytes,    5893784 total
- age   6:       1120 bytes,    5894904 total
- age   7:       1136 bytes,    5896040 total
- age   8:       1144 bytes,    5897184 total
: 96390K->7745K(109248K), 0.0085205 secs] 250687K->162042K(502464K), 0.0086482 secs] [Times: user=0.03 sys=0.00, real=0.01 secs] 
Heap after GC invocations=19415 (full 20):
 par new generation   total 109248K, used 7745K [0x00000007a0000000, 0x00000007a8000000, 0x00000007a8000000)
  eden space 87424K,   0% used [0x00000007a0000000, 0x00000007a0000000, 0x00000007a5560000)
  from space 21824K,  35% used [0x00000007a6ab0000, 0x00000007a7240428, 0x00000007a8000000)
  to   space 21824K,   0% used [0x00000007a5560000, 0x00000007a5560000, 0x00000007a6ab0000)
 concurrent mark-sweep generation total 393216K, used 154297K [0x00000007a8000000, 0x00000007c0000000, 0x00000007c0000000)
 Metaspace       used 43674K, capacity 44920K, committed 45100K, reserved 1089536K
  class space    used 5354K, capacity 5667K, committed 5676K, reserved 1048576K
}
2019-01-30T12:57:39.721+0600: 4857.293: Total time for which application threads were stopped: 0.0089144 seconds, Stopping threads took: 0.0000263 seconds
{Heap before GC invocations=19415 (full 20):
 par new generation   total 109248K, used 95169K [0x00000007a0000000, 0x00000007a8000000, 0x00000007a8000000)
  eden space 87424K, 100% used [0x00000007a0000000, 0x00000007a5560000, 0x00000007a5560000)
  from space 21824K,  35% used [0x00000007a6ab0000, 0x00000007a7240428, 0x00000007a8000000)
  to   space 21824K,   0% used [0x00000007a5560000, 0x00000007a5560000, 0x00000007a6ab0000)
 concurrent mark-sweep generation total 393216K, used 154297K [0x00000007a8000000, 0x00000007c0000000, 0x00000007c0000000)
 Metaspace       used 43674K, capacity 44920K, committed 45100K, reserved 1089536K
  class space    used 5354K, capacity 5667K, committed 5676K, reserved 1048576K
2019-01-30T12:57:39.945+0600: 4857.517: [GC (Allocation Failure) 2019-01-30T12:57:39.945+0600: 4857.517: [ParNew
Desired survivor size 20112992 bytes, new threshold 1 (max 8)
- age   1:   21031320 bytes,   21031320 total
- age   2:       1120 bytes,   21032440 total
- age   3:       1240 bytes,   21033680 total
- age   4:       1120 bytes,   21034800 total
- age   5:       1048 bytes,   21035848 total
- age   6:        976 bytes,   21036824 total
- age   7:       1120 bytes,   21037944 total
- age   8:       1136 bytes,   21039080 total
: 95169K->21824K(109248K), 0.0327128 secs] 249466K->176200K(502464K), 0.0328089 secs] [Times: user=0.07 sys=0.00, real=0.03 secs] 
Heap after GC invocations=19416 (full 20):
 par new generation   total 109248K, used 21824K [0x00000007a0000000, 0x00000007a8000000, 0x00000007a8000000)
  eden space 87424K,   0% used [0x00000007a0000000, 0x00000007a0000000, 0x00000007a5560000)
  from space 21824K, 100% used [0x00000007a5560000, 0x00000007a6ab0000, 0x00000007a6ab0000)
  to   space 21824K,   0% used [0x00000007a6ab0000, 0x00000007a6ab0000, 0x00000007a8000000)
 concurrent mark-sweep generation total 393216K, used 154376K [0x00000007a8000000, 0x00000007c0000000, 0x00000007c0000000)
 Metaspace       used 43674K, capacity 44920K, committed 45100K, reserved 1089536K
  class space    used 5354K, capacity 5667K, committed 5676K, reserved 1048576K
}
2019-01-30T12:57:39.978+0600: 4857.550: Total time for which application threads were stopped: 0.0331157 seconds, Stopping threads took: 0.0000252 seconds
{Heap before GC invocations=19416 (full 20):
 par new generation   total 109248K, used 109227K [0x00000007a0000000, 0x00000007a8000000, 0x00000007a8000000)
  eden space 87424K,  99% used [0x00000007a0000000, 0x00000007a555af58, 0x00000007a5560000)
  from space 21824K, 100% used [0x00000007a5560000, 0x00000007a6ab0000, 0x00000007a6ab0000)
  to   space 21824K,   0% used [0x00000007a6ab0000, 0x00000007a6ab0000, 0x00000007a8000000)
 concurrent mark-sweep generation total 393216K, used 154376K [0x00000007a8000000, 0x00000007c0000000, 0x00000007c0000000)
 Metaspace       used 43674K, capacity 44920K, committed 45100K, reserved 1089536K
  class space    used 5354K, capacity 5667K, committed 5676K, reserved 1048576K
2019-01-30T12:57:40.196+0600: 4857.768: [GC (Allocation Failure) 2019-01-30T12:57:40.196+0600: 4857.768: [ParNew
Desired survivor size 20112992 bytes, new threshold 8 (max 8)
- age   1:   16026696 bytes,   16026696 total
: 109227K->21824K(109248K), 0.0171609 secs] 263603K->176209K(502464K), 0.0172693 secs] [Times: user=0.05 sys=0.00, real=0.02 secs] 
Heap after GC invocations=19417 (full 20):
 par new generation   total 109248K, used 21824K [0x00000007a0000000, 0x00000007a8000000, 0x00000007a8000000)
  eden space 87424K,   0% used [0x00000007a0000000, 0x00000007a0000000, 0x00000007a5560000)
  from space 21824K, 100% used [0x00000007a6ab0000, 0x00000007a8000000, 0x00000007a8000000)
  to   space 21824K,   0% used [0x00000007a5560000, 0x00000007a5560000, 0x00000007a6ab0000)
 concurrent mark-sweep generation total 393216K, used 154385K [0x00000007a8000000, 0x00000007c0000000, 0x00000007c0000000)
 Metaspace       used 43674K, capacity 44920K, committed 45100K, reserved 1089536K
  class space    used 5354K, capacity 5667K, committed 5676K, reserved 1048576K
}
2019-01-30T12:57:40.213+0600: 4857.785: Total time for which application threads were stopped: 0.0175130 seconds, Stopping threads took: 0.0000239 seconds
{Heap before GC invocations=19417 (full 20):
 par new generation   total 109248K, used 109248K [0x00000007a0000000, 0x00000007a8000000, 0x00000007a8000000)
  eden space 87424K, 100% used [0x00000007a0000000, 0x00000007a5560000, 0x00000007a5560000)
  from space 21824K, 100% used [0x00000007a6ab0000, 0x00000007a8000000, 0x00000007a8000000)
  to   space 21824K,   0% used [0x00000007a5560000, 0x00000007a5560000, 0x00000007a6ab0000)
 concurrent mark-sweep generation total 393216K, used 154385K [0x00000007a8000000, 0x00000007c0000000, 0x00000007c0000000)
 Metaspace       used 43674K, capacity 44920K, committed 45100K, reserved 1089536K
  class space    used 5354K, capacity 5667K, committed 5676K, reserved 1048576K
2019-01-30T12:57:40.428+0600: 4858.000: [GC (Allocation Failure) 2019-01-30T12:57:40.428+0600: 4858.000: [ParNew
Desired survivor size 20112992 bytes, new threshold 8 (max 8)
- age   1:   12764032 bytes,   12764032 total
- age   2:       1016 bytes,   12765048 total
: 109248K->18370K(109248K), 0.0145342 secs] 263633K->172756K(502464K), 0.0146887 secs] [Times: user=0.05 sys=0.01, real=0.02 secs] 
Heap after GC invocations=19418 (full 20):
 par new generation   total 109248K, used 18370K [0x00000007a0000000, 0x00000007a8000000, 0x00000007a8000000)
  eden space 87424K,   0% used [0x00000007a0000000, 0x00000007a0000000, 0x00000007a5560000)
  from space 21824K,  84% used [0x00000007a5560000, 0x00000007a6750a80, 0x00000007a6ab0000)
  to   space 21824K,   0% used [0x00000007a6ab0000, 0x00000007a6ab0000, 0x00000007a8000000)
 concurrent mark-sweep generation total 393216K, used 154385K [0x00000007a8000000, 0x00000007c0000000, 0x00000007c0000000)
 Metaspace       used 43674K, capacity 44920K, committed 45100K, reserved 1089536K
  class space    used 5354K, capacity 5667K, committed 5676K, reserved 1048576K
}
2019-01-30T12:57:40.442+0600: 4858.014: Total time for which application threads were stopped: 0.0149117 seconds, Stopping threads took: 0.0000227 seconds
{Heap before GC invocations=19418 (full 20):
 par new generation   total 109248K, used 105794K [0x00000007a0000000, 0x00000007a8000000, 0x00000007a8000000)
  eden space 87424K, 100% used [0x00000007a0000000, 0x00000007a5560000, 0x00000007a5560000)
  from space 21824K,  84% used [0x00000007a5560000, 0x00000007a6750a80, 0x00000007a6ab0000)
  to   space 21824K,   0% used [0x00000007a6ab0000, 0x00000007a6ab0000, 0x00000007a8000000)
 concurrent mark-sweep generation total 393216K, used 154385K [0x00000007a8000000, 0x00000007c0000000, 0x00000007c0000000)
 Metaspace       used 43674K, capacity 44920K, committed 45100K, reserved 1089536K
  class space    used 5354K, capacity 5667K, committed 5676K, reserved 1048576K
2019-01-30T12:57:40.651+0600: 4858.223: [GC (Allocation Failure) 2019-01-30T12:57:40.651+0600: 4858.223: [ParNew
Desired survivor size 20112992 bytes, new threshold 8 (max 8)
- age   1:    9515848 bytes,    9515848 total
- age   2:        992 bytes,    9516840 total
- age   3:       1016 bytes,    9517856 total
: 105794K->13942K(109248K), 0.0111566 secs] 260180K->168327K(502464K), 0.0112578 secs] [Times: user=0.04 sys=0.00, real=0.01 secs] 
Heap after GC invocations=19419 (full 20):
 par new generation   total 109248K, used 13942K [0x00000007a0000000, 0x00000007a8000000, 0x00000007a8000000)
  eden space 87424K,   0% used [0x00000007a0000000, 0x00000007a0000000, 0x00000007a5560000)
  from space 21824K,  63% used [0x00000007a6ab0000, 0x00000007a784d840, 0x00000007a8000000)
  to   space 21824K,   0% used [0x00000007a5560000, 0x00000007a5560000, 0x00000007a6ab0000)
 concurrent mark-sweep generation total 393216K, used 154385K [0x00000007a8000000, 0x00000007c0000000, 0x00000007c0000000)
 Metaspace       used 43674K, capacity 44920K, committed 45100K, reserved 1089536K
  class space    used 5354K, capacity 5667K, committed 5676K, reserved 1048576K
}
2019-01-30T12:57:40.662+0600: 4858.234: Total time for which application threads were stopped: 0.0114860 seconds, Stopping threads took: 0.0000222 seconds
{Heap before GC invocations=19419 (full 20):
 par new generation   total 109248K, used 101366K [0x00000007a0000000, 0x00000007a8000000, 0x00000007a8000000)
  eden space 87424K, 100% used [0x00000007a0000000, 0x00000007a5560000, 0x00000007a5560000)
  from space 21824K,  63% used [0x00000007a6ab0000, 0x00000007a784d840, 0x00000007a8000000)
  to   space 21824K,   0% used [0x00000007a5560000, 0x00000007a5560000, 0x00000007a6ab0000)
 concurrent mark-sweep generation total 393216K, used 154385K [0x00000007a8000000, 0x00000007c0000000, 0x00000007c0000000)
 Metaspace       used 43674K, capacity 44920K, committed 45100K, reserved 1089536K
  class space    used 5354K, capacity 5667K, committed 5676K, reserved 1048576K
2019-01-30T12:57:40.884+0600: 4858.456: [GC (Allocation Failure) 2019-01-30T12:57:40.884+0600: 4858.456: [ParNew
Desired survivor size 20112992 bytes, new threshold 8 (max 8)
- age   1:    5962288 bytes,    5962288 total
- age   2:       1120 bytes,    5963408 total
- age   3:        992 bytes,    5964400 total
- age   4:       1016 bytes,    5965416 total
: 101366K->7842K(109248K), 0.0090076 secs] 255751K->162228K(502464K), 0.0091110 secs] [Times: user=0.03 sys=0.00, real=0.01 secs] 
Heap after GC invocations=19420 (full 20):
 par new generation   total 109248K, used 7842K [0x00000007a0000000, 0x00000007a8000000, 0x00000007a8000000)
  eden space 87424K,   0% used [0x00000007a0000000, 0x00000007a0000000, 0x00000007a5560000)
  from space 21824K,  35% used [0x00000007a5560000, 0x00000007a5d089e0, 0x00000007a6ab0000)
  to   space 21824K,   0% used [0x00000007a6ab0000, 0x00000007a6ab0000, 0x00000007a8000000)
 concurrent mark-sweep generation total 393216K, used 154385K [0x00000007a8000000, 0x00000007c0000000, 0x00000007c0000000)
 Metaspace       used 43674K, capacity 44920K, committed 45100K, reserved 1089536K
  class space    used 5354K, capacity 5667K, committed 5676K, reserved 1048576K
}
2019-01-30T12:57:40.893+0600: 4858.465: Total time for which application threads were stopped: 0.0093476 seconds, Stopping threads took: 0.0000205 seconds
{Heap before GC invocations=19420 (full 20):
 par new generation   total 109248K, used 95266K [0x00000007a0000000, 0x00000007a8000000, 0x00000007a8000000)
  eden space 87424K, 100% used [0x00000007a0000000, 0x00000007a5560000, 0x00000007a5560000)
  from space 21824K,  35% used [0x00000007a5560000, 0x00000007a5d089e0, 0x00000007a6ab0000)
  to   space 21824K,   0% used [0x00000007a6ab0000, 0x00000007a6ab0000, 0x00000007a8000000)
 concurrent mark-sweep generation total 393216K, used 154385K [0x00000007a8000000, 0x00000007c0000000, 0x00000007c0000000)
 Metaspace       used 43674K, capacity 44920K, committed 45100K, reserved 1089536K
  class space    used 5354K, capacity 5667K, committed 5676K, reserved 1048576K
2019-01-30T12:57:41.101+0600: 4858.673: [GC (Allocation Failure) 2019-01-30T12:57:41.101+0600: 4858.673: [ParNew
Desired survivor size 20112992 bytes, new threshold 8 (max 8)
- age   1:    5892384 bytes,    5892384 total
- age   2:       1144 bytes,    5893528 total
- age   3:       1120 bytes,    5894648 total
- age   4:        992 bytes,    5895640 total
- age   5:       1016 bytes,    5896656 total
: 95266K->8007K(109248K), 0.0084004 secs] 249652K->162393K(502464K), 0.0084944 secs] [Times: user=0.03 sys=0.00, real=0.00 secs] 
Heap after GC invocations=19421 (full 20):
 par new generation   total 109248K, used 8007K [0x00000007a0000000, 0x00000007a8000000, 0x00000007a8000000)
  eden space 87424K,   0% used [0x00000007a0000000, 0x00000007a0000000, 0x00000007a5560000)
  from space 21824K,  36% used [0x00000007a6ab0000, 0x00000007a7281d90, 0x00000007a8000000)
  to   space 21824K,   0% used [0x00000007a5560000, 0x00000007a5560000, 0x00000007a6ab0000)
 concurrent mark-sweep generation total 393216K, used 154385K [0x00000007a8000000, 0x00000007c0000000, 0x00000007c0000000)
 Metaspace       used 43674K, capacity 44920K, committed 45100K, reserved 1089536K
  class space    used 5354K, capacity 5667K, committed 5676K, reserved 1048576K
}
2019-01-30T12:57:41.109+0600: 4858.681: Total time for which application threads were stopped: 0.0087223 seconds, Stopping threads took: 0.0000193 seconds
{Heap before GC invocations=19421 (full 20):
 par new generation   total 109248K, used 95431K [0x00000007a0000000, 0x00000007a8000000, 0x00000007a8000000)
  eden space 87424K, 100% used [0x00000007a0000000, 0x00000007a5560000, 0x00000007a5560000)
  from space 21824K,  36% used [0x00000007a6ab0000, 0x00000007a7281d90, 0x00000007a8000000)
  to   space 21824K,   0% used [0x00000007a5560000, 0x00000007a5560000, 0x00000007a6ab0000)
 concurrent mark-sweep generation total 393216K, used 154385K [0x00000007a8000000, 0x00000007c0000000, 0x00000007c0000000)
 Metaspace       used 43674K, capacity 44920K, committed 45100K, reserved 1089536K
  class space    used 5354K, capacity 5667K, committed 5676K, reserved 1048576K
2019-01-30T12:57:41.312+0600: 4858.883: [GC (Allocation Failure) 2019-01-30T12:57:41.312+0600: 4858.884: [ParNew
Desired survivor size 20112992 bytes, new threshold 8 (max 8)
- age   1:   19165224 bytes,   19165224 total
- age   2:       1136 bytes,   19166360 total
- age   3:       1144 bytes,   19167504 total
- age   4:       1120 bytes,   19168624 total
- age   5:        992 bytes,   19169616 total
- age   6:       1016 bytes,   19170632 total
: 95431K->19967K(109248K), 0.0172607 secs] 249817K->174353K(502464K), 0.0173592 secs] [Times: user=0.06 sys=0.00, real=0.01 secs] 
Heap after GC invocations=19422 (full 20):
 par new generation   total 109248K, used 19967K [0x00000007a0000000, 0x00000007a8000000, 0x00000007a8000000)
  eden space 87424K,   0% used [0x00000007a0000000, 0x00000007a0000000, 0x00000007a5560000)
  from space 21824K,  91% used [0x00000007a5560000, 0x00000007a68dffc0, 0x00000007a6ab0000)
  to   space 21824K,   0% used [0x00000007a6ab0000, 0x00000007a6ab0000, 0x00000007a8000000)
 concurrent mark-sweep generation total 393216K, used 154385K [0x00000007a8000000, 0x00000007c0000000, 0x00000007c0000000)
 Metaspace       used 43674K, capacity 44920K, committed 45100K, reserved 1089536K
  class space    used 5354K, capacity 5667K, committed 5676K, reserved 1048576K
}
2019-01-30T12:57:41.329+0600: 4858.901: Total time for which application threads were stopped: 0.0175955 seconds, Stopping threads took: 0.0000242 seconds
{Heap before GC invocations=19422 (full 20):
 par new generation   total 109248K, used 107335K [0x00000007a0000000, 0x00000007a8000000, 0x00000007a8000000)
  eden space 87424K,  99% used [0x00000007a0000000, 0x00000007a5551fb8, 0x00000007a5560000)
  from space 21824K,  91% used [0x00000007a5560000, 0x00000007a68dffc0, 0x00000007a6ab0000)
  to   space 21824K,   0% used [0x00000007a6ab0000, 0x00000007a6ab0000, 0x00000007a8000000)
 concurrent mark-sweep generation total 393216K, used 154385K [0x00000007a8000000, 0x00000007c0000000, 0x00000007c0000000)
 Metaspace       used 43674K, capacity 44920K, committed 45100K, reserved 1089536K
  class space    used 5354K, capacity 5667K, committed 5676K, reserved 1048576K
2019-01-30T12:57:41.522+0600: 4859.093: [GC (Allocation Failure) 2019-01-30T12:57:41.522+0600: 4859.094: [ParNew
Desired survivor size 20112992 bytes, new threshold 8 (max 8)
- age   1:   14612368 bytes,   14612368 total
- age   2:        960 bytes,   14613328 total
- age   3:       1136 bytes,   14614464 total
- age   4:       1144 bytes,   14615608 total
- age   5:       1120 bytes,   14616728 total
- age   6:        992 bytes,   14617720 total
- age   7:       1016 bytes,   14618736 total
: 107335K->20353K(109248K), 0.0149844 secs] 261721K->174738K(502464K), 0.0150887 secs] [Times: user=0.05 sys=0.00, real=0.01 secs] 
Heap after GC invocations=19423 (full 20):
 par new generation   total 109248K, used 20353K [0x00000007a0000000, 0x00000007a8000000, 0x00000007a8000000)
  eden space 87424K,   0% used [0x00000007a0000000, 0x00000007a0000000, 0x00000007a5560000)
  from space 21824K,  93% used [0x00000007a6ab0000, 0x00000007a7e90430, 0x00000007a8000000)
  to   space 21824K,   0% used [0x00000007a5560000, 0x00000007a5560000, 0x00000007a6ab0000)
 concurrent mark-sweep generation total 393216K, used 154385K [0x00000007a8000000, 0x00000007c0000000, 0x00000007c0000000)
 Metaspace       used 43674K, capacity 44920K, committed 45100K, reserved 1089536K
  class space    used 5354K, capacity 5667K, committed 5676K, reserved 1048576K
}
2019-01-30T12:57:41.537+0600: 4859.109: Total time for which application threads were stopped: 0.0153174 seconds, Stopping threads took: 0.0000265 seconds
{Heap before GC invocations=19423 (full 20):
 par new generation   total 109248K, used 107777K [0x00000007a0000000, 0x00000007a8000000, 0x00000007a8000000)
  eden space 87424K, 100% used [0x00000007a0000000, 0x00000007a5560000, 0x00000007a5560000)
  from space 21824K,  93% used [0x00000007a6ab0000, 0x00000007a7e90430, 0x00000007a8000000)
  to   space 21824K,   0% used [0x00000007a5560000, 0x00000007a5560000, 0x00000007a6ab0000)
 concurrent mark-sweep generation total 393216K, used 154385K [0x00000007a8000000, 0x00000007c0000000, 0x00000007c0000000)
 Metaspace       used 43674K, capacity 44920K, committed 45100K, reserved 1089536K
  class space    used 5354K, capacity 5667K, committed 5676K, reserved 1048576K
2019-01-30T12:57:41.732+0600: 4859.304: [GC (Allocation Failure) 2019-01-30T12:57:41.732+0600: 4859.304: [ParNew
Desired survivor size 20112992 bytes, new threshold 8 (max 8)
- age   1:   11082568 bytes,   11082568 total
- age   2:       1064 bytes,   11083632 total
- age   3:        960 bytes,   11084592 total
- age   4:       1136 bytes,   11085728 total
- age   5:       1144 bytes,   11086872 total
- age   6:       1120 bytes,   11087992 total
- age   7:        992 bytes,   11088984 total
- age   8:       1016 bytes,   11090000 total
: 107777K->16522K(109248K), 0.0120521 secs] 262162K->170907K(502464K), 0.0121562 secs] [Times: user=0.05 sys=0.01, real=0.01 secs] 
Heap after GC invocations=19424 (full 20):
 par new generation   total 109248K, used 16522K [0x00000007a0000000, 0x00000007a8000000, 0x00000007a8000000)
  eden space 87424K,   0% used [0x00000007a0000000, 0x00000007a0000000, 0x00000007a5560000)
  from space 21824K,  75% used [0x00000007a5560000, 0x00000007a6582900, 0x00000007a6ab0000)
  to   space 21824K,   0% used [0x00000007a6ab0000, 0x00000007a6ab0000, 0x00000007a8000000)
 concurrent mark-sweep generation total 393216K, used 154385K [0x00000007a8000000, 0x00000007c0000000, 0x00000007c0000000)
 Metaspace       used 43674K, capacity 44920K, committed 45100K, reserved 1089536K
  class space    used 5354K, capacity 5667K, committed 5676K, reserved 1048576K
}
2019-01-30T12:57:41.744+0600: 4859.316: Total time for which application threads were stopped: 0.0123863 seconds, Stopping threads took: 0.0000231 seconds
{Heap before GC invocations=19424 (full 20):
 par new generation   total 109248K, used 103946K [0x00000007a0000000, 0x00000007a8000000, 0x00000007a8000000)
  eden space 87424K, 100% used [0x00000007a0000000, 0x00000007a5560000, 0x00000007a5560000)
  from space 21824K,  75% used [0x00000007a5560000, 0x00000007a6582900, 0x00000007a6ab0000)
  to   space 21824K,   0% used [0x00000007a6ab0000, 0x00000007a6ab0000, 0x00000007a8000000)
 concurrent mark-sweep generation total 393216K, used 154385K [0x00000007a8000000, 0x00000007c0000000, 0x00000007c0000000)
 Metaspace       used 43674K, capacity 44920K, committed 45100K, reserved 1089536K
  class space    used 5354K, capacity 5667K, committed 5676K, reserved 1048576K
2019-01-30T12:57:41.944+0600: 4859.516: [GC (Allocation Failure) 2019-01-30T12:57:41.944+0600: 4859.516: [ParNew
Desired survivor size 20112992 bytes, new threshold 8 (max 8)
- age   1:    7693256 bytes,    7693256 total
- age   2:       1104 bytes,    7694360 total
- age   3:       1064 bytes,    7695424 total
- age   4:        960 bytes,    7696384 total
- age   5:       1136 bytes,    7697520 total
- age   6:       1144 bytes,    7698664 total
- age   7:       1120 bytes,    7699784 total
- age   8:        992 bytes,    7700776 total
: 103946K->10738K(109248K), 0.0097786 secs] 258331K->165125K(502464K), 0.0098795 secs] [Times: user=0.03 sys=0.00, real=0.01 secs] 
Heap after GC invocations=19425 (full 20):
 par new generation   total 109248K, used 10738K [0x00000007a0000000, 0x00000007a8000000, 0x00000007a8000000)
  eden space 87424K,   0% used [0x00000007a0000000, 0x00000007a0000000, 0x00000007a5560000)
  from space 21824K,  49% used [0x00000007a6ab0000, 0x00000007a752cb08, 0x00000007a8000000)
  to   space 21824K,   0% used [0x00000007a5560000, 0x00000007a5560000, 0x00000007a6ab0000)
 concurrent mark-sweep generation total 393216K, used 154386K [0x00000007a8000000, 0x00000007c0000000, 0x00000007c0000000)
 Metaspace       used 43674K, capacity 44920K, committed 45100K, reserved 1089536K
  class space    used 5354K, capacity 5667K, committed 5676K, reserved 1048576K
}
2019-01-30T12:57:41.954+0600: 4859.526: Total time for which application threads were stopped: 0.0101155 seconds, Stopping threads took: 0.0000218 seconds
{Heap before GC invocations=19425 (full 20):
 par new generation   total 109248K, used 98162K [0x00000007a0000000, 0x00000007a8000000, 0x00000007a8000000)
  eden space 87424K, 100% used [0x00000007a0000000, 0x00000007a5560000, 0x00000007a5560000)
  from space 21824K,  49% used [0x00000007a6ab0000, 0x00000007a752cb08, 0x00000007a8000000)
  to   space 21824K,   0% used [0x00000007a5560000, 0x00000007a5560000, 0x00000007a6ab0000)
 concurrent mark-sweep generation total 393216K, used 154386K [0x00000007a8000000, 0x00000007c0000000, 0x00000007c0000000)
 Metaspace       used 43674K, capacity 44920K, committed 45100K, reserved 1089536K
  class space    used 5354K, capacity 5667K, committed 5676K, reserved 1048576K
2019-01-30T12:57:42.166+0600: 4859.738: [GC (Allocation Failure) 2019-01-30T12:57:42.166+0600: 4859.738: [ParNew
Desired survivor size 20112992 bytes, new threshold 8 (max 8)
- age   1:    5889464 bytes,    5889464 total
- age   2:       1192 bytes,    5890656 total
- age   3:       1104 bytes,    5891760 total
- age   4:       1064 bytes,    5892824 total
- age   5:        960 bytes,    5893784 total
- age   6:       1136 bytes,    5894920 total
- age   7:       1144 bytes,    5896064 total
- age   8:       1120 bytes,    5897184 total
: 98162K->8047K(109248K), 0.0082256 secs] 252549K->162435K(502464K), 0.0083220 secs] [Times: user=0.03 sys=0.00, real=0.01 secs] 
Heap after GC invocations=19426 (full 20):
 par new generation   total 109248K, used 8047K [0x00000007a0000000, 0x00000007a8000000, 0x00000007a8000000)
  eden space 87424K,   0% used [0x00000007a0000000, 0x00000007a0000000, 0x00000007a5560000)
  from space 21824K,  36% used [0x00000007a5560000, 0x00000007a5d3bd40, 0x00000007a6ab0000)
  to   space 21824K,   0% used [0x00000007a6ab0000, 0x00000007a6ab0000, 0x00000007a8000000)
 concurrent mark-sweep generation total 393216K, used 154387K [0x00000007a8000000, 0x00000007c0000000, 0x00000007c0000000)
 Metaspace       used 43674K, capacity 44920K, committed 45100K, reserved 1089536K
  class space    used 5354K, capacity 5667K, committed 5676K, reserved 1048576K
}
2019-01-30T12:57:42.175+0600: 4859.747: Total time for which application threads were stopped: 0.0085523 seconds, Stopping threads took: 0.0000201 seconds
{Heap before GC invocations=19426 (full 20):
 par new generation   total 109248K, used 95471K [0x00000007a0000000, 0x00000007a8000000, 0x00000007a8000000)
  eden space 87424K, 100% used [0x00000007a0000000, 0x00000007a5560000, 0x00000007a5560000)
  from space 21824K,  36% used [0x00000007a5560000, 0x00000007a5d3bd40, 0x00000007a6ab0000)
  to   space 21824K,   0% used [0x00000007a6ab0000, 0x00000007a6ab0000, 0x00000007a8000000)
 concurrent mark-sweep generation total 393216K, used 154387K [0x00000007a8000000, 0x00000007c0000000, 0x00000007c0000000)
 Metaspace       used 43674K, capacity 44920K, committed 45100K, reserved 1089536K
  class space    used 5354K, capacity 5667K, committed 5676K, reserved 1048576K
2019-01-30T12:57:42.377+0600: 4859.949: [GC (Allocation Failure) 2019-01-30T12:57:42.377+0600: 4859.949: [ParNew
Desired survivor size 20112992 bytes, new threshold 1 (max 8)
- age   1:   21110824 bytes,   21110824 total
- age   2:       1136 bytes,   21111960 total
- age   3:       1192 bytes,   21113152 total
- age   4:       1104 bytes,   21114256 total
- age   5:       1064 bytes,   21115320 total
- age   6:        960 bytes,   21116280 total
- age   7:       1136 bytes,   21117416 total
- age   8:       1144 bytes,   21118560 total
: 95471K->21824K(109248K), 0.0190037 secs] 249859K->176212K(502464K), 0.0190993 secs] [Times: user=0.07 sys=0.00, real=0.02 secs] 
Heap after GC invocations=19427 (full 20):
 par new generation   total 109248K, used 21824K [0x00000007a0000000, 0x00000007a8000000, 0x00000007a8000000)
  eden space 87424K,   0% used [0x00000007a0000000, 0x00000007a0000000, 0x00000007a5560000)
  from space 21824K, 100% used [0x00000007a6ab0000, 0x00000007a8000000, 0x00000007a8000000)
  to   space 21824K,   0% used [0x00000007a5560000, 0x00000007a5560000, 0x00000007a6ab0000)
 concurrent mark-sweep generation total 393216K, used 154388K [0x00000007a8000000, 0x00000007c0000000, 0x00000007c0000000)
 Metaspace       used 43674K, capacity 44920K, committed 45100K, reserved 1089536K
  class space    used 5354K, capacity 5667K, committed 5676K, reserved 1048576K
}
2019-01-30T12:57:42.396+0600: 4859.968: Total time for which application threads were stopped: 0.0193379 seconds, Stopping threads took: 0.0000216 seconds
{Heap before GC invocations=19427 (full 20):
 par new generation   total 109248K, used 109231K [0x00000007a0000000, 0x00000007a8000000, 0x00000007a8000000)
  eden space 87424K,  99% used [0x00000007a0000000, 0x00000007a555bf60, 0x00000007a5560000)
  from space 21824K, 100% used [0x00000007a6ab0000, 0x00000007a8000000, 0x00000007a8000000)
  to   space 21824K,   0% used [0x00000007a5560000, 0x00000007a5560000, 0x00000007a6ab0000)
 concurrent mark-sweep generation total 393216K, used 154388K [0x00000007a8000000, 0x00000007c0000000, 0x00000007c0000000)
 Metaspace       used 43674K, capacity 44920K, committed 45100K, reserved 1089536K
  class space    used 5354K, capacity 5667K, committed 5676K, reserved 1048576K
2019-01-30T12:57:42.586+0600: 4860.157: [GC (Allocation Failure) 2019-01-30T12:57:42.586+0600: 4860.158: [ParNew
Desired survivor size 20112992 bytes, new threshold 8 (max 8)
- age   1:   15901616 bytes,   15901616 total
: 109231K->21824K(109248K), 0.0158674 secs] 263620K->176344K(502464K), 0.0159798 secs] [Times: user=0.06 sys=0.00, real=0.02 secs] 
Heap after GC invocations=19428 (full 20):
 par new generation   total 109248K, used 21824K [0x00000007a0000000, 0x00000007a8000000, 0x00000007a8000000)
  eden space 87424K,   0% used [0x00000007a0000000, 0x00000007a0000000, 0x00000007a5560000)
  from space 21824K, 100% used [0x00000007a5560000, 0x00000007a6ab0000, 0x00000007a6ab0000)
  to   space 21824K,   0% used [0x00000007a6ab0000, 0x00000007a6ab0000, 0x00000007a8000000)
 concurrent mark-sweep generation total 393216K, used 154520K [0x00000007a8000000, 0x00000007c0000000, 0x00000007c0000000)
 Metaspace       used 43674K, capacity 44920K, committed 45100K, reserved 1089536K
  class space    used 5354K, capacity 5667K, committed 5676K, reserved 1048576K
}
2019-01-30T12:57:42.602+0600: 4860.174: Total time for which application threads were stopped: 0.0162918 seconds, Stopping threads took: 0.0000324 seconds
{Heap before GC invocations=19428 (full 20):
 par new generation   total 109248K, used 109248K [0x00000007a0000000, 0x00000007a8000000, 0x00000007a8000000)
  eden space 87424K, 100% used [0x00000007a0000000, 0x00000007a5560000, 0x00000007a5560000)
  from space 21824K, 100% used [0x00000007a5560000, 0x00000007a6ab0000, 0x00000007a6ab0000)
  to   space 21824K,   0% used [0x00000007a6ab0000, 0x00000007a6ab0000, 0x00000007a8000000)
 concurrent mark-sweep generation total 393216K, used 154520K [0x00000007a8000000, 0x00000007c0000000, 0x00000007c0000000)
 Metaspace       used 43674K, capacity 44920K, committed 45100K, reserved 1089536K
  class space    used 5354K, capacity 5667K, committed 5676K, reserved 1048576K
2019-01-30T12:57:42.798+0600: 4860.370: [GC (Allocation Failure) 2019-01-30T12:57:42.798+0600: 4860.370: [ParNew
Desired survivor size 20112992 bytes, new threshold 8 (max 8)
- age   1:   12763464 bytes,   12763464 total
- age   2:       1976 bytes,   12765440 total
: 109248K->18191K(109248K), 0.0134617 secs] 263768K->172712K(502464K), 0.0135611 secs] [Times: user=0.04 sys=0.00, real=0.02 secs] 
Heap after GC invocations=19429 (full 20):
 par new generation   total 109248K, used 18191K [0x00000007a0000000, 0x00000007a8000000, 0x00000007a8000000)
  eden space 87424K,   0% used [0x00000007a0000000, 0x00000007a0000000, 0x00000007a5560000)
  from space 21824K,  83% used [0x00000007a6ab0000, 0x00000007a7c73f80, 0x00000007a8000000)
  to   space 21824K,   0% used [0x00000007a5560000, 0x00000007a5560000, 0x00000007a6ab0000)
 concurrent mark-sweep generation total 393216K, used 154520K [0x00000007a8000000, 0x00000007c0000000, 0x00000007c0000000)
 Metaspace       used 43674K, capacity 44920K, committed 45100K, reserved 1089536K
  class space    used 5354K, capacity 5667K, committed 5676K, reserved 1048576K
}
2019-01-30T12:57:42.811+0600: 4860.383: Total time for which application threads were stopped: 0.0137924 seconds, Stopping threads took: 0.0000226 seconds
{Heap before GC invocations=19429 (full 20):
 par new generation   total 109248K, used 105615K [0x00000007a0000000, 0x00000007a8000000, 0x00000007a8000000)
  eden space 87424K, 100% used [0x00000007a0000000, 0x00000007a5560000, 0x00000007a5560000)
  from space 21824K,  83% used [0x00000007a6ab0000, 0x00000007a7c73f80, 0x00000007a8000000)
  to   space 21824K,   0% used [0x00000007a5560000, 0x00000007a5560000, 0x00000007a6ab0000)
 concurrent mark-sweep generation total 393216K, used 154520K [0x00000007a8000000, 0x00000007c0000000, 0x00000007c0000000)
 Metaspace       used 43674K, capacity 44920K, committed 45100K, reserved 1089536K
  class space    used 5354K, capacity 5667K, committed 5676K, reserved 1048576K
2019-01-30T12:57:43.027+0600: 4860.598: [GC (Allocation Failure) 2019-01-30T12:57:43.027+0600: 4860.599: [ParNew
Desired survivor size 20112992 bytes, new threshold 8 (max 8)
- age   1:    9515920 bytes,    9515920 total
- age   2:       1056 bytes,    9516976 total
- age   3:       1976 bytes,    9518952 total
: 105615K->13897K(109248K), 0.0119832 secs] 260136K->168417K(502464K), 0.0120763 secs] [Times: user=0.04 sys=0.00, real=0.01 secs] 
Heap after GC invocations=19430 (full 20):
 par new generation   total 109248K, used 13897K [0x00000007a0000000, 0x00000007a8000000, 0x00000007a8000000)
  eden space 87424K,   0% used [0x00000007a0000000, 0x00000007a0000000, 0x00000007a5560000)
  from space 21824K,  63% used [0x00000007a5560000, 0x00000007a62f26c0, 0x00000007a6ab0000)
  to   space 21824K,   0% used [0x00000007a6ab0000, 0x00000007a6ab0000, 0x00000007a8000000)
 concurrent mark-sweep generation total 393216K, used 154520K [0x00000007a8000000, 0x00000007c0000000, 0x00000007c0000000)
 Metaspace       used 43674K, capacity 44920K, committed 45100K, reserved 1089536K
  class space    used 5354K, capacity 5667K, committed 5676K, reserved 1048576K
}
2019-01-30T12:57:43.039+0600: 4860.611: Total time for which application threads were stopped: 0.0123420 seconds, Stopping threads took: 0.0000629 seconds
{Heap before GC invocations=19430 (full 20):
 par new generation   total 109248K, used 101321K [0x00000007a0000000, 0x00000007a8000000, 0x00000007a8000000)
  eden space 87424K, 100% used [0x00000007a0000000, 0x00000007a5560000, 0x00000007a5560000)
  from space 21824K,  63% used [0x00000007a5560000, 0x00000007a62f26c0, 0x00000007a6ab0000)
  to   space 21824K,   0% used [0x00000007a6ab0000, 0x00000007a6ab0000, 0x00000007a8000000)
 concurrent mark-sweep generation total 393216K, used 154520K [0x00000007a8000000, 0x00000007c0000000, 0x00000007c0000000)
 Metaspace       used 43674K, capacity 44920K, committed 45100K, reserved 1089536K
  class space    used 5354K, capacity 5667K, committed 5676K, reserved 1048576K
2019-01-30T12:57:43.242+0600: 4860.814: [GC (Allocation Failure) 2019-01-30T12:57:43.242+0600: 4860.814: [ParNew
Desired survivor size 20112992 bytes, new threshold 8 (max 8)
- age   1:    5962144 bytes,    5962144 total
- age   2:       1088 bytes,    5963232 total
- age   3:       1056 bytes,    5964288 total
- age   4:       1976 bytes,    5966264 total
: 101321K->9140K(109248K), 0.0083636 secs] 255841K->163660K(502464K), 0.0084591 secs] [Times: user=0.03 sys=0.00, real=0.01 secs] 
Heap after GC invocations=19431 (full 20):
 par new generation   total 109248K, used 9140K [0x00000007a0000000, 0x00000007a8000000, 0x00000007a8000000)
  eden space 87424K,   0% used [0x00000007a0000000, 0x00000007a0000000, 0x00000007a5560000)
  from space 21824K,  41% used [0x00000007a6ab0000, 0x00000007a739d218, 0x00000007a8000000)
  to   space 21824K,   0% used [0x00000007a5560000, 0x00000007a5560000, 0x00000007a6ab0000)
 concurrent mark-sweep generation total 393216K, used 154520K [0x00000007a8000000, 0x00000007c0000000, 0x00000007c0000000)
 Metaspace       used 43674K, capacity 44920K, committed 45100K, reserved 1089536K
  class space    used 5354K, capacity 5667K, committed 5676K, reserved 1048576K
}
2019-01-30T12:57:43.251+0600: 4860.823: Total time for which application threads were stopped: 0.0086891 seconds, Stopping threads took: 0.0000211 seconds
{Heap before GC invocations=19431 (full 20):
 par new generation   total 109248K, used 96564K [0x00000007a0000000, 0x00000007a8000000, 0x00000007a8000000)
  eden space 87424K, 100% used [0x00000007a0000000, 0x00000007a5560000, 0x00000007a5560000)
  from space 21824K,  41% used [0x00000007a6ab0000, 0x00000007a739d218, 0x00000007a8000000)
  to   space 21824K,   0% used [0x00000007a5560000, 0x00000007a5560000, 0x00000007a6ab0000)
 concurrent mark-sweep generation total 393216K, used 154520K [0x00000007a8000000, 0x00000007c0000000, 0x00000007c0000000)
 Metaspace       used 43674K, capacity 44920K, committed 45100K, reserved 1089536K
  class space    used 5354K, capacity 5667K, committed 5676K, reserved 1048576K
2019-01-30T12:57:43.450+0600: 4861.022: [GC (Allocation Failure) 2019-01-30T12:57:43.450+0600: 4861.022: [ParNew
Desired survivor size 20112992 bytes, new threshold 8 (max 8)
- age   1:    5884112 bytes,    5884112 total
- age   2:       1152 bytes,    5885264 total
- age   3:       1088 bytes,    5886352 total
- age   4:       1056 bytes,    5887408 total
- age   5:       1976 bytes,    5889384 total
: 96564K->6548K(109248K), 0.0087321 secs] 251084K->161068K(502464K), 0.0088184 secs] [Times: user=0.03 sys=0.00, real=0.00 secs] 
Heap after GC invocations=19432 (full 20):
 par new generation   total 109248K, used 6548K [0x00000007a0000000, 0x00000007a8000000, 0x00000007a8000000)
  eden space 87424K,   0% used [0x00000007a0000000, 0x00000007a0000000, 0x00000007a5560000)
  from space 21824K,  30% used [0x00000007a5560000, 0x00000007a5bc5350, 0x00000007a6ab0000)
  to   space 21824K,   0% used [0x00000007a6ab0000, 0x00000007a6ab0000, 0x00000007a8000000)
 concurrent mark-sweep generation total 393216K, used 154520K [0x00000007a8000000, 0x00000007c0000000, 0x00000007c0000000)
 Metaspace       used 43674K, capacity 44920K, committed 45100K, reserved 1089536K
  class space    used 5354K, capacity 5667K, committed 5676K, reserved 1048576K
}
2019-01-30T12:57:43.459+0600: 4861.031: Total time for which application threads were stopped: 0.0090433 seconds, Stopping threads took: 0.0000208 seconds
{Heap before GC invocations=19432 (full 20):
 par new generation   total 109248K, used 93972K [0x00000007a0000000, 0x00000007a8000000, 0x00000007a8000000)
  eden space 87424K, 100% used [0x00000007a0000000, 0x00000007a5560000, 0x00000007a5560000)
  from space 21824K,  30% used [0x00000007a5560000, 0x00000007a5bc5350, 0x00000007a6ab0000)
  to   space 21824K,   0% used [0x00000007a6ab0000, 0x00000007a6ab0000, 0x00000007a8000000)
 concurrent mark-sweep generation total 393216K, used 154520K [0x00000007a8000000, 0x00000007c0000000, 0x00000007c0000000)
 Metaspace       used 43674K, capacity 44920K, committed 45100K, reserved 1089536K
  class space    used 5354K, capacity 5667K, committed 5676K, reserved 1048576K
2019-01-30T12:57:43.653+0600: 4861.225: [GC (Allocation Failure) 2019-01-30T12:57:43.653+0600: 4861.225: [ParNew
Desired survivor size 20112992 bytes, new threshold 8 (max 8)
- age   1:   19157248 bytes,   19157248 total
- age   2:       1168 bytes,   19158416 total
- age   3:       1152 bytes,   19159568 total
- age   4:       1088 bytes,   19160656 total
- age   5:       1056 bytes,   19161712 total
- age   6:       1976 bytes,   19163688 total
: 93972K->21075K(109248K), 0.0174497 secs] 248492K->175595K(502464K), 0.0175428 secs] [Times: user=0.06 sys=0.00, real=0.02 secs] 
Heap after GC invocations=19433 (full 20):
 par new generation   total 109248K, used 21075K [0x00000007a0000000, 0x00000007a8000000, 0x00000007a8000000)
  eden space 87424K,   0% used [0x00000007a0000000, 0x00000007a0000000, 0x00000007a5560000)
  from space 21824K,  96% used [0x00000007a6ab0000, 0x00000007a7f44e50, 0x00000007a8000000)
  to   space 21824K,   0% used [0x00000007a5560000, 0x00000007a5560000, 0x00000007a6ab0000)
 concurrent mark-sweep generation total 393216K, used 154520K [0x00000007a8000000, 0x00000007c0000000, 0x00000007c0000000)
 Metaspace       used 43674K, capacity 44920K, committed 45100K, reserved 1089536K
  class space    used 5354K, capacity 5667K, committed 5676K, reserved 1048576K
}
2019-01-30T12:57:43.671+0600: 4861.243: Total time for which application threads were stopped: 0.0177729 seconds, Stopping threads took: 0.0000321 seconds
{Heap before GC invocations=19433 (full 20):
 par new generation   total 109248K, used 108441K [0x00000007a0000000, 0x00000007a8000000, 0x00000007a8000000)
  eden space 87424K,  99% used [0x00000007a0000000, 0x00000007a5551918, 0x00000007a5560000)
  from space 21824K,  96% used [0x00000007a6ab0000, 0x00000007a7f44e50, 0x00000007a8000000)
  to   space 21824K,   0% used [0x00000007a5560000, 0x00000007a5560000, 0x00000007a6ab0000)
 concurrent mark-sweep generation total 393216K, used 154520K [0x00000007a8000000, 0x00000007c0000000, 0x00000007c0000000)
 Metaspace       used 43674K, capacity 44920K, committed 45100K, reserved 1089536K
  class space    used 5354K, capacity 5667K, committed 5676K, reserved 1048576K
2019-01-30T12:57:43.863+0600: 4861.434: [GC (Allocation Failure) 2019-01-30T12:57:43.863+0600: 4861.434: [ParNew
Desired survivor size 20112992 bytes, new threshold 8 (max 8)
- age   1:   14612552 bytes,   14612552 total
- age   2:        976 bytes,   14613528 total
- age   3:       1168 bytes,   14614696 total
- age   4:       1152 bytes,   14615848 total
- age   5:       1088 bytes,   14616936 total
- age   6:       1056 bytes,   14617992 total
- age   7:       1976 bytes,   14619968 total
: 108441K->21824K(109248K), 0.0146512 secs] 262961K->176344K(502464K), 0.0147553 secs] [Times: user=0.06 sys=0.00, real=0.01 secs] 
Heap after GC invocations=19434 (full 20):
 par new generation   total 109248K, used 21824K [0x00000007a0000000, 0x00000007a8000000, 0x00000007a8000000)
  eden space 87424K,   0% used [0x00000007a0000000, 0x00000007a0000000, 0x00000007a5560000)
  from space 21824K, 100% used [0x00000007a5560000, 0x00000007a6ab0000, 0x00000007a6ab0000)
  to   space 21824K,   0% used [0x00000007a6ab0000, 0x00000007a6ab0000, 0x00000007a8000000)
 concurrent mark-sweep generation total 393216K, used 154520K [0x00000007a8000000, 0x00000007c0000000, 0x00000007c0000000)
 Metaspace       used 43674K, capacity 44920K, committed 45100K, reserved 1089536K
  class space    used 5354K, capacity 5667K, committed 5676K, reserved 1048576K
}
2019-01-30T12:57:43.877+0600: 4861.449: Total time for which application threads were stopped: 0.0149891 seconds, Stopping threads took: 0.0000252 seconds
{Heap before GC invocations=19434 (full 20):
 par new generation   total 109248K, used 109248K [0x00000007a0000000, 0x00000007a8000000, 0x00000007a8000000)
  eden space 87424K, 100% used [0x00000007a0000000, 0x00000007a5560000, 0x00000007a5560000)
  from space 21824K, 100% used [0x00000007a5560000, 0x00000007a6ab0000, 0x00000007a6ab0000)
  to   space 21824K,   0% used [0x00000007a6ab0000, 0x00000007a6ab0000, 0x00000007a8000000)
 concurrent mark-sweep generation total 393216K, used 154520K [0x00000007a8000000, 0x00000007c0000000, 0x00000007c0000000)
 Metaspace       used 43674K, capacity 44920K, committed 45100K, reserved 1089536K
  class space    used 5354K, capacity 5667K, committed 5676K, reserved 1048576K
2019-01-30T12:57:44.076+0600: 4861.648: [GC (Allocation Failure) 2019-01-30T12:57:44.077+0600: 4861.648: [ParNew
Desired survivor size 20112992 bytes, new threshold 8 (max 8)
- age   1:   11081680 bytes,   11081680 total
- age   2:       1080 bytes,   11082760 total
- age   3:        976 bytes,   11083736 total
- age   4:       1168 bytes,   11084904 total
- age   5:       1152 bytes,   11086056 total
- age   6:       1088 bytes,   11087144 total
- age   7:       1056 bytes,   11088200 total
- age   8:       1976 bytes,   11090176 total
: 109248K->14558K(109248K), 0.0125604 secs] 263768K->169078K(502464K), 0.0126320 secs] [Times: user=0.04 sys=0.00, real=0.01 secs] 
Heap after GC invocations=19435 (full 20):
 par new generation   total 109248K, used 14558K [0x00000007a0000000, 0x00000007a8000000, 0x00000007a8000000)
  eden space 87424K,   0% used [0x00000007a0000000, 0x00000007a0000000, 0x00000007a5560000)
  from space 21824K,  66% used [0x00000007a6ab0000, 0x00000007a78e7890, 0x00000007a8000000)
  to   space 21824K,   0% used [0x00000007a5560000, 0x00000007a5560000, 0x00000007a6ab0000)
 concurrent mark-sweep generation total 393216K, used 154520K [0x00000007a8000000, 0x00000007c0000000, 0x00000007c0000000)
 Metaspace       used 43674K, capacity 44920K, committed 45100K, reserved 1089536K
  class space    used 5354K, capacity 5667K, committed 5676K, reserved 1048576K
}
2019-01-30T12:57:44.089+0600: 4861.661: Total time for which application threads were stopped: 0.0128644 seconds, Stopping threads took: 0.0000236 seconds
{Heap before GC invocations=19435 (full 20):
 par new generation   total 109248K, used 101982K [0x00000007a0000000, 0x00000007a8000000, 0x00000007a8000000)
  eden space 87424K, 100% used [0x00000007a0000000, 0x00000007a5560000, 0x00000007a5560000)
  from space 21824K,  66% used [0x00000007a6ab0000, 0x00000007a78e7890, 0x00000007a8000000)
  to   space 21824K,   0% used [0x00000007a5560000, 0x00000007a5560000, 0x00000007a6ab0000)
 concurrent mark-sweep generation total 393216K, used 154520K [0x00000007a8000000, 0x00000007c0000000, 0x00000007c0000000)
 Metaspace       used 43674K, capacity 44920K, committed 45100K, reserved 1089536K
  class space    used 5354K, capacity 5667K, committed 5676K, reserved 1048576K
2019-01-30T12:57:44.289+0600: 4861.861: [GC (Allocation Failure) 2019-01-30T12:57:44.289+0600: 4861.861: [ParNew
Desired survivor size 20112992 bytes, new threshold 8 (max 8)
- age   1:    7693368 bytes,    7693368 total
- age   2:       1104 bytes,    7694472 total
- age   3:       1080 bytes,    7695552 total
- age   4:        976 bytes,    7696528 total
- age   5:       1168 bytes,    7697696 total
- age   6:       1152 bytes,    7698848 total
- age   7:       1088 bytes,    7699936 total
- age   8:       1056 bytes,    7700992 total
: 101982K->10738K(109248K), 0.0103323 secs] 256502K->165260K(502464K), 0.0104349 secs] [Times: user=0.03 sys=0.00, real=0.02 secs] 
Heap after GC invocations=19436 (full 20):
 par new generation   total 109248K, used 10738K [0x00000007a0000000, 0x00000007a8000000, 0x00000007a8000000)
  eden space 87424K,   0% used [0x00000007a0000000, 0x00000007a0000000, 0x00000007a5560000)
  from space 21824K,  49% used [0x00000007a5560000, 0x00000007a5fdc8c0, 0x00000007a6ab0000)
  to   space 21824K,   0% used [0x00000007a6ab0000, 0x00000007a6ab0000, 0x00000007a8000000)
 concurrent mark-sweep generation total 393216K, used 154522K [0x00000007a8000000, 0x00000007c0000000, 0x00000007c0000000)
 Metaspace       used 43674K, capacity 44920K, committed 45100K, reserved 1089536K
  class space    used 5354K, capacity 5667K, committed 5676K, reserved 1048576K
}
2019-01-30T12:57:44.300+0600: 4861.872: Total time for which application threads were stopped: 0.0106732 seconds, Stopping threads took: 0.0000326 seconds
{Heap before GC invocations=19436 (full 20):
 par new generation   total 109248K, used 98162K [0x00000007a0000000, 0x00000007a8000000, 0x00000007a8000000)
  eden space 87424K, 100% used [0x00000007a0000000, 0x00000007a5560000, 0x00000007a5560000)
  from space 21824K,  49% used [0x00000007a5560000, 0x00000007a5fdc8c0, 0x00000007a6ab0000)
  to   space 21824K,   0% used [0x00000007a6ab0000, 0x00000007a6ab0000, 0x00000007a8000000)
 concurrent mark-sweep generation total 393216K, used 154522K [0x00000007a8000000, 0x00000007c0000000, 0x00000007c0000000)
 Metaspace       used 43674K, capacity 44920K, committed 45100K, reserved 1089536K
  class space    used 5354K, capacity 5667K, committed 5676K, reserved 1048576K
2019-01-30T12:57:44.497+0600: 4862.069: [GC (Allocation Failure) 2019-01-30T12:57:44.497+0600: 4862.069: [ParNew
Desired survivor size 20112992 bytes, new threshold 8 (max 8)
- age   1:    5897960 bytes,    5897960 total
- age   2:       1136 bytes,    5899096 total
- age   3:       1104 bytes,    5900200 total
- age   4:       1080 bytes,    5901280 total
- age   5:        976 bytes,    5902256 total
- age   6:       1168 bytes,    5903424 total
- age   7:       1152 bytes,    5904576 total
- age   8:       1088 bytes,    5905664 total
: 98162K->8308K(109248K), 0.0088029 secs] 252684K->162831K(502464K), 0.0089145 secs] [Times: user=0.03 sys=0.00, real=0.01 secs] 
Heap after GC invocations=19437 (full 20):
 par new generation   total 109248K, used 8308K [0x00000007a0000000, 0x00000007a8000000, 0x00000007a8000000)
  eden space 87424K,   0% used [0x00000007a0000000, 0x00000007a0000000, 0x00000007a5560000)
  from space 21824K,  38% used [0x00000007a6ab0000, 0x00000007a72cd158, 0x00000007a8000000)
  to   space 21824K,   0% used [0x00000007a5560000, 0x00000007a5560000, 0x00000007a6ab0000)
 concurrent mark-sweep generation total 393216K, used 154523K [0x00000007a8000000, 0x00000007c0000000, 0x00000007c0000000)
 Metaspace       used 43674K, capacity 44920K, committed 45100K, reserved 1089536K
  class space    used 5354K, capacity 5667K, committed 5676K, reserved 1048576K
}
2019-01-30T12:57:44.506+0600: 4862.078: Total time for which application threads were stopped: 0.0091917 seconds, Stopping threads took: 0.0000225 seconds
{Heap before GC invocations=19437 (full 20):
 par new generation   total 109248K, used 95732K [0x00000007a0000000, 0x00000007a8000000, 0x00000007a8000000)
  eden space 87424K, 100% used [0x00000007a0000000, 0x00000007a5560000, 0x00000007a5560000)
  from space 21824K,  38% used [0x00000007a6ab0000, 0x00000007a72cd158, 0x00000007a8000000)
  to   space 21824K,   0% used [0x00000007a5560000, 0x00000007a5560000, 0x00000007a6ab0000)
 concurrent mark-sweep generation total 393216K, used 154523K [0x00000007a8000000, 0x00000007c0000000, 0x00000007c0000000)
 Metaspace       used 43674K, capacity 44920K, committed 45100K, reserved 1089536K
  class space    used 5354K, capacity 5667K, committed 5676K, reserved 1048576K
2019-01-30T12:57:44.707+0600: 4862.279: [GC (Allocation Failure) 2019-01-30T12:57:44.707+0600: 4862.279: [ParNew
Desired survivor size 20112992 bytes, new threshold 1 (max 8)
- age   1:   21111000 bytes,   21111000 total
- age   2:       1152 bytes,   21112152 total
- age   3:       1136 bytes,   21113288 total
- age   4:       1104 bytes,   21114392 total
- age   5:       1080 bytes,   21115472 total
- age   6:        976 bytes,   21116448 total
- age   7:       1168 bytes,   21117616 total
- age   8:       1152 bytes,   21118768 total
: 95732K->21335K(109248K), 0.0186772 secs] 250255K->175859K(502464K), 0.0187849 secs] [Times: user=0.07 sys=0.00, real=0.02 secs] 
Heap after GC invocations=19438 (full 20):
 par new generation   total 109248K, used 21335K [0x00000007a0000000, 0x00000007a8000000, 0x00000007a8000000)
  eden space 87424K,   0% used [0x00000007a0000000, 0x00000007a0000000, 0x00000007a5560000)
  from space 21824K,  97% used [0x00000007a5560000, 0x00000007a6a35cd8, 0x00000007a6ab0000)
  to   space 21824K,   0% used [0x00000007a6ab0000, 0x00000007a6ab0000, 0x00000007a8000000)
 concurrent mark-sweep generation total 393216K, used 154524K [0x00000007a8000000, 0x00000007c0000000, 0x00000007c0000000)
 Metaspace       used 43674K, capacity 44920K, committed 45100K, reserved 1089536K
  class space    used 5354K, capacity 5667K, committed 5676K, reserved 1048576K
}
2019-01-30T12:57:44.726+0600: 4862.297: Total time for which application threads were stopped: 0.0190237 seconds, Stopping threads took: 0.0000228 seconds
{Heap before GC invocations=19438 (full 20):
 par new generation   total 109248K, used 108750K [0x00000007a0000000, 0x00000007a8000000, 0x00000007a8000000)
  eden space 87424K,  99% used [0x00000007a0000000, 0x00000007a555dc48, 0x00000007a5560000)
  from space 21824K,  97% used [0x00000007a5560000, 0x00000007a6a35cd8, 0x00000007a6ab0000)
  to   space 21824K,   0% used [0x00000007a6ab0000, 0x00000007a6ab0000, 0x00000007a8000000)
 concurrent mark-sweep generation total 393216K, used 154524K [0x00000007a8000000, 0x00000007c0000000, 0x00000007c0000000)
 Metaspace       used 43674K, capacity 44920K, committed 45100K, reserved 1089536K
  class space    used 5354K, capacity 5667K, committed 5676K, reserved 1048576K
2019-01-30T12:57:44.914+0600: 4862.486: [GC (Allocation Failure) 2019-01-30T12:57:44.914+0600: 4862.486: [ParNew
Desired survivor size 20112992 bytes, new threshold 8 (max 8)
- age   1:   16027008 bytes,   16027008 total
: 108750K->21824K(109248K), 0.0159164 secs] 263274K->176357K(502464K), 0.0160173 secs] [Times: user=0.06 sys=0.00, real=0.02 secs] 
Heap after GC invocations=19439 (full 20):
 par new generation   total 109248K, used 21824K [0x00000007a0000000, 0x00000007a8000000, 0x00000007a8000000)
  eden space 87424K,   0% used [0x00000007a0000000, 0x00000007a0000000, 0x00000007a5560000)
  from space 21824K, 100% used [0x00000007a6ab0000, 0x00000007a8000000, 0x00000007a8000000)
  to   space 21824K,   0% used [0x00000007a5560000, 0x00000007a5560000, 0x00000007a6ab0000)
 concurrent mark-sweep generation total 393216K, used 154533K [0x00000007a8000000, 0x00000007c0000000, 0x00000007c0000000)
 Metaspace       used 43674K, capacity 44920K, committed 45100K, reserved 1089536K
  class space    used 5354K, capacity 5667K, committed 5676K, reserved 1048576K
}
2019-01-30T12:57:44.930+0600: 4862.502: Total time for which application threads were stopped: 0.0162471 seconds, Stopping threads took: 0.0000301 seconds
{Heap before GC invocations=19439 (full 20):
 par new generation   total 109248K, used 109248K [0x00000007a0000000, 0x00000007a8000000, 0x00000007a8000000)
  eden space 87424K, 100% used [0x00000007a0000000, 0x00000007a5560000, 0x00000007a5560000)
  from space 21824K, 100% used [0x00000007a6ab0000, 0x00000007a8000000, 0x00000007a8000000)
  to   space 21824K,   0% used [0x00000007a5560000, 0x00000007a5560000, 0x00000007a6ab0000)
 concurrent mark-sweep generation total 393216K, used 154533K [0x00000007a8000000, 0x00000007c0000000, 0x00000007c0000000)
 Metaspace       used 43674K, capacity 44920K, committed 45100K, reserved 1089536K
  class space    used 5354K, capacity 5667K, committed 5676K, reserved 1048576K
2019-01-30T12:57:45.130+0600: 4862.702: [GC (Allocation Failure) 2019-01-30T12:57:45.130+0600: 4862.702: [ParNew
Desired survivor size 20112992 bytes, new threshold 8 (max 8)
- age   1:   12762528 bytes,   12762528 total
- age   2:        992 bytes,   12763520 total
: 109248K->18214K(109248K), 0.0130086 secs] 263781K->172747K(502464K), 0.0131143 secs] [Times: user=0.05 sys=0.00, real=0.01 secs] 
Heap after GC invocations=19440 (full 20):
 par new generation   total 109248K, used 18214K [0x00000007a0000000, 0x00000007a8000000, 0x00000007a8000000)
  eden space 87424K,   0% used [0x00000007a0000000, 0x00000007a0000000, 0x00000007a5560000)
  from space 21824K,  83% used [0x00000007a5560000, 0x00000007a6729a00, 0x00000007a6ab0000)
  to   space 21824K,   0% used [0x00000007a6ab0000, 0x00000007a6ab0000, 0x00000007a8000000)
 concurrent mark-sweep generation total 393216K, used 154533K [0x00000007a8000000, 0x00000007c0000000, 0x00000007c0000000)
 Metaspace       used 43674K, capacity 44920K, committed 45100K, reserved 1089536K
  class space    used 5354K, capacity 5667K, committed 5676K, reserved 1048576K
}
2019-01-30T12:57:45.144+0600: 4862.715: Total time for which application threads were stopped: 0.0133482 seconds, Stopping threads took: 0.0000235 seconds
{Heap before GC invocations=19440 (full 20):
 par new generation   total 109248K, used 105638K [0x00000007a0000000, 0x00000007a8000000, 0x00000007a8000000)
  eden space 87424K, 100% used [0x00000007a0000000, 0x00000007a5560000, 0x00000007a5560000)
  from space 21824K,  83% used [0x00000007a5560000, 0x00000007a6729a00, 0x00000007a6ab0000)
  to   space 21824K,   0% used [0x00000007a6ab0000, 0x00000007a6ab0000, 0x00000007a8000000)
 concurrent mark-sweep generation total 393216K, used 154533K [0x00000007a8000000, 0x00000007c0000000, 0x00000007c0000000)
 Metaspace       used 43674K, capacity 44920K, committed 45100K, reserved 1089536K
  class space    used 5354K, capacity 5667K, committed 5676K, reserved 1048576K
2019-01-30T12:57:45.341+0600: 4862.913: [GC (Allocation Failure) 2019-01-30T12:57:45.341+0600: 4862.913: [ParNew
Desired survivor size 20112992 bytes, new threshold 8 (max 8)
- age   1:    9515128 bytes,    9515128 total
- age   2:       1008 bytes,    9516136 total
- age   3:        992 bytes,    9517128 total
: 105638K->13901K(109248K), 0.0111375 secs] 260171K->168435K(502464K), 0.0112341 secs] [Times: user=0.04 sys=0.00, real=0.01 secs] 
Heap after GC invocations=19441 (full 20):
 par new generation   total 109248K, used 13901K [0x00000007a0000000, 0x00000007a8000000, 0x00000007a8000000)
  eden space 87424K,   0% used [0x00000007a0000000, 0x00000007a0000000, 0x00000007a5560000)
  from space 21824K,  63% used [0x00000007a6ab0000, 0x00000007a78437c0, 0x00000007a8000000)
  to   space 21824K,   0% used [0x00000007a5560000, 0x00000007a5560000, 0x00000007a6ab0000)
 concurrent mark-sweep generation total 393216K, used 154533K [0x00000007a8000000, 0x00000007c0000000, 0x00000007c0000000)
 Metaspace       used 43674K, capacity 44920K, committed 45100K, reserved 1089536K
  class space    used 5354K, capacity 5667K, committed 5676K, reserved 1048576K
}
2019-01-30T12:57:45.353+0600: 4862.924: Total time for which application threads were stopped: 0.0114631 seconds, Stopping threads took: 0.0000212 seconds
{Heap before GC invocations=19441 (full 20):
 par new generation   total 109248K, used 101325K [0x00000007a0000000, 0x00000007a8000000, 0x00000007a8000000)
  eden space 87424K, 100% used [0x00000007a0000000, 0x00000007a5560000, 0x00000007a5560000)
  from space 21824K,  63% used [0x00000007a6ab0000, 0x00000007a78437c0, 0x00000007a8000000)
  to   space 21824K,   0% used [0x00000007a5560000, 0x00000007a5560000, 0x00000007a6ab0000)
 concurrent mark-sweep generation total 393216K, used 154533K [0x00000007a8000000, 0x00000007c0000000, 0x00000007c0000000)
 Metaspace       used 43674K, capacity 44920K, committed 45100K, reserved 1089536K
  class space    used 5354K, capacity 5667K, committed 5676K, reserved 1048576K
2019-01-30T12:57:45.559+0600: 4863.131: [GC (Allocation Failure) 2019-01-30T12:57:45.559+0600: 4863.131: [ParNew
Desired survivor size 20112992 bytes, new threshold 8 (max 8)
- age   1:    5961080 bytes,    5961080 total
- age   2:       1152 bytes,    5962232 total
- age   3:       1008 bytes,    5963240 total
- age   4:        992 bytes,    5964232 total
: 101325K->7834K(109248K), 0.0088938 secs] 255859K->162367K(502464K), 0.0090118 secs] [Times: user=0.03 sys=0.01, real=0.01 secs] 
Heap after GC invocations=19442 (full 20):
 par new generation   total 109248K, used 7834K [0x00000007a0000000, 0x00000007a8000000, 0x00000007a8000000)
  eden space 87424K,   0% used [0x00000007a0000000, 0x00000007a0000000, 0x00000007a5560000)
  from space 21824K,  35% used [0x00000007a5560000, 0x00000007a5d06a30, 0x00000007a6ab0000)
  to   space 21824K,   0% used [0x00000007a6ab0000, 0x00000007a6ab0000, 0x00000007a8000000)
 concurrent mark-sweep generation total 393216K, used 154533K [0x00000007a8000000, 0x00000007c0000000, 0x00000007c0000000)
 Metaspace       used 43674K, capacity 44920K, committed 45100K, reserved 1089536K
  class space    used 5354K, capacity 5667K, committed 5676K, reserved 1048576K
}
2019-01-30T12:57:45.568+0600: 4863.140: Total time for which application threads were stopped: 0.0092622 seconds, Stopping threads took: 0.0000225 seconds
{Heap before GC invocations=19442 (full 20):
 par new generation   total 109248K, used 95258K [0x00000007a0000000, 0x00000007a8000000, 0x00000007a8000000)
  eden space 87424K, 100% used [0x00000007a0000000, 0x00000007a5560000, 0x00000007a5560000)
  from space 21824K,  35% used [0x00000007a5560000, 0x00000007a5d06a30, 0x00000007a6ab0000)
  to   space 21824K,   0% used [0x00000007a6ab0000, 0x00000007a6ab0000, 0x00000007a8000000)
 concurrent mark-sweep generation total 393216K, used 154533K [0x00000007a8000000, 0x00000007c0000000, 0x00000007c0000000)
 Metaspace       used 43674K, capacity 44920K, committed 45100K, reserved 1089536K
  class space    used 5354K, capacity 5667K, committed 5676K, reserved 1048576K
2019-01-30T12:57:45.779+0600: 4863.351: [GC (Allocation Failure) 2019-01-30T12:57:45.779+0600: 4863.351: [ParNew
Desired survivor size 20112992 bytes, new threshold 8 (max 8)
- age   1:    5884456 bytes,    5884456 total
- age   2:       1136 bytes,    5885592 total
- age   3:       1152 bytes,    5886744 total
- age   4:       1008 bytes,    5887752 total
- age   5:        992 bytes,    5888744 total
: 95258K->8003K(109248K), 0.0083389 secs] 249791K->162537K(502464K), 0.0084339 secs] [Times: user=0.03 sys=0.00, real=0.01 secs] 
Heap after GC invocations=19443 (full 20):
 par new generation   total 109248K, used 8003K [0x00000007a0000000, 0x00000007a8000000, 0x00000007a8000000)
  eden space 87424K,   0% used [0x00000007a0000000, 0x00000007a0000000, 0x00000007a5560000)
  from space 21824K,  36% used [0x00000007a6ab0000, 0x00000007a7280f90, 0x00000007a8000000)
  to   space 21824K,   0% used [0x00000007a5560000, 0x00000007a5560000, 0x00000007a6ab0000)
 concurrent mark-sweep generation total 393216K, used 154533K [0x00000007a8000000, 0x00000007c0000000, 0x00000007c0000000)
 Metaspace       used 43674K, capacity 44920K, committed 45100K, reserved 1089536K
  class space    used 5354K, capacity 5667K, committed 5676K, reserved 1048576K
}
2019-01-30T12:57:45.787+0600: 4863.359: Total time for which application threads were stopped: 0.0086693 seconds, Stopping threads took: 0.0000216 seconds
{Heap before GC invocations=19443 (full 20):
 par new generation   total 109248K, used 95427K [0x00000007a0000000, 0x00000007a8000000, 0x00000007a8000000)
  eden space 87424K, 100% used [0x00000007a0000000, 0x00000007a5560000, 0x00000007a5560000)
  from space 21824K,  36% used [0x00000007a6ab0000, 0x00000007a7280f90, 0x00000007a8000000)
  to   space 21824K,   0% used [0x00000007a5560000, 0x00000007a5560000, 0x00000007a6ab0000)
 concurrent mark-sweep generation total 393216K, used 154533K [0x00000007a8000000, 0x00000007c0000000, 0x00000007c0000000)
 Metaspace       used 43674K, capacity 44920K, committed 45100K, reserved 1089536K
  class space    used 5354K, capacity 5667K, committed 5676K, reserved 1048576K
2019-01-30T12:57:45.994+0600: 4863.566: [GC (Allocation Failure) 2019-01-30T12:57:45.994+0600: 4863.566: [ParNew
Desired survivor size 20112992 bytes, new threshold 8 (max 8)
- age   1:   19155936 bytes,   19155936 total
- age   2:       1144 bytes,   19157080 total
- age   3:       1136 bytes,   19158216 total
- age   4:       1152 bytes,   19159368 total
- age   5:       1008 bytes,   19160376 total
- age   6:        992 bytes,   19161368 total
: 95427K->19966K(109248K), 0.0214874 secs] 249961K->174499K(502464K), 0.0215874 secs] [Times: user=0.06 sys=0.00, real=0.02 secs] 
Heap after GC invocations=19444 (full 20):
 par new generation   total 109248K, used 19966K [0x00000007a0000000, 0x00000007a8000000, 0x00000007a8000000)
  eden space 87424K,   0% used [0x00000007a0000000, 0x00000007a0000000, 0x00000007a5560000)
  from space 21824K,  91% used [0x00000007a5560000, 0x00000007a68df840, 0x00000007a6ab0000)
  to   space 21824K,   0% used [0x00000007a6ab0000, 0x00000007a6ab0000, 0x00000007a8000000)
 concurrent mark-sweep generation total 393216K, used 154533K [0x00000007a8000000, 0x00000007c0000000, 0x00000007c0000000)
 Metaspace       used 43674K, capacity 44920K, committed 45100K, reserved 1089536K
  class space    used 5354K, capacity 5667K, committed 5676K, reserved 1048576K
}
2019-01-30T12:57:46.016+0600: 4863.588: Total time for which application threads were stopped: 0.0218235 seconds, Stopping threads took: 0.0000235 seconds
{Heap before GC invocations=19444 (full 20):
 par new generation   total 109248K, used 107336K [0x00000007a0000000, 0x00000007a8000000, 0x00000007a8000000)
  eden space 87424K,  99% used [0x00000007a0000000, 0x00000007a5552b58, 0x00000007a5560000)
  from space 21824K,  91% used [0x00000007a5560000, 0x00000007a68df840, 0x00000007a6ab0000)
  to   space 21824K,   0% used [0x00000007a6ab0000, 0x00000007a6ab0000, 0x00000007a8000000)
 concurrent mark-sweep generation total 393216K, used 154533K [0x00000007a8000000, 0x00000007c0000000, 0x00000007c0000000)
 Metaspace       used 43674K, capacity 44920K, committed 45100K, reserved 1089536K
  class space    used 5354K, capacity 5667K, committed 5676K, reserved 1048576K
2019-01-30T12:57:46.226+0600: 4863.797: [GC (Allocation Failure) 2019-01-30T12:57:46.226+0600: 4863.797: [ParNew
Desired survivor size 20112992 bytes, new threshold 8 (max 8)
- age   1:   14612752 bytes,   14612752 total
- age   2:        968 bytes,   14613720 total
- age   3:       1144 bytes,   14614864 total
- age   4:       1136 bytes,   14616000 total
- age   5:       1152 bytes,   14617152 total
- age   6:       1008 bytes,   14618160 total
- age   7:        992 bytes,   14619152 total
: 107336K->21824K(109248K), 0.0156210 secs] 261870K->176357K(502464K), 0.0157344 secs] [Times: user=0.05 sys=0.00, real=0.02 secs] 
Heap after GC invocations=19445 (full 20):
 par new generation   total 109248K, used 21824K [0x00000007a0000000, 0x00000007a8000000, 0x00000007a8000000)
  eden space 87424K,   0% used [0x00000007a0000000, 0x00000007a0000000, 0x00000007a5560000)
  from space 21824K, 100% used [0x00000007a6ab0000, 0x00000007a8000000, 0x00000007a8000000)
  to   space 21824K,   0% used [0x00000007a5560000, 0x00000007a5560000, 0x00000007a6ab0000)
 concurrent mark-sweep generation total 393216K, used 154533K [0x00000007a8000000, 0x00000007c0000000, 0x00000007c0000000)
 Metaspace       used 43674K, capacity 44920K, committed 45100K, reserved 1089536K
  class space    used 5354K, capacity 5667K, committed 5676K, reserved 1048576K
}
2019-01-30T12:57:46.241+0600: 4863.813: Total time for which application threads were stopped: 0.0159726 seconds, Stopping threads took: 0.0000234 seconds
{Heap before GC invocations=19445 (full 20):
 par new generation   total 109248K, used 109248K [0x00000007a0000000, 0x00000007a8000000, 0x00000007a8000000)
  eden space 87424K, 100% used [0x00000007a0000000, 0x00000007a5560000, 0x00000007a5560000)
  from space 21824K, 100% used [0x00000007a6ab0000, 0x00000007a8000000, 0x00000007a8000000)
  to   space 21824K,   0% used [0x00000007a5560000, 0x00000007a5560000, 0x00000007a6ab0000)
 concurrent mark-sweep generation total 393216K, used 154533K [0x00000007a8000000, 0x00000007c0000000, 0x00000007c0000000)
 Metaspace       used 43674K, capacity 44920K, committed 45100K, reserved 1089536K
  class space    used 5354K, capacity 5667K, committed 5676K, reserved 1048576K
2019-01-30T12:57:46.448+0600: 4864.019: [GC (Allocation Failure) 2019-01-30T12:57:46.448+0600: 4864.019: [ParNew
Desired survivor size 20112992 bytes, new threshold 8 (max 8)
- age   1:   11081064 bytes,   11081064 total
- age   2:       1112 bytes,   11082176 total
- age   3:        968 bytes,   11083144 total
- age   4:       1144 bytes,   11084288 total
- age   5:       1136 bytes,   11085424 total
- age   6:       1152 bytes,   11086576 total
- age   7:       1008 bytes,   11087584 total
- age   8:        992 bytes,   11088576 total
: 109248K->16187K(109248K), 0.0125659 secs] 263781K->170720K(502464K), 0.0126659 secs] [Times: user=0.04 sys=0.00, real=0.02 secs] 
Heap after GC invocations=19446 (full 20):
 par new generation   total 109248K, used 16187K [0x00000007a0000000, 0x00000007a8000000, 0x00000007a8000000)
  eden space 87424K,   0% used [0x00000007a0000000, 0x00000007a0000000, 0x00000007a5560000)
  from space 21824K,  74% used [0x00000007a5560000, 0x00000007a652edb0, 0x00000007a6ab0000)
  to   space 21824K,   0% used [0x00000007a6ab0000, 0x00000007a6ab0000, 0x00000007a8000000)
 concurrent mark-sweep generation total 393216K, used 154533K [0x00000007a8000000, 0x00000007c0000000, 0x00000007c0000000)
 Metaspace       used 43674K, capacity 44920K, committed 45100K, reserved 1089536K
  class space    used 5354K, capacity 5667K, committed 5676K, reserved 1048576K
}
2019-01-30T12:57:46.460+0600: 4864.032: Total time for which application threads were stopped: 0.0129012 seconds, Stopping threads took: 0.0000253 seconds
{Heap before GC invocations=19446 (full 20):
 par new generation   total 109248K, used 103611K [0x00000007a0000000, 0x00000007a8000000, 0x00000007a8000000)
  eden space 87424K, 100% used [0x00000007a0000000, 0x00000007a5560000, 0x00000007a5560000)
  from space 21824K,  74% used [0x00000007a5560000, 0x00000007a652edb0, 0x00000007a6ab0000)
  to   space 21824K,   0% used [0x00000007a6ab0000, 0x00000007a6ab0000, 0x00000007a8000000)
 concurrent mark-sweep generation total 393216K, used 154533K [0x00000007a8000000, 0x00000007c0000000, 0x00000007c0000000)
 Metaspace       used 43674K, capacity 44920K, committed 45100K, reserved 1089536K
  class space    used 5354K, capacity 5667K, committed 5676K, reserved 1048576K
2019-01-30T12:57:46.665+0600: 4864.236: [GC (Allocation Failure) 2019-01-30T12:57:46.665+0600: 4864.236: [ParNew
Desired survivor size 20112992 bytes, new threshold 8 (max 8)
- age   1:    7627752 bytes,    7627752 total
- age   2:       1152 bytes,    7628904 total
- age   3:       1112 bytes,    7630016 total
- age   4:        968 bytes,    7630984 total
- age   5:       1144 bytes,    7632128 total
- age   6:       1136 bytes,    7633264 total
- age   7:       1152 bytes,    7634416 total
- age   8:       1008 bytes,    7635424 total
: 103611K->9939K(109248K), 0.0103836 secs] 258144K->164473K(502464K), 0.0104740 secs] [Times: user=0.04 sys=0.01, real=0.01 secs] 
Heap after GC invocations=19447 (full 20):
 par new generation   total 109248K, used 9939K [0x00000007a0000000, 0x00000007a8000000, 0x00000007a8000000)
  eden space 87424K,   0% used [0x00000007a0000000, 0x00000007a0000000, 0x00000007a5560000)
  from space 21824K,  45% used [0x00000007a6ab0000, 0x00000007a7464c80, 0x00000007a8000000)
  to   space 21824K,   0% used [0x00000007a5560000, 0x00000007a5560000, 0x00000007a6ab0000)
 concurrent mark-sweep generation total 393216K, used 154534K [0x00000007a8000000, 0x00000007c0000000, 0x00000007c0000000)
 Metaspace       used 43674K, capacity 44920K, committed 45100K, reserved 1089536K
  class space    used 5354K, capacity 5667K, committed 5676K, reserved 1048576K
}
2019-01-30T12:57:46.675+0600: 4864.247: Total time for which application threads were stopped: 0.0107014 seconds, Stopping threads took: 0.0000283 seconds
{Heap before GC invocations=19447 (full 20):
 par new generation   total 109248K, used 97363K [0x00000007a0000000, 0x00000007a8000000, 0x00000007a8000000)
  eden space 87424K, 100% used [0x00000007a0000000, 0x00000007a5560000, 0x00000007a5560000)
  from space 21824K,  45% used [0x00000007a6ab0000, 0x00000007a7464c80, 0x00000007a8000000)
  to   space 21824K,   0% used [0x00000007a5560000, 0x00000007a5560000, 0x00000007a6ab0000)
 concurrent mark-sweep generation total 393216K, used 154534K [0x00000007a8000000, 0x00000007c0000000, 0x00000007c0000000)
 Metaspace       used 43674K, capacity 44920K, committed 45100K, reserved 1089536K
  class space    used 5354K, capacity 5667K, committed 5676K, reserved 1048576K
2019-01-30T12:57:46.881+0600: 4864.453: [GC (Allocation Failure) 2019-01-30T12:57:46.881+0600: 4864.453: [ParNew
Desired survivor size 20112992 bytes, new threshold 8 (max 8)
- age   1:    5884840 bytes,    5884840 total
- age   2:       1656 bytes,    5886496 total
- age   3:       1152 bytes,    5887648 total
- age   4:       1112 bytes,    5888760 total
- age   5:        968 bytes,    5889728 total
- age   6:       1144 bytes,    5890872 total
- age   7:       1136 bytes,    5892008 total
- age   8:       1152 bytes,    5893160 total
: 97363K->9456K(109248K), 0.0085584 secs] 251897K->163991K(502464K), 0.0086509 secs] [Times: user=0.03 sys=0.00, real=0.01 secs] 
Heap after GC invocations=19448 (full 20):
 par new generation   total 109248K, used 9456K [0x00000007a0000000, 0x00000007a8000000, 0x00000007a8000000)
  eden space 87424K,   0% used [0x00000007a0000000, 0x00000007a0000000, 0x00000007a5560000)
  from space 21824K,  43% used [0x00000007a5560000, 0x00000007a5e9c090, 0x00000007a6ab0000)
  to   space 21824K,   0% used [0x00000007a6ab0000, 0x00000007a6ab0000, 0x00000007a8000000)
 concurrent mark-sweep generation total 393216K, used 154535K [0x00000007a8000000, 0x00000007c0000000, 0x00000007c0000000)
 Metaspace       used 43674K, capacity 44920K, committed 45100K, reserved 1089536K
  class space    used 5354K, capacity 5667K, committed 5676K, reserved 1048576K
}
2019-01-30T12:57:46.890+0600: 4864.461: Total time for which application threads were stopped: 0.0088875 seconds, Stopping threads took: 0.0000212 seconds
{Heap before GC invocations=19448 (full 20):
 par new generation   total 109248K, used 96880K [0x00000007a0000000, 0x00000007a8000000, 0x00000007a8000000)
  eden space 87424K, 100% used [0x00000007a0000000, 0x00000007a5560000, 0x00000007a5560000)
  from space 21824K,  43% used [0x00000007a5560000, 0x00000007a5e9c090, 0x00000007a6ab0000)
  to   space 21824K,   0% used [0x00000007a6ab0000, 0x00000007a6ab0000, 0x00000007a8000000)
 concurrent mark-sweep generation total 393216K, used 154535K [0x00000007a8000000, 0x00000007c0000000, 0x00000007c0000000)
 Metaspace       used 43674K, capacity 44920K, committed 45100K, reserved 1089536K
  class space    used 5354K, capacity 5667K, committed 5676K, reserved 1048576K
2019-01-30T12:57:47.093+0600: 4864.665: [GC (Allocation Failure) 2019-01-30T12:57:47.093+0600: 4864.665: [ParNew
Desired survivor size 20112992 bytes, new threshold 1 (max 8)
- age   1:   21051232 bytes,   21051232 total
- age   2:       1144 bytes,   21052376 total
- age   3:       1656 bytes,   21054032 total
- age   4:       1152 bytes,   21055184 total
- age   5:       1112 bytes,   21056296 total
- age   6:        968 bytes,   21057264 total
- age   7:       1144 bytes,   21058408 total
- age   8:       1136 bytes,   21059544 total
: 96880K->21430K(109248K), 0.0185767 secs] 251415K->175967K(502464K), 0.0186793 secs] [Times: user=0.07 sys=0.00, real=0.02 secs] 
Heap after GC invocations=19449 (full 20):
 par new generation   total 109248K, used 21430K [0x00000007a0000000, 0x00000007a8000000, 0x00000007a8000000)
  eden space 87424K,   0% used [0x00000007a0000000, 0x00000007a0000000, 0x00000007a5560000)
  from space 21824K,  98% used [0x00000007a6ab0000, 0x00000007a7f9db80, 0x00000007a8000000)
  to   space 21824K,   0% used [0x00000007a5560000, 0x00000007a5560000, 0x00000007a6ab0000)
 concurrent mark-sweep generation total 393216K, used 154536K [0x00000007a8000000, 0x00000007c0000000, 0x00000007c0000000)
 Metaspace       used 43674K, capacity 44920K, committed 45100K, reserved 1089536K
  class space    used 5354K, capacity 5667K, committed 5676K, reserved 1048576K
}
2019-01-30T12:57:47.112+0600: 4864.684: Total time for which application threads were stopped: 0.0189070 seconds, Stopping threads took: 0.0000235 seconds
{Heap before GC invocations=19449 (full 20):
 par new generation   total 109248K, used 107908K [0x00000007a0000000, 0x00000007a8000000, 0x00000007a8000000)
  eden space 87424K,  98% used [0x00000007a0000000, 0x00000007a54736b0, 0x00000007a5560000)
  from space 21824K,  98% used [0x00000007a6ab0000, 0x00000007a7f9db80, 0x00000007a8000000)
  to   space 21824K,   0% used [0x00000007a5560000, 0x00000007a5560000, 0x00000007a6ab0000)
 concurrent mark-sweep generation total 393216K, used 154536K [0x00000007a8000000, 0x00000007c0000000, 0x00000007c0000000)
 Metaspace       used 43674K, capacity 44920K, committed 45100K, reserved 1089536K
  class space    used 5354K, capacity 5667K, committed 5676K, reserved 1048576K
2019-01-30T12:57:47.311+0600: 4864.883: [GC (Allocation Failure) 2019-01-30T12:57:47.311+0600: 4864.883: [ParNew
Desired survivor size 20112992 bytes, new threshold 8 (max 8)
- age   1:   15960584 bytes,   15960584 total
: 107908K->21824K(109248K), 0.0154879 secs] 262444K->176434K(502464K), 0.0155850 secs] [Times: user=0.06 sys=0.00, real=0.01 secs] 
Heap after GC invocations=19450 (full 20):
 par new generation   total 109248K, used 21824K [0x00000007a0000000, 0x00000007a8000000, 0x00000007a8000000)
  eden space 87424K,   0% used [0x00000007a0000000, 0x00000007a0000000, 0x00000007a5560000)
  from space 21824K, 100% used [0x00000007a5560000, 0x00000007a6ab0000, 0x00000007a6ab0000)
  to   space 21824K,   0% used [0x00000007a6ab0000, 0x00000007a6ab0000, 0x00000007a8000000)
 concurrent mark-sweep generation total 393216K, used 154610K [0x00000007a8000000, 0x00000007c0000000, 0x00000007c0000000)
 Metaspace       used 43674K, capacity 44920K, committed 45100K, reserved 1089536K
  class space    used 5354K, capacity 5667K, committed 5676K, reserved 1048576K
}
2019-01-30T12:57:47.327+0600: 4864.899: Total time for which application threads were stopped: 0.0158160 seconds, Stopping threads took: 0.0000221 seconds
{Heap before GC invocations=19450 (full 20):
 par new generation   total 109248K, used 109248K [0x00000007a0000000, 0x00000007a8000000, 0x00000007a8000000)
  eden space 87424K, 100% used [0x00000007a0000000, 0x00000007a5560000, 0x00000007a5560000)
  from space 21824K, 100% used [0x00000007a5560000, 0x00000007a6ab0000, 0x00000007a6ab0000)
  to   space 21824K,   0% used [0x00000007a6ab0000, 0x00000007a6ab0000, 0x00000007a8000000)
 concurrent mark-sweep generation total 393216K, used 154610K [0x00000007a8000000, 0x00000007c0000000, 0x00000007c0000000)
 Metaspace       used 43674K, capacity 44920K, committed 45100K, reserved 1089536K
  class space    used 5354K, capacity 5667K, committed 5676K, reserved 1048576K
2019-01-30T12:57:47.526+0600: 4865.097: [GC (Allocation Failure) 2019-01-30T12:57:47.526+0600: 4865.097: [ParNew
Desired survivor size 20112992 bytes, new threshold 8 (max 8)
- age   1:   12739528 bytes,   12739528 total
- age   2:       2240 bytes,   12741768 total
: 109248K->15877K(109248K), 0.0137323 secs] 263858K->170488K(502464K), 0.0138319 secs] [Times: user=0.05 sys=0.00, real=0.01 secs] 
Heap after GC invocations=19451 (full 20):
 par new generation   total 109248K, used 15877K [0x00000007a0000000, 0x00000007a8000000, 0x00000007a8000000)
  eden space 87424K,   0% used [0x00000007a0000000, 0x00000007a0000000, 0x00000007a5560000)
  from space 21824K,  72% used [0x00000007a6ab0000, 0x00000007a7a315e8, 0x00000007a8000000)
  to   space 21824K,   0% used [0x00000007a5560000, 0x00000007a5560000, 0x00000007a6ab0000)
 concurrent mark-sweep generation total 393216K, used 154610K [0x00000007a8000000, 0x00000007c0000000, 0x00000007c0000000)
 Metaspace       used 43674K, capacity 44920K, committed 45100K, reserved 1089536K
  class space    used 5354K, capacity 5667K, committed 5676K, reserved 1048576K
}
2019-01-30T12:57:47.539+0600: 4865.111: Total time for which application threads were stopped: 0.0140649 seconds, Stopping threads took: 0.0000229 seconds
{Heap before GC invocations=19451 (full 20):
 par new generation   total 109248K, used 103301K [0x00000007a0000000, 0x00000007a8000000, 0x00000007a8000000)
  eden space 87424K, 100% used [0x00000007a0000000, 0x00000007a5560000, 0x00000007a5560000)
  from space 21824K,  72% used [0x00000007a6ab0000, 0x00000007a7a315e8, 0x00000007a8000000)
  to   space 21824K,   0% used [0x00000007a5560000, 0x00000007a5560000, 0x00000007a6ab0000)
 concurrent mark-sweep generation total 393216K, used 154610K [0x00000007a8000000, 0x00000007c0000000, 0x00000007c0000000)
 Metaspace       used 43674K, capacity 44920K, committed 45100K, reserved 1089536K
  class space    used 5354K, capacity 5667K, committed 5676K, reserved 1048576K
2019-01-30T12:57:47.735+0600: 4865.306: [GC (Allocation Failure) 2019-01-30T12:57:47.735+0600: 4865.306: [ParNew
Desired survivor size 20112992 bytes, new threshold 8 (max 8)
- age   1:    9456952 bytes,    9456952 total
- age   2:       1040 bytes,    9457992 total
- age   3:       2240 bytes,    9460232 total
: 103301K->11600K(109248K), 0.0114033 secs] 257912K->166211K(502464K), 0.0115016 secs] [Times: user=0.04 sys=0.00, real=0.01 secs] 
Heap after GC invocations=19452 (full 20):
 par new generation   total 109248K, used 11600K [0x00000007a0000000, 0x00000007a8000000, 0x00000007a8000000)
  eden space 87424K,   0% used [0x00000007a0000000, 0x00000007a0000000, 0x00000007a5560000)
  from space 21824K,  53% used [0x00000007a5560000, 0x00000007a60b4260, 0x00000007a6ab0000)
  to   space 21824K,   0% used [0x00000007a6ab0000, 0x00000007a6ab0000, 0x00000007a8000000)
 concurrent mark-sweep generation total 393216K, used 154610K [0x00000007a8000000, 0x00000007c0000000, 0x00000007c0000000)
 Metaspace       used 43674K, capacity 44920K, committed 45100K, reserved 1089536K
  class space    used 5354K, capacity 5667K, committed 5676K, reserved 1048576K
}
2019-01-30T12:57:47.746+0600: 4865.318: Total time for which application threads were stopped: 0.0117369 seconds, Stopping threads took: 0.0000238 seconds
{Heap before GC invocations=19452 (full 20):
 par new generation   total 109248K, used 99024K [0x00000007a0000000, 0x00000007a8000000, 0x00000007a8000000)
  eden space 87424K, 100% used [0x00000007a0000000, 0x00000007a5560000, 0x00000007a5560000)
  from space 21824K,  53% used [0x00000007a5560000, 0x00000007a60b4260, 0x00000007a6ab0000)
  to   space 21824K,   0% used [0x00000007a6ab0000, 0x00000007a6ab0000, 0x00000007a8000000)
 concurrent mark-sweep generation total 393216K, used 154610K [0x00000007a8000000, 0x00000007c0000000, 0x00000007c0000000)
 Metaspace       used 43674K, capacity 44920K, committed 45100K, reserved 1089536K
  class space    used 5354K, capacity 5667K, committed 5676K, reserved 1048576K
2019-01-30T12:57:47.938+0600: 4865.510: [GC (Allocation Failure) 2019-01-30T12:57:47.938+0600: 4865.510: [ParNew
Desired survivor size 20112992 bytes, new threshold 8 (max 8)
- age   1:    5879832 bytes,    5879832 total
- age   2:       1144 bytes,    5880976 total
- age   3:       1040 bytes,    5882016 total
- age   4:       2240 bytes,    5884256 total
: 99024K->9829K(109248K), 0.0083629 secs] 253635K->164439K(502464K), 0.0084610 secs] [Times: user=0.03 sys=0.00, real=0.01 secs] 
Heap after GC invocations=19453 (full 20):
 par new generation   total 109248K, used 9829K [0x00000007a0000000, 0x00000007a8000000, 0x00000007a8000000)
  eden space 87424K,   0% used [0x00000007a0000000, 0x00000007a0000000, 0x00000007a5560000)
  from space 21824K,  45% used [0x00000007a6ab0000, 0x00000007a7449440, 0x00000007a8000000)
  to   space 21824K,   0% used [0x00000007a5560000, 0x00000007a5560000, 0x00000007a6ab0000)
 concurrent mark-sweep generation total 393216K, used 154610K [0x00000007a8000000, 0x00000007c0000000, 0x00000007c0000000)
 Metaspace       used 43674K, capacity 44920K, committed 45100K, reserved 1089536K
  class space    used 5354K, capacity 5667K, committed 5676K, reserved 1048576K
}
2019-01-30T12:57:47.947+0600: 4865.519: Total time for which application threads were stopped: 0.0086930 seconds, Stopping threads took: 0.0000218 seconds
{Heap before GC invocations=19453 (full 20):
 par new generation   total 109248K, used 97253K [0x00000007a0000000, 0x00000007a8000000, 0x00000007a8000000)
  eden space 87424K, 100% used [0x00000007a0000000, 0x00000007a5560000, 0x00000007a5560000)
  from space 21824K,  45% used [0x00000007a6ab0000, 0x00000007a7449440, 0x00000007a8000000)
  to   space 21824K,   0% used [0x00000007a5560000, 0x00000007a5560000, 0x00000007a6ab0000)
 concurrent mark-sweep generation total 393216K, used 154610K [0x00000007a8000000, 0x00000007c0000000, 0x00000007c0000000)
 Metaspace       used 43674K, capacity 44920K, committed 45100K, reserved 1089536K
  class space    used 5354K, capacity 5667K, committed 5676K, reserved 1048576K
2019-01-30T12:57:48.147+0600: 4865.719: [GC (Allocation Failure) 2019-01-30T12:57:48.147+0600: 4865.719: [ParNew
Desired survivor size 20112992 bytes, new threshold 8 (max 8)
- age   1:    5867160 bytes,    5867160 total
- age   2:       1160 bytes,    5868320 total
- age   3:       1144 bytes,    5869464 total
- age   4:       1040 bytes,    5870504 total
- age   5:       2240 bytes,    5872744 total
: 97253K->8811K(109248K), 0.0082284 secs] 251863K->163422K(502464K), 0.0083201 secs] [Times: user=0.03 sys=0.00, real=0.01 secs] 
Heap after GC invocations=19454 (full 20):
 par new generation   total 109248K, used 8811K [0x00000007a0000000, 0x00000007a8000000, 0x00000007a8000000)
  eden space 87424K,   0% used [0x00000007a0000000, 0x00000007a0000000, 0x00000007a5560000)
  from space 21824K,  40% used [0x00000007a5560000, 0x00000007a5dfaed0, 0x00000007a6ab0000)
  to   space 21824K,   0% used [0x00000007a6ab0000, 0x00000007a6ab0000, 0x00000007a8000000)
 concurrent mark-sweep generation total 393216K, used 154610K [0x00000007a8000000, 0x00000007c0000000, 0x00000007c0000000)
 Metaspace       used 43674K, capacity 44920K, committed 45100K, reserved 1089536K
  class space    used 5354K, capacity 5667K, committed 5676K, reserved 1048576K
}
2019-01-30T12:57:48.155+0600: 4865.727: Total time for which application threads were stopped: 0.0085698 seconds, Stopping threads took: 0.0000210 seconds
{Heap before GC invocations=19454 (full 20):
 par new generation   total 109248K, used 96235K [0x00000007a0000000, 0x00000007a8000000, 0x00000007a8000000)
  eden space 87424K, 100% used [0x00000007a0000000, 0x00000007a5560000, 0x00000007a5560000)
  from space 21824K,  40% used [0x00000007a5560000, 0x00000007a5dfaed0, 0x00000007a6ab0000)
  to   space 21824K,   0% used [0x00000007a6ab0000, 0x00000007a6ab0000, 0x00000007a8000000)
 concurrent mark-sweep generation total 393216K, used 154610K [0x00000007a8000000, 0x00000007c0000000, 0x00000007c0000000)
 Metaspace       used 43674K, capacity 44920K, committed 45100K, reserved 1089536K
  class space    used 5354K, capacity 5667K, committed 5676K, reserved 1048576K
2019-01-30T12:57:48.346+0600: 4865.917: [GC (Allocation Failure) 2019-01-30T12:57:48.346+0600: 4865.917: [ParNew
Desired survivor size 20112992 bytes, new threshold 8 (max 8)
- age   1:   18975984 bytes,   18975984 total
- age   2:       1136 bytes,   18977120 total
- age   3:       1160 bytes,   18978280 total
- age   4:       1144 bytes,   18979424 total
- age   5:       1040 bytes,   18980464 total
- age   6:       2240 bytes,   18982704 total
: 96235K->19154K(109248K), 0.0168043 secs] 250846K->173765K(502464K), 0.0169155 secs] [Times: user=0.06 sys=0.00, real=0.02 secs] 
Heap after GC invocations=19455 (full 20):
 par new generation   total 109248K, used 19154K [0x00000007a0000000, 0x00000007a8000000, 0x00000007a8000000)
  eden space 87424K,   0% used [0x00000007a0000000, 0x00000007a0000000, 0x00000007a5560000)
  from space 21824K,  87% used [0x00000007a6ab0000, 0x00000007a7d64a60, 0x00000007a8000000)
  to   space 21824K,   0% used [0x00000007a5560000, 0x00000007a5560000, 0x00000007a6ab0000)
 concurrent mark-sweep generation total 393216K, used 154610K [0x00000007a8000000, 0x00000007c0000000, 0x00000007c0000000)
 Metaspace       used 43674K, capacity 44920K, committed 45100K, reserved 1089536K
  class space    used 5354K, capacity 5667K, committed 5676K, reserved 1048576K
}
2019-01-30T12:57:48.363+0600: 4865.934: Total time for which application threads were stopped: 0.0171489 seconds, Stopping threads took: 0.0000245 seconds
{Heap before GC invocations=19455 (full 20):
 par new generation   total 109248K, used 106578K [0x00000007a0000000, 0x00000007a8000000, 0x00000007a8000000)
  eden space 87424K, 100% used [0x00000007a0000000, 0x00000007a5560000, 0x00000007a5560000)
  from space 21824K,  87% used [0x00000007a6ab0000, 0x00000007a7d64a60, 0x00000007a8000000)
  to   space 21824K,   0% used [0x00000007a5560000, 0x00000007a5560000, 0x00000007a6ab0000)
 concurrent mark-sweep generation total 393216K, used 154610K [0x00000007a8000000, 0x00000007c0000000, 0x00000007c0000000)
 Metaspace       used 43674K, capacity 44920K, committed 45100K, reserved 1089536K
  class space    used 5354K, capacity 5667K, committed 5676K, reserved 1048576K
2019-01-30T12:57:48.555+0600: 4866.126: [GC (Allocation Failure) 2019-01-30T12:57:48.555+0600: 4866.127: [ParNew
Desired survivor size 20112992 bytes, new threshold 8 (max 8)
- age   1:   14612808 bytes,   14612808 total
- age   2:        976 bytes,   14613784 total
- age   3:       1136 bytes,   14614920 total
- age   4:       1160 bytes,   14616080 total
- age   5:       1144 bytes,   14617224 total
- age   6:       1040 bytes,   14618264 total
- age   7:       2240 bytes,   14620504 total
: 106578K->19895K(109248K), 0.0147607 secs] 261189K->174506K(502464K), 0.0148568 secs] [Times: user=0.06 sys=0.00, real=0.02 secs] 
Heap after GC invocations=19456 (full 20):
 par new generation   total 109248K, used 19895K [0x00000007a0000000, 0x00000007a8000000, 0x00000007a8000000)
  eden space 87424K,   0% used [0x00000007a0000000, 0x00000007a0000000, 0x00000007a5560000)
  from space 21824K,  91% used [0x00000007a5560000, 0x00000007a68cdfe0, 0x00000007a6ab0000)
  to   space 21824K,   0% used [0x00000007a6ab0000, 0x00000007a6ab0000, 0x00000007a8000000)
 concurrent mark-sweep generation total 393216K, used 154610K [0x00000007a8000000, 0x00000007c0000000, 0x00000007c0000000)
 Metaspace       used 43674K, capacity 44920K, committed 45100K, reserved 1089536K
  class space    used 5354K, capacity 5667K, committed 5676K, reserved 1048576K
}
2019-01-30T12:57:48.570+0600: 4866.141: Total time for which application threads were stopped: 0.0150876 seconds, Stopping threads took: 0.0000210 seconds
{Heap before GC invocations=19456 (full 20):
 par new generation   total 109248K, used 107319K [0x00000007a0000000, 0x00000007a8000000, 0x00000007a8000000)
  eden space 87424K, 100% used [0x00000007a0000000, 0x00000007a5560000, 0x00000007a5560000)
  from space 21824K,  91% used [0x00000007a5560000, 0x00000007a68cdfe0, 0x00000007a6ab0000)
  to   space 21824K,   0% used [0x00000007a6ab0000, 0x00000007a6ab0000, 0x00000007a8000000)
 concurrent mark-sweep generation total 393216K, used 154610K [0x00000007a8000000, 0x00000007c0000000, 0x00000007c0000000)
 Metaspace       used 43674K, capacity 44920K, committed 45100K, reserved 1089536K
  class space    used 5354K, capacity 5667K, committed 5676K, reserved 1048576K
2019-01-30T12:57:48.772+0600: 4866.344: [GC (Allocation Failure) 2019-01-30T12:57:48.772+0600: 4866.344: [ParNew
Desired survivor size 20112992 bytes, new threshold 8 (max 8)
- age   1:   11079968 bytes,   11079968 total
- age   2:       1000 bytes,   11080968 total
- age   3:        976 bytes,   11081944 total
- age   4:       1136 bytes,   11083080 total
- age   5:       1160 bytes,   11084240 total
- age   6:       1144 bytes,   11085384 total
- age   7:       1040 bytes,   11086424 total
- age   8:       2240 bytes,   11088664 total
: 107319K->16392K(109248K), 0.0126945 secs] 261930K->171003K(502464K), 0.0127881 secs] [Times: user=0.04 sys=0.00, real=0.01 secs] 
Heap after GC invocations=19457 (full 20):
 par new generation   total 109248K, used 16392K [0x00000007a0000000, 0x00000007a8000000, 0x00000007a8000000)
  eden space 87424K,   0% used [0x00000007a0000000, 0x00000007a0000000, 0x00000007a5560000)
  from space 21824K,  75% used [0x00000007a6ab0000, 0x00000007a7ab23c0, 0x00000007a8000000)
  to   space 21824K,   0% used [0x00000007a5560000, 0x00000007a5560000, 0x00000007a6ab0000)
 concurrent mark-sweep generation total 393216K, used 154610K [0x00000007a8000000, 0x00000007c0000000, 0x00000007c0000000)
 Metaspace       used 43674K, capacity 44920K, committed 45100K, reserved 1089536K
  class space    used 5354K, capacity 5667K, committed 5676K, reserved 1048576K
}
2019-01-30T12:57:48.785+0600: 4866.357: Total time for which application threads were stopped: 0.0130164 seconds, Stopping threads took: 0.0000331 seconds
{Heap before GC invocations=19457 (full 20):
 par new generation   total 109248K, used 103816K [0x00000007a0000000, 0x00000007a8000000, 0x00000007a8000000)
  eden space 87424K, 100% used [0x00000007a0000000, 0x00000007a5560000, 0x00000007a5560000)
  from space 21824K,  75% used [0x00000007a6ab0000, 0x00000007a7ab23c0, 0x00000007a8000000)
  to   space 21824K,   0% used [0x00000007a5560000, 0x00000007a5560000, 0x00000007a6ab0000)
 concurrent mark-sweep generation total 393216K, used 154610K [0x00000007a8000000, 0x00000007c0000000, 0x00000007c0000000)
 Metaspace       used 43674K, capacity 44920K, committed 45100K, reserved 1089536K
  class space    used 5354K, capacity 5667K, committed 5676K, reserved 1048576K
2019-01-30T12:57:49.033+0600: 4866.604: [GC (Allocation Failure) 2019-01-30T12:57:49.033+0600: 4866.604: [ParNew
Desired survivor size 20112992 bytes, new threshold 8 (max 8)
- age   1:    7693800 bytes,    7693800 total
- age   2:       1168 bytes,    7694968 total
- age   3:       1000 bytes,    7695968 total
- age   4:        976 bytes,    7696944 total
- age   5:       1136 bytes,    7698080 total
- age   6:       1160 bytes,    7699240 total
- age   7:       1144 bytes,    7700384 total
- age   8:       1040 bytes,    7701424 total
: 103816K->10536K(109248K), 0.0105537 secs] 258427K->165149K(502464K), 0.0106619 secs] [Times: user=0.04 sys=0.00, real=0.01 secs] 
Heap after GC invocations=19458 (full 20):
 par new generation   total 109248K, used 10536K [0x00000007a0000000, 0x00000007a8000000, 0x00000007a8000000)
  eden space 87424K,   0% used [0x00000007a0000000, 0x00000007a0000000, 0x00000007a5560000)
  from space 21824K,  48% used [0x00000007a5560000, 0x00000007a5faa290, 0x00000007a6ab0000)
  to   space 21824K,   0% used [0x00000007a6ab0000, 0x00000007a6ab0000, 0x00000007a8000000)
 concurrent mark-sweep generation total 393216K, used 154612K [0x00000007a8000000, 0x00000007c0000000, 0x00000007c0000000)
 Metaspace       used 43674K, capacity 44920K, committed 45100K, reserved 1089536K
  class space    used 5354K, capacity 5667K, committed 5676K, reserved 1048576K
}
2019-01-30T12:57:49.043+0600: 4866.615: Total time for which application threads were stopped: 0.0108990 seconds, Stopping threads took: 0.0000257 seconds
{Heap before GC invocations=19458 (full 20):
 par new generation   total 109248K, used 97960K [0x00000007a0000000, 0x00000007a8000000, 0x00000007a8000000)
  eden space 87424K, 100% used [0x00000007a0000000, 0x00000007a5560000, 0x00000007a5560000)
  from space 21824K,  48% used [0x00000007a5560000, 0x00000007a5faa290, 0x00000007a6ab0000)
  to   space 21824K,   0% used [0x00000007a6ab0000, 0x00000007a6ab0000, 0x00000007a8000000)
 concurrent mark-sweep generation total 393216K, used 154612K [0x00000007a8000000, 0x00000007c0000000, 0x00000007c0000000)
 Metaspace       used 43674K, capacity 44920K, committed 45100K, reserved 1089536K
  class space    used 5354K, capacity 5667K, committed 5676K, reserved 1048576K
2019-01-30T12:57:49.251+0600: 4866.823: [GC (Allocation Failure) 2019-01-30T12:57:49.251+0600: 4866.823: [ParNew
Desired survivor size 20112992 bytes, new threshold 8 (max 8)
- age   1:    5890280 bytes,    5890280 total
- age   2:       1232 bytes,    5891512 total
- age   3:       1168 bytes,    5892680 total
- age   4:       1000 bytes,    5893680 total
- age   5:        976 bytes,    5894656 total
- age   6:       1136 bytes,    5895792 total
- age   7:       1160 bytes,    5896952 total
- age   8:       1144 bytes,    5898096 total
: 97960K->8274K(109248K), 0.0090386 secs] 252573K->162888K(502464K), 0.0091415 secs] [Times: user=0.03 sys=0.00, real=0.01 secs] 
Heap after GC invocations=19459 (full 20):
 par new generation   total 109248K, used 8274K [0x00000007a0000000, 0x00000007a8000000, 0x00000007a8000000)
  eden space 87424K,   0% used [0x00000007a0000000, 0x00000007a0000000, 0x00000007a5560000)
  from space 21824K,  37% used [0x00000007a6ab0000, 0x00000007a72c4b50, 0x00000007a8000000)
  to   space 21824K,   0% used [0x00000007a5560000, 0x00000007a5560000, 0x00000007a6ab0000)
 concurrent mark-sweep generation total 393216K, used 154613K [0x00000007a8000000, 0x00000007c0000000, 0x00000007c0000000)
 Metaspace       used 43674K, capacity 44920K, committed 45100K, reserved 1089536K
  class space    used 5354K, capacity 5667K, committed 5676K, reserved 1048576K
}
2019-01-30T12:57:49.260+0600: 4866.832: Total time for which application threads were stopped: 0.0094029 seconds, Stopping threads took: 0.0000242 seconds
{Heap before GC invocations=19459 (full 20):
 par new generation   total 109248K, used 95698K [0x00000007a0000000, 0x00000007a8000000, 0x00000007a8000000)
  eden space 87424K, 100% used [0x00000007a0000000, 0x00000007a5560000, 0x00000007a5560000)
  from space 21824K,  37% used [0x00000007a6ab0000, 0x00000007a72c4b50, 0x00000007a8000000)
  to   space 21824K,   0% used [0x00000007a5560000, 0x00000007a5560000, 0x00000007a6ab0000)
 concurrent mark-sweep generation total 393216K, used 154613K [0x00000007a8000000, 0x00000007c0000000, 0x00000007c0000000)
 Metaspace       used 43674K, capacity 44920K, committed 45100K, reserved 1089536K
  class space    used 5354K, capacity 5667K, committed 5676K, reserved 1048576K
2019-01-30T12:57:49.489+0600: 4867.060: [GC (Allocation Failure) 2019-01-30T12:57:49.489+0600: 4867.060: [ParNew
Desired survivor size 20112992 bytes, new threshold 1 (max 8)
- age   1:   21111320 bytes,   21111320 total
- age   2:       1144 bytes,   21112464 total
- age   3:       1232 bytes,   21113696 total
- age   4:       1168 bytes,   21114864 total
- age   5:       1000 bytes,   21115864 total
- age   6:        976 bytes,   21116840 total
- age   7:       1136 bytes,   21117976 total
- age   8:       1160 bytes,   21119136 total
: 95698K->21824K(109248K), 0.0204332 secs] 250312K->176439K(502464K), 0.0205412 secs] [Times: user=0.07 sys=0.00, real=0.02 secs] 
Heap after GC invocations=19460 (full 20):
 par new generation   total 109248K, used 21824K [0x00000007a0000000, 0x00000007a8000000, 0x00000007a8000000)
  eden space 87424K,   0% used [0x00000007a0000000, 0x00000007a0000000, 0x00000007a5560000)
  from space 21824K, 100% used [0x00000007a5560000, 0x00000007a6ab0000, 0x00000007a6ab0000)
  to   space 21824K,   0% used [0x00000007a6ab0000, 0x00000007a6ab0000, 0x00000007a8000000)
 concurrent mark-sweep generation total 393216K, used 154615K [0x00000007a8000000, 0x00000007c0000000, 0x00000007c0000000)
 Metaspace       used 43674K, capacity 44920K, committed 45100K, reserved 1089536K
  class space    used 5354K, capacity 5667K, committed 5676K, reserved 1048576K
}
2019-01-30T12:57:49.509+0600: 4867.081: Total time for which application threads were stopped: 0.0208994 seconds, Stopping threads took: 0.0000585 seconds
{Heap before GC invocations=19460 (full 20):
 par new generation   total 109248K, used 109248K [0x00000007a0000000, 0x00000007a8000000, 0x00000007a8000000)
  eden space 87424K, 100% used [0x00000007a0000000, 0x00000007a5560000, 0x00000007a5560000)
  from space 21824K, 100% used [0x00000007a5560000, 0x00000007a6ab0000, 0x00000007a6ab0000)
  to   space 21824K,   0% used [0x00000007a6ab0000, 0x00000007a6ab0000, 0x00000007a8000000)
 concurrent mark-sweep generation total 393216K, used 154615K [0x00000007a8000000, 0x00000007c0000000, 0x00000007c0000000)
 Metaspace       used 43674K, capacity 44920K, committed 45100K, reserved 1089536K
  class space    used 5354K, capacity 5667K, committed 5676K, reserved 1048576K
2019-01-30T12:57:49.719+0600: 4867.291: [GC (Allocation Failure) 2019-01-30T12:57:49.719+0600: 4867.291: [ParNew
Desired survivor size 20112992 bytes, new threshold 8 (max 8)
- age   1:   16027296 bytes,   16027296 total
: 109248K->21824K(109248K), 0.0167890 secs] 263863K->176448K(502464K), 0.0168796 secs] [Times: user=0.06 sys=0.01, real=0.02 secs] 
Heap after GC invocations=19461 (full 20):
 par new generation   total 109248K, used 21824K [0x00000007a0000000, 0x00000007a8000000, 0x00000007a8000000)
  eden space 87424K,   0% used [0x00000007a0000000, 0x00000007a0000000, 0x00000007a5560000)
  from space 21824K, 100% used [0x00000007a6ab0000, 0x00000007a8000000, 0x00000007a8000000)
  to   space 21824K,   0% used [0x00000007a5560000, 0x00000007a5560000, 0x00000007a6ab0000)
 concurrent mark-sweep generation total 393216K, used 154624K [0x00000007a8000000, 0x00000007c0000000, 0x00000007c0000000)
 Metaspace       used 43674K, capacity 44920K, committed 45100K, reserved 1089536K
  class space    used 5354K, capacity 5667K, committed 5676K, reserved 1048576K
}
2019-01-30T12:57:49.736+0600: 4867.308: Total time for which application threads were stopped: 0.0170978 seconds, Stopping threads took: 0.0000225 seconds
{Heap before GC invocations=19461 (full 20):
 par new generation   total 109248K, used 109248K [0x00000007a0000000, 0x00000007a8000000, 0x00000007a8000000)
  eden space 87424K, 100% used [0x00000007a0000000, 0x00000007a5560000, 0x00000007a5560000)
  from space 21824K, 100% used [0x00000007a6ab0000, 0x00000007a8000000, 0x00000007a8000000)
  to   space 21824K,   0% used [0x00000007a5560000, 0x00000007a5560000, 0x00000007a6ab0000)
 concurrent mark-sweep generation total 393216K, used 154624K [0x00000007a8000000, 0x00000007c0000000, 0x00000007c0000000)
 Metaspace       used 43674K, capacity 44920K, committed 45100K, reserved 1089536K
  class space    used 5354K, capacity 5667K, committed 5676K, reserved 1048576K
2019-01-30T12:57:49.934+0600: 4867.506: [GC (Allocation Failure) 2019-01-30T12:57:49.934+0600: 4867.506: [ParNew
Desired survivor size 20112992 bytes, new threshold 8 (max 8)
- age   1:   12729256 bytes,   12729256 total
- age   2:        944 bytes,   12730200 total
: 109248K->18198K(109248K), 0.0138116 secs] 263872K->172822K(502464K), 0.0139168 secs] [Times: user=0.05 sys=0.00, real=0.01 secs] 
Heap after GC invocations=19462 (full 20):
 par new generation   total 109248K, used 18198K [0x00000007a0000000, 0x00000007a8000000, 0x00000007a8000000)
  eden space 87424K,   0% used [0x00000007a0000000, 0x00000007a0000000, 0x00000007a5560000)
  from space 21824K,  83% used [0x00000007a5560000, 0x00000007a6725840, 0x00000007a6ab0000)
  to   space 21824K,   0% used [0x00000007a6ab0000, 0x00000007a6ab0000, 0x00000007a8000000)
 concurrent mark-sweep generation total 393216K, used 154624K [0x00000007a8000000, 0x00000007c0000000, 0x00000007c0000000)
 Metaspace       used 43674K, capacity 44920K, committed 45100K, reserved 1089536K
  class space    used 5354K, capacity 5667K, committed 5676K, reserved 1048576K
}
2019-01-30T12:57:49.948+0600: 4867.520: Total time for which application threads were stopped: 0.0141569 seconds, Stopping threads took: 0.0000253 seconds
{Heap before GC invocations=19462 (full 20):
 par new generation   total 109248K, used 105622K [0x00000007a0000000, 0x00000007a8000000, 0x00000007a8000000)
  eden space 87424K, 100% used [0x00000007a0000000, 0x00000007a5560000, 0x00000007a5560000)
  from space 21824K,  83% used [0x00000007a5560000, 0x00000007a6725840, 0x00000007a6ab0000)
  to   space 21824K,   0% used [0x00000007a6ab0000, 0x00000007a6ab0000, 0x00000007a8000000)
 concurrent mark-sweep generation total 393216K, used 154624K [0x00000007a8000000, 0x00000007c0000000, 0x00000007c0000000)
 Metaspace       used 43674K, capacity 44920K, committed 45100K, reserved 1089536K
  class space    used 5354K, capacity 5667K, committed 5676K, reserved 1048576K
2019-01-30T12:57:50.151+0600: 4867.722: [GC (Allocation Failure) 2019-01-30T12:57:50.151+0600: 4867.723: [ParNew
Desired survivor size 20112992 bytes, new threshold 8 (max 8)
- age   1:    9412240 bytes,    9412240 total
- age   2:       1032 bytes,    9413272 total
- age   3:        944 bytes,    9414216 total
: 105622K->12139K(109248K), 0.0115639 secs] 260246K->166763K(502464K), 0.0116610 secs] [Times: user=0.04 sys=0.00, real=0.01 secs] 
Heap after GC invocations=19463 (full 20):
 par new generation   total 109248K, used 12139K [0x00000007a0000000, 0x00000007a8000000, 0x00000007a8000000)
  eden space 87424K,   0% used [0x00000007a0000000, 0x00000007a0000000, 0x00000007a5560000)
  from space 21824K,  55% used [0x00000007a6ab0000, 0x00000007a768acd0, 0x00000007a8000000)
  to   space 21824K,   0% used [0x00000007a5560000, 0x00000007a5560000, 0x00000007a6ab0000)
 concurrent mark-sweep generation total 393216K, used 154624K [0x00000007a8000000, 0x00000007c0000000, 0x00000007c0000000)
 Metaspace       used 43674K, capacity 44920K, committed 45100K, reserved 1089536K
  class space    used 5354K, capacity 5667K, committed 5676K, reserved 1048576K
}
2019-01-30T12:57:50.163+0600: 4867.734: Total time for which application threads were stopped: 0.0118859 seconds, Stopping threads took: 0.0000243 seconds
{Heap before GC invocations=19463 (full 20):
 par new generation   total 109248K, used 99563K [0x00000007a0000000, 0x00000007a8000000, 0x00000007a8000000)
  eden space 87424K, 100% used [0x00000007a0000000, 0x00000007a5560000, 0x00000007a5560000)
  from space 21824K,  55% used [0x00000007a6ab0000, 0x00000007a768acd0, 0x00000007a8000000)
  to   space 21824K,   0% used [0x00000007a5560000, 0x00000007a5560000, 0x00000007a6ab0000)
 concurrent mark-sweep generation total 393216K, used 154624K [0x00000007a8000000, 0x00000007c0000000, 0x00000007c0000000)
 Metaspace       used 43674K, capacity 44920K, committed 45100K, reserved 1089536K
  class space    used 5354K, capacity 5667K, committed 5676K, reserved 1048576K
2019-01-30T12:57:50.360+0600: 4867.932: [GC (Allocation Failure) 2019-01-30T12:57:50.360+0600: 4867.932: [ParNew
Desired survivor size 20112992 bytes, new threshold 8 (max 8)
- age   1:    5878408 bytes,    5878408 total
- age   2:       1128 bytes,    5879536 total
- age   3:       1032 bytes,    5880568 total
- age   4:        944 bytes,    5881512 total
: 99563K->7772K(109248K), 0.0083125 secs] 254187K->162396K(502464K), 0.0084420 secs] [Times: user=0.03 sys=0.00, real=0.00 secs] 
Heap after GC invocations=19464 (full 20):
 par new generation   total 109248K, used 7772K [0x00000007a0000000, 0x00000007a8000000, 0x00000007a8000000)
  eden space 87424K,   0% used [0x00000007a0000000, 0x00000007a0000000, 0x00000007a5560000)
  from space 21824K,  35% used [0x00000007a5560000, 0x00000007a5cf72b0, 0x00000007a6ab0000)
  to   space 21824K,   0% used [0x00000007a6ab0000, 0x00000007a6ab0000, 0x00000007a8000000)
 concurrent mark-sweep generation total 393216K, used 154624K [0x00000007a8000000, 0x00000007c0000000, 0x00000007c0000000)
 Metaspace       used 43674K, capacity 44920K, committed 45100K, reserved 1089536K
  class space    used 5354K, capacity 5667K, committed 5676K, reserved 1048576K
}
2019-01-30T12:57:50.369+0600: 4867.940: Total time for which application threads were stopped: 0.0086889 seconds, Stopping threads took: 0.0000221 seconds
{Heap before GC invocations=19464 (full 20):
 par new generation   total 109248K, used 95196K [0x00000007a0000000, 0x00000007a8000000, 0x00000007a8000000)
  eden space 87424K, 100% used [0x00000007a0000000, 0x00000007a5560000, 0x00000007a5560000)
  from space 21824K,  35% used [0x00000007a5560000, 0x00000007a5cf72b0, 0x00000007a6ab0000)
  to   space 21824K,   0% used [0x00000007a6ab0000, 0x00000007a6ab0000, 0x00000007a8000000)
 concurrent mark-sweep generation total 393216K, used 154624K [0x00000007a8000000, 0x00000007c0000000, 0x00000007c0000000)
 Metaspace       used 43674K, capacity 44920K, committed 45100K, reserved 1089536K
  class space    used 5354K, capacity 5667K, committed 5676K, reserved 1048576K
2019-01-30T12:57:50.571+0600: 4868.143: [GC (Allocation Failure) 2019-01-30T12:57:50.571+0600: 4868.143: [ParNew
Desired survivor size 20112992 bytes, new threshold 8 (max 8)
- age   1:    5867336 bytes,    5867336 total
- age   2:       1200 bytes,    5868536 total
- age   3:       1128 bytes,    5869664 total
- age   4:       1032 bytes,    5870696 total
- age   5:        944 bytes,    5871640 total
: 95196K->7922K(109248K), 0.0081611 secs] 249820K->162546K(502464K), 0.0082599 secs] [Times: user=0.02 sys=0.00, real=0.01 secs] 
Heap after GC invocations=19465 (full 20):
 par new generation   total 109248K, used 7922K [0x00000007a0000000, 0x00000007a8000000, 0x00000007a8000000)
  eden space 87424K,   0% used [0x00000007a0000000, 0x00000007a0000000, 0x00000007a5560000)
  from space 21824K,  36% used [0x00000007a6ab0000, 0x00000007a726ca90, 0x00000007a8000000)
  to   space 21824K,   0% used [0x00000007a5560000, 0x00000007a5560000, 0x00000007a6ab0000)
 concurrent mark-sweep generation total 393216K, used 154624K [0x00000007a8000000, 0x00000007c0000000, 0x00000007c0000000)
 Metaspace       used 43674K, capacity 44920K, committed 45100K, reserved 1089536K
  class space    used 5354K, capacity 5667K, committed 5676K, reserved 1048576K
}
2019-01-30T12:57:50.580+0600: 4868.151: Total time for which application threads were stopped: 0.0084925 seconds, Stopping threads took: 0.0000209 seconds
{Heap before GC invocations=19465 (full 20):
 par new generation   total 109248K, used 95346K [0x00000007a0000000, 0x00000007a8000000, 0x00000007a8000000)
  eden space 87424K, 100% used [0x00000007a0000000, 0x00000007a5560000, 0x00000007a5560000)
  from space 21824K,  36% used [0x00000007a6ab0000, 0x00000007a726ca90, 0x00000007a8000000)
  to   space 21824K,   0% used [0x00000007a5560000, 0x00000007a5560000, 0x00000007a6ab0000)
 concurrent mark-sweep generation total 393216K, used 154624K [0x00000007a8000000, 0x00000007c0000000, 0x00000007c0000000)
 Metaspace       used 43674K, capacity 44920K, committed 45100K, reserved 1089536K
  class space    used 5354K, capacity 5667K, committed 5676K, reserved 1048576K
2019-01-30T12:57:50.772+0600: 4868.344: [GC (Allocation Failure) 2019-01-30T12:57:50.772+0600: 4868.344: [ParNew
Desired survivor size 20112992 bytes, new threshold 8 (max 8)
- age   1:   19025704 bytes,   19025704 total
- age   2:       1112 bytes,   19026816 total
- age   3:       1200 bytes,   19028016 total
- age   4:       1128 bytes,   19029144 total
- age   5:       1032 bytes,   19030176 total
- age   6:        944 bytes,   19031120 total
: 95346K->19867K(109248K), 0.0168690 secs] 249970K->174491K(502464K), 0.0169768 secs] [Times: user=0.06 sys=0.00, real=0.01 secs] 
Heap after GC invocations=19466 (full 20):
 par new generation   total 109248K, used 19867K [0x00000007a0000000, 0x00000007a8000000, 0x00000007a8000000)
  eden space 87424K,   0% used [0x00000007a0000000, 0x00000007a0000000, 0x00000007a5560000)
  from space 21824K,  91% used [0x00000007a5560000, 0x00000007a68c6e80, 0x00000007a6ab0000)
  to   space 21824K,   0% used [0x00000007a6ab0000, 0x00000007a6ab0000, 0x00000007a8000000)
 concurrent mark-sweep generation total 393216K, used 154624K [0x00000007a8000000, 0x00000007c0000000, 0x00000007c0000000)
 Metaspace       used 43674K, capacity 44920K, committed 45100K, reserved 1089536K
  class space    used 5354K, capacity 5667K, committed 5676K, reserved 1048576K
}
2019-01-30T12:57:50.789+0600: 4868.361: Total time for which application threads were stopped: 0.0172097 seconds, Stopping threads took: 0.0000240 seconds
{Heap before GC invocations=19466 (full 20):
 par new generation   total 109248K, used 107291K [0x00000007a0000000, 0x00000007a8000000, 0x00000007a8000000)
  eden space 87424K, 100% used [0x00000007a0000000, 0x00000007a5560000, 0x00000007a5560000)
  from space 21824K,  91% used [0x00000007a5560000, 0x00000007a68c6e80, 0x00000007a6ab0000)
  to   space 21824K,   0% used [0x00000007a6ab0000, 0x00000007a6ab0000, 0x00000007a8000000)
 concurrent mark-sweep generation total 393216K, used 154624K [0x00000007a8000000, 0x00000007c0000000, 0x00000007c0000000)
 Metaspace       used 43674K, capacity 44920K, committed 45100K, reserved 1089536K
  class space    used 5354K, capacity 5667K, committed 5676K, reserved 1048576K
2019-01-30T12:57:50.979+0600: 4868.551: [GC (Allocation Failure) 2019-01-30T12:57:50.979+0600: 4868.551: [ParNew
Desired survivor size 20112992 bytes, new threshold 8 (max 8)
- age   1:   14613000 bytes,   14613000 total
- age   2:        960 bytes,   14613960 total
- age   3:       1112 bytes,   14615072 total
- age   4:       1200 bytes,   14616272 total
- age   5:       1128 bytes,   14617400 total
- age   6:       1032 bytes,   14618432 total
- age   7:        944 bytes,   14619376 total
: 107291K->20166K(109248K), 0.0143005 secs] 261915K->174790K(502464K), 0.0143978 secs] [Times: user=0.06 sys=0.00, real=0.02 secs] 
Heap after GC invocations=19467 (full 20):
 par new generation   total 109248K, used 20166K [0x00000007a0000000, 0x00000007a8000000, 0x00000007a8000000)
  eden space 87424K,   0% used [0x00000007a0000000, 0x00000007a0000000, 0x00000007a5560000)
  from space 21824K,  92% used [0x00000007a6ab0000, 0x00000007a7e61b90, 0x00000007a8000000)
  to   space 21824K,   0% used [0x00000007a5560000, 0x00000007a5560000, 0x00000007a6ab0000)
 concurrent mark-sweep generation total 393216K, used 154624K [0x00000007a8000000, 0x00000007c0000000, 0x00000007c0000000)
 Metaspace       used 43674K, capacity 44920K, committed 45100K, reserved 1089536K
  class space    used 5354K, capacity 5667K, committed 5676K, reserved 1048576K
}
2019-01-30T12:57:50.993+0600: 4868.565: Total time for which application threads were stopped: 0.0146293 seconds, Stopping threads took: 0.0000229 seconds
{Heap before GC invocations=19467 (full 20):
 par new generation   total 109248K, used 107590K [0x00000007a0000000, 0x00000007a8000000, 0x00000007a8000000)
  eden space 87424K, 100% used [0x00000007a0000000, 0x00000007a5560000, 0x00000007a5560000)
  from space 21824K,  92% used [0x00000007a6ab0000, 0x00000007a7e61b90, 0x00000007a8000000)
  to   space 21824K,   0% used [0x00000007a5560000, 0x00000007a5560000, 0x00000007a6ab0000)
 concurrent mark-sweep generation total 393216K, used 154624K [0x00000007a8000000, 0x00000007c0000000, 0x00000007c0000000)
 Metaspace       used 43674K, capacity 44920K, committed 45100K, reserved 1089536K
  class space    used 5354K, capacity 5667K, committed 5676K, reserved 1048576K
2019-01-30T12:57:51.188+0600: 4868.760: [GC (Allocation Failure) 2019-01-30T12:57:51.188+0600: 4868.760: [ParNew
Desired survivor size 20112992 bytes, new threshold 8 (max 8)
- age   1:   11057768 bytes,   11057768 total
- age   2:       1024 bytes,   11058792 total
- age   3:        960 bytes,   11059752 total
- age   4:       1112 bytes,   11060864 total
- age   5:       1200 bytes,   11062064 total
- age   6:       1128 bytes,   11063192 total
- age   7:       1032 bytes,   11064224 total
- age   8:        944 bytes,   11065168 total
: 107590K->16469K(109248K), 0.0118467 secs] 262214K->171093K(502464K), 0.0119498 secs] [Times: user=0.05 sys=0.00, real=0.02 secs] 
Heap after GC invocations=19468 (full 20):
 par new generation   total 109248K, used 16469K [0x00000007a0000000, 0x00000007a8000000, 0x00000007a8000000)
  eden space 87424K,   0% used [0x00000007a0000000, 0x00000007a0000000, 0x00000007a5560000)
  from space 21824K,  75% used [0x00000007a5560000, 0x00000007a6575600, 0x00000007a6ab0000)
  to   space 21824K,   0% used [0x00000007a6ab0000, 0x00000007a6ab0000, 0x00000007a8000000)
 concurrent mark-sweep generation total 393216K, used 154624K [0x00000007a8000000, 0x00000007c0000000, 0x00000007c0000000)
 Metaspace       used 43674K, capacity 44920K, committed 45100K, reserved 1089536K
  class space    used 5354K, capacity 5667K, committed 5676K, reserved 1048576K
}
2019-01-30T12:57:51.200+0600: 4868.772: Total time for which application threads were stopped: 0.0121882 seconds, Stopping threads took: 0.0000224 seconds
{Heap before GC invocations=19468 (full 20):
 par new generation   total 109248K, used 103893K [0x00000007a0000000, 0x00000007a8000000, 0x00000007a8000000)
  eden space 87424K, 100% used [0x00000007a0000000, 0x00000007a5560000, 0x00000007a5560000)
  from space 21824K,  75% used [0x00000007a5560000, 0x00000007a6575600, 0x00000007a6ab0000)
  to   space 21824K,   0% used [0x00000007a6ab0000, 0x00000007a6ab0000, 0x00000007a8000000)
 concurrent mark-sweep generation total 393216K, used 154624K [0x00000007a8000000, 0x00000007c0000000, 0x00000007c0000000)
 Metaspace       used 43674K, capacity 44920K, committed 45100K, reserved 1089536K
  class space    used 5354K, capacity 5667K, committed 5676K, reserved 1048576K
2019-01-30T12:57:51.395+0600: 4868.966: [GC (Allocation Failure) 2019-01-30T12:57:51.395+0600: 4868.966: [ParNew
Desired survivor size 20112992 bytes, new threshold 8 (max 8)
- age   1:    7693864 bytes,    7693864 total
- age   2:       1104 bytes,    7694968 total
- age   3:       1024 bytes,    7695992 total
- age   4:        960 bytes,    7696952 total
- age   5:       1112 bytes,    7698064 total
- age   6:       1200 bytes,    7699264 total
- age   7:       1128 bytes,    7700392 total
- age   8:       1032 bytes,    7701424 total
: 103893K->10710K(109248K), 0.0096414 secs] 258517K->165335K(502464K), 0.0097431 secs] [Times: user=0.04 sys=0.00, real=0.01 secs] 
Heap after GC invocations=19469 (full 20):
 par new generation   total 109248K, used 10710K [0x00000007a0000000, 0x00000007a8000000, 0x00000007a8000000)
  eden space 87424K,   0% used [0x00000007a0000000, 0x00000007a0000000, 0x00000007a5560000)
  from space 21824K,  49% used [0x00000007a6ab0000, 0x00000007a7525920, 0x00000007a8000000)
  to   space 21824K,   0% used [0x00000007a5560000, 0x00000007a5560000, 0x00000007a6ab0000)
 concurrent mark-sweep generation total 393216K, used 154625K [0x00000007a8000000, 0x00000007c0000000, 0x00000007c0000000)
 Metaspace       used 43674K, capacity 44920K, committed 45100K, reserved 1089536K
  class space    used 5354K, capacity 5667K, committed 5676K, reserved 1048576K
}
2019-01-30T12:57:51.404+0600: 4868.976: Total time for which application threads were stopped: 0.0099855 seconds, Stopping threads took: 0.0000238 seconds
{Heap before GC invocations=19469 (full 20):
 par new generation   total 109248K, used 98134K [0x00000007a0000000, 0x00000007a8000000, 0x00000007a8000000)
  eden space 87424K, 100% used [0x00000007a0000000, 0x00000007a5560000, 0x00000007a5560000)
  from space 21824K,  49% used [0x00000007a6ab0000, 0x00000007a7525920, 0x00000007a8000000)
  to   space 21824K,   0% used [0x00000007a5560000, 0x00000007a5560000, 0x00000007a6ab0000)
 concurrent mark-sweep generation total 393216K, used 154625K [0x00000007a8000000, 0x00000007c0000000, 0x00000007c0000000)
 Metaspace       used 43674K, capacity 44920K, committed 45100K, reserved 1089536K
  class space    used 5354K, capacity 5667K, committed 5676K, reserved 1048576K
2019-01-30T12:57:51.602+0600: 4869.173: [GC (Allocation Failure) 2019-01-30T12:57:51.602+0600: 4869.173: [ParNew
Desired survivor size 20112992 bytes, new threshold 8 (max 8)
- age   1:    5890272 bytes,    5890272 total
- age   2:       1128 bytes,    5891400 total
- age   3:       1104 bytes,    5892504 total
- age   4:       1024 bytes,    5893528 total
- age   5:        960 bytes,    5894488 total
- age   6:       1112 bytes,    5895600 total
- age   7:       1200 bytes,    5896800 total
- age   8:       1128 bytes,    5897928 total
: 98134K->9044K(109248K), 0.0083073 secs] 252759K->163670K(502464K), 0.0084066 secs] [Times: user=0.03 sys=0.00, real=0.01 secs] 
Heap after GC invocations=19470 (full 20):
 par new generation   total 109248K, used 9044K [0x00000007a0000000, 0x00000007a8000000, 0x00000007a8000000)
  eden space 87424K,   0% used [0x00000007a0000000, 0x00000007a0000000, 0x00000007a5560000)
  from space 21824K,  41% used [0x00000007a5560000, 0x00000007a5e35310, 0x00000007a6ab0000)
  to   space 21824K,   0% used [0x00000007a6ab0000, 0x00000007a6ab0000, 0x00000007a8000000)
 concurrent mark-sweep generation total 393216K, used 154626K [0x00000007a8000000, 0x00000007c0000000, 0x00000007c0000000)
 Metaspace       used 43674K, capacity 44920K, committed 45100K, reserved 1089536K
  class space    used 5354K, capacity 5667K, committed 5676K, reserved 1048576K
}
2019-01-30T12:57:51.610+0600: 4869.182: Total time for which application threads were stopped: 0.0086463 seconds, Stopping threads took: 0.0000234 seconds
{Heap before GC invocations=19470 (full 20):
 par new generation   total 109248K, used 96468K [0x00000007a0000000, 0x00000007a8000000, 0x00000007a8000000)
  eden space 87424K, 100% used [0x00000007a0000000, 0x00000007a5560000, 0x00000007a5560000)
  from space 21824K,  41% used [0x00000007a5560000, 0x00000007a5e35310, 0x00000007a6ab0000)
  to   space 21824K,   0% used [0x00000007a6ab0000, 0x00000007a6ab0000, 0x00000007a8000000)
 concurrent mark-sweep generation total 393216K, used 154626K [0x00000007a8000000, 0x00000007c0000000, 0x00000007c0000000)
 Metaspace       used 43674K, capacity 44920K, committed 45100K, reserved 1089536K
  class space    used 5354K, capacity 5667K, committed 5676K, reserved 1048576K
2019-01-30T12:57:51.821+0600: 4869.393: [GC (Allocation Failure) 2019-01-30T12:57:51.821+0600: 4869.393: [ParNew
Desired survivor size 20112992 bytes, new threshold 1 (max 8)
- age   1:   21111512 bytes,   21111512 total
- age   2:       1224 bytes,   21112736 total
- age   3:       1128 bytes,   21113864 total
- age   4:       1104 bytes,   21114968 total
- age   5:       1024 bytes,   21115992 total
- age   6:        960 bytes,   21116952 total
- age   7:       1112 bytes,   21118064 total
- age   8:       1200 bytes,   21119264 total
: 96468K->21588K(109248K), 0.0183490 secs] 251094K->176215K(502464K), 0.0184468 secs] [Times: user=0.08 sys=0.00, real=0.02 secs] 
Heap after GC invocations=19471 (full 20):
 par new generation   total 109248K, used 21588K [0x00000007a0000000, 0x00000007a8000000, 0x00000007a8000000)
  eden space 87424K,   0% used [0x00000007a0000000, 0x00000007a0000000, 0x00000007a5560000)
  from space 21824K,  98% used [0x00000007a6ab0000, 0x00000007a7fc5040, 0x00000007a8000000)
  to   space 21824K,   0% used [0x00000007a5560000, 0x00000007a5560000, 0x00000007a6ab0000)
 concurrent mark-sweep generation total 393216K, used 154627K [0x00000007a8000000, 0x00000007c0000000, 0x00000007c0000000)
 Metaspace       used 43674K, capacity 44920K, committed 45100K, reserved 1089536K
  class space    used 5354K, capacity 5667K, committed 5676K, reserved 1048576K
}
2019-01-30T12:57:51.840+0600: 4869.412: Total time for which application threads were stopped: 0.0186629 seconds, Stopping threads took: 0.0000218 seconds
{Heap before GC invocations=19471 (full 20):
 par new generation   total 109248K, used 108034K [0x00000007a0000000, 0x00000007a8000000, 0x00000007a8000000)
  eden space 87424K,  98% used [0x00000007a0000000, 0x00000007a546bb20, 0x00000007a5560000)
  from space 21824K,  98% used [0x00000007a6ab0000, 0x00000007a7fc5040, 0x00000007a8000000)
  to   space 21824K,   0% used [0x00000007a5560000, 0x00000007a5560000, 0x00000007a6ab0000)
 concurrent mark-sweep generation total 393216K, used 154627K [0x00000007a8000000, 0x00000007c0000000, 0x00000007c0000000)
 Metaspace       used 43674K, capacity 44920K, committed 45100K, reserved 1089536K
  class space    used 5354K, capacity 5667K, committed 5676K, reserved 1048576K
2019-01-30T12:57:52.067+0600: 4869.638: [GC (Allocation Failure) 2019-01-30T12:57:52.067+0600: 4869.638: [ParNew
Desired survivor size 20112992 bytes, new threshold 8 (max 8)
- age   1:   16027520 bytes,   16027520 total
: 108034K->21824K(109248K), 0.0189421 secs] 262662K->176460K(502464K), 0.0190576 secs] [Times: user=0.05 sys=0.01, real=0.02 secs] 
Heap after GC invocations=19472 (full 20):
 par new generation   total 109248K, used 21824K [0x00000007a0000000, 0x00000007a8000000, 0x00000007a8000000)
  eden space 87424K,   0% used [0x00000007a0000000, 0x00000007a0000000, 0x00000007a5560000)
  from space 21824K, 100% used [0x00000007a5560000, 0x00000007a6ab0000, 0x00000007a6ab0000)
  to   space 21824K,   0% used [0x00000007a6ab0000, 0x00000007a6ab0000, 0x00000007a8000000)
 concurrent mark-sweep generation total 393216K, used 154636K [0x00000007a8000000, 0x00000007c0000000, 0x00000007c0000000)
 Metaspace       used 43674K, capacity 44920K, committed 45100K, reserved 1089536K
  class space    used 5354K, capacity 5667K, committed 5676K, reserved 1048576K
}
2019-01-30T12:57:52.086+0600: 4869.658: Total time for which application threads were stopped: 0.0192962 seconds, Stopping threads took: 0.0000223 seconds
{Heap before GC invocations=19472 (full 20):
 par new generation   total 109248K, used 109248K [0x00000007a0000000, 0x00000007a8000000, 0x00000007a8000000)
  eden space 87424K, 100% used [0x00000007a0000000, 0x00000007a5560000, 0x00000007a5560000)
  from space 21824K, 100% used [0x00000007a5560000, 0x00000007a6ab0000, 0x00000007a6ab0000)
  to   space 21824K,   0% used [0x00000007a6ab0000, 0x00000007a6ab0000, 0x00000007a8000000)
 concurrent mark-sweep generation total 393216K, used 154636K [0x00000007a8000000, 0x00000007c0000000, 0x00000007c0000000)
 Metaspace       used 43674K, capacity 44920K, committed 45100K, reserved 1089536K
  class space    used 5354K, capacity 5667K, committed 5676K, reserved 1048576K
2019-01-30T12:57:52.297+0600: 4869.868: [GC (Allocation Failure) 2019-01-30T12:57:52.297+0600: 4869.868: [ParNew
Desired survivor size 20112992 bytes, new threshold 8 (max 8)
- age   1:   12764888 bytes,   12764888 total
- age   2:       1000 bytes,   12765888 total
: 109248K->18210K(109248K), 0.0182558 secs] 263884K->172846K(502464K), 0.0183645 secs] [Times: user=0.05 sys=0.00, real=0.02 secs] 
Heap after GC invocations=19473 (full 20):
 par new generation   total 109248K, used 18210K [0x00000007a0000000, 0x00000007a8000000, 0x00000007a8000000)
  eden space 87424K,   0% used [0x00000007a0000000, 0x00000007a0000000, 0x00000007a5560000)
  from space 21824K,  83% used [0x00000007a6ab0000, 0x00000007a7c78940, 0x00000007a8000000)
  to   space 21824K,   0% used [0x00000007a5560000, 0x00000007a5560000, 0x00000007a6ab0000)
 concurrent mark-sweep generation total 393216K, used 154636K [0x00000007a8000000, 0x00000007c0000000, 0x00000007c0000000)
 Metaspace       used 43674K, capacity 44920K, committed 45100K, reserved 1089536K
  class space    used 5354K, capacity 5667K, committed 5676K, reserved 1048576K
}
2019-01-30T12:57:52.315+0600: 4869.887: Total time for which application threads were stopped: 0.0186261 seconds, Stopping threads took: 0.0000245 seconds
{Heap before GC invocations=19473 (full 20):
 par new generation   total 109248K, used 105634K [0x00000007a0000000, 0x00000007a8000000, 0x00000007a8000000)
  eden space 87424K, 100% used [0x00000007a0000000, 0x00000007a5560000, 0x00000007a5560000)
  from space 21824K,  83% used [0x00000007a6ab0000, 0x00000007a7c78940, 0x00000007a8000000)
  to   space 21824K,   0% used [0x00000007a5560000, 0x00000007a5560000, 0x00000007a6ab0000)
 concurrent mark-sweep generation total 393216K, used 154636K [0x00000007a8000000, 0x00000007c0000000, 0x00000007c0000000)
 Metaspace       used 43674K, capacity 44920K, committed 45100K, reserved 1089536K
  class space    used 5354K, capacity 5667K, committed 5676K, reserved 1048576K
2019-01-30T12:57:52.534+0600: 4870.105: [GC (Allocation Failure) 2019-01-30T12:57:52.534+0600: 4870.105: [ParNew
Desired survivor size 20112992 bytes, new threshold 8 (max 8)
- age   1:    9514120 bytes,    9514120 total
- age   2:       1008 bytes,    9515128 total
- age   3:       1000 bytes,    9516128 total
: 105634K->13902K(109248K), 0.0123707 secs] 260270K->168538K(502464K), 0.0124876 secs] [Times: user=0.04 sys=0.00, real=0.01 secs] 
Heap after GC invocations=19474 (full 20):
 par new generation   total 109248K, used 13902K [0x00000007a0000000, 0x00000007a8000000, 0x00000007a8000000)
  eden space 87424K,   0% used [0x00000007a0000000, 0x00000007a0000000, 0x00000007a5560000)
  from space 21824K,  63% used [0x00000007a5560000, 0x00000007a62f3a80, 0x00000007a6ab0000)
  to   space 21824K,   0% used [0x00000007a6ab0000, 0x00000007a6ab0000, 0x00000007a8000000)
 concurrent mark-sweep generation total 393216K, used 154636K [0x00000007a8000000, 0x00000007c0000000, 0x00000007c0000000)
 Metaspace       used 43674K, capacity 44920K, committed 45100K, reserved 1089536K
  class space    used 5354K, capacity 5667K, committed 5676K, reserved 1048576K
}
2019-01-30T12:57:52.546+0600: 4870.118: Total time for which application threads were stopped: 0.0127472 seconds, Stopping threads took: 0.0000227 seconds
{Heap before GC invocations=19474 (full 20):
 par new generation   total 109248K, used 101326K [0x00000007a0000000, 0x00000007a8000000, 0x00000007a8000000)
  eden space 87424K, 100% used [0x00000007a0000000, 0x00000007a5560000, 0x00000007a5560000)
  from space 21824K,  63% used [0x00000007a5560000, 0x00000007a62f3a80, 0x00000007a6ab0000)
  to   space 21824K,   0% used [0x00000007a6ab0000, 0x00000007a6ab0000, 0x00000007a8000000)
 concurrent mark-sweep generation total 393216K, used 154636K [0x00000007a8000000, 0x00000007c0000000, 0x00000007c0000000)
 Metaspace       used 43674K, capacity 44920K, committed 45100K, reserved 1089536K
  class space    used 5354K, capacity 5667K, committed 5676K, reserved 1048576K
2019-01-30T12:57:52.755+0600: 4870.327: [GC (Allocation Failure) 2019-01-30T12:57:52.755+0600: 4870.327: [ParNew
Desired survivor size 20112992 bytes, new threshold 8 (max 8)
- age   1:    5954728 bytes,    5954728 total
- age   2:       1176 bytes,    5955904 total
- age   3:       1008 bytes,    5956912 total
- age   4:       1000 bytes,    5957912 total
: 101326K->9139K(109248K), 0.0083102 secs] 255962K->163775K(502464K), 0.0084023 secs] [Times: user=0.03 sys=0.00, real=0.01 secs] 
Heap after GC invocations=19475 (full 20):
 par new generation   total 109248K, used 9139K [0x00000007a0000000, 0x00000007a8000000, 0x00000007a8000000)
  eden space 87424K,   0% used [0x00000007a0000000, 0x00000007a0000000, 0x00000007a5560000)
  from space 21824K,  41% used [0x00000007a6ab0000, 0x00000007a739cf40, 0x00000007a8000000)
  to   space 21824K,   0% used [0x00000007a5560000, 0x00000007a5560000, 0x00000007a6ab0000)
 concurrent mark-sweep generation total 393216K, used 154636K [0x00000007a8000000, 0x00000007c0000000, 0x00000007c0000000)
 Metaspace       used 43674K, capacity 44920K, committed 45100K, reserved 1089536K
  class space    used 5354K, capacity 5667K, committed 5676K, reserved 1048576K
}
2019-01-30T12:57:52.764+0600: 4870.335: Total time for which application threads were stopped: 0.0086342 seconds, Stopping threads took: 0.0000215 seconds
{Heap before GC invocations=19475 (full 20):
 par new generation   total 109248K, used 96563K [0x00000007a0000000, 0x00000007a8000000, 0x00000007a8000000)
  eden space 87424K, 100% used [0x00000007a0000000, 0x00000007a5560000, 0x00000007a5560000)
  from space 21824K,  41% used [0x00000007a6ab0000, 0x00000007a739cf40, 0x00000007a8000000)
  to   space 21824K,   0% used [0x00000007a5560000, 0x00000007a5560000, 0x00000007a6ab0000)
 concurrent mark-sweep generation total 393216K, used 154636K [0x00000007a8000000, 0x00000007c0000000, 0x00000007c0000000)
 Metaspace       used 43674K, capacity 44920K, committed 45100K, reserved 1089536K
  class space    used 5354K, capacity 5667K, committed 5676K, reserved 1048576K
2019-01-30T12:57:52.968+0600: 4870.540: [GC (Allocation Failure) 2019-01-30T12:57:52.968+0600: 4870.540: [ParNew
Desired survivor size 20112992 bytes, new threshold 8 (max 8)
- age   1:    5884296 bytes,    5884296 total
- age   2:       1160 bytes,    5885456 total
- age   3:       1176 bytes,    5886632 total
- age   4:       1008 bytes,    5887640 total
- age   5:       1000 bytes,    5888640 total
: 96563K->6544K(109248K), 0.0088533 secs] 251199K->161180K(502464K), 0.0089517 secs] [Times: user=0.03 sys=0.00, real=0.01 secs] 
Heap after GC invocations=19476 (full 20):
 par new generation   total 109248K, used 6544K [0x00000007a0000000, 0x00000007a8000000, 0x00000007a8000000)
  eden space 87424K,   0% used [0x00000007a0000000, 0x00000007a0000000, 0x00000007a5560000)
  from space 21824K,  29% used [0x00000007a5560000, 0x00000007a5bc4210, 0x00000007a6ab0000)
  to   space 21824K,   0% used [0x00000007a6ab0000, 0x00000007a6ab0000, 0x00000007a8000000)
 concurrent mark-sweep generation total 393216K, used 154636K [0x00000007a8000000, 0x00000007c0000000, 0x00000007c0000000)
 Metaspace       used 43674K, capacity 44920K, committed 45100K, reserved 1089536K
  class space    used 5354K, capacity 5667K, committed 5676K, reserved 1048576K
}
2019-01-30T12:57:52.977+0600: 4870.549: Total time for which application threads were stopped: 0.0091858 seconds, Stopping threads took: 0.0000211 seconds
{Heap before GC invocations=19476 (full 20):
 par new generation   total 109248K, used 93968K [0x00000007a0000000, 0x00000007a8000000, 0x00000007a8000000)
  eden space 87424K, 100% used [0x00000007a0000000, 0x00000007a5560000, 0x00000007a5560000)
  from space 21824K,  29% used [0x00000007a5560000, 0x00000007a5bc4210, 0x00000007a6ab0000)
  to   space 21824K,   0% used [0x00000007a6ab0000, 0x00000007a6ab0000, 0x00000007a8000000)
 concurrent mark-sweep generation total 393216K, used 154636K [0x00000007a8000000, 0x00000007c0000000, 0x00000007c0000000)
 Metaspace       used 43674K, capacity 44920K, committed 45100K, reserved 1089536K
  class space    used 5354K, capacity 5667K, committed 5676K, reserved 1048576K
2019-01-30T12:57:53.194+0600: 4870.765: [GC (Allocation Failure) 2019-01-30T12:57:53.194+0600: 4870.766: [ParNew
Desired survivor size 20112992 bytes, new threshold 8 (max 8)
- age   1:   19127192 bytes,   19127192 total
- age   2:       1152 bytes,   19128344 total
- age   3:       1160 bytes,   19129504 total
- age   4:       1176 bytes,   19130680 total
- age   5:       1008 bytes,   19131688 total
- age   6:       1000 bytes,   19132688 total
: 93968K->19977K(109248K), 0.0188943 secs] 248604K->174613K(502464K), 0.0189928 secs] [Times: user=0.06 sys=0.01, real=0.02 secs] 
Heap after GC invocations=19477 (full 20):
 par new generation   total 109248K, used 19977K [0x00000007a0000000, 0x00000007a8000000, 0x00000007a8000000)
  eden space 87424K,   0% used [0x00000007a0000000, 0x00000007a0000000, 0x00000007a5560000)
  from space 21824K,  91% used [0x00000007a6ab0000, 0x00000007a7e325b8, 0x00000007a8000000)
  to   space 21824K,   0% used [0x00000007a5560000, 0x00000007a5560000, 0x00000007a6ab0000)
 concurrent mark-sweep generation total 393216K, used 154636K [0x00000007a8000000, 0x00000007c0000000, 0x00000007c0000000)
 Metaspace       used 43674K, capacity 44920K, committed 45100K, reserved 1089536K
  class space    used 5354K, capacity 5667K, committed 5676K, reserved 1048576K
}
2019-01-30T12:57:53.213+0600: 4870.785: Total time for which application threads were stopped: 0.0192261 seconds, Stopping threads took: 0.0000261 seconds
{Heap before GC invocations=19477 (full 20):
 par new generation   total 109248K, used 107401K [0x00000007a0000000, 0x00000007a8000000, 0x00000007a8000000)
  eden space 87424K, 100% used [0x00000007a0000000, 0x00000007a5560000, 0x00000007a5560000)
  from space 21824K,  91% used [0x00000007a6ab0000, 0x00000007a7e325b8, 0x00000007a8000000)
  to   space 21824K,   0% used [0x00000007a5560000, 0x00000007a5560000, 0x00000007a6ab0000)
 concurrent mark-sweep generation total 393216K, used 154636K [0x00000007a8000000, 0x00000007c0000000, 0x00000007c0000000)
 Metaspace       used 43674K, capacity 44920K, committed 45100K, reserved 1089536K
  class space    used 5354K, capacity 5667K, committed 5676K, reserved 1048576K
2019-01-30T12:57:53.425+0600: 4870.997: [GC (Allocation Failure) 2019-01-30T12:57:53.425+0600: 4870.997: [ParNew
Desired survivor size 20112992 bytes, new threshold 8 (max 8)
- age   1:   14613184 bytes,   14613184 total
- age   2:        968 bytes,   14614152 total
- age   3:       1152 bytes,   14615304 total
- age   4:       1160 bytes,   14616464 total
- age   5:       1176 bytes,   14617640 total
- age   6:       1008 bytes,   14618648 total
- age   7:       1000 bytes,   14619648 total
: 107401K->20999K(109248K), 0.0162545 secs] 262037K->175635K(502464K), 0.0163656 secs] [Times: user=0.05 sys=0.00, real=0.02 secs] 
Heap after GC invocations=19478 (full 20):
 par new generation   total 109248K, used 20999K [0x00000007a0000000, 0x00000007a8000000, 0x00000007a8000000)
  eden space 87424K,   0% used [0x00000007a0000000, 0x00000007a0000000, 0x00000007a5560000)
  from space 21824K,  96% used [0x00000007a5560000, 0x00000007a69e1f90, 0x00000007a6ab0000)
  to   space 21824K,   0% used [0x00000007a6ab0000, 0x00000007a6ab0000, 0x00000007a8000000)
 concurrent mark-sweep generation total 393216K, used 154636K [0x00000007a8000000, 0x00000007c0000000, 0x00000007c0000000)
 Metaspace       used 43674K, capacity 44920K, committed 45100K, reserved 1089536K
  class space    used 5354K, capacity 5667K, committed 5676K, reserved 1048576K
}
2019-01-30T12:57:53.442+0600: 4871.013: Total time for which application threads were stopped: 0.0166025 seconds, Stopping threads took: 0.0000230 seconds
{Heap before GC invocations=19478 (full 20):
 par new generation   total 109248K, used 108423K [0x00000007a0000000, 0x00000007a8000000, 0x00000007a8000000)
  eden space 87424K, 100% used [0x00000007a0000000, 0x00000007a5560000, 0x00000007a5560000)
  from space 21824K,  96% used [0x00000007a5560000, 0x00000007a69e1f90, 0x00000007a6ab0000)
  to   space 21824K,   0% used [0x00000007a6ab0000, 0x00000007a6ab0000, 0x00000007a8000000)
 concurrent mark-sweep generation total 393216K, used 154636K [0x00000007a8000000, 0x00000007c0000000, 0x00000007c0000000)
 Metaspace       used 43674K, capacity 44920K, committed 45100K, reserved 1089536K
  class space    used 5354K, capacity 5667K, committed 5676K, reserved 1048576K
2019-01-30T12:57:53.680+0600: 4871.251: [GC (Allocation Failure) 2019-01-30T12:57:53.680+0600: 4871.251: [ParNew
Desired survivor size 20112992 bytes, new threshold 8 (max 8)
- age   1:   11058000 bytes,   11058000 total
- age   2:       1040 bytes,   11059040 total
- age   3:        968 bytes,   11060008 total
- age   4:       1152 bytes,   11061160 total
- age   5:       1160 bytes,   11062320 total
- age   6:       1176 bytes,   11063496 total
- age   7:       1008 bytes,   11064504 total
- age   8:       1000 bytes,   11065504 total
: 108423K->15643K(109248K), 0.0118158 secs] 263059K->170279K(502464K), 0.0119250 secs] [Times: user=0.05 sys=0.00, real=0.01 secs] 
Heap after GC invocations=19479 (full 20):
 par new generation   total 109248K, used 15643K [0x00000007a0000000, 0x00000007a8000000, 0x00000007a8000000)
  eden space 87424K,   0% used [0x00000007a0000000, 0x00000007a0000000, 0x00000007a5560000)
  from space 21824K,  71% used [0x00000007a6ab0000, 0x00000007a79f6d30, 0x00000007a8000000)
  to   space 21824K,   0% used [0x00000007a5560000, 0x00000007a5560000, 0x00000007a6ab0000)
 concurrent mark-sweep generation total 393216K, used 154636K [0x00000007a8000000, 0x00000007c0000000, 0x00000007c0000000)
 Metaspace       used 43674K, capacity 44920K, committed 45100K, reserved 1089536K
  class space    used 5354K, capacity 5667K, committed 5676K, reserved 1048576K
}
2019-01-30T12:57:53.692+0600: 4871.263: Total time for which application threads were stopped: 0.0121774 seconds, Stopping threads took: 0.0000254 seconds
{Heap before GC invocations=19479 (full 20):
 par new generation   total 109248K, used 103067K [0x00000007a0000000, 0x00000007a8000000, 0x00000007a8000000)
  eden space 87424K, 100% used [0x00000007a0000000, 0x00000007a5560000, 0x00000007a5560000)
  from space 21824K,  71% used [0x00000007a6ab0000, 0x00000007a79f6d30, 0x00000007a8000000)
  to   space 21824K,   0% used [0x00000007a5560000, 0x00000007a5560000, 0x00000007a6ab0000)
 concurrent mark-sweep generation total 393216K, used 154636K [0x00000007a8000000, 0x00000007c0000000, 0x00000007c0000000)
 Metaspace       used 43674K, capacity 44920K, committed 45100K, reserved 1089536K
  class space    used 5354K, capacity 5667K, committed 5676K, reserved 1048576K
2019-01-30T12:57:53.891+0600: 4871.463: [GC (Allocation Failure) 2019-01-30T12:57:53.891+0600: 4871.463: [ParNew
Desired survivor size 20112992 bytes, new threshold 8 (max 8)
- age   1:    7694104 bytes,    7694104 total
- age   2:       1168 bytes,    7695272 total
- age   3:       1040 bytes,    7696312 total
- age   4:        968 bytes,    7697280 total
- age   5:       1152 bytes,    7698432 total
- age   6:       1160 bytes,    7699592 total
- age   7:       1176 bytes,    7700768 total
- age   8:       1008 bytes,    7701776 total
: 103067K->9659K(109248K), 0.0116981 secs] 257703K->164296K(502464K), 0.0118117 secs] [Times: user=0.04 sys=0.00, real=0.01 secs] 
Heap after GC invocations=19480 (full 20):
 par new generation   total 109248K, used 9659K [0x00000007a0000000, 0x00000007a8000000, 0x00000007a8000000)
  eden space 87424K,   0% used [0x00000007a0000000, 0x00000007a0000000, 0x00000007a5560000)
  from space 21824K,  44% used [0x00000007a5560000, 0x00000007a5ececc0, 0x00000007a6ab0000)
  to   space 21824K,   0% used [0x00000007a6ab0000, 0x00000007a6ab0000, 0x00000007a8000000)
 concurrent mark-sweep generation total 393216K, used 154637K [0x00000007a8000000, 0x00000007c0000000, 0x00000007c0000000)
 Metaspace       used 43674K, capacity 44920K, committed 45100K, reserved 1089536K
  class space    used 5354K, capacity 5667K, committed 5676K, reserved 1048576K
}
2019-01-30T12:57:53.903+0600: 4871.475: Total time for which application threads were stopped: 0.0120631 seconds, Stopping threads took: 0.0000267 seconds
{Heap before GC invocations=19480 (full 20):
 par new generation   total 109248K, used 97083K [0x00000007a0000000, 0x00000007a8000000, 0x00000007a8000000)
  eden space 87424K, 100% used [0x00000007a0000000, 0x00000007a5560000, 0x00000007a5560000)
  from space 21824K,  44% used [0x00000007a5560000, 0x00000007a5ececc0, 0x00000007a6ab0000)
  to   space 21824K,   0% used [0x00000007a6ab0000, 0x00000007a6ab0000, 0x00000007a8000000)
 concurrent mark-sweep generation total 393216K, used 154637K [0x00000007a8000000, 0x00000007c0000000, 0x00000007c0000000)
 Metaspace       used 43674K, capacity 44920K, committed 45100K, reserved 1089536K
  class space    used 5354K, capacity 5667K, committed 5676K, reserved 1048576K
2019-01-30T12:57:54.115+0600: 4871.686: [GC (Allocation Failure) 2019-01-30T12:57:54.115+0600: 4871.686: [ParNew
Desired survivor size 20112992 bytes, new threshold 8 (max 8)
- age   1:    5889816 bytes,    5889816 total
- age   2:       1200 bytes,    5891016 total
- age   3:       1168 bytes,    5892184 total
- age   4:       1040 bytes,    5893224 total
- age   5:        968 bytes,    5894192 total
- age   6:       1152 bytes,    5895344 total
- age   7:       1160 bytes,    5896504 total
- age   8:       1176 bytes,    5897680 total
: 97083K->8775K(109248K), 0.0088642 secs] 251720K->163413K(502464K), 0.0089549 secs] [Times: user=0.03 sys=0.00, real=0.01 secs] 
Heap after GC invocations=19481 (full 20):
 par new generation   total 109248K, used 8775K [0x00000007a0000000, 0x00000007a8000000, 0x00000007a8000000)
  eden space 87424K,   0% used [0x00000007a0000000, 0x00000007a0000000, 0x00000007a5560000)
  from space 21824K,  40% used [0x00000007a6ab0000, 0x00000007a7341d90, 0x00000007a8000000)
  to   space 21824K,   0% used [0x00000007a5560000, 0x00000007a5560000, 0x00000007a6ab0000)
 concurrent mark-sweep generation total 393216K, used 154638K [0x00000007a8000000, 0x00000007c0000000, 0x00000007c0000000)
 Metaspace       used 43674K, capacity 44920K, committed 45100K, reserved 1089536K
  class space    used 5354K, capacity 5667K, committed 5676K, reserved 1048576K
}
2019-01-30T12:57:54.124+0600: 4871.695: Total time for which application threads were stopped: 0.0092248 seconds, Stopping threads took: 0.0000229 seconds
{Heap before GC invocations=19481 (full 20):
 par new generation   total 109248K, used 96199K [0x00000007a0000000, 0x00000007a8000000, 0x00000007a8000000)
  eden space 87424K, 100% used [0x00000007a0000000, 0x00000007a5560000, 0x00000007a5560000)
  from space 21824K,  40% used [0x00000007a6ab0000, 0x00000007a7341d90, 0x00000007a8000000)
  to   space 21824K,   0% used [0x00000007a5560000, 0x00000007a5560000, 0x00000007a6ab0000)
 concurrent mark-sweep generation total 393216K, used 154638K [0x00000007a8000000, 0x00000007c0000000, 0x00000007c0000000)
 Metaspace       used 43674K, capacity 44920K, committed 45100K, reserved 1089536K
  class space    used 5354K, capacity 5667K, committed 5676K, reserved 1048576K
2019-01-30T12:57:54.361+0600: 4871.932: [GC (Allocation Failure) 2019-01-30T12:57:54.361+0600: 4871.932: [ParNew
Desired survivor size 20112992 bytes, new threshold 1 (max 8)
- age   1:   21109256 bytes,   21109256 total
- age   2:       1144 bytes,   21110400 total
- age   3:       1200 bytes,   21111600 total
- age   4:       1168 bytes,   21112768 total
- age   5:       1040 bytes,   21113808 total
- age   6:        968 bytes,   21114776 total
- age   7:       1152 bytes,   21115928 total
- age   8:       1160 bytes,   21117088 total
: 96199K->21318K(109248K), 0.0201025 secs] 250837K->175957K(502464K), 0.0202215 secs] [Times: user=0.07 sys=0.01, real=0.02 secs] 
Heap after GC invocations=19482 (full 20):
 par new generation   total 109248K, used 21318K [0x00000007a0000000, 0x00000007a8000000, 0x00000007a8000000)
  eden space 87424K,   0% used [0x00000007a0000000, 0x00000007a0000000, 0x00000007a5560000)
  from space 21824K,  97% used [0x00000007a5560000, 0x00000007a6a31940, 0x00000007a6ab0000)
  to   space 21824K,   0% used [0x00000007a6ab0000, 0x00000007a6ab0000, 0x00000007a8000000)
 concurrent mark-sweep generation total 393216K, used 154639K [0x00000007a8000000, 0x00000007c0000000, 0x00000007c0000000)
 Metaspace       used 43674K, capacity 44920K, committed 45100K, reserved 1089536K
  class space    used 5354K, capacity 5667K, committed 5676K, reserved 1048576K
}
2019-01-30T12:57:54.381+0600: 4871.953: Total time for which application threads were stopped: 0.0205263 seconds, Stopping threads took: 0.0000251 seconds
{Heap before GC invocations=19482 (full 20):
 par new generation   total 109248K, used 108742K [0x00000007a0000000, 0x00000007a8000000, 0x00000007a8000000)
  eden space 87424K, 100% used [0x00000007a0000000, 0x00000007a5560000, 0x00000007a5560000)
  from space 21824K,  97% used [0x00000007a5560000, 0x00000007a6a31940, 0x00000007a6ab0000)
  to   space 21824K,   0% used [0x00000007a6ab0000, 0x00000007a6ab0000, 0x00000007a8000000)
 concurrent mark-sweep generation total 393216K, used 154639K [0x00000007a8000000, 0x00000007c0000000, 0x00000007c0000000)
 Metaspace       used 43674K, capacity 44920K, committed 45100K, reserved 1089536K
  class space    used 5354K, capacity 5667K, committed 5676K, reserved 1048576K
2019-01-30T12:57:54.607+0600: 4872.178: [GC (Allocation Failure) 2019-01-30T12:57:54.607+0600: 4872.178: [ParNew
Desired survivor size 20112992 bytes, new threshold 8 (max 8)
- age   1:   16026896 bytes,   16026896 total
: 108742K->21824K(109248K), 0.0157333 secs] 263381K->176473K(502464K), 0.0158283 secs] [Times: user=0.06 sys=0.00, real=0.02 secs] 
Heap after GC invocations=19483 (full 20):
 par new generation   total 109248K, used 21824K [0x00000007a0000000, 0x00000007a8000000, 0x00000007a8000000)
  eden space 87424K,   0% used [0x00000007a0000000, 0x00000007a0000000, 0x00000007a5560000)
  from space 21824K, 100% used [0x00000007a6ab0000, 0x00000007a8000000, 0x00000007a8000000)
  to   space 21824K,   0% used [0x00000007a5560000, 0x00000007a5560000, 0x00000007a6ab0000)
 concurrent mark-sweep generation total 393216K, used 154649K [0x00000007a8000000, 0x00000007c0000000, 0x00000007c0000000)
 Metaspace       used 43674K, capacity 44920K, committed 45100K, reserved 1089536K
  class space    used 5354K, capacity 5667K, committed 5676K, reserved 1048576K
}
2019-01-30T12:57:54.623+0600: 4872.194: Total time for which application threads were stopped: 0.0160569 seconds, Stopping threads took: 0.0000251 seconds
{Heap before GC invocations=19483 (full 20):
 par new generation   total 109248K, used 109248K [0x00000007a0000000, 0x00000007a8000000, 0x00000007a8000000)
  eden space 87424K, 100% used [0x00000007a0000000, 0x00000007a5560000, 0x00000007a5560000)
  from space 21824K, 100% used [0x00000007a6ab0000, 0x00000007a8000000, 0x00000007a8000000)
  to   space 21824K,   0% used [0x00000007a5560000, 0x00000007a5560000, 0x00000007a6ab0000)
 concurrent mark-sweep generation total 393216K, used 154649K [0x00000007a8000000, 0x00000007c0000000, 0x00000007c0000000)
 Metaspace       used 43674K, capacity 44920K, committed 45100K, reserved 1089536K
  class space    used 5354K, capacity 5667K, committed 5676K, reserved 1048576K
2019-01-30T12:57:54.828+0600: 4872.400: [GC (Allocation Failure) 2019-01-30T12:57:54.828+0600: 4872.400: [ParNew
Desired survivor size 20112992 bytes, new threshold 8 (max 8)
- age   1:   12725752 bytes,   12725752 total
- age   2:       1392 bytes,   12727144 total
: 109248K->18204K(109248K), 0.0273228 secs] 263897K->172854K(502464K), 0.0274284 secs] [Times: user=0.04 sys=0.00, real=0.03 secs] 
Heap after GC invocations=19484 (full 20):
 par new generation   total 109248K, used 18204K [0x00000007a0000000, 0x00000007a8000000, 0x00000007a8000000)
  eden space 87424K,   0% used [0x00000007a0000000, 0x00000007a0000000, 0x00000007a5560000)
  from space 21824K,  83% used [0x00000007a5560000, 0x00000007a6727380, 0x00000007a6ab0000)
  to   space 21824K,   0% used [0x00000007a6ab0000, 0x00000007a6ab0000, 0x00000007a8000000)
 concurrent mark-sweep generation total 393216K, used 154649K [0x00000007a8000000, 0x00000007c0000000, 0x00000007c0000000)
 Metaspace       used 43674K, capacity 44920K, committed 45100K, reserved 1089536K
  class space    used 5354K, capacity 5667K, committed 5676K, reserved 1048576K
}
2019-01-30T12:57:54.856+0600: 4872.427: Total time for which application threads were stopped: 0.0276700 seconds, Stopping threads took: 0.0000247 seconds
{Heap before GC invocations=19484 (full 20):
 par new generation   total 109248K, used 105628K [0x00000007a0000000, 0x00000007a8000000, 0x00000007a8000000)
  eden space 87424K, 100% used [0x00000007a0000000, 0x00000007a5560000, 0x00000007a5560000)
  from space 21824K,  83% used [0x00000007a5560000, 0x00000007a6727380, 0x00000007a6ab0000)
  to   space 21824K,   0% used [0x00000007a6ab0000, 0x00000007a6ab0000, 0x00000007a8000000)
 concurrent mark-sweep generation total 393216K, used 154649K [0x00000007a8000000, 0x00000007c0000000, 0x00000007c0000000)
 Metaspace       used 43674K, capacity 44920K, committed 45100K, reserved 1089536K
  class space    used 5354K, capacity 5667K, committed 5676K, reserved 1048576K
2019-01-30T12:57:55.109+0600: 4872.681: [GC (Allocation Failure) 2019-01-30T12:57:55.109+0600: 4872.681: [ParNew
Desired survivor size 20112992 bytes, new threshold 8 (max 8)
- age   1:    9466888 bytes,    9466888 total
- age   2:       1000 bytes,    9467888 total
- age   3:       1392 bytes,    9469280 total
: 105628K->12138K(109248K), 0.0121529 secs] 260278K->166787K(502464K), 0.0122517 secs] [Times: user=0.04 sys=0.01, real=0.02 secs] 
Heap after GC invocations=19485 (full 20):
 par new generation   total 109248K, used 12138K [0x00000007a0000000, 0x00000007a8000000, 0x00000007a8000000)
  eden space 87424K,   0% used [0x00000007a0000000, 0x00000007a0000000, 0x00000007a5560000)
  from space 21824K,  55% used [0x00000007a6ab0000, 0x00000007a768ab10, 0x00000007a8000000)
  to   space 21824K,   0% used [0x00000007a5560000, 0x00000007a5560000, 0x00000007a6ab0000)
 concurrent mark-sweep generation total 393216K, used 154649K [0x00000007a8000000, 0x00000007c0000000, 0x00000007c0000000)
 Metaspace       used 43674K, capacity 44920K, committed 45100K, reserved 1089536K
  class space    used 5354K, capacity 5667K, committed 5676K, reserved 1048576K
}
2019-01-30T12:57:55.121+0600: 4872.693: Total time for which application threads were stopped: 0.0124948 seconds, Stopping threads took: 0.0000248 seconds
{Heap before GC invocations=19485 (full 20):
 par new generation   total 109248K, used 99562K [0x00000007a0000000, 0x00000007a8000000, 0x00000007a8000000)
  eden space 87424K, 100% used [0x00000007a0000000, 0x00000007a5560000, 0x00000007a5560000)
  from space 21824K,  55% used [0x00000007a6ab0000, 0x00000007a768ab10, 0x00000007a8000000)
  to   space 21824K,   0% used [0x00000007a5560000, 0x00000007a5560000, 0x00000007a6ab0000)
 concurrent mark-sweep generation total 393216K, used 154649K [0x00000007a8000000, 0x00000007c0000000, 0x00000007c0000000)
 Metaspace       used 43674K, capacity 44920K, committed 45100K, reserved 1089536K
  class space    used 5354K, capacity 5667K, committed 5676K, reserved 1048576K
2019-01-30T12:57:55.339+0600: 4872.911: [GC (Allocation Failure) 2019-01-30T12:57:55.339+0600: 4872.911: [ParNew
Desired survivor size 20112992 bytes, new threshold 8 (max 8)
- age   1:    5902936 bytes,    5902936 total
- age   2:       1200 bytes,    5904136 total
- age   3:       1000 bytes,    5905136 total
- age   4:       1392 bytes,    5906528 total
: 99562K->7802K(109248K), 0.0098653 secs] 254211K->162451K(502464K), 0.0099708 secs] [Times: user=0.03 sys=0.00, real=0.01 secs] 
Heap after GC invocations=19486 (full 20):
 par new generation   total 109248K, used 7802K [0x00000007a0000000, 0x00000007a8000000, 0x00000007a8000000)
  eden space 87424K,   0% used [0x00000007a0000000, 0x00000007a0000000, 0x00000007a5560000)
  from space 21824K,  35% used [0x00000007a5560000, 0x00000007a5cfeb40, 0x00000007a6ab0000)
  to   space 21824K,   0% used [0x00000007a6ab0000, 0x00000007a6ab0000, 0x00000007a8000000)
 concurrent mark-sweep generation total 393216K, used 154649K [0x00000007a8000000, 0x00000007c0000000, 0x00000007c0000000)
 Metaspace       used 43674K, capacity 44920K, committed 45100K, reserved 1089536K
  class space    used 5354K, capacity 5667K, committed 5676K, reserved 1048576K
}
2019-01-30T12:57:55.349+0600: 4872.921: Total time for which application threads were stopped: 0.0102419 seconds, Stopping threads took: 0.0000215 seconds
{Heap before GC invocations=19486 (full 20):
 par new generation   total 109248K, used 95226K [0x00000007a0000000, 0x00000007a8000000, 0x00000007a8000000)
  eden space 87424K, 100% used [0x00000007a0000000, 0x00000007a5560000, 0x00000007a5560000)
  from space 21824K,  35% used [0x00000007a5560000, 0x00000007a5cfeb40, 0x00000007a6ab0000)
  to   space 21824K,   0% used [0x00000007a6ab0000, 0x00000007a6ab0000, 0x00000007a8000000)
 concurrent mark-sweep generation total 393216K, used 154649K [0x00000007a8000000, 0x00000007c0000000, 0x00000007c0000000)
 Metaspace       used 43674K, capacity 44920K, committed 45100K, reserved 1089536K
  class space    used 5354K, capacity 5667K, committed 5676K, reserved 1048576K
2019-01-30T12:57:55.596+0600: 4873.168: [GC (Allocation Failure) 2019-01-30T12:57:55.596+0600: 4873.168: [ParNew
Desired survivor size 20112992 bytes, new threshold 8 (max 8)
- age   1:    5867704 bytes,    5867704 total
- age   2:       1168 bytes,    5868872 total
- age   3:       1200 bytes,    5870072 total
- age   4:       1000 bytes,    5871072 total
- age   5:       1392 bytes,    5872464 total
: 95226K->7951K(109248K), 0.0090274 secs] 249875K->162600K(502464K), 0.0091296 secs] [Times: user=0.04 sys=0.00, real=0.01 secs] 
Heap after GC invocations=19487 (full 20):
 par new generation   total 109248K, used 7951K [0x00000007a0000000, 0x00000007a8000000, 0x00000007a8000000)
  eden space 87424K,   0% used [0x00000007a0000000, 0x00000007a0000000, 0x00000007a5560000)
  from space 21824K,  36% used [0x00000007a6ab0000, 0x00000007a7273c10, 0x00000007a8000000)
  to   space 21824K,   0% used [0x00000007a5560000, 0x00000007a5560000, 0x00000007a6ab0000)
 concurrent mark-sweep generation total 393216K, used 154649K [0x00000007a8000000, 0x00000007c0000000, 0x00000007c0000000)
 Metaspace       used 43674K, capacity 44920K, committed 45100K, reserved 1089536K
  class space    used 5354K, capacity 5667K, committed 5676K, reserved 1048576K
}
2019-01-30T12:57:55.606+0600: 4873.177: Total time for which application threads were stopped: 0.0094046 seconds, Stopping threads took: 0.0000374 seconds
{Heap before GC invocations=19487 (full 20):
 par new generation   total 109248K, used 95375K [0x00000007a0000000, 0x00000007a8000000, 0x00000007a8000000)
  eden space 87424K, 100% used [0x00000007a0000000, 0x00000007a5560000, 0x00000007a5560000)
  from space 21824K,  36% used [0x00000007a6ab0000, 0x00000007a7273c10, 0x00000007a8000000)
  to   space 21824K,   0% used [0x00000007a5560000, 0x00000007a5560000, 0x00000007a6ab0000)
 concurrent mark-sweep generation total 393216K, used 154649K [0x00000007a8000000, 0x00000007c0000000, 0x00000007c0000000)
 Metaspace       used 43674K, capacity 44920K, committed 45100K, reserved 1089536K
  class space    used 5354K, capacity 5667K, committed 5676K, reserved 1048576K
2019-01-30T12:57:55.816+0600: 4873.388: [GC (Allocation Failure) 2019-01-30T12:57:55.816+0600: 4873.388: [ParNew
Desired survivor size 20112992 bytes, new threshold 8 (max 8)
- age   1:   19041120 bytes,   19041120 total
- age   2:       1144 bytes,   19042264 total
- age   3:       1168 bytes,   19043432 total
- age   4:       1200 bytes,   19044632 total
- age   5:       1000 bytes,   19045632 total
- age   6:       1392 bytes,   19047024 total
: 95375K->19890K(109248K), 0.0167918 secs] 250024K->174539K(502464K), 0.0168908 secs] [Times: user=0.07 sys=0.00, real=0.02 secs] 
Heap after GC invocations=19488 (full 20):
 par new generation   total 109248K, used 19890K [0x00000007a0000000, 0x00000007a8000000, 0x00000007a8000000)
  eden space 87424K,   0% used [0x00000007a0000000, 0x00000007a0000000, 0x00000007a5560000)
  from space 21824K,  91% used [0x00000007a5560000, 0x00000007a68ccac0, 0x00000007a6ab0000)
  to   space 21824K,   0% used [0x00000007a6ab0000, 0x00000007a6ab0000, 0x00000007a8000000)
 concurrent mark-sweep generation total 393216K, used 154649K [0x00000007a8000000, 0x00000007c0000000, 0x00000007c0000000)
 Metaspace       used 43674K, capacity 44920K, committed 45100K, reserved 1089536K
  class space    used 5354K, capacity 5667K, committed 5676K, reserved 1048576K
}
2019-01-30T12:57:55.833+0600: 4873.405: Total time for which application threads were stopped: 0.0171250 seconds, Stopping threads took: 0.0000245 seconds
{Heap before GC invocations=19488 (full 20):
 par new generation   total 109248K, used 106722K [0x00000007a0000000, 0x00000007a8000000, 0x00000007a8000000)
  eden space 87424K,  99% used [0x00000007a0000000, 0x00000007a54cbef0, 0x00000007a5560000)
  from space 21824K,  91% used [0x00000007a5560000, 0x00000007a68ccac0, 0x00000007a6ab0000)
  to   space 21824K,   0% used [0x00000007a6ab0000, 0x00000007a6ab0000, 0x00000007a8000000)
 concurrent mark-sweep generation total 393216K, used 154649K [0x00000007a8000000, 0x00000007c0000000, 0x00000007c0000000)
 Metaspace       used 43674K, capacity 44920K, committed 45100K, reserved 1089536K
  class space    used 5354K, capacity 5667K, committed 5676K, reserved 1048576K
2019-01-30T12:57:56.037+0600: 4873.608: [GC (Allocation Failure) 2019-01-30T12:57:56.037+0600: 4873.608: [ParNew
Desired survivor size 20112992 bytes, new threshold 8 (max 8)
- age   1:   14613328 bytes,   14613328 total
- age   2:        936 bytes,   14614264 total
- age   3:       1144 bytes,   14615408 total
- age   4:       1168 bytes,   14616576 total
- age   5:       1200 bytes,   14617776 total
- age   6:       1000 bytes,   14618776 total
- age   7:       1392 bytes,   14620168 total
: 106722K->20188K(109248K), 0.0143153 secs] 261371K->174838K(502464K), 0.0144183 secs] [Times: user=0.05 sys=0.00, real=0.02 secs] 
Heap after GC invocations=19489 (full 20):
 par new generation   total 109248K, used 20188K [0x00000007a0000000, 0x00000007a8000000, 0x00000007a8000000)
  eden space 87424K,   0% used [0x00000007a0000000, 0x00000007a0000000, 0x00000007a5560000)
  from space 21824K,  92% used [0x00000007a6ab0000, 0x00000007a7e673b8, 0x00000007a8000000)
  to   space 21824K,   0% used [0x00000007a5560000, 0x00000007a5560000, 0x00000007a6ab0000)
 concurrent mark-sweep generation total 393216K, used 154649K [0x00000007a8000000, 0x00000007c0000000, 0x00000007c0000000)
 Metaspace       used 43674K, capacity 44920K, committed 45100K, reserved 1089536K
  class space    used 5354K, capacity 5667K, committed 5676K, reserved 1048576K
}
2019-01-30T12:57:56.051+0600: 4873.623: Total time for which application threads were stopped: 0.0146536 seconds, Stopping threads took: 0.0000257 seconds
{Heap before GC invocations=19489 (full 20):
 par new generation   total 109248K, used 107612K [0x00000007a0000000, 0x00000007a8000000, 0x00000007a8000000)
  eden space 87424K, 100% used [0x00000007a0000000, 0x00000007a5560000, 0x00000007a5560000)
  from space 21824K,  92% used [0x00000007a6ab0000, 0x00000007a7e673b8, 0x00000007a8000000)
  to   space 21824K,   0% used [0x00000007a5560000, 0x00000007a5560000, 0x00000007a6ab0000)
 concurrent mark-sweep generation total 393216K, used 154649K [0x00000007a8000000, 0x00000007c0000000, 0x00000007c0000000)
 Metaspace       used 43674K, capacity 44920K, committed 45100K, reserved 1089536K
  class space    used 5354K, capacity 5667K, committed 5676K, reserved 1048576K
2019-01-30T12:57:56.261+0600: 4873.832: [GC (Allocation Failure) 2019-01-30T12:57:56.261+0600: 4873.833: [ParNew
Desired survivor size 20112992 bytes, new threshold 8 (max 8)
- age   1:   11077856 bytes,   11077856 total
- age   2:       1016 bytes,   11078872 total
- age   3:        936 bytes,   11079808 total
- age   4:       1144 bytes,   11080952 total
- age   5:       1168 bytes,   11082120 total
- age   6:       1200 bytes,   11083320 total
- age   7:       1000 bytes,   11084320 total
- age   8:       1392 bytes,   11085712 total
: 107612K->14416K(109248K), 0.0176572 secs] 262262K->169066K(502464K), 0.0177621 secs] [Times: user=0.04 sys=0.00, real=0.01 secs] 
Heap after GC invocations=19490 (full 20):
 par new generation   total 109248K, used 14416K [0x00000007a0000000, 0x00000007a8000000, 0x00000007a8000000)
  eden space 87424K,   0% used [0x00000007a0000000, 0x00000007a0000000, 0x00000007a5560000)
  from space 21824K,  66% used [0x00000007a5560000, 0x00000007a6374388, 0x00000007a6ab0000)
  to   space 21824K,   0% used [0x00000007a6ab0000, 0x00000007a6ab0000, 0x00000007a8000000)
 concurrent mark-sweep generation total 393216K, used 154649K [0x00000007a8000000, 0x00000007c0000000, 0x00000007c0000000)
 Metaspace       used 43674K, capacity 44920K, committed 45100K, reserved 1089536K
  class space    used 5354K, capacity 5667K, committed 5676K, reserved 1048576K
}
2019-01-30T12:57:56.279+0600: 4873.850: Total time for which application threads were stopped: 0.0180130 seconds, Stopping threads took: 0.0000238 seconds
{Heap before GC invocations=19490 (full 20):
 par new generation   total 109248K, used 101840K [0x00000007a0000000, 0x00000007a8000000, 0x00000007a8000000)
  eden space 87424K, 100% used [0x00000007a0000000, 0x00000007a5560000, 0x00000007a5560000)
  from space 21824K,  66% used [0x00000007a5560000, 0x00000007a6374388, 0x00000007a6ab0000)
  to   space 21824K,   0% used [0x00000007a6ab0000, 0x00000007a6ab0000, 0x00000007a8000000)
 concurrent mark-sweep generation total 393216K, used 154649K [0x00000007a8000000, 0x00000007c0000000, 0x00000007c0000000)
 Metaspace       used 43674K, capacity 44920K, committed 45100K, reserved 1089536K
  class space    used 5354K, capacity 5667K, committed 5676K, reserved 1048576K
2019-01-30T12:57:56.487+0600: 4874.058: [GC (Allocation Failure) 2019-01-30T12:57:56.487+0600: 4874.058: [ParNew
Desired survivor size 20112992 bytes, new threshold 8 (max 8)
- age   1:    7694248 bytes,    7694248 total
- age   2:       1176 bytes,    7695424 total
- age   3:       1016 bytes,    7696440 total
- age   4:        936 bytes,    7697376 total
- age   5:       1144 bytes,    7698520 total
- age   6:       1168 bytes,    7699688 total
- age   7:       1200 bytes,    7700888 total
- age   8:       1000 bytes,    7701888 total
: 101840K->10708K(109248K), 0.0096950 secs] 256490K->165359K(502464K), 0.0098007 secs] [Times: user=0.04 sys=0.00, real=0.01 secs] 
Heap after GC invocations=19491 (full 20):
 par new generation   total 109248K, used 10708K [0x00000007a0000000, 0x00000007a8000000, 0x00000007a8000000)
  eden space 87424K,   0% used [0x00000007a0000000, 0x00000007a0000000, 0x00000007a5560000)
  from space 21824K,  49% used [0x00000007a6ab0000, 0x00000007a75252f8, 0x00000007a8000000)
  to   space 21824K,   0% used [0x00000007a5560000, 0x00000007a5560000, 0x00000007a6ab0000)
 concurrent mark-sweep generation total 393216K, used 154650K [0x00000007a8000000, 0x00000007c0000000, 0x00000007c0000000)
 Metaspace       used 43674K, capacity 44920K, committed 45100K, reserved 1089536K
  class space    used 5354K, capacity 5667K, committed 5676K, reserved 1048576K
}
2019-01-30T12:57:56.497+0600: 4874.068: Total time for which application threads were stopped: 0.0100374 seconds, Stopping threads took: 0.0000249 seconds
{Heap before GC invocations=19491 (full 20):
 par new generation   total 109248K, used 98132K [0x00000007a0000000, 0x00000007a8000000, 0x00000007a8000000)
  eden space 87424K, 100% used [0x00000007a0000000, 0x00000007a5560000, 0x00000007a5560000)
  from space 21824K,  49% used [0x00000007a6ab0000, 0x00000007a75252f8, 0x00000007a8000000)
  to   space 21824K,   0% used [0x00000007a5560000, 0x00000007a5560000, 0x00000007a6ab0000)
 concurrent mark-sweep generation total 393216K, used 154650K [0x00000007a8000000, 0x00000007c0000000, 0x00000007c0000000)
 Metaspace       used 43674K, capacity 44920K, committed 45100K, reserved 1089536K
  class space    used 5354K, capacity 5667K, committed 5676K, reserved 1048576K
2019-01-30T12:57:56.718+0600: 4874.289: [GC (Allocation Failure) 2019-01-30T12:57:56.718+0600: 4874.289: [ParNew
Desired survivor size 20112992 bytes, new threshold 8 (max 8)
- age   1:    5890480 bytes,    5890480 total
- age   2:       1176 bytes,    5891656 total
- age   3:       1176 bytes,    5892832 total
- age   4:       1016 bytes,    5893848 total
- age   5:        936 bytes,    5894784 total
- age   6:       1144 bytes,    5895928 total
- age   7:       1168 bytes,    5897096 total
- age   8:       1200 bytes,    5898296 total
: 98132K->7549K(109248K), 0.0083983 secs] 252783K->162201K(502464K), 0.0084975 secs] [Times: user=0.03 sys=0.00, real=0.01 secs] 
Heap after GC invocations=19492 (full 20):
 par new generation   total 109248K, used 7549K [0x00000007a0000000, 0x00000007a8000000, 0x00000007a8000000)
  eden space 87424K,   0% used [0x00000007a0000000, 0x00000007a0000000, 0x00000007a5560000)
  from space 21824K,  34% used [0x00000007a5560000, 0x00000007a5cbf620, 0x00000007a6ab0000)
  to   space 21824K,   0% used [0x00000007a6ab0000, 0x00000007a6ab0000, 0x00000007a8000000)
 concurrent mark-sweep generation total 393216K, used 154651K [0x00000007a8000000, 0x00000007c0000000, 0x00000007c0000000)
 Metaspace       used 43674K, capacity 44920K, committed 45100K, reserved 1089536K
  class space    used 5354K, capacity 5667K, committed 5676K, reserved 1048576K
}
2019-01-30T12:57:56.726+0600: 4874.298: Total time for which application threads were stopped: 0.0087350 seconds, Stopping threads took: 0.0000206 seconds
{Heap before GC invocations=19492 (full 20):
 par new generation   total 109248K, used 94973K [0x00000007a0000000, 0x00000007a8000000, 0x00000007a8000000)
  eden space 87424K, 100% used [0x00000007a0000000, 0x00000007a5560000, 0x00000007a5560000)
  from space 21824K,  34% used [0x00000007a5560000, 0x00000007a5cbf620, 0x00000007a6ab0000)
  to   space 21824K,   0% used [0x00000007a6ab0000, 0x00000007a6ab0000, 0x00000007a8000000)
 concurrent mark-sweep generation total 393216K, used 154651K [0x00000007a8000000, 0x00000007c0000000, 0x00000007c0000000)
 Metaspace       used 43674K, capacity 44920K, committed 45100K, reserved 1089536K
  class space    used 5354K, capacity 5667K, committed 5676K, reserved 1048576K
2019-01-30T12:57:56.938+0600: 4874.510: [GC (Allocation Failure) 2019-01-30T12:57:56.938+0600: 4874.510: [ParNew
Desired survivor size 20112992 bytes, new threshold 1 (max 8)
- age   1:   21111864 bytes,   21111864 total
- age   2:       1152 bytes,   21113016 total
- age   3:       1176 bytes,   21114192 total
- age   4:       1176 bytes,   21115368 total
- age   5:       1016 bytes,   21116384 total
- age   6:        936 bytes,   21117320 total
- age   7:       1144 bytes,   21118464 total
- age   8:       1168 bytes,   21119632 total
: 94973K->21277K(109248K), 0.0187370 secs] 249625K->175930K(502464K), 0.0188466 secs] [Times: user=0.07 sys=0.00, real=0.02 secs] 
Heap after GC invocations=19493 (full 20):
 par new generation   total 109248K, used 21277K [0x00000007a0000000, 0x00000007a8000000, 0x00000007a8000000)
  eden space 87424K,   0% used [0x00000007a0000000, 0x00000007a0000000, 0x00000007a5560000)
  from space 21824K,  97% used [0x00000007a6ab0000, 0x00000007a7f77680, 0x00000007a8000000)
  to   space 21824K,   0% used [0x00000007a5560000, 0x00000007a5560000, 0x00000007a6ab0000)
 concurrent mark-sweep generation total 393216K, used 154652K [0x00000007a8000000, 0x00000007c0000000, 0x00000007c0000000)
 Metaspace       used 43674K, capacity 44920K, committed 45100K, reserved 1089536K
  class space    used 5354K, capacity 5667K, committed 5676K, reserved 1048576K
}
2019-01-30T12:57:56.957+0600: 4874.528: Total time for which application threads were stopped: 0.0190999 seconds, Stopping threads took: 0.0000280 seconds
{Heap before GC invocations=19493 (full 20):
 par new generation   total 109248K, used 108683K [0x00000007a0000000, 0x00000007a8000000, 0x00000007a8000000)
  eden space 87424K,  99% used [0x00000007a0000000, 0x00000007a555b7e8, 0x00000007a5560000)
  from space 21824K,  97% used [0x00000007a6ab0000, 0x00000007a7f77680, 0x00000007a8000000)
  to   space 21824K,   0% used [0x00000007a5560000, 0x00000007a5560000, 0x00000007a6ab0000)
 concurrent mark-sweep generation total 393216K, used 154652K [0x00000007a8000000, 0x00000007c0000000, 0x00000007c0000000)
 Metaspace       used 43674K, capacity 44920K, committed 45100K, reserved 1089536K
  class space    used 5354K, capacity 5667K, committed 5676K, reserved 1048576K
2019-01-30T12:57:57.162+0600: 4874.734: [GC (Allocation Failure) 2019-01-30T12:57:57.162+0600: 4874.734: [ParNew
Desired survivor size 20112992 bytes, new threshold 8 (max 8)
- age   1:   16027856 bytes,   16027856 total
: 108683K->21824K(109248K), 0.0161134 secs] 263336K->176485K(502464K), 0.0162184 secs] [Times: user=0.06 sys=0.00, real=0.01 secs] 
Heap after GC invocations=19494 (full 20):
 par new generation   total 109248K, used 21824K [0x00000007a0000000, 0x00000007a8000000, 0x00000007a8000000)
  eden space 87424K,   0% used [0x00000007a0000000, 0x00000007a0000000, 0x00000007a5560000)
  from space 21824K, 100% used [0x00000007a5560000, 0x00000007a6ab0000, 0x00000007a6ab0000)
  to   space 21824K,   0% used [0x00000007a6ab0000, 0x00000007a6ab0000, 0x00000007a8000000)
 concurrent mark-sweep generation total 393216K, used 154661K [0x00000007a8000000, 0x00000007c0000000, 0x00000007c0000000)
 Metaspace       used 43674K, capacity 44920K, committed 45100K, reserved 1089536K
  class space    used 5354K, capacity 5667K, committed 5676K, reserved 1048576K
}
2019-01-30T12:57:57.179+0600: 4874.750: Total time for which application threads were stopped: 0.0164820 seconds, Stopping threads took: 0.0000241 seconds
{Heap before GC invocations=19494 (full 20):
 par new generation   total 109248K, used 109248K [0x00000007a0000000, 0x00000007a8000000, 0x00000007a8000000)
  eden space 87424K, 100% used [0x00000007a0000000, 0x00000007a5560000, 0x00000007a5560000)
  from space 21824K, 100% used [0x00000007a5560000, 0x00000007a6ab0000, 0x00000007a6ab0000)
  to   space 21824K,   0% used [0x00000007a6ab0000, 0x00000007a6ab0000, 0x00000007a8000000)
 concurrent mark-sweep generation total 393216K, used 154661K [0x00000007a8000000, 0x00000007c0000000, 0x00000007c0000000)
 Metaspace       used 43674K, capacity 44920K, committed 45100K, reserved 1089536K
  class space    used 5354K, capacity 5667K, committed 5676K, reserved 1048576K
2019-01-30T12:57:57.394+0600: 4874.966: [GC (Allocation Failure) 2019-01-30T12:57:57.394+0600: 4874.966: [ParNew
Desired survivor size 20112992 bytes, new threshold 8 (max 8)
- age   1:   12744240 bytes,   12744240 total
- age   2:       1000 bytes,   12745240 total
: 109248K->16008K(109248K), 0.0134443 secs] 263909K->170670K(502464K), 0.0135497 secs] [Times: user=0.05 sys=0.00, real=0.01 secs] 
Heap after GC invocations=19495 (full 20):
 par new generation   total 109248K, used 16008K [0x00000007a0000000, 0x00000007a8000000, 0x00000007a8000000)
  eden space 87424K,   0% used [0x00000007a0000000, 0x00000007a0000000, 0x00000007a5560000)
  from space 21824K,  73% used [0x00000007a6ab0000, 0x00000007a7a52198, 0x00000007a8000000)
  to   space 21824K,   0% used [0x00000007a5560000, 0x00000007a5560000, 0x00000007a6ab0000)
 concurrent mark-sweep generation total 393216K, used 154661K [0x00000007a8000000, 0x00000007c0000000, 0x00000007c0000000)
 Metaspace       used 43674K, capacity 44920K, committed 45100K, reserved 1089536K
  class space    used 5354K, capacity 5667K, committed 5676K, reserved 1048576K
}
2019-01-30T12:57:57.408+0600: 4874.979: Total time for which application threads were stopped: 0.0137875 seconds, Stopping threads took: 0.0000237 seconds
{Heap before GC invocations=19495 (full 20):
 par new generation   total 109248K, used 103432K [0x00000007a0000000, 0x00000007a8000000, 0x00000007a8000000)
  eden space 87424K, 100% used [0x00000007a0000000, 0x00000007a5560000, 0x00000007a5560000)
  from space 21824K,  73% used [0x00000007a6ab0000, 0x00000007a7a52198, 0x00000007a8000000)
  to   space 21824K,   0% used [0x00000007a5560000, 0x00000007a5560000, 0x00000007a6ab0000)
 concurrent mark-sweep generation total 393216K, used 154661K [0x00000007a8000000, 0x00000007c0000000, 0x00000007c0000000)
 Metaspace       used 43674K, capacity 44920K, committed 45100K, reserved 1089536K
  class space    used 5354K, capacity 5667K, committed 5676K, reserved 1048576K
2019-01-30T12:57:57.643+0600: 4875.215: [GC (Allocation Failure) 2019-01-30T12:57:57.643+0600: 4875.215: [ParNew
Desired survivor size 20112992 bytes, new threshold 8 (max 8)
- age   1:    9459976 bytes,    9459976 total
- age   2:       1048 bytes,    9461024 total
- age   3:       1000 bytes,    9462024 total
: 103432K->13908K(109248K), 0.0109472 secs] 258094K->168570K(502464K), 0.0110766 secs] [Times: user=0.04 sys=0.00, real=0.01 secs] 
Heap after GC invocations=19496 (full 20):
 par new generation   total 109248K, used 13908K [0x00000007a0000000, 0x00000007a8000000, 0x00000007a8000000)
  eden space 87424K,   0% used [0x00000007a0000000, 0x00000007a0000000, 0x00000007a5560000)
  from space 21824K,  63% used [0x00000007a5560000, 0x00000007a62f5300, 0x00000007a6ab0000)
  to   space 21824K,   0% used [0x00000007a6ab0000, 0x00000007a6ab0000, 0x00000007a8000000)
 concurrent mark-sweep generation total 393216K, used 154661K [0x00000007a8000000, 0x00000007c0000000, 0x00000007c0000000)
 Metaspace       used 43674K, capacity 44920K, committed 45100K, reserved 1089536K
  class space    used 5354K, capacity 5667K, committed 5676K, reserved 1048576K
}
2019-01-30T12:57:57.655+0600: 4875.226: Total time for which application threads were stopped: 0.0113336 seconds, Stopping threads took: 0.0000244 seconds
{Heap before GC invocations=19496 (full 20):
 par new generation   total 109248K, used 101332K [0x00000007a0000000, 0x00000007a8000000, 0x00000007a8000000)
  eden space 87424K, 100% used [0x00000007a0000000, 0x00000007a5560000, 0x00000007a5560000)
  from space 21824K,  63% used [0x00000007a5560000, 0x00000007a62f5300, 0x00000007a6ab0000)
  to   space 21824K,   0% used [0x00000007a6ab0000, 0x00000007a6ab0000, 0x00000007a8000000)
 concurrent mark-sweep generation total 393216K, used 154661K [0x00000007a8000000, 0x00000007c0000000, 0x00000007c0000000)
 Metaspace       used 43674K, capacity 44920K, committed 45100K, reserved 1089536K
  class space    used 5354K, capacity 5667K, committed 5676K, reserved 1048576K
2019-01-30T12:57:57.876+0600: 4875.448: [GC (Allocation Failure) 2019-01-30T12:57:57.876+0600: 4875.448: [ParNew
Desired survivor size 20112992 bytes, new threshold 8 (max 8)
- age   1:    5916696 bytes,    5916696 total
- age   2:       1096 bytes,    5917792 total
- age   3:       1048 bytes,    5918840 total
- age   4:       1000 bytes,    5919840 total
: 101332K->8109K(109248K), 0.0089569 secs] 255994K->162770K(502464K), 0.0090591 secs] [Times: user=0.03 sys=0.00, real=0.01 secs] 
Heap after GC invocations=19497 (full 20):
 par new generation   total 109248K, used 8109K [0x00000007a0000000, 0x00000007a8000000, 0x00000007a8000000)
  eden space 87424K,   0% used [0x00000007a0000000, 0x00000007a0000000, 0x00000007a5560000)
  from space 21824K,  37% used [0x00000007a6ab0000, 0x00000007a729b4a8, 0x00000007a8000000)
  to   space 21824K,   0% used [0x00000007a5560000, 0x00000007a5560000, 0x00000007a6ab0000)
 concurrent mark-sweep generation total 393216K, used 154661K [0x00000007a8000000, 0x00000007c0000000, 0x00000007c0000000)
 Metaspace       used 43674K, capacity 44920K, committed 45100K, reserved 1089536K
  class space    used 5354K, capacity 5667K, committed 5676K, reserved 1048576K
}
2019-01-30T12:57:57.886+0600: 4875.457: Total time for which application threads were stopped: 0.0093003 seconds, Stopping threads took: 0.0000202 seconds
{Heap before GC invocations=19497 (full 20):
 par new generation   total 109248K, used 95533K [0x00000007a0000000, 0x00000007a8000000, 0x00000007a8000000)
  eden space 87424K, 100% used [0x00000007a0000000, 0x00000007a5560000, 0x00000007a5560000)
  from space 21824K,  37% used [0x00000007a6ab0000, 0x00000007a729b4a8, 0x00000007a8000000)
  to   space 21824K,   0% used [0x00000007a5560000, 0x00000007a5560000, 0x00000007a6ab0000)
 concurrent mark-sweep generation total 393216K, used 154661K [0x00000007a8000000, 0x00000007c0000000, 0x00000007c0000000)
 Metaspace       used 43674K, capacity 44920K, committed 45100K, reserved 1089536K
  class space    used 5354K, capacity 5667K, committed 5676K, reserved 1048576K
2019-01-30T12:57:58.096+0600: 4875.667: [GC (Allocation Failure) 2019-01-30T12:57:58.096+0600: 4875.667: [ParNew
Desired survivor size 20112992 bytes, new threshold 8 (max 8)
- age   1:    5886352 bytes,    5886352 total
- age   2:       1192 bytes,    5887544 total
- age   3:       1096 bytes,    5888640 total
- age   4:       1048 bytes,    5889688 total
- age   5:       1000 bytes,    5890688 total
: 95533K->7315K(109248K), 0.0103902 secs] 250194K->161976K(502464K), 0.0104806 secs] [Times: user=0.03 sys=0.00, real=0.01 secs] 
Heap after GC invocations=19498 (full 20):
 par new generation   total 109248K, used 7315K [0x00000007a0000000, 0x00000007a8000000, 0x00000007a8000000)
  eden space 87424K,   0% used [0x00000007a0000000, 0x00000007a0000000, 0x00000007a5560000)
  from space 21824K,  33% used [0x00000007a5560000, 0x00000007a5c84ca0, 0x00000007a6ab0000)
  to   space 21824K,   0% used [0x00000007a6ab0000, 0x00000007a6ab0000, 0x00000007a8000000)
 concurrent mark-sweep generation total 393216K, used 154661K [0x00000007a8000000, 0x00000007c0000000, 0x00000007c0000000)
 Metaspace       used 43674K, capacity 44920K, committed 45100K, reserved 1089536K
  class space    used 5354K, capacity 5667K, committed 5676K, reserved 1048576K
}
2019-01-30T12:57:58.106+0600: 4875.678: Total time for which application threads were stopped: 0.0107041 seconds, Stopping threads took: 0.0000217 seconds
{Heap before GC invocations=19498 (full 20):
 par new generation   total 109248K, used 94739K [0x00000007a0000000, 0x00000007a8000000, 0x00000007a8000000)
  eden space 87424K, 100% used [0x00000007a0000000, 0x00000007a5560000, 0x00000007a5560000)
  from space 21824K,  33% used [0x00000007a5560000, 0x00000007a5c84ca0, 0x00000007a6ab0000)
  to   space 21824K,   0% used [0x00000007a6ab0000, 0x00000007a6ab0000, 0x00000007a8000000)
 concurrent mark-sweep generation total 393216K, used 154661K [0x00000007a8000000, 0x00000007c0000000, 0x00000007c0000000)
 Metaspace       used 43674K, capacity 44920K, committed 45100K, reserved 1089536K
  class space    used 5354K, capacity 5667K, committed 5676K, reserved 1048576K
2019-01-30T12:57:58.323+0600: 4875.894: [GC (Allocation Failure) 2019-01-30T12:57:58.323+0600: 4875.894: [ParNew
Desired survivor size 20112992 bytes, new threshold 8 (max 8)
- age   1:   19044032 bytes,   19044032 total
- age   2:       1248 bytes,   19045280 total
- age   3:       1192 bytes,   19046472 total
- age   4:       1096 bytes,   19047568 total
- age   5:       1048 bytes,   19048616 total
- age   6:       1000 bytes,   19049616 total
: 94739K->19547K(109248K), 0.0193677 secs] 249400K->174209K(502464K), 0.0194913 secs] [Times: user=0.06 sys=0.00, real=0.02 secs] 
Heap after GC invocations=19499 (full 20):
 par new generation   total 109248K, used 19547K [0x00000007a0000000, 0x00000007a8000000, 0x00000007a8000000)
  eden space 87424K,   0% used [0x00000007a0000000, 0x00000007a0000000, 0x00000007a5560000)
  from space 21824K,  89% used [0x00000007a6ab0000, 0x00000007a7dc6e80, 0x00000007a8000000)
  to   space 21824K,   0% used [0x00000007a5560000, 0x00000007a5560000, 0x00000007a6ab0000)
 concurrent mark-sweep generation total 393216K, used 154661K [0x00000007a8000000, 0x00000007c0000000, 0x00000007c0000000)
 Metaspace       used 43674K, capacity 44920K, committed 45100K, reserved 1089536K
  class space    used 5354K, capacity 5667K, committed 5676K, reserved 1048576K
}
2019-01-30T12:57:58.342+0600: 4875.914: Total time for which application threads were stopped: 0.0197948 seconds, Stopping threads took: 0.0000236 seconds
{Heap before GC invocations=19499 (full 20):
 par new generation   total 109248K, used 106362K [0x00000007a0000000, 0x00000007a8000000, 0x00000007a8000000)
  eden space 87424K,  99% used [0x00000007a0000000, 0x00000007a54c7bb0, 0x00000007a5560000)
  from space 21824K,  89% used [0x00000007a6ab0000, 0x00000007a7dc6e80, 0x00000007a8000000)
  to   space 21824K,   0% used [0x00000007a5560000, 0x00000007a5560000, 0x00000007a6ab0000)
 concurrent mark-sweep generation total 393216K, used 154661K [0x00000007a8000000, 0x00000007c0000000, 0x00000007c0000000)
 Metaspace       used 43674K, capacity 44920K, committed 45100K, reserved 1089536K
  class space    used 5354K, capacity 5667K, committed 5676K, reserved 1048576K
2019-01-30T12:57:58.562+0600: 4876.134: [GC (Allocation Failure) 2019-01-30T12:57:58.562+0600: 4876.134: [ParNew
Desired survivor size 20112992 bytes, new threshold 8 (max 8)
- age   1:   14613512 bytes,   14613512 total
- age   2:       1024 bytes,   14614536 total
- age   3:       1248 bytes,   14615784 total
- age   4:       1192 bytes,   14616976 total
- age   5:       1096 bytes,   14618072 total
- age   6:       1048 bytes,   14619120 total
- age   7:       1000 bytes,   14620120 total
: 106362K->21824K(109248K), 0.0160534 secs] 261024K->176485K(502464K), 0.0161522 secs] [Times: user=0.05 sys=0.00, real=0.01 secs] 
Heap after GC invocations=19500 (full 20):
 par new generation   total 109248K, used 21824K [0x00000007a0000000, 0x00000007a8000000, 0x00000007a8000000)
  eden space 87424K,   0% used [0x00000007a0000000, 0x00000007a0000000, 0x00000007a5560000)
  from space 21824K, 100% used [0x00000007a5560000, 0x00000007a6ab0000, 0x00000007a6ab0000)
  to   space 21824K,   0% used [0x00000007a6ab0000, 0x00000007a6ab0000, 0x00000007a8000000)
 concurrent mark-sweep generation total 393216K, used 154661K [0x00000007a8000000, 0x00000007c0000000, 0x00000007c0000000)
 Metaspace       used 43674K, capacity 44920K, committed 45100K, reserved 1089536K
  class space    used 5354K, capacity 5667K, committed 5676K, reserved 1048576K
}
2019-01-30T12:57:58.579+0600: 4876.150: Total time for which application threads were stopped: 0.0164058 seconds, Stopping threads took: 0.0000226 seconds
{Heap before GC invocations=19500 (full 20):
 par new generation   total 109248K, used 109248K [0x00000007a0000000, 0x00000007a8000000, 0x00000007a8000000)
  eden space 87424K, 100% used [0x00000007a0000000, 0x00000007a5560000, 0x00000007a5560000)
  from space 21824K, 100% used [0x00000007a5560000, 0x00000007a6ab0000, 0x00000007a6ab0000)
  to   space 21824K,   0% used [0x00000007a6ab0000, 0x00000007a6ab0000, 0x00000007a8000000)
 concurrent mark-sweep generation total 393216K, used 154661K [0x00000007a8000000, 0x00000007c0000000, 0x00000007c0000000)
 Metaspace       used 43674K, capacity 44920K, committed 45100K, reserved 1089536K
  class space    used 5354K, capacity 5667K, committed 5676K, reserved 1048576K
2019-01-30T12:57:58.792+0600: 4876.363: [GC (Allocation Failure) 2019-01-30T12:57:58.792+0600: 4876.363: [ParNew
Desired survivor size 20112992 bytes, new threshold 8 (max 8)
- age   1:   11078320 bytes,   11078320 total
- age   2:       1032 bytes,   11079352 total
- age   3:       1024 bytes,   11080376 total
- age   4:       1248 bytes,   11081624 total
- age   5:       1192 bytes,   11082816 total
- age   6:       1096 bytes,   11083912 total
- age   7:       1048 bytes,   11084960 total
- age   8:       1000 bytes,   11085960 total
: 109248K->14498K(109248K), 0.0123686 secs] 263909K->169160K(502464K), 0.0124665 secs] [Times: user=0.04 sys=0.00, real=0.01 secs] 
Heap after GC invocations=19501 (full 20):
 par new generation   total 109248K, used 14498K [0x00000007a0000000, 0x00000007a8000000, 0x00000007a8000000)
  eden space 87424K,   0% used [0x00000007a0000000, 0x00000007a0000000, 0x00000007a5560000)
  from space 21824K,  66% used [0x00000007a6ab0000, 0x00000007a78d8bb8, 0x00000007a8000000)
  to   space 21824K,   0% used [0x00000007a5560000, 0x00000007a5560000, 0x00000007a6ab0000)
 concurrent mark-sweep generation total 393216K, used 154661K [0x00000007a8000000, 0x00000007c0000000, 0x00000007c0000000)
 Metaspace       used 43674K, capacity 44920K, committed 45100K, reserved 1089536K
  class space    used 5354K, capacity 5667K, committed 5676K, reserved 1048576K
}
2019-01-30T12:57:58.804+0600: 4876.376: Total time for which application threads were stopped: 0.0126979 seconds, Stopping threads took: 0.0000287 seconds
{Heap before GC invocations=19501 (full 20):
 par new generation   total 109248K, used 101922K [0x00000007a0000000, 0x00000007a8000000, 0x00000007a8000000)
  eden space 87424K, 100% used [0x00000007a0000000, 0x00000007a5560000, 0x00000007a5560000)
  from space 21824K,  66% used [0x00000007a6ab0000, 0x00000007a78d8bb8, 0x00000007a8000000)
  to   space 21824K,   0% used [0x00000007a5560000, 0x00000007a5560000, 0x00000007a6ab0000)
 concurrent mark-sweep generation total 393216K, used 154661K [0x00000007a8000000, 0x00000007c0000000, 0x00000007c0000000)
 Metaspace       used 43674K, capacity 44920K, committed 45100K, reserved 1089536K
  class space    used 5354K, capacity 5667K, committed 5676K, reserved 1048576K
2019-01-30T12:57:59.016+0600: 4876.587: [GC (Allocation Failure) 2019-01-30T12:57:59.016+0600: 4876.587: [ParNew
Desired survivor size 20112992 bytes, new threshold 8 (max 8)
- age   1:    7694432 bytes,    7694432 total
- age   2:       1152 bytes,    7695584 total
- age   3:       1032 bytes,    7696616 total
- age   4:       1024 bytes,    7697640 total
- age   5:       1248 bytes,    7698888 total
- age   6:       1192 bytes,    7700080 total
- age   7:       1096 bytes,    7701176 total
- age   8:       1048 bytes,    7702224 total
: 101922K->11341K(109248K), 0.0100922 secs] 256584K->166004K(502464K), 0.0102987 secs] [Times: user=0.04 sys=0.00, real=0.01 secs] 
Heap after GC invocations=19502 (full 20):
 par new generation   total 109248K, used 11341K [0x00000007a0000000, 0x00000007a8000000, 0x00000007a8000000)
  eden space 87424K,   0% used [0x00000007a0000000, 0x00000007a0000000, 0x00000007a5560000)
  from space 21824K,  51% used [0x00000007a5560000, 0x00000007a6073680, 0x00000007a6ab0000)
  to   space 21824K,   0% used [0x00000007a6ab0000, 0x00000007a6ab0000, 0x00000007a8000000)
 concurrent mark-sweep generation total 393216K, used 154662K [0x00000007a8000000, 0x00000007c0000000, 0x00000007c0000000)
 Metaspace       used 43674K, capacity 44920K, committed 45100K, reserved 1089536K
  class space    used 5354K, capacity 5667K, committed 5676K, reserved 1048576K
}
2019-01-30T12:57:59.026+0600: 4876.597: Total time for which application threads were stopped: 0.0106403 seconds, Stopping threads took: 0.0000572 seconds
{Heap before GC invocations=19502 (full 20):
 par new generation   total 109248K, used 98765K [0x00000007a0000000, 0x00000007a8000000, 0x00000007a8000000)
  eden space 87424K, 100% used [0x00000007a0000000, 0x00000007a5560000, 0x00000007a5560000)
  from space 21824K,  51% used [0x00000007a5560000, 0x00000007a6073680, 0x00000007a6ab0000)
  to   space 21824K,   0% used [0x00000007a6ab0000, 0x00000007a6ab0000, 0x00000007a8000000)
 concurrent mark-sweep generation total 393216K, used 154662K [0x00000007a8000000, 0x00000007c0000000, 0x00000007c0000000)
 Metaspace       used 43674K, capacity 44920K, committed 45100K, reserved 1089536K
  class space    used 5354K, capacity 5667K, committed 5676K, reserved 1048576K
2019-01-30T12:57:59.283+0600: 4876.854: [GC (Allocation Failure) 2019-01-30T12:57:59.301+0600: 4876.873: [ParNew
Desired survivor size 20112992 bytes, new threshold 8 (max 8)
- age   1:    5890744 bytes,    5890744 total
- age   2:       1192 bytes,    5891936 total
- age   3:       1152 bytes,    5893088 total
- age   4:       1032 bytes,    5894120 total
- age   5:       1024 bytes,    5895144 total
- age   6:       1248 bytes,    5896392 total
- age   7:       1192 bytes,    5897584 total
- age   8:       1096 bytes,    5898680 total
: 98765K->7620K(109248K), 0.0106066 secs] 253428K->162283K(502464K), 0.0292681 secs] [Times: user=0.03 sys=0.00, real=0.03 secs] 
Heap after GC invocations=19503 (full 20):
 par new generation   total 109248K, used 7620K [0x00000007a0000000, 0x00000007a8000000, 0x00000007a8000000)
  eden space 87424K,   0% used [0x00000007a0000000, 0x00000007a0000000, 0x00000007a5560000)
  from space 21824K,  34% used [0x00000007a6ab0000, 0x00000007a7221110, 0x00000007a8000000)
  to   space 21824K,   0% used [0x00000007a5560000, 0x00000007a5560000, 0x00000007a6ab0000)
 concurrent mark-sweep generation total 393216K, used 154663K [0x00000007a8000000, 0x00000007c0000000, 0x00000007c0000000)
 Metaspace       used 43674K, capacity 44920K, committed 45100K, reserved 1089536K
  class space    used 5354K, capacity 5667K, committed 5676K, reserved 1048576K
}
2019-01-30T12:57:59.312+0600: 4876.883: Total time for which application threads were stopped: 0.0295396 seconds, Stopping threads took: 0.0000348 seconds
{Heap before GC invocations=19503 (full 20):
 par new generation   total 109248K, used 95044K [0x00000007a0000000, 0x00000007a8000000, 0x00000007a8000000)
  eden space 87424K, 100% used [0x00000007a0000000, 0x00000007a5560000, 0x00000007a5560000)
  from space 21824K,  34% used [0x00000007a6ab0000, 0x00000007a7221110, 0x00000007a8000000)
  to   space 21824K,   0% used [0x00000007a5560000, 0x00000007a5560000, 0x00000007a6ab0000)
 concurrent mark-sweep generation total 393216K, used 154663K [0x00000007a8000000, 0x00000007c0000000, 0x00000007c0000000)
 Metaspace       used 43674K, capacity 44920K, committed 45100K, reserved 1089536K
  class space    used 5354K, capacity 5667K, committed 5676K, reserved 1048576K
2019-01-30T12:57:59.604+0600: 4877.175: [GC (Allocation Failure) 2019-01-30T12:57:59.604+0600: 4877.175: [ParNew
Desired survivor size 20112992 bytes, new threshold 1 (max 8)
- age   1:   21112024 bytes,   21112024 total
- age   2:       1144 bytes,   21113168 total
- age   3:       1192 bytes,   21114360 total
- age   4:       1152 bytes,   21115512 total
- age   5:       1032 bytes,   21116544 total
- age   6:       1024 bytes,   21117568 total
- age   7:       1248 bytes,   21118816 total
- age   8:       1192 bytes,   21120008 total
: 95044K->21650K(109248K), 0.0343906 secs] 249707K->176315K(502464K), 0.0345109 secs] [Times: user=0.06 sys=0.00, real=0.03 secs] 
Heap after GC invocations=19504 (full 20):
 par new generation   total 109248K, used 21650K [0x00000007a0000000, 0x00000007a8000000, 0x00000007a8000000)
  eden space 87424K,   0% used [0x00000007a0000000, 0x00000007a0000000, 0x00000007a5560000)
  from space 21824K,  99% used [0x00000007a5560000, 0x00000007a6a84ad0, 0x00000007a6ab0000)
  to   space 21824K,   0% used [0x00000007a6ab0000, 0x00000007a6ab0000, 0x00000007a8000000)
 concurrent mark-sweep generation total 393216K, used 154664K [0x00000007a8000000, 0x00000007c0000000, 0x00000007c0000000)
 Metaspace       used 43674K, capacity 44920K, committed 45100K, reserved 1089536K
  class space    used 5354K, capacity 5667K, committed 5676K, reserved 1048576K
}
2019-01-30T12:57:59.639+0600: 4877.210: Total time for which application threads were stopped: 0.0348753 seconds, Stopping threads took: 0.0000496 seconds
{Heap before GC invocations=19504 (full 20):
 par new generation   total 109248K, used 109074K [0x00000007a0000000, 0x00000007a8000000, 0x00000007a8000000)
  eden space 87424K, 100% used [0x00000007a0000000, 0x00000007a5560000, 0x00000007a5560000)
  from space 21824K,  99% used [0x00000007a5560000, 0x00000007a6a84ad0, 0x00000007a6ab0000)
  to   space 21824K,   0% used [0x00000007a6ab0000, 0x00000007a6ab0000, 0x00000007a8000000)
 concurrent mark-sweep generation total 393216K, used 154664K [0x00000007a8000000, 0x00000007c0000000, 0x00000007c0000000)
 Metaspace       used 43674K, capacity 44920K, committed 45100K, reserved 1089536K
  class space    used 5354K, capacity 5667K, committed 5676K, reserved 1048576K
2019-01-30T12:57:59.894+0600: 4877.465: [GC (Allocation Failure) 2019-01-30T12:57:59.894+0600: 4877.465: [ParNew
Desired survivor size 20112992 bytes, new threshold 8 (max 8)
- age   1:   16002856 bytes,   16002856 total
: 109074K->21824K(109248K), 0.0171421 secs] 263739K->176522K(502464K), 0.0172288 secs] [Times: user=0.05 sys=0.01, real=0.02 secs] 
Heap after GC invocations=19505 (full 20):
 par new generation   total 109248K, used 21824K [0x00000007a0000000, 0x00000007a8000000, 0x00000007a8000000)
  eden space 87424K,   0% used [0x00000007a0000000, 0x00000007a0000000, 0x00000007a5560000)
  from space 21824K, 100% used [0x00000007a6ab0000, 0x00000007a8000000, 0x00000007a8000000)
  to   space 21824K,   0% used [0x00000007a5560000, 0x00000007a5560000, 0x00000007a6ab0000)
 concurrent mark-sweep generation total 393216K, used 154698K [0x00000007a8000000, 0x00000007c0000000, 0x00000007c0000000)
 Metaspace       used 43674K, capacity 44920K, committed 45100K, reserved 1089536K
  class space    used 5354K, capacity 5667K, committed 5676K, reserved 1048576K
}
2019-01-30T12:57:59.911+0600: 4877.483: Total time for which application threads were stopped: 0.0174584 seconds, Stopping threads took: 0.0000236 seconds
{Heap before GC invocations=19505 (full 20):
 par new generation   total 109248K, used 109248K [0x00000007a0000000, 0x00000007a8000000, 0x00000007a8000000)
  eden space 87424K, 100% used [0x00000007a0000000, 0x00000007a5560000, 0x00000007a5560000)
  from space 21824K, 100% used [0x00000007a6ab0000, 0x00000007a8000000, 0x00000007a8000000)
  to   space 21824K,   0% used [0x00000007a5560000, 0x00000007a5560000, 0x00000007a6ab0000)
 concurrent mark-sweep generation total 393216K, used 154698K [0x00000007a8000000, 0x00000007c0000000, 0x00000007c0000000)
 Metaspace       used 43674K, capacity 44920K, committed 45100K, reserved 1089536K
  class space    used 5354K, capacity 5667K, committed 5676K, reserved 1048576K
2019-01-30T12:58:00.128+0600: 4877.700: [GC (Allocation Failure) 2019-01-30T12:58:00.128+0600: 4877.700: [ParNew
Desired survivor size 20112992 bytes, new threshold 8 (max 8)
- age   1:   12737712 bytes,   12737712 total
- age   2:       1560 bytes,   12739272 total
: 109248K->15963K(109248K), 0.0168241 secs] 263946K->170662K(502464K), 0.0169384 secs] [Times: user=0.04 sys=0.00, real=0.02 secs] 
Heap after GC invocations=19506 (full 20):
 par new generation   total 109248K, used 15963K [0x00000007a0000000, 0x00000007a8000000, 0x00000007a8000000)
  eden space 87424K,   0% used [0x00000007a0000000, 0x00000007a0000000, 0x00000007a5560000)
  from space 21824K,  73% used [0x00000007a5560000, 0x00000007a64f6f18, 0x00000007a6ab0000)
  to   space 21824K,   0% used [0x00000007a6ab0000, 0x00000007a6ab0000, 0x00000007a8000000)
 concurrent mark-sweep generation total 393216K, used 154698K [0x00000007a8000000, 0x00000007c0000000, 0x00000007c0000000)
 Metaspace       used 43674K, capacity 44920K, committed 45100K, reserved 1089536K
  class space    used 5354K, capacity 5667K, committed 5676K, reserved 1048576K
}
2019-01-30T12:58:00.145+0600: 4877.717: Total time for which application threads were stopped: 0.0171871 seconds, Stopping threads took: 0.0000251 seconds
{Heap before GC invocations=19506 (full 20):
 par new generation   total 109248K, used 103387K [0x00000007a0000000, 0x00000007a8000000, 0x00000007a8000000)
  eden space 87424K, 100% used [0x00000007a0000000, 0x00000007a5560000, 0x00000007a5560000)
  from space 21824K,  73% used [0x00000007a5560000, 0x00000007a64f6f18, 0x00000007a6ab0000)
  to   space 21824K,   0% used [0x00000007a6ab0000, 0x00000007a6ab0000, 0x00000007a8000000)
 concurrent mark-sweep generation total 393216K, used 154698K [0x00000007a8000000, 0x00000007c0000000, 0x00000007c0000000)
 Metaspace       used 43674K, capacity 44920K, committed 45100K, reserved 1089536K
  class space    used 5354K, capacity 5667K, committed 5676K, reserved 1048576K
2019-01-30T12:58:00.365+0600: 4877.937: [GC (Allocation Failure) 2019-01-30T12:58:00.365+0600: 4877.937: [ParNew
Desired survivor size 20112992 bytes, new threshold 8 (max 8)
- age   1:    9465912 bytes,    9465912 total
- age   2:       1040 bytes,    9466952 total
- age   3:       1560 bytes,    9468512 total
: 103387K->11611K(109248K), 0.0108495 secs] 258086K->166309K(502464K), 0.0109516 secs] [Times: user=0.04 sys=0.00, real=0.01 secs] 
Heap after GC invocations=19507 (full 20):
 par new generation   total 109248K, used 11611K [0x00000007a0000000, 0x00000007a8000000, 0x00000007a8000000)
  eden space 87424K,   0% used [0x00000007a0000000, 0x00000007a0000000, 0x00000007a5560000)
  from space 21824K,  53% used [0x00000007a6ab0000, 0x00000007a7606c60, 0x00000007a8000000)
  to   space 21824K,   0% used [0x00000007a5560000, 0x00000007a5560000, 0x00000007a6ab0000)
 concurrent mark-sweep generation total 393216K, used 154698K [0x00000007a8000000, 0x00000007c0000000, 0x00000007c0000000)
 Metaspace       used 43674K, capacity 44920K, committed 45100K, reserved 1089536K
  class space    used 5354K, capacity 5667K, committed 5676K, reserved 1048576K
}
2019-01-30T12:58:00.376+0600: 4877.948: Total time for which application threads were stopped: 0.0111892 seconds, Stopping threads took: 0.0000250 seconds
{Heap before GC invocations=19507 (full 20):
 par new generation   total 109248K, used 99035K [0x00000007a0000000, 0x00000007a8000000, 0x00000007a8000000)
  eden space 87424K, 100% used [0x00000007a0000000, 0x00000007a5560000, 0x00000007a5560000)
  from space 21824K,  53% used [0x00000007a6ab0000, 0x00000007a7606c60, 0x00000007a8000000)
  to   space 21824K,   0% used [0x00000007a5560000, 0x00000007a5560000, 0x00000007a6ab0000)
 concurrent mark-sweep generation total 393216K, used 154698K [0x00000007a8000000, 0x00000007c0000000, 0x00000007c0000000)
 Metaspace       used 43674K, capacity 44920K, committed 45100K, reserved 1089536K
  class space    used 5354K, capacity 5667K, committed 5676K, reserved 1048576K
2019-01-30T12:58:00.578+0600: 4878.150: [GC (Allocation Failure) 2019-01-30T12:58:00.578+0600: 4878.150: [ParNew
Desired survivor size 20112992 bytes, new threshold 8 (max 8)
- age   1:    5905152 bytes,    5905152 total
- age   2:       1168 bytes,    5906320 total
- age   3:       1040 bytes,    5907360 total
- age   4:       1560 bytes,    5908920 total
: 99035K->12297K(109248K), 0.0122649 secs] 253733K->166995K(502464K), 0.0123601 secs] [Times: user=0.03 sys=0.00, real=0.02 secs] 
Heap after GC invocations=19508 (full 20):
 par new generation   total 109248K, used 12297K [0x00000007a0000000, 0x00000007a8000000, 0x00000007a8000000)
  eden space 87424K,   0% used [0x00000007a0000000, 0x00000007a0000000, 0x00000007a5560000)
  from space 21824K,  56% used [0x00000007a5560000, 0x00000007a61624c0, 0x00000007a6ab0000)
  to   space 21824K,   0% used [0x00000007a6ab0000, 0x00000007a6ab0000, 0x00000007a8000000)
 concurrent mark-sweep generation total 393216K, used 154698K [0x00000007a8000000, 0x00000007c0000000, 0x00000007c0000000)
 Metaspace       used 43674K, capacity 44920K, committed 45100K, reserved 1089536K
  class space    used 5354K, capacity 5667K, committed 5676K, reserved 1048576K
}
2019-01-30T12:58:00.591+0600: 4878.162: Total time for which application threads were stopped: 0.0125825 seconds, Stopping threads took: 0.0000258 seconds
{Heap before GC invocations=19508 (full 20):
 par new generation   total 109248K, used 99721K [0x00000007a0000000, 0x00000007a8000000, 0x00000007a8000000)
  eden space 87424K, 100% used [0x00000007a0000000, 0x00000007a5560000, 0x00000007a5560000)
  from space 21824K,  56% used [0x00000007a5560000, 0x00000007a61624c0, 0x00000007a6ab0000)
  to   space 21824K,   0% used [0x00000007a6ab0000, 0x00000007a6ab0000, 0x00000007a8000000)
 concurrent mark-sweep generation total 393216K, used 154698K [0x00000007a8000000, 0x00000007c0000000, 0x00000007c0000000)
 Metaspace       used 43674K, capacity 44920K, committed 45100K, reserved 1089536K
  class space    used 5354K, capacity 5667K, committed 5676K, reserved 1048576K
2019-01-30T12:58:00.815+0600: 4878.387: [GC (Allocation Failure) 2019-01-30T12:58:00.815+0600: 4878.387: [ParNew
Desired survivor size 20112992 bytes, new threshold 8 (max 8)
- age   1:    5887016 bytes,    5887016 total
- age   2:       1096 bytes,    5888112 total
- age   3:       1168 bytes,    5889280 total
- age   4:       1040 bytes,    5890320 total
- age   5:       1560 bytes,    5891880 total
: 99721K->7221K(109248K), 0.0096223 secs] 254419K->161919K(502464K), 0.0097187 secs] [Times: user=0.03 sys=0.00, real=0.01 secs] 
Heap after GC invocations=19509 (full 20):
 par new generation   total 109248K, used 7221K [0x00000007a0000000, 0x00000007a8000000, 0x00000007a8000000)
  eden space 87424K,   0% used [0x00000007a0000000, 0x00000007a0000000, 0x00000007a5560000)
  from space 21824K,  33% used [0x00000007a6ab0000, 0x00000007a71bd5b0, 0x00000007a8000000)
  to   space 21824K,   0% used [0x00000007a5560000, 0x00000007a5560000, 0x00000007a6ab0000)
 concurrent mark-sweep generation total 393216K, used 154698K [0x00000007a8000000, 0x00000007c0000000, 0x00000007c0000000)
 Metaspace       used 43674K, capacity 44920K, committed 45100K, reserved 1089536K
  class space    used 5354K, capacity 5667K, committed 5676K, reserved 1048576K
}
2019-01-30T12:58:00.825+0600: 4878.396: Total time for which application threads were stopped: 0.0099687 seconds, Stopping threads took: 0.0000250 seconds
{Heap before GC invocations=19509 (full 20):
 par new generation   total 109248K, used 94645K [0x00000007a0000000, 0x00000007a8000000, 0x00000007a8000000)
  eden space 87424K, 100% used [0x00000007a0000000, 0x00000007a5560000, 0x00000007a5560000)
  from space 21824K,  33% used [0x00000007a6ab0000, 0x00000007a71bd5b0, 0x00000007a8000000)
  to   space 21824K,   0% used [0x00000007a5560000, 0x00000007a5560000, 0x00000007a6ab0000)
 concurrent mark-sweep generation total 393216K, used 154698K [0x00000007a8000000, 0x00000007c0000000, 0x00000007c0000000)
 Metaspace       used 43674K, capacity 44920K, committed 45100K, reserved 1089536K
  class space    used 5354K, capacity 5667K, committed 5676K, reserved 1048576K
2019-01-30T12:58:01.053+0600: 4878.624: [GC (Allocation Failure) 2019-01-30T12:58:01.053+0600: 4878.624: [ParNew
Desired survivor size 20112992 bytes, new threshold 8 (max 8)
- age   1:   19052704 bytes,   19052704 total
- age   2:       1200 bytes,   19053904 total
- age   3:       1096 bytes,   19055000 total
- age   4:       1168 bytes,   19056168 total
- age   5:       1040 bytes,   19057208 total
- age   6:       1560 bytes,   19058768 total
: 94645K->20050K(109248K), 0.0176747 secs] 249343K->174748K(502464K), 0.0177891 secs] [Times: user=0.07 sys=0.01, real=0.02 secs] 
Heap after GC invocations=19510 (full 20):
 par new generation   total 109248K, used 20050K [0x00000007a0000000, 0x00000007a8000000, 0x00000007a8000000)
  eden space 87424K,   0% used [0x00000007a0000000, 0x00000007a0000000, 0x00000007a5560000)
  from space 21824K,  91% used [0x00000007a5560000, 0x00000007a68f4840, 0x00000007a6ab0000)
  to   space 21824K,   0% used [0x00000007a6ab0000, 0x00000007a6ab0000, 0x00000007a8000000)
 concurrent mark-sweep generation total 393216K, used 154698K [0x00000007a8000000, 0x00000007c0000000, 0x00000007c0000000)
 Metaspace       used 43674K, capacity 44920K, committed 45100K, reserved 1089536K
  class space    used 5354K, capacity 5667K, committed 5676K, reserved 1048576K
}
2019-01-30T12:58:01.071+0600: 4878.642: Total time for which application threads were stopped: 0.0180423 seconds, Stopping threads took: 0.0000243 seconds
{Heap before GC invocations=19510 (full 20):
 par new generation   total 109248K, used 107471K [0x00000007a0000000, 0x00000007a8000000, 0x00000007a8000000)
  eden space 87424K,  99% used [0x00000007a0000000, 0x00000007a555f6e8, 0x00000007a5560000)
  from space 21824K,  91% used [0x00000007a5560000, 0x00000007a68f4840, 0x00000007a6ab0000)
  to   space 21824K,   0% used [0x00000007a6ab0000, 0x00000007a6ab0000, 0x00000007a8000000)
 concurrent mark-sweep generation total 393216K, used 154698K [0x00000007a8000000, 0x00000007c0000000, 0x00000007c0000000)
 Metaspace       used 43674K, capacity 44920K, committed 45100K, reserved 1089536K
  class space    used 5354K, capacity 5667K, committed 5676K, reserved 1048576K
2019-01-30T12:58:01.258+0600: 4878.829: [GC (Allocation Failure) 2019-01-30T12:58:01.258+0600: 4878.829: [ParNew
Desired survivor size 20112992 bytes, new threshold 8 (max 8)
- age   1:   14613688 bytes,   14613688 total
- age   2:        920 bytes,   14614608 total
- age   3:       1200 bytes,   14615808 total
- age   4:       1096 bytes,   14616904 total
- age   5:       1168 bytes,   14618072 total
- age   6:       1040 bytes,   14619112 total
- age   7:       1560 bytes,   14620672 total
: 107471K->20215K(109248K), 0.0146361 secs] 262170K->174914K(502464K), 0.0147423 secs] [Times: user=0.05 sys=0.01, real=0.02 secs] 
Heap after GC invocations=19511 (full 20):
 par new generation   total 109248K, used 20215K [0x00000007a0000000, 0x00000007a8000000, 0x00000007a8000000)
  eden space 87424K,   0% used [0x00000007a0000000, 0x00000007a0000000, 0x00000007a5560000)
  from space 21824K,  92% used [0x00000007a6ab0000, 0x00000007a7e6de78, 0x00000007a8000000)
  to   space 21824K,   0% used [0x00000007a5560000, 0x00000007a5560000, 0x00000007a6ab0000)
 concurrent mark-sweep generation total 393216K, used 154698K [0x00000007a8000000, 0x00000007c0000000, 0x00000007c0000000)
 Metaspace       used 43674K, capacity 44920K, committed 45100K, reserved 1089536K
  class space    used 5354K, capacity 5667K, committed 5676K, reserved 1048576K
}
2019-01-30T12:58:01.273+0600: 4878.844: Total time for which application threads were stopped: 0.0149821 seconds, Stopping threads took: 0.0000255 seconds
{Heap before GC invocations=19511 (full 20):
 par new generation   total 109248K, used 107639K [0x00000007a0000000, 0x00000007a8000000, 0x00000007a8000000)
  eden space 87424K, 100% used [0x00000007a0000000, 0x00000007a5560000, 0x00000007a5560000)
  from space 21824K,  92% used [0x00000007a6ab0000, 0x00000007a7e6de78, 0x00000007a8000000)
  to   space 21824K,   0% used [0x00000007a5560000, 0x00000007a5560000, 0x00000007a6ab0000)
 concurrent mark-sweep generation total 393216K, used 154698K [0x00000007a8000000, 0x00000007c0000000, 0x00000007c0000000)
 Metaspace       used 43674K, capacity 44920K, committed 45100K, reserved 1089536K
  class space    used 5354K, capacity 5667K, committed 5676K, reserved 1048576K
2019-01-30T12:58:01.493+0600: 4879.064: [GC (Allocation Failure) 2019-01-30T12:58:01.493+0600: 4879.064: [ParNew
Desired survivor size 20112992 bytes, new threshold 8 (max 8)
- age   1:   11075912 bytes,   11075912 total
- age   2:       1040 bytes,   11076952 total
- age   3:        920 bytes,   11077872 total
- age   4:       1200 bytes,   11079072 total
- age   5:       1096 bytes,   11080168 total
- age   6:       1168 bytes,   11081336 total
- age   7:       1040 bytes,   11082376 total
- age   8:       1560 bytes,   11083936 total
: 107639K->16484K(109248K), 0.0125160 secs] 262338K->171182K(502464K), 0.0126209 secs] [Times: user=0.05 sys=0.00, real=0.01 secs] 
Heap after GC invocations=19512 (full 20):
 par new generation   total 109248K, used 16484K [0x00000007a0000000, 0x00000007a8000000, 0x00000007a8000000)
  eden space 87424K,   0% used [0x00000007a0000000, 0x00000007a0000000, 0x00000007a5560000)
  from space 21824K,  75% used [0x00000007a5560000, 0x00000007a65791c0, 0x00000007a6ab0000)
  to   space 21824K,   0% used [0x00000007a6ab0000, 0x00000007a6ab0000, 0x00000007a8000000)
 concurrent mark-sweep generation total 393216K, used 154698K [0x00000007a8000000, 0x00000007c0000000, 0x00000007c0000000)
 Metaspace       used 43674K, capacity 44920K, committed 45100K, reserved 1089536K
  class space    used 5354K, capacity 5667K, committed 5676K, reserved 1048576K
}
2019-01-30T12:58:01.505+0600: 4879.077: Total time for which application threads were stopped: 0.0128601 seconds, Stopping threads took: 0.0000238 seconds
{Heap before GC invocations=19512 (full 20):
 par new generation   total 109248K, used 103908K [0x00000007a0000000, 0x00000007a8000000, 0x00000007a8000000)
  eden space 87424K, 100% used [0x00000007a0000000, 0x00000007a5560000, 0x00000007a5560000)
  from space 21824K,  75% used [0x00000007a5560000, 0x00000007a65791c0, 0x00000007a6ab0000)
  to   space 21824K,   0% used [0x00000007a6ab0000, 0x00000007a6ab0000, 0x00000007a8000000)
 concurrent mark-sweep generation total 393216K, used 154698K [0x00000007a8000000, 0x00000007c0000000, 0x00000007c0000000)
 Metaspace       used 43674K, capacity 44920K, committed 45100K, reserved 1089536K
  class space    used 5354K, capacity 5667K, committed 5676K, reserved 1048576K
2019-01-30T12:58:01.707+0600: 4879.278: [GC (Allocation Failure) 2019-01-30T12:58:01.707+0600: 4879.278: [ParNew
Desired survivor size 20112992 bytes, new threshold 8 (max 8)
- age   1:    7694552 bytes,    7694552 total
- age   2:       1072 bytes,    7695624 total
- age   3:       1040 bytes,    7696664 total
- age   4:        920 bytes,    7697584 total
- age   5:       1200 bytes,    7698784 total
- age   6:       1096 bytes,    7699880 total
- age   7:       1168 bytes,    7701048 total
- age   8:       1040 bytes,    7702088 total
: 103908K->10557K(109248K), 0.0097130 secs] 258606K->165257K(502464K), 0.0098175 secs] [Times: user=0.03 sys=0.00, real=0.01 secs] 
Heap after GC invocations=19513 (full 20):
 par new generation   total 109248K, used 10557K [0x00000007a0000000, 0x00000007a8000000, 0x00000007a8000000)
  eden space 87424K,   0% used [0x00000007a0000000, 0x00000007a0000000, 0x00000007a5560000)
  from space 21824K,  48% used [0x00000007a6ab0000, 0x00000007a74ff4d0, 0x00000007a8000000)
  to   space 21824K,   0% used [0x00000007a5560000, 0x00000007a5560000, 0x00000007a6ab0000)
 concurrent mark-sweep generation total 393216K, used 154700K [0x00000007a8000000, 0x00000007c0000000, 0x00000007c0000000)
 Metaspace       used 43674K, capacity 44920K, committed 45100K, reserved 1089536K
  class space    used 5354K, capacity 5667K, committed 5676K, reserved 1048576K
}
2019-01-30T12:58:01.717+0600: 4879.288: Total time for which application threads were stopped: 0.0100636 seconds, Stopping threads took: 0.0000247 seconds
{Heap before GC invocations=19513 (full 20):
 par new generation   total 109248K, used 97981K [0x00000007a0000000, 0x00000007a8000000, 0x00000007a8000000)
  eden space 87424K, 100% used [0x00000007a0000000, 0x00000007a5560000, 0x00000007a5560000)
  from space 21824K,  48% used [0x00000007a6ab0000, 0x00000007a74ff4d0, 0x00000007a8000000)
  to   space 21824K,   0% used [0x00000007a5560000, 0x00000007a5560000, 0x00000007a6ab0000)
 concurrent mark-sweep generation total 393216K, used 154700K [0x00000007a8000000, 0x00000007c0000000, 0x00000007c0000000)
 Metaspace       used 43674K, capacity 44920K, committed 45100K, reserved 1089536K
  class space    used 5354K, capacity 5667K, committed 5676K, reserved 1048576K
2019-01-30T12:58:01.923+0600: 4879.494: [GC (Allocation Failure) 2019-01-30T12:58:01.923+0600: 4879.495: [ParNew
Desired survivor size 20112992 bytes, new threshold 8 (max 8)
- age   1:    5890888 bytes,    5890888 total
- age   2:       1144 bytes,    5892032 total
- age   3:       1072 bytes,    5893104 total
- age   4:       1040 bytes,    5894144 total
- age   5:        920 bytes,    5895064 total
- age   6:       1200 bytes,    5896264 total
- age   7:       1096 bytes,    5897360 total
- age   8:       1168 bytes,    5898528 total
: 97981K->8280K(109248K), 0.0085230 secs] 252681K->162981K(502464K), 0.0086146 secs] [Times: user=0.03 sys=0.00, real=0.01 secs] 
Heap after GC invocations=19514 (full 20):
 par new generation   total 109248K, used 8280K [0x00000007a0000000, 0x00000007a8000000, 0x00000007a8000000)
  eden space 87424K,   0% used [0x00000007a0000000, 0x00000007a0000000, 0x00000007a5560000)
  from space 21824K,  37% used [0x00000007a5560000, 0x00000007a5d761d0, 0x00000007a6ab0000)
  to   space 21824K,   0% used [0x00000007a6ab0000, 0x00000007a6ab0000, 0x00000007a8000000)
 concurrent mark-sweep generation total 393216K, used 154701K [0x00000007a8000000, 0x00000007c0000000, 0x00000007c0000000)
 Metaspace       used 43674K, capacity 44920K, committed 45100K, reserved 1089536K
  class space    used 5354K, capacity 5667K, committed 5676K, reserved 1048576K
}
2019-01-30T12:58:01.932+0600: 4879.503: Total time for which application threads were stopped: 0.0088407 seconds, Stopping threads took: 0.0000222 seconds
{Heap before GC invocations=19514 (full 20):
 par new generation   total 109248K, used 95704K [0x00000007a0000000, 0x00000007a8000000, 0x00000007a8000000)
  eden space 87424K, 100% used [0x00000007a0000000, 0x00000007a5560000, 0x00000007a5560000)
  from space 21824K,  37% used [0x00000007a5560000, 0x00000007a5d761d0, 0x00000007a6ab0000)
  to   space 21824K,   0% used [0x00000007a6ab0000, 0x00000007a6ab0000, 0x00000007a8000000)
 concurrent mark-sweep generation total 393216K, used 154701K [0x00000007a8000000, 0x00000007c0000000, 0x00000007c0000000)
 Metaspace       used 43674K, capacity 44920K, committed 45100K, reserved 1089536K
  class space    used 5354K, capacity 5667K, committed 5676K, reserved 1048576K
2019-01-30T12:58:02.177+0600: 4879.748: [GC (Allocation Failure) 2019-01-30T12:58:02.177+0600: 4879.748: [ParNew
Desired survivor size 20112992 bytes, new threshold 1 (max 8)
- age   1:   21112176 bytes,   21112176 total
- age   2:       1168 bytes,   21113344 total
- age   3:       1144 bytes,   21114488 total
- age   4:       1072 bytes,   21115560 total
- age   5:       1040 bytes,   21116600 total
- age   6:        920 bytes,   21117520 total
- age   7:       1200 bytes,   21118720 total
- age   8:       1096 bytes,   21119816 total
: 95704K->21347K(109248K), 0.0192798 secs] 250405K->176049K(502464K), 0.0193746 secs] [Times: user=0.07 sys=0.00, real=0.02 secs] 
Heap after GC invocations=19515 (full 20):
 par new generation   total 109248K, used 21347K [0x00000007a0000000, 0x00000007a8000000, 0x00000007a8000000)
  eden space 87424K,   0% used [0x00000007a0000000, 0x00000007a0000000, 0x00000007a5560000)
  from space 21824K,  97% used [0x00000007a6ab0000, 0x00000007a7f88e58, 0x00000007a8000000)
  to   space 21824K,   0% used [0x00000007a5560000, 0x00000007a5560000, 0x00000007a6ab0000)
 concurrent mark-sweep generation total 393216K, used 154702K [0x00000007a8000000, 0x00000007c0000000, 0x00000007c0000000)
 Metaspace       used 43674K, capacity 44920K, committed 45100K, reserved 1089536K
  class space    used 5354K, capacity 5667K, committed 5676K, reserved 1048576K
}
2019-01-30T12:58:02.196+0600: 4879.768: Total time for which application threads were stopped: 0.0196045 seconds, Stopping threads took: 0.0000244 seconds
{Heap before GC invocations=19515 (full 20):
 par new generation   total 109248K, used 108771K [0x00000007a0000000, 0x00000007a8000000, 0x00000007a8000000)
  eden space 87424K, 100% used [0x00000007a0000000, 0x00000007a5560000, 0x00000007a5560000)
  from space 21824K,  97% used [0x00000007a6ab0000, 0x00000007a7f88e58, 0x00000007a8000000)
  to   space 21824K,   0% used [0x00000007a5560000, 0x00000007a5560000, 0x00000007a6ab0000)
 concurrent mark-sweep generation total 393216K, used 154702K [0x00000007a8000000, 0x00000007c0000000, 0x00000007c0000000)
 Metaspace       used 43674K, capacity 44920K, committed 45100K, reserved 1089536K
  class space    used 5354K, capacity 5667K, committed 5676K, reserved 1048576K
2019-01-30T12:58:02.416+0600: 4879.988: [GC (Allocation Failure) 2019-01-30T12:58:02.416+0600: 4879.988: [ParNew
Desired survivor size 20112992 bytes, new threshold 8 (max 8)
- age   1:   15876488 bytes,   15876488 total
: 108771K->21824K(109248K), 0.0161921 secs] 263473K->176683K(502464K), 0.0162949 secs] [Times: user=0.06 sys=0.01, real=0.02 secs] 
Heap after GC invocations=19516 (full 20):
 par new generation   total 109248K, used 21824K [0x00000007a0000000, 0x00000007a8000000, 0x00000007a8000000)
  eden space 87424K,   0% used [0x00000007a0000000, 0x00000007a0000000, 0x00000007a5560000)
  from space 21824K, 100% used [0x00000007a5560000, 0x00000007a6ab0000, 0x00000007a6ab0000)
  to   space 21824K,   0% used [0x00000007a6ab0000, 0x00000007a6ab0000, 0x00000007a8000000)
 concurrent mark-sweep generation total 393216K, used 154859K [0x00000007a8000000, 0x00000007c0000000, 0x00000007c0000000)
 Metaspace       used 43674K, capacity 44920K, committed 45100K, reserved 1089536K
  class space    used 5354K, capacity 5667K, committed 5676K, reserved 1048576K
}
2019-01-30T12:58:02.433+0600: 4880.004: Total time for which application threads were stopped: 0.0165300 seconds, Stopping threads took: 0.0000233 seconds
{Heap before GC invocations=19516 (full 20):
 par new generation   total 109248K, used 109248K [0x00000007a0000000, 0x00000007a8000000, 0x00000007a8000000)
  eden space 87424K, 100% used [0x00000007a0000000, 0x00000007a5560000, 0x00000007a5560000)
  from space 21824K, 100% used [0x00000007a5560000, 0x00000007a6ab0000, 0x00000007a6ab0000)
  to   space 21824K,   0% used [0x00000007a6ab0000, 0x00000007a6ab0000, 0x00000007a8000000)
 concurrent mark-sweep generation total 393216K, used 154859K [0x00000007a8000000, 0x00000007c0000000, 0x00000007c0000000)
 Metaspace       used 43674K, capacity 44920K, committed 45100K, reserved 1089536K
  class space    used 5354K, capacity 5667K, committed 5676K, reserved 1048576K
2019-01-30T12:58:02.654+0600: 4880.225: [GC (Allocation Failure) 2019-01-30T12:58:02.654+0600: 4880.225: [ParNew
Desired survivor size 20112992 bytes, new threshold 8 (max 8)
- age   1:   12770472 bytes,   12770472 total
- age   2:       1424 bytes,   12771896 total
: 109248K->18087K(109248K), 0.0134978 secs] 264107K->172947K(502464K), 0.0136031 secs] [Times: user=0.05 sys=0.00, real=0.01 secs] 
Heap after GC invocations=19517 (full 20):
 par new generation   total 109248K, used 18087K [0x00000007a0000000, 0x00000007a8000000, 0x00000007a8000000)
  eden space 87424K,   0% used [0x00000007a0000000, 0x00000007a0000000, 0x00000007a5560000)
  from space 21824K,  82% used [0x00000007a6ab0000, 0x00000007a7c59fc0, 0x00000007a8000000)
  to   space 21824K,   0% used [0x00000007a5560000, 0x00000007a5560000, 0x00000007a6ab0000)
 concurrent mark-sweep generation total 393216K, used 154859K [0x00000007a8000000, 0x00000007c0000000, 0x00000007c0000000)
 Metaspace       used 43674K, capacity 44920K, committed 45100K, reserved 1089536K
  class space    used 5354K, capacity 5667K, committed 5676K, reserved 1048576K
}
2019-01-30T12:58:02.667+0600: 4880.239: Total time for which application threads were stopped: 0.0138433 seconds, Stopping threads took: 0.0000237 seconds
{Heap before GC invocations=19517 (full 20):
 par new generation   total 109248K, used 105511K [0x00000007a0000000, 0x00000007a8000000, 0x00000007a8000000)
  eden space 87424K, 100% used [0x00000007a0000000, 0x00000007a5560000, 0x00000007a5560000)
  from space 21824K,  82% used [0x00000007a6ab0000, 0x00000007a7c59fc0, 0x00000007a8000000)
  to   space 21824K,   0% used [0x00000007a5560000, 0x00000007a5560000, 0x00000007a6ab0000)
 concurrent mark-sweep generation total 393216K, used 154859K [0x00000007a8000000, 0x00000007c0000000, 0x00000007c0000000)
 Metaspace       used 43674K, capacity 44920K, committed 45100K, reserved 1089536K
  class space    used 5354K, capacity 5667K, committed 5676K, reserved 1048576K
2019-01-30T12:58:02.867+0600: 4880.438: [GC (Allocation Failure) 2019-01-30T12:58:02.867+0600: 4880.438: [ParNew
Desired survivor size 20112992 bytes, new threshold 8 (max 8)
- age   1:    9513376 bytes,    9513376 total
- age   2:       1024 bytes,    9514400 total
- age   3:       1424 bytes,    9515824 total
: 105511K->13876K(109248K), 0.0110529 secs] 260371K->168735K(502464K), 0.0111628 secs] [Times: user=0.04 sys=0.00, real=0.01 secs] 
Heap after GC invocations=19518 (full 20):
 par new generation   total 109248K, used 13876K [0x00000007a0000000, 0x00000007a8000000, 0x00000007a8000000)
  eden space 87424K,   0% used [0x00000007a0000000, 0x00000007a0000000, 0x00000007a5560000)
  from space 21824K,  63% used [0x00000007a5560000, 0x00000007a62ed180, 0x00000007a6ab0000)
  to   space 21824K,   0% used [0x00000007a6ab0000, 0x00000007a6ab0000, 0x00000007a8000000)
 concurrent mark-sweep generation total 393216K, used 154859K [0x00000007a8000000, 0x00000007c0000000, 0x00000007c0000000)
 Metaspace       used 43674K, capacity 44920K, committed 45100K, reserved 1089536K
  class space    used 5354K, capacity 5667K, committed 5676K, reserved 1048576K
}
2019-01-30T12:58:02.878+0600: 4880.449: Total time for which application threads were stopped: 0.0114056 seconds, Stopping threads took: 0.0000252 seconds
{Heap before GC invocations=19518 (full 20):
 par new generation   total 109248K, used 101300K [0x00000007a0000000, 0x00000007a8000000, 0x00000007a8000000)
  eden space 87424K, 100% used [0x00000007a0000000, 0x00000007a5560000, 0x00000007a5560000)
  from space 21824K,  63% used [0x00000007a5560000, 0x00000007a62ed180, 0x00000007a6ab0000)
  to   space 21824K,   0% used [0x00000007a6ab0000, 0x00000007a6ab0000, 0x00000007a8000000)
 concurrent mark-sweep generation total 393216K, used 154859K [0x00000007a8000000, 0x00000007c0000000, 0x00000007c0000000)
 Metaspace       used 43674K, capacity 44920K, committed 45100K, reserved 1089536K
  class space    used 5354K, capacity 5667K, committed 5676K, reserved 1048576K
2019-01-30T12:58:03.083+0600: 4880.654: [GC (Allocation Failure) 2019-01-30T12:58:03.083+0600: 4880.654: [ParNew
Desired survivor size 20112992 bytes, new threshold 8 (max 8)
- age   1:    5974352 bytes,    5974352 total
- age   2:       1168 bytes,    5975520 total
- age   3:       1024 bytes,    5976544 total
- age   4:       1424 bytes,    5977968 total
: 101300K->7829K(109248K), 0.0084273 secs] 256159K->162688K(502464K), 0.0085212 secs] [Times: user=0.03 sys=0.00, real=0.01 secs] 
Heap after GC invocations=19519 (full 20):
 par new generation   total 109248K, used 7829K [0x00000007a0000000, 0x00000007a8000000, 0x00000007a8000000)
  eden space 87424K,   0% used [0x00000007a0000000, 0x00000007a0000000, 0x00000007a5560000)
  from space 21824K,  35% used [0x00000007a6ab0000, 0x00000007a7255410, 0x00000007a8000000)
  to   space 21824K,   0% used [0x00000007a5560000, 0x00000007a5560000, 0x00000007a6ab0000)
 concurrent mark-sweep generation total 393216K, used 154859K [0x00000007a8000000, 0x00000007c0000000, 0x00000007c0000000)
 Metaspace       used 43674K, capacity 44920K, committed 45100K, reserved 1089536K
  class space    used 5354K, capacity 5667K, committed 5676K, reserved 1048576K
}
2019-01-30T12:58:03.092+0600: 4880.663: Total time for which application threads were stopped: 0.0087545 seconds, Stopping threads took: 0.0000214 seconds
{Heap before GC invocations=19519 (full 20):
 par new generation   total 109248K, used 95253K [0x00000007a0000000, 0x00000007a8000000, 0x00000007a8000000)
  eden space 87424K, 100% used [0x00000007a0000000, 0x00000007a5560000, 0x00000007a5560000)
  from space 21824K,  35% used [0x00000007a6ab0000, 0x00000007a7255410, 0x00000007a8000000)
  to   space 21824K,   0% used [0x00000007a5560000, 0x00000007a5560000, 0x00000007a6ab0000)
 concurrent mark-sweep generation total 393216K, used 154859K [0x00000007a8000000, 0x00000007c0000000, 0x00000007c0000000)
 Metaspace       used 43674K, capacity 44920K, committed 45100K, reserved 1089536K
  class space    used 5354K, capacity 5667K, committed 5676K, reserved 1048576K
2019-01-30T12:58:03.298+0600: 4880.869: [GC (Allocation Failure) 2019-01-30T12:58:03.298+0600: 4880.869: [ParNew
Desired survivor size 20112992 bytes, new threshold 8 (max 8)
- age   1:    5886056 bytes,    5886056 total
- age   2:       1168 bytes,    5887224 total
- age   3:       1168 bytes,    5888392 total
- age   4:       1024 bytes,    5889416 total
- age   5:       1424 bytes,    5890840 total
: 95253K->7138K(109248K), 0.0095613 secs] 250112K->161997K(502464K), 0.0096604 secs] [Times: user=0.03 sys=0.00, real=0.01 secs] 
Heap after GC invocations=19520 (full 20):
 par new generation   total 109248K, used 7138K [0x00000007a0000000, 0x00000007a8000000, 0x00000007a8000000)
  eden space 87424K,   0% used [0x00000007a0000000, 0x00000007a0000000, 0x00000007a5560000)
  from space 21824K,  32% used [0x00000007a5560000, 0x00000007a5c58a48, 0x00000007a6ab0000)
  to   space 21824K,   0% used [0x00000007a6ab0000, 0x00000007a6ab0000, 0x00000007a8000000)
 concurrent mark-sweep generation total 393216K, used 154859K [0x00000007a8000000, 0x00000007c0000000, 0x00000007c0000000)
 Metaspace       used 43674K, capacity 44920K, committed 45100K, reserved 1089536K
  class space    used 5354K, capacity 5667K, committed 5676K, reserved 1048576K
}
2019-01-30T12:58:03.307+0600: 4880.879: Total time for which application threads were stopped: 0.0099123 seconds, Stopping threads took: 0.0000317 seconds
{Heap before GC invocations=19520 (full 20):
 par new generation   total 109248K, used 94562K [0x00000007a0000000, 0x00000007a8000000, 0x00000007a8000000)
  eden space 87424K, 100% used [0x00000007a0000000, 0x00000007a5560000, 0x00000007a5560000)
  from space 21824K,  32% used [0x00000007a5560000, 0x00000007a5c58a48, 0x00000007a6ab0000)
  to   space 21824K,   0% used [0x00000007a6ab0000, 0x00000007a6ab0000, 0x00000007a8000000)
 concurrent mark-sweep generation total 393216K, used 154859K [0x00000007a8000000, 0x00000007c0000000, 0x00000007c0000000)
 Metaspace       used 43674K, capacity 44920K, committed 45100K, reserved 1089536K
  class space    used 5354K, capacity 5667K, committed 5676K, reserved 1048576K
2019-01-30T12:58:03.525+0600: 4881.096: [GC (Allocation Failure) 2019-01-30T12:58:03.525+0600: 4881.097: [ParNew
Desired survivor size 20112992 bytes, new threshold 8 (max 8)
- age   1:   19158416 bytes,   19158416 total
- age   2:       1152 bytes,   19159568 total
- age   3:       1168 bytes,   19160736 total
- age   4:       1168 bytes,   19161904 total
- age   5:       1024 bytes,   19162928 total
- age   6:       1424 bytes,   19164352 total
: 94562K->19976K(109248K), 0.0190348 secs] 249421K->174836K(502464K), 0.0191275 secs] [Times: user=0.06 sys=0.00, real=0.02 secs] 
Heap after GC invocations=19521 (full 20):
 par new generation   total 109248K, used 19976K [0x00000007a0000000, 0x00000007a8000000, 0x00000007a8000000)
  eden space 87424K,   0% used [0x00000007a0000000, 0x00000007a0000000, 0x00000007a5560000)
  from space 21824K,  91% used [0x00000007a6ab0000, 0x00000007a7e323c0, 0x00000007a8000000)
  to   space 21824K,   0% used [0x00000007a5560000, 0x00000007a5560000, 0x00000007a6ab0000)
 concurrent mark-sweep generation total 393216K, used 154859K [0x00000007a8000000, 0x00000007c0000000, 0x00000007c0000000)
 Metaspace       used 43674K, capacity 44920K, committed 45100K, reserved 1089536K
  class space    used 5354K, capacity 5667K, committed 5676K, reserved 1048576K
}
2019-01-30T12:58:03.544+0600: 4881.116: Total time for which application threads were stopped: 0.0193583 seconds, Stopping threads took: 0.0000221 seconds
{Heap before GC invocations=19521 (full 20):
 par new generation   total 109248K, used 107400K [0x00000007a0000000, 0x00000007a8000000, 0x00000007a8000000)
  eden space 87424K, 100% used [0x00000007a0000000, 0x00000007a5560000, 0x00000007a5560000)
  from space 21824K,  91% used [0x00000007a6ab0000, 0x00000007a7e323c0, 0x00000007a8000000)
  to   space 21824K,   0% used [0x00000007a5560000, 0x00000007a5560000, 0x00000007a6ab0000)
 concurrent mark-sweep generation total 393216K, used 154859K [0x00000007a8000000, 0x00000007c0000000, 0x00000007c0000000)
 Metaspace       used 43674K, capacity 44920K, committed 45100K, reserved 1089536K
  class space    used 5354K, capacity 5667K, committed 5676K, reserved 1048576K
2019-01-30T12:58:03.762+0600: 4881.333: [GC (Allocation Failure) 2019-01-30T12:58:03.762+0600: 4881.333: [ParNew
Desired survivor size 20112992 bytes, new threshold 8 (max 8)
- age   1:   14613824 bytes,   14613824 total
- age   2:        928 bytes,   14614752 total
- age   3:       1152 bytes,   14615904 total
- age   4:       1168 bytes,   14617072 total
- age   5:       1168 bytes,   14618240 total
- age   6:       1024 bytes,   14619264 total
- age   7:       1424 bytes,   14620688 total
: 107400K->21824K(109248K), 0.0159144 secs] 262260K->176683K(502464K), 0.0160223 secs] [Times: user=0.06 sys=0.01, real=0.01 secs] 
Heap after GC invocations=19522 (full 20):
 par new generation   total 109248K, used 21824K [0x00000007a0000000, 0x00000007a8000000, 0x00000007a8000000)
  eden space 87424K,   0% used [0x00000007a0000000, 0x00000007a0000000, 0x00000007a5560000)
  from space 21824K, 100% used [0x00000007a5560000, 0x00000007a6ab0000, 0x00000007a6ab0000)
  to   space 21824K,   0% used [0x00000007a6ab0000, 0x00000007a6ab0000, 0x00000007a8000000)
 concurrent mark-sweep generation total 393216K, used 154859K [0x00000007a8000000, 0x00000007c0000000, 0x00000007c0000000)
 Metaspace       used 43674K, capacity 44920K, committed 45100K, reserved 1089536K
  class space    used 5354K, capacity 5667K, committed 5676K, reserved 1048576K
}
2019-01-30T12:58:03.778+0600: 4881.349: Total time for which application threads were stopped: 0.0162567 seconds, Stopping threads took: 0.0000241 seconds
{Heap before GC invocations=19522 (full 20):
 par new generation   total 109248K, used 109248K [0x00000007a0000000, 0x00000007a8000000, 0x00000007a8000000)
  eden space 87424K, 100% used [0x00000007a0000000, 0x00000007a5560000, 0x00000007a5560000)
  from space 21824K, 100% used [0x00000007a5560000, 0x00000007a6ab0000, 0x00000007a6ab0000)
  to   space 21824K,   0% used [0x00000007a6ab0000, 0x00000007a6ab0000, 0x00000007a8000000)
 concurrent mark-sweep generation total 393216K, used 154859K [0x00000007a8000000, 0x00000007c0000000, 0x00000007c0000000)
 Metaspace       used 43674K, capacity 44920K, committed 45100K, reserved 1089536K
  class space    used 5354K, capacity 5667K, committed 5676K, reserved 1048576K
2019-01-30T12:58:03.994+0600: 4881.566: [GC (Allocation Failure) 2019-01-30T12:58:03.994+0600: 4881.566: [ParNew
Desired survivor size 20112992 bytes, new threshold 8 (max 8)
- age   1:   11058632 bytes,   11058632 total
- age   2:       1008 bytes,   11059640 total
- age   3:        928 bytes,   11060568 total
- age   4:       1152 bytes,   11061720 total
- age   5:       1168 bytes,   11062888 total
- age   6:       1168 bytes,   11064056 total
- age   7:       1024 bytes,   11065080 total
- age   8:       1424 bytes,   11066504 total
: 109248K->12952K(109248K), 0.0158321 secs] 264107K->167811K(502464K), 0.0159431 secs] [Times: user=0.04 sys=0.00, real=0.02 secs] 
Heap after GC invocations=19523 (full 20):
 par new generation   total 109248K, used 12952K [0x00000007a0000000, 0x00000007a8000000, 0x00000007a8000000)
  eden space 87424K,   0% used [0x00000007a0000000, 0x00000007a0000000, 0x00000007a5560000)
  from space 21824K,  59% used [0x00000007a6ab0000, 0x00000007a7756040, 0x00000007a8000000)
  to   space 21824K,   0% used [0x00000007a5560000, 0x00000007a5560000, 0x00000007a6ab0000)
 concurrent mark-sweep generation total 393216K, used 154859K [0x00000007a8000000, 0x00000007c0000000, 0x00000007c0000000)
 Metaspace       used 43674K, capacity 44920K, committed 45100K, reserved 1089536K
  class space    used 5354K, capacity 5667K, committed 5676K, reserved 1048576K
}
2019-01-30T12:58:04.010+0600: 4881.582: Total time for which application threads were stopped: 0.0161930 seconds, Stopping threads took: 0.0000252 seconds
{Heap before GC invocations=19523 (full 20):
 par new generation   total 109248K, used 100376K [0x00000007a0000000, 0x00000007a8000000, 0x00000007a8000000)
  eden space 87424K, 100% used [0x00000007a0000000, 0x00000007a5560000, 0x00000007a5560000)
  from space 21824K,  59% used [0x00000007a6ab0000, 0x00000007a7756040, 0x00000007a8000000)
  to   space 21824K,   0% used [0x00000007a5560000, 0x00000007a5560000, 0x00000007a6ab0000)
 concurrent mark-sweep generation total 393216K, used 154859K [0x00000007a8000000, 0x00000007c0000000, 0x00000007c0000000)
 Metaspace       used 43674K, capacity 44920K, committed 45100K, reserved 1089536K
  class space    used 5354K, capacity 5667K, committed 5676K, reserved 1048576K
2019-01-30T12:58:04.248+0600: 4881.820: [GC (Allocation Failure) 2019-01-30T12:58:04.249+0600: 4881.821: [ParNew
Desired survivor size 20112992 bytes, new threshold 8 (max 8)
- age   1:    7694768 bytes,    7694768 total
- age   2:       1128 bytes,    7695896 total
- age   3:       1008 bytes,    7696904 total
- age   4:        928 bytes,    7697832 total
- age   5:       1152 bytes,    7698984 total
- age   6:       1168 bytes,    7700152 total
- age   7:       1168 bytes,    7701320 total
- age   8:       1024 bytes,    7702344 total
: 100376K->12155K(109248K), 0.0193834 secs] 255235K->167016K(502464K), 0.0205097 secs] [Times: user=0.03 sys=0.00, real=0.02 secs] 
Heap after GC invocations=19524 (full 20):
 par new generation   total 109248K, used 12155K [0x00000007a0000000, 0x00000007a8000000, 0x00000007a8000000)
  eden space 87424K,   0% used [0x00000007a0000000, 0x00000007a0000000, 0x00000007a5560000)
  from space 21824K,  55% used [0x00000007a5560000, 0x00000007a613ede0, 0x00000007a6ab0000)
  to   space 21824K,   0% used [0x00000007a6ab0000, 0x00000007a6ab0000, 0x00000007a8000000)
 concurrent mark-sweep generation total 393216K, used 154860K [0x00000007a8000000, 0x00000007c0000000, 0x00000007c0000000)
 Metaspace       used 43674K, capacity 44920K, committed 45100K, reserved 1089536K
  class space    used 5354K, capacity 5667K, committed 5676K, reserved 1048576K
}
2019-01-30T12:58:04.269+0600: 4881.840: Total time for which application threads were stopped: 0.0208729 seconds, Stopping threads took: 0.0000536 seconds
{Heap before GC invocations=19524 (full 20):
 par new generation   total 109248K, used 99579K [0x00000007a0000000, 0x00000007a8000000, 0x00000007a8000000)
  eden space 87424K, 100% used [0x00000007a0000000, 0x00000007a5560000, 0x00000007a5560000)
  from space 21824K,  55% used [0x00000007a5560000, 0x00000007a613ede0, 0x00000007a6ab0000)
  to   space 21824K,   0% used [0x00000007a6ab0000, 0x00000007a6ab0000, 0x00000007a8000000)
 concurrent mark-sweep generation total 393216K, used 154860K [0x00000007a8000000, 0x00000007c0000000, 0x00000007c0000000)
 Metaspace       used 43674K, capacity 44920K, committed 45100K, reserved 1089536K
  class space    used 5354K, capacity 5667K, committed 5676K, reserved 1048576K
2019-01-30T12:58:04.649+0600: 4882.220: [GC (Allocation Failure) 2019-01-30T12:58:04.649+0600: 4882.220: [ParNew
Desired survivor size 20112992 bytes, new threshold 8 (max 8)
- age   1:    5890536 bytes,    5890536 total
- age   2:       1192 bytes,    5891728 total
- age   3:       1128 bytes,    5892856 total
- age   4:       1008 bytes,    5893864 total
- age   5:        928 bytes,    5894792 total
- age   6:       1152 bytes,    5895944 total
- age   7:       1168 bytes,    5897112 total
- age   8:       1168 bytes,    5898280 total
: 99579K->8569K(109248K), 0.0108246 secs] 254440K->163430K(502464K), 0.0109705 secs] [Times: user=0.03 sys=0.00, real=0.02 secs] 
Heap after GC invocations=19525 (full 20):
 par new generation   total 109248K, used 8569K [0x00000007a0000000, 0x00000007a8000000, 0x00000007a8000000)
  eden space 87424K,   0% used [0x00000007a0000000, 0x00000007a0000000, 0x00000007a5560000)
  from space 21824K,  39% used [0x00000007a6ab0000, 0x00000007a730e4c8, 0x00000007a8000000)
  to   space 21824K,   0% used [0x00000007a5560000, 0x00000007a5560000, 0x00000007a6ab0000)
 concurrent mark-sweep generation total 393216K, used 154861K [0x00000007a8000000, 0x00000007c0000000, 0x00000007c0000000)
 Metaspace       used 43674K, capacity 44920K, committed 45100K, reserved 1089536K
  class space    used 5354K, capacity 5667K, committed 5676K, reserved 1048576K
}
2019-01-30T12:58:04.660+0600: 4882.231: Total time for which application threads were stopped: 0.0113167 seconds, Stopping threads took: 0.0000257 seconds
{Heap before GC invocations=19525 (full 20):
 par new generation   total 109248K, used 95993K [0x00000007a0000000, 0x00000007a8000000, 0x00000007a8000000)
  eden space 87424K, 100% used [0x00000007a0000000, 0x00000007a5560000, 0x00000007a5560000)
  from space 21824K,  39% used [0x00000007a6ab0000, 0x00000007a730e4c8, 0x00000007a8000000)
  to   space 21824K,   0% used [0x00000007a5560000, 0x00000007a5560000, 0x00000007a6ab0000)
 concurrent mark-sweep generation total 393216K, used 154861K [0x00000007a8000000, 0x00000007c0000000, 0x00000007c0000000)
 Metaspace       used 43674K, capacity 44920K, committed 45100K, reserved 1089536K
  class space    used 5354K, capacity 5667K, committed 5676K, reserved 1048576K
2019-01-30T12:58:04.917+0600: 4882.488: [GC (Allocation Failure) 2019-01-30T12:58:04.917+0600: 4882.488: [ParNew
Desired survivor size 20112992 bytes, new threshold 1 (max 8)
- age   1:   21112336 bytes,   21112336 total
- age   2:       1184 bytes,   21113520 total
- age   3:       1192 bytes,   21114712 total
- age   4:       1128 bytes,   21115840 total
- age   5:       1008 bytes,   21116848 total
- age   6:        928 bytes,   21117776 total
- age   7:       1152 bytes,   21118928 total
- age   8:       1168 bytes,   21120096 total
: 95993K->21625K(109248K), 0.0193108 secs] 250854K->176488K(502464K), 0.0194069 secs] [Times: user=0.07 sys=0.00, real=0.02 secs] 
Heap after GC invocations=19526 (full 20):
 par new generation   total 109248K, used 21625K [0x00000007a0000000, 0x00000007a8000000, 0x00000007a8000000)
  eden space 87424K,   0% used [0x00000007a0000000, 0x00000007a0000000, 0x00000007a5560000)
  from space 21824K,  99% used [0x00000007a5560000, 0x00000007a6a7e660, 0x00000007a6ab0000)
  to   space 21824K,   0% used [0x00000007a6ab0000, 0x00000007a6ab0000, 0x00000007a8000000)
 concurrent mark-sweep generation total 393216K, used 154862K [0x00000007a8000000, 0x00000007c0000000, 0x00000007c0000000)
 Metaspace       used 43674K, capacity 44920K, committed 45100K, reserved 1089536K
  class space    used 5354K, capacity 5667K, committed 5676K, reserved 1048576K
}
2019-01-30T12:58:04.937+0600: 4882.508: Total time for which application threads were stopped: 0.0196517 seconds, Stopping threads took: 0.0000228 seconds
{Heap before GC invocations=19526 (full 20):
 par new generation   total 109248K, used 109049K [0x00000007a0000000, 0x00000007a8000000, 0x00000007a8000000)
  eden space 87424K, 100% used [0x00000007a0000000, 0x00000007a5560000, 0x00000007a5560000)
  from space 21824K,  99% used [0x00000007a5560000, 0x00000007a6a7e660, 0x00000007a6ab0000)
  to   space 21824K,   0% used [0x00000007a6ab0000, 0x00000007a6ab0000, 0x00000007a8000000)
 concurrent mark-sweep generation total 393216K, used 154862K [0x00000007a8000000, 0x00000007c0000000, 0x00000007c0000000)
 Metaspace       used 43674K, capacity 44920K, committed 45100K, reserved 1089536K
  class space    used 5354K, capacity 5667K, committed 5676K, reserved 1048576K
2019-01-30T12:58:05.164+0600: 4882.735: [GC (Allocation Failure) 2019-01-30T12:58:05.164+0600: 4882.735: [ParNew
Desired survivor size 20112992 bytes, new threshold 8 (max 8)
- age   1:   15987856 bytes,   15987856 total
: 109049K->21824K(109248K), 0.0155968 secs] 263912K->176735K(502464K), 0.0157058 secs] [Times: user=0.06 sys=0.00, real=0.02 secs] 
Heap after GC invocations=19527 (full 20):
 par new generation   total 109248K, used 21824K [0x00000007a0000000, 0x00000007a8000000, 0x00000007a8000000)
  eden space 87424K,   0% used [0x00000007a0000000, 0x00000007a0000000, 0x00000007a5560000)
  from space 21824K, 100% used [0x00000007a6ab0000, 0x00000007a8000000, 0x00000007a8000000)
  to   space 21824K,   0% used [0x00000007a5560000, 0x00000007a5560000, 0x00000007a6ab0000)
 concurrent mark-sweep generation total 393216K, used 154911K [0x00000007a8000000, 0x00000007c0000000, 0x00000007c0000000)
 Metaspace       used 43674K, capacity 44920K, committed 45100K, reserved 1089536K
  class space    used 5354K, capacity 5667K, committed 5676K, reserved 1048576K
}
2019-01-30T12:58:05.180+0600: 4882.751: Total time for which application threads were stopped: 0.0159281 seconds, Stopping threads took: 0.0000204 seconds
{Heap before GC invocations=19527 (full 20):
 par new generation   total 109248K, used 109248K [0x00000007a0000000, 0x00000007a8000000, 0x00000007a8000000)
  eden space 87424K, 100% used [0x00000007a0000000, 0x00000007a5560000, 0x00000007a5560000)
  from space 21824K, 100% used [0x00000007a6ab0000, 0x00000007a8000000, 0x00000007a8000000)
  to   space 21824K,   0% used [0x00000007a5560000, 0x00000007a5560000, 0x00000007a6ab0000)
 concurrent mark-sweep generation total 393216K, used 154911K [0x00000007a8000000, 0x00000007c0000000, 0x00000007c0000000)
 Metaspace       used 43674K, capacity 44920K, committed 45100K, reserved 1089536K
  class space    used 5354K, capacity 5667K, committed 5676K, reserved 1048576K
2019-01-30T12:58:05.413+0600: 4882.984: [GC (Allocation Failure) 2019-01-30T12:58:05.413+0600: 4882.985: [ParNew
Desired survivor size 20112992 bytes, new threshold 8 (max 8)
- age   1:   12745488 bytes,   12745488 total
- age   2:       1552 bytes,   12747040 total
: 109248K->18191K(109248K), 0.0130090 secs] 264159K->173102K(502464K), 0.0131226 secs] [Times: user=0.05 sys=0.00, real=0.01 secs] 
Heap after GC invocations=19528 (full 20):
 par new generation   total 109248K, used 18191K [0x00000007a0000000, 0x00000007a8000000, 0x00000007a8000000)
  eden space 87424K,   0% used [0x00000007a0000000, 0x00000007a0000000, 0x00000007a5560000)
  from space 21824K,  83% used [0x00000007a5560000, 0x00000007a6723c00, 0x00000007a6ab0000)
  to   space 21824K,   0% used [0x00000007a6ab0000, 0x00000007a6ab0000, 0x00000007a8000000)
 concurrent mark-sweep generation total 393216K, used 154911K [0x00000007a8000000, 0x00000007c0000000, 0x00000007c0000000)
 Metaspace       used 43674K, capacity 44920K, committed 45100K, reserved 1089536K
  class space    used 5354K, capacity 5667K, committed 5676K, reserved 1048576K
}
2019-01-30T12:58:05.426+0600: 4882.998: Total time for which application threads were stopped: 0.0133686 seconds, Stopping threads took: 0.0000224 seconds
{Heap before GC invocations=19528 (full 20):
 par new generation   total 109248K, used 105615K [0x00000007a0000000, 0x00000007a8000000, 0x00000007a8000000)
  eden space 87424K, 100% used [0x00000007a0000000, 0x00000007a5560000, 0x00000007a5560000)
  from space 21824K,  83% used [0x00000007a5560000, 0x00000007a6723c00, 0x00000007a6ab0000)
  to   space 21824K,   0% used [0x00000007a6ab0000, 0x00000007a6ab0000, 0x00000007a8000000)
 concurrent mark-sweep generation total 393216K, used 154911K [0x00000007a8000000, 0x00000007c0000000, 0x00000007c0000000)
 Metaspace       used 43674K, capacity 44920K, committed 45100K, reserved 1089536K
  class space    used 5354K, capacity 5667K, committed 5676K, reserved 1048576K
2019-01-30T12:58:05.625+0600: 4883.197: [GC (Allocation Failure) 2019-01-30T12:58:05.625+0600: 4883.197: [ParNew
Desired survivor size 20112992 bytes, new threshold 8 (max 8)
- age   1:    9463768 bytes,    9463768 total
- age   2:       1024 bytes,    9464792 total
- age   3:       1552 bytes,    9466344 total
: 105615K->13883K(109248K), 0.0108300 secs] 260526K->168795K(502464K), 0.0109530 secs] [Times: user=0.04 sys=0.00, real=0.01 secs] 
Heap after GC invocations=19529 (full 20):
 par new generation   total 109248K, used 13883K [0x00000007a0000000, 0x00000007a8000000, 0x00000007a8000000)
  eden space 87424K,   0% used [0x00000007a0000000, 0x00000007a0000000, 0x00000007a5560000)
  from space 21824K,  63% used [0x00000007a6ab0000, 0x00000007a783efc0, 0x00000007a8000000)
  to   space 21824K,   0% used [0x00000007a5560000, 0x00000007a5560000, 0x00000007a6ab0000)
 concurrent mark-sweep generation total 393216K, used 154911K [0x00000007a8000000, 0x00000007c0000000, 0x00000007c0000000)
 Metaspace       used 43674K, capacity 44920K, committed 45100K, reserved 1089536K
  class space    used 5354K, capacity 5667K, committed 5676K, reserved 1048576K
}
2019-01-30T12:58:05.636+0600: 4883.208: Total time for which application threads were stopped: 0.0112071 seconds, Stopping threads took: 0.0000254 seconds
{Heap before GC invocations=19529 (full 20):
 par new generation   total 109248K, used 101307K [0x00000007a0000000, 0x00000007a8000000, 0x00000007a8000000)
  eden space 87424K, 100% used [0x00000007a0000000, 0x00000007a5560000, 0x00000007a5560000)
  from space 21824K,  63% used [0x00000007a6ab0000, 0x00000007a783efc0, 0x00000007a8000000)
  to   space 21824K,   0% used [0x00000007a5560000, 0x00000007a5560000, 0x00000007a6ab0000)
 concurrent mark-sweep generation total 393216K, used 154911K [0x00000007a8000000, 0x00000007c0000000, 0x00000007c0000000)
 Metaspace       used 43674K, capacity 44920K, committed 45100K, reserved 1089536K
  class space    used 5354K, capacity 5667K, committed 5676K, reserved 1048576K
2019-01-30T12:58:05.836+0600: 4883.407: [GC (Allocation Failure) 2019-01-30T12:58:05.836+0600: 4883.407: [ParNew
Desired survivor size 20112992 bytes, new threshold 8 (max 8)
- age   1:    5917152 bytes,    5917152 total
- age   2:       1152 bytes,    5918304 total
- age   3:       1024 bytes,    5919328 total
- age   4:       1552 bytes,    5920880 total
: 101307K->9117K(109248K), 0.0085711 secs] 256219K->164028K(502464K), 0.0086813 secs] [Times: user=0.03 sys=0.00, real=0.01 secs] 
Heap after GC invocations=19530 (full 20):
 par new generation   total 109248K, used 9117K [0x00000007a0000000, 0x00000007a8000000, 0x00000007a8000000)
  eden space 87424K,   0% used [0x00000007a0000000, 0x00000007a0000000, 0x00000007a5560000)
  from space 21824K,  41% used [0x00000007a5560000, 0x00000007a5e474d0, 0x00000007a6ab0000)
  to   space 21824K,   0% used [0x00000007a6ab0000, 0x00000007a6ab0000, 0x00000007a8000000)
 concurrent mark-sweep generation total 393216K, used 154911K [0x00000007a8000000, 0x00000007c0000000, 0x00000007c0000000)
 Metaspace       used 43674K, capacity 44920K, committed 45100K, reserved 1089536K
  class space    used 5354K, capacity 5667K, committed 5676K, reserved 1048576K
}
2019-01-30T12:58:05.844+0600: 4883.416: Total time for which application threads were stopped: 0.0089420 seconds, Stopping threads took: 0.0000272 seconds
{Heap before GC invocations=19530 (full 20):
 par new generation   total 109248K, used 96541K [0x00000007a0000000, 0x00000007a8000000, 0x00000007a8000000)
  eden space 87424K, 100% used [0x00000007a0000000, 0x00000007a5560000, 0x00000007a5560000)
  from space 21824K,  41% used [0x00000007a5560000, 0x00000007a5e474d0, 0x00000007a6ab0000)
  to   space 21824K,   0% used [0x00000007a6ab0000, 0x00000007a6ab0000, 0x00000007a8000000)
 concurrent mark-sweep generation total 393216K, used 154911K [0x00000007a8000000, 0x00000007c0000000, 0x00000007c0000000)
 Metaspace       used 43674K, capacity 44920K, committed 45100K, reserved 1089536K
  class space    used 5354K, capacity 5667K, committed 5676K, reserved 1048576K
2019-01-30T12:58:06.062+0600: 4883.634: [GC (Allocation Failure) 2019-01-30T12:58:06.062+0600: 4883.634: [ParNew
Desired survivor size 20112992 bytes, new threshold 8 (max 8)
- age   1:    5888072 bytes,    5888072 total
- age   2:       1144 bytes,    5889216 total
- age   3:       1152 bytes,    5890368 total
- age   4:       1024 bytes,    5891392 total
- age   5:       1552 bytes,    5892944 total
: 96541K->7077K(109248K), 0.0081809 secs] 251452K->161988K(502464K), 0.0082913 secs] [Times: user=0.03 sys=0.01, real=0.01 secs] 
Heap after GC invocations=19531 (full 20):
 par new generation   total 109248K, used 7077K [0x00000007a0000000, 0x00000007a8000000, 0x00000007a8000000)
  eden space 87424K,   0% used [0x00000007a0000000, 0x00000007a0000000, 0x00000007a5560000)
  from space 21824K,  32% used [0x00000007a6ab0000, 0x00000007a71994c8, 0x00000007a8000000)
  to   space 21824K,   0% used [0x00000007a5560000, 0x00000007a5560000, 0x00000007a6ab0000)
 concurrent mark-sweep generation total 393216K, used 154911K [0x00000007a8000000, 0x00000007c0000000, 0x00000007c0000000)
 Metaspace       used 43674K, capacity 44920K, committed 45100K, reserved 1089536K
  class space    used 5354K, capacity 5667K, committed 5676K, reserved 1048576K
}
2019-01-30T12:58:06.071+0600: 4883.642: Total time for which application threads were stopped: 0.0085331 seconds, Stopping threads took: 0.0000217 seconds
{Heap before GC invocations=19531 (full 20):
 par new generation   total 109248K, used 94501K [0x00000007a0000000, 0x00000007a8000000, 0x00000007a8000000)
  eden space 87424K, 100% used [0x00000007a0000000, 0x00000007a5560000, 0x00000007a5560000)
  from space 21824K,  32% used [0x00000007a6ab0000, 0x00000007a71994c8, 0x00000007a8000000)
  to   space 21824K,   0% used [0x00000007a5560000, 0x00000007a5560000, 0x00000007a6ab0000)
 concurrent mark-sweep generation total 393216K, used 154911K [0x00000007a8000000, 0x00000007c0000000, 0x00000007c0000000)
 Metaspace       used 43674K, capacity 44920K, committed 45100K, reserved 1089536K
  class space    used 5354K, capacity 5667K, committed 5676K, reserved 1048576K
2019-01-30T12:58:06.285+0600: 4883.856: [GC (Allocation Failure) 2019-01-30T12:58:06.285+0600: 4883.856: [ParNew
Desired survivor size 20112992 bytes, new threshold 8 (max 8)
- age   1:   19043912 bytes,   19043912 total
- age   2:       1128 bytes,   19045040 total
- age   3:       1144 bytes,   19046184 total
- age   4:       1152 bytes,   19047336 total
- age   5:       1024 bytes,   19048360 total
- age   6:       1552 bytes,   19049912 total
: 94501K->20489K(109248K), 0.0252004 secs] 249412K->175401K(502464K), 0.0253240 secs] [Times: user=0.07 sys=0.00, real=0.03 secs] 
Heap after GC invocations=19532 (full 20):
 par new generation   total 109248K, used 20489K [0x00000007a0000000, 0x00000007a8000000, 0x00000007a8000000)
  eden space 87424K,   0% used [0x00000007a0000000, 0x00000007a0000000, 0x00000007a5560000)
  from space 21824K,  93% used [0x00000007a5560000, 0x00000007a6962740, 0x00000007a6ab0000)
  to   space 21824K,   0% used [0x00000007a6ab0000, 0x00000007a6ab0000, 0x00000007a8000000)
 concurrent mark-sweep generation total 393216K, used 154911K [0x00000007a8000000, 0x00000007c0000000, 0x00000007c0000000)
 Metaspace       used 43674K, capacity 44920K, committed 45100K, reserved 1089536K
  class space    used 5354K, capacity 5667K, committed 5676K, reserved 1048576K
}
2019-01-30T12:58:06.310+0600: 4883.882: Total time for which application threads were stopped: 0.0255851 seconds, Stopping threads took: 0.0000204 seconds
{Heap before GC invocations=19532 (full 20):
 par new generation   total 109248K, used 107306K [0x00000007a0000000, 0x00000007a8000000, 0x00000007a8000000)
  eden space 87424K,  99% used [0x00000007a0000000, 0x00000007a54c8108, 0x00000007a5560000)
  from space 21824K,  93% used [0x00000007a5560000, 0x00000007a6962740, 0x00000007a6ab0000)
  to   space 21824K,   0% used [0x00000007a6ab0000, 0x00000007a6ab0000, 0x00000007a8000000)
 concurrent mark-sweep generation total 393216K, used 154911K [0x00000007a8000000, 0x00000007c0000000, 0x00000007c0000000)
 Metaspace       used 43674K, capacity 44920K, committed 45100K, reserved 1089536K
  class space    used 5354K, capacity 5667K, committed 5676K, reserved 1048576K
2019-01-30T12:58:06.558+0600: 4884.129: [GC (Allocation Failure) 2019-01-30T12:58:06.558+0600: 4884.129: [ParNew
Desired survivor size 20112992 bytes, new threshold 8 (max 8)
- age   1:   14614016 bytes,   14614016 total
- age   2:        944 bytes,   14614960 total
- age   3:       1128 bytes,   14616088 total
- age   4:       1144 bytes,   14617232 total
- age   5:       1152 bytes,   14618384 total
- age   6:       1024 bytes,   14619408 total
- age   7:       1552 bytes,   14620960 total
: 107306K->20834K(109248K), 0.0215653 secs] 262217K->175745K(502464K), 0.0217212 secs] [Times: user=0.05 sys=0.00, real=0.03 secs] 
Heap after GC invocations=19533 (full 20):
 par new generation   total 109248K, used 20834K [0x00000007a0000000, 0x00000007a8000000, 0x00000007a8000000)
  eden space 87424K,   0% used [0x00000007a0000000, 0x00000007a0000000, 0x00000007a5560000)
  from space 21824K,  95% used [0x00000007a6ab0000, 0x00000007a7f08818, 0x00000007a8000000)
  to   space 21824K,   0% used [0x00000007a5560000, 0x00000007a5560000, 0x00000007a6ab0000)
 concurrent mark-sweep generation total 393216K, used 154911K [0x00000007a8000000, 0x00000007c0000000, 0x00000007c0000000)
 Metaspace       used 43674K, capacity 44920K, committed 45100K, reserved 1089536K
  class space    used 5354K, capacity 5667K, committed 5676K, reserved 1048576K
}
2019-01-30T12:58:06.580+0600: 4884.151: Total time for which application threads were stopped: 0.0220705 seconds, Stopping threads took: 0.0000424 seconds
{Heap before GC invocations=19533 (full 20):
 par new generation   total 109248K, used 108258K [0x00000007a0000000, 0x00000007a8000000, 0x00000007a8000000)
  eden space 87424K, 100% used [0x00000007a0000000, 0x00000007a5560000, 0x00000007a5560000)
  from space 21824K,  95% used [0x00000007a6ab0000, 0x00000007a7f08818, 0x00000007a8000000)
  to   space 21824K,   0% used [0x00000007a5560000, 0x00000007a5560000, 0x00000007a6ab0000)
 concurrent mark-sweep generation total 393216K, used 154911K [0x00000007a8000000, 0x00000007c0000000, 0x00000007c0000000)
 Metaspace       used 43674K, capacity 44920K, committed 45100K, reserved 1089536K
  class space    used 5354K, capacity 5667K, committed 5676K, reserved 1048576K
2019-01-30T12:58:06.869+0600: 4884.440: [GC (Allocation Failure) 2019-01-30T12:58:06.869+0600: 4884.440: [ParNew
Desired survivor size 20112992 bytes, new threshold 8 (max 8)
- age   1:   11077216 bytes,   11077216 total
- age   2:       1032 bytes,   11078248 total
- age   3:        944 bytes,   11079192 total
- age   4:       1128 bytes,   11080320 total
- age   5:       1144 bytes,   11081464 total
- age   6:       1152 bytes,   11082616 total
- age   7:       1024 bytes,   11083640 total
- age   8:       1552 bytes,   11085192 total
: 108258K->12495K(109248K), 0.0161111 secs] 263169K->167407K(502464K), 0.0162325 secs] [Times: user=0.05 sys=0.00, real=0.02 secs] 
Heap after GC invocations=19534 (full 20):
 par new generation   total 109248K, used 12495K [0x00000007a0000000, 0x00000007a8000000, 0x00000007a8000000)
  eden space 87424K,   0% used [0x00000007a0000000, 0x00000007a0000000, 0x00000007a5560000)
  from space 21824K,  57% used [0x00000007a5560000, 0x00000007a6193ff0, 0x00000007a6ab0000)
  to   space 21824K,   0% used [0x00000007a6ab0000, 0x00000007a6ab0000, 0x00000007a8000000)
 concurrent mark-sweep generation total 393216K, used 154911K [0x00000007a8000000, 0x00000007c0000000, 0x00000007c0000000)
 Metaspace       used 43674K, capacity 44920K, committed 45100K, reserved 1089536K
  class space    used 5354K, capacity 5667K, committed 5676K, reserved 1048576K
}
2019-01-30T12:58:06.885+0600: 4884.456: Total time for which application threads were stopped: 0.0165078 seconds, Stopping threads took: 0.0000313 seconds
{Heap before GC invocations=19534 (full 20):
 par new generation   total 109248K, used 99919K [0x00000007a0000000, 0x00000007a8000000, 0x00000007a8000000)
  eden space 87424K, 100% used [0x00000007a0000000, 0x00000007a5560000, 0x00000007a5560000)
  from space 21824K,  57% used [0x00000007a5560000, 0x00000007a6193ff0, 0x00000007a6ab0000)
  to   space 21824K,   0% used [0x00000007a6ab0000, 0x00000007a6ab0000, 0x00000007a8000000)
 concurrent mark-sweep generation total 393216K, used 154911K [0x00000007a8000000, 0x00000007c0000000, 0x00000007c0000000)
 Metaspace       used 43674K, capacity 44920K, committed 45100K, reserved 1089536K
  class space    used 5354K, capacity 5667K, committed 5676K, reserved 1048576K
2019-01-30T12:58:07.128+0600: 4884.699: [GC (Allocation Failure) 2019-01-30T12:58:07.128+0600: 4884.699: [ParNew
Desired survivor size 20112992 bytes, new threshold 8 (max 8)
- age   1:    7694832 bytes,    7694832 total
- age   2:       1144 bytes,    7695976 total
- age   3:       1032 bytes,    7697008 total
- age   4:        944 bytes,    7697952 total
- age   5:       1128 bytes,    7699080 total
- age   6:       1144 bytes,    7700224 total
- age   7:       1152 bytes,    7701376 total
- age   8:       1024 bytes,    7702400 total
: 99919K->10201K(109248K), 0.0103365 secs] 254831K->165114K(502464K), 0.0104403 secs] [Times: user=0.03 sys=0.00, real=0.01 secs] 
Heap after GC invocations=19535 (full 20):
 par new generation   total 109248K, used 10201K [0x00000007a0000000, 0x00000007a8000000, 0x00000007a8000000)
  eden space 87424K,   0% used [0x00000007a0000000, 0x00000007a0000000, 0x00000007a5560000)
  from space 21824K,  46% used [0x00000007a6ab0000, 0x00000007a74a66e0, 0x00000007a8000000)
  to   space 21824K,   0% used [0x00000007a5560000, 0x00000007a5560000, 0x00000007a6ab0000)
 concurrent mark-sweep generation total 393216K, used 154912K [0x00000007a8000000, 0x00000007c0000000, 0x00000007c0000000)
 Metaspace       used 43674K, capacity 44920K, committed 45100K, reserved 1089536K
  class space    used 5354K, capacity 5667K, committed 5676K, reserved 1048576K
}
2019-01-30T12:58:07.138+0600: 4884.709: Total time for which application threads were stopped: 0.0106824 seconds, Stopping threads took: 0.0000222 seconds
{Heap before GC invocations=19535 (full 20):
 par new generation   total 109248K, used 97625K [0x00000007a0000000, 0x00000007a8000000, 0x00000007a8000000)
  eden space 87424K, 100% used [0x00000007a0000000, 0x00000007a5560000, 0x00000007a5560000)
  from space 21824K,  46% used [0x00000007a6ab0000, 0x00000007a74a66e0, 0x00000007a8000000)
  to   space 21824K,   0% used [0x00000007a5560000, 0x00000007a5560000, 0x00000007a6ab0000)
 concurrent mark-sweep generation total 393216K, used 154912K [0x00000007a8000000, 0x00000007c0000000, 0x00000007c0000000)
 Metaspace       used 43674K, capacity 44920K, committed 45100K, reserved 1089536K
  class space    used 5354K, capacity 5667K, committed 5676K, reserved 1048576K
2019-01-30T12:58:07.365+0600: 4884.936: [GC (Allocation Failure) 2019-01-30T12:58:07.365+0600: 4884.936: [ParNew
Desired survivor size 20112992 bytes, new threshold 8 (max 8)
- age   1:    5891104 bytes,    5891104 total
- age   2:       1088 bytes,    5892192 total
- age   3:       1144 bytes,    5893336 total
- age   4:       1032 bytes,    5894368 total
- age   5:        944 bytes,    5895312 total
- age   6:       1128 bytes,    5896440 total
- age   7:       1144 bytes,    5897584 total
- age   8:       1152 bytes,    5898736 total
: 97625K->8056K(109248K), 0.0089766 secs] 252538K->162970K(502464K), 0.0090705 secs] [Times: user=0.03 sys=0.00, real=0.01 secs] 
Heap after GC invocations=19536 (full 20):
 par new generation   total 109248K, used 8056K [0x00000007a0000000, 0x00000007a8000000, 0x00000007a8000000)
  eden space 87424K,   0% used [0x00000007a0000000, 0x00000007a0000000, 0x00000007a5560000)
  from space 21824K,  36% used [0x00000007a5560000, 0x00000007a5d3e2f0, 0x00000007a6ab0000)
  to   space 21824K,   0% used [0x00000007a6ab0000, 0x00000007a6ab0000, 0x00000007a8000000)
 concurrent mark-sweep generation total 393216K, used 154913K [0x00000007a8000000, 0x00000007c0000000, 0x00000007c0000000)
 Metaspace       used 43674K, capacity 44920K, committed 45100K, reserved 1089536K
  class space    used 5354K, capacity 5667K, committed 5676K, reserved 1048576K
}
2019-01-30T12:58:07.374+0600: 4884.945: Total time for which application threads were stopped: 0.0092945 seconds, Stopping threads took: 0.0000217 seconds
{Heap before GC invocations=19536 (full 20):
 par new generation   total 109248K, used 95480K [0x00000007a0000000, 0x00000007a8000000, 0x00000007a8000000)
  eden space 87424K, 100% used [0x00000007a0000000, 0x00000007a5560000, 0x00000007a5560000)
  from space 21824K,  36% used [0x00000007a5560000, 0x00000007a5d3e2f0, 0x00000007a6ab0000)
  to   space 21824K,   0% used [0x00000007a6ab0000, 0x00000007a6ab0000, 0x00000007a8000000)
 concurrent mark-sweep generation total 393216K, used 154913K [0x00000007a8000000, 0x00000007c0000000, 0x00000007c0000000)
 Metaspace       used 43674K, capacity 44920K, committed 45100K, reserved 1089536K
  class space    used 5354K, capacity 5667K, committed 5676K, reserved 1048576K
2019-01-30T12:58:07.594+0600: 4885.165: [GC (Allocation Failure) 2019-01-30T12:58:07.594+0600: 4885.165: [ParNew
Desired survivor size 20112992 bytes, new threshold 1 (max 8)
- age   1:   21112464 bytes,   21112464 total
- age   2:       1152 bytes,   21113616 total
- age   3:       1088 bytes,   21114704 total
- age   4:       1144 bytes,   21115848 total
- age   5:       1032 bytes,   21116880 total
- age   6:        944 bytes,   21117824 total
- age   7:       1128 bytes,   21118952 total
- age   8:       1144 bytes,   21120096 total
: 95480K->21610K(109248K), 0.0186656 secs] 250394K->176525K(502464K), 0.0187644 secs] [Times: user=0.07 sys=0.00, real=0.02 secs] 
Heap after GC invocations=19537 (full 20):
 par new generation   total 109248K, used 21610K [0x00000007a0000000, 0x00000007a8000000, 0x00000007a8000000)
  eden space 87424K,   0% used [0x00000007a0000000, 0x00000007a0000000, 0x00000007a5560000)
  from space 21824K,  99% used [0x00000007a6ab0000, 0x00000007a7fcaba0, 0x00000007a8000000)
  to   space 21824K,   0% used [0x00000007a5560000, 0x00000007a5560000, 0x00000007a6ab0000)
 concurrent mark-sweep generation total 393216K, used 154914K [0x00000007a8000000, 0x00000007c0000000, 0x00000007c0000000)
 Metaspace       used 43674K, capacity 44920K, committed 45100K, reserved 1089536K
  class space    used 5354K, capacity 5667K, committed 5676K, reserved 1048576K
}
2019-01-30T12:58:07.613+0600: 4885.184: Total time for which application threads were stopped: 0.0189881 seconds, Stopping threads took: 0.0000226 seconds
{Heap before GC invocations=19537 (full 20):
 par new generation   total 109248K, used 109034K [0x00000007a0000000, 0x00000007a8000000, 0x00000007a8000000)
  eden space 87424K, 100% used [0x00000007a0000000, 0x00000007a5560000, 0x00000007a5560000)
  from space 21824K,  99% used [0x00000007a6ab0000, 0x00000007a7fcaba0, 0x00000007a8000000)
  to   space 21824K,   0% used [0x00000007a5560000, 0x00000007a5560000, 0x00000007a6ab0000)
 concurrent mark-sweep generation total 393216K, used 154914K [0x00000007a8000000, 0x00000007c0000000, 0x00000007c0000000)
 Metaspace       used 43674K, capacity 44920K, committed 45100K, reserved 1089536K
  class space    used 5354K, capacity 5667K, committed 5676K, reserved 1048576K
2019-01-30T12:58:07.806+0600: 4885.377: [GC (Allocation Failure) 2019-01-30T12:58:07.806+0600: 4885.377: [ParNew
Desired survivor size 20112992 bytes, new threshold 8 (max 8)
- age   1:   16028520 bytes,   16028520 total
: 109034K->21824K(109248K), 0.0155518 secs] 263949K->176747K(502464K), 0.0156535 secs] [Times: user=0.06 sys=0.01, real=0.02 secs] 
Heap after GC invocations=19538 (full 20):
 par new generation   total 109248K, used 21824K [0x00000007a0000000, 0x00000007a8000000, 0x00000007a8000000)
  eden space 87424K,   0% used [0x00000007a0000000, 0x00000007a0000000, 0x00000007a5560000)
  from space 21824K, 100% used [0x00000007a5560000, 0x00000007a6ab0000, 0x00000007a6ab0000)
  to   space 21824K,   0% used [0x00000007a6ab0000, 0x00000007a6ab0000, 0x00000007a8000000)
 concurrent mark-sweep generation total 393216K, used 154923K [0x00000007a8000000, 0x00000007c0000000, 0x00000007c0000000)
 Metaspace       used 43674K, capacity 44920K, committed 45100K, reserved 1089536K
  class space    used 5354K, capacity 5667K, committed 5676K, reserved 1048576K
}
2019-01-30T12:58:07.822+0600: 4885.393: Total time for which application threads were stopped: 0.0159054 seconds, Stopping threads took: 0.0000249 seconds
{Heap before GC invocations=19538 (full 20):
 par new generation   total 109248K, used 109248K [0x00000007a0000000, 0x00000007a8000000, 0x00000007a8000000)
  eden space 87424K, 100% used [0x00000007a0000000, 0x00000007a5560000, 0x00000007a5560000)
  from space 21824K, 100% used [0x00000007a5560000, 0x00000007a6ab0000, 0x00000007a6ab0000)
  to   space 21824K,   0% used [0x00000007a6ab0000, 0x00000007a6ab0000, 0x00000007a8000000)
 concurrent mark-sweep generation total 393216K, used 154923K [0x00000007a8000000, 0x00000007c0000000, 0x00000007c0000000)
 Metaspace       used 43674K, capacity 44920K, committed 45100K, reserved 1089536K
  class space    used 5354K, capacity 5667K, committed 5676K, reserved 1048576K
2019-01-30T12:58:08.034+0600: 4885.606: [GC (Allocation Failure) 2019-01-30T12:58:08.035+0600: 4885.606: [ParNew
Desired survivor size 20112992 bytes, new threshold 8 (max 8)
- age   1:   12769296 bytes,   12769296 total
- age   2:        992 bytes,   12770288 total
: 109248K->18375K(109248K), 0.1000628 secs] 264171K->173299K(502464K), 0.1001986 secs] [Times: user=0.05 sys=0.00, real=0.10 secs] 
Heap after GC invocations=19539 (full 20):
 par new generation   total 109248K, used 18375K [0x00000007a0000000, 0x00000007a8000000, 0x00000007a8000000)
  eden space 87424K,   0% used [0x00000007a0000000, 0x00000007a0000000, 0x00000007a5560000)
  from space 21824K,  84% used [0x00000007a6ab0000, 0x00000007a7ca1fc0, 0x00000007a8000000)
  to   space 21824K,   0% used [0x00000007a5560000, 0x00000007a5560000, 0x00000007a6ab0000)
 concurrent mark-sweep generation total 393216K, used 154923K [0x00000007a8000000, 0x00000007c0000000, 0x00000007c0000000)
 Metaspace       used 43674K, capacity 44920K, committed 45100K, reserved 1089536K
  class space    used 5354K, capacity 5667K, committed 5676K, reserved 1048576K
}
2019-01-30T12:58:08.135+0600: 4885.706: Total time for which application threads were stopped: 0.1005355 seconds, Stopping threads took: 0.0000285 seconds
{Heap before GC invocations=19539 (full 20):
 par new generation   total 109248K, used 105799K [0x00000007a0000000, 0x00000007a8000000, 0x00000007a8000000)
  eden space 87424K, 100% used [0x00000007a0000000, 0x00000007a5560000, 0x00000007a5560000)
  from space 21824K,  84% used [0x00000007a6ab0000, 0x00000007a7ca1fc0, 0x00000007a8000000)
  to   space 21824K,   0% used [0x00000007a5560000, 0x00000007a5560000, 0x00000007a6ab0000)
 concurrent mark-sweep generation total 393216K, used 154923K [0x00000007a8000000, 0x00000007c0000000, 0x00000007c0000000)
 Metaspace       used 43674K, capacity 44920K, committed 45100K, reserved 1089536K
  class space    used 5354K, capacity 5667K, committed 5676K, reserved 1048576K
2019-01-30T12:58:08.348+0600: 4885.919: [GC (Allocation Failure) 2019-01-30T12:58:08.348+0600: 4885.919: [ParNew
Desired survivor size 20112992 bytes, new threshold 8 (max 8)
- age   1:    9513480 bytes,    9513480 total
- age   2:       1016 bytes,    9514496 total
- age   3:        992 bytes,    9515488 total
: 105799K->13947K(109248K), 0.0109510 secs] 260723K->168870K(502464K), 0.0110587 secs] [Times: user=0.04 sys=0.00, real=0.01 secs] 
Heap after GC invocations=19540 (full 20):
 par new generation   total 109248K, used 13947K [0x00000007a0000000, 0x00000007a8000000, 0x00000007a8000000)
  eden space 87424K,   0% used [0x00000007a0000000, 0x00000007a0000000, 0x00000007a5560000)
  from space 21824K,  63% used [0x00000007a5560000, 0x00000007a62fecc0, 0x00000007a6ab0000)
  to   space 21824K,   0% used [0x00000007a6ab0000, 0x00000007a6ab0000, 0x00000007a8000000)
 concurrent mark-sweep generation total 393216K, used 154923K [0x00000007a8000000, 0x00000007c0000000, 0x00000007c0000000)
 Metaspace       used 43674K, capacity 44920K, committed 45100K, reserved 1089536K
  class space    used 5354K, capacity 5667K, committed 5676K, reserved 1048576K
}
2019-01-30T12:58:08.359+0600: 4885.930: Total time for which application threads were stopped: 0.0113046 seconds, Stopping threads took: 0.0000297 seconds
{Heap before GC invocations=19540 (full 20):
 par new generation   total 109248K, used 101371K [0x00000007a0000000, 0x00000007a8000000, 0x00000007a8000000)
  eden space 87424K, 100% used [0x00000007a0000000, 0x00000007a5560000, 0x00000007a5560000)
  from space 21824K,  63% used [0x00000007a5560000, 0x00000007a62fecc0, 0x00000007a6ab0000)
  to   space 21824K,   0% used [0x00000007a6ab0000, 0x00000007a6ab0000, 0x00000007a8000000)
 concurrent mark-sweep generation total 393216K, used 154923K [0x00000007a8000000, 0x00000007c0000000, 0x00000007c0000000)
 Metaspace       used 43674K, capacity 44920K, committed 45100K, reserved 1089536K
  class space    used 5354K, capacity 5667K, committed 5676K, reserved 1048576K
2019-01-30T12:58:08.561+0600: 4886.133: [GC (Allocation Failure) 2019-01-30T12:58:08.561+0600: 4886.133: [ParNew
Desired survivor size 20112992 bytes, new threshold 8 (max 8)
- age   1:    5868648 bytes,    5868648 total
- age   2:       1128 bytes,    5869776 total
- age   3:       1016 bytes,    5870792 total
- age   4:        992 bytes,    5871784 total
: 101371K->9157K(109248K), 0.0082119 secs] 256294K->164080K(502464K), 0.0083115 secs] [Times: user=0.03 sys=0.00, real=0.01 secs] 
Heap after GC invocations=19541 (full 20):
 par new generation   total 109248K, used 9157K [0x00000007a0000000, 0x00000007a8000000, 0x00000007a8000000)
  eden space 87424K,   0% used [0x00000007a0000000, 0x00000007a0000000, 0x00000007a5560000)
  from space 21824K,  41% used [0x00000007a6ab0000, 0x00000007a73a1410, 0x00000007a8000000)
  to   space 21824K,   0% used [0x00000007a5560000, 0x00000007a5560000, 0x00000007a6ab0000)
 concurrent mark-sweep generation total 393216K, used 154923K [0x00000007a8000000, 0x00000007c0000000, 0x00000007c0000000)
 Metaspace       used 43674K, capacity 44920K, committed 45100K, reserved 1089536K
  class space    used 5354K, capacity 5667K, committed 5676K, reserved 1048576K
}
2019-01-30T12:58:08.570+0600: 4886.141: Total time for which application threads were stopped: 0.0085464 seconds, Stopping threads took: 0.0000221 seconds
{Heap before GC invocations=19541 (full 20):
 par new generation   total 109248K, used 96581K [0x00000007a0000000, 0x00000007a8000000, 0x00000007a8000000)
  eden space 87424K, 100% used [0x00000007a0000000, 0x00000007a5560000, 0x00000007a5560000)
  from space 21824K,  41% used [0x00000007a6ab0000, 0x00000007a73a1410, 0x00000007a8000000)
  to   space 21824K,   0% used [0x00000007a5560000, 0x00000007a5560000, 0x00000007a6ab0000)
 concurrent mark-sweep generation total 393216K, used 154923K [0x00000007a8000000, 0x00000007c0000000, 0x00000007c0000000)
 Metaspace       used 43674K, capacity 44920K, committed 45100K, reserved 1089536K
  class space    used 5354K, capacity 5667K, committed 5676K, reserved 1048576K
2019-01-30T12:58:08.768+0600: 4886.339: [GC (Allocation Failure) 2019-01-30T12:58:08.768+0600: 4886.339: [ParNew
Desired survivor size 20112992 bytes, new threshold 8 (max 8)
- age   1:    5868448 bytes,    5868448 total
- age   2:       1264 bytes,    5869712 total
- age   3:       1128 bytes,    5870840 total
- age   4:       1016 bytes,    5871856 total
- age   5:        992 bytes,    5872848 total
: 96581K->7057K(109248K), 0.0086950 secs] 251504K->161981K(502464K), 0.0087871 secs] [Times: user=0.03 sys=0.00, real=0.01 secs] 
Heap after GC invocations=19542 (full 20):
 par new generation   total 109248K, used 7057K [0x00000007a0000000, 0x00000007a8000000, 0x00000007a8000000)
  eden space 87424K,   0% used [0x00000007a0000000, 0x00000007a0000000, 0x00000007a5560000)
  from space 21824K,  32% used [0x00000007a5560000, 0x00000007a5c447c8, 0x00000007a6ab0000)
  to   space 21824K,   0% used [0x00000007a6ab0000, 0x00000007a6ab0000, 0x00000007a8000000)
 concurrent mark-sweep generation total 393216K, used 154923K [0x00000007a8000000, 0x00000007c0000000, 0x00000007c0000000)
 Metaspace       used 43674K, capacity 44920K, committed 45100K, reserved 1089536K
  class space    used 5354K, capacity 5667K, committed 5676K, reserved 1048576K
}
2019-01-30T12:58:08.777+0600: 4886.348: Total time for which application threads were stopped: 0.0090241 seconds, Stopping threads took: 0.0000208 seconds
{Heap before GC invocations=19542 (full 20):
 par new generation   total 109248K, used 94481K [0x00000007a0000000, 0x00000007a8000000, 0x00000007a8000000)
  eden space 87424K, 100% used [0x00000007a0000000, 0x00000007a5560000, 0x00000007a5560000)
  from space 21824K,  32% used [0x00000007a5560000, 0x00000007a5c447c8, 0x00000007a6ab0000)
  to   space 21824K,   0% used [0x00000007a6ab0000, 0x00000007a6ab0000, 0x00000007a8000000)
 concurrent mark-sweep generation total 393216K, used 154923K [0x00000007a8000000, 0x00000007c0000000, 0x00000007c0000000)
 Metaspace       used 43674K, capacity 44920K, committed 45100K, reserved 1089536K
  class space    used 5354K, capacity 5667K, committed 5676K, reserved 1048576K
2019-01-30T12:58:08.978+0600: 4886.549: [GC (Allocation Failure) 2019-01-30T12:58:08.978+0600: 4886.549: [ParNew
Desired survivor size 20112992 bytes, new threshold 8 (max 8)
- age   1:   18982360 bytes,   18982360 total
- age   2:       1080 bytes,   18983440 total
- age   3:       1264 bytes,   18984704 total
- age   4:       1128 bytes,   18985832 total
- age   5:       1016 bytes,   18986848 total
- age   6:        992 bytes,   18987840 total
: 94481K->20423K(109248K), 0.0175458 secs] 249405K->175347K(502464K), 0.0176541 secs] [Times: user=0.06 sys=0.00, real=0.02 secs] 
Heap after GC invocations=19543 (full 20):
 par new generation   total 109248K, used 20423K [0x00000007a0000000, 0x00000007a8000000, 0x00000007a8000000)
  eden space 87424K,   0% used [0x00000007a0000000, 0x00000007a0000000, 0x00000007a5560000)
  from space 21824K,  93% used [0x00000007a6ab0000, 0x00000007a7ea1fc0, 0x00000007a8000000)
  to   space 21824K,   0% used [0x00000007a5560000, 0x00000007a5560000, 0x00000007a6ab0000)
 concurrent mark-sweep generation total 393216K, used 154923K [0x00000007a8000000, 0x00000007c0000000, 0x00000007c0000000)
 Metaspace       used 43674K, capacity 44920K, committed 45100K, reserved 1089536K
  class space    used 5354K, capacity 5667K, committed 5676K, reserved 1048576K
}
2019-01-30T12:58:08.996+0600: 4886.567: Total time for which application threads were stopped: 0.0179049 seconds, Stopping threads took: 0.0000295 seconds
{Heap before GC invocations=19543 (full 20):
 par new generation   total 109248K, used 107847K [0x00000007a0000000, 0x00000007a8000000, 0x00000007a8000000)
  eden space 87424K, 100% used [0x00000007a0000000, 0x00000007a5560000, 0x00000007a5560000)
  from space 21824K,  93% used [0x00000007a6ab0000, 0x00000007a7ea1fc0, 0x00000007a8000000)
  to   space 21824K,   0% used [0x00000007a5560000, 0x00000007a5560000, 0x00000007a6ab0000)
 concurrent mark-sweep generation total 393216K, used 154923K [0x00000007a8000000, 0x00000007c0000000, 0x00000007c0000000)
 Metaspace       used 43674K, capacity 44920K, committed 45100K, reserved 1089536K
  class space    used 5354K, capacity 5667K, committed 5676K, reserved 1048576K
2019-01-30T12:58:09.201+0600: 4886.772: [GC (Allocation Failure) 2019-01-30T12:58:09.201+0600: 4886.772: [ParNew
Desired survivor size 20112992 bytes, new threshold 8 (max 8)
- age   1:   14614184 bytes,   14614184 total
- age   2:        952 bytes,   14615136 total
- age   3:       1080 bytes,   14616216 total
- age   4:       1264 bytes,   14617480 total
- age   5:       1128 bytes,   14618608 total
- age   6:       1016 bytes,   14619624 total
- age   7:        992 bytes,   14620616 total
: 107847K->20747K(109248K), 0.0149106 secs] 262771K->175670K(502464K), 0.0150059 secs] [Times: user=0.06 sys=0.00, real=0.01 secs] 
Heap after GC invocations=19544 (full 20):
 par new generation   total 109248K, used 20747K [0x00000007a0000000, 0x00000007a8000000, 0x00000007a8000000)
  eden space 87424K,   0% used [0x00000007a0000000, 0x00000007a0000000, 0x00000007a5560000)
  from space 21824K,  95% used [0x00000007a5560000, 0x00000007a69a2d28, 0x00000007a6ab0000)
  to   space 21824K,   0% used [0x00000007a6ab0000, 0x00000007a6ab0000, 0x00000007a8000000)
 concurrent mark-sweep generation total 393216K, used 154923K [0x00000007a8000000, 0x00000007c0000000, 0x00000007c0000000)
 Metaspace       used 43674K, capacity 44920K, committed 45100K, reserved 1089536K
  class space    used 5354K, capacity 5667K, committed 5676K, reserved 1048576K
}
2019-01-30T12:58:09.216+0600: 4886.787: Total time for which application threads were stopped: 0.0152340 seconds, Stopping threads took: 0.0000240 seconds
{Heap before GC invocations=19544 (full 20):
 par new generation   total 109248K, used 108171K [0x00000007a0000000, 0x00000007a8000000, 0x00000007a8000000)
  eden space 87424K, 100% used [0x00000007a0000000, 0x00000007a5560000, 0x00000007a5560000)
  from space 21824K,  95% used [0x00000007a5560000, 0x00000007a69a2d28, 0x00000007a6ab0000)
  to   space 21824K,   0% used [0x00000007a6ab0000, 0x00000007a6ab0000, 0x00000007a8000000)
 concurrent mark-sweep generation total 393216K, used 154923K [0x00000007a8000000, 0x00000007c0000000, 0x00000007c0000000)
 Metaspace       used 43674K, capacity 44920K, committed 45100K, reserved 1089536K
  class space    used 5354K, capacity 5667K, committed 5676K, reserved 1048576K
2019-01-30T12:58:09.417+0600: 4886.988: [GC (Allocation Failure) 2019-01-30T12:58:09.417+0600: 4886.988: [ParNew
Desired survivor size 20112992 bytes, new threshold 8 (max 8)
- age   1:   11058976 bytes,   11058976 total
- age   2:       1032 bytes,   11060008 total
- age   3:        952 bytes,   11060960 total
- age   4:       1080 bytes,   11062040 total
- age   5:       1264 bytes,   11063304 total
- age   6:       1128 bytes,   11064432 total
- age   7:       1016 bytes,   11065448 total
- age   8:        992 bytes,   11066440 total
: 108171K->16636K(109248K), 0.0118402 secs] 263094K->171559K(502464K), 0.0119418 secs] [Times: user=0.04 sys=0.00, real=0.01 secs] 
Heap after GC invocations=19545 (full 20):
 par new generation   total 109248K, used 16636K [0x00000007a0000000, 0x00000007a8000000, 0x00000007a8000000)
  eden space 87424K,   0% used [0x00000007a0000000, 0x00000007a0000000, 0x00000007a5560000)
  from space 21824K,  76% used [0x00000007a6ab0000, 0x00000007a7aef100, 0x00000007a8000000)
  to   space 21824K,   0% used [0x00000007a5560000, 0x00000007a5560000, 0x00000007a6ab0000)
 concurrent mark-sweep generation total 393216K, used 154923K [0x00000007a8000000, 0x00000007c0000000, 0x00000007c0000000)
 Metaspace       used 43674K, capacity 44920K, committed 45100K, reserved 1089536K
  class space    used 5354K, capacity 5667K, committed 5676K, reserved 1048576K
}
2019-01-30T12:58:09.429+0600: 4887.000: Total time for which application threads were stopped: 0.0121723 seconds, Stopping threads took: 0.0000230 seconds
{Heap before GC invocations=19545 (full 20):
 par new generation   total 109248K, used 104060K [0x00000007a0000000, 0x00000007a8000000, 0x00000007a8000000)
  eden space 87424K, 100% used [0x00000007a0000000, 0x00000007a5560000, 0x00000007a5560000)
  from space 21824K,  76% used [0x00000007a6ab0000, 0x00000007a7aef100, 0x00000007a8000000)
  to   space 21824K,   0% used [0x00000007a5560000, 0x00000007a5560000, 0x00000007a6ab0000)
 concurrent mark-sweep generation total 393216K, used 154923K [0x00000007a8000000, 0x00000007c0000000, 0x00000007c0000000)
 Metaspace       used 43674K, capacity 44920K, committed 45100K, reserved 1089536K
  class space    used 5354K, capacity 5667K, committed 5676K, reserved 1048576K
2019-01-30T12:58:09.623+0600: 4887.194: [GC (Allocation Failure) 2019-01-30T12:58:09.623+0600: 4887.194: [ParNew
Desired survivor size 20112992 bytes, new threshold 8 (max 8)
- age   1:    7695048 bytes,    7695048 total
- age   2:       1136 bytes,    7696184 total
- age   3:       1032 bytes,    7697216 total
- age   4:        952 bytes,    7698168 total
- age   5:       1080 bytes,    7699248 total
- age   6:       1264 bytes,    7700512 total
- age   7:       1128 bytes,    7701640 total
- age   8:       1016 bytes,    7702656 total
: 104060K->10757K(109248K), 0.0099347 secs] 258983K->165682K(502464K), 0.0100378 secs] [Times: user=0.03 sys=0.00, real=0.01 secs] 
Heap after GC invocations=19546 (full 20):
 par new generation   total 109248K, used 10757K [0x00000007a0000000, 0x00000007a8000000, 0x00000007a8000000)
  eden space 87424K,   0% used [0x00000007a0000000, 0x00000007a0000000, 0x00000007a5560000)
  from space 21824K,  49% used [0x00000007a5560000, 0x00000007a5fe17d0, 0x00000007a6ab0000)
  to   space 21824K,   0% used [0x00000007a6ab0000, 0x00000007a6ab0000, 0x00000007a8000000)
 concurrent mark-sweep generation total 393216K, used 154924K [0x00000007a8000000, 0x00000007c0000000, 0x00000007c0000000)
 Metaspace       used 43674K, capacity 44920K, committed 45100K, reserved 1089536K
  class space    used 5354K, capacity 5667K, committed 5676K, reserved 1048576K
}
2019-01-30T12:58:09.633+0600: 4887.204: Total time for which application threads were stopped: 0.0102785 seconds, Stopping threads took: 0.0000328 seconds
{Heap before GC invocations=19546 (full 20):
 par new generation   total 109248K, used 98181K [0x00000007a0000000, 0x00000007a8000000, 0x00000007a8000000)
  eden space 87424K, 100% used [0x00000007a0000000, 0x00000007a5560000, 0x00000007a5560000)
  from space 21824K,  49% used [0x00000007a5560000, 0x00000007a5fe17d0, 0x00000007a6ab0000)
  to   space 21824K,   0% used [0x00000007a6ab0000, 0x00000007a6ab0000, 0x00000007a8000000)
 concurrent mark-sweep generation total 393216K, used 154924K [0x00000007a8000000, 0x00000007c0000000, 0x00000007c0000000)
 Metaspace       used 43674K, capacity 44920K, committed 45100K, reserved 1089536K
  class space    used 5354K, capacity 5667K, committed 5676K, reserved 1048576K
2019-01-30T12:58:09.836+0600: 4887.407: [GC (Allocation Failure) 2019-01-30T12:58:09.836+0600: 4887.407: [ParNew
Desired survivor size 20112992 bytes, new threshold 8 (max 8)
- age   1:    5891280 bytes,    5891280 total
- age   2:       1136 bytes,    5892416 total
- age   3:       1136 bytes,    5893552 total
- age   4:       1032 bytes,    5894584 total
- age   5:        952 bytes,    5895536 total
- age   6:       1080 bytes,    5896616 total
- age   7:       1264 bytes,    5897880 total
- age   8:       1128 bytes,    5899008 total
: 98181K->9056K(109248K), 0.0086578 secs] 253106K->163981K(502464K), 0.0087630 secs] [Times: user=0.03 sys=0.00, real=0.01 secs] 
Heap after GC invocations=19547 (full 20):
 par new generation   total 109248K, used 9056K [0x00000007a0000000, 0x00000007a8000000, 0x00000007a8000000)
  eden space 87424K,   0% used [0x00000007a0000000, 0x00000007a0000000, 0x00000007a5560000)
  from space 21824K,  41% used [0x00000007a6ab0000, 0x00000007a7388110, 0x00000007a8000000)
  to   space 21824K,   0% used [0x00000007a5560000, 0x00000007a5560000, 0x00000007a6ab0000)
 concurrent mark-sweep generation total 393216K, used 154925K [0x00000007a8000000, 0x00000007c0000000, 0x00000007c0000000)
 Metaspace       used 43674K, capacity 44920K, committed 45100K, reserved 1089536K
  class space    used 5354K, capacity 5667K, committed 5676K, reserved 1048576K
}
2019-01-30T12:58:09.845+0600: 4887.416: Total time for which application threads were stopped: 0.0090445 seconds, Stopping threads took: 0.0000255 seconds
{Heap before GC invocations=19547 (full 20):
 par new generation   total 109248K, used 96480K [0x00000007a0000000, 0x00000007a8000000, 0x00000007a8000000)
  eden space 87424K, 100% used [0x00000007a0000000, 0x00000007a5560000, 0x00000007a5560000)
  from space 21824K,  41% used [0x00000007a6ab0000, 0x00000007a7388110, 0x00000007a8000000)
  to   space 21824K,   0% used [0x00000007a5560000, 0x00000007a5560000, 0x00000007a6ab0000)
 concurrent mark-sweep generation total 393216K, used 154925K [0x00000007a8000000, 0x00000007c0000000, 0x00000007c0000000)
 Metaspace       used 43674K, capacity 44920K, committed 45100K, reserved 1089536K
  class space    used 5354K, capacity 5667K, committed 5676K, reserved 1048576K
2019-01-30T12:58:10.054+0600: 4887.625: [GC (Allocation Failure) 2019-01-30T12:58:10.054+0600: 4887.625: [ParNew
Desired survivor size 20112992 bytes, new threshold 1 (max 8)
- age   1:   21112696 bytes,   21112696 total
- age   2:       1088 bytes,   21113784 total
- age   3:       1136 bytes,   21114920 total
- age   4:       1136 bytes,   21116056 total
- age   5:       1032 bytes,   21117088 total
- age   6:        952 bytes,   21118040 total
- age   7:       1080 bytes,   21119120 total
- age   8:       1264 bytes,   21120384 total
: 96480K->21601K(109248K), 0.0247247 secs] 251405K->176528K(502464K), 0.0248238 secs] [Times: user=0.07 sys=0.00, real=0.02 secs] 
Heap after GC invocations=19548 (full 20):
 par new generation   total 109248K, used 21601K [0x00000007a0000000, 0x00000007a8000000, 0x00000007a8000000)
  eden space 87424K,   0% used [0x00000007a0000000, 0x00000007a0000000, 0x00000007a5560000)
  from space 21824K,  98% used [0x00000007a5560000, 0x00000007a6a78640, 0x00000007a6ab0000)
  to   space 21824K,   0% used [0x00000007a6ab0000, 0x00000007a6ab0000, 0x00000007a8000000)
 concurrent mark-sweep generation total 393216K, used 154926K [0x00000007a8000000, 0x00000007c0000000, 0x00000007c0000000)
 Metaspace       used 43674K, capacity 44920K, committed 45100K, reserved 1089536K
  class space    used 5354K, capacity 5667K, committed 5676K, reserved 1048576K
}
2019-01-30T12:58:10.078+0600: 4887.649: Total time for which application threads were stopped: 0.0250521 seconds, Stopping threads took: 0.0000233 seconds
{Heap before GC invocations=19548 (full 20):
 par new generation   total 109248K, used 109025K [0x00000007a0000000, 0x00000007a8000000, 0x00000007a8000000)
  eden space 87424K, 100% used [0x00000007a0000000, 0x00000007a5560000, 0x00000007a5560000)
  from space 21824K,  98% used [0x00000007a5560000, 0x00000007a6a78640, 0x00000007a6ab0000)
  to   space 21824K,   0% used [0x00000007a6ab0000, 0x00000007a6ab0000, 0x00000007a8000000)
 concurrent mark-sweep generation total 393216K, used 154926K [0x00000007a8000000, 0x00000007c0000000, 0x00000007c0000000)
 Metaspace       used 43674K, capacity 44920K, committed 45100K, reserved 1089536K
  class space    used 5354K, capacity 5667K, committed 5676K, reserved 1048576K
2019-01-30T12:58:10.279+0600: 4887.850: [GC (Allocation Failure) 2019-01-30T12:58:10.279+0600: 4887.850: [ParNew
Desired survivor size 20112992 bytes, new threshold 8 (max 8)
- age   1:   16028696 bytes,   16028696 total
: 109025K->21824K(109248K), 0.0187127 secs] 263952K->176759K(502464K), 0.0188714 secs] [Times: user=0.06 sys=0.00, real=0.02 secs] 
Heap after GC invocations=19549 (full 20):
 par new generation   total 109248K, used 21824K [0x00000007a0000000, 0x00000007a8000000, 0x00000007a8000000)
  eden space 87424K,   0% used [0x00000007a0000000, 0x00000007a0000000, 0x00000007a5560000)
  from space 21824K, 100% used [0x00000007a6ab0000, 0x00000007a8000000, 0x00000007a8000000)
  to   space 21824K,   0% used [0x00000007a5560000, 0x00000007a5560000, 0x00000007a6ab0000)
 concurrent mark-sweep generation total 393216K, used 154935K [0x00000007a8000000, 0x00000007c0000000, 0x00000007c0000000)
 Metaspace       used 43674K, capacity 44920K, committed 45100K, reserved 1089536K
  class space    used 5354K, capacity 5667K, committed 5676K, reserved 1048576K
}
2019-01-30T12:58:10.298+0600: 4887.869: Total time for which application threads were stopped: 0.0191977 seconds, Stopping threads took: 0.0000398 seconds
{Heap before GC invocations=19549 (full 20):
 par new generation   total 109248K, used 109248K [0x00000007a0000000, 0x00000007a8000000, 0x00000007a8000000)
  eden space 87424K, 100% used [0x00000007a0000000, 0x00000007a5560000, 0x00000007a5560000)
  from space 21824K, 100% used [0x00000007a6ab0000, 0x00000007a8000000, 0x00000007a8000000)
  to   space 21824K,   0% used [0x00000007a5560000, 0x00000007a5560000, 0x00000007a6ab0000)
 concurrent mark-sweep generation total 393216K, used 154935K [0x00000007a8000000, 0x00000007c0000000, 0x00000007c0000000)
 Metaspace       used 43674K, capacity 44920K, committed 45100K, reserved 1089536K
  class space    used 5354K, capacity 5667K, committed 5676K, reserved 1048576K
2019-01-30T12:58:10.540+0600: 4888.111: [GC (Allocation Failure) 2019-01-30T12:58:10.540+0600: 4888.111: [ParNew
Desired survivor size 20112992 bytes, new threshold 8 (max 8)
- age   1:   12739296 bytes,   12739296 total
- age   2:       1000 bytes,   12740296 total
: 109248K->13658K(109248K), 0.0155967 secs] 264183K->168594K(502464K), 0.0157027 secs] [Times: user=0.05 sys=0.01, real=0.01 secs] 
Heap after GC invocations=19550 (full 20):
 par new generation   total 109248K, used 13658K [0x00000007a0000000, 0x00000007a8000000, 0x00000007a8000000)
  eden space 87424K,   0% used [0x00000007a0000000, 0x00000007a0000000, 0x00000007a5560000)
  from space 21824K,  62% used [0x00000007a5560000, 0x00000007a62b6b70, 0x00000007a6ab0000)
  to   space 21824K,   0% used [0x00000007a6ab0000, 0x00000007a6ab0000, 0x00000007a8000000)
 concurrent mark-sweep generation total 393216K, used 154935K [0x00000007a8000000, 0x00000007c0000000, 0x00000007c0000000)
 Metaspace       used 43674K, capacity 44920K, committed 45100K, reserved 1089536K
  class space    used 5354K, capacity 5667K, committed 5676K, reserved 1048576K
}
2019-01-30T12:58:10.556+0600: 4888.127: Total time for which application threads were stopped: 0.0159819 seconds, Stopping threads took: 0.0000285 seconds
{Heap before GC invocations=19550 (full 20):
 par new generation   total 109248K, used 101082K [0x00000007a0000000, 0x00000007a8000000, 0x00000007a8000000)
  eden space 87424K, 100% used [0x00000007a0000000, 0x00000007a5560000, 0x00000007a5560000)
  from space 21824K,  62% used [0x00000007a5560000, 0x00000007a62b6b70, 0x00000007a6ab0000)
  to   space 21824K,   0% used [0x00000007a6ab0000, 0x00000007a6ab0000, 0x00000007a8000000)
 concurrent mark-sweep generation total 393216K, used 154935K [0x00000007a8000000, 0x00000007c0000000, 0x00000007c0000000)
 Metaspace       used 43674K, capacity 44920K, committed 45100K, reserved 1089536K
  class space    used 5354K, capacity 5667K, committed 5676K, reserved 1048576K
2019-01-30T12:58:10.761+0600: 4888.332: [GC (Allocation Failure) 2019-01-30T12:58:10.761+0600: 4888.332: [ParNew
Desired survivor size 20112992 bytes, new threshold 8 (max 8)
- age   1:    9449336 bytes,    9449336 total
- age   2:       1056 bytes,    9450392 total
- age   3:       1000 bytes,    9451392 total
: 101082K->17411K(109248K), 0.0134724 secs] 256018K->172347K(502464K), 0.0135622 secs] [Times: user=0.04 sys=0.00, real=0.01 secs] 
Heap after GC invocations=19551 (full 20):
 par new generation   total 109248K, used 17411K [0x00000007a0000000, 0x00000007a8000000, 0x00000007a8000000)
  eden space 87424K,   0% used [0x00000007a0000000, 0x00000007a0000000, 0x00000007a5560000)
  from space 21824K,  79% used [0x00000007a6ab0000, 0x00000007a7bb0eb0, 0x00000007a8000000)
  to   space 21824K,   0% used [0x00000007a5560000, 0x00000007a5560000, 0x00000007a6ab0000)
 concurrent mark-sweep generation total 393216K, used 154935K [0x00000007a8000000, 0x00000007c0000000, 0x00000007c0000000)
 Metaspace       used 43674K, capacity 44920K, committed 45100K, reserved 1089536K
  class space    used 5354K, capacity 5667K, committed 5676K, reserved 1048576K
}
2019-01-30T12:58:10.775+0600: 4888.346: Total time for which application threads were stopped: 0.0138659 seconds, Stopping threads took: 0.0000437 seconds
{Heap before GC invocations=19551 (full 20):
 par new generation   total 109248K, used 104835K [0x00000007a0000000, 0x00000007a8000000, 0x00000007a8000000)
  eden space 87424K, 100% used [0x00000007a0000000, 0x00000007a5560000, 0x00000007a5560000)
  from space 21824K,  79% used [0x00000007a6ab0000, 0x00000007a7bb0eb0, 0x00000007a8000000)
  to   space 21824K,   0% used [0x00000007a5560000, 0x00000007a5560000, 0x00000007a6ab0000)
 concurrent mark-sweep generation total 393216K, used 154935K [0x00000007a8000000, 0x00000007c0000000, 0x00000007c0000000)
 Metaspace       used 43674K, capacity 44920K, committed 45100K, reserved 1089536K
  class space    used 5354K, capacity 5667K, committed 5676K, reserved 1048576K
2019-01-30T12:58:10.976+0600: 4888.547: [GC (Allocation Failure) 2019-01-30T12:58:10.976+0600: 4888.547: [ParNew
Desired survivor size 20112992 bytes, new threshold 8 (max 8)
- age   1:    5901480 bytes,    5901480 total
- age   2:       1104 bytes,    5902584 total
- age   3:       1056 bytes,    5903640 total
- age   4:       1000 bytes,    5904640 total
: 104835K->6948K(109248K), 0.0084647 secs] 259771K->161884K(502464K), 0.0085652 secs] [Times: user=0.03 sys=0.00, real=0.01 secs] 
Heap after GC invocations=19552 (full 20):
 par new generation   total 109248K, used 6948K [0x00000007a0000000, 0x00000007a8000000, 0x00000007a8000000)
  eden space 87424K,   0% used [0x00000007a0000000, 0x00000007a0000000, 0x00000007a5560000)
  from space 21824K,  31% used [0x00000007a5560000, 0x00000007a5c29330, 0x00000007a6ab0000)
  to   space 21824K,   0% used [0x00000007a6ab0000, 0x00000007a6ab0000, 0x00000007a8000000)
 concurrent mark-sweep generation total 393216K, used 154935K [0x00000007a8000000, 0x00000007c0000000, 0x00000007c0000000)
 Metaspace       used 43674K, capacity 44920K, committed 45100K, reserved 1089536K
  class space    used 5354K, capacity 5667K, committed 5676K, reserved 1048576K
}
2019-01-30T12:58:10.984+0600: 4888.556: Total time for which application threads were stopped: 0.0088136 seconds, Stopping threads took: 0.0000256 seconds
{Heap before GC invocations=19552 (full 20):
 par new generation   total 109248K, used 94372K [0x00000007a0000000, 0x00000007a8000000, 0x00000007a8000000)
  eden space 87424K, 100% used [0x00000007a0000000, 0x00000007a5560000, 0x00000007a5560000)
  from space 21824K,  31% used [0x00000007a5560000, 0x00000007a5c29330, 0x00000007a6ab0000)
  to   space 21824K,   0% used [0x00000007a6ab0000, 0x00000007a6ab0000, 0x00000007a8000000)
 concurrent mark-sweep generation total 393216K, used 154935K [0x00000007a8000000, 0x00000007c0000000, 0x00000007c0000000)
 Metaspace       used 43674K, capacity 44920K, committed 45100K, reserved 1089536K
  class space    used 5354K, capacity 5667K, committed 5676K, reserved 1048576K
2019-01-30T12:58:11.183+0600: 4888.754: [GC (Allocation Failure) 2019-01-30T12:58:11.183+0600: 4888.754: [ParNew
Desired survivor size 20112992 bytes, new threshold 8 (max 8)
- age   1:    5860544 bytes,    5860544 total
- age   2:       1168 bytes,    5861712 total
- age   3:       1104 bytes,    5862816 total
- age   4:       1056 bytes,    5863872 total
- age   5:       1000 bytes,    5864872 total
: 94372K->6853K(109248K), 0.0083964 secs] 249308K->161789K(502464K), 0.0084900 secs] [Times: user=0.03 sys=0.00, real=0.01 secs] 
Heap after GC invocations=19553 (full 20):
 par new generation   total 109248K, used 6853K [0x00000007a0000000, 0x00000007a8000000, 0x00000007a8000000)
  eden space 87424K,   0% used [0x00000007a0000000, 0x00000007a0000000, 0x00000007a5560000)
  from space 21824K,  31% used [0x00000007a6ab0000, 0x00000007a7161638, 0x00000007a8000000)
  to   space 21824K,   0% used [0x00000007a5560000, 0x00000007a5560000, 0x00000007a6ab0000)
 concurrent mark-sweep generation total 393216K, used 154935K [0x00000007a8000000, 0x00000007c0000000, 0x00000007c0000000)
 Metaspace       used 43674K, capacity 44920K, committed 45100K, reserved 1089536K
  class space    used 5354K, capacity 5667K, committed 5676K, reserved 1048576K
}
2019-01-30T12:58:11.192+0600: 4888.763: Total time for which application threads were stopped: 0.0087184 seconds, Stopping threads took: 0.0000207 seconds
{Heap before GC invocations=19553 (full 20):
 par new generation   total 109248K, used 94277K [0x00000007a0000000, 0x00000007a8000000, 0x00000007a8000000)
  eden space 87424K, 100% used [0x00000007a0000000, 0x00000007a5560000, 0x00000007a5560000)
  from space 21824K,  31% used [0x00000007a6ab0000, 0x00000007a7161638, 0x00000007a8000000)
  to   space 21824K,   0% used [0x00000007a5560000, 0x00000007a5560000, 0x00000007a6ab0000)
 concurrent mark-sweep generation total 393216K, used 154935K [0x00000007a8000000, 0x00000007c0000000, 0x00000007c0000000)
 Metaspace       used 43674K, capacity 44920K, committed 45100K, reserved 1089536K
  class space    used 5354K, capacity 5667K, committed 5676K, reserved 1048576K
2019-01-30T12:58:11.393+0600: 4888.964: [GC (Allocation Failure) 2019-01-30T12:58:11.393+0600: 4888.964: [ParNew
Desired survivor size 20112992 bytes, new threshold 8 (max 8)
- age   1:   19021224 bytes,   19021224 total
- age   2:       1184 bytes,   19022408 total
- age   3:       1168 bytes,   19023576 total
- age   4:       1104 bytes,   19024680 total
- age   5:       1056 bytes,   19025736 total
- age   6:       1000 bytes,   19026736 total
: 94277K->21824K(109248K), 0.0171692 secs] 249213K->176759K(502464K), 0.0172760 secs] [Times: user=0.07 sys=0.00, real=0.02 secs] 
Heap after GC invocations=19554 (full 20):
 par new generation   total 109248K, used 21824K [0x00000007a0000000, 0x00000007a8000000, 0x00000007a8000000)
  eden space 87424K,   0% used [0x00000007a0000000, 0x00000007a0000000, 0x00000007a5560000)
  from space 21824K, 100% used [0x00000007a5560000, 0x00000007a6ab0000, 0x00000007a6ab0000)
  to   space 21824K,   0% used [0x00000007a6ab0000, 0x00000007a6ab0000, 0x00000007a8000000)
 concurrent mark-sweep generation total 393216K, used 154935K [0x00000007a8000000, 0x00000007c0000000, 0x00000007c0000000)
 Metaspace       used 43674K, capacity 44920K, committed 45100K, reserved 1089536K
  class space    used 5354K, capacity 5667K, committed 5676K, reserved 1048576K
}
2019-01-30T12:58:11.410+0600: 4888.981: Total time for which application threads were stopped: 0.0175147 seconds, Stopping threads took: 0.0000250 seconds
{Heap before GC invocations=19554 (full 20):
 par new generation   total 109248K, used 109248K [0x00000007a0000000, 0x00000007a8000000, 0x00000007a8000000)
  eden space 87424K, 100% used [0x00000007a0000000, 0x00000007a5560000, 0x00000007a5560000)
  from space 21824K, 100% used [0x00000007a5560000, 0x00000007a6ab0000, 0x00000007a6ab0000)
  to   space 21824K,   0% used [0x00000007a6ab0000, 0x00000007a6ab0000, 0x00000007a8000000)
 concurrent mark-sweep generation total 393216K, used 154935K [0x00000007a8000000, 0x00000007c0000000, 0x00000007c0000000)
 Metaspace       used 43674K, capacity 44920K, committed 45100K, reserved 1089536K
  class space    used 5354K, capacity 5667K, committed 5676K, reserved 1048576K
2019-01-30T12:58:11.600+0600: 4889.171: [GC (Allocation Failure) 2019-01-30T12:58:11.600+0600: 4889.171: [ParNew
Desired survivor size 20112992 bytes, new threshold 8 (max 8)
- age   1:   14614328 bytes,   14614328 total
- age   2:        960 bytes,   14615288 total
- age   3:       1184 bytes,   14616472 total
- age   4:       1168 bytes,   14617640 total
- age   5:       1104 bytes,   14618744 total
- age   6:       1056 bytes,   14619800 total
- age   7:       1000 bytes,   14620800 total
: 109248K->20724K(109248K), 0.0142227 secs] 264183K->175659K(502464K), 0.0143252 secs] [Times: user=0.05 sys=0.00, real=0.01 secs] 
Heap after GC invocations=19555 (full 20):
 par new generation   total 109248K, used 20724K [0x00000007a0000000, 0x00000007a8000000, 0x00000007a8000000)
  eden space 87424K,   0% used [0x00000007a0000000, 0x00000007a0000000, 0x00000007a5560000)
  from space 21824K,  94% used [0x00000007a6ab0000, 0x00000007a7eed120, 0x00000007a8000000)
  to   space 21824K,   0% used [0x00000007a5560000, 0x00000007a5560000, 0x00000007a6ab0000)
 concurrent mark-sweep generation total 393216K, used 154935K [0x00000007a8000000, 0x00000007c0000000, 0x00000007c0000000)
 Metaspace       used 43674K, capacity 44920K, committed 45100K, reserved 1089536K
  class space    used 5354K, capacity 5667K, committed 5676K, reserved 1048576K
}
2019-01-30T12:58:11.615+0600: 4889.186: Total time for which application threads were stopped: 0.0145623 seconds, Stopping threads took: 0.0000256 seconds
{Heap before GC invocations=19555 (full 20):
 par new generation   total 109248K, used 108148K [0x00000007a0000000, 0x00000007a8000000, 0x00000007a8000000)
  eden space 87424K, 100% used [0x00000007a0000000, 0x00000007a5560000, 0x00000007a5560000)
  from space 21824K,  94% used [0x00000007a6ab0000, 0x00000007a7eed120, 0x00000007a8000000)
  to   space 21824K,   0% used [0x00000007a5560000, 0x00000007a5560000, 0x00000007a6ab0000)
 concurrent mark-sweep generation total 393216K, used 154935K [0x00000007a8000000, 0x00000007c0000000, 0x00000007c0000000)
 Metaspace       used 43674K, capacity 44920K, committed 45100K, reserved 1089536K
  class space    used 5354K, capacity 5667K, committed 5676K, reserved 1048576K
2019-01-30T12:58:11.814+0600: 4889.385: [GC (Allocation Failure) 2019-01-30T12:58:11.814+0600: 4889.385: [ParNew
Desired survivor size 20112992 bytes, new threshold 8 (max 8)
- age   1:   11059192 bytes,   11059192 total
- age   2:       1008 bytes,   11060200 total
- age   3:        960 bytes,   11061160 total
- age   4:       1184 bytes,   11062344 total
- age   5:       1168 bytes,   11063512 total
- age   6:       1104 bytes,   11064616 total
- age   7:       1056 bytes,   11065672 total
- age   8:       1000 bytes,   11066672 total
: 108148K->15414K(109248K), 0.0119762 secs] 263083K->170350K(502464K), 0.0120884 secs] [Times: user=0.05 sys=0.00, real=0.01 secs] 
Heap after GC invocations=19556 (full 20):
 par new generation   total 109248K, used 15414K [0x00000007a0000000, 0x00000007a8000000, 0x00000007a8000000)
  eden space 87424K,   0% used [0x00000007a0000000, 0x00000007a0000000, 0x00000007a5560000)
  from space 21824K,  70% used [0x00000007a5560000, 0x00000007a646da68, 0x00000007a6ab0000)
  to   space 21824K,   0% used [0x00000007a6ab0000, 0x00000007a6ab0000, 0x00000007a8000000)
 concurrent mark-sweep generation total 393216K, used 154935K [0x00000007a8000000, 0x00000007c0000000, 0x00000007c0000000)
 Metaspace       used 43674K, capacity 44920K, committed 45100K, reserved 1089536K
  class space    used 5354K, capacity 5667K, committed 5676K, reserved 1048576K
}
2019-01-30T12:58:11.826+0600: 4889.397: Total time for which application threads were stopped: 0.0123308 seconds, Stopping threads took: 0.0000258 seconds
{Heap before GC invocations=19556 (full 20):
 par new generation   total 109248K, used 102838K [0x00000007a0000000, 0x00000007a8000000, 0x00000007a8000000)
  eden space 87424K, 100% used [0x00000007a0000000, 0x00000007a5560000, 0x00000007a5560000)
  from space 21824K,  70% used [0x00000007a5560000, 0x00000007a646da68, 0x00000007a6ab0000)
  to   space 21824K,   0% used [0x00000007a6ab0000, 0x00000007a6ab0000, 0x00000007a8000000)
 concurrent mark-sweep generation total 393216K, used 154935K [0x00000007a8000000, 0x00000007c0000000, 0x00000007c0000000)
 Metaspace       used 43674K, capacity 44920K, committed 45100K, reserved 1089536K
  class space    used 5354K, capacity 5667K, committed 5676K, reserved 1048576K
2019-01-30T12:58:12.040+0600: 4889.611: [GC (Allocation Failure) 2019-01-30T12:58:12.040+0600: 4889.611: [ParNew
Desired survivor size 20112992 bytes, new threshold 8 (max 8)
- age   1:    7695168 bytes,    7695168 total
- age   2:       1184 bytes,    7696352 total
- age   3:       1008 bytes,    7697360 total
- age   4:        960 bytes,    7698320 total
- age   5:       1184 bytes,    7699504 total
- age   6:       1168 bytes,    7700672 total
- age   7:       1104 bytes,    7701776 total
- age   8:       1056 bytes,    7702832 total
: 102838K->12509K(109248K), 0.0099862 secs] 257774K->167446K(502464K), 0.0100916 secs] [Times: user=0.03 sys=0.00, real=0.01 secs] 
Heap after GC invocations=19557 (full 20):
 par new generation   total 109248K, used 12509K [0x00000007a0000000, 0x00000007a8000000, 0x00000007a8000000)
  eden space 87424K,   0% used [0x00000007a0000000, 0x00000007a0000000, 0x00000007a5560000)
  from space 21824K,  57% used [0x00000007a6ab0000, 0x00000007a76e7680, 0x00000007a8000000)
  to   space 21824K,   0% used [0x00000007a5560000, 0x00000007a5560000, 0x00000007a6ab0000)
 concurrent mark-sweep generation total 393216K, used 154936K [0x00000007a8000000, 0x00000007c0000000, 0x00000007c0000000)
 Metaspace       used 43674K, capacity 44920K, committed 45100K, reserved 1089536K
  class space    used 5354K, capacity 5667K, committed 5676K, reserved 1048576K
}
2019-01-30T12:58:12.050+0600: 4889.621: Total time for which application threads were stopped: 0.0103975 seconds, Stopping threads took: 0.0000274 seconds
{Heap before GC invocations=19557 (full 20):
 par new generation   total 109248K, used 99933K [0x00000007a0000000, 0x00000007a8000000, 0x00000007a8000000)
  eden space 87424K, 100% used [0x00000007a0000000, 0x00000007a5560000, 0x00000007a5560000)
  from space 21824K,  57% used [0x00000007a6ab0000, 0x00000007a76e7680, 0x00000007a8000000)
  to   space 21824K,   0% used [0x00000007a5560000, 0x00000007a5560000, 0x00000007a6ab0000)
 concurrent mark-sweep generation total 393216K, used 154936K [0x00000007a8000000, 0x00000007c0000000, 0x00000007c0000000)
 Metaspace       used 43674K, capacity 44920K, committed 45100K, reserved 1089536K
  class space    used 5354K, capacity 5667K, committed 5676K, reserved 1048576K
2019-01-30T12:58:12.281+0600: 4889.852: [GC (Allocation Failure) 2019-01-30T12:58:12.282+0600: 4889.853: [ParNew
Desired survivor size 20112992 bytes, new threshold 8 (max 8)
- age   1:    5891432 bytes,    5891432 total
- age   2:       1088 bytes,    5892520 total
- age   3:       1184 bytes,    5893704 total
- age   4:       1008 bytes,    5894712 total
- age   5:        960 bytes,    5895672 total
- age   6:       1184 bytes,    5896856 total
- age   7:       1168 bytes,    5898024 total
- age   8:       1104 bytes,    5899128 total
: 99933K->7912K(109248K), 0.0720567 secs] 254870K->162850K(502464K), 0.0722169 secs] [Times: user=0.03 sys=0.00, real=0.07 secs] 
Heap after GC invocations=19558 (full 20):
 par new generation   total 109248K, used 7912K [0x00000007a0000000, 0x00000007a8000000, 0x00000007a8000000)
  eden space 87424K,   0% used [0x00000007a0000000, 0x00000007a0000000, 0x00000007a5560000)
  from space 21824K,  36% used [0x00000007a5560000, 0x00000007a5d1a250, 0x00000007a6ab0000)
  to   space 21824K,   0% used [0x00000007a6ab0000, 0x00000007a6ab0000, 0x00000007a8000000)
 concurrent mark-sweep generation total 393216K, used 154937K [0x00000007a8000000, 0x00000007c0000000, 0x00000007c0000000)
 Metaspace       used 43674K, capacity 44920K, committed 45100K, reserved 1089536K
  class space    used 5354K, capacity 5667K, committed 5676K, reserved 1048576K
}
2019-01-30T12:58:12.354+0600: 4889.925: Total time for which application threads were stopped: 0.0727080 seconds, Stopping threads took: 0.0000417 seconds
{Heap before GC invocations=19558 (full 20):
 par new generation   total 109248K, used 95336K [0x00000007a0000000, 0x00000007a8000000, 0x00000007a8000000)
  eden space 87424K, 100% used [0x00000007a0000000, 0x00000007a5560000, 0x00000007a5560000)
  from space 21824K,  36% used [0x00000007a5560000, 0x00000007a5d1a250, 0x00000007a6ab0000)
  to   space 21824K,   0% used [0x00000007a6ab0000, 0x00000007a6ab0000, 0x00000007a8000000)
 concurrent mark-sweep generation total 393216K, used 154937K [0x00000007a8000000, 0x00000007c0000000, 0x00000007c0000000)
 Metaspace       used 43674K, capacity 44920K, committed 45100K, reserved 1089536K
  class space    used 5354K, capacity 5667K, committed 5676K, reserved 1048576K
2019-01-30T12:58:12.561+0600: 4890.132: [GC (Allocation Failure) 2019-01-30T12:58:12.561+0600: 4890.132: [ParNew
Desired survivor size 20112992 bytes, new threshold 1 (max 8)
- age   1:   21061832 bytes,   21061832 total
- age   2:       1160 bytes,   21062992 total
- age   3:       1088 bytes,   21064080 total
- age   4:       1184 bytes,   21065264 total
- age   5:       1008 bytes,   21066272 total
- age   6:        960 bytes,   21067232 total
- age   7:       1184 bytes,   21068416 total
- age   8:       1168 bytes,   21069584 total
: 95336K->21824K(109248K), 0.0184047 secs] 250274K->176812K(502464K), 0.0185047 secs] [Times: user=0.07 sys=0.00, real=0.01 secs] 
Heap after GC invocations=19559 (full 20):
 par new generation   total 109248K, used 21824K [0x00000007a0000000, 0x00000007a8000000, 0x00000007a8000000)
  eden space 87424K,   0% used [0x00000007a0000000, 0x00000007a0000000, 0x00000007a5560000)
  from space 21824K, 100% used [0x00000007a6ab0000, 0x00000007a8000000, 0x00000007a8000000)
  to   space 21824K,   0% used [0x00000007a5560000, 0x00000007a5560000, 0x00000007a6ab0000)
 concurrent mark-sweep generation total 393216K, used 154988K [0x00000007a8000000, 0x00000007c0000000, 0x00000007c0000000)
 Metaspace       used 43674K, capacity 44920K, committed 45100K, reserved 1089536K
  class space    used 5354K, capacity 5667K, committed 5676K, reserved 1048576K
}
2019-01-30T12:58:12.579+0600: 4890.150: Total time for which application threads were stopped: 0.0187451 seconds, Stopping threads took: 0.0000256 seconds
{Heap before GC invocations=19559 (full 20):
 par new generation   total 109248K, used 108305K [0x00000007a0000000, 0x00000007a8000000, 0x00000007a8000000)
  eden space 87424K,  98% used [0x00000007a0000000, 0x00000007a5474678, 0x00000007a5560000)
  from space 21824K, 100% used [0x00000007a6ab0000, 0x00000007a8000000, 0x00000007a8000000)
  to   space 21824K,   0% used [0x00000007a5560000, 0x00000007a5560000, 0x00000007a6ab0000)
 concurrent mark-sweep generation total 393216K, used 154988K [0x00000007a8000000, 0x00000007c0000000, 0x00000007c0000000)
 Metaspace       used 43674K, capacity 44920K, committed 45100K, reserved 1089536K
  class space    used 5354K, capacity 5667K, committed 5676K, reserved 1048576K
2019-01-30T12:58:12.778+0600: 4890.349: [GC (Allocation Failure) 2019-01-30T12:58:12.778+0600: 4890.349: [ParNew
Desired survivor size 20112992 bytes, new threshold 8 (max 8)
- age   1:   15945432 bytes,   15945432 total
: 108305K->21824K(109248K), 0.0170574 secs] 263294K->176903K(502464K), 0.0171567 secs] [Times: user=0.05 sys=0.00, real=0.02 secs] 
Heap after GC invocations=19560 (full 20):
 par new generation   total 109248K, used 21824K [0x00000007a0000000, 0x00000007a8000000, 0x00000007a8000000)
  eden space 87424K,   0% used [0x00000007a0000000, 0x00000007a0000000, 0x00000007a5560000)
  from space 21824K, 100% used [0x00000007a5560000, 0x00000007a6ab0000, 0x00000007a6ab0000)
  to   space 21824K,   0% used [0x00000007a6ab0000, 0x00000007a6ab0000, 0x00000007a8000000)
 concurrent mark-sweep generation total 393216K, used 155079K [0x00000007a8000000, 0x00000007c0000000, 0x00000007c0000000)
 Metaspace       used 43674K, capacity 44920K, committed 45100K, reserved 1089536K
  class space    used 5354K, capacity 5667K, committed 5676K, reserved 1048576K
}
2019-01-30T12:58:12.795+0600: 4890.366: Total time for which application threads were stopped: 0.0173864 seconds, Stopping threads took: 0.0000239 seconds
{Heap before GC invocations=19560 (full 20):
 par new generation   total 109248K, used 109248K [0x00000007a0000000, 0x00000007a8000000, 0x00000007a8000000)
  eden space 87424K, 100% used [0x00000007a0000000, 0x00000007a5560000, 0x00000007a5560000)
  from space 21824K, 100% used [0x00000007a5560000, 0x00000007a6ab0000, 0x00000007a6ab0000)
  to   space 21824K,   0% used [0x00000007a6ab0000, 0x00000007a6ab0000, 0x00000007a8000000)
 concurrent mark-sweep generation total 393216K, used 155079K [0x00000007a8000000, 0x00000007c0000000, 0x00000007c0000000)
 Metaspace       used 43674K, capacity 44920K, committed 45100K, reserved 1089536K
  class space    used 5354K, capacity 5667K, committed 5676K, reserved 1048576K
2019-01-30T12:58:13.005+0600: 4890.576: [GC (Allocation Failure) 2019-01-30T12:58:13.005+0600: 4890.576: [ParNew
Desired survivor size 20112992 bytes, new threshold 8 (max 8)
- age   1:   12779432 bytes,   12779432 total
- age   2:       2752 bytes,   12782184 total
: 109248K->18188K(109248K), 0.0154618 secs] 264327K->173267K(502464K), 0.0155623 secs] [Times: user=0.05 sys=0.00, real=0.02 secs] 
Heap after GC invocations=19561 (full 20):
 par new generation   total 109248K, used 18188K [0x00000007a0000000, 0x00000007a8000000, 0x00000007a8000000)
  eden space 87424K,   0% used [0x00000007a0000000, 0x00000007a0000000, 0x00000007a5560000)
  from space 21824K,  83% used [0x00000007a6ab0000, 0x00000007a7c73180, 0x00000007a8000000)
  to   space 21824K,   0% used [0x00000007a5560000, 0x00000007a5560000, 0x00000007a6ab0000)
 concurrent mark-sweep generation total 393216K, used 155079K [0x00000007a8000000, 0x00000007c0000000, 0x00000007c0000000)
 Metaspace       used 43674K, capacity 44920K, committed 45100K, reserved 1089536K
  class space    used 5354K, capacity 5667K, committed 5676K, reserved 1048576K
}
2019-01-30T12:58:13.021+0600: 4890.592: Total time for which application threads were stopped: 0.0157943 seconds, Stopping threads took: 0.0000232 seconds
{Heap before GC invocations=19561 (full 20):
 par new generation   total 109248K, used 105612K [0x00000007a0000000, 0x00000007a8000000, 0x00000007a8000000)
  eden space 87424K, 100% used [0x00000007a0000000, 0x00000007a5560000, 0x00000007a5560000)
  from space 21824K,  83% used [0x00000007a6ab0000, 0x00000007a7c73180, 0x00000007a8000000)
  to   space 21824K,   0% used [0x00000007a5560000, 0x00000007a5560000, 0x00000007a6ab0000)
 concurrent mark-sweep generation total 393216K, used 155079K [0x00000007a8000000, 0x00000007c0000000, 0x00000007c0000000)
 Metaspace       used 43674K, capacity 44920K, committed 45100K, reserved 1089536K
  class space    used 5354K, capacity 5667K, committed 5676K, reserved 1048576K
2019-01-30T12:58:13.220+0600: 4890.791: [GC (Allocation Failure) 2019-01-30T12:58:13.220+0600: 4890.791: [ParNew
Desired survivor size 20112992 bytes, new threshold 8 (max 8)
- age   1:    9523224 bytes,    9523224 total
- age   2:       1024 bytes,    9524248 total
- age   3:       2752 bytes,    9527000 total
: 105612K->13909K(109248K), 0.0112871 secs] 260691K->168988K(502464K), 0.0113879 secs] [Times: user=0.04 sys=0.00, real=0.01 secs] 
Heap after GC invocations=19562 (full 20):
 par new generation   total 109248K, used 13909K [0x00000007a0000000, 0x00000007a8000000, 0x00000007a8000000)
  eden space 87424K,   0% used [0x00000007a0000000, 0x00000007a0000000, 0x00000007a5560000)
  from space 21824K,  63% used [0x00000007a5560000, 0x00000007a62f5440, 0x00000007a6ab0000)
  to   space 21824K,   0% used [0x00000007a6ab0000, 0x00000007a6ab0000, 0x00000007a8000000)
 concurrent mark-sweep generation total 393216K, used 155079K [0x00000007a8000000, 0x00000007c0000000, 0x00000007c0000000)
 Metaspace       used 43674K, capacity 44920K, committed 45100K, reserved 1089536K
  class space    used 5354K, capacity 5667K, committed 5676K, reserved 1048576K
}
2019-01-30T12:58:13.231+0600: 4890.802: Total time for which application threads were stopped: 0.0116197 seconds, Stopping threads took: 0.0000224 seconds
{Heap before GC invocations=19562 (full 20):
 par new generation   total 109248K, used 101333K [0x00000007a0000000, 0x00000007a8000000, 0x00000007a8000000)
  eden space 87424K, 100% used [0x00000007a0000000, 0x00000007a5560000, 0x00000007a5560000)
  from space 21824K,  63% used [0x00000007a5560000, 0x00000007a62f5440, 0x00000007a6ab0000)
  to   space 21824K,   0% used [0x00000007a6ab0000, 0x00000007a6ab0000, 0x00000007a8000000)
 concurrent mark-sweep generation total 393216K, used 155079K [0x00000007a8000000, 0x00000007c0000000, 0x00000007c0000000)
 Metaspace       used 43674K, capacity 44920K, committed 45100K, reserved 1089536K
  class space    used 5354K, capacity 5667K, committed 5676K, reserved 1048576K
2019-01-30T12:58:13.425+0600: 4890.996: [GC (Allocation Failure) 2019-01-30T12:58:13.425+0600: 4890.996: [ParNew
Desired survivor size 20112992 bytes, new threshold 8 (max 8)
- age   1:    5950328 bytes,    5950328 total
- age   2:       1128 bytes,    5951456 total
- age   3:       1024 bytes,    5952480 total
- age   4:       2752 bytes,    5955232 total
: 101333K->8865K(109248K), 0.0086853 secs] 256412K->163944K(502464K), 0.0087754 secs] [Times: user=0.03 sys=0.00, real=0.01 secs] 
Heap after GC invocations=19563 (full 20):
 par new generation   total 109248K, used 8865K [0x00000007a0000000, 0x00000007a8000000, 0x00000007a8000000)
  eden space 87424K,   0% used [0x00000007a0000000, 0x00000007a0000000, 0x00000007a5560000)
  from space 21824K,  40% used [0x00000007a6ab0000, 0x00000007a7358540, 0x00000007a8000000)
  to   space 21824K,   0% used [0x00000007a5560000, 0x00000007a5560000, 0x00000007a6ab0000)
 concurrent mark-sweep generation total 393216K, used 155079K [0x00000007a8000000, 0x00000007c0000000, 0x00000007c0000000)
 Metaspace       used 43674K, capacity 44920K, committed 45100K, reserved 1089536K
  class space    used 5354K, capacity 5667K, committed 5676K, reserved 1048576K
}
2019-01-30T12:58:13.434+0600: 4891.005: Total time for which application threads were stopped: 0.0090066 seconds, Stopping threads took: 0.0000214 seconds
{Heap before GC invocations=19563 (full 20):
 par new generation   total 109248K, used 96289K [0x00000007a0000000, 0x00000007a8000000, 0x00000007a8000000)
  eden space 87424K, 100% used [0x00000007a0000000, 0x00000007a5560000, 0x00000007a5560000)
  from space 21824K,  40% used [0x00000007a6ab0000, 0x00000007a7358540, 0x00000007a8000000)
  to   space 21824K,   0% used [0x00000007a5560000, 0x00000007a5560000, 0x00000007a6ab0000)
 concurrent mark-sweep generation total 393216K, used 155079K [0x00000007a8000000, 0x00000007c0000000, 0x00000007c0000000)
 Metaspace       used 43674K, capacity 44920K, committed 45100K, reserved 1089536K
  class space    used 5354K, capacity 5667K, committed 5676K, reserved 1048576K
2019-01-30T12:58:13.634+0600: 4891.205: [GC (Allocation Failure) 2019-01-30T12:58:13.634+0600: 4891.205: [ParNew
Desired survivor size 20112992 bytes, new threshold 8 (max 8)
- age   1:    5868864 bytes,    5868864 total
- age   2:       1144 bytes,    5870008 total
- age   3:       1128 bytes,    5871136 total
- age   4:       1024 bytes,    5872160 total
- age   5:       2752 bytes,    5874912 total
: 96289K->6659K(109248K), 0.0084795 secs] 251368K->161739K(502464K), 0.0085924 secs] [Times: user=0.03 sys=0.00, real=0.01 secs] 
Heap after GC invocations=19564 (full 20):
 par new generation   total 109248K, used 6659K [0x00000007a0000000, 0x00000007a8000000, 0x00000007a8000000)
  eden space 87424K,   0% used [0x00000007a0000000, 0x00000007a0000000, 0x00000007a5560000)
  from space 21824K,  30% used [0x00000007a5560000, 0x00000007a5be0f18, 0x00000007a6ab0000)
  to   space 21824K,   0% used [0x00000007a6ab0000, 0x00000007a6ab0000, 0x00000007a8000000)
 concurrent mark-sweep generation total 393216K, used 155079K [0x00000007a8000000, 0x00000007c0000000, 0x00000007c0000000)
 Metaspace       used 43674K, capacity 44920K, committed 45100K, reserved 1089536K
  class space    used 5354K, capacity 5667K, committed 5676K, reserved 1048576K
}
2019-01-30T12:58:13.642+0600: 4891.213: Total time for which application threads were stopped: 0.0088287 seconds, Stopping threads took: 0.0000215 seconds
{Heap before GC invocations=19564 (full 20):
 par new generation   total 109248K, used 94083K [0x00000007a0000000, 0x00000007a8000000, 0x00000007a8000000)
  eden space 87424K, 100% used [0x00000007a0000000, 0x00000007a5560000, 0x00000007a5560000)
  from space 21824K,  30% used [0x00000007a5560000, 0x00000007a5be0f18, 0x00000007a6ab0000)
  to   space 21824K,   0% used [0x00000007a6ab0000, 0x00000007a6ab0000, 0x00000007a8000000)
 concurrent mark-sweep generation total 393216K, used 155079K [0x00000007a8000000, 0x00000007c0000000, 0x00000007c0000000)
 Metaspace       used 43674K, capacity 44920K, committed 45100K, reserved 1089536K
  class space    used 5354K, capacity 5667K, committed 5676K, reserved 1048576K
2019-01-30T12:58:13.836+0600: 4891.407: [GC (Allocation Failure) 2019-01-30T12:58:13.836+0600: 4891.407: [ParNew
Desired survivor size 20112992 bytes, new threshold 8 (max 8)
- age   1:   19108488 bytes,   19108488 total
- age   2:       1128 bytes,   19109616 total
- age   3:       1144 bytes,   19110760 total
- age   4:       1128 bytes,   19111888 total
- age   5:       1024 bytes,   19112912 total
- age   6:       2752 bytes,   19115664 total
: 94083K->20740K(109248K), 0.0175150 secs] 249163K->175820K(502464K), 0.0176413 secs] [Times: user=0.07 sys=0.00, real=0.02 secs] 
Heap after GC invocations=19565 (full 20):
 par new generation   total 109248K, used 20740K [0x00000007a0000000, 0x00000007a8000000, 0x00000007a8000000)
  eden space 87424K,   0% used [0x00000007a0000000, 0x00000007a0000000, 0x00000007a5560000)
  from space 21824K,  95% used [0x00000007a6ab0000, 0x00000007a7ef1240, 0x00000007a8000000)
  to   space 21824K,   0% used [0x00000007a5560000, 0x00000007a5560000, 0x00000007a6ab0000)
 concurrent mark-sweep generation total 393216K, used 155079K [0x00000007a8000000, 0x00000007c0000000, 0x00000007c0000000)
 Metaspace       used 43674K, capacity 44920K, committed 45100K, reserved 1089536K
  class space    used 5354K, capacity 5667K, committed 5676K, reserved 1048576K
}
2019-01-30T12:58:13.854+0600: 4891.424: Total time for which application threads were stopped: 0.0178638 seconds, Stopping threads took: 0.0000249 seconds
{Heap before GC invocations=19565 (full 20):
 par new generation   total 109248K, used 108164K [0x00000007a0000000, 0x00000007a8000000, 0x00000007a8000000)
  eden space 87424K, 100% used [0x00000007a0000000, 0x00000007a5560000, 0x00000007a5560000)
  from space 21824K,  95% used [0x00000007a6ab0000, 0x00000007a7ef1240, 0x00000007a8000000)
  to   space 21824K,   0% used [0x00000007a5560000, 0x00000007a5560000, 0x00000007a6ab0000)
 concurrent mark-sweep generation total 393216K, used 155079K [0x00000007a8000000, 0x00000007c0000000, 0x00000007c0000000)
 Metaspace       used 43674K, capacity 44920K, committed 45100K, reserved 1089536K
  class space    used 5354K, capacity 5667K, committed 5676K, reserved 1048576K
2019-01-30T12:58:14.050+0600: 4891.621: [GC (Allocation Failure) 2019-01-30T12:58:14.050+0600: 4891.621: [ParNew
Desired survivor size 20112992 bytes, new threshold 8 (max 8)
- age   1:   14614528 bytes,   14614528 total
- age   2:        984 bytes,   14615512 total
- age   3:       1128 bytes,   14616640 total
- age   4:       1144 bytes,   14617784 total
- age   5:       1128 bytes,   14618912 total
- age   6:       1024 bytes,   14619936 total
- age   7:       2752 bytes,   14622688 total
: 108164K->20945K(109248K), 0.0149483 secs] 263244K->176025K(502464K), 0.0150670 secs] [Times: user=0.06 sys=0.00, real=0.01 secs] 
Heap after GC invocations=19566 (full 20):
 par new generation   total 109248K, used 20945K [0x00000007a0000000, 0x00000007a8000000, 0x00000007a8000000)
  eden space 87424K,   0% used [0x00000007a0000000, 0x00000007a0000000, 0x00000007a5560000)
  from space 21824K,  95% used [0x00000007a5560000, 0x00000007a69d4700, 0x00000007a6ab0000)
  to   space 21824K,   0% used [0x00000007a6ab0000, 0x00000007a6ab0000, 0x00000007a8000000)
 concurrent mark-sweep generation total 393216K, used 155079K [0x00000007a8000000, 0x00000007c0000000, 0x00000007c0000000)
 Metaspace       used 43674K, capacity 44920K, committed 45100K, reserved 1089536K
  class space    used 5354K, capacity 5667K, committed 5676K, reserved 1048576K
}
2019-01-30T12:58:14.065+0600: 4891.636: Total time for which application threads were stopped: 0.0153296 seconds, Stopping threads took: 0.0000238 seconds
{Heap before GC invocations=19566 (full 20):
 par new generation   total 109248K, used 108369K [0x00000007a0000000, 0x00000007a8000000, 0x00000007a8000000)
  eden space 87424K, 100% used [0x00000007a0000000, 0x00000007a5560000, 0x00000007a5560000)
  from space 21824K,  95% used [0x00000007a5560000, 0x00000007a69d4700, 0x00000007a6ab0000)
  to   space 21824K,   0% used [0x00000007a6ab0000, 0x00000007a6ab0000, 0x00000007a8000000)
 concurrent mark-sweep generation total 393216K, used 155079K [0x00000007a8000000, 0x00000007c0000000, 0x00000007c0000000)
 Metaspace       used 43674K, capacity 44920K, committed 45100K, reserved 1089536K
  class space    used 5354K, capacity 5667K, committed 5676K, reserved 1048576K
2019-01-30T12:58:14.259+0600: 4891.830: [GC (Allocation Failure) 2019-01-30T12:58:14.259+0600: 4891.830: [ParNew
Desired survivor size 20112992 bytes, new threshold 8 (max 8)
- age   1:   11059272 bytes,   11059272 total
- age   2:       1040 bytes,   11060312 total
- age   3:        984 bytes,   11061296 total
- age   4:       1128 bytes,   11062424 total
- age   5:       1144 bytes,   11063568 total
- age   6:       1128 bytes,   11064696 total
- age   7:       1024 bytes,   11065720 total
- age   8:       2752 bytes,   11068472 total
: 108369K->16694K(109248K), 0.0121049 secs] 263449K->171773K(502464K), 0.0122284 secs] [Times: user=0.04 sys=0.00, real=0.02 secs] 
Heap after GC invocations=19567 (full 20):
 par new generation   total 109248K, used 16694K [0x00000007a0000000, 0x00000007a8000000, 0x00000007a8000000)
  eden space 87424K,   0% used [0x00000007a0000000, 0x00000007a0000000, 0x00000007a5560000)
  from space 21824K,  76% used [0x00000007a6ab0000, 0x00000007a7afda00, 0x00000007a8000000)
  to   space 21824K,   0% used [0x00000007a5560000, 0x00000007a5560000, 0x00000007a6ab0000)
 concurrent mark-sweep generation total 393216K, used 155079K [0x00000007a8000000, 0x00000007c0000000, 0x00000007c0000000)
 Metaspace       used 43674K, capacity 44920K, committed 45100K, reserved 1089536K
  class space    used 5354K, capacity 5667K, committed 5676K, reserved 1048576K
}
2019-01-30T12:58:14.271+0600: 4891.842: Total time for which application threads were stopped: 0.0125060 seconds, Stopping threads took: 0.0000312 seconds
{Heap before GC invocations=19567 (full 20):
 par new generation   total 109248K, used 104118K [0x00000007a0000000, 0x00000007a8000000, 0x00000007a8000000)
  eden space 87424K, 100% used [0x00000007a0000000, 0x00000007a5560000, 0x00000007a5560000)
  from space 21824K,  76% used [0x00000007a6ab0000, 0x00000007a7afda00, 0x00000007a8000000)
  to   space 21824K,   0% used [0x00000007a5560000, 0x00000007a5560000, 0x00000007a6ab0000)
 concurrent mark-sweep generation total 393216K, used 155079K [0x00000007a8000000, 0x00000007c0000000, 0x00000007c0000000)
 Metaspace       used 43674K, capacity 44920K, committed 45100K, reserved 1089536K
  class space    used 5354K, capacity 5667K, committed 5676K, reserved 1048576K
2019-01-30T12:58:14.472+0600: 4892.043: [GC (Allocation Failure) 2019-01-30T12:58:14.472+0600: 4892.043: [ParNew
Desired survivor size 20112992 bytes, new threshold 8 (max 8)
- age   1:    7695376 bytes,    7695376 total
- age   2:       1096 bytes,    7696472 total
- age   3:       1040 bytes,    7697512 total
- age   4:        984 bytes,    7698496 total
- age   5:       1128 bytes,    7699624 total
- age   6:       1144 bytes,    7700768 total
- age   7:       1128 bytes,    7701896 total
- age   8:       1024 bytes,    7702920 total
: 104118K->10775K(109248K), 0.0097790 secs] 259197K->165857K(502464K), 0.0098821 secs] [Times: user=0.04 sys=0.01, real=0.01 secs] 
Heap after GC invocations=19568 (full 20):
 par new generation   total 109248K, used 10775K [0x00000007a0000000, 0x00000007a8000000, 0x00000007a8000000)
  eden space 87424K,   0% used [0x00000007a0000000, 0x00000007a0000000, 0x00000007a5560000)
  from space 21824K,  49% used [0x00000007a5560000, 0x00000007a5fe5d90, 0x00000007a6ab0000)
  to   space 21824K,   0% used [0x00000007a6ab0000, 0x00000007a6ab0000, 0x00000007a8000000)
 concurrent mark-sweep generation total 393216K, used 155082K [0x00000007a8000000, 0x00000007c0000000, 0x00000007c0000000)
 Metaspace       used 43674K, capacity 44920K, committed 45100K, reserved 1089536K
  class space    used 5354K, capacity 5667K, committed 5676K, reserved 1048576K
}
2019-01-30T12:58:14.482+0600: 4892.053: Total time for which application threads were stopped: 0.0101209 seconds, Stopping threads took: 0.0000258 seconds
{Heap before GC invocations=19568 (full 20):
 par new generation   total 109248K, used 98199K [0x00000007a0000000, 0x00000007a8000000, 0x00000007a8000000)
  eden space 87424K, 100% used [0x00000007a0000000, 0x00000007a5560000, 0x00000007a5560000)
  from space 21824K,  49% used [0x00000007a5560000, 0x00000007a5fe5d90, 0x00000007a6ab0000)
  to   space 21824K,   0% used [0x00000007a6ab0000, 0x00000007a6ab0000, 0x00000007a8000000)
 concurrent mark-sweep generation total 393216K, used 155082K [0x00000007a8000000, 0x00000007c0000000, 0x00000007c0000000)
 Metaspace       used 43674K, capacity 44920K, committed 45100K, reserved 1089536K
  class space    used 5354K, capacity 5667K, committed 5676K, reserved 1048576K
2019-01-30T12:58:14.677+0600: 4892.248: [GC (Allocation Failure) 2019-01-30T12:58:14.677+0600: 4892.248: [ParNew
Desired survivor size 20112992 bytes, new threshold 8 (max 8)
- age   1:    5890968 bytes,    5890968 total
- age   2:       1128 bytes,    5892096 total
- age   3:       1096 bytes,    5893192 total
- age   4:       1040 bytes,    5894232 total
- age   5:        984 bytes,    5895216 total
- age   6:       1128 bytes,    5896344 total
- age   7:       1144 bytes,    5897488 total
- age   8:       1128 bytes,    5898616 total
: 98199K->9060K(109248K), 0.0083073 secs] 253281K->164143K(502464K), 0.0084109 secs] [Times: user=0.03 sys=0.01, real=0.01 secs] 
Heap after GC invocations=19569 (full 20):
 par new generation   total 109248K, used 9060K [0x00000007a0000000, 0x00000007a8000000, 0x00000007a8000000)
  eden space 87424K,   0% used [0x00000007a0000000, 0x00000007a0000000, 0x00000007a5560000)
  from space 21824K,  41% used [0x00000007a6ab0000, 0x00000007a7389150, 0x00000007a8000000)
  to   space 21824K,   0% used [0x00000007a5560000, 0x00000007a5560000, 0x00000007a6ab0000)
 concurrent mark-sweep generation total 393216K, used 155083K [0x00000007a8000000, 0x00000007c0000000, 0x00000007c0000000)
 Metaspace       used 43674K, capacity 44920K, committed 45100K, reserved 1089536K
  class space    used 5354K, capacity 5667K, committed 5676K, reserved 1048576K
}
2019-01-30T12:58:14.686+0600: 4892.257: Total time for which application threads were stopped: 0.0086920 seconds, Stopping threads took: 0.0000470 seconds
{Heap before GC invocations=19569 (full 20):
 par new generation   total 109248K, used 96484K [0x00000007a0000000, 0x00000007a8000000, 0x00000007a8000000)
  eden space 87424K, 100% used [0x00000007a0000000, 0x00000007a5560000, 0x00000007a5560000)
  from space 21824K,  41% used [0x00000007a6ab0000, 0x00000007a7389150, 0x00000007a8000000)
  to   space 21824K,   0% used [0x00000007a5560000, 0x00000007a5560000, 0x00000007a6ab0000)
 concurrent mark-sweep generation total 393216K, used 155083K [0x00000007a8000000, 0x00000007c0000000, 0x00000007c0000000)
 Metaspace       used 43674K, capacity 44920K, committed 45100K, reserved 1089536K
  class space    used 5354K, capacity 5667K, committed 5676K, reserved 1048576K
2019-01-30T12:58:14.880+0600: 4892.451: [GC (Allocation Failure) 2019-01-30T12:58:14.880+0600: 4892.451: [ParNew
Desired survivor size 20112992 bytes, new threshold 1 (max 8)
- age   1:   21113000 bytes,   21113000 total
- age   2:       1136 bytes,   21114136 total
- age   3:       1128 bytes,   21115264 total
- age   4:       1096 bytes,   21116360 total
- age   5:       1040 bytes,   21117400 total
- age   6:        984 bytes,   21118384 total
- age   7:       1128 bytes,   21119512 total
- age   8:       1144 bytes,   21120656 total
: 96484K->21824K(109248K), 0.0187067 secs] 251567K->176908K(502464K), 0.0188042 secs] [Times: user=0.07 sys=0.00, real=0.01 secs] 
Heap after GC invocations=19570 (full 20):
 par new generation   total 109248K, used 21824K [0x00000007a0000000, 0x00000007a8000000, 0x00000007a8000000)
  eden space 87424K,   0% used [0x00000007a0000000, 0x00000007a0000000, 0x00000007a5560000)
  from space 21824K, 100% used [0x00000007a5560000, 0x00000007a6ab0000, 0x00000007a6ab0000)
  to   space 21824K,   0% used [0x00000007a6ab0000, 0x00000007a6ab0000, 0x00000007a8000000)
 concurrent mark-sweep generation total 393216K, used 155084K [0x00000007a8000000, 0x00000007c0000000, 0x00000007c0000000)
 Metaspace       used 43674K, capacity 44920K, committed 45100K, reserved 1089536K
  class space    used 5354K, capacity 5667K, committed 5676K, reserved 1048576K
}
2019-01-30T12:58:14.899+0600: 4892.470: Total time for which application threads were stopped: 0.0190401 seconds, Stopping threads took: 0.0000306 seconds
{Heap before GC invocations=19570 (full 20):
 par new generation   total 109248K, used 109248K [0x00000007a0000000, 0x00000007a8000000, 0x00000007a8000000)
  eden space 87424K, 100% used [0x00000007a0000000, 0x00000007a5560000, 0x00000007a5560000)
  from space 21824K, 100% used [0x00000007a5560000, 0x00000007a6ab0000, 0x00000007a6ab0000)
  to   space 21824K,   0% used [0x00000007a6ab0000, 0x00000007a6ab0000, 0x00000007a8000000)
 concurrent mark-sweep generation total 393216K, used 155084K [0x00000007a8000000, 0x00000007c0000000, 0x00000007c0000000)
 Metaspace       used 43674K, capacity 44920K, committed 45100K, reserved 1089536K
  class space    used 5354K, capacity 5667K, committed 5676K, reserved 1048576K
2019-01-30T12:58:15.088+0600: 4892.658: [GC (Allocation Failure) 2019-01-30T12:58:15.088+0600: 4892.659: [ParNew
Desired survivor size 20112992 bytes, new threshold 8 (max 8)
- age   1:   16029080 bytes,   16029080 total
: 109248K->21824K(109248K), 0.0152583 secs] 264332K->176917K(502464K), 0.0153752 secs] [Times: user=0.06 sys=0.00, real=0.02 secs] 
Heap after GC invocations=19571 (full 20):
 par new generation   total 109248K, used 21824K [0x00000007a0000000, 0x00000007a8000000, 0x00000007a8000000)
  eden space 87424K,   0% used [0x00000007a0000000, 0x00000007a0000000, 0x00000007a5560000)
  from space 21824K, 100% used [0x00000007a6ab0000, 0x00000007a8000000, 0x00000007a8000000)
  to   space 21824K,   0% used [0x00000007a5560000, 0x00000007a5560000, 0x00000007a6ab0000)
 concurrent mark-sweep generation total 393216K, used 155093K [0x00000007a8000000, 0x00000007c0000000, 0x00000007c0000000)
 Metaspace       used 43674K, capacity 44920K, committed 45100K, reserved 1089536K
  class space    used 5354K, capacity 5667K, committed 5676K, reserved 1048576K
}
2019-01-30T12:58:15.103+0600: 4892.674: Total time for which application threads were stopped: 0.0156308 seconds, Stopping threads took: 0.0000219 seconds
{Heap before GC invocations=19571 (full 20):
 par new generation   total 109248K, used 109248K [0x00000007a0000000, 0x00000007a8000000, 0x00000007a8000000)
  eden space 87424K, 100% used [0x00000007a0000000, 0x00000007a5560000, 0x00000007a5560000)
  from space 21824K, 100% used [0x00000007a6ab0000, 0x00000007a8000000, 0x00000007a8000000)
  to   space 21824K,   0% used [0x00000007a5560000, 0x00000007a5560000, 0x00000007a6ab0000)
 concurrent mark-sweep generation total 393216K, used 155093K [0x00000007a8000000, 0x00000007c0000000, 0x00000007c0000000)
 Metaspace       used 43674K, capacity 44920K, committed 45100K, reserved 1089536K
  class space    used 5354K, capacity 5667K, committed 5676K, reserved 1048576K
2019-01-30T12:58:15.297+0600: 4892.868: [GC (Allocation Failure) 2019-01-30T12:58:15.297+0600: 4892.868: [ParNew
Desired survivor size 20112992 bytes, new threshold 8 (max 8)
- age   1:   12717640 bytes,   12717640 total
- age   2:       1048 bytes,   12718688 total
: 109248K->19236K(109248K), 0.0129212 secs] 264341K->174329K(502464K), 0.0130221 secs] [Times: user=0.05 sys=0.00, real=0.02 secs] 
Heap after GC invocations=19572 (full 20):
 par new generation   total 109248K, used 19236K [0x00000007a0000000, 0x00000007a8000000, 0x00000007a8000000)
  eden space 87424K,   0% used [0x00000007a0000000, 0x00000007a0000000, 0x00000007a5560000)
  from space 21824K,  88% used [0x00000007a5560000, 0x00000007a6829110, 0x00000007a6ab0000)
  to   space 21824K,   0% used [0x00000007a6ab0000, 0x00000007a6ab0000, 0x00000007a8000000)
 concurrent mark-sweep generation total 393216K, used 155093K [0x00000007a8000000, 0x00000007c0000000, 0x00000007c0000000)
 Metaspace       used 43674K, capacity 44920K, committed 45100K, reserved 1089536K
  class space    used 5354K, capacity 5667K, committed 5676K, reserved 1048576K
}
2019-01-30T12:58:15.310+0600: 4892.881: Total time for which application threads were stopped: 0.0132564 seconds, Stopping threads took: 0.0000246 seconds
{Heap before GC invocations=19572 (full 20):
 par new generation   total 109248K, used 106660K [0x00000007a0000000, 0x00000007a8000000, 0x00000007a8000000)
  eden space 87424K, 100% used [0x00000007a0000000, 0x00000007a5560000, 0x00000007a5560000)
  from space 21824K,  88% used [0x00000007a5560000, 0x00000007a6829110, 0x00000007a6ab0000)
  to   space 21824K,   0% used [0x00000007a6ab0000, 0x00000007a6ab0000, 0x00000007a8000000)
 concurrent mark-sweep generation total 393216K, used 155093K [0x00000007a8000000, 0x00000007c0000000, 0x00000007c0000000)
 Metaspace       used 43674K, capacity 44920K, committed 45100K, reserved 1089536K
  class space    used 5354K, capacity 5667K, committed 5676K, reserved 1048576K
2019-01-30T12:58:15.504+0600: 4893.075: [GC (Allocation Failure) 2019-01-30T12:58:15.504+0600: 4893.075: [ParNew
Desired survivor size 20112992 bytes, new threshold 8 (max 8)
- age   1:    9434664 bytes,    9434664 total
- age   2:        984 bytes,    9435648 total
- age   3:       1048 bytes,    9436696 total
: 106660K->11275K(109248K), 0.0108511 secs] 261753K->166368K(502464K), 0.0109561 secs] [Times: user=0.04 sys=0.00, real=0.01 secs] 
Heap after GC invocations=19573 (full 20):
 par new generation   total 109248K, used 11275K [0x00000007a0000000, 0x00000007a8000000, 0x00000007a8000000)
  eden space 87424K,   0% used [0x00000007a0000000, 0x00000007a0000000, 0x00000007a5560000)
  from space 21824K,  51% used [0x00000007a6ab0000, 0x00000007a75b2d90, 0x00000007a8000000)
  to   space 21824K,   0% used [0x00000007a5560000, 0x00000007a5560000, 0x00000007a6ab0000)
 concurrent mark-sweep generation total 393216K, used 155093K [0x00000007a8000000, 0x00000007c0000000, 0x00000007c0000000)
 Metaspace       used 43674K, capacity 44920K, committed 45100K, reserved 1089536K
  class space    used 5354K, capacity 5667K, committed 5676K, reserved 1048576K
}
2019-01-30T12:58:15.515+0600: 4893.086: Total time for which application threads were stopped: 0.0111872 seconds, Stopping threads took: 0.0000205 seconds
{Heap before GC invocations=19573 (full 20):
 par new generation   total 109248K, used 98699K [0x00000007a0000000, 0x00000007a8000000, 0x00000007a8000000)
  eden space 87424K, 100% used [0x00000007a0000000, 0x00000007a5560000, 0x00000007a5560000)
  from space 21824K,  51% used [0x00000007a6ab0000, 0x00000007a75b2d90, 0x00000007a8000000)
  to   space 21824K,   0% used [0x00000007a5560000, 0x00000007a5560000, 0x00000007a6ab0000)
 concurrent mark-sweep generation total 393216K, used 155093K [0x00000007a8000000, 0x00000007c0000000, 0x00000007c0000000)
 Metaspace       used 43674K, capacity 44920K, committed 45100K, reserved 1089536K
  class space    used 5354K, capacity 5667K, committed 5676K, reserved 1048576K
2019-01-30T12:58:15.705+0600: 4893.276: [GC (Allocation Failure) 2019-01-30T12:58:15.705+0600: 4893.276: [ParNew
Desired survivor size 20112992 bytes, new threshold 8 (max 8)
- age   1:    5882952 bytes,    5882952 total
- age   2:       1168 bytes,    5884120 total
- age   3:        984 bytes,    5885104 total
- age   4:       1048 bytes,    5886152 total
: 98699K->9281K(109248K), 0.0083643 secs] 253792K->164374K(502464K), 0.0084909 secs] [Times: user=0.03 sys=0.01, real=0.01 secs] 
Heap after GC invocations=19574 (full 20):
 par new generation   total 109248K, used 9281K [0x00000007a0000000, 0x00000007a8000000, 0x00000007a8000000)
  eden space 87424K,   0% used [0x00000007a0000000, 0x00000007a0000000, 0x00000007a5560000)
  from space 21824K,  42% used [0x00000007a5560000, 0x00000007a5e70578, 0x00000007a6ab0000)
  to   space 21824K,   0% used [0x00000007a6ab0000, 0x00000007a6ab0000, 0x00000007a8000000)
 concurrent mark-sweep generation total 393216K, used 155093K [0x00000007a8000000, 0x00000007c0000000, 0x00000007c0000000)
 Metaspace       used 43674K, capacity 44920K, committed 45100K, reserved 1089536K
  class space    used 5354K, capacity 5667K, committed 5676K, reserved 1048576K
}
2019-01-30T12:58:15.714+0600: 4893.284: Total time for which application threads were stopped: 0.0088092 seconds, Stopping threads took: 0.0000463 seconds
{Heap before GC invocations=19574 (full 20):
 par new generation   total 109248K, used 96705K [0x00000007a0000000, 0x00000007a8000000, 0x00000007a8000000)
  eden space 87424K, 100% used [0x00000007a0000000, 0x00000007a5560000, 0x00000007a5560000)
  from space 21824K,  42% used [0x00000007a5560000, 0x00000007a5e70578, 0x00000007a6ab0000)
  to   space 21824K,   0% used [0x00000007a6ab0000, 0x00000007a6ab0000, 0x00000007a8000000)
 concurrent mark-sweep generation total 393216K, used 155093K [0x00000007a8000000, 0x00000007c0000000, 0x00000007c0000000)
 Metaspace       used 43674K, capacity 44920K, committed 45100K, reserved 1089536K
  class space    used 5354K, capacity 5667K, committed 5676K, reserved 1048576K
2019-01-30T12:58:15.908+0600: 4893.479: [GC (Allocation Failure) 2019-01-30T12:58:15.908+0600: 4893.479: [ParNew
Desired survivor size 20112992 bytes, new threshold 8 (max 8)
- age   1:    5860672 bytes,    5860672 total
- age   2:       1152 bytes,    5861824 total
- age   3:       1168 bytes,    5862992 total
- age   4:        984 bytes,    5863976 total
- age   5:       1048 bytes,    5865024 total
: 96705K->7610K(109248K), 0.0083629 secs] 251798K->162703K(502464K), 0.0084562 secs] [Times: user=0.03 sys=0.00, real=0.01 secs] 
Heap after GC invocations=19575 (full 20):
 par new generation   total 109248K, used 7610K [0x00000007a0000000, 0x00000007a8000000, 0x00000007a8000000)
  eden space 87424K,   0% used [0x00000007a0000000, 0x00000007a0000000, 0x00000007a5560000)
  from space 21824K,  34% used [0x00000007a6ab0000, 0x00000007a721ea90, 0x00000007a8000000)
  to   space 21824K,   0% used [0x00000007a5560000, 0x00000007a5560000, 0x00000007a6ab0000)
 concurrent mark-sweep generation total 393216K, used 155093K [0x00000007a8000000, 0x00000007c0000000, 0x00000007c0000000)
 Metaspace       used 43674K, capacity 44920K, committed 45100K, reserved 1089536K
  class space    used 5354K, capacity 5667K, committed 5676K, reserved 1048576K
}
2019-01-30T12:58:15.917+0600: 4893.487: Total time for which application threads were stopped: 0.0086900 seconds, Stopping threads took: 0.0000223 seconds
{Heap before GC invocations=19575 (full 20):
 par new generation   total 109248K, used 95034K [0x00000007a0000000, 0x00000007a8000000, 0x00000007a8000000)
  eden space 87424K, 100% used [0x00000007a0000000, 0x00000007a5560000, 0x00000007a5560000)
  from space 21824K,  34% used [0x00000007a6ab0000, 0x00000007a721ea90, 0x00000007a8000000)
  to   space 21824K,   0% used [0x00000007a5560000, 0x00000007a5560000, 0x00000007a6ab0000)
 concurrent mark-sweep generation total 393216K, used 155093K [0x00000007a8000000, 0x00000007c0000000, 0x00000007c0000000)
 Metaspace       used 43674K, capacity 44920K, committed 45100K, reserved 1089536K
  class space    used 5354K, capacity 5667K, committed 5676K, reserved 1048576K
2019-01-30T12:58:16.111+0600: 4893.682: [GC (Allocation Failure) 2019-01-30T12:58:16.111+0600: 4893.682: [ParNew
Desired survivor size 20112992 bytes, new threshold 8 (max 8)
- age   1:   19047088 bytes,   19047088 total
- age   2:       1112 bytes,   19048200 total
- age   3:       1152 bytes,   19049352 total
- age   4:       1168 bytes,   19050520 total
- age   5:        984 bytes,   19051504 total
- age   6:       1048 bytes,   19052552 total
: 95034K->19619K(109248K), 0.0168385 secs] 250127K->174712K(502464K), 0.0169296 secs] [Times: user=0.07 sys=0.00, real=0.01 secs] 
Heap after GC invocations=19576 (full 20):
 par new generation   total 109248K, used 19619K [0x00000007a0000000, 0x00000007a8000000, 0x00000007a8000000)
  eden space 87424K,   0% used [0x00000007a0000000, 0x00000007a0000000, 0x00000007a5560000)
  from space 21824K,  89% used [0x00000007a5560000, 0x00000007a6888c00, 0x00000007a6ab0000)
  to   space 21824K,   0% used [0x00000007a6ab0000, 0x00000007a6ab0000, 0x00000007a8000000)
 concurrent mark-sweep generation total 393216K, used 155093K [0x00000007a8000000, 0x00000007c0000000, 0x00000007c0000000)
 Metaspace       used 43674K, capacity 44920K, committed 45100K, reserved 1089536K
  class space    used 5354K, capacity 5667K, committed 5676K, reserved 1048576K
}
2019-01-30T12:58:16.128+0600: 4893.699: Total time for which application threads were stopped: 0.0171452 seconds, Stopping threads took: 0.0000192 seconds
{Heap before GC invocations=19576 (full 20):
 par new generation   total 109248K, used 106436K [0x00000007a0000000, 0x00000007a8000000, 0x00000007a8000000)
  eden space 87424K,  99% used [0x00000007a0000000, 0x00000007a54c8630, 0x00000007a5560000)
  from space 21824K,  89% used [0x00000007a5560000, 0x00000007a6888c00, 0x00000007a6ab0000)
  to   space 21824K,   0% used [0x00000007a6ab0000, 0x00000007a6ab0000, 0x00000007a8000000)
 concurrent mark-sweep generation total 393216K, used 155093K [0x00000007a8000000, 0x00000007c0000000, 0x00000007c0000000)
 Metaspace       used 43674K, capacity 44920K, committed 45100K, reserved 1089536K
  class space    used 5354K, capacity 5667K, committed 5676K, reserved 1048576K
2019-01-30T12:58:16.348+0600: 4893.919: [GC (Allocation Failure) 2019-01-30T12:58:16.348+0600: 4893.919: [ParNew
Desired survivor size 20112992 bytes, new threshold 8 (max 8)
- age   1:   14614656 bytes,   14614656 total
- age   2:        984 bytes,   14615640 total
- age   3:       1112 bytes,   14616752 total
- age   4:       1152 bytes,   14617904 total
- age   5:       1168 bytes,   14619072 total
- age   6:        984 bytes,   14620056 total
- age   7:       1048 bytes,   14621104 total
: 106436K->20176K(109248K), 0.0143615 secs] 261529K->175269K(502464K), 0.0144708 secs] [Times: user=0.05 sys=0.00, real=0.02 secs] 
Heap after GC invocations=19577 (full 20):
 par new generation   total 109248K, used 20176K [0x00000007a0000000, 0x00000007a8000000, 0x00000007a8000000)
  eden space 87424K,   0% used [0x00000007a0000000, 0x00000007a0000000, 0x00000007a5560000)
  from space 21824K,  92% used [0x00000007a6ab0000, 0x00000007a7e640f8, 0x00000007a8000000)
  to   space 21824K,   0% used [0x00000007a5560000, 0x00000007a5560000, 0x00000007a6ab0000)
 concurrent mark-sweep generation total 393216K, used 155093K [0x00000007a8000000, 0x00000007c0000000, 0x00000007c0000000)
 Metaspace       used 43674K, capacity 44920K, committed 45100K, reserved 1089536K
  class space    used 5354K, capacity 5667K, committed 5676K, reserved 1048576K
}
2019-01-30T12:58:16.362+0600: 4893.933: Total time for which application threads were stopped: 0.0147100 seconds, Stopping threads took: 0.0000236 seconds
{Heap before GC invocations=19577 (full 20):
 par new generation   total 109248K, used 107600K [0x00000007a0000000, 0x00000007a8000000, 0x00000007a8000000)
  eden space 87424K, 100% used [0x00000007a0000000, 0x00000007a5560000, 0x00000007a5560000)
  from space 21824K,  92% used [0x00000007a6ab0000, 0x00000007a7e640f8, 0x00000007a8000000)
  to   space 21824K,   0% used [0x00000007a5560000, 0x00000007a5560000, 0x00000007a6ab0000)
 concurrent mark-sweep generation total 393216K, used 155093K [0x00000007a8000000, 0x00000007c0000000, 0x00000007c0000000)
 Metaspace       used 43674K, capacity 44920K, committed 45100K, reserved 1089536K
  class space    used 5354K, capacity 5667K, committed 5676K, reserved 1048576K
2019-01-30T12:58:16.554+0600: 4894.125: [GC (Allocation Failure) 2019-01-30T12:58:16.554+0600: 4894.125: [ParNew
Desired survivor size 20112992 bytes, new threshold 8 (max 8)
- age   1:   11059496 bytes,   11059496 total
- age   2:       1000 bytes,   11060496 total
- age   3:        984 bytes,   11061480 total
- age   4:       1112 bytes,   11062592 total
- age   5:       1152 bytes,   11063744 total
- age   6:       1168 bytes,   11064912 total
- age   7:        984 bytes,   11065896 total
- age   8:       1048 bytes,   11066944 total
: 107600K->16473K(109248K), 0.0120809 secs] 262693K->171566K(502464K), 0.0121855 secs] [Times: user=0.05 sys=0.01, real=0.01 secs] 
Heap after GC invocations=19578 (full 20):
 par new generation   total 109248K, used 16473K [0x00000007a0000000, 0x00000007a8000000, 0x00000007a8000000)
  eden space 87424K,   0% used [0x00000007a0000000, 0x00000007a0000000, 0x00000007a5560000)
  from space 21824K,  75% used [0x00000007a5560000, 0x00000007a65765c0, 0x00000007a6ab0000)
  to   space 21824K,   0% used [0x00000007a6ab0000, 0x00000007a6ab0000, 0x00000007a8000000)
 concurrent mark-sweep generation total 393216K, used 155093K [0x00000007a8000000, 0x00000007c0000000, 0x00000007c0000000)
 Metaspace       used 43674K, capacity 44920K, committed 45100K, reserved 1089536K
  class space    used 5354K, capacity 5667K, committed 5676K, reserved 1048576K
}
2019-01-30T12:58:16.567+0600: 4894.137: Total time for which application threads were stopped: 0.0124333 seconds, Stopping threads took: 0.0000250 seconds
{Heap before GC invocations=19578 (full 20):
 par new generation   total 109248K, used 103897K [0x00000007a0000000, 0x00000007a8000000, 0x00000007a8000000)
  eden space 87424K, 100% used [0x00000007a0000000, 0x00000007a5560000, 0x00000007a5560000)
  from space 21824K,  75% used [0x00000007a5560000, 0x00000007a65765c0, 0x00000007a6ab0000)
  to   space 21824K,   0% used [0x00000007a6ab0000, 0x00000007a6ab0000, 0x00000007a8000000)
 concurrent mark-sweep generation total 393216K, used 155093K [0x00000007a8000000, 0x00000007c0000000, 0x00000007c0000000)
 Metaspace       used 43674K, capacity 44920K, committed 45100K, reserved 1089536K
  class space    used 5354K, capacity 5667K, committed 5676K, reserved 1048576K
2019-01-30T12:58:16.763+0600: 4894.334: [GC (Allocation Failure) 2019-01-30T12:58:16.763+0600: 4894.334: [ParNew
Desired survivor size 20112992 bytes, new threshold 8 (max 8)
- age   1:    7695552 bytes,    7695552 total
- age   2:       1152 bytes,    7696704 total
- age   3:       1000 bytes,    7697704 total
- age   4:        984 bytes,    7698688 total
- age   5:       1112 bytes,    7699800 total
- age   6:       1152 bytes,    7700952 total
- age   7:       1168 bytes,    7702120 total
- age   8:        984 bytes,    7703104 total
: 103897K->10712K(109248K), 0.0096093 secs] 258990K->165806K(502464K), 0.0097139 secs] [Times: user=0.03 sys=0.01, real=0.01 secs] 
Heap after GC invocations=19579 (full 20):
 par new generation   total 109248K, used 10712K [0x00000007a0000000, 0x00000007a8000000, 0x00000007a8000000)
  eden space 87424K,   0% used [0x00000007a0000000, 0x00000007a0000000, 0x00000007a5560000)
  from space 21824K,  49% used [0x00000007a6ab0000, 0x00000007a7526190, 0x00000007a8000000)
  to   space 21824K,   0% used [0x00000007a5560000, 0x00000007a5560000, 0x00000007a6ab0000)
 concurrent mark-sweep generation total 393216K, used 155094K [0x00000007a8000000, 0x00000007c0000000, 0x00000007c0000000)
 Metaspace       used 43674K, capacity 44920K, committed 45100K, reserved 1089536K
  class space    used 5354K, capacity 5667K, committed 5676K, reserved 1048576K
}
2019-01-30T12:58:16.773+0600: 4894.344: Total time for which application threads were stopped: 0.0099446 seconds, Stopping threads took: 0.0000220 seconds
{Heap before GC invocations=19579 (full 20):
 par new generation   total 109248K, used 98136K [0x00000007a0000000, 0x00000007a8000000, 0x00000007a8000000)
  eden space 87424K, 100% used [0x00000007a0000000, 0x00000007a5560000, 0x00000007a5560000)
  from space 21824K,  49% used [0x00000007a6ab0000, 0x00000007a7526190, 0x00000007a8000000)
  to   space 21824K,   0% used [0x00000007a5560000, 0x00000007a5560000, 0x00000007a6ab0000)
 concurrent mark-sweep generation total 393216K, used 155094K [0x00000007a8000000, 0x00000007c0000000, 0x00000007c0000000)
 Metaspace       used 43674K, capacity 44920K, committed 45100K, reserved 1089536K
  class space    used 5354K, capacity 5667K, committed 5676K, reserved 1048576K
2019-01-30T12:58:16.970+0600: 4894.541: [GC (Allocation Failure) 2019-01-30T12:58:16.970+0600: 4894.541: [ParNew
Desired survivor size 20112992 bytes, new threshold 8 (max 8)
- age   1:    5891968 bytes,    5891968 total
- age   2:       1136 bytes,    5893104 total
- age   3:       1152 bytes,    5894256 total
- age   4:       1000 bytes,    5895256 total
- age   5:        984 bytes,    5896240 total
- age   6:       1112 bytes,    5897352 total
- age   7:       1152 bytes,    5898504 total
- age   8:       1168 bytes,    5899672 total
: 98136K->9046K(109248K), 0.0083307 secs] 253230K->164141K(502464K), 0.0084255 secs] [Times: user=0.03 sys=0.01, real=0.00 secs] 
Heap after GC invocations=19580 (full 20):
 par new generation   total 109248K, used 9046K [0x00000007a0000000, 0x00000007a8000000, 0x00000007a8000000)
  eden space 87424K,   0% used [0x00000007a0000000, 0x00000007a0000000, 0x00000007a5560000)
  from space 21824K,  41% used [0x00000007a5560000, 0x00000007a5e35a10, 0x00000007a6ab0000)
  to   space 21824K,   0% used [0x00000007a6ab0000, 0x00000007a6ab0000, 0x00000007a8000000)
 concurrent mark-sweep generation total 393216K, used 155095K [0x00000007a8000000, 0x00000007c0000000, 0x00000007c0000000)
 Metaspace       used 43674K, capacity 44920K, committed 45100K, reserved 1089536K
  class space    used 5354K, capacity 5667K, committed 5676K, reserved 1048576K
}
2019-01-30T12:58:16.979+0600: 4894.550: Total time for which application threads were stopped: 0.0086718 seconds, Stopping threads took: 0.0000279 seconds
{Heap before GC invocations=19580 (full 20):
 par new generation   total 109248K, used 96470K [0x00000007a0000000, 0x00000007a8000000, 0x00000007a8000000)
  eden space 87424K, 100% used [0x00000007a0000000, 0x00000007a5560000, 0x00000007a5560000)
  from space 21824K,  41% used [0x00000007a5560000, 0x00000007a5e35a10, 0x00000007a6ab0000)
  to   space 21824K,   0% used [0x00000007a6ab0000, 0x00000007a6ab0000, 0x00000007a8000000)
 concurrent mark-sweep generation total 393216K, used 155095K [0x00000007a8000000, 0x00000007c0000000, 0x00000007c0000000)
 Metaspace       used 43674K, capacity 44920K, committed 45100K, reserved 1089536K
  class space    used 5354K, capacity 5667K, committed 5676K, reserved 1048576K
2019-01-30T12:58:17.181+0600: 4894.752: [GC (Allocation Failure) 2019-01-30T12:58:17.181+0600: 4894.752: [ParNew
Desired survivor size 20112992 bytes, new threshold 1 (max 8)
- age   1:   21113176 bytes,   21113176 total
- age   2:       1160 bytes,   21114336 total
- age   3:       1136 bytes,   21115472 total
- age   4:       1152 bytes,   21116624 total
- age   5:       1000 bytes,   21117624 total
- age   6:        984 bytes,   21118608 total
- age   7:       1112 bytes,   21119720 total
- age   8:       1152 bytes,   21120872 total
: 96470K->21593K(109248K), 0.0198525 secs] 251565K->176689K(502464K), 0.0199679 secs] [Times: user=0.07 sys=0.01, real=0.02 secs] 
Heap after GC invocations=19581 (full 20):
 par new generation   total 109248K, used 21593K [0x00000007a0000000, 0x00000007a8000000, 0x00000007a8000000)
  eden space 87424K,   0% used [0x00000007a0000000, 0x00000007a0000000, 0x00000007a5560000)
  from space 21824K,  98% used [0x00000007a6ab0000, 0x00000007a7fc6540, 0x00000007a8000000)
  to   space 21824K,   0% used [0x00000007a5560000, 0x00000007a5560000, 0x00000007a6ab0000)
 concurrent mark-sweep generation total 393216K, used 155096K [0x00000007a8000000, 0x00000007c0000000, 0x00000007c0000000)
 Metaspace       used 43674K, capacity 44920K, committed 45100K, reserved 1089536K
  class space    used 5354K, capacity 5667K, committed 5676K, reserved 1048576K
}
2019-01-30T12:58:17.201+0600: 4894.772: Total time for which application threads were stopped: 0.0202597 seconds, Stopping threads took: 0.0000276 seconds
{Heap before GC invocations=19581 (full 20):
 par new generation   total 109248K, used 109017K [0x00000007a0000000, 0x00000007a8000000, 0x00000007a8000000)
  eden space 87424K, 100% used [0x00000007a0000000, 0x00000007a5560000, 0x00000007a5560000)
  from space 21824K,  98% used [0x00000007a6ab0000, 0x00000007a7fc6540, 0x00000007a8000000)
  to   space 21824K,   0% used [0x00000007a5560000, 0x00000007a5560000, 0x00000007a6ab0000)
 concurrent mark-sweep generation total 393216K, used 155096K [0x00000007a8000000, 0x00000007c0000000, 0x00000007c0000000)
 Metaspace       used 43674K, capacity 44920K, committed 45100K, reserved 1089536K
  class space    used 5354K, capacity 5667K, committed 5676K, reserved 1048576K
2019-01-30T12:58:17.457+0600: 4895.028: [GC (Allocation Failure) 2019-01-30T12:58:17.457+0600: 4895.028: [ParNew
Desired survivor size 20112992 bytes, new threshold 8 (max 8)
- age   1:   15922576 bytes,   15922576 total
: 109017K->21824K(109248K), 0.0158363 secs] 264113K->177033K(502464K), 0.0159315 secs] [Times: user=0.05 sys=0.00, real=0.02 secs] 
Heap after GC invocations=19582 (full 20):
 par new generation   total 109248K, used 21824K [0x00000007a0000000, 0x00000007a8000000, 0x00000007a8000000)
  eden space 87424K,   0% used [0x00000007a0000000, 0x00000007a0000000, 0x00000007a5560000)
  from space 21824K, 100% used [0x00000007a5560000, 0x00000007a6ab0000, 0x00000007a6ab0000)
  to   space 21824K,   0% used [0x00000007a6ab0000, 0x00000007a6ab0000, 0x00000007a8000000)
 concurrent mark-sweep generation total 393216K, used 155209K [0x00000007a8000000, 0x00000007c0000000, 0x00000007c0000000)
 Metaspace       used 43674K, capacity 44920K, committed 45100K, reserved 1089536K
  class space    used 5354K, capacity 5667K, committed 5676K, reserved 1048576K
}
2019-01-30T12:58:17.473+0600: 4895.044: Total time for which application threads were stopped: 0.0161633 seconds, Stopping threads took: 0.0000216 seconds
{Heap before GC invocations=19582 (full 20):
 par new generation   total 109248K, used 109248K [0x00000007a0000000, 0x00000007a8000000, 0x00000007a8000000)
  eden space 87424K, 100% used [0x00000007a0000000, 0x00000007a5560000, 0x00000007a5560000)
  from space 21824K, 100% used [0x00000007a5560000, 0x00000007a6ab0000, 0x00000007a6ab0000)
  to   space 21824K,   0% used [0x00000007a6ab0000, 0x00000007a6ab0000, 0x00000007a8000000)
 concurrent mark-sweep generation total 393216K, used 155209K [0x00000007a8000000, 0x00000007c0000000, 0x00000007c0000000)
 Metaspace       used 43674K, capacity 44920K, committed 45100K, reserved 1089536K
  class space    used 5354K, capacity 5667K, committed 5676K, reserved 1048576K
2019-01-30T12:58:17.678+0600: 4895.249: [GC (Allocation Failure) 2019-01-30T12:58:17.679+0600: 4895.249: [ParNew
Desired survivor size 20112992 bytes, new threshold 8 (max 8)
- age   1:   12718096 bytes,   12718096 total
- age   2:       1992 bytes,   12720088 total
: 109248K->18134K(109248K), 0.0149473 secs] 264457K->173343K(502464K), 0.0150600 secs] [Times: user=0.04 sys=0.00, real=0.02 secs] 
Heap after GC invocations=19583 (full 20):
 par new generation   total 109248K, used 18134K [0x00000007a0000000, 0x00000007a8000000, 0x00000007a8000000)
  eden space 87424K,   0% used [0x00000007a0000000, 0x00000007a0000000, 0x00000007a5560000)
  from space 21824K,  83% used [0x00000007a6ab0000, 0x00000007a7c65880, 0x00000007a8000000)
  to   space 21824K,   0% used [0x00000007a5560000, 0x00000007a5560000, 0x00000007a6ab0000)
 concurrent mark-sweep generation total 393216K, used 155209K [0x00000007a8000000, 0x00000007c0000000, 0x00000007c0000000)
 Metaspace       used 43674K, capacity 44920K, committed 45100K, reserved 1089536K
  class space    used 5354K, capacity 5667K, committed 5676K, reserved 1048576K
}
2019-01-30T12:58:17.694+0600: 4895.264: Total time for which application threads were stopped: 0.0153165 seconds, Stopping threads took: 0.0000224 seconds
{Heap before GC invocations=19583 (full 20):
 par new generation   total 109248K, used 105558K [0x00000007a0000000, 0x00000007a8000000, 0x00000007a8000000)
  eden space 87424K, 100% used [0x00000007a0000000, 0x00000007a5560000, 0x00000007a5560000)
  from space 21824K,  83% used [0x00000007a6ab0000, 0x00000007a7c65880, 0x00000007a8000000)
  to   space 21824K,   0% used [0x00000007a5560000, 0x00000007a5560000, 0x00000007a6ab0000)
 concurrent mark-sweep generation total 393216K, used 155209K [0x00000007a8000000, 0x00000007c0000000, 0x00000007c0000000)
 Metaspace       used 43674K, capacity 44920K, committed 45100K, reserved 1089536K
  class space    used 5354K, capacity 5667K, committed 5676K, reserved 1048576K
2019-01-30T12:58:17.908+0600: 4895.479: [GC (Allocation Failure) 2019-01-30T12:58:17.908+0600: 4895.479: [ParNew
Desired survivor size 20112992 bytes, new threshold 8 (max 8)
- age   1:    9405880 bytes,    9405880 total
- age   2:       1048 bytes,    9406928 total
- age   3:       1992 bytes,    9408920 total
: 105558K->13850K(109248K), 0.0110511 secs] 260767K->169059K(502464K), 0.0111502 secs] [Times: user=0.04 sys=0.00, real=0.02 secs] 
Heap after GC invocations=19584 (full 20):
 par new generation   total 109248K, used 13850K [0x00000007a0000000, 0x00000007a8000000, 0x00000007a8000000)
  eden space 87424K,   0% used [0x00000007a0000000, 0x00000007a0000000, 0x00000007a5560000)
  from space 21824K,  63% used [0x00000007a5560000, 0x00000007a62e6800, 0x00000007a6ab0000)
  to   space 21824K,   0% used [0x00000007a6ab0000, 0x00000007a6ab0000, 0x00000007a8000000)
 concurrent mark-sweep generation total 393216K, used 155209K [0x00000007a8000000, 0x00000007c0000000, 0x00000007c0000000)
 Metaspace       used 43674K, capacity 44920K, committed 45100K, reserved 1089536K
  class space    used 5354K, capacity 5667K, committed 5676K, reserved 1048576K
}
2019-01-30T12:58:17.920+0600: 4895.490: Total time for which application threads were stopped: 0.0113838 seconds, Stopping threads took: 0.0000225 seconds
{Heap before GC invocations=19584 (full 20):
 par new generation   total 109248K, used 101274K [0x00000007a0000000, 0x00000007a8000000, 0x00000007a8000000)
  eden space 87424K, 100% used [0x00000007a0000000, 0x00000007a5560000, 0x00000007a5560000)
  from space 21824K,  63% used [0x00000007a5560000, 0x00000007a62e6800, 0x00000007a6ab0000)
  to   space 21824K,   0% used [0x00000007a6ab0000, 0x00000007a6ab0000, 0x00000007a8000000)
 concurrent mark-sweep generation total 393216K, used 155209K [0x00000007a8000000, 0x00000007c0000000, 0x00000007c0000000)
 Metaspace       used 43674K, capacity 44920K, committed 45100K, reserved 1089536K
  class space    used 5354K, capacity 5667K, committed 5676K, reserved 1048576K
2019-01-30T12:58:18.116+0600: 4895.686: [GC (Allocation Failure) 2019-01-30T12:58:18.116+0600: 4895.686: [ParNew
Desired survivor size 20112992 bytes, new threshold 8 (max 8)
- age   1:    5864496 bytes,    5864496 total
- age   2:       1144 bytes,    5865640 total
- age   3:       1048 bytes,    5866688 total
- age   4:       1992 bytes,    5868680 total
: 101274K->9080K(109248K), 0.0081017 secs] 256483K->164289K(502464K), 0.0081985 secs] [Times: user=0.03 sys=0.00, real=0.01 secs] 
Heap after GC invocations=19585 (full 20):
 par new generation   total 109248K, used 9080K [0x00000007a0000000, 0x00000007a8000000, 0x00000007a8000000)
  eden space 87424K,   0% used [0x00000007a0000000, 0x00000007a0000000, 0x00000007a5560000)
  from space 21824K,  41% used [0x00000007a6ab0000, 0x00000007a738e2d0, 0x00000007a8000000)
  to   space 21824K,   0% used [0x00000007a5560000, 0x00000007a5560000, 0x00000007a6ab0000)
 concurrent mark-sweep generation total 393216K, used 155209K [0x00000007a8000000, 0x00000007c0000000, 0x00000007c0000000)
 Metaspace       used 43674K, capacity 44920K, committed 45100K, reserved 1089536K
  class space    used 5354K, capacity 5667K, committed 5676K, reserved 1048576K
}
2019-01-30T12:58:18.124+0600: 4895.695: Total time for which application threads were stopped: 0.0084305 seconds, Stopping threads took: 0.0000205 seconds
{Heap before GC invocations=19585 (full 20):
 par new generation   total 109248K, used 96504K [0x00000007a0000000, 0x00000007a8000000, 0x00000007a8000000)
  eden space 87424K, 100% used [0x00000007a0000000, 0x00000007a5560000, 0x00000007a5560000)
  from space 21824K,  41% used [0x00000007a6ab0000, 0x00000007a738e2d0, 0x00000007a8000000)
  to   space 21824K,   0% used [0x00000007a5560000, 0x00000007a5560000, 0x00000007a6ab0000)
 concurrent mark-sweep generation total 393216K, used 155209K [0x00000007a8000000, 0x00000007c0000000, 0x00000007c0000000)
 Metaspace       used 43674K, capacity 44920K, committed 45100K, reserved 1089536K
  class space    used 5354K, capacity 5667K, committed 5676K, reserved 1048576K
2019-01-30T12:58:18.331+0600: 4895.902: [GC (Allocation Failure) 2019-01-30T12:58:18.332+0600: 4895.902: [ParNew
Desired survivor size 20112992 bytes, new threshold 8 (max 8)
- age   1:    5869192 bytes,    5869192 total
- age   2:       1120 bytes,    5870312 total
- age   3:       1144 bytes,    5871456 total
- age   4:       1048 bytes,    5872504 total
- age   5:       1992 bytes,    5874496 total
: 96504K->5937K(109248K), 0.0082315 secs] 251713K->161146K(502464K), 0.0083238 secs] [Times: user=0.03 sys=0.00, real=0.01 secs] 
Heap after GC invocations=19586 (full 20):
 par new generation   total 109248K, used 5937K [0x00000007a0000000, 0x00000007a8000000, 0x00000007a8000000)
  eden space 87424K,   0% used [0x00000007a0000000, 0x00000007a0000000, 0x00000007a5560000)
  from space 21824K,  27% used [0x00000007a5560000, 0x00000007a5b2c6a8, 0x00000007a6ab0000)
  to   space 21824K,   0% used [0x00000007a6ab0000, 0x00000007a6ab0000, 0x00000007a8000000)
 concurrent mark-sweep generation total 393216K, used 155209K [0x00000007a8000000, 0x00000007c0000000, 0x00000007c0000000)
 Metaspace       used 43674K, capacity 44920K, committed 45100K, reserved 1089536K
  class space    used 5354K, capacity 5667K, committed 5676K, reserved 1048576K
}
2019-01-30T12:58:18.340+0600: 4895.911: Total time for which application threads were stopped: 0.0085587 seconds, Stopping threads took: 0.0000212 seconds
{Heap before GC invocations=19586 (full 20):
 par new generation   total 109248K, used 93361K [0x00000007a0000000, 0x00000007a8000000, 0x00000007a8000000)
  eden space 87424K, 100% used [0x00000007a0000000, 0x00000007a5560000, 0x00000007a5560000)
  from space 21824K,  27% used [0x00000007a5560000, 0x00000007a5b2c6a8, 0x00000007a6ab0000)
  to   space 21824K,   0% used [0x00000007a6ab0000, 0x00000007a6ab0000, 0x00000007a8000000)
 concurrent mark-sweep generation total 393216K, used 155209K [0x00000007a8000000, 0x00000007c0000000, 0x00000007c0000000)
 Metaspace       used 43674K, capacity 44920K, committed 45100K, reserved 1089536K
  class space    used 5354K, capacity 5667K, committed 5676K, reserved 1048576K
2019-01-30T12:58:18.533+0600: 4896.104: [GC (Allocation Failure) 2019-01-30T12:58:18.533+0600: 4896.104: [ParNew
Desired survivor size 20112992 bytes, new threshold 8 (max 8)
- age   1:   18997024 bytes,   18997024 total
- age   2:       1120 bytes,   18998144 total
- age   3:       1120 bytes,   18999264 total
- age   4:       1144 bytes,   19000408 total
- age   5:       1048 bytes,   19001456 total
- age   6:       1992 bytes,   19003448 total
: 93361K->20418K(109248K), 0.0170977 secs] 248570K->175627K(502464K), 0.0172081 secs] [Times: user=0.07 sys=0.00, real=0.02 secs] 
Heap after GC invocations=19587 (full 20):
 par new generation   total 109248K, used 20418K [0x00000007a0000000, 0x00000007a8000000, 0x00000007a8000000)
  eden space 87424K,   0% used [0x00000007a0000000, 0x00000007a0000000, 0x00000007a5560000)
  from space 21824K,  93% used [0x00000007a6ab0000, 0x00000007a7ea09c0, 0x00000007a8000000)
  to   space 21824K,   0% used [0x00000007a5560000, 0x00000007a5560000, 0x00000007a6ab0000)
 concurrent mark-sweep generation total 393216K, used 155209K [0x00000007a8000000, 0x00000007c0000000, 0x00000007c0000000)
 Metaspace       used 43674K, capacity 44920K, committed 45100K, reserved 1089536K
  class space    used 5354K, capacity 5667K, committed 5676K, reserved 1048576K
}
2019-01-30T12:58:18.550+0600: 4896.121: Total time for which application threads were stopped: 0.0174470 seconds, Stopping threads took: 0.0000245 seconds
{Heap before GC invocations=19587 (full 20):
 par new generation   total 109248K, used 107842K [0x00000007a0000000, 0x00000007a8000000, 0x00000007a8000000)
  eden space 87424K, 100% used [0x00000007a0000000, 0x00000007a5560000, 0x00000007a5560000)
  from space 21824K,  93% used [0x00000007a6ab0000, 0x00000007a7ea09c0, 0x00000007a8000000)
  to   space 21824K,   0% used [0x00000007a5560000, 0x00000007a5560000, 0x00000007a6ab0000)
 concurrent mark-sweep generation total 393216K, used 155209K [0x00000007a8000000, 0x00000007c0000000, 0x00000007c0000000)
 Metaspace       used 43674K, capacity 44920K, committed 45100K, reserved 1089536K
  class space    used 5354K, capacity 5667K, committed 5676K, reserved 1048576K
2019-01-30T12:58:18.745+0600: 4896.316: [GC (Allocation Failure) 2019-01-30T12:58:18.745+0600: 4896.316: [ParNew
Desired survivor size 20112992 bytes, new threshold 8 (max 8)
- age   1:   14614816 bytes,   14614816 total
- age   2:        960 bytes,   14615776 total
- age   3:       1120 bytes,   14616896 total
- age   4:       1120 bytes,   14618016 total
- age   5:       1144 bytes,   14619160 total
- age   6:       1048 bytes,   14620208 total
- age   7:       1992 bytes,   14622200 total
: 107842K->20766K(109248K), 0.0142785 secs] 263051K->175975K(502464K), 0.0143830 secs] [Times: user=0.06 sys=0.00, real=0.01 secs] 
Heap after GC invocations=19588 (full 20):
 par new generation   total 109248K, used 20766K [0x00000007a0000000, 0x00000007a8000000, 0x00000007a8000000)
  eden space 87424K,   0% used [0x00000007a0000000, 0x00000007a0000000, 0x00000007a5560000)
  from space 21824K,  95% used [0x00000007a5560000, 0x00000007a69a7a98, 0x00000007a6ab0000)
  to   space 21824K,   0% used [0x00000007a6ab0000, 0x00000007a6ab0000, 0x00000007a8000000)
 concurrent mark-sweep generation total 393216K, used 155209K [0x00000007a8000000, 0x00000007c0000000, 0x00000007c0000000)
 Metaspace       used 43674K, capacity 44920K, committed 45100K, reserved 1089536K
  class space    used 5354K, capacity 5667K, committed 5676K, reserved 1048576K
}
2019-01-30T12:58:18.759+0600: 4896.330: Total time for which application threads were stopped: 0.0146247 seconds, Stopping threads took: 0.0000259 seconds
{Heap before GC invocations=19588 (full 20):
 par new generation   total 109248K, used 108190K [0x00000007a0000000, 0x00000007a8000000, 0x00000007a8000000)
  eden space 87424K, 100% used [0x00000007a0000000, 0x00000007a5560000, 0x00000007a5560000)
  from space 21824K,  95% used [0x00000007a5560000, 0x00000007a69a7a98, 0x00000007a6ab0000)
  to   space 21824K,   0% used [0x00000007a6ab0000, 0x00000007a6ab0000, 0x00000007a8000000)
 concurrent mark-sweep generation total 393216K, used 155209K [0x00000007a8000000, 0x00000007c0000000, 0x00000007c0000000)
 Metaspace       used 43674K, capacity 44920K, committed 45100K, reserved 1089536K
  class space    used 5354K, capacity 5667K, committed 5676K, reserved 1048576K
2019-01-30T12:58:18.953+0600: 4896.523: [GC (Allocation Failure) 2019-01-30T12:58:18.953+0600: 4896.524: [ParNew
Desired survivor size 20112992 bytes, new threshold 8 (max 8)
- age   1:   11059600 bytes,   11059600 total
- age   2:        992 bytes,   11060592 total
- age   3:        960 bytes,   11061552 total
- age   4:       1120 bytes,   11062672 total
- age   5:       1120 bytes,   11063792 total
- age   6:       1144 bytes,   11064936 total
- age   7:       1048 bytes,   11065984 total
- age   8:       1992 bytes,   11067976 total
: 108190K->16642K(109248K), 0.0120303 secs] 263399K->171852K(502464K), 0.0121373 secs] [Times: user=0.04 sys=0.00, real=0.01 secs] 
Heap after GC invocations=19589 (full 20):
 par new generation   total 109248K, used 16642K [0x00000007a0000000, 0x00000007a8000000, 0x00000007a8000000)
  eden space 87424K,   0% used [0x00000007a0000000, 0x00000007a0000000, 0x00000007a5560000)
  from space 21824K,  76% used [0x00000007a6ab0000, 0x00000007a7af0bc0, 0x00000007a8000000)
  to   space 21824K,   0% used [0x00000007a5560000, 0x00000007a5560000, 0x00000007a6ab0000)
 concurrent mark-sweep generation total 393216K, used 155209K [0x00000007a8000000, 0x00000007c0000000, 0x00000007c0000000)
 Metaspace       used 43674K, capacity 44920K, committed 45100K, reserved 1089536K
  class space    used 5354K, capacity 5667K, committed 5676K, reserved 1048576K
}
2019-01-30T12:58:18.965+0600: 4896.536: Total time for which application threads were stopped: 0.0123826 seconds, Stopping threads took: 0.0000259 seconds
{Heap before GC invocations=19589 (full 20):
 par new generation   total 109248K, used 104066K [0x00000007a0000000, 0x00000007a8000000, 0x00000007a8000000)
  eden space 87424K, 100% used [0x00000007a0000000, 0x00000007a5560000, 0x00000007a5560000)
  from space 21824K,  76% used [0x00000007a6ab0000, 0x00000007a7af0bc0, 0x00000007a8000000)
  to   space 21824K,   0% used [0x00000007a5560000, 0x00000007a5560000, 0x00000007a6ab0000)
 concurrent mark-sweep generation total 393216K, used 155209K [0x00000007a8000000, 0x00000007c0000000, 0x00000007c0000000)
 Metaspace       used 43674K, capacity 44920K, committed 45100K, reserved 1089536K
  class space    used 5354K, capacity 5667K, committed 5676K, reserved 1048576K
2019-01-30T12:58:19.165+0600: 4896.735: [GC (Allocation Failure) 2019-01-30T12:58:19.165+0600: 4896.735: [ParNew
Desired survivor size 20112992 bytes, new threshold 8 (max 8)
- age   1:    7695752 bytes,    7695752 total
- age   2:       1088 bytes,    7696840 total
- age   3:        992 bytes,    7697832 total
- age   4:        960 bytes,    7698792 total
- age   5:       1120 bytes,    7699912 total
- age   6:       1120 bytes,    7701032 total
- age   7:       1144 bytes,    7702176 total
- age   8:       1048 bytes,    7703224 total
: 104066K->10760K(109248K), 0.0096998 secs] 259276K->165971K(502464K), 0.0098063 secs] [Times: user=0.04 sys=0.00, real=0.01 secs] 
Heap after GC invocations=19590 (full 20):
 par new generation   total 109248K, used 10760K [0x00000007a0000000, 0x00000007a8000000, 0x00000007a8000000)
  eden space 87424K,   0% used [0x00000007a0000000, 0x00000007a0000000, 0x00000007a5560000)
  from space 21824K,  49% used [0x00000007a5560000, 0x00000007a5fe2280, 0x00000007a6ab0000)
  to   space 21824K,   0% used [0x00000007a6ab0000, 0x00000007a6ab0000, 0x00000007a8000000)
 concurrent mark-sweep generation total 393216K, used 155211K [0x00000007a8000000, 0x00000007c0000000, 0x00000007c0000000)
 Metaspace       used 43674K, capacity 44920K, committed 45100K, reserved 1089536K
  class space    used 5354K, capacity 5667K, committed 5676K, reserved 1048576K
}
2019-01-30T12:58:19.175+0600: 4896.745: Total time for which application threads were stopped: 0.0100421 seconds, Stopping threads took: 0.0000249 seconds
{Heap before GC invocations=19590 (full 20):
 par new generation   total 109248K, used 98184K [0x00000007a0000000, 0x00000007a8000000, 0x00000007a8000000)
  eden space 87424K, 100% used [0x00000007a0000000, 0x00000007a5560000, 0x00000007a5560000)
  from space 21824K,  49% used [0x00000007a5560000, 0x00000007a5fe2280, 0x00000007a6ab0000)
  to   space 21824K,   0% used [0x00000007a6ab0000, 0x00000007a6ab0000, 0x00000007a8000000)
 concurrent mark-sweep generation total 393216K, used 155211K [0x00000007a8000000, 0x00000007c0000000, 0x00000007c0000000)
 Metaspace       used 43674K, capacity 44920K, committed 45100K, reserved 1089536K
  class space    used 5354K, capacity 5667K, committed 5676K, reserved 1048576K
2019-01-30T12:58:19.419+0600: 4896.989: [GC (Allocation Failure) 2019-01-30T12:58:19.419+0600: 4896.990: [ParNew
Desired survivor size 20112992 bytes, new threshold 8 (max 8)
- age   1:    5891896 bytes,    5891896 total
- age   2:       1168 bytes,    5893064 total
- age   3:       1088 bytes,    5894152 total
- age   4:        992 bytes,    5895144 total
- age   5:        960 bytes,    5896104 total
- age   6:       1120 bytes,    5897224 total
- age   7:       1120 bytes,    5898344 total
- age   8:       1144 bytes,    5899488 total
: 98184K->9057K(109248K), 0.0086732 secs] 253395K->164269K(502464K), 0.0087603 secs] [Times: user=0.03 sys=0.00, real=0.01 secs] 
Heap after GC invocations=19591 (full 20):
 par new generation   total 109248K, used 9057K [0x00000007a0000000, 0x00000007a8000000, 0x00000007a8000000)
  eden space 87424K,   0% used [0x00000007a0000000, 0x00000007a0000000, 0x00000007a5560000)
  from space 21824K,  41% used [0x00000007a6ab0000, 0x00000007a7388510, 0x00000007a8000000)
  to   space 21824K,   0% used [0x00000007a5560000, 0x00000007a5560000, 0x00000007a6ab0000)
 concurrent mark-sweep generation total 393216K, used 155212K [0x00000007a8000000, 0x00000007c0000000, 0x00000007c0000000)
 Metaspace       used 43674K, capacity 44920K, committed 45100K, reserved 1089536K
  class space    used 5354K, capacity 5667K, committed 5676K, reserved 1048576K
}
2019-01-30T12:58:19.428+0600: 4896.998: Total time for which application threads were stopped: 0.0089860 seconds, Stopping threads took: 0.0000215 seconds
{Heap before GC invocations=19591 (full 20):
 par new generation   total 109248K, used 96481K [0x00000007a0000000, 0x00000007a8000000, 0x00000007a8000000)
  eden space 87424K, 100% used [0x00000007a0000000, 0x00000007a5560000, 0x00000007a5560000)
  from space 21824K,  41% used [0x00000007a6ab0000, 0x00000007a7388510, 0x00000007a8000000)
  to   space 21824K,   0% used [0x00000007a5560000, 0x00000007a5560000, 0x00000007a6ab0000)
 concurrent mark-sweep generation total 393216K, used 155212K [0x00000007a8000000, 0x00000007c0000000, 0x00000007c0000000)
 Metaspace       used 43674K, capacity 44920K, committed 45100K, reserved 1089536K
  class space    used 5354K, capacity 5667K, committed 5676K, reserved 1048576K
2019-01-30T12:58:19.624+0600: 4897.194: [GC (Allocation Failure) 2019-01-30T12:58:19.624+0600: 4897.195: [ParNew
Desired survivor size 20112992 bytes, new threshold 1 (max 8)
- age   1:   21113360 bytes,   21113360 total
- age   2:       1096 bytes,   21114456 total
- age   3:       1168 bytes,   21115624 total
- age   4:       1088 bytes,   21116712 total
- age   5:        992 bytes,   21117704 total
- age   6:        960 bytes,   21118664 total
- age   7:       1120 bytes,   21119784 total
- age   8:       1120 bytes,   21120904 total
: 96481K->21603K(109248K), 0.0185558 secs] 251693K->176816K(502464K), 0.0186600 secs] [Times: user=0.07 sys=0.00, real=0.02 secs] 
Heap after GC invocations=19592 (full 20):
 par new generation   total 109248K, used 21603K [0x00000007a0000000, 0x00000007a8000000, 0x00000007a8000000)
  eden space 87424K,   0% used [0x00000007a0000000, 0x00000007a0000000, 0x00000007a5560000)
  from space 21824K,  98% used [0x00000007a5560000, 0x00000007a6a78e40, 0x00000007a6ab0000)
  to   space 21824K,   0% used [0x00000007a6ab0000, 0x00000007a6ab0000, 0x00000007a8000000)
 concurrent mark-sweep generation total 393216K, used 155213K [0x00000007a8000000, 0x00000007c0000000, 0x00000007c0000000)
 Metaspace       used 43674K, capacity 44920K, committed 45100K, reserved 1089536K
  class space    used 5354K, capacity 5667K, committed 5676K, reserved 1048576K
}
2019-01-30T12:58:19.642+0600: 4897.213: Total time for which application threads were stopped: 0.0188953 seconds, Stopping threads took: 0.0000238 seconds
{Heap before GC invocations=19592 (full 20):
 par new generation   total 109248K, used 109027K [0x00000007a0000000, 0x00000007a8000000, 0x00000007a8000000)
  eden space 87424K, 100% used [0x00000007a0000000, 0x00000007a5560000, 0x00000007a5560000)
  from space 21824K,  98% used [0x00000007a5560000, 0x00000007a6a78e40, 0x00000007a6ab0000)
  to   space 21824K,   0% used [0x00000007a6ab0000, 0x00000007a6ab0000, 0x00000007a8000000)
 concurrent mark-sweep generation total 393216K, used 155213K [0x00000007a8000000, 0x00000007c0000000, 0x00000007c0000000)
 Metaspace       used 43674K, capacity 44920K, committed 45100K, reserved 1089536K
  class space    used 5354K, capacity 5667K, committed 5676K, reserved 1048576K
2019-01-30T12:58:19.837+0600: 4897.407: [GC (Allocation Failure) 2019-01-30T12:58:19.837+0600: 4897.407: [ParNew
Desired survivor size 20112992 bytes, new threshold 8 (max 8)
- age   1:   16029432 bytes,   16029432 total
: 109027K->19416K(109248K), 0.0151948 secs] 264240K->174638K(502464K), 0.0152869 secs] [Times: user=0.06 sys=0.00, real=0.02 secs] 
Heap after GC invocations=19593 (full 20):
 par new generation   total 109248K, used 19416K [0x00000007a0000000, 0x00000007a8000000, 0x00000007a8000000)
  eden space 87424K,   0% used [0x00000007a0000000, 0x00000007a0000000, 0x00000007a5560000)
  from space 21824K,  88% used [0x00000007a6ab0000, 0x00000007a7da6300, 0x00000007a8000000)
  to   space 21824K,   0% used [0x00000007a5560000, 0x00000007a5560000, 0x00000007a6ab0000)
 concurrent mark-sweep generation total 393216K, used 155222K [0x00000007a8000000, 0x00000007c0000000, 0x00000007c0000000)
 Metaspace       used 43674K, capacity 44920K, committed 45100K, reserved 1089536K
  class space    used 5354K, capacity 5667K, committed 5676K, reserved 1048576K
}
2019-01-30T12:58:19.852+0600: 4897.423: Total time for which application threads were stopped: 0.0155066 seconds, Stopping threads took: 0.0000226 seconds
{Heap before GC invocations=19593 (full 20):
 par new generation   total 109248K, used 106840K [0x00000007a0000000, 0x00000007a8000000, 0x00000007a8000000)
  eden space 87424K, 100% used [0x00000007a0000000, 0x00000007a5560000, 0x00000007a5560000)
  from space 21824K,  88% used [0x00000007a6ab0000, 0x00000007a7da6300, 0x00000007a8000000)
  to   space 21824K,   0% used [0x00000007a5560000, 0x00000007a5560000, 0x00000007a6ab0000)
 concurrent mark-sweep generation total 393216K, used 155222K [0x00000007a8000000, 0x00000007c0000000, 0x00000007c0000000)
 Metaspace       used 43674K, capacity 44920K, committed 45100K, reserved 1089536K
  class space    used 5354K, capacity 5667K, committed 5676K, reserved 1048576K
2019-01-30T12:58:20.050+0600: 4897.621: [GC (Allocation Failure) 2019-01-30T12:58:20.050+0600: 4897.621: [ParNew
Desired survivor size 20112992 bytes, new threshold 8 (max 8)
- age   1:   12747560 bytes,   12747560 total
- age   2:       1064 bytes,   12748624 total
: 106840K->18720K(109248K), 0.0166526 secs] 262062K->173942K(502464K), 0.0167694 secs] [Times: user=0.04 sys=0.00, real=0.01 secs] 
Heap after GC invocations=19594 (full 20):
 par new generation   total 109248K, used 18720K [0x00000007a0000000, 0x00000007a8000000, 0x00000007a8000000)
  eden space 87424K,   0% used [0x00000007a0000000, 0x00000007a0000000, 0x00000007a5560000)
  from space 21824K,  85% used [0x00000007a5560000, 0x00000007a67a8230, 0x00000007a6ab0000)
  to   space 21824K,   0% used [0x00000007a6ab0000, 0x00000007a6ab0000, 0x00000007a8000000)
 concurrent mark-sweep generation total 393216K, used 155222K [0x00000007a8000000, 0x00000007c0000000, 0x00000007c0000000)
 Metaspace       used 43674K, capacity 44920K, committed 45100K, reserved 1089536K
  class space    used 5354K, capacity 5667K, committed 5676K, reserved 1048576K
}
2019-01-30T12:58:20.067+0600: 4897.637: Total time for which application threads were stopped: 0.0170069 seconds, Stopping threads took: 0.0000309 seconds
{Heap before GC invocations=19594 (full 20):
 par new generation   total 109248K, used 106144K [0x00000007a0000000, 0x00000007a8000000, 0x00000007a8000000)
  eden space 87424K, 100% used [0x00000007a0000000, 0x00000007a5560000, 0x00000007a5560000)
  from space 21824K,  85% used [0x00000007a5560000, 0x00000007a67a8230, 0x00000007a6ab0000)
  to   space 21824K,   0% used [0x00000007a6ab0000, 0x00000007a6ab0000, 0x00000007a8000000)
 concurrent mark-sweep generation total 393216K, used 155222K [0x00000007a8000000, 0x00000007c0000000, 0x00000007c0000000)
 Metaspace       used 43674K, capacity 44920K, committed 45100K, reserved 1089536K
  class space    used 5354K, capacity 5667K, committed 5676K, reserved 1048576K
2019-01-30T12:58:20.315+0600: 4897.886: [GC (Allocation Failure) 2019-01-30T12:58:20.315+0600: 4897.886: [ParNew
Desired survivor size 20112992 bytes, new threshold 8 (max 8)
- age   1:    9474008 bytes,    9474008 total
- age   2:       1032 bytes,    9475040 total
- age   3:       1064 bytes,    9476104 total
: 106144K->13713K(109248K), 0.0108039 secs] 261366K->168935K(502464K), 0.0109136 secs] [Times: user=0.04 sys=0.00, real=0.01 secs] 
Heap after GC invocations=19595 (full 20):
 par new generation   total 109248K, used 13713K [0x00000007a0000000, 0x00000007a8000000, 0x00000007a8000000)
  eden space 87424K,   0% used [0x00000007a0000000, 0x00000007a0000000, 0x00000007a5560000)
  from space 21824K,  62% used [0x00000007a6ab0000, 0x00000007a7814480, 0x00000007a8000000)
  to   space 21824K,   0% used [0x00000007a5560000, 0x00000007a5560000, 0x00000007a6ab0000)
 concurrent mark-sweep generation total 393216K, used 155222K [0x00000007a8000000, 0x00000007c0000000, 0x00000007c0000000)
 Metaspace       used 43674K, capacity 44920K, committed 45100K, reserved 1089536K
  class space    used 5354K, capacity 5667K, committed 5676K, reserved 1048576K
}
2019-01-30T12:58:20.326+0600: 4897.897: Total time for which application threads were stopped: 0.0111633 seconds, Stopping threads took: 0.0000264 seconds
{Heap before GC invocations=19595 (full 20):
 par new generation   total 109248K, used 101137K [0x00000007a0000000, 0x00000007a8000000, 0x00000007a8000000)
  eden space 87424K, 100% used [0x00000007a0000000, 0x00000007a5560000, 0x00000007a5560000)
  from space 21824K,  62% used [0x00000007a6ab0000, 0x00000007a7814480, 0x00000007a8000000)
  to   space 21824K,   0% used [0x00000007a5560000, 0x00000007a5560000, 0x00000007a6ab0000)
 concurrent mark-sweep generation total 393216K, used 155222K [0x00000007a8000000, 0x00000007c0000000, 0x00000007c0000000)
 Metaspace       used 43674K, capacity 44920K, committed 45100K, reserved 1089536K
  class space    used 5354K, capacity 5667K, committed 5676K, reserved 1048576K
2019-01-30T12:58:20.583+0600: 4898.154: [GC (Allocation Failure) 2019-01-30T12:58:20.583+0600: 4898.154: [ParNew
Desired survivor size 20112992 bytes, new threshold 8 (max 8)
- age   1:    5930832 bytes,    5930832 total
- age   2:       1136 bytes,    5931968 total
- age   3:       1032 bytes,    5933000 total
- age   4:       1064 bytes,    5934064 total
: 101137K->9072K(109248K), 0.0332045 secs] 256359K->164294K(502464K), 0.0332887 secs] [Times: user=0.03 sys=0.00, real=0.03 secs] 
Heap after GC invocations=19596 (full 20):
 par new generation   total 109248K, used 9072K [0x00000007a0000000, 0x00000007a8000000, 0x00000007a8000000)
  eden space 87424K,   0% used [0x00000007a0000000, 0x00000007a0000000, 0x00000007a5560000)
  from space 21824K,  41% used [0x00000007a5560000, 0x00000007a5e3c2d8, 0x00000007a6ab0000)
  to   space 21824K,   0% used [0x00000007a6ab0000, 0x00000007a6ab0000, 0x00000007a8000000)
 concurrent mark-sweep generation total 393216K, used 155222K [0x00000007a8000000, 0x00000007c0000000, 0x00000007c0000000)
 Metaspace       used 43674K, capacity 44920K, committed 45100K, reserved 1089536K
  class space    used 5354K, capacity 5667K, committed 5676K, reserved 1048576K
}
2019-01-30T12:58:20.617+0600: 4898.188: Total time for which application threads were stopped: 0.0335738 seconds, Stopping threads took: 0.0000275 seconds
{Heap before GC invocations=19596 (full 20):
 par new generation   total 109248K, used 96496K [0x00000007a0000000, 0x00000007a8000000, 0x00000007a8000000)
  eden space 87424K, 100% used [0x00000007a0000000, 0x00000007a5560000, 0x00000007a5560000)
  from space 21824K,  41% used [0x00000007a5560000, 0x00000007a5e3c2d8, 0x00000007a6ab0000)
  to   space 21824K,   0% used [0x00000007a6ab0000, 0x00000007a6ab0000, 0x00000007a8000000)
 concurrent mark-sweep generation total 393216K, used 155222K [0x00000007a8000000, 0x00000007c0000000, 0x00000007c0000000)
 Metaspace       used 43674K, capacity 44920K, committed 45100K, reserved 1089536K
  class space    used 5354K, capacity 5667K, committed 5676K, reserved 1048576K
2019-01-30T12:58:20.851+0600: 4898.422: [GC (Allocation Failure) 2019-01-30T12:58:20.851+0600: 4898.422: [ParNew
Desired survivor size 20112992 bytes, new threshold 8 (max 8)
- age   1:    5870048 bytes,    5870048 total
- age   2:       1208 bytes,    5871256 total
- age   3:       1136 bytes,    5872392 total
- age   4:       1032 bytes,    5873424 total
- age   5:       1064 bytes,    5874488 total
: 96496K->7886K(109248K), 0.0101118 secs] 251718K->163108K(502464K), 0.0101952 secs] [Times: user=0.03 sys=0.00, real=0.01 secs] 
Heap after GC invocations=19597 (full 20):
 par new generation   total 109248K, used 7886K [0x00000007a0000000, 0x00000007a8000000, 0x00000007a8000000)
  eden space 87424K,   0% used [0x00000007a0000000, 0x00000007a0000000, 0x00000007a5560000)
  from space 21824K,  36% used [0x00000007a6ab0000, 0x00000007a7263880, 0x00000007a8000000)
  to   space 21824K,   0% used [0x00000007a5560000, 0x00000007a5560000, 0x00000007a6ab0000)
 concurrent mark-sweep generation total 393216K, used 155222K [0x00000007a8000000, 0x00000007c0000000, 0x00000007c0000000)
 Metaspace       used 43674K, capacity 44920K, committed 45100K, reserved 1089536K
  class space    used 5354K, capacity 5667K, committed 5676K, reserved 1048576K
}
2019-01-30T12:58:20.861+0600: 4898.432: Total time for which application threads were stopped: 0.0104286 seconds, Stopping threads took: 0.0000253 seconds
{Heap before GC invocations=19597 (full 20):
 par new generation   total 109248K, used 95310K [0x00000007a0000000, 0x00000007a8000000, 0x00000007a8000000)
  eden space 87424K, 100% used [0x00000007a0000000, 0x00000007a5560000, 0x00000007a5560000)
  from space 21824K,  36% used [0x00000007a6ab0000, 0x00000007a7263880, 0x00000007a8000000)
  to   space 21824K,   0% used [0x00000007a5560000, 0x00000007a5560000, 0x00000007a6ab0000)
 concurrent mark-sweep generation total 393216K, used 155222K [0x00000007a8000000, 0x00000007c0000000, 0x00000007c0000000)
 Metaspace       used 43674K, capacity 44920K, committed 45100K, reserved 1089536K
  class space    used 5354K, capacity 5667K, committed 5676K, reserved 1048576K
2019-01-30T12:58:21.095+0600: 4898.666: [GC (Allocation Failure) 2019-01-30T12:58:21.095+0600: 4898.666: [ParNew
Desired survivor size 20112992 bytes, new threshold 8 (max 8)
- age   1:   19090128 bytes,   19090128 total
- age   2:       1152 bytes,   19091280 total
- age   3:       1208 bytes,   19092488 total
- age   4:       1136 bytes,   19093624 total
- age   5:       1032 bytes,   19094656 total
- age   6:       1064 bytes,   19095720 total
: 95310K->20043K(109248K), 0.0173807 secs] 250532K->175265K(502464K), 0.0175141 secs] [Times: user=0.06 sys=0.00, real=0.02 secs] 
Heap after GC invocations=19598 (full 20):
 par new generation   total 109248K, used 20043K [0x00000007a0000000, 0x00000007a8000000, 0x00000007a8000000)
  eden space 87424K,   0% used [0x00000007a0000000, 0x00000007a0000000, 0x00000007a5560000)
  from space 21824K,  91% used [0x00000007a5560000, 0x00000007a68f2f40, 0x00000007a6ab0000)
  to   space 21824K,   0% used [0x00000007a6ab0000, 0x00000007a6ab0000, 0x00000007a8000000)
 concurrent mark-sweep generation total 393216K, used 155222K [0x00000007a8000000, 0x00000007c0000000, 0x00000007c0000000)
 Metaspace       used 43674K, capacity 44920K, committed 45100K, reserved 1089536K
  class space    used 5354K, capacity 5667K, committed 5676K, reserved 1048576K
}
2019-01-30T12:58:21.112+0600: 4898.683: Total time for which application threads were stopped: 0.0178053 seconds, Stopping threads took: 0.0000541 seconds
{Heap before GC invocations=19598 (full 20):
 par new generation   total 109248K, used 107373K [0x00000007a0000000, 0x00000007a8000000, 0x00000007a8000000)
  eden space 87424K,  99% used [0x00000007a0000000, 0x00000007a55485b8, 0x00000007a5560000)
  from space 21824K,  91% used [0x00000007a5560000, 0x00000007a68f2f40, 0x00000007a6ab0000)
  to   space 21824K,   0% used [0x00000007a6ab0000, 0x00000007a6ab0000, 0x00000007a8000000)
 concurrent mark-sweep generation total 393216K, used 155222K [0x00000007a8000000, 0x00000007c0000000, 0x00000007c0000000)
 Metaspace       used 43674K, capacity 44920K, committed 45100K, reserved 1089536K
  class space    used 5354K, capacity 5667K, committed 5676K, reserved 1048576K
2019-01-30T12:58:21.316+0600: 4898.887: [GC (Allocation Failure) 2019-01-30T12:58:21.316+0600: 4898.887: [ParNew
Desired survivor size 20112992 bytes, new threshold 8 (max 8)
- age   1:   14615072 bytes,   14615072 total
- age   2:        936 bytes,   14616008 total
- age   3:       1152 bytes,   14617160 total
- age   4:       1208 bytes,   14618368 total
- age   5:       1136 bytes,   14619504 total
- age   6:       1032 bytes,   14620536 total
- age   7:       1064 bytes,   14621600 total
: 107373K->21824K(109248K), 0.0143775 secs] 262595K->177046K(502464K), 0.0144697 secs] [Times: user=0.06 sys=0.01, real=0.02 secs] 
Heap after GC invocations=19599 (full 20):
 par new generation   total 109248K, used 21824K [0x00000007a0000000, 0x00000007a8000000, 0x00000007a8000000)
  eden space 87424K,   0% used [0x00000007a0000000, 0x00000007a0000000, 0x00000007a5560000)
  from space 21824K, 100% used [0x00000007a6ab0000, 0x00000007a8000000, 0x00000007a8000000)
  to   space 21824K,   0% used [0x00000007a5560000, 0x00000007a5560000, 0x00000007a6ab0000)
 concurrent mark-sweep generation total 393216K, used 155222K [0x00000007a8000000, 0x00000007c0000000, 0x00000007c0000000)
 Metaspace       used 43674K, capacity 44920K, committed 45100K, reserved 1089536K
  class space    used 5354K, capacity 5667K, committed 5676K, reserved 1048576K
}
2019-01-30T12:58:21.330+0600: 4898.901: Total time for which application threads were stopped: 0.0147023 seconds, Stopping threads took: 0.0000222 seconds
{Heap before GC invocations=19599 (full 20):
 par new generation   total 109248K, used 109248K [0x00000007a0000000, 0x00000007a8000000, 0x00000007a8000000)
  eden space 87424K, 100% used [0x00000007a0000000, 0x00000007a5560000, 0x00000007a5560000)
  from space 21824K, 100% used [0x00000007a6ab0000, 0x00000007a8000000, 0x00000007a8000000)
  to   space 21824K,   0% used [0x00000007a5560000, 0x00000007a5560000, 0x00000007a6ab0000)
 concurrent mark-sweep generation total 393216K, used 155222K [0x00000007a8000000, 0x00000007c0000000, 0x00000007c0000000)
 Metaspace       used 43674K, capacity 44920K, committed 45100K, reserved 1089536K
  class space    used 5354K, capacity 5667K, committed 5676K, reserved 1048576K
2019-01-30T12:58:21.559+0600: 4899.129: [GC (Allocation Failure) 2019-01-30T12:58:21.559+0600: 4899.129: [ParNew
Desired survivor size 20112992 bytes, new threshold 8 (max 8)
- age   1:   11059808 bytes,   11059808 total
- age   2:       1080 bytes,   11060888 total
- age   3:        936 bytes,   11061824 total
- age   4:       1152 bytes,   11062976 total
- age   5:       1208 bytes,   11064184 total
- age   6:       1136 bytes,   11065320 total
- age   7:       1032 bytes,   11066352 total
- age   8:       1064 bytes,   11067416 total
: 109248K->14516K(109248K), 0.0122497 secs] 264470K->169738K(502464K), 0.0123517 secs] [Times: user=0.05 sys=0.00, real=0.02 secs] 
Heap after GC invocations=19600 (full 20):
 par new generation   total 109248K, used 14516K [0x00000007a0000000, 0x00000007a8000000, 0x00000007a8000000)
  eden space 87424K,   0% used [0x00000007a0000000, 0x00000007a0000000, 0x00000007a5560000)
  from space 21824K,  66% used [0x00000007a5560000, 0x00000007a638d058, 0x00000007a6ab0000)
  to   space 21824K,   0% used [0x00000007a6ab0000, 0x00000007a6ab0000, 0x00000007a8000000)
 concurrent mark-sweep generation total 393216K, used 155222K [0x00000007a8000000, 0x00000007c0000000, 0x00000007c0000000)
 Metaspace       used 43674K, capacity 44920K, committed 45100K, reserved 1089536K
  class space    used 5354K, capacity 5667K, committed 5676K, reserved 1048576K
}
2019-01-30T12:58:21.571+0600: 4899.142: Total time for which application threads were stopped: 0.0125874 seconds, Stopping threads took: 0.0000296 seconds
{Heap before GC invocations=19600 (full 20):
 par new generation   total 109248K, used 101940K [0x00000007a0000000, 0x00000007a8000000, 0x00000007a8000000)
  eden space 87424K, 100% used [0x00000007a0000000, 0x00000007a5560000, 0x00000007a5560000)
  from space 21824K,  66% used [0x00000007a5560000, 0x00000007a638d058, 0x00000007a6ab0000)
  to   space 21824K,   0% used [0x00000007a6ab0000, 0x00000007a6ab0000, 0x00000007a8000000)
 concurrent mark-sweep generation total 393216K, used 155222K [0x00000007a8000000, 0x00000007c0000000, 0x00000007c0000000)
 Metaspace       used 43674K, capacity 44920K, committed 45100K, reserved 1089536K
  class space    used 5354K, capacity 5667K, committed 5676K, reserved 1048576K
2019-01-30T12:58:21.765+0600: 4899.336: [GC (Allocation Failure) 2019-01-30T12:58:21.765+0600: 4899.336: [ParNew
Desired survivor size 20112992 bytes, new threshold 8 (max 8)
- age   1:    7695872 bytes,    7695872 total
- age   2:       1128 bytes,    7697000 total
- age   3:       1080 bytes,    7698080 total
- age   4:        936 bytes,    7699016 total
- age   5:       1152 bytes,    7700168 total
- age   6:       1208 bytes,    7701376 total
- age   7:       1136 bytes,    7702512 total
- age   8:       1032 bytes,    7703544 total
: 101940K->11331K(109248K), 0.0096683 secs] 257162K->166554K(502464K), 0.0097671 secs] [Times: user=0.04 sys=0.00, real=0.01 secs] 
Heap after GC invocations=19601 (full 20):
 par new generation   total 109248K, used 11331K [0x00000007a0000000, 0x00000007a8000000, 0x00000007a8000000)
  eden space 87424K,   0% used [0x00000007a0000000, 0x00000007a0000000, 0x00000007a5560000)
  from space 21824K,  51% used [0x00000007a6ab0000, 0x00000007a75c0f40, 0x00000007a8000000)
  to   space 21824K,   0% used [0x00000007a5560000, 0x00000007a5560000, 0x00000007a6ab0000)
 concurrent mark-sweep generation total 393216K, used 155223K [0x00000007a8000000, 0x00000007c0000000, 0x00000007c0000000)
 Metaspace       used 43674K, capacity 44920K, committed 45100K, reserved 1089536K
  class space    used 5354K, capacity 5667K, committed 5676K, reserved 1048576K
}
2019-01-30T12:58:21.775+0600: 4899.346: Total time for which application threads were stopped: 0.0100033 seconds, Stopping threads took: 0.0000258 seconds
{Heap before GC invocations=19601 (full 20):
 par new generation   total 109248K, used 98755K [0x00000007a0000000, 0x00000007a8000000, 0x00000007a8000000)
  eden space 87424K, 100% used [0x00000007a0000000, 0x00000007a5560000, 0x00000007a5560000)
  from space 21824K,  51% used [0x00000007a6ab0000, 0x00000007a75c0f40, 0x00000007a8000000)
  to   space 21824K,   0% used [0x00000007a5560000, 0x00000007a5560000, 0x00000007a6ab0000)
 concurrent mark-sweep generation total 393216K, used 155223K [0x00000007a8000000, 0x00000007c0000000, 0x00000007c0000000)
 Metaspace       used 43674K, capacity 44920K, committed 45100K, reserved 1089536K
  class space    used 5354K, capacity 5667K, committed 5676K, reserved 1048576K
2019-01-30T12:58:21.982+0600: 4899.553: [GC (Allocation Failure) 2019-01-30T12:58:21.982+0600: 4899.553: [ParNew
Desired survivor size 20112992 bytes, new threshold 8 (max 8)
- age   1:    5891240 bytes,    5891240 total
- age   2:       1120 bytes,    5892360 total
- age   3:       1128 bytes,    5893488 total
- age   4:       1080 bytes,    5894568 total
- age   5:        936 bytes,    5895504 total
- age   6:       1152 bytes,    5896656 total
- age   7:       1208 bytes,    5897864 total
- age   8:       1136 bytes,    5899000 total
: 98755K->7618K(109248K), 0.0089250 secs] 253978K->162842K(502464K), 0.0090180 secs] [Times: user=0.03 sys=0.00, real=0.01 secs] 
Heap after GC invocations=19602 (full 20):
 par new generation   total 109248K, used 7618K [0x00000007a0000000, 0x00000007a8000000, 0x00000007a8000000)
  eden space 87424K,   0% used [0x00000007a0000000, 0x00000007a0000000, 0x00000007a5560000)
  from space 21824K,  34% used [0x00000007a5560000, 0x00000007a5cd09d0, 0x00000007a6ab0000)
  to   space 21824K,   0% used [0x00000007a6ab0000, 0x00000007a6ab0000, 0x00000007a8000000)
 concurrent mark-sweep generation total 393216K, used 155224K [0x00000007a8000000, 0x00000007c0000000, 0x00000007c0000000)
 Metaspace       used 43674K, capacity 44920K, committed 45100K, reserved 1089536K
  class space    used 5354K, capacity 5667K, committed 5676K, reserved 1048576K
}
2019-01-30T12:58:21.991+0600: 4899.562: Total time for which application threads were stopped: 0.0092539 seconds, Stopping threads took: 0.0000214 seconds
{Heap before GC invocations=19602 (full 20):
 par new generation   total 109248K, used 95042K [0x00000007a0000000, 0x00000007a8000000, 0x00000007a8000000)
  eden space 87424K, 100% used [0x00000007a0000000, 0x00000007a5560000, 0x00000007a5560000)
  from space 21824K,  34% used [0x00000007a5560000, 0x00000007a5cd09d0, 0x00000007a6ab0000)
  to   space 21824K,   0% used [0x00000007a6ab0000, 0x00000007a6ab0000, 0x00000007a8000000)
 concurrent mark-sweep generation total 393216K, used 155224K [0x00000007a8000000, 0x00000007c0000000, 0x00000007c0000000)
 Metaspace       used 43674K, capacity 44920K, committed 45100K, reserved 1089536K
  class space    used 5354K, capacity 5667K, committed 5676K, reserved 1048576K
2019-01-30T12:58:22.200+0600: 4899.771: [GC (Allocation Failure) 2019-01-30T12:58:22.200+0600: 4899.771: [ParNew
Desired survivor size 20112992 bytes, new threshold 1 (max 8)
- age   1:   21113536 bytes,   21113536 total
- age   2:       1136 bytes,   21114672 total
- age   3:       1120 bytes,   21115792 total
- age   4:       1128 bytes,   21116920 total
- age   5:       1080 bytes,   21118000 total
- age   6:        936 bytes,   21118936 total
- age   7:       1152 bytes,   21120088 total
- age   8:       1208 bytes,   21121296 total
: 95042K->21824K(109248K), 0.0192845 secs] 250266K->177049K(502464K), 0.0194048 secs] [Times: user=0.07 sys=0.00, real=0.01 secs] 
Heap after GC invocations=19603 (full 20):
 par new generation   total 109248K, used 21824K [0x00000007a0000000, 0x00000007a8000000, 0x00000007a8000000)
  eden space 87424K,   0% used [0x00000007a0000000, 0x00000007a0000000, 0x00000007a5560000)
  from space 21824K, 100% used [0x00000007a6ab0000, 0x00000007a8000000, 0x00000007a8000000)
  to   space 21824K,   0% used [0x00000007a5560000, 0x00000007a5560000, 0x00000007a6ab0000)
 concurrent mark-sweep generation total 393216K, used 155225K [0x00000007a8000000, 0x00000007c0000000, 0x00000007c0000000)
 Metaspace       used 43674K, capacity 44920K, committed 45100K, reserved 1089536K
  class space    used 5354K, capacity 5667K, committed 5676K, reserved 1048576K
}
2019-01-30T12:58:22.219+0600: 4899.790: Total time for which application threads were stopped: 0.0197045 seconds, Stopping threads took: 0.0000267 seconds
{Heap before GC invocations=19603 (full 20):
 par new generation   total 109248K, used 109248K [0x00000007a0000000, 0x00000007a8000000, 0x00000007a8000000)
  eden space 87424K, 100% used [0x00000007a0000000, 0x00000007a5560000, 0x00000007a5560000)
  from space 21824K, 100% used [0x00000007a6ab0000, 0x00000007a8000000, 0x00000007a8000000)
  to   space 21824K,   0% used [0x00000007a5560000, 0x00000007a5560000, 0x00000007a6ab0000)
 concurrent mark-sweep generation total 393216K, used 155225K [0x00000007a8000000, 0x00000007c0000000, 0x00000007c0000000)
 Metaspace       used 43674K, capacity 44920K, committed 45100K, reserved 1089536K
  class space    used 5354K, capacity 5667K, committed 5676K, reserved 1048576K
2019-01-30T12:58:22.424+0600: 4899.995: [GC (Allocation Failure) 2019-01-30T12:58:22.424+0600: 4899.995: [ParNew
Desired survivor size 20112992 bytes, new threshold 8 (max 8)
- age   1:   16029608 bytes,   16029608 total
: 109248K->19571K(109248K), 0.0164615 secs] 264473K->174805K(502464K), 0.0165672 secs] [Times: user=0.05 sys=0.00, real=0.02 secs] 
Heap after GC invocations=19604 (full 20):
 par new generation   total 109248K, used 19571K [0x00000007a0000000, 0x00000007a8000000, 0x00000007a8000000)
  eden space 87424K,   0% used [0x00000007a0000000, 0x00000007a0000000, 0x00000007a5560000)
  from space 21824K,  89% used [0x00000007a5560000, 0x00000007a687cee0, 0x00000007a6ab0000)
  to   space 21824K,   0% used [0x00000007a6ab0000, 0x00000007a6ab0000, 0x00000007a8000000)
 concurrent mark-sweep generation total 393216K, used 155234K [0x00000007a8000000, 0x00000007c0000000, 0x00000007c0000000)
 Metaspace       used 43674K, capacity 44920K, committed 45100K, reserved 1089536K
  class space    used 5354K, capacity 5667K, committed 5676K, reserved 1048576K
}
2019-01-30T12:58:22.440+0600: 4900.011: Total time for which application threads were stopped: 0.0168066 seconds, Stopping threads took: 0.0000248 seconds
{Heap before GC invocations=19604 (full 20):
 par new generation   total 109248K, used 106995K [0x00000007a0000000, 0x00000007a8000000, 0x00000007a8000000)
  eden space 87424K, 100% used [0x00000007a0000000, 0x00000007a5560000, 0x00000007a5560000)
  from space 21824K,  89% used [0x00000007a5560000, 0x00000007a687cee0, 0x00000007a6ab0000)
  to   space 21824K,   0% used [0x00000007a6ab0000, 0x00000007a6ab0000, 0x00000007a8000000)
 concurrent mark-sweep generation total 393216K, used 155234K [0x00000007a8000000, 0x00000007c0000000, 0x00000007c0000000)
 Metaspace       used 43674K, capacity 44920K, committed 45100K, reserved 1089536K
  class space    used 5354K, capacity 5667K, committed 5676K, reserved 1048576K
2019-01-30T12:58:22.686+0600: 4900.257: [GC (Allocation Failure) 2019-01-30T12:58:22.686+0600: 4900.257: [ParNew
Desired survivor size 20112992 bytes, new threshold 8 (max 8)
- age   1:   12747040 bytes,   12747040 total
- age   2:       1072 bytes,   12748112 total
: 106995K->15002K(109248K), 0.0132642 secs] 262229K->170236K(502464K), 0.0133798 secs] [Times: user=0.05 sys=0.01, real=0.01 secs] 
Heap after GC invocations=19605 (full 20):
 par new generation   total 109248K, used 15002K [0x00000007a0000000, 0x00000007a8000000, 0x00000007a8000000)
  eden space 87424K,   0% used [0x00000007a0000000, 0x00000007a0000000, 0x00000007a5560000)
  from space 21824K,  68% used [0x00000007a6ab0000, 0x00000007a79569a0, 0x00000007a8000000)
  to   space 21824K,   0% used [0x00000007a5560000, 0x00000007a5560000, 0x00000007a6ab0000)
 concurrent mark-sweep generation total 393216K, used 155234K [0x00000007a8000000, 0x00000007c0000000, 0x00000007c0000000)
 Metaspace       used 43674K, capacity 44920K, committed 45100K, reserved 1089536K
  class space    used 5354K, capacity 5667K, committed 5676K, reserved 1048576K
}
2019-01-30T12:58:22.699+0600: 4900.270: Total time for which application threads were stopped: 0.0136513 seconds, Stopping threads took: 0.0000291 seconds
{Heap before GC invocations=19605 (full 20):
 par new generation   total 109248K, used 102426K [0x00000007a0000000, 0x00000007a8000000, 0x00000007a8000000)
  eden space 87424K, 100% used [0x00000007a0000000, 0x00000007a5560000, 0x00000007a5560000)
  from space 21824K,  68% used [0x00000007a6ab0000, 0x00000007a79569a0, 0x00000007a8000000)
  to   space 21824K,   0% used [0x00000007a5560000, 0x00000007a5560000, 0x00000007a6ab0000)
 concurrent mark-sweep generation total 393216K, used 155234K [0x00000007a8000000, 0x00000007c0000000, 0x00000007c0000000)
 Metaspace       used 43674K, capacity 44920K, committed 45100K, reserved 1089536K
  class space    used 5354K, capacity 5667K, committed 5676K, reserved 1048576K
2019-01-30T12:58:22.896+0600: 4900.466: [GC (Allocation Failure) 2019-01-30T12:58:22.896+0600: 4900.467: [ParNew
Desired survivor size 20112992 bytes, new threshold 8 (max 8)
- age   1:    9445760 bytes,    9445760 total
- age   2:       1048 bytes,    9446808 total
- age   3:       1072 bytes,    9447880 total
: 102426K->13087K(109248K), 0.0110424 secs] 257660K->168321K(502464K), 0.0111499 secs] [Times: user=0.04 sys=0.00, real=0.01 secs] 
Heap after GC invocations=19606 (full 20):
 par new generation   total 109248K, used 13087K [0x00000007a0000000, 0x00000007a8000000, 0x00000007a8000000)
  eden space 87424K,   0% used [0x00000007a0000000, 0x00000007a0000000, 0x00000007a5560000)
  from space 21824K,  59% used [0x00000007a5560000, 0x00000007a6227e80, 0x00000007a6ab0000)
  to   space 21824K,   0% used [0x00000007a6ab0000, 0x00000007a6ab0000, 0x00000007a8000000)
 concurrent mark-sweep generation total 393216K, used 155234K [0x00000007a8000000, 0x00000007c0000000, 0x00000007c0000000)
 Metaspace       used 43674K, capacity 44920K, committed 45100K, reserved 1089536K
  class space    used 5354K, capacity 5667K, committed 5676K, reserved 1048576K
}
2019-01-30T12:58:22.907+0600: 4900.478: Total time for which application threads were stopped: 0.0113920 seconds, Stopping threads took: 0.0000264 seconds
{Heap before GC invocations=19606 (full 20):
 par new generation   total 109248K, used 100511K [0x00000007a0000000, 0x00000007a8000000, 0x00000007a8000000)
  eden space 87424K, 100% used [0x00000007a0000000, 0x00000007a5560000, 0x00000007a5560000)
  from space 21824K,  59% used [0x00000007a5560000, 0x00000007a6227e80, 0x00000007a6ab0000)
  to   space 21824K,   0% used [0x00000007a6ab0000, 0x00000007a6ab0000, 0x00000007a8000000)
 concurrent mark-sweep generation total 393216K, used 155234K [0x00000007a8000000, 0x00000007c0000000, 0x00000007c0000000)
 Metaspace       used 43674K, capacity 44920K, committed 45100K, reserved 1089536K
  class space    used 5354K, capacity 5667K, committed 5676K, reserved 1048576K
2019-01-30T12:58:23.105+0600: 4900.676: [GC (Allocation Failure) 2019-01-30T12:58:23.105+0600: 4900.676: [ParNew
Desired survivor size 20112992 bytes, new threshold 8 (max 8)
- age   1:    5912976 bytes,    5912976 total
- age   2:       1104 bytes,    5914080 total
- age   3:       1048 bytes,    5915128 total
- age   4:       1072 bytes,    5916200 total
: 100511K->8414K(109248K), 0.0087843 secs] 255745K->163649K(502464K), 0.0088762 secs] [Times: user=0.03 sys=0.00, real=0.01 secs] 
Heap after GC invocations=19607 (full 20):
 par new generation   total 109248K, used 8414K [0x00000007a0000000, 0x00000007a8000000, 0x00000007a8000000)
  eden space 87424K,   0% used [0x00000007a0000000, 0x00000007a0000000, 0x00000007a5560000)
  from space 21824K,  38% used [0x00000007a6ab0000, 0x00000007a72e7b38, 0x00000007a8000000)
  to   space 21824K,   0% used [0x00000007a5560000, 0x00000007a5560000, 0x00000007a6ab0000)
 concurrent mark-sweep generation total 393216K, used 155234K [0x00000007a8000000, 0x00000007c0000000, 0x00000007c0000000)
 Metaspace       used 43674K, capacity 44920K, committed 45100K, reserved 1089536K
  class space    used 5354K, capacity 5667K, committed 5676K, reserved 1048576K
}
2019-01-30T12:58:23.114+0600: 4900.685: Total time for which application threads were stopped: 0.0091046 seconds, Stopping threads took: 0.0000215 seconds
{Heap before GC invocations=19607 (full 20):
 par new generation   total 109248K, used 95838K [0x00000007a0000000, 0x00000007a8000000, 0x00000007a8000000)
  eden space 87424K, 100% used [0x00000007a0000000, 0x00000007a5560000, 0x00000007a5560000)
  from space 21824K,  38% used [0x00000007a6ab0000, 0x00000007a72e7b38, 0x00000007a8000000)
  to   space 21824K,   0% used [0x00000007a5560000, 0x00000007a5560000, 0x00000007a6ab0000)
 concurrent mark-sweep generation total 393216K, used 155234K [0x00000007a8000000, 0x00000007c0000000, 0x00000007c0000000)
 Metaspace       used 43674K, capacity 44920K, committed 45100K, reserved 1089536K
  class space    used 5354K, capacity 5667K, committed 5676K, reserved 1048576K
2019-01-30T12:58:23.313+0600: 4900.883: [GC (Allocation Failure) 2019-01-30T12:58:23.313+0600: 4900.883: [ParNew
Desired survivor size 20112992 bytes, new threshold 8 (max 8)
- age   1:    5861240 bytes,    5861240 total
- age   2:       1168 bytes,    5862408 total
- age   3:       1104 bytes,    5863512 total
- age   4:       1048 bytes,    5864560 total
- age   5:       1072 bytes,    5865632 total
: 95838K->8723K(109248K), 0.0082862 secs] 251073K->163957K(502464K), 0.0083843 secs] [Times: user=0.03 sys=0.00, real=0.01 secs] 
Heap after GC invocations=19608 (full 20):
 par new generation   total 109248K, used 8723K [0x00000007a0000000, 0x00000007a8000000, 0x00000007a8000000)
  eden space 87424K,   0% used [0x00000007a0000000, 0x00000007a0000000, 0x00000007a5560000)
  from space 21824K,  39% used [0x00000007a5560000, 0x00000007a5de4c50, 0x00000007a6ab0000)
  to   space 21824K,   0% used [0x00000007a6ab0000, 0x00000007a6ab0000, 0x00000007a8000000)
 concurrent mark-sweep generation total 393216K, used 155234K [0x00000007a8000000, 0x00000007c0000000, 0x00000007c0000000)
 Metaspace       used 43674K, capacity 44920K, committed 45100K, reserved 1089536K
  class space    used 5354K, capacity 5667K, committed 5676K, reserved 1048576K
}
2019-01-30T12:58:23.321+0600: 4900.892: Total time for which application threads were stopped: 0.0086225 seconds, Stopping threads took: 0.0000215 seconds
{Heap before GC invocations=19608 (full 20):
 par new generation   total 109248K, used 96147K [0x00000007a0000000, 0x00000007a8000000, 0x00000007a8000000)
  eden space 87424K, 100% used [0x00000007a0000000, 0x00000007a5560000, 0x00000007a5560000)
  from space 21824K,  39% used [0x00000007a5560000, 0x00000007a5de4c50, 0x00000007a6ab0000)
  to   space 21824K,   0% used [0x00000007a6ab0000, 0x00000007a6ab0000, 0x00000007a8000000)
 concurrent mark-sweep generation total 393216K, used 155234K [0x00000007a8000000, 0x00000007c0000000, 0x00000007c0000000)
 Metaspace       used 43674K, capacity 44920K, committed 45100K, reserved 1089536K
  class space    used 5354K, capacity 5667K, committed 5676K, reserved 1048576K
2019-01-30T12:58:23.517+0600: 4901.088: [GC (Allocation Failure) 2019-01-30T12:58:23.517+0600: 4901.088: [ParNew
Desired survivor size 20112992 bytes, new threshold 8 (max 8)
- age   1:   19035560 bytes,   19035560 total
- age   2:       1136 bytes,   19036696 total
- age   3:       1168 bytes,   19037864 total
- age   4:       1104 bytes,   19038968 total
- age   5:       1048 bytes,   19040016 total
- age   6:       1072 bytes,   19041088 total
: 96147K->19893K(109248K), 0.0221734 secs] 251381K->175127K(502464K), 0.0222698 secs] [Times: user=0.06 sys=0.00, real=0.02 secs] 
Heap after GC invocations=19609 (full 20):
 par new generation   total 109248K, used 19893K [0x00000007a0000000, 0x00000007a8000000, 0x00000007a8000000)
  eden space 87424K,   0% used [0x00000007a0000000, 0x00000007a0000000, 0x00000007a5560000)
  from space 21824K,  91% used [0x00000007a6ab0000, 0x00000007a7e1d4d0, 0x00000007a8000000)
  to   space 21824K,   0% used [0x00000007a5560000, 0x00000007a5560000, 0x00000007a6ab0000)
 concurrent mark-sweep generation total 393216K, used 155234K [0x00000007a8000000, 0x00000007c0000000, 0x00000007c0000000)
 Metaspace       used 43674K, capacity 44920K, committed 45100K, reserved 1089536K
  class space    used 5354K, capacity 5667K, committed 5676K, reserved 1048576K
}
2019-01-30T12:58:23.539+0600: 4901.110: Total time for which application threads were stopped: 0.0225084 seconds, Stopping threads took: 0.0000249 seconds
{Heap before GC invocations=19609 (full 20):
 par new generation   total 109248K, used 107317K [0x00000007a0000000, 0x00000007a8000000, 0x00000007a8000000)
  eden space 87424K, 100% used [0x00000007a0000000, 0x00000007a5560000, 0x00000007a5560000)
  from space 21824K,  91% used [0x00000007a6ab0000, 0x00000007a7e1d4d0, 0x00000007a8000000)
  to   space 21824K,   0% used [0x00000007a5560000, 0x00000007a5560000, 0x00000007a6ab0000)
 concurrent mark-sweep generation total 393216K, used 155234K [0x00000007a8000000, 0x00000007c0000000, 0x00000007c0000000)
 Metaspace       used 43674K, capacity 44920K, committed 45100K, reserved 1089536K
  class space    used 5354K, capacity 5667K, committed 5676K, reserved 1048576K
2019-01-30T12:58:23.811+0600: 4901.382: [GC (Allocation Failure) 2019-01-30T12:58:23.811+0600: 4901.382: [ParNew
Desired survivor size 20112992 bytes, new threshold 8 (max 8)
- age   1:   14615144 bytes,   14615144 total
- age   2:        952 bytes,   14616096 total
- age   3:       1136 bytes,   14617232 total
- age   4:       1168 bytes,   14618400 total
- age   5:       1104 bytes,   14619504 total
- age   6:       1048 bytes,   14620552 total
- age   7:       1072 bytes,   14621624 total
: 107317K->19579K(109248K), 0.0195968 secs] 262551K->174813K(502464K), 0.0197048 secs] [Times: user=0.06 sys=0.00, real=0.02 secs] 
Heap after GC invocations=19610 (full 20):
 par new generation   total 109248K, used 19579K [0x00000007a0000000, 0x00000007a8000000, 0x00000007a8000000)
  eden space 87424K,   0% used [0x00000007a0000000, 0x00000007a0000000, 0x00000007a5560000)
  from space 21824K,  89% used [0x00000007a5560000, 0x00000007a687eed8, 0x00000007a6ab0000)
  to   space 21824K,   0% used [0x00000007a6ab0000, 0x00000007a6ab0000, 0x00000007a8000000)
 concurrent mark-sweep generation total 393216K, used 155234K [0x00000007a8000000, 0x00000007c0000000, 0x00000007c0000000)
 Metaspace       used 43674K, capacity 44920K, committed 45100K, reserved 1089536K
  class space    used 5354K, capacity 5667K, committed 5676K, reserved 1048576K
}
2019-01-30T12:58:23.831+0600: 4901.402: Total time for which application threads were stopped: 0.0199847 seconds, Stopping threads took: 0.0000265 seconds
{Heap before GC invocations=19610 (full 20):
 par new generation   total 109248K, used 107003K [0x00000007a0000000, 0x00000007a8000000, 0x00000007a8000000)
  eden space 87424K, 100% used [0x00000007a0000000, 0x00000007a5560000, 0x00000007a5560000)
  from space 21824K,  89% used [0x00000007a5560000, 0x00000007a687eed8, 0x00000007a6ab0000)
  to   space 21824K,   0% used [0x00000007a6ab0000, 0x00000007a6ab0000, 0x00000007a8000000)
 concurrent mark-sweep generation total 393216K, used 155234K [0x00000007a8000000, 0x00000007c0000000, 0x00000007c0000000)
 Metaspace       used 43674K, capacity 44920K, committed 45100K, reserved 1089536K
  class space    used 5354K, capacity 5667K, committed 5676K, reserved 1048576K
2019-01-30T12:58:24.060+0600: 4901.630: [GC (Allocation Failure) 2019-01-30T12:58:24.060+0600: 4901.630: [ParNew
Desired survivor size 20112992 bytes, new threshold 8 (max 8)
- age   1:   11059976 bytes,   11059976 total
- age   2:        984 bytes,   11060960 total
- age   3:        952 bytes,   11061912 total
- age   4:       1136 bytes,   11063048 total
- age   5:       1168 bytes,   11064216 total
- age   6:       1104 bytes,   11065320 total
- age   7:       1048 bytes,   11066368 total
- age   8:       1072 bytes,   11067440 total
: 107003K->16303K(109248K), 0.0125626 secs] 262237K->171537K(502464K), 0.0126747 secs] [Times: user=0.05 sys=0.00, real=0.01 secs] 
Heap after GC invocations=19611 (full 20):
 par new generation   total 109248K, used 16303K [0x00000007a0000000, 0x00000007a8000000, 0x00000007a8000000)
  eden space 87424K,   0% used [0x00000007a0000000, 0x00000007a0000000, 0x00000007a5560000)
  from space 21824K,  74% used [0x00000007a6ab0000, 0x00000007a7a9bd80, 0x00000007a8000000)
  to   space 21824K,   0% used [0x00000007a5560000, 0x00000007a5560000, 0x00000007a6ab0000)
 concurrent mark-sweep generation total 393216K, used 155234K [0x00000007a8000000, 0x00000007c0000000, 0x00000007c0000000)
 Metaspace       used 43674K, capacity 44920K, committed 45100K, reserved 1089536K
  class space    used 5354K, capacity 5667K, committed 5676K, reserved 1048576K
}
2019-01-30T12:58:24.072+0600: 4901.643: Total time for which application threads were stopped: 0.0129217 seconds, Stopping threads took: 0.0000240 seconds
{Heap before GC invocations=19611 (full 20):
 par new generation   total 109248K, used 103727K [0x00000007a0000000, 0x00000007a8000000, 0x00000007a8000000)
  eden space 87424K, 100% used [0x00000007a0000000, 0x00000007a5560000, 0x00000007a5560000)
  from space 21824K,  74% used [0x00000007a6ab0000, 0x00000007a7a9bd80, 0x00000007a8000000)
  to   space 21824K,   0% used [0x00000007a5560000, 0x00000007a5560000, 0x00000007a6ab0000)
 concurrent mark-sweep generation total 393216K, used 155234K [0x00000007a8000000, 0x00000007c0000000, 0x00000007c0000000)
 Metaspace       used 43674K, capacity 44920K, committed 45100K, reserved 1089536K
  class space    used 5354K, capacity 5667K, committed 5676K, reserved 1048576K
2019-01-30T12:58:24.309+0600: 4901.880: [GC (Allocation Failure) 2019-01-30T12:58:24.309+0600: 4901.880: [ParNew
Desired survivor size 20112992 bytes, new threshold 8 (max 8)
- age   1:    7696016 bytes,    7696016 total
- age   2:       1128 bytes,    7697144 total
- age   3:        984 bytes,    7698128 total
- age   4:        952 bytes,    7699080 total
- age   5:       1136 bytes,    7700216 total
- age   6:       1168 bytes,    7701384 total
- age   7:       1104 bytes,    7702488 total
- age   8:       1048 bytes,    7703536 total
: 103727K->9318K(109248K), 0.0120493 secs] 258961K->164554K(502464K), 0.0121325 secs] [Times: user=0.03 sys=0.01, real=0.02 secs] 
Heap after GC invocations=19612 (full 20):
 par new generation   total 109248K, used 9318K [0x00000007a0000000, 0x00000007a8000000, 0x00000007a8000000)
  eden space 87424K,   0% used [0x00000007a0000000, 0x00000007a0000000, 0x00000007a5560000)
  from space 21824K,  42% used [0x00000007a5560000, 0x00000007a5e79ba0, 0x00000007a6ab0000)
  to   space 21824K,   0% used [0x00000007a6ab0000, 0x00000007a6ab0000, 0x00000007a8000000)
 concurrent mark-sweep generation total 393216K, used 155235K [0x00000007a8000000, 0x00000007c0000000, 0x00000007c0000000)
 Metaspace       used 43674K, capacity 44920K, committed 45100K, reserved 1089536K
  class space    used 5354K, capacity 5667K, committed 5676K, reserved 1048576K
}
2019-01-30T12:58:24.321+0600: 4901.892: Total time for which application threads were stopped: 0.0124012 seconds, Stopping threads took: 0.0000281 seconds
{Heap before GC invocations=19612 (full 20):
 par new generation   total 109248K, used 96742K [0x00000007a0000000, 0x00000007a8000000, 0x00000007a8000000)
  eden space 87424K, 100% used [0x00000007a0000000, 0x00000007a5560000, 0x00000007a5560000)
  from space 21824K,  42% used [0x00000007a5560000, 0x00000007a5e79ba0, 0x00000007a6ab0000)
  to   space 21824K,   0% used [0x00000007a6ab0000, 0x00000007a6ab0000, 0x00000007a8000000)
 concurrent mark-sweep generation total 393216K, used 155235K [0x00000007a8000000, 0x00000007c0000000, 0x00000007c0000000)
 Metaspace       used 43674K, capacity 44920K, committed 45100K, reserved 1089536K
  class space    used 5354K, capacity 5667K, committed 5676K, reserved 1048576K
2019-01-30T12:58:24.520+0600: 4902.091: [GC (Allocation Failure) 2019-01-30T12:58:24.521+0600: 4902.091: [ParNew
Desired survivor size 20112992 bytes, new threshold 8 (max 8)
- age   1:    5892256 bytes,    5892256 total
- age   2:       1096 bytes,    5893352 total
- age   3:       1128 bytes,    5894480 total
- age   4:        984 bytes,    5895464 total
- age   5:        952 bytes,    5896416 total
- age   6:       1136 bytes,    5897552 total
- age   7:       1168 bytes,    5898720 total
- age   8:       1104 bytes,    5899824 total
: 96742K->7574K(109248K), 0.0087792 secs] 251978K->162810K(502464K), 0.0088758 secs] [Times: user=0.03 sys=0.00, real=0.00 secs] 
Heap after GC invocations=19613 (full 20):
 par new generation   total 109248K, used 7574K [0x00000007a0000000, 0x00000007a8000000, 0x00000007a8000000)
  eden space 87424K,   0% used [0x00000007a0000000, 0x00000007a0000000, 0x00000007a5560000)
  from space 21824K,  34% used [0x00000007a6ab0000, 0x00000007a7215840, 0x00000007a8000000)
  to   space 21824K,   0% used [0x00000007a5560000, 0x00000007a5560000, 0x00000007a6ab0000)
 concurrent mark-sweep generation total 393216K, used 155236K [0x00000007a8000000, 0x00000007c0000000, 0x00000007c0000000)
 Metaspace       used 43674K, capacity 44920K, committed 45100K, reserved 1089536K
  class space    used 5354K, capacity 5667K, committed 5676K, reserved 1048576K
}
2019-01-30T12:58:24.529+0600: 4902.100: Total time for which application threads were stopped: 0.0091047 seconds, Stopping threads took: 0.0000211 seconds
{Heap before GC invocations=19613 (full 20):
 par new generation   total 109248K, used 94998K [0x00000007a0000000, 0x00000007a8000000, 0x00000007a8000000)
  eden space 87424K, 100% used [0x00000007a0000000, 0x00000007a5560000, 0x00000007a5560000)
  from space 21824K,  34% used [0x00000007a6ab0000, 0x00000007a7215840, 0x00000007a8000000)
  to   space 21824K,   0% used [0x00000007a5560000, 0x00000007a5560000, 0x00000007a6ab0000)
 concurrent mark-sweep generation total 393216K, used 155236K [0x00000007a8000000, 0x00000007c0000000, 0x00000007c0000000)
 Metaspace       used 43674K, capacity 44920K, committed 45100K, reserved 1089536K
  class space    used 5354K, capacity 5667K, committed 5676K, reserved 1048576K
2019-01-30T12:58:24.727+0600: 4902.298: [GC (Allocation Failure) 2019-01-30T12:58:24.727+0600: 4902.298: [ParNew
Desired survivor size 20112992 bytes, new threshold 1 (max 8)
- age   1:   21111680 bytes,   21111680 total
- age   2:       1072 bytes,   21112752 total
- age   3:       1096 bytes,   21113848 total
- age   4:       1128 bytes,   21114976 total
- age   5:        984 bytes,   21115960 total
- age   6:        952 bytes,   21116912 total
- age   7:       1136 bytes,   21118048 total
- age   8:       1168 bytes,   21119216 total
: 94998K->21824K(109248K), 0.0188294 secs] 250234K->177063K(502464K), 0.0189416 secs] [Times: user=0.07 sys=0.01, real=0.02 secs] 
Heap after GC invocations=19614 (full 20):
 par new generation   total 109248K, used 21824K [0x00000007a0000000, 0x00000007a8000000, 0x00000007a8000000)
  eden space 87424K,   0% used [0x00000007a0000000, 0x00000007a0000000, 0x00000007a5560000)
  from space 21824K, 100% used [0x00000007a5560000, 0x00000007a6ab0000, 0x00000007a6ab0000)
  to   space 21824K,   0% used [0x00000007a6ab0000, 0x00000007a6ab0000, 0x00000007a8000000)
 concurrent mark-sweep generation total 393216K, used 155239K [0x00000007a8000000, 0x00000007c0000000, 0x00000007c0000000)
 Metaspace       used 43674K, capacity 44920K, committed 45100K, reserved 1089536K
  class space    used 5354K, capacity 5667K, committed 5676K, reserved 1048576K
}
2019-01-30T12:58:24.746+0600: 4902.317: Total time for which application threads were stopped: 0.0191787 seconds, Stopping threads took: 0.0000231 seconds
{Heap before GC invocations=19614 (full 20):
 par new generation   total 109248K, used 109248K [0x00000007a0000000, 0x00000007a8000000, 0x00000007a8000000)
  eden space 87424K, 100% used [0x00000007a0000000, 0x00000007a5560000, 0x00000007a5560000)
  from space 21824K, 100% used [0x00000007a5560000, 0x00000007a6ab0000, 0x00000007a6ab0000)
  to   space 21824K,   0% used [0x00000007a6ab0000, 0x00000007a6ab0000, 0x00000007a8000000)
 concurrent mark-sweep generation total 393216K, used 155239K [0x00000007a8000000, 0x00000007c0000000, 0x00000007c0000000)
 Metaspace       used 43674K, capacity 44920K, committed 45100K, reserved 1089536K
  class space    used 5354K, capacity 5667K, committed 5676K, reserved 1048576K
2019-01-30T12:58:24.943+0600: 4902.514: [GC (Allocation Failure) 2019-01-30T12:58:24.943+0600: 4902.514: [ParNew
Desired survivor size 20112992 bytes, new threshold 8 (max 8)
- age   1:   16029680 bytes,   16029680 total
: 109248K->21824K(109248K), 0.0154421 secs] 264487K->177072K(502464K), 0.0155379 secs] [Times: user=0.06 sys=0.01, real=0.01 secs] 
Heap after GC invocations=19615 (full 20):
 par new generation   total 109248K, used 21824K [0x00000007a0000000, 0x00000007a8000000, 0x00000007a8000000)
  eden space 87424K,   0% used [0x00000007a0000000, 0x00000007a0000000, 0x00000007a5560000)
  from space 21824K, 100% used [0x00000007a6ab0000, 0x00000007a8000000, 0x00000007a8000000)
  to   space 21824K,   0% used [0x00000007a5560000, 0x00000007a5560000, 0x00000007a6ab0000)
 concurrent mark-sweep generation total 393216K, used 155248K [0x00000007a8000000, 0x00000007c0000000, 0x00000007c0000000)
 Metaspace       used 43674K, capacity 44920K, committed 45100K, reserved 1089536K
  class space    used 5354K, capacity 5667K, committed 5676K, reserved 1048576K
}
2019-01-30T12:58:24.959+0600: 4902.529: Total time for which application threads were stopped: 0.0157789 seconds, Stopping threads took: 0.0000228 seconds
{Heap before GC invocations=19615 (full 20):
 par new generation   total 109248K, used 109248K [0x00000007a0000000, 0x00000007a8000000, 0x00000007a8000000)
  eden space 87424K, 100% used [0x00000007a0000000, 0x00000007a5560000, 0x00000007a5560000)
  from space 21824K, 100% used [0x00000007a6ab0000, 0x00000007a8000000, 0x00000007a8000000)
  to   space 21824K,   0% used [0x00000007a5560000, 0x00000007a5560000, 0x00000007a6ab0000)
 concurrent mark-sweep generation total 393216K, used 155248K [0x00000007a8000000, 0x00000007c0000000, 0x00000007c0000000)
 Metaspace       used 43674K, capacity 44920K, committed 45100K, reserved 1089536K
  class space    used 5354K, capacity 5667K, committed 5676K, reserved 1048576K
2019-01-30T12:58:25.165+0600: 4902.736: [GC (Allocation Failure) 2019-01-30T12:58:25.166+0600: 4902.736: [ParNew
Desired survivor size 20112992 bytes, new threshold 8 (max 8)
- age   1:   12717176 bytes,   12717176 total
- age   2:        976 bytes,   12718152 total
: 109248K->18398K(109248K), 0.0132057 secs] 264496K->173646K(502464K), 0.0133148 secs] [Times: user=0.05 sys=0.00, real=0.01 secs] 
Heap after GC invocations=19616 (full 20):
 par new generation   total 109248K, used 18398K [0x00000007a0000000, 0x00000007a8000000, 0x00000007a8000000)
  eden space 87424K,   0% used [0x00000007a0000000, 0x00000007a0000000, 0x00000007a5560000)
  from space 21824K,  84% used [0x00000007a5560000, 0x00000007a6757800, 0x00000007a6ab0000)
  to   space 21824K,   0% used [0x00000007a6ab0000, 0x00000007a6ab0000, 0x00000007a8000000)
 concurrent mark-sweep generation total 393216K, used 155248K [0x00000007a8000000, 0x00000007c0000000, 0x00000007c0000000)
 Metaspace       used 43674K, capacity 44920K, committed 45100K, reserved 1089536K
  class space    used 5354K, capacity 5667K, committed 5676K, reserved 1048576K
}
2019-01-30T12:58:25.179+0600: 4902.749: Total time for which application threads were stopped: 0.0135627 seconds, Stopping threads took: 0.0000263 seconds
{Heap before GC invocations=19616 (full 20):
 par new generation   total 109248K, used 105822K [0x00000007a0000000, 0x00000007a8000000, 0x00000007a8000000)
  eden space 87424K, 100% used [0x00000007a0000000, 0x00000007a5560000, 0x00000007a5560000)
  from space 21824K,  84% used [0x00000007a5560000, 0x00000007a6757800, 0x00000007a6ab0000)
  to   space 21824K,   0% used [0x00000007a6ab0000, 0x00000007a6ab0000, 0x00000007a8000000)
 concurrent mark-sweep generation total 393216K, used 155248K [0x00000007a8000000, 0x00000007c0000000, 0x00000007c0000000)
 Metaspace       used 43674K, capacity 44920K, committed 45100K, reserved 1089536K
  class space    used 5354K, capacity 5667K, committed 5676K, reserved 1048576K
2019-01-30T12:58:25.378+0600: 4902.949: [GC (Allocation Failure) 2019-01-30T12:58:25.379+0600: 4902.949: [ParNew
Desired survivor size 20112992 bytes, new threshold 8 (max 8)
- age   1:    9456896 bytes,    9456896 total
- age   2:       1064 bytes,    9457960 total
- age   3:        976 bytes,    9458936 total
: 105822K->12175K(109248K), 0.0112016 secs] 261070K->167423K(502464K), 0.0113256 secs] [Times: user=0.04 sys=0.00, real=0.02 secs] 
Heap after GC invocations=19617 (full 20):
 par new generation   total 109248K, used 12175K [0x00000007a0000000, 0x00000007a8000000, 0x00000007a8000000)
  eden space 87424K,   0% used [0x00000007a0000000, 0x00000007a0000000, 0x00000007a5560000)
  from space 21824K,  55% used [0x00000007a6ab0000, 0x00000007a7693cf8, 0x00000007a8000000)
  to   space 21824K,   0% used [0x00000007a5560000, 0x00000007a5560000, 0x00000007a6ab0000)
 concurrent mark-sweep generation total 393216K, used 155248K [0x00000007a8000000, 0x00000007c0000000, 0x00000007c0000000)
 Metaspace       used 43674K, capacity 44920K, committed 45100K, reserved 1089536K
  class space    used 5354K, capacity 5667K, committed 5676K, reserved 1048576K
}
2019-01-30T12:58:25.390+0600: 4902.960: Total time for which application threads were stopped: 0.0115902 seconds, Stopping threads took: 0.0000226 seconds
{Heap before GC invocations=19617 (full 20):
 par new generation   total 109248K, used 99599K [0x00000007a0000000, 0x00000007a8000000, 0x00000007a8000000)
  eden space 87424K, 100% used [0x00000007a0000000, 0x00000007a5560000, 0x00000007a5560000)
  from space 21824K,  55% used [0x00000007a6ab0000, 0x00000007a7693cf8, 0x00000007a8000000)
  to   space 21824K,   0% used [0x00000007a5560000, 0x00000007a5560000, 0x00000007a6ab0000)
 concurrent mark-sweep generation total 393216K, used 155248K [0x00000007a8000000, 0x00000007c0000000, 0x00000007c0000000)
 Metaspace       used 43674K, capacity 44920K, committed 45100K, reserved 1089536K
  class space    used 5354K, capacity 5667K, committed 5676K, reserved 1048576K
2019-01-30T12:58:25.587+0600: 4903.157: [GC (Allocation Failure) 2019-01-30T12:58:25.587+0600: 4903.157: [ParNew
Desired survivor size 20112992 bytes, new threshold 8 (max 8)
- age   1:    5917416 bytes,    5917416 total
- age   2:       1160 bytes,    5918576 total
- age   3:       1064 bytes,    5919640 total
- age   4:        976 bytes,    5920616 total
: 99599K->6504K(109248K), 0.0086531 secs] 254847K->161752K(502464K), 0.0087434 secs] [Times: user=0.03 sys=0.00, real=0.01 secs] 
Heap after GC invocations=19618 (full 20):
 par new generation   total 109248K, used 6504K [0x00000007a0000000, 0x00000007a8000000, 0x00000007a8000000)
  eden space 87424K,   0% used [0x00000007a0000000, 0x00000007a0000000, 0x00000007a5560000)
  from space 21824K,  29% used [0x00000007a5560000, 0x00000007a5bba068, 0x00000007a6ab0000)
  to   space 21824K,   0% used [0x00000007a6ab0000, 0x00000007a6ab0000, 0x00000007a8000000)
 concurrent mark-sweep generation total 393216K, used 155248K [0x00000007a8000000, 0x00000007c0000000, 0x00000007c0000000)
 Metaspace       used 43674K, capacity 44920K, committed 45100K, reserved 1089536K
  class space    used 5354K, capacity 5667K, committed 5676K, reserved 1048576K
}
2019-01-30T12:58:25.596+0600: 4903.166: Total time for which application threads were stopped: 0.0089772 seconds, Stopping threads took: 0.0000226 seconds
{Heap before GC invocations=19618 (full 20):
 par new generation   total 109248K, used 93928K [0x00000007a0000000, 0x00000007a8000000, 0x00000007a8000000)
  eden space 87424K, 100% used [0x00000007a0000000, 0x00000007a5560000, 0x00000007a5560000)
  from space 21824K,  29% used [0x00000007a5560000, 0x00000007a5bba068, 0x00000007a6ab0000)
  to   space 21824K,   0% used [0x00000007a6ab0000, 0x00000007a6ab0000, 0x00000007a8000000)
 concurrent mark-sweep generation total 393216K, used 155248K [0x00000007a8000000, 0x00000007c0000000, 0x00000007c0000000)
 Metaspace       used 43674K, capacity 44920K, committed 45100K, reserved 1089536K
  class space    used 5354K, capacity 5667K, committed 5676K, reserved 1048576K
2019-01-30T12:58:25.825+0600: 4903.395: [GC (Allocation Failure) 2019-01-30T12:58:25.825+0600: 4903.395: [ParNew
Desired survivor size 20112992 bytes, new threshold 8 (max 8)
- age   1:    5861488 bytes,    5861488 total
- age   2:       1152 bytes,    5862640 total
- age   3:       1160 bytes,    5863800 total
- age   4:       1064 bytes,    5864864 total
- age   5:        976 bytes,    5865840 total
: 93928K->7046K(109248K), 0.0092692 secs] 249176K->162294K(502464K), 0.0093670 secs] [Times: user=0.03 sys=0.00, real=0.01 secs] 
Heap after GC invocations=19619 (full 20):
 par new generation   total 109248K, used 7046K [0x00000007a0000000, 0x00000007a8000000, 0x00000007a8000000)
  eden space 87424K,   0% used [0x00000007a0000000, 0x00000007a0000000, 0x00000007a5560000)
  from space 21824K,  32% used [0x00000007a6ab0000, 0x00000007a7191a40, 0x00000007a8000000)
  to   space 21824K,   0% used [0x00000007a5560000, 0x00000007a5560000, 0x00000007a6ab0000)
 concurrent mark-sweep generation total 393216K, used 155248K [0x00000007a8000000, 0x00000007c0000000, 0x00000007c0000000)
 Metaspace       used 43674K, capacity 44920K, committed 45100K, reserved 1089536K
  class space    used 5354K, capacity 5667K, committed 5676K, reserved 1048576K
}
2019-01-30T12:58:25.834+0600: 4903.405: Total time for which application threads were stopped: 0.0096116 seconds, Stopping threads took: 0.0000223 seconds
{Heap before GC invocations=19619 (full 20):
 par new generation   total 109248K, used 94470K [0x00000007a0000000, 0x00000007a8000000, 0x00000007a8000000)
  eden space 87424K, 100% used [0x00000007a0000000, 0x00000007a5560000, 0x00000007a5560000)
  from space 21824K,  32% used [0x00000007a6ab0000, 0x00000007a7191a40, 0x00000007a8000000)
  to   space 21824K,   0% used [0x00000007a5560000, 0x00000007a5560000, 0x00000007a6ab0000)
 concurrent mark-sweep generation total 393216K, used 155248K [0x00000007a8000000, 0x00000007c0000000, 0x00000007c0000000)
 Metaspace       used 43674K, capacity 44920K, committed 45100K, reserved 1089536K
  class space    used 5354K, capacity 5667K, committed 5676K, reserved 1048576K
2019-01-30T12:58:26.048+0600: 4903.619: [GC (Allocation Failure) 2019-01-30T12:58:26.048+0600: 4903.619: [ParNew
Desired survivor size 20112992 bytes, new threshold 8 (max 8)
- age   1:   19027128 bytes,   19027128 total
- age   2:       1120 bytes,   19028248 total
- age   3:       1152 bytes,   19029400 total
- age   4:       1160 bytes,   19030560 total
- age   5:       1064 bytes,   19031624 total
- age   6:        976 bytes,   19032600 total
: 94470K->21824K(109248K), 0.0176395 secs] 249718K->177072K(502464K), 0.0177363 secs] [Times: user=0.07 sys=0.00, real=0.02 secs] 
Heap after GC invocations=19620 (full 20):
 par new generation   total 109248K, used 21824K [0x00000007a0000000, 0x00000007a8000000, 0x00000007a8000000)
  eden space 87424K,   0% used [0x00000007a0000000, 0x00000007a0000000, 0x00000007a5560000)
  from space 21824K, 100% used [0x00000007a5560000, 0x00000007a6ab0000, 0x00000007a6ab0000)
  to   space 21824K,   0% used [0x00000007a6ab0000, 0x00000007a6ab0000, 0x00000007a8000000)
 concurrent mark-sweep generation total 393216K, used 155248K [0x00000007a8000000, 0x00000007c0000000, 0x00000007c0000000)
 Metaspace       used 43674K, capacity 44920K, committed 45100K, reserved 1089536K
  class space    used 5354K, capacity 5667K, committed 5676K, reserved 1048576K
}
2019-01-30T12:58:26.066+0600: 4903.637: Total time for which application threads were stopped: 0.0179758 seconds, Stopping threads took: 0.0000213 seconds
{Heap before GC invocations=19620 (full 20):
 par new generation   total 109248K, used 109248K [0x00000007a0000000, 0x00000007a8000000, 0x00000007a8000000)
  eden space 87424K, 100% used [0x00000007a0000000, 0x00000007a5560000, 0x00000007a5560000)
  from space 21824K, 100% used [0x00000007a5560000, 0x00000007a6ab0000, 0x00000007a6ab0000)
  to   space 21824K,   0% used [0x00000007a6ab0000, 0x00000007a6ab0000, 0x00000007a8000000)
 concurrent mark-sweep generation total 393216K, used 155248K [0x00000007a8000000, 0x00000007c0000000, 0x00000007c0000000)
 Metaspace       used 43674K, capacity 44920K, committed 45100K, reserved 1089536K
  class space    used 5354K, capacity 5667K, committed 5676K, reserved 1048576K
2019-01-30T12:58:26.280+0600: 4903.850: [GC (Allocation Failure) 2019-01-30T12:58:26.280+0600: 4903.851: [ParNew
Desired survivor size 20112992 bytes, new threshold 8 (max 8)
- age   1:   14615336 bytes,   14615336 total
- age   2:        992 bytes,   14616328 total
- age   3:       1120 bytes,   14617448 total
- age   4:       1152 bytes,   14618600 total
- age   5:       1160 bytes,   14619760 total
- age   6:       1064 bytes,   14620824 total
- age   7:        976 bytes,   14621800 total
: 109248K->21824K(109248K), 0.0147907 secs] 264496K->177072K(502464K), 0.0149055 secs] [Times: user=0.06 sys=0.01, real=0.01 secs] 
Heap after GC invocations=19621 (full 20):
 par new generation   total 109248K, used 21824K [0x00000007a0000000, 0x00000007a8000000, 0x00000007a8000000)
  eden space 87424K,   0% used [0x00000007a0000000, 0x00000007a0000000, 0x00000007a5560000)
  from space 21824K, 100% used [0x00000007a6ab0000, 0x00000007a8000000, 0x00000007a8000000)
  to   space 21824K,   0% used [0x00000007a5560000, 0x00000007a5560000, 0x00000007a6ab0000)
 concurrent mark-sweep generation total 393216K, used 155248K [0x00000007a8000000, 0x00000007c0000000, 0x00000007c0000000)
 Metaspace       used 43674K, capacity 44920K, committed 45100K, reserved 1089536K
  class space    used 5354K, capacity 5667K, committed 5676K, reserved 1048576K
}
2019-01-30T12:58:26.295+0600: 4903.865: Total time for which application threads were stopped: 0.0151552 seconds, Stopping threads took: 0.0000229 seconds
{Heap before GC invocations=19621 (full 20):
 par new generation   total 109248K, used 109248K [0x00000007a0000000, 0x00000007a8000000, 0x00000007a8000000)
  eden space 87424K, 100% used [0x00000007a0000000, 0x00000007a5560000, 0x00000007a5560000)
  from space 21824K, 100% used [0x00000007a6ab0000, 0x00000007a8000000, 0x00000007a8000000)
  to   space 21824K,   0% used [0x00000007a5560000, 0x00000007a5560000, 0x00000007a6ab0000)
 concurrent mark-sweep generation total 393216K, used 155248K [0x00000007a8000000, 0x00000007c0000000, 0x00000007c0000000)
 Metaspace       used 43674K, capacity 44920K, committed 45100K, reserved 1089536K
  class space    used 5354K, capacity 5667K, committed 5676K, reserved 1048576K
2019-01-30T12:58:26.488+0600: 4904.058: [GC (Allocation Failure) 2019-01-30T12:58:26.488+0600: 4904.058: [ParNew
Desired survivor size 20112992 bytes, new threshold 8 (max 8)
- age   1:   11060112 bytes,   11060112 total
- age   2:       1008 bytes,   11061120 total
- age   3:        992 bytes,   11062112 total
- age   4:       1120 bytes,   11063232 total
- age   5:       1152 bytes,   11064384 total
- age   6:       1160 bytes,   11065544 total
- age   7:       1064 bytes,   11066608 total
- age   8:        976 bytes,   11067584 total
: 109248K->14054K(109248K), 0.0119437 secs] 264496K->169302K(502464K), 0.0120471 secs] [Times: user=0.04 sys=0.00, real=0.02 secs] 
Heap after GC invocations=19622 (full 20):
 par new generation   total 109248K, used 14054K [0x00000007a0000000, 0x00000007a8000000, 0x00000007a8000000)
  eden space 87424K,   0% used [0x00000007a0000000, 0x00000007a0000000, 0x00000007a5560000)
  from space 21824K,  64% used [0x00000007a5560000, 0x00000007a6319ac0, 0x00000007a6ab0000)
  to   space 21824K,   0% used [0x00000007a6ab0000, 0x00000007a6ab0000, 0x00000007a8000000)
 concurrent mark-sweep generation total 393216K, used 155248K [0x00000007a8000000, 0x00000007c0000000, 0x00000007c0000000)
 Metaspace       used 43674K, capacity 44920K, committed 45100K, reserved 1089536K
  class space    used 5354K, capacity 5667K, committed 5676K, reserved 1048576K
}
2019-01-30T12:58:26.500+0600: 4904.070: Total time for which application threads were stopped: 0.0122847 seconds, Stopping threads took: 0.0000244 seconds
{Heap before GC invocations=19622 (full 20):
 par new generation   total 109248K, used 101478K [0x00000007a0000000, 0x00000007a8000000, 0x00000007a8000000)
  eden space 87424K, 100% used [0x00000007a0000000, 0x00000007a5560000, 0x00000007a5560000)
  from space 21824K,  64% used [0x00000007a5560000, 0x00000007a6319ac0, 0x00000007a6ab0000)
  to   space 21824K,   0% used [0x00000007a6ab0000, 0x00000007a6ab0000, 0x00000007a8000000)
 concurrent mark-sweep generation total 393216K, used 155248K [0x00000007a8000000, 0x00000007c0000000, 0x00000007c0000000)
 Metaspace       used 43674K, capacity 44920K, committed 45100K, reserved 1089536K
  class space    used 5354K, capacity 5667K, committed 5676K, reserved 1048576K
2019-01-30T12:58:26.712+0600: 4904.282: [GC (Allocation Failure) 2019-01-30T12:58:26.712+0600: 4904.282: [ParNew
Desired survivor size 20112992 bytes, new threshold 8 (max 8)
- age   1:    7696256 bytes,    7696256 total
- age   2:       1096 bytes,    7697352 total
- age   3:       1008 bytes,    7698360 total
- age   4:        992 bytes,    7699352 total
- age   5:       1120 bytes,    7700472 total
- age   6:       1152 bytes,    7701624 total
- age   7:       1160 bytes,    7702784 total
- age   8:       1064 bytes,    7703848 total
: 101478K->10167K(109248K), 0.0100795 secs] 256726K->165416K(502464K), 0.0101837 secs] [Times: user=0.04 sys=0.00, real=0.01 secs] 
Heap after GC invocations=19623 (full 20):
 par new generation   total 109248K, used 10167K [0x00000007a0000000, 0x00000007a8000000, 0x00000007a8000000)
  eden space 87424K,   0% used [0x00000007a0000000, 0x00000007a0000000, 0x00000007a5560000)
  from space 21824K,  46% used [0x00000007a6ab0000, 0x00000007a749dd58, 0x00000007a8000000)
  to   space 21824K,   0% used [0x00000007a5560000, 0x00000007a5560000, 0x00000007a6ab0000)
 concurrent mark-sweep generation total 393216K, used 155249K [0x00000007a8000000, 0x00000007c0000000, 0x00000007c0000000)
 Metaspace       used 43674K, capacity 44920K, committed 45100K, reserved 1089536K
  class space    used 5354K, capacity 5667K, committed 5676K, reserved 1048576K
}
2019-01-30T12:58:26.722+0600: 4904.292: Total time for which application threads were stopped: 0.0104238 seconds, Stopping threads took: 0.0000343 seconds
{Heap before GC invocations=19623 (full 20):
 par new generation   total 109248K, used 97591K [0x00000007a0000000, 0x00000007a8000000, 0x00000007a8000000)
  eden space 87424K, 100% used [0x00000007a0000000, 0x00000007a5560000, 0x00000007a5560000)
  from space 21824K,  46% used [0x00000007a6ab0000, 0x00000007a749dd58, 0x00000007a8000000)
  to   space 21824K,   0% used [0x00000007a5560000, 0x00000007a5560000, 0x00000007a6ab0000)
 concurrent mark-sweep generation total 393216K, used 155249K [0x00000007a8000000, 0x00000007c0000000, 0x00000007c0000000)
 Metaspace       used 43674K, capacity 44920K, committed 45100K, reserved 1089536K
  class space    used 5354K, capacity 5667K, committed 5676K, reserved 1048576K
2019-01-30T12:58:26.921+0600: 4904.492: [GC (Allocation Failure) 2019-01-30T12:58:26.921+0600: 4904.492: [ParNew
Desired survivor size 20112992 bytes, new threshold 8 (max 8)
- age   1:    5892352 bytes,    5892352 total
- age   2:       1168 bytes,    5893520 total
- age   3:       1096 bytes,    5894616 total
- age   4:       1008 bytes,    5895624 total
- age   5:        992 bytes,    5896616 total
- age   6:       1120 bytes,    5897736 total
- age   7:       1152 bytes,    5898888 total
- age   8:       1160 bytes,    5900048 total
: 97591K->8503K(109248K), 0.0082579 secs] 252840K->163753K(502464K), 0.0083534 secs] [Times: user=0.03 sys=0.00, real=0.00 secs] 
Heap after GC invocations=19624 (full 20):
 par new generation   total 109248K, used 8503K [0x00000007a0000000, 0x00000007a8000000, 0x00000007a8000000)
  eden space 87424K,   0% used [0x00000007a0000000, 0x00000007a0000000, 0x00000007a5560000)
  from space 21824K,  38% used [0x00000007a5560000, 0x00000007a5dadc18, 0x00000007a6ab0000)
  to   space 21824K,   0% used [0x00000007a6ab0000, 0x00000007a6ab0000, 0x00000007a8000000)
 concurrent mark-sweep generation total 393216K, used 155250K [0x00000007a8000000, 0x00000007c0000000, 0x00000007c0000000)
 Metaspace       used 43674K, capacity 44920K, committed 45100K, reserved 1089536K
  class space    used 5354K, capacity 5667K, committed 5676K, reserved 1048576K
}
2019-01-30T12:58:26.930+0600: 4904.500: Total time for which application threads were stopped: 0.0085821 seconds, Stopping threads took: 0.0000203 seconds
{Heap before GC invocations=19624 (full 20):
 par new generation   total 109248K, used 95927K [0x00000007a0000000, 0x00000007a8000000, 0x00000007a8000000)
  eden space 87424K, 100% used [0x00000007a0000000, 0x00000007a5560000, 0x00000007a5560000)
  from space 21824K,  38% used [0x00000007a5560000, 0x00000007a5dadc18, 0x00000007a6ab0000)
  to   space 21824K,   0% used [0x00000007a6ab0000, 0x00000007a6ab0000, 0x00000007a8000000)
 concurrent mark-sweep generation total 393216K, used 155250K [0x00000007a8000000, 0x00000007c0000000, 0x00000007c0000000)
 Metaspace       used 43674K, capacity 44920K, committed 45100K, reserved 1089536K
  class space    used 5354K, capacity 5667K, committed 5676K, reserved 1048576K
2019-01-30T12:58:27.137+0600: 4904.707: [GC (Allocation Failure) 2019-01-30T12:58:27.137+0600: 4904.707: [ParNew
Desired survivor size 20112992 bytes, new threshold 1 (max 8)
- age   1:   21113888 bytes,   21113888 total
- age   2:       1112 bytes,   21115000 total
- age   3:       1168 bytes,   21116168 total
- age   4:       1096 bytes,   21117264 total
- age   5:       1008 bytes,   21118272 total
- age   6:        992 bytes,   21119264 total
- age   7:       1120 bytes,   21120384 total
- age   8:       1152 bytes,   21121536 total
: 95927K->21824K(109248K), 0.0186072 secs] 251177K->177075K(502464K), 0.0187215 secs] [Times: user=0.07 sys=0.00, real=0.02 secs] 
Heap after GC invocations=19625 (full 20):
 par new generation   total 109248K, used 21824K [0x00000007a0000000, 0x00000007a8000000, 0x00000007a8000000)
  eden space 87424K,   0% used [0x00000007a0000000, 0x00000007a0000000, 0x00000007a5560000)
  from space 21824K, 100% used [0x00000007a6ab0000, 0x00000007a8000000, 0x00000007a8000000)
  to   space 21824K,   0% used [0x00000007a5560000, 0x00000007a5560000, 0x00000007a6ab0000)
 concurrent mark-sweep generation total 393216K, used 155251K [0x00000007a8000000, 0x00000007c0000000, 0x00000007c0000000)
 Metaspace       used 43674K, capacity 44920K, committed 45100K, reserved 1089536K
  class space    used 5354K, capacity 5667K, committed 5676K, reserved 1048576K
}
2019-01-30T12:58:27.156+0600: 4904.726: Total time for which application threads were stopped: 0.0189442 seconds, Stopping threads took: 0.0000236 seconds
{Heap before GC invocations=19625 (full 20):
 par new generation   total 109248K, used 109248K [0x00000007a0000000, 0x00000007a8000000, 0x00000007a8000000)
  eden space 87424K, 100% used [0x00000007a0000000, 0x00000007a5560000, 0x00000007a5560000)
  from space 21824K, 100% used [0x00000007a6ab0000, 0x00000007a8000000, 0x00000007a8000000)
  to   space 21824K,   0% used [0x00000007a5560000, 0x00000007a5560000, 0x00000007a6ab0000)
 concurrent mark-sweep generation total 393216K, used 155251K [0x00000007a8000000, 0x00000007c0000000, 0x00000007c0000000)
 Metaspace       used 43674K, capacity 44920K, committed 45100K, reserved 1089536K
  class space    used 5354K, capacity 5667K, committed 5676K, reserved 1048576K
2019-01-30T12:58:27.345+0600: 4904.916: [GC (Allocation Failure) 2019-01-30T12:58:27.345+0600: 4904.916: [ParNew
Desired survivor size 20112992 bytes, new threshold 8 (max 8)
- age   1:   15930208 bytes,   15930208 total
: 109248K->21824K(109248K), 0.0158929 secs] 264499K->177181K(502464K), 0.0159925 secs] [Times: user=0.05 sys=0.00, real=0.02 secs] 
Heap after GC invocations=19626 (full 20):
 par new generation   total 109248K, used 21824K [0x00000007a0000000, 0x00000007a8000000, 0x00000007a8000000)
  eden space 87424K,   0% used [0x00000007a0000000, 0x00000007a0000000, 0x00000007a5560000)
  from space 21824K, 100% used [0x00000007a5560000, 0x00000007a6ab0000, 0x00000007a6ab0000)
  to   space 21824K,   0% used [0x00000007a6ab0000, 0x00000007a6ab0000, 0x00000007a8000000)
 concurrent mark-sweep generation total 393216K, used 155357K [0x00000007a8000000, 0x00000007c0000000, 0x00000007c0000000)
 Metaspace       used 43674K, capacity 44920K, committed 45100K, reserved 1089536K
  class space    used 5354K, capacity 5667K, committed 5676K, reserved 1048576K
}
2019-01-30T12:58:27.361+0600: 4904.932: Total time for which application threads were stopped: 0.0162236 seconds, Stopping threads took: 0.0000254 seconds
{Heap before GC invocations=19626 (full 20):
 par new generation   total 109248K, used 109248K [0x00000007a0000000, 0x00000007a8000000, 0x00000007a8000000)
  eden space 87424K, 100% used [0x00000007a0000000, 0x00000007a5560000, 0x00000007a5560000)
  from space 21824K, 100% used [0x00000007a5560000, 0x00000007a6ab0000, 0x00000007a6ab0000)
  to   space 21824K,   0% used [0x00000007a6ab0000, 0x00000007a6ab0000, 0x00000007a8000000)
 concurrent mark-sweep generation total 393216K, used 155357K [0x00000007a8000000, 0x00000007c0000000, 0x00000007c0000000)
 Metaspace       used 43674K, capacity 44920K, committed 45100K, reserved 1089536K
  class space    used 5354K, capacity 5667K, committed 5676K, reserved 1048576K
2019-01-30T12:58:27.570+0600: 4905.141: [GC (Allocation Failure) 2019-01-30T12:58:27.570+0600: 4905.141: [ParNew
Desired survivor size 20112992 bytes, new threshold 8 (max 8)
- age   1:   12753656 bytes,   12753656 total
- age   2:       1592 bytes,   12755248 total
: 109248K->18148K(109248K), 0.0150170 secs] 264605K->173505K(502464K), 0.0151143 secs] [Times: user=0.05 sys=0.00, real=0.01 secs] 
Heap after GC invocations=19627 (full 20):
 par new generation   total 109248K, used 18148K [0x00000007a0000000, 0x00000007a8000000, 0x00000007a8000000)
  eden space 87424K,   0% used [0x00000007a0000000, 0x00000007a0000000, 0x00000007a5560000)
  from space 21824K,  83% used [0x00000007a6ab0000, 0x00000007a7c690c0, 0x00000007a8000000)
  to   space 21824K,   0% used [0x00000007a5560000, 0x00000007a5560000, 0x00000007a6ab0000)
 concurrent mark-sweep generation total 393216K, used 155357K [0x00000007a8000000, 0x00000007c0000000, 0x00000007c0000000)
 Metaspace       used 43674K, capacity 44920K, committed 45100K, reserved 1089536K
  class space    used 5354K, capacity 5667K, committed 5676K, reserved 1048576K
}
2019-01-30T12:58:27.585+0600: 4905.156: Total time for which application threads were stopped: 0.0153440 seconds, Stopping threads took: 0.0000257 seconds
{Heap before GC invocations=19627 (full 20):
 par new generation   total 109248K, used 105572K [0x00000007a0000000, 0x00000007a8000000, 0x00000007a8000000)
  eden space 87424K, 100% used [0x00000007a0000000, 0x00000007a5560000, 0x00000007a5560000)
  from space 21824K,  83% used [0x00000007a6ab0000, 0x00000007a7c690c0, 0x00000007a8000000)
  to   space 21824K,   0% used [0x00000007a5560000, 0x00000007a5560000, 0x00000007a6ab0000)
 concurrent mark-sweep generation total 393216K, used 155357K [0x00000007a8000000, 0x00000007c0000000, 0x00000007c0000000)
 Metaspace       used 43674K, capacity 44920K, committed 45100K, reserved 1089536K
  class space    used 5354K, capacity 5667K, committed 5676K, reserved 1048576K
2019-01-30T12:58:27.783+0600: 4905.354: [GC (Allocation Failure) 2019-01-30T12:58:27.784+0600: 4905.354: [ParNew
Desired survivor size 20112992 bytes, new threshold 8 (max 8)
- age   1:    9463064 bytes,    9463064 total
- age   2:       1024 bytes,    9464088 total
- age   3:       1592 bytes,    9465680 total
: 105572K->12144K(109248K), 0.0118293 secs] 260929K->167501K(502464K), 0.0119239 secs] [Times: user=0.04 sys=0.00, real=0.01 secs] 
Heap after GC invocations=19628 (full 20):
 par new generation   total 109248K, used 12144K [0x00000007a0000000, 0x00000007a8000000, 0x00000007a8000000)
  eden space 87424K,   0% used [0x00000007a0000000, 0x00000007a0000000, 0x00000007a5560000)
  from space 21824K,  55% used [0x00000007a5560000, 0x00000007a613c160, 0x00000007a6ab0000)
  to   space 21824K,   0% used [0x00000007a6ab0000, 0x00000007a6ab0000, 0x00000007a8000000)
 concurrent mark-sweep generation total 393216K, used 155357K [0x00000007a8000000, 0x00000007c0000000, 0x00000007c0000000)
 Metaspace       used 43674K, capacity 44920K, committed 45100K, reserved 1089536K
  class space    used 5354K, capacity 5667K, committed 5676K, reserved 1048576K
}
2019-01-30T12:58:27.795+0600: 4905.366: Total time for which application threads were stopped: 0.0121525 seconds, Stopping threads took: 0.0000239 seconds
{Heap before GC invocations=19628 (full 20):
 par new generation   total 109248K, used 99568K [0x00000007a0000000, 0x00000007a8000000, 0x00000007a8000000)
  eden space 87424K, 100% used [0x00000007a0000000, 0x00000007a5560000, 0x00000007a5560000)
  from space 21824K,  55% used [0x00000007a5560000, 0x00000007a613c160, 0x00000007a6ab0000)
  to   space 21824K,   0% used [0x00000007a6ab0000, 0x00000007a6ab0000, 0x00000007a8000000)
 concurrent mark-sweep generation total 393216K, used 155357K [0x00000007a8000000, 0x00000007c0000000, 0x00000007c0000000)
 Metaspace       used 43674K, capacity 44920K, committed 45100K, reserved 1089536K
  class space    used 5354K, capacity 5667K, committed 5676K, reserved 1048576K
2019-01-30T12:58:27.990+0600: 4905.560: [GC (Allocation Failure) 2019-01-30T12:58:27.990+0600: 4905.560: [ParNew
Desired survivor size 20112992 bytes, new threshold 8 (max 8)
- age   1:    5904856 bytes,    5904856 total
- age   2:       1144 bytes,    5906000 total
- age   3:       1024 bytes,    5907024 total
- age   4:       1592 bytes,    5908616 total
: 99568K->9102K(109248K), 0.0084161 secs] 254925K->164459K(502464K), 0.0085125 secs] [Times: user=0.03 sys=0.00, real=0.00 secs] 
Heap after GC invocations=19629 (full 20):
 par new generation   total 109248K, used 9102K [0x00000007a0000000, 0x00000007a8000000, 0x00000007a8000000)
  eden space 87424K,   0% used [0x00000007a0000000, 0x00000007a0000000, 0x00000007a5560000)
  from space 21824K,  41% used [0x00000007a6ab0000, 0x00000007a7393968, 0x00000007a8000000)
  to   space 21824K,   0% used [0x00000007a5560000, 0x00000007a5560000, 0x00000007a6ab0000)
 concurrent mark-sweep generation total 393216K, used 155357K [0x00000007a8000000, 0x00000007c0000000, 0x00000007c0000000)
 Metaspace       used 43674K, capacity 44920K, committed 45100K, reserved 1089536K
  class space    used 5354K, capacity 5667K, committed 5676K, reserved 1048576K
}
2019-01-30T12:58:27.998+0600: 4905.569: Total time for which application threads were stopped: 0.0087423 seconds, Stopping threads took: 0.0000202 seconds
{Heap before GC invocations=19629 (full 20):
 par new generation   total 109248K, used 96526K [0x00000007a0000000, 0x00000007a8000000, 0x00000007a8000000)
  eden space 87424K, 100% used [0x00000007a0000000, 0x00000007a5560000, 0x00000007a5560000)
  from space 21824K,  41% used [0x00000007a6ab0000, 0x00000007a7393968, 0x00000007a8000000)
  to   space 21824K,   0% used [0x00000007a5560000, 0x00000007a5560000, 0x00000007a6ab0000)
 concurrent mark-sweep generation total 393216K, used 155357K [0x00000007a8000000, 0x00000007c0000000, 0x00000007c0000000)
 Metaspace       used 43674K, capacity 44920K, committed 45100K, reserved 1089536K
  class space    used 5354K, capacity 5667K, committed 5676K, reserved 1048576K
2019-01-30T12:58:28.209+0600: 4905.780: [GC (Allocation Failure) 2019-01-30T12:58:28.209+0600: 4905.780: [ParNew
Desired survivor size 20112992 bytes, new threshold 8 (max 8)
- age   1:    5861664 bytes,    5861664 total
- age   2:       1160 bytes,    5862824 total
- age   3:       1144 bytes,    5863968 total
- age   4:       1024 bytes,    5864992 total
- age   5:       1592 bytes,    5866584 total
: 96526K->6509K(109248K), 0.0083199 secs] 251883K->161867K(502464K), 0.0084155 secs] [Times: user=0.04 sys=0.00, real=0.01 secs] 
Heap after GC invocations=19630 (full 20):
 par new generation   total 109248K, used 6509K [0x00000007a0000000, 0x00000007a8000000, 0x00000007a8000000)
  eden space 87424K,   0% used [0x00000007a0000000, 0x00000007a0000000, 0x00000007a5560000)
  from space 21824K,  29% used [0x00000007a5560000, 0x00000007a5bbb6d0, 0x00000007a6ab0000)
  to   space 21824K,   0% used [0x00000007a6ab0000, 0x00000007a6ab0000, 0x00000007a8000000)
 concurrent mark-sweep generation total 393216K, used 155357K [0x00000007a8000000, 0x00000007c0000000, 0x00000007c0000000)
 Metaspace       used 43674K, capacity 44920K, committed 45100K, reserved 1089536K
  class space    used 5354K, capacity 5667K, committed 5676K, reserved 1048576K
}
2019-01-30T12:58:28.218+0600: 4905.788: Total time for which application threads were stopped: 0.0086629 seconds, Stopping threads took: 0.0000243 seconds
{Heap before GC invocations=19630 (full 20):
 par new generation   total 109248K, used 93933K [0x00000007a0000000, 0x00000007a8000000, 0x00000007a8000000)
  eden space 87424K, 100% used [0x00000007a0000000, 0x00000007a5560000, 0x00000007a5560000)
  from space 21824K,  29% used [0x00000007a5560000, 0x00000007a5bbb6d0, 0x00000007a6ab0000)
  to   space 21824K,   0% used [0x00000007a6ab0000, 0x00000007a6ab0000, 0x00000007a8000000)
 concurrent mark-sweep generation total 393216K, used 155357K [0x00000007a8000000, 0x00000007c0000000, 0x00000007c0000000)
 Metaspace       used 43674K, capacity 44920K, committed 45100K, reserved 1089536K
  class space    used 5354K, capacity 5667K, committed 5676K, reserved 1048576K
2019-01-30T12:58:28.413+0600: 4905.983: [GC (Allocation Failure) 2019-01-30T12:58:28.413+0600: 4905.983: [ParNew
Desired survivor size 20112992 bytes, new threshold 8 (max 8)
- age   1:   19011992 bytes,   19011992 total
- age   2:       1128 bytes,   19013120 total
- age   3:       1160 bytes,   19014280 total
- age   4:       1144 bytes,   19015424 total
- age   5:       1024 bytes,   19016448 total
- age   6:       1592 bytes,   19018040 total
: 93933K->20983K(109248K), 0.0179128 secs] 249291K->176341K(502464K), 0.0180119 secs] [Times: user=0.07 sys=0.00, real=0.02 secs] 
Heap after GC invocations=19631 (full 20):
 par new generation   total 109248K, used 20983K [0x00000007a0000000, 0x00000007a8000000, 0x00000007a8000000)
  eden space 87424K,   0% used [0x00000007a0000000, 0x00000007a0000000, 0x00000007a5560000)
  from space 21824K,  96% used [0x00000007a6ab0000, 0x00000007a7f2df38, 0x00000007a8000000)
  to   space 21824K,   0% used [0x00000007a5560000, 0x00000007a5560000, 0x00000007a6ab0000)
 concurrent mark-sweep generation total 393216K, used 155357K [0x00000007a8000000, 0x00000007c0000000, 0x00000007c0000000)
 Metaspace       used 43674K, capacity 44920K, committed 45100K, reserved 1089536K
  class space    used 5354K, capacity 5667K, committed 5676K, reserved 1048576K
}
2019-01-30T12:58:28.431+0600: 4906.001: Total time for which application threads were stopped: 0.0182329 seconds, Stopping threads took: 0.0000226 seconds
{Heap before GC invocations=19631 (full 20):
 par new generation   total 109248K, used 108407K [0x00000007a0000000, 0x00000007a8000000, 0x00000007a8000000)
  eden space 87424K, 100% used [0x00000007a0000000, 0x00000007a5560000, 0x00000007a5560000)
  from space 21824K,  96% used [0x00000007a6ab0000, 0x00000007a7f2df38, 0x00000007a8000000)
  to   space 21824K,   0% used [0x00000007a5560000, 0x00000007a5560000, 0x00000007a6ab0000)
 concurrent mark-sweep generation total 393216K, used 155357K [0x00000007a8000000, 0x00000007c0000000, 0x00000007c0000000)
 Metaspace       used 43674K, capacity 44920K, committed 45100K, reserved 1089536K
  class space    used 5354K, capacity 5667K, committed 5676K, reserved 1048576K
2019-01-30T12:58:28.634+0600: 4906.204: [GC (Allocation Failure) 2019-01-30T12:58:28.634+0600: 4906.204: [ParNew
Desired survivor size 20112992 bytes, new threshold 8 (max 8)
- age   1:   14615576 bytes,   14615576 total
- age   2:        952 bytes,   14616528 total
- age   3:       1128 bytes,   14617656 total
- age   4:       1160 bytes,   14618816 total
- age   5:       1144 bytes,   14619960 total
- age   6:       1024 bytes,   14620984 total
- age   7:       1592 bytes,   14622576 total
: 108407K->21824K(109248K), 0.0144069 secs] 263765K->177181K(502464K), 0.0145112 secs] [Times: user=0.05 sys=0.00, real=0.01 secs] 
Heap after GC invocations=19632 (full 20):
 par new generation   total 109248K, used 21824K [0x00000007a0000000, 0x00000007a8000000, 0x00000007a8000000)
  eden space 87424K,   0% used [0x00000007a0000000, 0x00000007a0000000, 0x00000007a5560000)
  from space 21824K, 100% used [0x00000007a5560000, 0x00000007a6ab0000, 0x00000007a6ab0000)
  to   space 21824K,   0% used [0x00000007a6ab0000, 0x00000007a6ab0000, 0x00000007a8000000)
 concurrent mark-sweep generation total 393216K, used 155357K [0x00000007a8000000, 0x00000007c0000000, 0x00000007c0000000)
 Metaspace       used 43674K, capacity 44920K, committed 45100K, reserved 1089536K
  class space    used 5354K, capacity 5667K, committed 5676K, reserved 1048576K
}
2019-01-30T12:58:28.648+0600: 4906.219: Total time for which application threads were stopped: 0.0147494 seconds, Stopping threads took: 0.0000241 seconds
{Heap before GC invocations=19632 (full 20):
 par new generation   total 109248K, used 109248K [0x00000007a0000000, 0x00000007a8000000, 0x00000007a8000000)
  eden space 87424K, 100% used [0x00000007a0000000, 0x00000007a5560000, 0x00000007a5560000)
  from space 21824K, 100% used [0x00000007a5560000, 0x00000007a6ab0000, 0x00000007a6ab0000)
  to   space 21824K,   0% used [0x00000007a6ab0000, 0x00000007a6ab0000, 0x00000007a8000000)
 concurrent mark-sweep generation total 393216K, used 155357K [0x00000007a8000000, 0x00000007c0000000, 0x00000007c0000000)
 Metaspace       used 43674K, capacity 44920K, committed 45100K, reserved 1089536K
  class space    used 5354K, capacity 5667K, committed 5676K, reserved 1048576K
2019-01-30T12:58:28.847+0600: 4906.417: [GC (Allocation Failure) 2019-01-30T12:58:28.847+0600: 4906.417: [ParNew
Desired survivor size 20112992 bytes, new threshold 8 (max 8)
- age   1:   11060280 bytes,   11060280 total
- age   2:       1080 bytes,   11061360 total
- age   3:        952 bytes,   11062312 total
- age   4:       1128 bytes,   11063440 total
- age   5:       1160 bytes,   11064600 total
- age   6:       1144 bytes,   11065744 total
- age   7:       1024 bytes,   11066768 total
- age   8:       1592 bytes,   11068360 total
: 109248K->14503K(109248K), 0.0117896 secs] 264605K->169861K(502464K), 0.0118932 secs] [Times: user=0.05 sys=0.00, real=0.01 secs] 
Heap after GC invocations=19633 (full 20):
 par new generation   total 109248K, used 14503K [0x00000007a0000000, 0x00000007a8000000, 0x00000007a8000000)
  eden space 87424K,   0% used [0x00000007a0000000, 0x00000007a0000000, 0x00000007a5560000)
  from space 21824K,  66% used [0x00000007a6ab0000, 0x00000007a78d9d90, 0x00000007a8000000)
  to   space 21824K,   0% used [0x00000007a5560000, 0x00000007a5560000, 0x00000007a6ab0000)
 concurrent mark-sweep generation total 393216K, used 155357K [0x00000007a8000000, 0x00000007c0000000, 0x00000007c0000000)
 Metaspace       used 43674K, capacity 44920K, committed 45100K, reserved 1089536K
  class space    used 5354K, capacity 5667K, committed 5676K, reserved 1048576K
}
2019-01-30T12:58:28.859+0600: 4906.429: Total time for which application threads were stopped: 0.0121336 seconds, Stopping threads took: 0.0000246 seconds
{Heap before GC invocations=19633 (full 20):
 par new generation   total 109248K, used 101927K [0x00000007a0000000, 0x00000007a8000000, 0x00000007a8000000)
  eden space 87424K, 100% used [0x00000007a0000000, 0x00000007a5560000, 0x00000007a5560000)
  from space 21824K,  66% used [0x00000007a6ab0000, 0x00000007a78d9d90, 0x00000007a8000000)
  to   space 21824K,   0% used [0x00000007a5560000, 0x00000007a5560000, 0x00000007a6ab0000)
 concurrent mark-sweep generation total 393216K, used 155357K [0x00000007a8000000, 0x00000007c0000000, 0x00000007c0000000)
 Metaspace       used 43674K, capacity 44920K, committed 45100K, reserved 1089536K
  class space    used 5354K, capacity 5667K, committed 5676K, reserved 1048576K
2019-01-30T12:58:29.065+0600: 4906.635: [GC (Allocation Failure) 2019-01-30T12:58:29.065+0600: 4906.635: [ParNew
Desired survivor size 20112992 bytes, new threshold 8 (max 8)
- age   1:    7696392 bytes,    7696392 total
- age   2:       1096 bytes,    7697488 total
- age   3:       1080 bytes,    7698568 total
- age   4:        952 bytes,    7699520 total
- age   5:       1128 bytes,    7700648 total
- age   6:       1160 bytes,    7701808 total
- age   7:       1144 bytes,    7702952 total
- age   8:       1024 bytes,    7703976 total
: 101927K->10708K(109248K), 0.0096175 secs] 257285K->166067K(502464K), 0.0097155 secs] [Times: user=0.04 sys=0.00, real=0.01 secs] 
Heap after GC invocations=19634 (full 20):
 par new generation   total 109248K, used 10708K [0x00000007a0000000, 0x00000007a8000000, 0x00000007a8000000)
  eden space 87424K,   0% used [0x00000007a0000000, 0x00000007a0000000, 0x00000007a5560000)
  from space 21824K,  49% used [0x00000007a5560000, 0x00000007a5fd5200, 0x00000007a6ab0000)
  to   space 21824K,   0% used [0x00000007a6ab0000, 0x00000007a6ab0000, 0x00000007a8000000)
 concurrent mark-sweep generation total 393216K, used 155359K [0x00000007a8000000, 0x00000007c0000000, 0x00000007c0000000)
 Metaspace       used 43674K, capacity 44920K, committed 45100K, reserved 1089536K
  class space    used 5354K, capacity 5667K, committed 5676K, reserved 1048576K
}
2019-01-30T12:58:29.075+0600: 4906.645: Total time for which application threads were stopped: 0.0099446 seconds, Stopping threads took: 0.0000231 seconds
{Heap before GC invocations=19634 (full 20):
 par new generation   total 109248K, used 98132K [0x00000007a0000000, 0x00000007a8000000, 0x00000007a8000000)
  eden space 87424K, 100% used [0x00000007a0000000, 0x00000007a5560000, 0x00000007a5560000)
  from space 21824K,  49% used [0x00000007a5560000, 0x00000007a5fd5200, 0x00000007a6ab0000)
  to   space 21824K,   0% used [0x00000007a6ab0000, 0x00000007a6ab0000, 0x00000007a8000000)
 concurrent mark-sweep generation total 393216K, used 155359K [0x00000007a8000000, 0x00000007c0000000, 0x00000007c0000000)
 Metaspace       used 43674K, capacity 44920K, committed 45100K, reserved 1089536K
  class space    used 5354K, capacity 5667K, committed 5676K, reserved 1048576K
2019-01-30T12:58:29.305+0600: 4906.875: [GC (Allocation Failure) 2019-01-30T12:58:29.315+0600: 4906.885: [ParNew
Desired survivor size 20112992 bytes, new threshold 8 (max 8)
- age   1:    5892200 bytes,    5892200 total
- age   2:       1136 bytes,    5893336 total
- age   3:       1096 bytes,    5894432 total
- age   4:       1080 bytes,    5895512 total
- age   5:        952 bytes,    5896464 total
- age   6:       1128 bytes,    5897592 total
- age   7:       1160 bytes,    5898752 total
- age   8:       1144 bytes,    5899896 total
: 98132K->9343K(109248K), 0.0094531 secs] 253491K->164703K(502464K), 0.0195097 secs] [Times: user=0.03 sys=0.00, real=0.02 secs] 
Heap after GC invocations=19635 (full 20):
 par new generation   total 109248K, used 9343K [0x00000007a0000000, 0x00000007a8000000, 0x00000007a8000000)
  eden space 87424K,   0% used [0x00000007a0000000, 0x00000007a0000000, 0x00000007a5560000)
  from space 21824K,  42% used [0x00000007a6ab0000, 0x00000007a73cfed0, 0x00000007a8000000)
  to   space 21824K,   0% used [0x00000007a5560000, 0x00000007a5560000, 0x00000007a6ab0000)
 concurrent mark-sweep generation total 393216K, used 155360K [0x00000007a8000000, 0x00000007c0000000, 0x00000007c0000000)
 Metaspace       used 43674K, capacity 44920K, committed 45100K, reserved 1089536K
  class space    used 5354K, capacity 5667K, committed 5676K, reserved 1048576K
}
2019-01-30T12:58:29.324+0600: 4906.895: Total time for which application threads were stopped: 0.0197528 seconds, Stopping threads took: 0.0000281 seconds
{Heap before GC invocations=19635 (full 20):
 par new generation   total 109248K, used 96767K [0x00000007a0000000, 0x00000007a8000000, 0x00000007a8000000)
  eden space 87424K, 100% used [0x00000007a0000000, 0x00000007a5560000, 0x00000007a5560000)
  from space 21824K,  42% used [0x00000007a6ab0000, 0x00000007a73cfed0, 0x00000007a8000000)
  to   space 21824K,   0% used [0x00000007a5560000, 0x00000007a5560000, 0x00000007a6ab0000)
 concurrent mark-sweep generation total 393216K, used 155360K [0x00000007a8000000, 0x00000007c0000000, 0x00000007c0000000)
 Metaspace       used 43674K, capacity 44920K, committed 45100K, reserved 1089536K
  class space    used 5354K, capacity 5667K, committed 5676K, reserved 1048576K
2019-01-30T12:58:29.547+0600: 4907.118: [GC (Allocation Failure) 2019-01-30T12:58:29.547+0600: 4907.118: [ParNew
Desired survivor size 20112992 bytes, new threshold 1 (max 8)
- age   1:   21114016 bytes,   21114016 total
- age   2:       1104 bytes,   21115120 total
- age   3:       1136 bytes,   21116256 total
- age   4:       1096 bytes,   21117352 total
- age   5:       1080 bytes,   21118432 total
- age   6:        952 bytes,   21119384 total
- age   7:       1128 bytes,   21120512 total
- age   8:       1160 bytes,   21121672 total
: 96767K->21334K(109248K), 0.0210877 secs] 252127K->176696K(502464K), 0.0212165 secs] [Times: user=0.07 sys=0.00, real=0.02 secs] 
Heap after GC invocations=19636 (full 20):
 par new generation   total 109248K, used 21334K [0x00000007a0000000, 0x00000007a8000000, 0x00000007a8000000)
  eden space 87424K,   0% used [0x00000007a0000000, 0x00000007a0000000, 0x00000007a5560000)
  from space 21824K,  97% used [0x00000007a5560000, 0x00000007a6a35be0, 0x00000007a6ab0000)
  to   space 21824K,   0% used [0x00000007a6ab0000, 0x00000007a6ab0000, 0x00000007a8000000)
 concurrent mark-sweep generation total 393216K, used 155361K [0x00000007a8000000, 0x00000007c0000000, 0x00000007c0000000)
 Metaspace       used 43674K, capacity 44920K, committed 45100K, reserved 1089536K
  class space    used 5354K, capacity 5667K, committed 5676K, reserved 1048576K
}
2019-01-30T12:58:29.568+0600: 4907.139: Total time for which application threads were stopped: 0.0215057 seconds, Stopping threads took: 0.0000325 seconds
{Heap before GC invocations=19636 (full 20):
 par new generation   total 109248K, used 108758K [0x00000007a0000000, 0x00000007a8000000, 0x00000007a8000000)
  eden space 87424K, 100% used [0x00000007a0000000, 0x00000007a5560000, 0x00000007a5560000)
  from space 21824K,  97% used [0x00000007a5560000, 0x00000007a6a35be0, 0x00000007a6ab0000)
  to   space 21824K,   0% used [0x00000007a6ab0000, 0x00000007a6ab0000, 0x00000007a8000000)
 concurrent mark-sweep generation total 393216K, used 155361K [0x00000007a8000000, 0x00000007c0000000, 0x00000007c0000000)
 Metaspace       used 43674K, capacity 44920K, committed 45100K, reserved 1089536K
  class space    used 5354K, capacity 5667K, committed 5676K, reserved 1048576K
2019-01-30T12:58:29.772+0600: 4907.342: [GC (Allocation Failure) 2019-01-30T12:58:29.772+0600: 4907.342: [ParNew
Desired survivor size 20112992 bytes, new threshold 8 (max 8)
- age   1:   16030064 bytes,   16030064 total
: 108758K->21824K(109248K), 0.0163034 secs] 264120K->177194K(502464K), 0.0164247 secs] [Times: user=0.06 sys=0.00, real=0.01 secs] 
Heap after GC invocations=19637 (full 20):
 par new generation   total 109248K, used 21824K [0x00000007a0000000, 0x00000007a8000000, 0x00000007a8000000)
  eden space 87424K,   0% used [0x00000007a0000000, 0x00000007a0000000, 0x00000007a5560000)
  from space 21824K, 100% used [0x00000007a6ab0000, 0x00000007a8000000, 0x00000007a8000000)
  to   space 21824K,   0% used [0x00000007a5560000, 0x00000007a5560000, 0x00000007a6ab0000)
 concurrent mark-sweep generation total 393216K, used 155370K [0x00000007a8000000, 0x00000007c0000000, 0x00000007c0000000)
 Metaspace       used 43674K, capacity 44920K, committed 45100K, reserved 1089536K
  class space    used 5354K, capacity 5667K, committed 5676K, reserved 1048576K
}
2019-01-30T12:58:29.788+0600: 4907.359: Total time for which application threads were stopped: 0.0166847 seconds, Stopping threads took: 0.0000254 seconds
{Heap before GC invocations=19637 (full 20):
 par new generation   total 109248K, used 109248K [0x00000007a0000000, 0x00000007a8000000, 0x00000007a8000000)
  eden space 87424K, 100% used [0x00000007a0000000, 0x00000007a5560000, 0x00000007a5560000)
  from space 21824K, 100% used [0x00000007a6ab0000, 0x00000007a8000000, 0x00000007a8000000)
  to   space 21824K,   0% used [0x00000007a5560000, 0x00000007a5560000, 0x00000007a6ab0000)
 concurrent mark-sweep generation total 393216K, used 155370K [0x00000007a8000000, 0x00000007c0000000, 0x00000007c0000000)
 Metaspace       used 43674K, capacity 44920K, committed 45100K, reserved 1089536K
  class space    used 5354K, capacity 5667K, committed 5676K, reserved 1048576K
2019-01-30T12:58:30.064+0600: 4907.634: [GC (Allocation Failure) 2019-01-30T12:58:30.064+0600: 4907.634: [ParNew
Desired survivor size 20112992 bytes, new threshold 8 (max 8)
- age   1:   12769552 bytes,   12769552 total
- age   2:       1024 bytes,   12770576 total
: 109248K->15940K(109248K), 0.0167791 secs] 264618K->171310K(502464K), 0.0169012 secs] [Times: user=0.05 sys=0.00, real=0.02 secs] 
Heap after GC invocations=19638 (full 20):
 par new generation   total 109248K, used 15940K [0x00000007a0000000, 0x00000007a8000000, 0x00000007a8000000)
  eden space 87424K,   0% used [0x00000007a0000000, 0x00000007a0000000, 0x00000007a5560000)
  from space 21824K,  73% used [0x00000007a5560000, 0x00000007a64f1258, 0x00000007a6ab0000)
  to   space 21824K,   0% used [0x00000007a6ab0000, 0x00000007a6ab0000, 0x00000007a8000000)
 concurrent mark-sweep generation total 393216K, used 155370K [0x00000007a8000000, 0x00000007c0000000, 0x00000007c0000000)
 Metaspace       used 43674K, capacity 44920K, committed 45100K, reserved 1089536K
  class space    used 5354K, capacity 5667K, committed 5676K, reserved 1048576K
}
2019-01-30T12:58:30.081+0600: 4907.651: Total time for which application threads were stopped: 0.0171357 seconds, Stopping threads took: 0.0000240 seconds
{Heap before GC invocations=19638 (full 20):
 par new generation   total 109248K, used 103364K [0x00000007a0000000, 0x00000007a8000000, 0x00000007a8000000)
  eden space 87424K, 100% used [0x00000007a0000000, 0x00000007a5560000, 0x00000007a5560000)
  from space 21824K,  73% used [0x00000007a5560000, 0x00000007a64f1258, 0x00000007a6ab0000)
  to   space 21824K,   0% used [0x00000007a6ab0000, 0x00000007a6ab0000, 0x00000007a8000000)
 concurrent mark-sweep generation total 393216K, used 155370K [0x00000007a8000000, 0x00000007c0000000, 0x00000007c0000000)
 Metaspace       used 43674K, capacity 44920K, committed 45100K, reserved 1089536K
  class space    used 5354K, capacity 5667K, committed 5676K, reserved 1048576K
2019-01-30T12:58:30.340+0600: 4907.911: [GC (Allocation Failure) 2019-01-30T12:58:30.340+0600: 4907.911: [ParNew
Desired survivor size 20112992 bytes, new threshold 8 (max 8)
- age   1:    9464680 bytes,    9464680 total
- age   2:       1008 bytes,    9465688 total
- age   3:       1024 bytes,    9466712 total
: 103364K->17446K(109248K), 0.0188297 secs] 258734K->172816K(502464K), 0.0190079 secs] [Times: user=0.04 sys=0.00, real=0.01 secs] 
Heap after GC invocations=19639 (full 20):
 par new generation   total 109248K, used 17446K [0x00000007a0000000, 0x00000007a8000000, 0x00000007a8000000)
  eden space 87424K,   0% used [0x00000007a0000000, 0x00000007a0000000, 0x00000007a5560000)
  from space 21824K,  79% used [0x00000007a6ab0000, 0x00000007a7bb9820, 0x00000007a8000000)
  to   space 21824K,   0% used [0x00000007a5560000, 0x00000007a5560000, 0x00000007a6ab0000)
 concurrent mark-sweep generation total 393216K, used 155370K [0x00000007a8000000, 0x00000007c0000000, 0x00000007c0000000)
 Metaspace       used 43674K, capacity 44920K, committed 45100K, reserved 1089536K
  class space    used 5354K, capacity 5667K, committed 5676K, reserved 1048576K
}
2019-01-30T12:58:30.359+0600: 4907.930: Total time for which application threads were stopped: 0.0193890 seconds, Stopping threads took: 0.0000321 seconds
{Heap before GC invocations=19639 (full 20):
 par new generation   total 109248K, used 104870K [0x00000007a0000000, 0x00000007a8000000, 0x00000007a8000000)
  eden space 87424K, 100% used [0x00000007a0000000, 0x00000007a5560000, 0x00000007a5560000)
  from space 21824K,  79% used [0x00000007a6ab0000, 0x00000007a7bb9820, 0x00000007a8000000)
  to   space 21824K,   0% used [0x00000007a5560000, 0x00000007a5560000, 0x00000007a6ab0000)
 concurrent mark-sweep generation total 393216K, used 155370K [0x00000007a8000000, 0x00000007c0000000, 0x00000007c0000000)
 Metaspace       used 43674K, capacity 44920K, committed 45100K, reserved 1089536K
  class space    used 5354K, capacity 5667K, committed 5676K, reserved 1048576K
2019-01-30T12:58:30.632+0600: 4908.202: [GC (Allocation Failure) 2019-01-30T12:58:30.632+0600: 4908.202: [ParNew
Desired survivor size 20112992 bytes, new threshold 8 (max 8)
- age   1:    5910112 bytes,    5910112 total
- age   2:       1184 bytes,    5911296 total
- age   3:       1008 bytes,    5912304 total
- age   4:       1024 bytes,    5913328 total
: 104870K->6961K(109248K), 0.0091050 secs] 260240K->162331K(502464K), 0.0092218 secs] [Times: user=0.03 sys=0.00, real=0.01 secs] 
Heap after GC invocations=19640 (full 20):
 par new generation   total 109248K, used 6961K [0x00000007a0000000, 0x00000007a8000000, 0x00000007a8000000)
  eden space 87424K,   0% used [0x00000007a0000000, 0x00000007a0000000, 0x00000007a5560000)
  from space 21824K,  31% used [0x00000007a5560000, 0x00000007a5c2c660, 0x00000007a6ab0000)
  to   space 21824K,   0% used [0x00000007a6ab0000, 0x00000007a6ab0000, 0x00000007a8000000)
 concurrent mark-sweep generation total 393216K, used 155370K [0x00000007a8000000, 0x00000007c0000000, 0x00000007c0000000)
 Metaspace       used 43674K, capacity 44920K, committed 45100K, reserved 1089536K
  class space    used 5354K, capacity 5667K, committed 5676K, reserved 1048576K
}
2019-01-30T12:58:30.641+0600: 4908.211: Total time for which application threads were stopped: 0.0094925 seconds, Stopping threads took: 0.0000265 seconds
{Heap before GC invocations=19640 (full 20):
 par new generation   total 109248K, used 94385K [0x00000007a0000000, 0x00000007a8000000, 0x00000007a8000000)
  eden space 87424K, 100% used [0x00000007a0000000, 0x00000007a5560000, 0x00000007a5560000)
  from space 21824K,  31% used [0x00000007a5560000, 0x00000007a5c2c660, 0x00000007a6ab0000)
  to   space 21824K,   0% used [0x00000007a6ab0000, 0x00000007a6ab0000, 0x00000007a8000000)
 concurrent mark-sweep generation total 393216K, used 155370K [0x00000007a8000000, 0x00000007c0000000, 0x00000007c0000000)
 Metaspace       used 43674K, capacity 44920K, committed 45100K, reserved 1089536K
  class space    used 5354K, capacity 5667K, committed 5676K, reserved 1048576K
2019-01-30T12:58:30.862+0600: 4908.432: [GC (Allocation Failure) 2019-01-30T12:58:30.862+0600: 4908.432: [ParNew
Desired survivor size 20112992 bytes, new threshold 8 (max 8)
- age   1:    5861880 bytes,    5861880 total
- age   2:       1128 bytes,    5863008 total
- age   3:       1184 bytes,    5864192 total
- age   4:       1008 bytes,    5865200 total
- age   5:       1024 bytes,    5866224 total
: 94385K->6864K(109248K), 0.0086379 secs] 249755K->162234K(502464K), 0.0087499 secs] [Times: user=0.03 sys=0.00, real=0.01 secs] 
Heap after GC invocations=19641 (full 20):
 par new generation   total 109248K, used 6864K [0x00000007a0000000, 0x00000007a8000000, 0x00000007a8000000)
  eden space 87424K,   0% used [0x00000007a0000000, 0x00000007a0000000, 0x00000007a5560000)
  from space 21824K,  31% used [0x00000007a6ab0000, 0x00000007a71640b8, 0x00000007a8000000)
  to   space 21824K,   0% used [0x00000007a5560000, 0x00000007a5560000, 0x00000007a6ab0000)
 concurrent mark-sweep generation total 393216K, used 155370K [0x00000007a8000000, 0x00000007c0000000, 0x00000007c0000000)
 Metaspace       used 43674K, capacity 44920K, committed 45100K, reserved 1089536K
  class space    used 5354K, capacity 5667K, committed 5676K, reserved 1048576K
}
2019-01-30T12:58:30.870+0600: 4908.441: Total time for which application threads were stopped: 0.0090197 seconds, Stopping threads took: 0.0000243 seconds
{Heap before GC invocations=19641 (full 20):
 par new generation   total 109248K, used 94288K [0x00000007a0000000, 0x00000007a8000000, 0x00000007a8000000)
  eden space 87424K, 100% used [0x00000007a0000000, 0x00000007a5560000, 0x00000007a5560000)
  from space 21824K,  31% used [0x00000007a6ab0000, 0x00000007a71640b8, 0x00000007a8000000)
  to   space 21824K,   0% used [0x00000007a5560000, 0x00000007a5560000, 0x00000007a6ab0000)
 concurrent mark-sweep generation total 393216K, used 155370K [0x00000007a8000000, 0x00000007c0000000, 0x00000007c0000000)
 Metaspace       used 43674K, capacity 44920K, committed 45100K, reserved 1089536K
  class space    used 5354K, capacity 5667K, committed 5676K, reserved 1048576K
2019-01-30T12:58:31.084+0600: 4908.654: [GC (Allocation Failure) 2019-01-30T12:58:31.084+0600: 4908.654: [ParNew
Desired survivor size 20112992 bytes, new threshold 8 (max 8)
- age   1:   19012200 bytes,   19012200 total
- age   2:       1176 bytes,   19013376 total
- age   3:       1128 bytes,   19014504 total
- age   4:       1184 bytes,   19015688 total
- age   5:       1008 bytes,   19016696 total
- age   6:       1024 bytes,   19017720 total
: 94288K->21824K(109248K), 0.0183961 secs] 249658K->177194K(502464K), 0.0185106 secs] [Times: user=0.06 sys=0.00, real=0.02 secs] 
Heap after GC invocations=19642 (full 20):
 par new generation   total 109248K, used 21824K [0x00000007a0000000, 0x00000007a8000000, 0x00000007a8000000)
  eden space 87424K,   0% used [0x00000007a0000000, 0x00000007a0000000, 0x00000007a5560000)
  from space 21824K, 100% used [0x00000007a5560000, 0x00000007a6ab0000, 0x00000007a6ab0000)
  to   space 21824K,   0% used [0x00000007a6ab0000, 0x00000007a6ab0000, 0x00000007a8000000)
 concurrent mark-sweep generation total 393216K, used 155370K [0x00000007a8000000, 0x00000007c0000000, 0x00000007c0000000)
 Metaspace       used 43674K, capacity 44920K, committed 45100K, reserved 1089536K
  class space    used 5354K, capacity 5667K, committed 5676K, reserved 1048576K
}
2019-01-30T12:58:31.103+0600: 4908.673: Total time for which application threads were stopped: 0.0187526 seconds, Stopping threads took: 0.0000246 seconds
{Heap before GC invocations=19642 (full 20):
 par new generation   total 109248K, used 109248K [0x00000007a0000000, 0x00000007a8000000, 0x00000007a8000000)
  eden space 87424K, 100% used [0x00000007a0000000, 0x00000007a5560000, 0x00000007a5560000)
  from space 21824K, 100% used [0x00000007a5560000, 0x00000007a6ab0000, 0x00000007a6ab0000)
  to   space 21824K,   0% used [0x00000007a6ab0000, 0x00000007a6ab0000, 0x00000007a8000000)
 concurrent mark-sweep generation total 393216K, used 155370K [0x00000007a8000000, 0x00000007c0000000, 0x00000007c0000000)
 Metaspace       used 43674K, capacity 44920K, committed 45100K, reserved 1089536K
  class space    used 5354K, capacity 5667K, committed 5676K, reserved 1048576K
2019-01-30T12:58:31.313+0600: 4908.883: [GC (Allocation Failure) 2019-01-30T12:58:31.313+0600: 4908.883: [ParNew
Desired survivor size 20112992 bytes, new threshold 8 (max 8)
- age   1:   14615672 bytes,   14615672 total
- age   2:       1152 bytes,   14616824 total
- age   3:       1176 bytes,   14618000 total
- age   4:       1128 bytes,   14619128 total
- age   5:       1184 bytes,   14620312 total
- age   6:       1008 bytes,   14621320 total
- age   7:       1024 bytes,   14622344 total
: 109248K->21824K(109248K), 0.0142154 secs] 264618K->177194K(502464K), 0.0143287 secs] [Times: user=0.05 sys=0.00, real=0.01 secs] 
Heap after GC invocations=19643 (full 20):
 par new generation   total 109248K, used 21824K [0x00000007a0000000, 0x00000007a8000000, 0x00000007a8000000)
  eden space 87424K,   0% used [0x00000007a0000000, 0x00000007a0000000, 0x00000007a5560000)
  from space 21824K, 100% used [0x00000007a6ab0000, 0x00000007a8000000, 0x00000007a8000000)
  to   space 21824K,   0% used [0x00000007a5560000, 0x00000007a5560000, 0x00000007a6ab0000)
 concurrent mark-sweep generation total 393216K, used 155370K [0x00000007a8000000, 0x00000007c0000000, 0x00000007c0000000)
 Metaspace       used 43674K, capacity 44920K, committed 45100K, reserved 1089536K
  class space    used 5354K, capacity 5667K, committed 5676K, reserved 1048576K
}
2019-01-30T12:58:31.327+0600: 4908.898: Total time for which application threads were stopped: 0.0145708 seconds, Stopping threads took: 0.0000259 seconds
{Heap before GC invocations=19643 (full 20):
 par new generation   total 109248K, used 109248K [0x00000007a0000000, 0x00000007a8000000, 0x00000007a8000000)
  eden space 87424K, 100% used [0x00000007a0000000, 0x00000007a5560000, 0x00000007a5560000)
  from space 21824K, 100% used [0x00000007a6ab0000, 0x00000007a8000000, 0x00000007a8000000)
  to   space 21824K,   0% used [0x00000007a5560000, 0x00000007a5560000, 0x00000007a6ab0000)
 concurrent mark-sweep generation total 393216K, used 155370K [0x00000007a8000000, 0x00000007c0000000, 0x00000007c0000000)
 Metaspace       used 43674K, capacity 44920K, committed 45100K, reserved 1089536K
  class space    used 5354K, capacity 5667K, committed 5676K, reserved 1048576K
2019-01-30T12:58:31.522+0600: 4909.092: [GC (Allocation Failure) 2019-01-30T12:58:31.522+0600: 4909.092: [ParNew
Desired survivor size 20112992 bytes, new threshold 8 (max 8)
- age   1:   11060488 bytes,   11060488 total
- age   2:       1008 bytes,   11061496 total
- age   3:       1152 bytes,   11062648 total
- age   4:       1176 bytes,   11063824 total
- age   5:       1128 bytes,   11064952 total
- age   6:       1184 bytes,   11066136 total
- age   7:       1008 bytes,   11067144 total
- age   8:       1024 bytes,   11068168 total
: 109248K->14429K(109248K), 0.0120635 secs] 264618K->169799K(502464K), 0.0121756 secs] [Times: user=0.05 sys=0.00, real=0.01 secs] 
Heap after GC invocations=19644 (full 20):
 par new generation   total 109248K, used 14429K [0x00000007a0000000, 0x00000007a8000000, 0x00000007a8000000)
  eden space 87424K,   0% used [0x00000007a0000000, 0x00000007a0000000, 0x00000007a5560000)
  from space 21824K,  66% used [0x00000007a5560000, 0x00000007a6377400, 0x00000007a6ab0000)
  to   space 21824K,   0% used [0x00000007a6ab0000, 0x00000007a6ab0000, 0x00000007a8000000)
 concurrent mark-sweep generation total 393216K, used 155370K [0x00000007a8000000, 0x00000007c0000000, 0x00000007c0000000)
 Metaspace       used 43674K, capacity 44920K, committed 45100K, reserved 1089536K
  class space    used 5354K, capacity 5667K, committed 5676K, reserved 1048576K
}
2019-01-30T12:58:31.534+0600: 4909.104: Total time for which application threads were stopped: 0.0124162 seconds, Stopping threads took: 0.0000222 seconds
{Heap before GC invocations=19644 (full 20):
 par new generation   total 109248K, used 101853K [0x00000007a0000000, 0x00000007a8000000, 0x00000007a8000000)
  eden space 87424K, 100% used [0x00000007a0000000, 0x00000007a5560000, 0x00000007a5560000)
  from space 21824K,  66% used [0x00000007a5560000, 0x00000007a6377400, 0x00000007a6ab0000)
  to   space 21824K,   0% used [0x00000007a6ab0000, 0x00000007a6ab0000, 0x00000007a8000000)
 concurrent mark-sweep generation total 393216K, used 155370K [0x00000007a8000000, 0x00000007c0000000, 0x00000007c0000000)
 Metaspace       used 43674K, capacity 44920K, committed 45100K, reserved 1089536K
  class space    used 5354K, capacity 5667K, committed 5676K, reserved 1048576K
2019-01-30T12:58:31.736+0600: 4909.307: [GC (Allocation Failure) 2019-01-30T12:58:31.736+0600: 4909.307: [ParNew
Desired survivor size 20112992 bytes, new threshold 8 (max 8)
- age   1:    7696584 bytes,    7696584 total
- age   2:       1136 bytes,    7697720 total
- age   3:       1008 bytes,    7698728 total
- age   4:       1152 bytes,    7699880 total
- age   5:       1176 bytes,    7701056 total
- age   6:       1128 bytes,    7702184 total
- age   7:       1184 bytes,    7703368 total
- age   8:       1008 bytes,    7704376 total
: 101853K->11713K(109248K), 0.0104790 secs] 257223K->167085K(502464K), 0.0105958 secs] [Times: user=0.04 sys=0.00, real=0.01 secs] 
Heap after GC invocations=19645 (full 20):
 par new generation   total 109248K, used 11713K [0x00000007a0000000, 0x00000007a8000000, 0x00000007a8000000)
  eden space 87424K,   0% used [0x00000007a0000000, 0x00000007a0000000, 0x00000007a5560000)
  from space 21824K,  53% used [0x00000007a6ab0000, 0x00000007a7620740, 0x00000007a8000000)
  to   space 21824K,   0% used [0x00000007a5560000, 0x00000007a5560000, 0x00000007a6ab0000)
 concurrent mark-sweep generation total 393216K, used 155371K [0x00000007a8000000, 0x00000007c0000000, 0x00000007c0000000)
 Metaspace       used 43674K, capacity 44920K, committed 45100K, reserved 1089536K
  class space    used 5354K, capacity 5667K, committed 5676K, reserved 1048576K
}
2019-01-30T12:58:31.747+0600: 4909.317: Total time for which application threads were stopped: 0.0108436 seconds, Stopping threads took: 0.0000217 seconds
{Heap before GC invocations=19645 (full 20):
 par new generation   total 109248K, used 99137K [0x00000007a0000000, 0x00000007a8000000, 0x00000007a8000000)
  eden space 87424K, 100% used [0x00000007a0000000, 0x00000007a5560000, 0x00000007a5560000)
  from space 21824K,  53% used [0x00000007a6ab0000, 0x00000007a7620740, 0x00000007a8000000)
  to   space 21824K,   0% used [0x00000007a5560000, 0x00000007a5560000, 0x00000007a6ab0000)
 concurrent mark-sweep generation total 393216K, used 155371K [0x00000007a8000000, 0x00000007c0000000, 0x00000007c0000000)
 Metaspace       used 43674K, capacity 44920K, committed 45100K, reserved 1089536K
  class space    used 5354K, capacity 5667K, committed 5676K, reserved 1048576K
2019-01-30T12:58:31.955+0600: 4909.525: [GC (Allocation Failure) 2019-01-30T12:58:31.955+0600: 4909.525: [ParNew
Desired survivor size 20112992 bytes, new threshold 8 (max 8)
- age   1:    5892480 bytes,    5892480 total
- age   2:       1160 bytes,    5893640 total
- age   3:       1136 bytes,    5894776 total
- age   4:       1008 bytes,    5895784 total
- age   5:       1152 bytes,    5896936 total
- age   6:       1176 bytes,    5898112 total
- age   7:       1128 bytes,    5899240 total
- age   8:       1184 bytes,    5900424 total
: 99137K->7714K(109248K), 0.0088288 secs] 254509K->163086K(502464K), 0.0089367 secs] [Times: user=0.03 sys=0.01, real=0.01 secs] 
Heap after GC invocations=19646 (full 20):
 par new generation   total 109248K, used 7714K [0x00000007a0000000, 0x00000007a8000000, 0x00000007a8000000)
  eden space 87424K,   0% used [0x00000007a0000000, 0x00000007a0000000, 0x00000007a5560000)
  from space 21824K,  35% used [0x00000007a5560000, 0x00000007a5ce8950, 0x00000007a6ab0000)
  to   space 21824K,   0% used [0x00000007a6ab0000, 0x00000007a6ab0000, 0x00000007a8000000)
 concurrent mark-sweep generation total 393216K, used 155372K [0x00000007a8000000, 0x00000007c0000000, 0x00000007c0000000)
 Metaspace       used 43674K, capacity 44920K, committed 45100K, reserved 1089536K
  class space    used 5354K, capacity 5667K, committed 5676K, reserved 1048576K
}
2019-01-30T12:58:31.964+0600: 4909.534: Total time for which application threads were stopped: 0.0092569 seconds, Stopping threads took: 0.0000215 seconds
{Heap before GC invocations=19646 (full 20):
 par new generation   total 109248K, used 95138K [0x00000007a0000000, 0x00000007a8000000, 0x00000007a8000000)
  eden space 87424K, 100% used [0x00000007a0000000, 0x00000007a5560000, 0x00000007a5560000)
  from space 21824K,  35% used [0x00000007a5560000, 0x00000007a5ce8950, 0x00000007a6ab0000)
  to   space 21824K,   0% used [0x00000007a6ab0000, 0x00000007a6ab0000, 0x00000007a8000000)
 concurrent mark-sweep generation total 393216K, used 155372K [0x00000007a8000000, 0x00000007c0000000, 0x00000007c0000000)
 Metaspace       used 43674K, capacity 44920K, committed 45100K, reserved 1089536K
  class space    used 5354K, capacity 5667K, committed 5676K, reserved 1048576K
2019-01-30T12:58:32.183+0600: 4909.753: [GC (Allocation Failure) 2019-01-30T12:58:32.183+0600: 4909.753: [ParNew
Desired survivor size 20112992 bytes, new threshold 1 (max 8)
- age   1:   21114200 bytes,   21114200 total
- age   2:       1264 bytes,   21115464 total
- age   3:       1160 bytes,   21116624 total
- age   4:       1136 bytes,   21117760 total
- age   5:       1008 bytes,   21118768 total
- age   6:       1152 bytes,   21119920 total
- age   7:       1176 bytes,   21121096 total
- age   8:       1128 bytes,   21122224 total
: 95138K->21734K(109248K), 0.0195219 secs] 250510K->177107K(502464K), 0.0197366 secs] [Times: user=0.07 sys=0.00, real=0.02 secs] 
Heap after GC invocations=19647 (full 20):
 par new generation   total 109248K, used 21734K [0x00000007a0000000, 0x00000007a8000000, 0x00000007a8000000)
  eden space 87424K,   0% used [0x00000007a0000000, 0x00000007a0000000, 0x00000007a5560000)
  from space 21824K,  99% used [0x00000007a6ab0000, 0x00000007a7fe98f0, 0x00000007a8000000)
  to   space 21824K,   0% used [0x00000007a5560000, 0x00000007a5560000, 0x00000007a6ab0000)
 concurrent mark-sweep generation total 393216K, used 155373K [0x00000007a8000000, 0x00000007c0000000, 0x00000007c0000000)
 Metaspace       used 43674K, capacity 44920K, committed 45100K, reserved 1089536K
  class space    used 5354K, capacity 5667K, committed 5676K, reserved 1048576K
}
2019-01-30T12:58:32.203+0600: 4909.773: Total time for which application threads were stopped: 0.0200359 seconds, Stopping threads took: 0.0000224 seconds
{Heap before GC invocations=19647 (full 20):
 par new generation   total 109248K, used 108239K [0x00000007a0000000, 0x00000007a8000000, 0x00000007a8000000)
  eden space 87424K,  98% used [0x00000007a0000000, 0x00000007a547a580, 0x00000007a5560000)
  from space 21824K,  99% used [0x00000007a6ab0000, 0x00000007a7fe98f0, 0x00000007a8000000)
  to   space 21824K,   0% used [0x00000007a5560000, 0x00000007a5560000, 0x00000007a6ab0000)
 concurrent mark-sweep generation total 393216K, used 155373K [0x00000007a8000000, 0x00000007c0000000, 0x00000007c0000000)
 Metaspace       used 43674K, capacity 44920K, committed 45100K, reserved 1089536K
  class space    used 5354K, capacity 5667K, committed 5676K, reserved 1048576K
2019-01-30T12:58:32.395+0600: 4909.965: [GC (Allocation Failure) 2019-01-30T12:58:32.395+0600: 4909.965: [ParNew
Desired survivor size 20112992 bytes, new threshold 8 (max 8)
- age   1:   16030200 bytes,   16030200 total
: 108239K->21824K(109248K), 0.0155029 secs] 263613K->177206K(502464K), 0.0156152 secs] [Times: user=0.05 sys=0.00, real=0.02 secs] 
Heap after GC invocations=19648 (full 20):
 par new generation   total 109248K, used 21824K [0x00000007a0000000, 0x00000007a8000000, 0x00000007a8000000)
  eden space 87424K,   0% used [0x00000007a0000000, 0x00000007a0000000, 0x00000007a5560000)
  from space 21824K, 100% used [0x00000007a5560000, 0x00000007a6ab0000, 0x00000007a6ab0000)
  to   space 21824K,   0% used [0x00000007a6ab0000, 0x00000007a6ab0000, 0x00000007a8000000)
 concurrent mark-sweep generation total 393216K, used 155382K [0x00000007a8000000, 0x00000007c0000000, 0x00000007c0000000)
 Metaspace       used 43674K, capacity 44920K, committed 45100K, reserved 1089536K
  class space    used 5354K, capacity 5667K, committed 5676K, reserved 1048576K
}
2019-01-30T12:58:32.410+0600: 4909.981: Total time for which application threads were stopped: 0.0158704 seconds, Stopping threads took: 0.0000225 seconds
{Heap before GC invocations=19648 (full 20):
 par new generation   total 109248K, used 109248K [0x00000007a0000000, 0x00000007a8000000, 0x00000007a8000000)
  eden space 87424K, 100% used [0x00000007a0000000, 0x00000007a5560000, 0x00000007a5560000)
  from space 21824K, 100% used [0x00000007a5560000, 0x00000007a6ab0000, 0x00000007a6ab0000)
  to   space 21824K,   0% used [0x00000007a6ab0000, 0x00000007a6ab0000, 0x00000007a8000000)
 concurrent mark-sweep generation total 393216K, used 155382K [0x00000007a8000000, 0x00000007c0000000, 0x00000007c0000000)
 Metaspace       used 43674K, capacity 44920K, committed 45100K, reserved 1089536K
  class space    used 5354K, capacity 5667K, committed 5676K, reserved 1048576K
2019-01-30T12:58:32.604+0600: 4910.175: [GC (Allocation Failure) 2019-01-30T12:58:32.604+0600: 4910.175: [ParNew
Desired survivor size 20112992 bytes, new threshold 8 (max 8)
- age   1:   12723776 bytes,   12723776 total
- age   2:        992 bytes,   12724768 total
: 109248K->18266K(109248K), 0.0131351 secs] 264630K->173649K(502464K), 0.0132487 secs] [Times: user=0.05 sys=0.00, real=0.01 secs] 
Heap after GC invocations=19649 (full 20):
 par new generation   total 109248K, used 18266K [0x00000007a0000000, 0x00000007a8000000, 0x00000007a8000000)
  eden space 87424K,   0% used [0x00000007a0000000, 0x00000007a0000000, 0x00000007a5560000)
  from space 21824K,  83% used [0x00000007a6ab0000, 0x00000007a7c86ac0, 0x00000007a8000000)
  to   space 21824K,   0% used [0x00000007a5560000, 0x00000007a5560000, 0x00000007a6ab0000)
 concurrent mark-sweep generation total 393216K, used 155382K [0x00000007a8000000, 0x00000007c0000000, 0x00000007c0000000)
 Metaspace       used 43674K, capacity 44920K, committed 45100K, reserved 1089536K
  class space    used 5354K, capacity 5667K, committed 5676K, reserved 1048576K
}
2019-01-30T12:58:32.618+0600: 4910.188: Total time for which application threads were stopped: 0.0134931 seconds, Stopping threads took: 0.0000248 seconds
{Heap before GC invocations=19649 (full 20):
 par new generation   total 109248K, used 105690K [0x00000007a0000000, 0x00000007a8000000, 0x00000007a8000000)
  eden space 87424K, 100% used [0x00000007a0000000, 0x00000007a5560000, 0x00000007a5560000)
  from space 21824K,  83% used [0x00000007a6ab0000, 0x00000007a7c86ac0, 0x00000007a8000000)
  to   space 21824K,   0% used [0x00000007a5560000, 0x00000007a5560000, 0x00000007a6ab0000)
 concurrent mark-sweep generation total 393216K, used 155382K [0x00000007a8000000, 0x00000007c0000000, 0x00000007c0000000)
 Metaspace       used 43674K, capacity 44920K, committed 45100K, reserved 1089536K
  class space    used 5354K, capacity 5667K, committed 5676K, reserved 1048576K
2019-01-30T12:58:32.810+0600: 4910.381: [GC (Allocation Failure) 2019-01-30T12:58:32.810+0600: 4910.381: [ParNew
Desired survivor size 20112992 bytes, new threshold 8 (max 8)
- age   1:    9436608 bytes,    9436608 total
- age   2:       1016 bytes,    9437624 total
- age   3:        992 bytes,    9438616 total
: 105690K->13886K(109248K), 0.0107902 secs] 261073K->169269K(502464K), 0.0109075 secs] [Times: user=0.04 sys=0.00, real=0.01 secs] 
Heap after GC invocations=19650 (full 20):
 par new generation   total 109248K, used 13886K [0x00000007a0000000, 0x00000007a8000000, 0x00000007a8000000)
  eden space 87424K,   0% used [0x00000007a0000000, 0x00000007a0000000, 0x00000007a5560000)
  from space 21824K,  63% used [0x00000007a5560000, 0x00000007a62efa40, 0x00000007a6ab0000)
  to   space 21824K,   0% used [0x00000007a6ab0000, 0x00000007a6ab0000, 0x00000007a8000000)
 concurrent mark-sweep generation total 393216K, used 155382K [0x00000007a8000000, 0x00000007c0000000, 0x00000007c0000000)
 Metaspace       used 43674K, capacity 44920K, committed 45100K, reserved 1089536K
  class space    used 5354K, capacity 5667K, committed 5676K, reserved 1048576K
}
2019-01-30T12:58:32.821+0600: 4910.391: Total time for which application threads were stopped: 0.0111526 seconds, Stopping threads took: 0.0000229 seconds
{Heap before GC invocations=19650 (full 20):
 par new generation   total 109248K, used 101310K [0x00000007a0000000, 0x00000007a8000000, 0x00000007a8000000)
  eden space 87424K, 100% used [0x00000007a0000000, 0x00000007a5560000, 0x00000007a5560000)
  from space 21824K,  63% used [0x00000007a5560000, 0x00000007a62efa40, 0x00000007a6ab0000)
  to   space 21824K,   0% used [0x00000007a6ab0000, 0x00000007a6ab0000, 0x00000007a8000000)
 concurrent mark-sweep generation total 393216K, used 155382K [0x00000007a8000000, 0x00000007c0000000, 0x00000007c0000000)
 Metaspace       used 43674K, capacity 44920K, committed 45100K, reserved 1089536K
  class space    used 5354K, capacity 5667K, committed 5676K, reserved 1048576K
2019-01-30T12:58:33.018+0600: 4910.588: [GC (Allocation Failure) 2019-01-30T12:58:33.018+0600: 4910.588: [ParNew
Desired survivor size 20112992 bytes, new threshold 8 (max 8)
- age   1:    5882504 bytes,    5882504 total
- age   2:       1104 bytes,    5883608 total
- age   3:       1016 bytes,    5884624 total
- age   4:        992 bytes,    5885616 total
: 101310K->9104K(109248K), 0.0083574 secs] 256693K->164486K(502464K), 0.0084612 secs] [Times: user=0.03 sys=0.00, real=0.01 secs] 
Heap after GC invocations=19651 (full 20):
 par new generation   total 109248K, used 9104K [0x00000007a0000000, 0x00000007a8000000, 0x00000007a8000000)
  eden space 87424K,   0% used [0x00000007a0000000, 0x00000007a0000000, 0x00000007a5560000)
  from space 21824K,  41% used [0x00000007a6ab0000, 0x00000007a7394150, 0x00000007a8000000)
  to   space 21824K,   0% used [0x00000007a5560000, 0x00000007a5560000, 0x00000007a6ab0000)
 concurrent mark-sweep generation total 393216K, used 155382K [0x00000007a8000000, 0x00000007c0000000, 0x00000007c0000000)
 Metaspace       used 43674K, capacity 44920K, committed 45100K, reserved 1089536K
  class space    used 5354K, capacity 5667K, committed 5676K, reserved 1048576K
}
2019-01-30T12:58:33.027+0600: 4910.597: Total time for which application threads were stopped: 0.0086956 seconds, Stopping threads took: 0.0000203 seconds
{Heap before GC invocations=19651 (full 20):
 par new generation   total 109248K, used 96528K [0x00000007a0000000, 0x00000007a8000000, 0x00000007a8000000)
  eden space 87424K, 100% used [0x00000007a0000000, 0x00000007a5560000, 0x00000007a5560000)
  from space 21824K,  41% used [0x00000007a6ab0000, 0x00000007a7394150, 0x00000007a8000000)
  to   space 21824K,   0% used [0x00000007a5560000, 0x00000007a5560000, 0x00000007a6ab0000)
 concurrent mark-sweep generation total 393216K, used 155382K [0x00000007a8000000, 0x00000007c0000000, 0x00000007c0000000)
 Metaspace       used 43674K, capacity 44920K, committed 45100K, reserved 1089536K
  class space    used 5354K, capacity 5667K, committed 5676K, reserved 1048576K
2019-01-30T12:58:33.222+0600: 4910.793: [GC (Allocation Failure) 2019-01-30T12:58:33.222+0600: 4910.793: [ParNew
Desired survivor size 20112992 bytes, new threshold 8 (max 8)
- age   1:    5861304 bytes,    5861304 total
- age   2:       1160 bytes,    5862464 total
- age   3:       1104 bytes,    5863568 total
- age   4:       1016 bytes,    5864584 total
- age   5:        992 bytes,    5865576 total
: 96528K->6501K(109248K), 0.0081918 secs] 251910K->161883K(502464K), 0.0082962 secs] [Times: user=0.03 sys=0.00, real=0.01 secs] 
Heap after GC invocations=19652 (full 20):
 par new generation   total 109248K, used 6501K [0x00000007a0000000, 0x00000007a8000000, 0x00000007a8000000)
  eden space 87424K,   0% used [0x00000007a0000000, 0x00000007a0000000, 0x00000007a5560000)
  from space 21824K,  29% used [0x00000007a5560000, 0x00000007a5bb9570, 0x00000007a6ab0000)
  to   space 21824K,   0% used [0x00000007a6ab0000, 0x00000007a6ab0000, 0x00000007a8000000)
 concurrent mark-sweep generation total 393216K, used 155382K [0x00000007a8000000, 0x00000007c0000000, 0x00000007c0000000)
 Metaspace       used 43674K, capacity 44920K, committed 45100K, reserved 1089536K
  class space    used 5354K, capacity 5667K, committed 5676K, reserved 1048576K
}
2019-01-30T12:58:33.231+0600: 4910.801: Total time for which application threads were stopped: 0.0085213 seconds, Stopping threads took: 0.0000221 seconds
{Heap before GC invocations=19652 (full 20):
 par new generation   total 109248K, used 93925K [0x00000007a0000000, 0x00000007a8000000, 0x00000007a8000000)
  eden space 87424K, 100% used [0x00000007a0000000, 0x00000007a5560000, 0x00000007a5560000)
  from space 21824K,  29% used [0x00000007a5560000, 0x00000007a5bb9570, 0x00000007a6ab0000)
  to   space 21824K,   0% used [0x00000007a6ab0000, 0x00000007a6ab0000, 0x00000007a8000000)
 concurrent mark-sweep generation total 393216K, used 155382K [0x00000007a8000000, 0x00000007c0000000, 0x00000007c0000000)
 Metaspace       used 43674K, capacity 44920K, committed 45100K, reserved 1089536K
  class space    used 5354K, capacity 5667K, committed 5676K, reserved 1048576K
2019-01-30T12:58:33.420+0600: 4910.990: [GC (Allocation Failure) 2019-01-30T12:58:33.420+0600: 4910.990: [ParNew
Desired survivor size 20112992 bytes, new threshold 8 (max 8)
- age   1:   19047080 bytes,   19047080 total
- age   2:       1176 bytes,   19048256 total
- age   3:       1160 bytes,   19049416 total
- age   4:       1104 bytes,   19050520 total
- age   5:       1016 bytes,   19051536 total
- age   6:        992 bytes,   19052528 total
: 93925K->20399K(109248K), 0.0175609 secs] 249307K->175781K(502464K), 0.0176708 secs] [Times: user=0.06 sys=0.00, real=0.01 secs] 
Heap after GC invocations=19653 (full 20):
 par new generation   total 109248K, used 20399K [0x00000007a0000000, 0x00000007a8000000, 0x00000007a8000000)
  eden space 87424K,   0% used [0x00000007a0000000, 0x00000007a0000000, 0x00000007a5560000)
  from space 21824K,  93% used [0x00000007a6ab0000, 0x00000007a7e9bd40, 0x00000007a8000000)
  to   space 21824K,   0% used [0x00000007a5560000, 0x00000007a5560000, 0x00000007a6ab0000)
 concurrent mark-sweep generation total 393216K, used 155382K [0x00000007a8000000, 0x00000007c0000000, 0x00000007c0000000)
 Metaspace       used 43674K, capacity 44920K, committed 45100K, reserved 1089536K
  class space    used 5354K, capacity 5667K, committed 5676K, reserved 1048576K
}
2019-01-30T12:58:33.438+0600: 4911.008: Total time for which application threads were stopped: 0.0179152 seconds, Stopping threads took: 0.0000247 seconds
{Heap before GC invocations=19653 (full 20):
 par new generation   total 109248K, used 107220K [0x00000007a0000000, 0x00000007a8000000, 0x00000007a8000000)
  eden space 87424K,  99% used [0x00000007a0000000, 0x00000007a54c9578, 0x00000007a5560000)
  from space 21824K,  93% used [0x00000007a6ab0000, 0x00000007a7e9bd40, 0x00000007a8000000)
  to   space 21824K,   0% used [0x00000007a5560000, 0x00000007a5560000, 0x00000007a6ab0000)
 concurrent mark-sweep generation total 393216K, used 155382K [0x00000007a8000000, 0x00000007c0000000, 0x00000007c0000000)
 Metaspace       used 43674K, capacity 44920K, committed 45100K, reserved 1089536K
  class space    used 5354K, capacity 5667K, committed 5676K, reserved 1048576K
2019-01-30T12:58:33.626+0600: 4911.197: [GC (Allocation Failure) 2019-01-30T12:58:33.626+0600: 4911.197: [ParNew
Desired survivor size 20112992 bytes, new threshold 8 (max 8)
- age   1:   14615896 bytes,   14615896 total
- age   2:       1016 bytes,   14616912 total
- age   3:       1176 bytes,   14618088 total
- age   4:       1160 bytes,   14619248 total
- age   5:       1104 bytes,   14620352 total
- age   6:       1016 bytes,   14621368 total
- age   7:        992 bytes,   14622360 total
: 107220K->20827K(109248K), 0.0142766 secs] 262603K->176210K(502464K), 0.0143915 secs] [Times: user=0.06 sys=0.00, real=0.02 secs] 
Heap after GC invocations=19654 (full 20):
 par new generation   total 109248K, used 20827K [0x00000007a0000000, 0x00000007a8000000, 0x00000007a8000000)
  eden space 87424K,   0% used [0x00000007a0000000, 0x00000007a0000000, 0x00000007a5560000)
  from space 21824K,  95% used [0x00000007a5560000, 0x00000007a69b6dd8, 0x00000007a6ab0000)
  to   space 21824K,   0% used [0x00000007a6ab0000, 0x00000007a6ab0000, 0x00000007a8000000)
 concurrent mark-sweep generation total 393216K, used 155382K [0x00000007a8000000, 0x00000007c0000000, 0x00000007c0000000)
 Metaspace       used 43674K, capacity 44920K, committed 45100K, reserved 1089536K
  class space    used 5354K, capacity 5667K, committed 5676K, reserved 1048576K
}
2019-01-30T12:58:33.641+0600: 4911.211: Total time for which application threads were stopped: 0.0146388 seconds, Stopping threads took: 0.0000268 seconds
{Heap before GC invocations=19654 (full 20):
 par new generation   total 109248K, used 108251K [0x00000007a0000000, 0x00000007a8000000, 0x00000007a8000000)
  eden space 87424K, 100% used [0x00000007a0000000, 0x00000007a5560000, 0x00000007a5560000)
  from space 21824K,  95% used [0x00000007a5560000, 0x00000007a69b6dd8, 0x00000007a6ab0000)
  to   space 21824K,   0% used [0x00000007a6ab0000, 0x00000007a6ab0000, 0x00000007a8000000)
 concurrent mark-sweep generation total 393216K, used 155382K [0x00000007a8000000, 0x00000007c0000000, 0x00000007c0000000)
 Metaspace       used 43674K, capacity 44920K, committed 45100K, reserved 1089536K
  class space    used 5354K, capacity 5667K, committed 5676K, reserved 1048576K
2019-01-30T12:58:33.833+0600: 4911.403: [GC (Allocation Failure) 2019-01-30T12:58:33.833+0600: 4911.403: [ParNew
Desired survivor size 20112992 bytes, new threshold 8 (max 8)
- age   1:   11060640 bytes,   11060640 total
- age   2:       1064 bytes,   11061704 total
- age   3:       1016 bytes,   11062720 total
- age   4:       1176 bytes,   11063896 total
- age   5:       1160 bytes,   11065056 total
- age   6:       1104 bytes,   11066160 total
- age   7:       1016 bytes,   11067176 total
- age   8:        992 bytes,   11068168 total
: 108251K->17684K(109248K), 0.0120117 secs] 263634K->173067K(502464K), 0.0121426 secs] [Times: user=0.04 sys=0.00, real=0.01 secs] 
Heap after GC invocations=19655 (full 20):
 par new generation   total 109248K, used 17684K [0x00000007a0000000, 0x00000007a8000000, 0x00000007a8000000)
  eden space 87424K,   0% used [0x00000007a0000000, 0x00000007a0000000, 0x00000007a5560000)
  from space 21824K,  81% used [0x00000007a6ab0000, 0x00000007a7bf51d0, 0x00000007a8000000)
  to   space 21824K,   0% used [0x00000007a5560000, 0x00000007a5560000, 0x00000007a6ab0000)
 concurrent mark-sweep generation total 393216K, used 155382K [0x00000007a8000000, 0x00000007c0000000, 0x00000007c0000000)
 Metaspace       used 43674K, capacity 44920K, committed 45100K, reserved 1089536K
  class space    used 5354K, capacity 5667K, committed 5676K, reserved 1048576K
}
2019-01-30T12:58:33.845+0600: 4911.415: Total time for which application threads were stopped: 0.0123744 seconds, Stopping threads took: 0.0000229 seconds
{Heap before GC invocations=19655 (full 20):
 par new generation   total 109248K, used 105108K [0x00000007a0000000, 0x00000007a8000000, 0x00000007a8000000)
  eden space 87424K, 100% used [0x00000007a0000000, 0x00000007a5560000, 0x00000007a5560000)
  from space 21824K,  81% used [0x00000007a6ab0000, 0x00000007a7bf51d0, 0x00000007a8000000)
  to   space 21824K,   0% used [0x00000007a5560000, 0x00000007a5560000, 0x00000007a6ab0000)
 concurrent mark-sweep generation total 393216K, used 155382K [0x00000007a8000000, 0x00000007c0000000, 0x00000007c0000000)
 Metaspace       used 43674K, capacity 44920K, committed 45100K, reserved 1089536K
  class space    used 5354K, capacity 5667K, committed 5676K, reserved 1048576K
2019-01-30T12:58:34.038+0600: 4911.609: [GC (Allocation Failure) 2019-01-30T12:58:34.038+0600: 4911.609: [ParNew
Desired survivor size 20112992 bytes, new threshold 8 (max 8)
- age   1:    7696736 bytes,    7696736 total
- age   2:       1120 bytes,    7697856 total
- age   3:       1064 bytes,    7698920 total
- age   4:       1016 bytes,    7699936 total
- age   5:       1176 bytes,    7701112 total
- age   6:       1160 bytes,    7702272 total
- age   7:       1104 bytes,    7703376 total
- age   8:       1016 bytes,    7704392 total
: 105108K->10081K(109248K), 0.0097890 secs] 260491K->165465K(502464K), 0.0098868 secs] [Times: user=0.03 sys=0.00, real=0.01 secs] 
Heap after GC invocations=19656 (full 20):
 par new generation   total 109248K, used 10081K [0x00000007a0000000, 0x00000007a8000000, 0x00000007a8000000)
  eden space 87424K,   0% used [0x00000007a0000000, 0x00000007a0000000, 0x00000007a5560000)
  from space 21824K,  46% used [0x00000007a5560000, 0x00000007a5f38610, 0x00000007a6ab0000)
  to   space 21824K,   0% used [0x00000007a6ab0000, 0x00000007a6ab0000, 0x00000007a8000000)
 concurrent mark-sweep generation total 393216K, used 155383K [0x00000007a8000000, 0x00000007c0000000, 0x00000007c0000000)
 Metaspace       used 43674K, capacity 44920K, committed 45100K, reserved 1089536K
  class space    used 5354K, capacity 5667K, committed 5676K, reserved 1048576K
}
2019-01-30T12:58:34.048+0600: 4911.619: Total time for which application threads were stopped: 0.0101283 seconds, Stopping threads took: 0.0000275 seconds
{Heap before GC invocations=19656 (full 20):
 par new generation   total 109248K, used 97505K [0x00000007a0000000, 0x00000007a8000000, 0x00000007a8000000)
  eden space 87424K, 100% used [0x00000007a0000000, 0x00000007a5560000, 0x00000007a5560000)
  from space 21824K,  46% used [0x00000007a5560000, 0x00000007a5f38610, 0x00000007a6ab0000)
  to   space 21824K,   0% used [0x00000007a6ab0000, 0x00000007a6ab0000, 0x00000007a8000000)
 concurrent mark-sweep generation total 393216K, used 155383K [0x00000007a8000000, 0x00000007c0000000, 0x00000007c0000000)
 Metaspace       used 43674K, capacity 44920K, committed 45100K, reserved 1089536K
  class space    used 5354K, capacity 5667K, committed 5676K, reserved 1048576K
2019-01-30T12:58:34.242+0600: 4911.812: [GC (Allocation Failure) 2019-01-30T12:58:34.242+0600: 4911.813: [ParNew
Desired survivor size 20112992 bytes, new threshold 8 (max 8)
- age   1:    5892872 bytes,    5892872 total
- age   2:       1144 bytes,    5894016 total
- age   3:       1120 bytes,    5895136 total
- age   4:       1064 bytes,    5896200 total
- age   5:       1016 bytes,    5897216 total
- age   6:       1176 bytes,    5898392 total
- age   7:       1160 bytes,    5899552 total
- age   8:       1104 bytes,    5900656 total
: 97505K->8163K(109248K), 0.0082983 secs] 252889K->163547K(502464K), 0.0083971 secs] [Times: user=0.03 sys=0.00, real=0.01 secs] 
Heap after GC invocations=19657 (full 20):
 par new generation   total 109248K, used 8163K [0x00000007a0000000, 0x00000007a8000000, 0x00000007a8000000)
  eden space 87424K,   0% used [0x00000007a0000000, 0x00000007a0000000, 0x00000007a5560000)
  from space 21824K,  37% used [0x00000007a6ab0000, 0x00000007a72a8cd0, 0x00000007a8000000)
  to   space 21824K,   0% used [0x00000007a5560000, 0x00000007a5560000, 0x00000007a6ab0000)
 concurrent mark-sweep generation total 393216K, used 155384K [0x00000007a8000000, 0x00000007c0000000, 0x00000007c0000000)
 Metaspace       used 43674K, capacity 44920K, committed 45100K, reserved 1089536K
  class space    used 5354K, capacity 5667K, committed 5676K, reserved 1048576K
}
2019-01-30T12:58:34.251+0600: 4911.821: Total time for which application threads were stopped: 0.0086308 seconds, Stopping threads took: 0.0000217 seconds
{Heap before GC invocations=19657 (full 20):
 par new generation   total 109248K, used 95587K [0x00000007a0000000, 0x00000007a8000000, 0x00000007a8000000)
  eden space 87424K, 100% used [0x00000007a0000000, 0x00000007a5560000, 0x00000007a5560000)
  from space 21824K,  37% used [0x00000007a6ab0000, 0x00000007a72a8cd0, 0x00000007a8000000)
  to   space 21824K,   0% used [0x00000007a5560000, 0x00000007a5560000, 0x00000007a6ab0000)
 concurrent mark-sweep generation total 393216K, used 155384K [0x00000007a8000000, 0x00000007c0000000, 0x00000007c0000000)
 Metaspace       used 43674K, capacity 44920K, committed 45100K, reserved 1089536K
  class space    used 5354K, capacity 5667K, committed 5676K, reserved 1048576K
2019-01-30T12:58:34.443+0600: 4912.013: [GC (Allocation Failure) 2019-01-30T12:58:34.443+0600: 4912.014: [ParNew
Desired survivor size 20112992 bytes, new threshold 1 (max 8)
- age   1:   21114392 bytes,   21114392 total
- age   2:       1160 bytes,   21115552 total
- age   3:       1144 bytes,   21116696 total
- age   4:       1120 bytes,   21117816 total
- age   5:       1064 bytes,   21118880 total
- age   6:       1016 bytes,   21119896 total
- age   7:       1176 bytes,   21121072 total
- age   8:       1160 bytes,   21122232 total
: 95587K->21824K(109248K), 0.0190342 secs] 250971K->177209K(502464K), 0.0191337 secs] [Times: user=0.08 sys=0.00, real=0.02 secs] 
Heap after GC invocations=19658 (full 20):
 par new generation   total 109248K, used 21824K [0x00000007a0000000, 0x00000007a8000000, 0x00000007a8000000)
  eden space 87424K,   0% used [0x00000007a0000000, 0x00000007a0000000, 0x00000007a5560000)
  from space 21824K, 100% used [0x00000007a5560000, 0x00000007a6ab0000, 0x00000007a6ab0000)
  to   space 21824K,   0% used [0x00000007a6ab0000, 0x00000007a6ab0000, 0x00000007a8000000)
 concurrent mark-sweep generation total 393216K, used 155385K [0x00000007a8000000, 0x00000007c0000000, 0x00000007c0000000)
 Metaspace       used 43674K, capacity 44920K, committed 45100K, reserved 1089536K
  class space    used 5354K, capacity 5667K, committed 5676K, reserved 1048576K
}
2019-01-30T12:58:34.462+0600: 4912.033: Total time for which application threads were stopped: 0.0193708 seconds, Stopping threads took: 0.0000257 seconds
{Heap before GC invocations=19658 (full 20):
 par new generation   total 109248K, used 109248K [0x00000007a0000000, 0x00000007a8000000, 0x00000007a8000000)
  eden space 87424K, 100% used [0x00000007a0000000, 0x00000007a5560000, 0x00000007a5560000)
  from space 21824K, 100% used [0x00000007a5560000, 0x00000007a6ab0000, 0x00000007a6ab0000)
  to   space 21824K,   0% used [0x00000007a6ab0000, 0x00000007a6ab0000, 0x00000007a8000000)
 concurrent mark-sweep generation total 393216K, used 155385K [0x00000007a8000000, 0x00000007c0000000, 0x00000007c0000000)
 Metaspace       used 43674K, capacity 44920K, committed 45100K, reserved 1089536K
  class space    used 5354K, capacity 5667K, committed 5676K, reserved 1048576K
2019-01-30T12:58:34.656+0600: 4912.226: [GC (Allocation Failure) 2019-01-30T12:58:34.656+0600: 4912.227: [ParNew
Desired survivor size 20112992 bytes, new threshold 8 (max 8)
- age   1:   16030440 bytes,   16030440 total
: 109248K->19376K(109248K), 0.0165263 secs] 264633K->174771K(502464K), 0.0166291 secs] [Times: user=0.05 sys=0.00, real=0.02 secs] 
Heap after GC invocations=19659 (full 20):
 par new generation   total 109248K, used 19376K [0x00000007a0000000, 0x00000007a8000000, 0x00000007a8000000)
  eden space 87424K,   0% used [0x00000007a0000000, 0x00000007a0000000, 0x00000007a5560000)
  from space 21824K,  88% used [0x00000007a6ab0000, 0x00000007a7d9c190, 0x00000007a8000000)
  to   space 21824K,   0% used [0x00000007a5560000, 0x00000007a5560000, 0x00000007a6ab0000)
 concurrent mark-sweep generation total 393216K, used 155394K [0x00000007a8000000, 0x00000007c0000000, 0x00000007c0000000)
 Metaspace       used 43674K, capacity 44920K, committed 45100K, reserved 1089536K
  class space    used 5354K, capacity 5667K, committed 5676K, reserved 1048576K
}
2019-01-30T12:58:34.673+0600: 4912.243: Total time for which application threads were stopped: 0.0168541 seconds, Stopping threads took: 0.0000206 seconds
{Heap before GC invocations=19659 (full 20):
 par new generation   total 109248K, used 106800K [0x00000007a0000000, 0x00000007a8000000, 0x00000007a8000000)
  eden space 87424K, 100% used [0x00000007a0000000, 0x00000007a5560000, 0x00000007a5560000)
  from space 21824K,  88% used [0x00000007a6ab0000, 0x00000007a7d9c190, 0x00000007a8000000)
  to   space 21824K,   0% used [0x00000007a5560000, 0x00000007a5560000, 0x00000007a6ab0000)
 concurrent mark-sweep generation total 393216K, used 155394K [0x00000007a8000000, 0x00000007c0000000, 0x00000007c0000000)
 Metaspace       used 43674K, capacity 44920K, committed 45100K, reserved 1089536K
  class space    used 5354K, capacity 5667K, committed 5676K, reserved 1048576K
2019-01-30T12:58:34.874+0600: 4912.444: [GC (Allocation Failure) 2019-01-30T12:58:34.874+0600: 4912.444: [ParNew
Desired survivor size 20112992 bytes, new threshold 8 (max 8)
- age   1:   12752160 bytes,   12752160 total
- age   2:       1064 bytes,   12753224 total
: 106800K->18713K(109248K), 0.0133434 secs] 262195K->174107K(502464K), 0.0134507 secs] [Times: user=0.05 sys=0.00, real=0.01 secs] 
Heap after GC invocations=19660 (full 20):
 par new generation   total 109248K, used 18713K [0x00000007a0000000, 0x00000007a8000000, 0x00000007a8000000)
  eden space 87424K,   0% used [0x00000007a0000000, 0x00000007a0000000, 0x00000007a5560000)
  from space 21824K,  85% used [0x00000007a5560000, 0x00000007a67a6458, 0x00000007a6ab0000)
  to   space 21824K,   0% used [0x00000007a6ab0000, 0x00000007a6ab0000, 0x00000007a8000000)
 concurrent mark-sweep generation total 393216K, used 155394K [0x00000007a8000000, 0x00000007c0000000, 0x00000007c0000000)
 Metaspace       used 43674K, capacity 44920K, committed 45100K, reserved 1089536K
  class space    used 5354K, capacity 5667K, committed 5676K, reserved 1048576K
}
2019-01-30T12:58:34.887+0600: 4912.458: Total time for which application threads were stopped: 0.0136984 seconds, Stopping threads took: 0.0000215 seconds
{Heap before GC invocations=19660 (full 20):
 par new generation   total 109248K, used 106137K [0x00000007a0000000, 0x00000007a8000000, 0x00000007a8000000)
  eden space 87424K, 100% used [0x00000007a0000000, 0x00000007a5560000, 0x00000007a5560000)
  from space 21824K,  85% used [0x00000007a5560000, 0x00000007a67a6458, 0x00000007a6ab0000)
  to   space 21824K,   0% used [0x00000007a6ab0000, 0x00000007a6ab0000, 0x00000007a8000000)
 concurrent mark-sweep generation total 393216K, used 155394K [0x00000007a8000000, 0x00000007c0000000, 0x00000007c0000000)
 Metaspace       used 43674K, capacity 44920K, committed 45100K, reserved 1089536K
  class space    used 5354K, capacity 5667K, committed 5676K, reserved 1048576K
2019-01-30T12:58:35.133+0600: 4912.703: [GC (Allocation Failure) 2019-01-30T12:58:35.133+0600: 4912.703: [ParNew
Desired survivor size 20112992 bytes, new threshold 8 (max 8)
- age   1:    9446720 bytes,    9446720 total
- age   2:       1072 bytes,    9447792 total
- age   3:       1064 bytes,    9448856 total
: 106137K->13712K(109248K), 0.0141651 secs] 261531K->169107K(502464K), 0.0142810 secs] [Times: user=0.04 sys=0.00, real=0.01 secs] 
Heap after GC invocations=19661 (full 20):
 par new generation   total 109248K, used 13712K [0x00000007a0000000, 0x00000007a8000000, 0x00000007a8000000)
  eden space 87424K,   0% used [0x00000007a0000000, 0x00000007a0000000, 0x00000007a5560000)
  from space 21824K,  62% used [0x00000007a6ab0000, 0x00000007a7814180, 0x00000007a8000000)
  to   space 21824K,   0% used [0x00000007a5560000, 0x00000007a5560000, 0x00000007a6ab0000)
 concurrent mark-sweep generation total 393216K, used 155394K [0x00000007a8000000, 0x00000007c0000000, 0x00000007c0000000)
 Metaspace       used 43674K, capacity 44920K, committed 45100K, reserved 1089536K
  class space    used 5354K, capacity 5667K, committed 5676K, reserved 1048576K
}
2019-01-30T12:58:35.147+0600: 4912.717: Total time for which application threads were stopped: 0.0145632 seconds, Stopping threads took: 0.0000300 seconds
{Heap before GC invocations=19661 (full 20):
 par new generation   total 109248K, used 101136K [0x00000007a0000000, 0x00000007a8000000, 0x00000007a8000000)
  eden space 87424K, 100% used [0x00000007a0000000, 0x00000007a5560000, 0x00000007a5560000)
  from space 21824K,  62% used [0x00000007a6ab0000, 0x00000007a7814180, 0x00000007a8000000)
  to   space 21824K,   0% used [0x00000007a5560000, 0x00000007a5560000, 0x00000007a6ab0000)
 concurrent mark-sweep generation total 393216K, used 155394K [0x00000007a8000000, 0x00000007c0000000, 0x00000007c0000000)
 Metaspace       used 43674K, capacity 44920K, committed 45100K, reserved 1089536K
  class space    used 5354K, capacity 5667K, committed 5676K, reserved 1048576K
2019-01-30T12:58:35.391+0600: 4912.962: [GC (Allocation Failure) 2019-01-30T12:58:35.391+0600: 4912.962: [ParNew
Desired survivor size 20112992 bytes, new threshold 8 (max 8)
- age   1:    5912792 bytes,    5912792 total
- age   2:       1160 bytes,    5913952 total
- age   3:       1072 bytes,    5915024 total
- age   4:       1064 bytes,    5916088 total
: 101136K->9055K(109248K), 0.0091736 secs] 256531K->164449K(502464K), 0.0092751 secs] [Times: user=0.03 sys=0.01, real=0.01 secs] 
Heap after GC invocations=19662 (full 20):
 par new generation   total 109248K, used 9055K [0x00000007a0000000, 0x00000007a8000000, 0x00000007a8000000)
  eden space 87424K,   0% used [0x00000007a0000000, 0x00000007a0000000, 0x00000007a5560000)
  from space 21824K,  41% used [0x00000007a5560000, 0x00000007a5e37c30, 0x00000007a6ab0000)
  to   space 21824K,   0% used [0x00000007a6ab0000, 0x00000007a6ab0000, 0x00000007a8000000)
 concurrent mark-sweep generation total 393216K, used 155394K [0x00000007a8000000, 0x00000007c0000000, 0x00000007c0000000)
 Metaspace       used 43674K, capacity 44920K, committed 45100K, reserved 1089536K
  class space    used 5354K, capacity 5667K, committed 5676K, reserved 1048576K
}
2019-01-30T12:58:35.401+0600: 4912.971: Total time for which application threads were stopped: 0.0097169 seconds, Stopping threads took: 0.0001113 seconds
{Heap before GC invocations=19662 (full 20):
 par new generation   total 109248K, used 96479K [0x00000007a0000000, 0x00000007a8000000, 0x00000007a8000000)
  eden space 87424K, 100% used [0x00000007a0000000, 0x00000007a5560000, 0x00000007a5560000)
  from space 21824K,  41% used [0x00000007a5560000, 0x00000007a5e37c30, 0x00000007a6ab0000)
  to   space 21824K,   0% used [0x00000007a6ab0000, 0x00000007a6ab0000, 0x00000007a8000000)
 concurrent mark-sweep generation total 393216K, used 155394K [0x00000007a8000000, 0x00000007c0000000, 0x00000007c0000000)
 Metaspace       used 43674K, capacity 44920K, committed 45100K, reserved 1089536K
  class space    used 5354K, capacity 5667K, committed 5676K, reserved 1048576K
2019-01-30T12:58:35.674+0600: 4913.245: [GC (Allocation Failure) 2019-01-30T12:58:35.675+0600: 4913.245: [ParNew
Desired survivor size 20112992 bytes, new threshold 8 (max 8)
- age   1:    5861528 bytes,    5861528 total
- age   2:       1104 bytes,    5862632 total
- age   3:       1160 bytes,    5863792 total
- age   4:       1072 bytes,    5864864 total
- age   5:       1064 bytes,    5865928 total
: 96479K->6499K(109248K), 0.0090278 secs] 251873K->161894K(502464K), 0.0091757 secs] [Times: user=0.04 sys=0.00, real=0.01 secs] 
Heap after GC invocations=19663 (full 20):
 par new generation   total 109248K, used 6499K [0x00000007a0000000, 0x00000007a8000000, 0x00000007a8000000)
  eden space 87424K,   0% used [0x00000007a0000000, 0x00000007a0000000, 0x00000007a5560000)
  from space 21824K,  29% used [0x00000007a6ab0000, 0x00000007a7108f90, 0x00000007a8000000)
  to   space 21824K,   0% used [0x00000007a5560000, 0x00000007a5560000, 0x00000007a6ab0000)
 concurrent mark-sweep generation total 393216K, used 155394K [0x00000007a8000000, 0x00000007c0000000, 0x00000007c0000000)
 Metaspace       used 43674K, capacity 44920K, committed 45100K, reserved 1089536K
  class space    used 5354K, capacity 5667K, committed 5676K, reserved 1048576K
}
2019-01-30T12:58:35.684+0600: 4913.254: Total time for which application threads were stopped: 0.0094734 seconds, Stopping threads took: 0.0000252 seconds
{Heap before GC invocations=19663 (full 20):
 par new generation   total 109248K, used 93923K [0x00000007a0000000, 0x00000007a8000000, 0x00000007a8000000)
  eden space 87424K, 100% used [0x00000007a0000000, 0x00000007a5560000, 0x00000007a5560000)
  from space 21824K,  29% used [0x00000007a6ab0000, 0x00000007a7108f90, 0x00000007a8000000)
  to   space 21824K,   0% used [0x00000007a5560000, 0x00000007a5560000, 0x00000007a6ab0000)
 concurrent mark-sweep generation total 393216K, used 155394K [0x00000007a8000000, 0x00000007c0000000, 0x00000007c0000000)
 Metaspace       used 43674K, capacity 44920K, committed 45100K, reserved 1089536K
  class space    used 5354K, capacity 5667K, committed 5676K, reserved 1048576K
2019-01-30T12:58:35.914+0600: 4913.484: [GC (Allocation Failure) 2019-01-30T12:58:35.914+0600: 4913.484: [ParNew
Desired survivor size 20112992 bytes, new threshold 8 (max 8)
- age   1:   19035648 bytes,   19035648 total
- age   2:       1096 bytes,   19036744 total
- age   3:       1104 bytes,   19037848 total
- age   4:       1160 bytes,   19039008 total
- age   5:       1072 bytes,   19040080 total
- age   6:       1064 bytes,   19041144 total
: 93923K->20947K(109248K), 0.0190301 secs] 249318K->176342K(502464K), 0.0191288 secs] [Times: user=0.07 sys=0.00, real=0.02 secs] 
Heap after GC invocations=19664 (full 20):
 par new generation   total 109248K, used 20947K [0x00000007a0000000, 0x00000007a8000000, 0x00000007a8000000)
  eden space 87424K,   0% used [0x00000007a0000000, 0x00000007a0000000, 0x00000007a5560000)
  from space 21824K,  95% used [0x00000007a5560000, 0x00000007a69d4d40, 0x00000007a6ab0000)
  to   space 21824K,   0% used [0x00000007a6ab0000, 0x00000007a6ab0000, 0x00000007a8000000)
 concurrent mark-sweep generation total 393216K, used 155394K [0x00000007a8000000, 0x00000007c0000000, 0x00000007c0000000)
 Metaspace       used 43674K, capacity 44920K, committed 45100K, reserved 1089536K
  class space    used 5354K, capacity 5667K, committed 5676K, reserved 1048576K
}
2019-01-30T12:58:35.933+0600: 4913.504: Total time for which application threads were stopped: 0.0193807 seconds, Stopping threads took: 0.0000228 seconds
{Heap before GC invocations=19664 (full 20):
 par new generation   total 109248K, used 108371K [0x00000007a0000000, 0x00000007a8000000, 0x00000007a8000000)
  eden space 87424K, 100% used [0x00000007a0000000, 0x00000007a5560000, 0x00000007a5560000)
  from space 21824K,  95% used [0x00000007a5560000, 0x00000007a69d4d40, 0x00000007a6ab0000)
  to   space 21824K,   0% used [0x00000007a6ab0000, 0x00000007a6ab0000, 0x00000007a8000000)
 concurrent mark-sweep generation total 393216K, used 155394K [0x00000007a8000000, 0x00000007c0000000, 0x00000007c0000000)
 Metaspace       used 43674K, capacity 44920K, committed 45100K, reserved 1089536K
  class space    used 5354K, capacity 5667K, committed 5676K, reserved 1048576K
2019-01-30T12:58:36.153+0600: 4913.723: [GC (Allocation Failure) 2019-01-30T12:58:36.153+0600: 4913.723: [ParNew
Desired survivor size 20112992 bytes, new threshold 8 (max 8)
- age   1:   14616064 bytes,   14616064 total
- age   2:       1032 bytes,   14617096 total
- age   3:       1096 bytes,   14618192 total
- age   4:       1104 bytes,   14619296 total
- age   5:       1160 bytes,   14620456 total
- age   6:       1072 bytes,   14621528 total
- age   7:       1064 bytes,   14622592 total
: 108371K->21824K(109248K), 0.0156984 secs] 263766K->177218K(502464K), 0.0158042 secs] [Times: user=0.05 sys=0.00, real=0.01 secs] 
Heap after GC invocations=19665 (full 20):
 par new generation   total 109248K, used 21824K [0x00000007a0000000, 0x00000007a8000000, 0x00000007a8000000)
  eden space 87424K,   0% used [0x00000007a0000000, 0x00000007a0000000, 0x00000007a5560000)
  from space 21824K, 100% used [0x00000007a6ab0000, 0x00000007a8000000, 0x00000007a8000000)
  to   space 21824K,   0% used [0x00000007a5560000, 0x00000007a5560000, 0x00000007a6ab0000)
 concurrent mark-sweep generation total 393216K, used 155394K [0x00000007a8000000, 0x00000007c0000000, 0x00000007c0000000)
 Metaspace       used 43674K, capacity 44920K, committed 45100K, reserved 1089536K
  class space    used 5354K, capacity 5667K, committed 5676K, reserved 1048576K
}
2019-01-30T12:58:36.169+0600: 4913.739: Total time for which application threads were stopped: 0.0160523 seconds, Stopping threads took: 0.0000257 seconds
{Heap before GC invocations=19665 (full 20):
 par new generation   total 109248K, used 109248K [0x00000007a0000000, 0x00000007a8000000, 0x00000007a8000000)
  eden space 87424K, 100% used [0x00000007a0000000, 0x00000007a5560000, 0x00000007a5560000)
  from space 21824K, 100% used [0x00000007a6ab0000, 0x00000007a8000000, 0x00000007a8000000)
  to   space 21824K,   0% used [0x00000007a5560000, 0x00000007a5560000, 0x00000007a6ab0000)
 concurrent mark-sweep generation total 393216K, used 155394K [0x00000007a8000000, 0x00000007c0000000, 0x00000007c0000000)
 Metaspace       used 43674K, capacity 44920K, committed 45100K, reserved 1089536K
  class space    used 5354K, capacity 5667K, committed 5676K, reserved 1048576K
2019-01-30T12:58:36.375+0600: 4913.945: [GC (Allocation Failure) 2019-01-30T12:58:36.375+0600: 4913.945: [ParNew
Desired survivor size 20112992 bytes, new threshold 8 (max 8)
- age   1:   11060816 bytes,   11060816 total
- age   2:       1064 bytes,   11061880 total
- age   3:       1032 bytes,   11062912 total
- age   4:       1096 bytes,   11064008 total
- age   5:       1104 bytes,   11065112 total
- age   6:       1160 bytes,   11066272 total
- age   7:       1072 bytes,   11067344 total
- age   8:       1064 bytes,   11068408 total
: 109248K->13103K(109248K), 0.0129134 secs] 264642K->168498K(502464K), 0.0130092 secs] [Times: user=0.05 sys=0.00, real=0.01 secs] 
Heap after GC invocations=19666 (full 20):
 par new generation   total 109248K, used 13103K [0x00000007a0000000, 0x00000007a8000000, 0x00000007a8000000)
  eden space 87424K,   0% used [0x00000007a0000000, 0x00000007a0000000, 0x00000007a5560000)
  from space 21824K,  60% used [0x00000007a5560000, 0x00000007a622be40, 0x00000007a6ab0000)
  to   space 21824K,   0% used [0x00000007a6ab0000, 0x00000007a6ab0000, 0x00000007a8000000)
 concurrent mark-sweep generation total 393216K, used 155394K [0x00000007a8000000, 0x00000007c0000000, 0x00000007c0000000)
 Metaspace       used 43674K, capacity 44920K, committed 45100K, reserved 1089536K
  class space    used 5354K, capacity 5667K, committed 5676K, reserved 1048576K
}
2019-01-30T12:58:36.388+0600: 4913.958: Total time for which application threads were stopped: 0.0132326 seconds, Stopping threads took: 0.0000239 seconds
{Heap before GC invocations=19666 (full 20):
 par new generation   total 109248K, used 100527K [0x00000007a0000000, 0x00000007a8000000, 0x00000007a8000000)
  eden space 87424K, 100% used [0x00000007a0000000, 0x00000007a5560000, 0x00000007a5560000)
  from space 21824K,  60% used [0x00000007a5560000, 0x00000007a622be40, 0x00000007a6ab0000)
  to   space 21824K,   0% used [0x00000007a6ab0000, 0x00000007a6ab0000, 0x00000007a8000000)
 concurrent mark-sweep generation total 393216K, used 155394K [0x00000007a8000000, 0x00000007c0000000, 0x00000007c0000000)
 Metaspace       used 43674K, capacity 44920K, committed 45100K, reserved 1089536K
  class space    used 5354K, capacity 5667K, committed 5676K, reserved 1048576K
2019-01-30T12:58:36.586+0600: 4914.157: [GC (Allocation Failure) 2019-01-30T12:58:36.586+0600: 4914.157: [ParNew
Desired survivor size 20112992 bytes, new threshold 8 (max 8)
- age   1:    7696904 bytes,    7696904 total
- age   2:       1128 bytes,    7698032 total
- age   3:       1064 bytes,    7699096 total
- age   4:       1032 bytes,    7700128 total
- age   5:       1096 bytes,    7701224 total
- age   6:       1104 bytes,    7702328 total
- age   7:       1160 bytes,    7703488 total
- age   8:       1072 bytes,    7704560 total
: 100527K->12180K(109248K), 0.0096014 secs] 255922K->167576K(502464K), 0.0097073 secs] [Times: user=0.03 sys=0.00, real=0.01 secs] 
Heap after GC invocations=19667 (full 20):
 par new generation   total 109248K, used 12180K [0x00000007a0000000, 0x00000007a8000000, 0x00000007a8000000)
  eden space 87424K,   0% used [0x00000007a0000000, 0x00000007a0000000, 0x00000007a5560000)
  from space 21824K,  55% used [0x00000007a6ab0000, 0x00000007a7695398, 0x00000007a8000000)
  to   space 21824K,   0% used [0x00000007a5560000, 0x00000007a5560000, 0x00000007a6ab0000)
 concurrent mark-sweep generation total 393216K, used 155395K [0x00000007a8000000, 0x00000007c0000000, 0x00000007c0000000)
 Metaspace       used 43674K, capacity 44920K, committed 45100K, reserved 1089536K
  class space    used 5354K, capacity 5667K, committed 5676K, reserved 1048576K
}
2019-01-30T12:58:36.596+0600: 4914.166: Total time for which application threads were stopped: 0.0099487 seconds, Stopping threads took: 0.0000239 seconds
{Heap before GC invocations=19667 (full 20):
 par new generation   total 109248K, used 99604K [0x00000007a0000000, 0x00000007a8000000, 0x00000007a8000000)
  eden space 87424K, 100% used [0x00000007a0000000, 0x00000007a5560000, 0x00000007a5560000)
  from space 21824K,  55% used [0x00000007a6ab0000, 0x00000007a7695398, 0x00000007a8000000)
  to   space 21824K,   0% used [0x00000007a5560000, 0x00000007a5560000, 0x00000007a6ab0000)
 concurrent mark-sweep generation total 393216K, used 155395K [0x00000007a8000000, 0x00000007c0000000, 0x00000007c0000000)
 Metaspace       used 43674K, capacity 44920K, committed 45100K, reserved 1089536K
  class space    used 5354K, capacity 5667K, committed 5676K, reserved 1048576K
2019-01-30T12:58:36.808+0600: 4914.378: [GC (Allocation Failure) 2019-01-30T12:58:36.808+0600: 4914.378: [ParNew
Desired survivor size 20112992 bytes, new threshold 8 (max 8)
- age   1:    5892896 bytes,    5892896 total
- age   2:       1144 bytes,    5894040 total
- age   3:       1128 bytes,    5895168 total
- age   4:       1064 bytes,    5896232 total
- age   5:       1032 bytes,    5897264 total
- age   6:       1096 bytes,    5898360 total
- age   7:       1104 bytes,    5899464 total
- age   8:       1160 bytes,    5900624 total
: 99604K->7499K(109248K), 0.0082462 secs] 255000K->162896K(502464K), 0.0083436 secs] [Times: user=0.03 sys=0.00, real=0.01 secs] 
Heap after GC invocations=19668 (full 20):
 par new generation   total 109248K, used 7499K [0x00000007a0000000, 0x00000007a8000000, 0x00000007a8000000)
  eden space 87424K,   0% used [0x00000007a0000000, 0x00000007a0000000, 0x00000007a5560000)
  from space 21824K,  34% used [0x00000007a5560000, 0x00000007a5cb2f00, 0x00000007a6ab0000)
  to   space 21824K,   0% used [0x00000007a6ab0000, 0x00000007a6ab0000, 0x00000007a8000000)
 concurrent mark-sweep generation total 393216K, used 155396K [0x00000007a8000000, 0x00000007c0000000, 0x00000007c0000000)
 Metaspace       used 43674K, capacity 44920K, committed 45100K, reserved 1089536K
  class space    used 5354K, capacity 5667K, committed 5676K, reserved 1048576K
}
2019-01-30T12:58:36.817+0600: 4914.387: Total time for which application threads were stopped: 0.0085742 seconds, Stopping threads took: 0.0000211 seconds
{Heap before GC invocations=19668 (full 20):
 par new generation   total 109248K, used 94923K [0x00000007a0000000, 0x00000007a8000000, 0x00000007a8000000)
  eden space 87424K, 100% used [0x00000007a0000000, 0x00000007a5560000, 0x00000007a5560000)
  from space 21824K,  34% used [0x00000007a5560000, 0x00000007a5cb2f00, 0x00000007a6ab0000)
  to   space 21824K,   0% used [0x00000007a6ab0000, 0x00000007a6ab0000, 0x00000007a8000000)
 concurrent mark-sweep generation total 393216K, used 155396K [0x00000007a8000000, 0x00000007c0000000, 0x00000007c0000000)
 Metaspace       used 43674K, capacity 44920K, committed 45100K, reserved 1089536K
  class space    used 5354K, capacity 5667K, committed 5676K, reserved 1048576K
2019-01-30T12:58:37.074+0600: 4914.645: [GC (Allocation Failure) 2019-01-30T12:58:37.075+0600: 4914.645: [ParNew
Desired survivor size 20112992 bytes, new threshold 1 (max 8)
- age   1:   21098816 bytes,   21098816 total
- age   2:       1112 bytes,   21099928 total
- age   3:       1144 bytes,   21101072 total
- age   4:       1128 bytes,   21102200 total
- age   5:       1064 bytes,   21103264 total
- age   6:       1032 bytes,   21104296 total
- age   7:       1096 bytes,   21105392 total
- age   8:       1104 bytes,   21106496 total
: 94923K->21824K(109248K), 0.0205869 secs] 250320K->177237K(502464K), 0.0206839 secs] [Times: user=0.07 sys=0.00, real=0.02 secs] 
Heap after GC invocations=19669 (full 20):
 par new generation   total 109248K, used 21824K [0x00000007a0000000, 0x00000007a8000000, 0x00000007a8000000)
  eden space 87424K,   0% used [0x00000007a0000000, 0x00000007a0000000, 0x00000007a5560000)
  from space 21824K, 100% used [0x00000007a6ab0000, 0x00000007a8000000, 0x00000007a8000000)
  to   space 21824K,   0% used [0x00000007a5560000, 0x00000007a5560000, 0x00000007a6ab0000)
 concurrent mark-sweep generation total 393216K, used 155413K [0x00000007a8000000, 0x00000007c0000000, 0x00000007c0000000)
 Metaspace       used 43674K, capacity 44920K, committed 45100K, reserved 1089536K
  class space    used 5354K, capacity 5667K, committed 5676K, reserved 1048576K
}
2019-01-30T12:58:37.095+0600: 4914.666: Total time for which application threads were stopped: 0.0209381 seconds, Stopping threads took: 0.0000329 seconds
{Heap before GC invocations=19669 (full 20):
 par new generation   total 109248K, used 109248K [0x00000007a0000000, 0x00000007a8000000, 0x00000007a8000000)
  eden space 87424K, 100% used [0x00000007a0000000, 0x00000007a5560000, 0x00000007a5560000)
  from space 21824K, 100% used [0x00000007a6ab0000, 0x00000007a8000000, 0x00000007a8000000)
  to   space 21824K,   0% used [0x00000007a5560000, 0x00000007a5560000, 0x00000007a6ab0000)
 concurrent mark-sweep generation total 393216K, used 155413K [0x00000007a8000000, 0x00000007c0000000, 0x00000007c0000000)
 Metaspace       used 43674K, capacity 44920K, committed 45100K, reserved 1089536K
  class space    used 5354K, capacity 5667K, committed 5676K, reserved 1048576K
2019-01-30T12:58:37.310+0600: 4914.880: [GC (Allocation Failure) 2019-01-30T12:58:37.310+0600: 4914.880: [ParNew
Desired survivor size 20112992 bytes, new threshold 8 (max 8)
- age   1:   16030520 bytes,   16030520 total
: 109248K->21824K(109248K), 0.0152720 secs] 264661K->177247K(502464K), 0.0153739 secs] [Times: user=0.06 sys=0.00, real=0.01 secs] 
Heap after GC invocations=19670 (full 20):
 par new generation   total 109248K, used 21824K [0x00000007a0000000, 0x00000007a8000000, 0x00000007a8000000)
  eden space 87424K,   0% used [0x00000007a0000000, 0x00000007a0000000, 0x00000007a5560000)
  from space 21824K, 100% used [0x00000007a5560000, 0x00000007a6ab0000, 0x00000007a6ab0000)
  to   space 21824K,   0% used [0x00000007a6ab0000, 0x00000007a6ab0000, 0x00000007a8000000)
 concurrent mark-sweep generation total 393216K, used 155423K [0x00000007a8000000, 0x00000007c0000000, 0x00000007c0000000)
 Metaspace       used 43674K, capacity 44920K, committed 45100K, reserved 1089536K
  class space    used 5354K, capacity 5667K, committed 5676K, reserved 1048576K
}
2019-01-30T12:58:37.325+0600: 4914.896: Total time for which application threads were stopped: 0.0156172 seconds, Stopping threads took: 0.0000267 seconds
{Heap before GC invocations=19670 (full 20):
 par new generation   total 109248K, used 109248K [0x00000007a0000000, 0x00000007a8000000, 0x00000007a8000000)
  eden space 87424K, 100% used [0x00000007a0000000, 0x00000007a5560000, 0x00000007a5560000)
  from space 21824K, 100% used [0x00000007a5560000, 0x00000007a6ab0000, 0x00000007a6ab0000)
  to   space 21824K,   0% used [0x00000007a6ab0000, 0x00000007a6ab0000, 0x00000007a8000000)
 concurrent mark-sweep generation total 393216K, used 155423K [0x00000007a8000000, 0x00000007c0000000, 0x00000007c0000000)
 Metaspace       used 43674K, capacity 44920K, committed 45100K, reserved 1089536K
  class space    used 5354K, capacity 5667K, committed 5676K, reserved 1048576K
2019-01-30T12:58:37.541+0600: 4915.111: [GC (Allocation Failure) 2019-01-30T12:58:37.541+0600: 4915.111: [ParNew
Desired survivor size 20112992 bytes, new threshold 8 (max 8)
- age   1:   12751704 bytes,   12751704 total
- age   2:        976 bytes,   12752680 total
: 109248K->18291K(109248K), 0.0147700 secs] 264671K->173714K(502464K), 0.0148811 secs] [Times: user=0.05 sys=0.00, real=0.01 secs] 
Heap after GC invocations=19671 (full 20):
 par new generation   total 109248K, used 18291K [0x00000007a0000000, 0x00000007a8000000, 0x00000007a8000000)
  eden space 87424K,   0% used [0x00000007a0000000, 0x00000007a0000000, 0x00000007a5560000)
  from space 21824K,  83% used [0x00000007a6ab0000, 0x00000007a7c8ce00, 0x00000007a8000000)
  to   space 21824K,   0% used [0x00000007a5560000, 0x00000007a5560000, 0x00000007a6ab0000)
 concurrent mark-sweep generation total 393216K, used 155423K [0x00000007a8000000, 0x00000007c0000000, 0x00000007c0000000)
 Metaspace       used 43674K, capacity 44920K, committed 45100K, reserved 1089536K
  class space    used 5354K, capacity 5667K, committed 5676K, reserved 1048576K
}
2019-01-30T12:58:37.555+0600: 4915.126: Total time for which application threads were stopped: 0.0151400 seconds, Stopping threads took: 0.0000263 seconds
{Heap before GC invocations=19671 (full 20):
 par new generation   total 109248K, used 105715K [0x00000007a0000000, 0x00000007a8000000, 0x00000007a8000000)
  eden space 87424K, 100% used [0x00000007a0000000, 0x00000007a5560000, 0x00000007a5560000)
  from space 21824K,  83% used [0x00000007a6ab0000, 0x00000007a7c8ce00, 0x00000007a8000000)
  to   space 21824K,   0% used [0x00000007a5560000, 0x00000007a5560000, 0x00000007a6ab0000)
 concurrent mark-sweep generation total 393216K, used 155423K [0x00000007a8000000, 0x00000007c0000000, 0x00000007c0000000)
 Metaspace       used 43674K, capacity 44920K, committed 45100K, reserved 1089536K
  class space    used 5354K, capacity 5667K, committed 5676K, reserved 1048576K
2019-01-30T12:58:37.780+0600: 4915.350: [GC (Allocation Failure) 2019-01-30T12:58:37.780+0600: 4915.350: [ParNew
Desired survivor size 20112992 bytes, new threshold 8 (max 8)
- age   1:    9446512 bytes,    9446512 total
- age   2:       1024 bytes,    9447536 total
- age   3:        976 bytes,    9448512 total
: 105715K->13913K(109248K), 0.0135103 secs] 261138K->169336K(502464K), 0.0136073 secs] [Times: user=0.04 sys=0.00, real=0.01 secs] 
Heap after GC invocations=19672 (full 20):
 par new generation   total 109248K, used 13913K [0x00000007a0000000, 0x00000007a8000000, 0x00000007a8000000)
  eden space 87424K,   0% used [0x00000007a0000000, 0x00000007a0000000, 0x00000007a5560000)
  from space 21824K,  63% used [0x00000007a5560000, 0x00000007a62f64c0, 0x00000007a6ab0000)
  to   space 21824K,   0% used [0x00000007a6ab0000, 0x00000007a6ab0000, 0x00000007a8000000)
 concurrent mark-sweep generation total 393216K, used 155423K [0x00000007a8000000, 0x00000007c0000000, 0x00000007c0000000)
 Metaspace       used 43674K, capacity 44920K, committed 45100K, reserved 1089536K
  class space    used 5354K, capacity 5667K, committed 5676K, reserved 1048576K
}
2019-01-30T12:58:37.794+0600: 4915.364: Total time for which application threads were stopped: 0.0138367 seconds, Stopping threads took: 0.0000225 seconds
{Heap before GC invocations=19672 (full 20):
 par new generation   total 109248K, used 101337K [0x00000007a0000000, 0x00000007a8000000, 0x00000007a8000000)
  eden space 87424K, 100% used [0x00000007a0000000, 0x00000007a5560000, 0x00000007a5560000)
  from space 21824K,  63% used [0x00000007a5560000, 0x00000007a62f64c0, 0x00000007a6ab0000)
  to   space 21824K,   0% used [0x00000007a6ab0000, 0x00000007a6ab0000, 0x00000007a8000000)
 concurrent mark-sweep generation total 393216K, used 155423K [0x00000007a8000000, 0x00000007c0000000, 0x00000007c0000000)
 Metaspace       used 43674K, capacity 44920K, committed 45100K, reserved 1089536K
  class space    used 5354K, capacity 5667K, committed 5676K, reserved 1048576K
2019-01-30T12:58:37.994+0600: 4915.565: [GC (Allocation Failure) 2019-01-30T12:58:37.994+0600: 4915.565: [ParNew
Desired survivor size 20112992 bytes, new threshold 8 (max 8)
- age   1:    5912040 bytes,    5912040 total
- age   2:       1168 bytes,    5913208 total
- age   3:       1024 bytes,    5914232 total
- age   4:        976 bytes,    5915208 total
: 101337K->8104K(109248K), 0.0090779 secs] 256760K->163527K(502464K), 0.0091664 secs] [Times: user=0.03 sys=0.00, real=0.01 secs] 
Heap after GC invocations=19673 (full 20):
 par new generation   total 109248K, used 8104K [0x00000007a0000000, 0x00000007a8000000, 0x00000007a8000000)
  eden space 87424K,   0% used [0x00000007a0000000, 0x00000007a0000000, 0x00000007a5560000)
  from space 21824K,  37% used [0x00000007a6ab0000, 0x00000007a729a168, 0x00000007a8000000)
  to   space 21824K,   0% used [0x00000007a5560000, 0x00000007a5560000, 0x00000007a6ab0000)
 concurrent mark-sweep generation total 393216K, used 155423K [0x00000007a8000000, 0x00000007c0000000, 0x00000007c0000000)
 Metaspace       used 43674K, capacity 44920K, committed 45100K, reserved 1089536K
  class space    used 5354K, capacity 5667K, committed 5676K, reserved 1048576K
}
2019-01-30T12:58:38.004+0600: 4915.574: Total time for which application threads were stopped: 0.0093955 seconds, Stopping threads took: 0.0000220 seconds
{Heap before GC invocations=19673 (full 20):
 par new generation   total 109248K, used 95528K [0x00000007a0000000, 0x00000007a8000000, 0x00000007a8000000)
  eden space 87424K, 100% used [0x00000007a0000000, 0x00000007a5560000, 0x00000007a5560000)
  from space 21824K,  37% used [0x00000007a6ab0000, 0x00000007a729a168, 0x00000007a8000000)
  to   space 21824K,   0% used [0x00000007a5560000, 0x00000007a5560000, 0x00000007a6ab0000)
 concurrent mark-sweep generation total 393216K, used 155423K [0x00000007a8000000, 0x00000007c0000000, 0x00000007c0000000)
 Metaspace       used 43674K, capacity 44920K, committed 45100K, reserved 1089536K
  class space    used 5354K, capacity 5667K, committed 5676K, reserved 1048576K
2019-01-30T12:58:38.208+0600: 4915.778: [GC (Allocation Failure) 2019-01-30T12:58:38.208+0600: 4915.779: [ParNew
Desired survivor size 20112992 bytes, new threshold 8 (max 8)
- age   1:    5861920 bytes,    5861920 total
- age   2:       1176 bytes,    5863096 total
- age   3:       1168 bytes,    5864264 total
- age   4:       1024 bytes,    5865288 total
- age   5:        976 bytes,    5866264 total
: 95528K->6611K(109248K), 0.0092047 secs] 250951K->162034K(502464K), 0.0093023 secs] [Times: user=0.03 sys=0.00, real=0.01 secs] 
Heap after GC invocations=19674 (full 20):
 par new generation   total 109248K, used 6611K [0x00000007a0000000, 0x00000007a8000000, 0x00000007a8000000)
  eden space 87424K,   0% used [0x00000007a0000000, 0x00000007a0000000, 0x00000007a5560000)
  from space 21824K,  30% used [0x00000007a5560000, 0x00000007a5bd4d90, 0x00000007a6ab0000)
  to   space 21824K,   0% used [0x00000007a6ab0000, 0x00000007a6ab0000, 0x00000007a8000000)
 concurrent mark-sweep generation total 393216K, used 155423K [0x00000007a8000000, 0x00000007c0000000, 0x00000007c0000000)
 Metaspace       used 43674K, capacity 44920K, committed 45100K, reserved 1089536K
  class space    used 5354K, capacity 5667K, committed 5676K, reserved 1048576K
}
2019-01-30T12:58:38.218+0600: 4915.788: Total time for which application threads were stopped: 0.0095509 seconds, Stopping threads took: 0.0000249 seconds
{Heap before GC invocations=19674 (full 20):
 par new generation   total 109248K, used 94035K [0x00000007a0000000, 0x00000007a8000000, 0x00000007a8000000)
  eden space 87424K, 100% used [0x00000007a0000000, 0x00000007a5560000, 0x00000007a5560000)
  from space 21824K,  30% used [0x00000007a5560000, 0x00000007a5bd4d90, 0x00000007a6ab0000)
  to   space 21824K,   0% used [0x00000007a6ab0000, 0x00000007a6ab0000, 0x00000007a8000000)
 concurrent mark-sweep generation total 393216K, used 155423K [0x00000007a8000000, 0x00000007c0000000, 0x00000007c0000000)
 Metaspace       used 43674K, capacity 44920K, committed 45100K, reserved 1089536K
  class space    used 5354K, capacity 5667K, committed 5676K, reserved 1048576K
2019-01-30T12:58:38.410+0600: 4915.980: [GC (Allocation Failure) 2019-01-30T12:58:38.410+0600: 4915.980: [ParNew
Desired survivor size 20112992 bytes, new threshold 8 (max 8)
- age   1:   19035344 bytes,   19035344 total
- age   2:       1152 bytes,   19036496 total
- age   3:       1176 bytes,   19037672 total
- age   4:       1168 bytes,   19038840 total
- age   5:       1024 bytes,   19039864 total
- age   6:        976 bytes,   19040840 total
: 94035K->21004K(109248K), 0.0170625 secs] 249458K->176427K(502464K), 0.0171539 secs] [Times: user=0.07 sys=0.00, real=0.01 secs] 
Heap after GC invocations=19675 (full 20):
 par new generation   total 109248K, used 21004K [0x00000007a0000000, 0x00000007a8000000, 0x00000007a8000000)
  eden space 87424K,   0% used [0x00000007a0000000, 0x00000007a0000000, 0x00000007a5560000)
  from space 21824K,  96% used [0x00000007a6ab0000, 0x00000007a7f330c0, 0x00000007a8000000)
  to   space 21824K,   0% used [0x00000007a5560000, 0x00000007a5560000, 0x00000007a6ab0000)
 concurrent mark-sweep generation total 393216K, used 155423K [0x00000007a8000000, 0x00000007c0000000, 0x00000007c0000000)
 Metaspace       used 43674K, capacity 44920K, committed 45100K, reserved 1089536K
  class space    used 5354K, capacity 5667K, committed 5676K, reserved 1048576K
}
2019-01-30T12:58:38.427+0600: 4915.997: Total time for which application threads were stopped: 0.0173755 seconds, Stopping threads took: 0.0000221 seconds
{Heap before GC invocations=19675 (full 20):
 par new generation   total 109248K, used 108428K [0x00000007a0000000, 0x00000007a8000000, 0x00000007a8000000)
  eden space 87424K, 100% used [0x00000007a0000000, 0x00000007a5560000, 0x00000007a5560000)
  from space 21824K,  96% used [0x00000007a6ab0000, 0x00000007a7f330c0, 0x00000007a8000000)
  to   space 21824K,   0% used [0x00000007a5560000, 0x00000007a5560000, 0x00000007a6ab0000)
 concurrent mark-sweep generation total 393216K, used 155423K [0x00000007a8000000, 0x00000007c0000000, 0x00000007c0000000)
 Metaspace       used 43674K, capacity 44920K, committed 45100K, reserved 1089536K
  class space    used 5354K, capacity 5667K, committed 5676K, reserved 1048576K
2019-01-30T12:58:38.627+0600: 4916.198: [GC (Allocation Failure) 2019-01-30T12:58:38.627+0600: 4916.198: [ParNew
Desired survivor size 20112992 bytes, new threshold 8 (max 8)
- age   1:   14616168 bytes,   14616168 total
- age   2:        976 bytes,   14617144 total
- age   3:       1152 bytes,   14618296 total
- age   4:       1176 bytes,   14619472 total
- age   5:       1168 bytes,   14620640 total
- age   6:       1024 bytes,   14621664 total
- age   7:        976 bytes,   14622640 total
: 108428K->20878K(109248K), 0.0157920 secs] 263851K->176301K(502464K), 0.0159011 secs] [Times: user=0.06 sys=0.00, real=0.02 secs] 
Heap after GC invocations=19676 (full 20):
 par new generation   total 109248K, used 20878K [0x00000007a0000000, 0x00000007a8000000, 0x00000007a8000000)
  eden space 87424K,   0% used [0x00000007a0000000, 0x00000007a0000000, 0x00000007a5560000)
  from space 21824K,  95% used [0x00000007a5560000, 0x00000007a69c3a98, 0x00000007a6ab0000)
  to   space 21824K,   0% used [0x00000007a6ab0000, 0x00000007a6ab0000, 0x00000007a8000000)
 concurrent mark-sweep generation total 393216K, used 155423K [0x00000007a8000000, 0x00000007c0000000, 0x00000007c0000000)
 Metaspace       used 43674K, capacity 44920K, committed 45100K, reserved 1089536K
  class space    used 5354K, capacity 5667K, committed 5676K, reserved 1048576K
}
2019-01-30T12:58:38.643+0600: 4916.213: Total time for which application threads were stopped: 0.0161350 seconds, Stopping threads took: 0.0000270 seconds
{Heap before GC invocations=19676 (full 20):
 par new generation   total 109248K, used 108302K [0x00000007a0000000, 0x00000007a8000000, 0x00000007a8000000)
  eden space 87424K, 100% used [0x00000007a0000000, 0x00000007a5560000, 0x00000007a5560000)
  from space 21824K,  95% used [0x00000007a5560000, 0x00000007a69c3a98, 0x00000007a6ab0000)
  to   space 21824K,   0% used [0x00000007a6ab0000, 0x00000007a6ab0000, 0x00000007a8000000)
 concurrent mark-sweep generation total 393216K, used 155423K [0x00000007a8000000, 0x00000007c0000000, 0x00000007c0000000)
 Metaspace       used 43674K, capacity 44920K, committed 45100K, reserved 1089536K
  class space    used 5354K, capacity 5667K, committed 5676K, reserved 1048576K
2019-01-30T12:58:38.854+0600: 4916.424: [GC (Allocation Failure) 2019-01-30T12:58:38.854+0600: 4916.424: [ParNew
Desired survivor size 20112992 bytes, new threshold 8 (max 8)
- age   1:   11060952 bytes,   11060952 total
- age   2:       1000 bytes,   11061952 total
- age   3:        976 bytes,   11062928 total
- age   4:       1152 bytes,   11064080 total
- age   5:       1176 bytes,   11065256 total
- age   6:       1168 bytes,   11066424 total
- age   7:       1024 bytes,   11067448 total
- age   8:        976 bytes,   11068424 total
: 108302K->16675K(109248K), 0.0131347 secs] 263725K->172098K(502464K), 0.0132687 secs] [Times: user=0.05 sys=0.00, real=0.01 secs] 
Heap after GC invocations=19677 (full 20):
 par new generation   total 109248K, used 16675K [0x00000007a0000000, 0x00000007a8000000, 0x00000007a8000000)
  eden space 87424K,   0% used [0x00000007a0000000, 0x00000007a0000000, 0x00000007a5560000)
  from space 21824K,  76% used [0x00000007a6ab0000, 0x00000007a7af8d00, 0x00000007a8000000)
  to   space 21824K,   0% used [0x00000007a5560000, 0x00000007a5560000, 0x00000007a6ab0000)
 concurrent mark-sweep generation total 393216K, used 155423K [0x00000007a8000000, 0x00000007c0000000, 0x00000007c0000000)
 Metaspace       used 43674K, capacity 44920K, committed 45100K, reserved 1089536K
  class space    used 5354K, capacity 5667K, committed 5676K, reserved 1048576K
}
2019-01-30T12:58:38.867+0600: 4916.437: Total time for which application threads were stopped: 0.0135001 seconds, Stopping threads took: 0.0000290 seconds
{Heap before GC invocations=19677 (full 20):
 par new generation   total 109248K, used 104099K [0x00000007a0000000, 0x00000007a8000000, 0x00000007a8000000)
  eden space 87424K, 100% used [0x00000007a0000000, 0x00000007a5560000, 0x00000007a5560000)
  from space 21824K,  76% used [0x00000007a6ab0000, 0x00000007a7af8d00, 0x00000007a8000000)
  to   space 21824K,   0% used [0x00000007a5560000, 0x00000007a5560000, 0x00000007a6ab0000)
 concurrent mark-sweep generation total 393216K, used 155423K [0x00000007a8000000, 0x00000007c0000000, 0x00000007c0000000)
 Metaspace       used 43674K, capacity 44920K, committed 45100K, reserved 1089536K
  class space    used 5354K, capacity 5667K, committed 5676K, reserved 1048576K
2019-01-30T12:58:39.076+0600: 4916.647: [GC (Allocation Failure) 2019-01-30T12:58:39.076+0600: 4916.647: [ParNew
Desired survivor size 20112992 bytes, new threshold 8 (max 8)
- age   1:    7697024 bytes,    7697024 total
- age   2:       1096 bytes,    7698120 total
- age   3:       1000 bytes,    7699120 total
- age   4:        976 bytes,    7700096 total
- age   5:       1152 bytes,    7701248 total
- age   6:       1176 bytes,    7702424 total
- age   7:       1168 bytes,    7703592 total
- age   8:       1024 bytes,    7704616 total
: 104099K->10597K(109248K), 0.0099983 secs] 259522K->166021K(502464K), 0.0100985 secs] [Times: user=0.03 sys=0.00, real=0.01 secs] 
Heap after GC invocations=19678 (full 20):
 par new generation   total 109248K, used 10597K [0x00000007a0000000, 0x00000007a8000000, 0x00000007a8000000)
  eden space 87424K,   0% used [0x00000007a0000000, 0x00000007a0000000, 0x00000007a5560000)
  from space 21824K,  48% used [0x00000007a5560000, 0x00000007a5fb9550, 0x00000007a6ab0000)
  to   space 21824K,   0% used [0x00000007a6ab0000, 0x00000007a6ab0000, 0x00000007a8000000)
 concurrent mark-sweep generation total 393216K, used 155424K [0x00000007a8000000, 0x00000007c0000000, 0x00000007c0000000)
 Metaspace       used 43674K, capacity 44920K, committed 45100K, reserved 1089536K
  class space    used 5354K, capacity 5667K, committed 5676K, reserved 1048576K
}
2019-01-30T12:58:39.087+0600: 4916.657: Total time for which application threads were stopped: 0.0103276 seconds, Stopping threads took: 0.0000226 seconds
{Heap before GC invocations=19678 (full 20):
 par new generation   total 109248K, used 98021K [0x00000007a0000000, 0x00000007a8000000, 0x00000007a8000000)
  eden space 87424K, 100% used [0x00000007a0000000, 0x00000007a5560000, 0x00000007a5560000)
  from space 21824K,  48% used [0x00000007a5560000, 0x00000007a5fb9550, 0x00000007a6ab0000)
  to   space 21824K,   0% used [0x00000007a6ab0000, 0x00000007a6ab0000, 0x00000007a8000000)
 concurrent mark-sweep generation total 393216K, used 155424K [0x00000007a8000000, 0x00000007c0000000, 0x00000007c0000000)
 Metaspace       used 43674K, capacity 44920K, committed 45100K, reserved 1089536K
  class space    used 5354K, capacity 5667K, committed 5676K, reserved 1048576K
2019-01-30T12:58:39.293+0600: 4916.864: [GC (Allocation Failure) 2019-01-30T12:58:39.293+0600: 4916.864: [ParNew
Desired survivor size 20112992 bytes, new threshold 8 (max 8)
- age   1:    5893064 bytes,    5893064 total
- age   2:       1096 bytes,    5894160 total
- age   3:       1096 bytes,    5895256 total
- age   4:       1000 bytes,    5896256 total
- age   5:        976 bytes,    5897232 total
- age   6:       1152 bytes,    5898384 total
- age   7:       1176 bytes,    5899560 total
- age   8:       1168 bytes,    5900728 total
: 98021K->7383K(109248K), 0.0091033 secs] 253445K->162808K(502464K), 0.0091966 secs] [Times: user=0.03 sys=0.00, real=0.01 secs] 
Heap after GC invocations=19679 (full 20):
 par new generation   total 109248K, used 7383K [0x00000007a0000000, 0x00000007a8000000, 0x00000007a8000000)
  eden space 87424K,   0% used [0x00000007a0000000, 0x00000007a0000000, 0x00000007a5560000)
  from space 21824K,  33% used [0x00000007a6ab0000, 0x00000007a71e5f60, 0x00000007a8000000)
  to   space 21824K,   0% used [0x00000007a5560000, 0x00000007a5560000, 0x00000007a6ab0000)
 concurrent mark-sweep generation total 393216K, used 155425K [0x00000007a8000000, 0x00000007c0000000, 0x00000007c0000000)
 Metaspace       used 43674K, capacity 44920K, committed 45100K, reserved 1089536K
  class space    used 5354K, capacity 5667K, committed 5676K, reserved 1048576K
}
2019-01-30T12:58:39.303+0600: 4916.873: Total time for which application threads were stopped: 0.0094310 seconds, Stopping threads took: 0.0000220 seconds
{Heap before GC invocations=19679 (full 20):
 par new generation   total 109248K, used 94807K [0x00000007a0000000, 0x00000007a8000000, 0x00000007a8000000)
  eden space 87424K, 100% used [0x00000007a0000000, 0x00000007a5560000, 0x00000007a5560000)
  from space 21824K,  33% used [0x00000007a6ab0000, 0x00000007a71e5f60, 0x00000007a8000000)
  to   space 21824K,   0% used [0x00000007a5560000, 0x00000007a5560000, 0x00000007a6ab0000)
 concurrent mark-sweep generation total 393216K, used 155425K [0x00000007a8000000, 0x00000007c0000000, 0x00000007c0000000)
 Metaspace       used 43674K, capacity 44920K, committed 45100K, reserved 1089536K
  class space    used 5354K, capacity 5667K, committed 5676K, reserved 1048576K
2019-01-30T12:58:39.527+0600: 4917.097: [GC (Allocation Failure) 2019-01-30T12:58:39.527+0600: 4917.097: [ParNew
Desired survivor size 20112992 bytes, new threshold 1 (max 8)
- age   1:   21114680 bytes,   21114680 total
- age   2:       1224 bytes,   21115904 total
- age   3:       1096 bytes,   21117000 total
- age   4:       1096 bytes,   21118096 total
- age   5:       1000 bytes,   21119096 total
- age   6:        976 bytes,   21120072 total
- age   7:       1152 bytes,   21121224 total
- age   8:       1176 bytes,   21122400 total
: 94807K->21824K(109248K), 0.0191550 secs] 250232K->177250K(502464K), 0.0192540 secs] [Times: user=0.07 sys=0.00, real=0.02 secs] 
Heap after GC invocations=19680 (full 20):
 par new generation   total 109248K, used 21824K [0x00000007a0000000, 0x00000007a8000000, 0x00000007a8000000)
  eden space 87424K,   0% used [0x00000007a0000000, 0x00000007a0000000, 0x00000007a5560000)
  from space 21824K, 100% used [0x00000007a5560000, 0x00000007a6ab0000, 0x00000007a6ab0000)
  to   space 21824K,   0% used [0x00000007a6ab0000, 0x00000007a6ab0000, 0x00000007a8000000)
 concurrent mark-sweep generation total 393216K, used 155426K [0x00000007a8000000, 0x00000007c0000000, 0x00000007c0000000)
 Metaspace       used 43674K, capacity 44920K, committed 45100K, reserved 1089536K
  class space    used 5354K, capacity 5667K, committed 5676K, reserved 1048576K
}
2019-01-30T12:58:39.546+0600: 4917.116: Total time for which application threads were stopped: 0.0194707 seconds, Stopping threads took: 0.0000216 seconds
{Heap before GC invocations=19680 (full 20):
 par new generation   total 109248K, used 109248K [0x00000007a0000000, 0x00000007a8000000, 0x00000007a8000000)
  eden space 87424K, 100% used [0x00000007a0000000, 0x00000007a5560000, 0x00000007a5560000)
  from space 21824K, 100% used [0x00000007a5560000, 0x00000007a6ab0000, 0x00000007a6ab0000)
  to   space 21824K,   0% used [0x00000007a6ab0000, 0x00000007a6ab0000, 0x00000007a8000000)
 concurrent mark-sweep generation total 393216K, used 155426K [0x00000007a8000000, 0x00000007c0000000, 0x00000007c0000000)
 Metaspace       used 43674K, capacity 44920K, committed 45100K, reserved 1089536K
  class space    used 5354K, capacity 5667K, committed 5676K, reserved 1048576K
2019-01-30T12:58:39.747+0600: 4917.317: [GC (Allocation Failure) 2019-01-30T12:58:39.747+0600: 4917.318: [ParNew
Desired survivor size 20112992 bytes, new threshold 8 (max 8)
- age   1:   16030696 bytes,   16030696 total
: 109248K->21824K(109248K), 0.0161559 secs] 264674K->177259K(502464K), 0.0162648 secs] [Times: user=0.06 sys=0.00, real=0.02 secs] 
Heap after GC invocations=19681 (full 20):
 par new generation   total 109248K, used 21824K [0x00000007a0000000, 0x00000007a8000000, 0x00000007a8000000)
  eden space 87424K,   0% used [0x00000007a0000000, 0x00000007a0000000, 0x00000007a5560000)
  from space 21824K, 100% used [0x00000007a6ab0000, 0x00000007a8000000, 0x00000007a8000000)
  to   space 21824K,   0% used [0x00000007a5560000, 0x00000007a5560000, 0x00000007a6ab0000)
 concurrent mark-sweep generation total 393216K, used 155435K [0x00000007a8000000, 0x00000007c0000000, 0x00000007c0000000)
 Metaspace       used 43674K, capacity 44920K, committed 45100K, reserved 1089536K
  class space    used 5354K, capacity 5667K, committed 5676K, reserved 1048576K
}
2019-01-30T12:58:39.764+0600: 4917.334: Total time for which application threads were stopped: 0.0165323 seconds, Stopping threads took: 0.0000208 seconds
{Heap before GC invocations=19681 (full 20):
 par new generation   total 109248K, used 109248K [0x00000007a0000000, 0x00000007a8000000, 0x00000007a8000000)
  eden space 87424K, 100% used [0x00000007a0000000, 0x00000007a5560000, 0x00000007a5560000)
  from space 21824K, 100% used [0x00000007a6ab0000, 0x00000007a8000000, 0x00000007a8000000)
  to   space 21824K,   0% used [0x00000007a5560000, 0x00000007a5560000, 0x00000007a6ab0000)
 concurrent mark-sweep generation total 393216K, used 155435K [0x00000007a8000000, 0x00000007c0000000, 0x00000007c0000000)
 Metaspace       used 43674K, capacity 44920K, committed 45100K, reserved 1089536K
  class space    used 5354K, capacity 5667K, committed 5676K, reserved 1048576K
2019-01-30T12:58:39.977+0600: 4917.547: [GC (Allocation Failure) 2019-01-30T12:58:39.977+0600: 4917.547: [ParNew
Desired survivor size 20112992 bytes, new threshold 8 (max 8)
- age   1:   12751352 bytes,   12751352 total
- age   2:        984 bytes,   12752336 total
: 109248K->18276K(109248K), 0.0132639 secs] 264683K->173711K(502464K), 0.0133746 secs] [Times: user=0.05 sys=0.00, real=0.02 secs] 
Heap after GC invocations=19682 (full 20):
 par new generation   total 109248K, used 18276K [0x00000007a0000000, 0x00000007a8000000, 0x00000007a8000000)
  eden space 87424K,   0% used [0x00000007a0000000, 0x00000007a0000000, 0x00000007a5560000)
  from space 21824K,  83% used [0x00000007a5560000, 0x00000007a6739080, 0x00000007a6ab0000)
  to   space 21824K,   0% used [0x00000007a6ab0000, 0x00000007a6ab0000, 0x00000007a8000000)
 concurrent mark-sweep generation total 393216K, used 155435K [0x00000007a8000000, 0x00000007c0000000, 0x00000007c0000000)
 Metaspace       used 43674K, capacity 44920K, committed 45100K, reserved 1089536K
  class space    used 5354K, capacity 5667K, committed 5676K, reserved 1048576K
}
2019-01-30T12:58:39.990+0600: 4917.560: Total time for which application threads were stopped: 0.0136222 seconds, Stopping threads took: 0.0000247 seconds
{Heap before GC invocations=19682 (full 20):
 par new generation   total 109248K, used 105700K [0x00000007a0000000, 0x00000007a8000000, 0x00000007a8000000)
  eden space 87424K, 100% used [0x00000007a0000000, 0x00000007a5560000, 0x00000007a5560000)
  from space 21824K,  83% used [0x00000007a5560000, 0x00000007a6739080, 0x00000007a6ab0000)
  to   space 21824K,   0% used [0x00000007a6ab0000, 0x00000007a6ab0000, 0x00000007a8000000)
 concurrent mark-sweep generation total 393216K, used 155435K [0x00000007a8000000, 0x00000007c0000000, 0x00000007c0000000)
 Metaspace       used 43674K, capacity 44920K, committed 45100K, reserved 1089536K
  class space    used 5354K, capacity 5667K, committed 5676K, reserved 1048576K
2019-01-30T12:58:40.207+0600: 4917.777: [GC (Allocation Failure) 2019-01-30T12:58:40.207+0600: 4917.777: [ParNew
Desired survivor size 20112992 bytes, new threshold 8 (max 8)
- age   1:    9445840 bytes,    9445840 total
- age   2:       1016 bytes,    9446856 total
- age   3:        984 bytes,    9447840 total
: 105700K->13909K(109248K), 0.0108613 secs] 261135K->169344K(502464K), 0.0109718 secs] [Times: user=0.04 sys=0.00, real=0.01 secs] 
Heap after GC invocations=19683 (full 20):
 par new generation   total 109248K, used 13909K [0x00000007a0000000, 0x00000007a8000000, 0x00000007a8000000)
  eden space 87424K,   0% used [0x00000007a0000000, 0x00000007a0000000, 0x00000007a5560000)
  from space 21824K,  63% used [0x00000007a6ab0000, 0x00000007a7845480, 0x00000007a8000000)
  to   space 21824K,   0% used [0x00000007a5560000, 0x00000007a5560000, 0x00000007a6ab0000)
 concurrent mark-sweep generation total 393216K, used 155435K [0x00000007a8000000, 0x00000007c0000000, 0x00000007c0000000)
 Metaspace       used 43674K, capacity 44920K, committed 45100K, reserved 1089536K
  class space    used 5354K, capacity 5667K, committed 5676K, reserved 1048576K
}
2019-01-30T12:58:40.218+0600: 4917.788: Total time for which application threads were stopped: 0.0112142 seconds, Stopping threads took: 0.0000261 seconds
{Heap before GC invocations=19683 (full 20):
 par new generation   total 109248K, used 101333K [0x00000007a0000000, 0x00000007a8000000, 0x00000007a8000000)
  eden space 87424K, 100% used [0x00000007a0000000, 0x00000007a5560000, 0x00000007a5560000)
  from space 21824K,  63% used [0x00000007a6ab0000, 0x00000007a7845480, 0x00000007a8000000)
  to   space 21824K,   0% used [0x00000007a5560000, 0x00000007a5560000, 0x00000007a6ab0000)
 concurrent mark-sweep generation total 393216K, used 155435K [0x00000007a8000000, 0x00000007c0000000, 0x00000007c0000000)
 Metaspace       used 43674K, capacity 44920K, committed 45100K, reserved 1089536K
  class space    used 5354K, capacity 5667K, committed 5676K, reserved 1048576K
2019-01-30T12:58:40.414+0600: 4917.984: [GC (Allocation Failure) 2019-01-30T12:58:40.414+0600: 4917.984: [ParNew
Desired survivor size 20112992 bytes, new threshold 8 (max 8)
- age   1:    5915656 bytes,    5915656 total
- age   2:       1160 bytes,    5916816 total
- age   3:       1016 bytes,    5917832 total
- age   4:        984 bytes,    5918816 total
: 101333K->9114K(109248K), 0.0083529 secs] 256768K->164549K(502464K), 0.0084557 secs] [Times: user=0.03 sys=0.01, real=0.01 secs] 
Heap after GC invocations=19684 (full 20):
 par new generation   total 109248K, used 9114K [0x00000007a0000000, 0x00000007a8000000, 0x00000007a8000000)
  eden space 87424K,   0% used [0x00000007a0000000, 0x00000007a0000000, 0x00000007a5560000)
  from space 21824K,  41% used [0x00000007a5560000, 0x00000007a5e469d0, 0x00000007a6ab0000)
  to   space 21824K,   0% used [0x00000007a6ab0000, 0x00000007a6ab0000, 0x00000007a8000000)
 concurrent mark-sweep generation total 393216K, used 155435K [0x00000007a8000000, 0x00000007c0000000, 0x00000007c0000000)
 Metaspace       used 43674K, capacity 44920K, committed 45100K, reserved 1089536K
  class space    used 5354K, capacity 5667K, committed 5676K, reserved 1048576K
}
2019-01-30T12:58:40.423+0600: 4917.993: Total time for which application threads were stopped: 0.0086952 seconds, Stopping threads took: 0.0000214 seconds
{Heap before GC invocations=19684 (full 20):
 par new generation   total 109248K, used 96538K [0x00000007a0000000, 0x00000007a8000000, 0x00000007a8000000)
  eden space 87424K, 100% used [0x00000007a0000000, 0x00000007a5560000, 0x00000007a5560000)
  from space 21824K,  41% used [0x00000007a5560000, 0x00000007a5e469d0, 0x00000007a6ab0000)
  to   space 21824K,   0% used [0x00000007a6ab0000, 0x00000007a6ab0000, 0x00000007a8000000)
 concurrent mark-sweep generation total 393216K, used 155435K [0x00000007a8000000, 0x00000007c0000000, 0x00000007c0000000)
 Metaspace       used 43674K, capacity 44920K, committed 45100K, reserved 1089536K
  class space    used 5354K, capacity 5667K, committed 5676K, reserved 1048576K
2019-01-30T12:58:40.634+0600: 4918.204: [GC (Allocation Failure) 2019-01-30T12:58:40.634+0600: 4918.204: [ParNew
Desired survivor size 20112992 bytes, new threshold 8 (max 8)
- age   1:    5870696 bytes,    5870696 total
- age   2:       1136 bytes,    5871832 total
- age   3:       1160 bytes,    5872992 total
- age   4:       1016 bytes,    5874008 total
- age   5:        984 bytes,    5874992 total
: 96538K->5974K(109248K), 0.0083890 secs] 251973K->161409K(502464K), 0.0084895 secs] [Times: user=0.03 sys=0.00, real=0.01 secs] 
Heap after GC invocations=19685 (full 20):
 par new generation   total 109248K, used 5974K [0x00000007a0000000, 0x00000007a8000000, 0x00000007a8000000)
  eden space 87424K,   0% used [0x00000007a0000000, 0x00000007a0000000, 0x00000007a5560000)
  from space 21824K,  27% used [0x00000007a6ab0000, 0x00000007a7085ae0, 0x00000007a8000000)
  to   space 21824K,   0% used [0x00000007a5560000, 0x00000007a5560000, 0x00000007a6ab0000)
 concurrent mark-sweep generation total 393216K, used 155435K [0x00000007a8000000, 0x00000007c0000000, 0x00000007c0000000)
 Metaspace       used 43674K, capacity 44920K, committed 45100K, reserved 1089536K
  class space    used 5354K, capacity 5667K, committed 5676K, reserved 1048576K
}
2019-01-30T12:58:40.643+0600: 4918.213: Total time for which application threads were stopped: 0.0087352 seconds, Stopping threads took: 0.0000229 seconds
{Heap before GC invocations=19685 (full 20):
 par new generation   total 109248K, used 93398K [0x00000007a0000000, 0x00000007a8000000, 0x00000007a8000000)
  eden space 87424K, 100% used [0x00000007a0000000, 0x00000007a5560000, 0x00000007a5560000)
  from space 21824K,  27% used [0x00000007a6ab0000, 0x00000007a7085ae0, 0x00000007a8000000)
  to   space 21824K,   0% used [0x00000007a5560000, 0x00000007a5560000, 0x00000007a6ab0000)
 concurrent mark-sweep generation total 393216K, used 155435K [0x00000007a8000000, 0x00000007c0000000, 0x00000007c0000000)
 Metaspace       used 43674K, capacity 44920K, committed 45100K, reserved 1089536K
  class space    used 5354K, capacity 5667K, committed 5676K, reserved 1048576K
2019-01-30T12:58:40.839+0600: 4918.410: [GC (Allocation Failure) 2019-01-30T12:58:40.839+0600: 4918.410: [ParNew
Desired survivor size 20112992 bytes, new threshold 8 (max 8)
- age   1:   19017208 bytes,   19017208 total
- age   2:       1112 bytes,   19018320 total
- age   3:       1136 bytes,   19019456 total
- age   4:       1160 bytes,   19020616 total
- age   5:       1016 bytes,   19021632 total
- age   6:        984 bytes,   19022616 total
: 93398K->20436K(109248K), 0.0175376 secs] 248833K->175871K(502464K), 0.0176582 secs] [Times: user=0.07 sys=0.01, real=0.02 secs] 
Heap after GC invocations=19686 (full 20):
 par new generation   total 109248K, used 20436K [0x00000007a0000000, 0x00000007a8000000, 0x00000007a8000000)
  eden space 87424K,   0% used [0x00000007a0000000, 0x00000007a0000000, 0x00000007a5560000)
  from space 21824K,  93% used [0x00000007a5560000, 0x00000007a69551c0, 0x00000007a6ab0000)
  to   space 21824K,   0% used [0x00000007a6ab0000, 0x00000007a6ab0000, 0x00000007a8000000)
 concurrent mark-sweep generation total 393216K, used 155435K [0x00000007a8000000, 0x00000007c0000000, 0x00000007c0000000)
 Metaspace       used 43674K, capacity 44920K, committed 45100K, reserved 1089536K
  class space    used 5354K, capacity 5667K, committed 5676K, reserved 1048576K
}
2019-01-30T12:58:40.857+0600: 4918.427: Total time for which application threads were stopped: 0.0178867 seconds, Stopping threads took: 0.0000240 seconds
{Heap before GC invocations=19686 (full 20):
 par new generation   total 109248K, used 107860K [0x00000007a0000000, 0x00000007a8000000, 0x00000007a8000000)
  eden space 87424K, 100% used [0x00000007a0000000, 0x00000007a5560000, 0x00000007a5560000)
  from space 21824K,  93% used [0x00000007a5560000, 0x00000007a69551c0, 0x00000007a6ab0000)
  to   space 21824K,   0% used [0x00000007a6ab0000, 0x00000007a6ab0000, 0x00000007a8000000)
 concurrent mark-sweep generation total 393216K, used 155435K [0x00000007a8000000, 0x00000007c0000000, 0x00000007c0000000)
 Metaspace       used 43674K, capacity 44920K, committed 45100K, reserved 1089536K
  class space    used 5354K, capacity 5667K, committed 5676K, reserved 1048576K
2019-01-30T12:58:41.078+0600: 4918.649: [GC (Allocation Failure) 2019-01-30T12:58:41.078+0600: 4918.649: [ParNew
Desired survivor size 20112992 bytes, new threshold 8 (max 8)
- age   1:   14616400 bytes,   14616400 total
- age   2:        944 bytes,   14617344 total
- age   3:       1112 bytes,   14618456 total
- age   4:       1136 bytes,   14619592 total
- age   5:       1160 bytes,   14620752 total
- age   6:       1016 bytes,   14621768 total
- age   7:        984 bytes,   14622752 total
: 107860K->20793K(109248K), 0.0162192 secs] 263295K->176228K(502464K), 0.0163161 secs] [Times: user=0.06 sys=0.00, real=0.02 secs] 
Heap after GC invocations=19687 (full 20):
 par new generation   total 109248K, used 20793K [0x00000007a0000000, 0x00000007a8000000, 0x00000007a8000000)
  eden space 87424K,   0% used [0x00000007a0000000, 0x00000007a0000000, 0x00000007a5560000)
  from space 21824K,  95% used [0x00000007a6ab0000, 0x00000007a7efe4b0, 0x00000007a8000000)
  to   space 21824K,   0% used [0x00000007a5560000, 0x00000007a5560000, 0x00000007a6ab0000)
 concurrent mark-sweep generation total 393216K, used 155435K [0x00000007a8000000, 0x00000007c0000000, 0x00000007c0000000)
 Metaspace       used 43674K, capacity 44920K, committed 45100K, reserved 1089536K
  class space    used 5354K, capacity 5667K, committed 5676K, reserved 1048576K
}
2019-01-30T12:58:41.095+0600: 4918.665: Total time for which application threads were stopped: 0.0165582 seconds, Stopping threads took: 0.0000273 seconds
{Heap before GC invocations=19687 (full 20):
 par new generation   total 109248K, used 108217K [0x00000007a0000000, 0x00000007a8000000, 0x00000007a8000000)
  eden space 87424K, 100% used [0x00000007a0000000, 0x00000007a5560000, 0x00000007a5560000)
  from space 21824K,  95% used [0x00000007a6ab0000, 0x00000007a7efe4b0, 0x00000007a8000000)
  to   space 21824K,   0% used [0x00000007a5560000, 0x00000007a5560000, 0x00000007a6ab0000)
 concurrent mark-sweep generation total 393216K, used 155435K [0x00000007a8000000, 0x00000007c0000000, 0x00000007c0000000)
 Metaspace       used 43674K, capacity 44920K, committed 45100K, reserved 1089536K
  class space    used 5354K, capacity 5667K, committed 5676K, reserved 1048576K
2019-01-30T12:58:41.313+0600: 4918.884: [GC (Allocation Failure) 2019-01-30T12:58:41.313+0600: 4918.884: [ParNew
Desired survivor size 20112992 bytes, new threshold 8 (max 8)
- age   1:   11061128 bytes,   11061128 total
- age   2:       1064 bytes,   11062192 total
- age   3:        944 bytes,   11063136 total
- age   4:       1112 bytes,   11064248 total
- age   5:       1136 bytes,   11065384 total
- age   6:       1160 bytes,   11066544 total
- age   7:       1016 bytes,   11067560 total
- age   8:        984 bytes,   11068544 total
: 108217K->16650K(109248K), 0.0120640 secs] 263652K->172086K(502464K), 0.0121717 secs] [Times: user=0.04 sys=0.00, real=0.01 secs] 
Heap after GC invocations=19688 (full 20):
 par new generation   total 109248K, used 16650K [0x00000007a0000000, 0x00000007a8000000, 0x00000007a8000000)
  eden space 87424K,   0% used [0x00000007a0000000, 0x00000007a0000000, 0x00000007a5560000)
  from space 21824K,  76% used [0x00000007a5560000, 0x00000007a65a2bc0, 0x00000007a6ab0000)
  to   space 21824K,   0% used [0x00000007a6ab0000, 0x00000007a6ab0000, 0x00000007a8000000)
 concurrent mark-sweep generation total 393216K, used 155435K [0x00000007a8000000, 0x00000007c0000000, 0x00000007c0000000)
 Metaspace       used 43674K, capacity 44920K, committed 45100K, reserved 1089536K
  class space    used 5354K, capacity 5667K, committed 5676K, reserved 1048576K
}
2019-01-30T12:58:41.326+0600: 4918.896: Total time for which application threads were stopped: 0.0123968 seconds, Stopping threads took: 0.0000229 seconds
{Heap before GC invocations=19688 (full 20):
 par new generation   total 109248K, used 104074K [0x00000007a0000000, 0x00000007a8000000, 0x00000007a8000000)
  eden space 87424K, 100% used [0x00000007a0000000, 0x00000007a5560000, 0x00000007a5560000)
  from space 21824K,  76% used [0x00000007a5560000, 0x00000007a65a2bc0, 0x00000007a6ab0000)
  to   space 21824K,   0% used [0x00000007a6ab0000, 0x00000007a6ab0000, 0x00000007a8000000)
 concurrent mark-sweep generation total 393216K, used 155435K [0x00000007a8000000, 0x00000007c0000000, 0x00000007c0000000)
 Metaspace       used 43674K, capacity 44920K, committed 45100K, reserved 1089536K
  class space    used 5354K, capacity 5667K, committed 5676K, reserved 1048576K
2019-01-30T12:58:41.548+0600: 4919.118: [GC (Allocation Failure) 2019-01-30T12:58:41.548+0600: 4919.118: [ParNew
Desired survivor size 20112992 bytes, new threshold 8 (max 8)
- age   1:    7697200 bytes,    7697200 total
- age   2:       1104 bytes,    7698304 total
- age   3:       1064 bytes,    7699368 total
- age   4:        944 bytes,    7700312 total
- age   5:       1112 bytes,    7701424 total
- age   6:       1136 bytes,    7702560 total
- age   7:       1160 bytes,    7703720 total
- age   8:       1016 bytes,    7704736 total
: 104074K->9567K(109248K), 0.0149229 secs] 259510K->165003K(502464K), 0.0150617 secs] [Times: user=0.03 sys=0.01, real=0.02 secs] 
Heap after GC invocations=19689 (full 20):
 par new generation   total 109248K, used 9567K [0x00000007a0000000, 0x00000007a8000000, 0x00000007a8000000)
  eden space 87424K,   0% used [0x00000007a0000000, 0x00000007a0000000, 0x00000007a5560000)
  from space 21824K,  43% used [0x00000007a6ab0000, 0x00000007a7407d40, 0x00000007a8000000)
  to   space 21824K,   0% used [0x00000007a5560000, 0x00000007a5560000, 0x00000007a6ab0000)
 concurrent mark-sweep generation total 393216K, used 155436K [0x00000007a8000000, 0x00000007c0000000, 0x00000007c0000000)
 Metaspace       used 43674K, capacity 44920K, committed 45100K, reserved 1089536K
  class space    used 5354K, capacity 5667K, committed 5676K, reserved 1048576K
}
2019-01-30T12:58:41.563+0600: 4919.133: Total time for which application threads were stopped: 0.0153863 seconds, Stopping threads took: 0.0000264 seconds
{Heap before GC invocations=19689 (full 20):
 par new generation   total 109248K, used 96991K [0x00000007a0000000, 0x00000007a8000000, 0x00000007a8000000)
  eden space 87424K, 100% used [0x00000007a0000000, 0x00000007a5560000, 0x00000007a5560000)
  from space 21824K,  43% used [0x00000007a6ab0000, 0x00000007a7407d40, 0x00000007a8000000)
  to   space 21824K,   0% used [0x00000007a5560000, 0x00000007a5560000, 0x00000007a6ab0000)
 concurrent mark-sweep generation total 393216K, used 155436K [0x00000007a8000000, 0x00000007c0000000, 0x00000007c0000000)
 Metaspace       used 43674K, capacity 44920K, committed 45100K, reserved 1089536K
  class space    used 5354K, capacity 5667K, committed 5676K, reserved 1048576K
2019-01-30T12:58:41.849+0600: 4919.419: [GC (Allocation Failure) 2019-01-30T12:58:41.849+0600: 4919.419: [ParNew
Desired survivor size 20112992 bytes, new threshold 8 (max 8)
- age   1:    5893024 bytes,    5893024 total
- age   2:       1104 bytes,    5894128 total
- age   3:       1104 bytes,    5895232 total
- age   4:       1064 bytes,    5896296 total
- age   5:        944 bytes,    5897240 total
- age   6:       1112 bytes,    5898352 total
- age   7:       1136 bytes,    5899488 total
- age   8:       1160 bytes,    5900648 total
: 96991K->8548K(109248K), 0.0094965 secs] 252427K->163985K(502464K), 0.0095997 secs] [Times: user=0.03 sys=0.00, real=0.01 secs] 
Heap after GC invocations=19690 (full 20):
 par new generation   total 109248K, used 8548K [0x00000007a0000000, 0x00000007a8000000, 0x00000007a8000000)
  eden space 87424K,   0% used [0x00000007a0000000, 0x00000007a0000000, 0x00000007a5560000)
  from space 21824K,  39% used [0x00000007a5560000, 0x00000007a5db9350, 0x00000007a6ab0000)
  to   space 21824K,   0% used [0x00000007a6ab0000, 0x00000007a6ab0000, 0x00000007a8000000)
 concurrent mark-sweep generation total 393216K, used 155437K [0x00000007a8000000, 0x00000007c0000000, 0x00000007c0000000)
 Metaspace       used 43674K, capacity 44920K, committed 45100K, reserved 1089536K
  class space    used 5354K, capacity 5667K, committed 5676K, reserved 1048576K
}
2019-01-30T12:58:41.858+0600: 4919.428: Total time for which application threads were stopped: 0.0098340 seconds, Stopping threads took: 0.0000225 seconds
{Heap before GC invocations=19690 (full 20):
 par new generation   total 109248K, used 95972K [0x00000007a0000000, 0x00000007a8000000, 0x00000007a8000000)
  eden space 87424K, 100% used [0x00000007a0000000, 0x00000007a5560000, 0x00000007a5560000)
  from space 21824K,  39% used [0x00000007a5560000, 0x00000007a5db9350, 0x00000007a6ab0000)
  to   space 21824K,   0% used [0x00000007a6ab0000, 0x00000007a6ab0000, 0x00000007a8000000)
 concurrent mark-sweep generation total 393216K, used 155437K [0x00000007a8000000, 0x00000007c0000000, 0x00000007c0000000)
 Metaspace       used 43674K, capacity 44920K, committed 45100K, reserved 1089536K
  class space    used 5354K, capacity 5667K, committed 5676K, reserved 1048576K
2019-01-30T12:58:42.087+0600: 4919.657: [GC (Allocation Failure) 2019-01-30T12:58:42.087+0600: 4919.657: [ParNew
Desired survivor size 20112992 bytes, new threshold 1 (max 8)
- age   1:   21114880 bytes,   21114880 total
- age   2:       1160 bytes,   21116040 total
- age   3:       1104 bytes,   21117144 total
- age   4:       1104 bytes,   21118248 total
- age   5:       1064 bytes,   21119312 total
- age   6:        944 bytes,   21120256 total
- age   7:       1112 bytes,   21121368 total
- age   8:       1136 bytes,   21122504 total
: 95972K->21824K(109248K), 0.0251338 secs] 251409K->177262K(502464K), 0.0252672 secs] [Times: user=0.06 sys=0.00, real=0.03 secs] 
Heap after GC invocations=19691 (full 20):
 par new generation   total 109248K, used 21824K [0x00000007a0000000, 0x00000007a8000000, 0x00000007a8000000)
  eden space 87424K,   0% used [0x00000007a0000000, 0x00000007a0000000, 0x00000007a5560000)
  from space 21824K, 100% used [0x00000007a6ab0000, 0x00000007a8000000, 0x00000007a8000000)
  to   space 21824K,   0% used [0x00000007a5560000, 0x00000007a5560000, 0x00000007a6ab0000)
 concurrent mark-sweep generation total 393216K, used 155438K [0x00000007a8000000, 0x00000007c0000000, 0x00000007c0000000)
 Metaspace       used 43674K, capacity 44920K, committed 45100K, reserved 1089536K
  class space    used 5354K, capacity 5667K, committed 5676K, reserved 1048576K
}
2019-01-30T12:58:42.112+0600: 4919.682: Total time for which application threads were stopped: 0.0256131 seconds, Stopping threads took: 0.0000349 seconds
{Heap before GC invocations=19691 (full 20):
 par new generation   total 109248K, used 109248K [0x00000007a0000000, 0x00000007a8000000, 0x00000007a8000000)
  eden space 87424K, 100% used [0x00000007a0000000, 0x00000007a5560000, 0x00000007a5560000)
  from space 21824K, 100% used [0x00000007a6ab0000, 0x00000007a8000000, 0x00000007a8000000)
  to   space 21824K,   0% used [0x00000007a5560000, 0x00000007a5560000, 0x00000007a6ab0000)
 concurrent mark-sweep generation total 393216K, used 155438K [0x00000007a8000000, 0x00000007c0000000, 0x00000007c0000000)
 Metaspace       used 43674K, capacity 44920K, committed 45100K, reserved 1089536K
  class space    used 5354K, capacity 5667K, committed 5676K, reserved 1048576K
2019-01-30T12:58:42.419+0600: 4919.989: [GC (Allocation Failure) 2019-01-30T12:58:42.419+0600: 4919.989: [ParNew
Desired survivor size 20112992 bytes, new threshold 8 (max 8)
- age   1:   16030896 bytes,   16030896 total
: 109248K->20049K(109248K), 0.0179786 secs] 264686K->175496K(502464K), 0.0180888 secs] [Times: user=0.06 sys=0.00, real=0.02 secs] 
Heap after GC invocations=19692 (full 20):
 par new generation   total 109248K, used 20049K [0x00000007a0000000, 0x00000007a8000000, 0x00000007a8000000)
  eden space 87424K,   0% used [0x00000007a0000000, 0x00000007a0000000, 0x00000007a5560000)
  from space 21824K,  91% used [0x00000007a5560000, 0x00000007a68f4550, 0x00000007a6ab0000)
  to   space 21824K,   0% used [0x00000007a6ab0000, 0x00000007a6ab0000, 0x00000007a8000000)
 concurrent mark-sweep generation total 393216K, used 155447K [0x00000007a8000000, 0x00000007c0000000, 0x00000007c0000000)
 Metaspace       used 43674K, capacity 44920K, committed 45100K, reserved 1089536K
  class space    used 5354K, capacity 5667K, committed 5676K, reserved 1048576K
}
2019-01-30T12:58:42.437+0600: 4920.007: Total time for which application threads were stopped: 0.0183484 seconds, Stopping threads took: 0.0000201 seconds
{Heap before GC invocations=19692 (full 20):
 par new generation   total 109248K, used 107473K [0x00000007a0000000, 0x00000007a8000000, 0x00000007a8000000)
  eden space 87424K, 100% used [0x00000007a0000000, 0x00000007a5560000, 0x00000007a5560000)
  from space 21824K,  91% used [0x00000007a5560000, 0x00000007a68f4550, 0x00000007a6ab0000)
  to   space 21824K,   0% used [0x00000007a6ab0000, 0x00000007a6ab0000, 0x00000007a8000000)
 concurrent mark-sweep generation total 393216K, used 155447K [0x00000007a8000000, 0x00000007c0000000, 0x00000007c0000000)
 Metaspace       used 43674K, capacity 44920K, committed 45100K, reserved 1089536K
  class space    used 5354K, capacity 5667K, committed 5676K, reserved 1048576K
2019-01-30T12:58:42.672+0600: 4920.242: [GC (Allocation Failure) 2019-01-30T12:58:42.672+0600: 4920.242: [ParNew
Desired survivor size 20112992 bytes, new threshold 8 (max 8)
- age   1:   12728032 bytes,   12728032 total
- age   2:       1016 bytes,   12729048 total
: 107473K->18853K(109248K), 0.0139370 secs] 262920K->174300K(502464K), 0.0140437 secs] [Times: user=0.04 sys=0.00, real=0.01 secs] 
Heap after GC invocations=19693 (full 20):
 par new generation   total 109248K, used 18853K [0x00000007a0000000, 0x00000007a8000000, 0x00000007a8000000)
  eden space 87424K,   0% used [0x00000007a0000000, 0x00000007a0000000, 0x00000007a5560000)
  from space 21824K,  86% used [0x00000007a6ab0000, 0x00000007a7d196d8, 0x00000007a8000000)
  to   space 21824K,   0% used [0x00000007a5560000, 0x00000007a5560000, 0x00000007a6ab0000)
 concurrent mark-sweep generation total 393216K, used 155447K [0x00000007a8000000, 0x00000007c0000000, 0x00000007c0000000)
 Metaspace       used 43674K, capacity 44920K, committed 45100K, reserved 1089536K
  class space    used 5354K, capacity 5667K, committed 5676K, reserved 1048576K
}
2019-01-30T12:58:42.686+0600: 4920.256: Total time for which application threads were stopped: 0.0142771 seconds, Stopping threads took: 0.0000261 seconds
{Heap before GC invocations=19693 (full 20):
 par new generation   total 109248K, used 106277K [0x00000007a0000000, 0x00000007a8000000, 0x00000007a8000000)
  eden space 87424K, 100% used [0x00000007a0000000, 0x00000007a5560000, 0x00000007a5560000)
  from space 21824K,  86% used [0x00000007a6ab0000, 0x00000007a7d196d8, 0x00000007a8000000)
  to   space 21824K,   0% used [0x00000007a5560000, 0x00000007a5560000, 0x00000007a6ab0000)
 concurrent mark-sweep generation total 393216K, used 155447K [0x00000007a8000000, 0x00000007c0000000, 0x00000007c0000000)
 Metaspace       used 43674K, capacity 44920K, committed 45100K, reserved 1089536K
  class space    used 5354K, capacity 5667K, committed 5676K, reserved 1048576K
2019-01-30T12:58:42.929+0600: 4920.499: [GC (Allocation Failure) 2019-01-30T12:58:42.929+0600: 4920.499: [ParNew
Desired survivor size 20112992 bytes, new threshold 8 (max 8)
- age   1:    9454120 bytes,    9454120 total
- age   2:       1080 bytes,    9455200 total
- age   3:       1016 bytes,    9456216 total
: 106277K->13756K(109248K), 0.0116311 secs] 261724K->169203K(502464K), 0.0117267 secs] [Times: user=0.04 sys=0.00, real=0.02 secs] 
Heap after GC invocations=19694 (full 20):
 par new generation   total 109248K, used 13756K [0x00000007a0000000, 0x00000007a8000000, 0x00000007a8000000)
  eden space 87424K,   0% used [0x00000007a0000000, 0x00000007a0000000, 0x00000007a5560000)
  from space 21824K,  63% used [0x00000007a5560000, 0x00000007a62cf340, 0x00000007a6ab0000)
  to   space 21824K,   0% used [0x00000007a6ab0000, 0x00000007a6ab0000, 0x00000007a8000000)
 concurrent mark-sweep generation total 393216K, used 155447K [0x00000007a8000000, 0x00000007c0000000, 0x00000007c0000000)
 Metaspace       used 43674K, capacity 44920K, committed 45100K, reserved 1089536K
  class space    used 5354K, capacity 5667K, committed 5676K, reserved 1048576K
}
2019-01-30T12:58:42.940+0600: 4920.511: Total time for which application threads were stopped: 0.0119461 seconds, Stopping threads took: 0.0000213 seconds
{Heap before GC invocations=19694 (full 20):
 par new generation   total 109248K, used 101180K [0x00000007a0000000, 0x00000007a8000000, 0x00000007a8000000)
  eden space 87424K, 100% used [0x00000007a0000000, 0x00000007a5560000, 0x00000007a5560000)
  from space 21824K,  63% used [0x00000007a5560000, 0x00000007a62cf340, 0x00000007a6ab0000)
  to   space 21824K,   0% used [0x00000007a6ab0000, 0x00000007a6ab0000, 0x00000007a8000000)
 concurrent mark-sweep generation total 393216K, used 155447K [0x00000007a8000000, 0x00000007c0000000, 0x00000007c0000000)
 Metaspace       used 43674K, capacity 44920K, committed 45100K, reserved 1089536K
  class space    used 5354K, capacity 5667K, committed 5676K, reserved 1048576K
2019-01-30T12:58:43.150+0600: 4920.720: [GC (Allocation Failure) 2019-01-30T12:58:43.150+0600: 4920.720: [ParNew
Desired survivor size 20112992 bytes, new threshold 8 (max 8)
- age   1:    5919736 bytes,    5919736 total
- age   2:       1144 bytes,    5920880 total
- age   3:       1080 bytes,    5921960 total
- age   4:       1016 bytes,    5922976 total
: 101180K->7773K(109248K), 0.0083444 secs] 256627K->163220K(502464K), 0.0084401 secs] [Times: user=0.03 sys=0.00, real=0.00 secs] 
Heap after GC invocations=19695 (full 20):
 par new generation   total 109248K, used 7773K [0x00000007a0000000, 0x00000007a8000000, 0x00000007a8000000)
  eden space 87424K,   0% used [0x00000007a0000000, 0x00000007a0000000, 0x00000007a5560000)
  from space 21824K,  35% used [0x00000007a6ab0000, 0x00000007a7247760, 0x00000007a8000000)
  to   space 21824K,   0% used [0x00000007a5560000, 0x00000007a5560000, 0x00000007a6ab0000)
 concurrent mark-sweep generation total 393216K, used 155447K [0x00000007a8000000, 0x00000007c0000000, 0x00000007c0000000)
 Metaspace       used 43674K, capacity 44920K, committed 45100K, reserved 1089536K
  class space    used 5354K, capacity 5667K, committed 5676K, reserved 1048576K
}
2019-01-30T12:58:43.159+0600: 4920.729: Total time for which application threads were stopped: 0.0086775 seconds, Stopping threads took: 0.0000221 seconds
{Heap before GC invocations=19695 (full 20):
 par new generation   total 109248K, used 95197K [0x00000007a0000000, 0x00000007a8000000, 0x00000007a8000000)
  eden space 87424K, 100% used [0x00000007a0000000, 0x00000007a5560000, 0x00000007a5560000)
  from space 21824K,  35% used [0x00000007a6ab0000, 0x00000007a7247760, 0x00000007a8000000)
  to   space 21824K,   0% used [0x00000007a5560000, 0x00000007a5560000, 0x00000007a6ab0000)
 concurrent mark-sweep generation total 393216K, used 155447K [0x00000007a8000000, 0x00000007c0000000, 0x00000007c0000000)
 Metaspace       used 43674K, capacity 44920K, committed 45100K, reserved 1089536K
  class space    used 5354K, capacity 5667K, committed 5676K, reserved 1048576K
2019-01-30T12:58:43.358+0600: 4920.928: [GC (Allocation Failure) 2019-01-30T12:58:43.358+0600: 4920.928: [ParNew
Desired survivor size 20112992 bytes, new threshold 8 (max 8)
- age   1:    5870960 bytes,    5870960 total
- age   2:       1208 bytes,    5872168 total
- age   3:       1144 bytes,    5873312 total
- age   4:       1080 bytes,    5874392 total
- age   5:       1016 bytes,    5875408 total
: 95197K->7953K(109248K), 0.0084858 secs] 250644K->163400K(502464K), 0.0085836 secs] [Times: user=0.03 sys=0.00, real=0.01 secs] 
Heap after GC invocations=19696 (full 20):
 par new generation   total 109248K, used 7953K [0x00000007a0000000, 0x00000007a8000000, 0x00000007a8000000)
  eden space 87424K,   0% used [0x00000007a0000000, 0x00000007a0000000, 0x00000007a5560000)
  from space 21824K,  36% used [0x00000007a5560000, 0x00000007a5d24590, 0x00000007a6ab0000)
  to   space 21824K,   0% used [0x00000007a6ab0000, 0x00000007a6ab0000, 0x00000007a8000000)
 concurrent mark-sweep generation total 393216K, used 155447K [0x00000007a8000000, 0x00000007c0000000, 0x00000007c0000000)
 Metaspace       used 43674K, capacity 44920K, committed 45100K, reserved 1089536K
  class space    used 5354K, capacity 5667K, committed 5676K, reserved 1048576K
}
2019-01-30T12:58:43.367+0600: 4920.937: Total time for which application threads were stopped: 0.0088168 seconds, Stopping threads took: 0.0000213 seconds
{Heap before GC invocations=19696 (full 20):
 par new generation   total 109248K, used 95377K [0x00000007a0000000, 0x00000007a8000000, 0x00000007a8000000)
  eden space 87424K, 100% used [0x00000007a0000000, 0x00000007a5560000, 0x00000007a5560000)
  from space 21824K,  36% used [0x00000007a5560000, 0x00000007a5d24590, 0x00000007a6ab0000)
  to   space 21824K,   0% used [0x00000007a6ab0000, 0x00000007a6ab0000, 0x00000007a8000000)
 concurrent mark-sweep generation total 393216K, used 155447K [0x00000007a8000000, 0x00000007c0000000, 0x00000007c0000000)
 Metaspace       used 43674K, capacity 44920K, committed 45100K, reserved 1089536K
  class space    used 5354K, capacity 5667K, committed 5676K, reserved 1048576K
2019-01-30T12:58:43.586+0600: 4921.156: [GC (Allocation Failure) 2019-01-30T12:58:43.586+0600: 4921.156: [ParNew
Desired survivor size 20112992 bytes, new threshold 8 (max 8)
- age   1:   19037576 bytes,   19037576 total
- age   2:       1208 bytes,   19038784 total
- age   3:       1208 bytes,   19039992 total
- age   4:       1144 bytes,   19041136 total
- age   5:       1080 bytes,   19042216 total
- age   6:       1016 bytes,   19043232 total
: 95377K->19898K(109248K), 0.0194081 secs] 250824K->175345K(502464K), 0.0195871 secs] [Times: user=0.07 sys=0.00, real=0.02 secs] 
Heap after GC invocations=19697 (full 20):
 par new generation   total 109248K, used 19898K [0x00000007a0000000, 0x00000007a8000000, 0x00000007a8000000)
  eden space 87424K,   0% used [0x00000007a0000000, 0x00000007a0000000, 0x00000007a5560000)
  from space 21824K,  91% used [0x00000007a6ab0000, 0x00000007a7e1ebc0, 0x00000007a8000000)
  to   space 21824K,   0% used [0x00000007a5560000, 0x00000007a5560000, 0x00000007a6ab0000)
 concurrent mark-sweep generation total 393216K, used 155447K [0x00000007a8000000, 0x00000007c0000000, 0x00000007c0000000)
 Metaspace       used 43674K, capacity 44920K, committed 45100K, reserved 1089536K
  class space    used 5354K, capacity 5667K, committed 5676K, reserved 1048576K
}
2019-01-30T12:58:43.606+0600: 4921.176: Total time for which application threads were stopped: 0.0198399 seconds, Stopping threads took: 0.0000280 seconds
{Heap before GC invocations=19697 (full 20):
 par new generation   total 109248K, used 107322K [0x00000007a0000000, 0x00000007a8000000, 0x00000007a8000000)
  eden space 87424K, 100% used [0x00000007a0000000, 0x00000007a5560000, 0x00000007a5560000)
  from space 21824K,  91% used [0x00000007a6ab0000, 0x00000007a7e1ebc0, 0x00000007a8000000)
  to   space 21824K,   0% used [0x00000007a5560000, 0x00000007a5560000, 0x00000007a6ab0000)
 concurrent mark-sweep generation total 393216K, used 155447K [0x00000007a8000000, 0x00000007c0000000, 0x00000007c0000000)
 Metaspace       used 43674K, capacity 44920K, committed 45100K, reserved 1089536K
  class space    used 5354K, capacity 5667K, committed 5676K, reserved 1048576K
2019-01-30T12:58:43.807+0600: 4921.377: [GC (Allocation Failure) 2019-01-30T12:58:43.807+0600: 4921.377: [ParNew
Desired survivor size 20112992 bytes, new threshold 8 (max 8)
- age   1:   14616528 bytes,   14616528 total
- age   2:        920 bytes,   14617448 total
- age   3:       1208 bytes,   14618656 total
- age   4:       1208 bytes,   14619864 total
- age   5:       1144 bytes,   14621008 total
- age   6:       1080 bytes,   14622088 total
- age   7:       1016 bytes,   14623104 total
: 107322K->20184K(109248K), 0.0143890 secs] 262769K->175631K(502464K), 0.0144898 secs] [Times: user=0.05 sys=0.00, real=0.02 secs] 
Heap after GC invocations=19698 (full 20):
 par new generation   total 109248K, used 20184K [0x00000007a0000000, 0x00000007a8000000, 0x00000007a8000000)
  eden space 87424K,   0% used [0x00000007a0000000, 0x00000007a0000000, 0x00000007a5560000)
  from space 21824K,  92% used [0x00000007a5560000, 0x00000007a69162e0, 0x00000007a6ab0000)
  to   space 21824K,   0% used [0x00000007a6ab0000, 0x00000007a6ab0000, 0x00000007a8000000)
 concurrent mark-sweep generation total 393216K, used 155447K [0x00000007a8000000, 0x00000007c0000000, 0x00000007c0000000)
 Metaspace       used 43674K, capacity 44920K, committed 45100K, reserved 1089536K
  class space    used 5354K, capacity 5667K, committed 5676K, reserved 1048576K
}
2019-01-30T12:58:43.822+0600: 4921.392: Total time for which application threads were stopped: 0.0147335 seconds, Stopping threads took: 0.0000251 seconds
{Heap before GC invocations=19698 (full 20):
 par new generation   total 109248K, used 107608K [0x00000007a0000000, 0x00000007a8000000, 0x00000007a8000000)
  eden space 87424K, 100% used [0x00000007a0000000, 0x00000007a5560000, 0x00000007a5560000)
  from space 21824K,  92% used [0x00000007a5560000, 0x00000007a69162e0, 0x00000007a6ab0000)
  to   space 21824K,   0% used [0x00000007a6ab0000, 0x00000007a6ab0000, 0x00000007a8000000)
 concurrent mark-sweep generation total 393216K, used 155447K [0x00000007a8000000, 0x00000007c0000000, 0x00000007c0000000)
 Metaspace       used 43674K, capacity 44920K, committed 45100K, reserved 1089536K
  class space    used 5354K, capacity 5667K, committed 5676K, reserved 1048576K
2019-01-30T12:58:44.024+0600: 4921.594: [GC (Allocation Failure) 2019-01-30T12:58:44.024+0600: 4921.594: [ParNew
Desired survivor size 20112992 bytes, new threshold 8 (max 8)
- age   1:   11061328 bytes,   11061328 total
- age   2:       1024 bytes,   11062352 total
- age   3:        920 bytes,   11063272 total
- age   4:       1208 bytes,   11064480 total
- age   5:       1208 bytes,   11065688 total
- age   6:       1144 bytes,   11066832 total
- age   7:       1080 bytes,   11067912 total
- age   8:       1016 bytes,   11068928 total
: 107608K->17501K(109248K), 0.0121168 secs] 263055K->172948K(502464K), 0.0122267 secs] [Times: user=0.04 sys=0.00, real=0.01 secs] 
Heap after GC invocations=19699 (full 20):
 par new generation   total 109248K, used 17501K [0x00000007a0000000, 0x00000007a8000000, 0x00000007a8000000)
  eden space 87424K,   0% used [0x00000007a0000000, 0x00000007a0000000, 0x00000007a5560000)
  from space 21824K,  80% used [0x00000007a6ab0000, 0x00000007a7bc7590, 0x00000007a8000000)
  to   space 21824K,   0% used [0x00000007a5560000, 0x00000007a5560000, 0x00000007a6ab0000)
 concurrent mark-sweep generation total 393216K, used 155447K [0x00000007a8000000, 0x00000007c0000000, 0x00000007c0000000)
 Metaspace       used 43674K, capacity 44920K, committed 45100K, reserved 1089536K
  class space    used 5354K, capacity 5667K, committed 5676K, reserved 1048576K
}
2019-01-30T12:58:44.036+0600: 4921.607: Total time for which application threads were stopped: 0.0125076 seconds, Stopping threads took: 0.0000386 seconds
{Heap before GC invocations=19699 (full 20):
 par new generation   total 109248K, used 104925K [0x00000007a0000000, 0x00000007a8000000, 0x00000007a8000000)
  eden space 87424K, 100% used [0x00000007a0000000, 0x00000007a5560000, 0x00000007a5560000)
  from space 21824K,  80% used [0x00000007a6ab0000, 0x00000007a7bc7590, 0x00000007a8000000)
  to   space 21824K,   0% used [0x00000007a5560000, 0x00000007a5560000, 0x00000007a6ab0000)
 concurrent mark-sweep generation total 393216K, used 155447K [0x00000007a8000000, 0x00000007c0000000, 0x00000007c0000000)
 Metaspace       used 43674K, capacity 44920K, committed 45100K, reserved 1089536K
  class space    used 5354K, capacity 5667K, committed 5676K, reserved 1048576K
2019-01-30T12:58:44.236+0600: 4921.806: [GC (Allocation Failure) 2019-01-30T12:58:44.236+0600: 4921.806: [ParNew
Desired survivor size 20112992 bytes, new threshold 8 (max 8)
- age   1:    7697384 bytes,    7697384 total
- age   2:       1136 bytes,    7698520 total
- age   3:       1024 bytes,    7699544 total
- age   4:        920 bytes,    7700464 total
- age   5:       1208 bytes,    7701672 total
- age   6:       1208 bytes,    7702880 total
- age   7:       1144 bytes,    7704024 total
- age   8:       1080 bytes,    7705104 total
: 104925K->10036K(109248K), 0.0096329 secs] 260372K->165484K(502464K), 0.0097326 secs] [Times: user=0.04 sys=0.00, real=0.01 secs] 
Heap after GC invocations=19700 (full 20):
 par new generation   total 109248K, used 10036K [0x00000007a0000000, 0x00000007a8000000, 0x00000007a8000000)
  eden space 87424K,   0% used [0x00000007a0000000, 0x00000007a0000000, 0x00000007a5560000)
  from space 21824K,  45% used [0x00000007a5560000, 0x00000007a5f2d050, 0x00000007a6ab0000)
  to   space 21824K,   0% used [0x00000007a6ab0000, 0x00000007a6ab0000, 0x00000007a8000000)
 concurrent mark-sweep generation total 393216K, used 155448K [0x00000007a8000000, 0x00000007c0000000, 0x00000007c0000000)
 Metaspace       used 43674K, capacity 44920K, committed 45100K, reserved 1089536K
  class space    used 5354K, capacity 5667K, committed 5676K, reserved 1048576K
}
2019-01-30T12:58:44.245+0600: 4921.815: Total time for which application threads were stopped: 0.0099660 seconds, Stopping threads took: 0.0000233 seconds
{Heap before GC invocations=19700 (full 20):
 par new generation   total 109248K, used 97460K [0x00000007a0000000, 0x00000007a8000000, 0x00000007a8000000)
  eden space 87424K, 100% used [0x00000007a0000000, 0x00000007a5560000, 0x00000007a5560000)
  from space 21824K,  45% used [0x00000007a5560000, 0x00000007a5f2d050, 0x00000007a6ab0000)
  to   space 21824K,   0% used [0x00000007a6ab0000, 0x00000007a6ab0000, 0x00000007a8000000)
 concurrent mark-sweep generation total 393216K, used 155448K [0x00000007a8000000, 0x00000007c0000000, 0x00000007c0000000)
 Metaspace       used 43674K, capacity 44920K, committed 45100K, reserved 1089536K
  class space    used 5354K, capacity 5667K, committed 5676K, reserved 1048576K
2019-01-30T12:58:44.445+0600: 4922.015: [GC (Allocation Failure) 2019-01-30T12:58:44.445+0600: 4922.015: [ParNew
Desired survivor size 20112992 bytes, new threshold 8 (max 8)
- age   1:    5900800 bytes,    5900800 total
- age   2:       1120 bytes,    5901920 total
- age   3:       1136 bytes,    5903056 total
- age   4:       1024 bytes,    5904080 total
- age   5:        920 bytes,    5905000 total
- age   6:       1208 bytes,    5906208 total
- age   7:       1208 bytes,    5907416 total
- age   8:       1144 bytes,    5908560 total
: 97460K->8152K(109248K), 0.0087930 secs] 252908K->163601K(502464K), 0.0088975 secs] [Times: user=0.03 sys=0.00, real=0.01 secs] 
Heap after GC invocations=19701 (full 20):
 par new generation   total 109248K, used 8152K [0x00000007a0000000, 0x00000007a8000000, 0x00000007a8000000)
  eden space 87424K,   0% used [0x00000007a0000000, 0x00000007a0000000, 0x00000007a5560000)
  from space 21824K,  37% used [0x00000007a6ab0000, 0x00000007a72a61d0, 0x00000007a8000000)
  to   space 21824K,   0% used [0x00000007a5560000, 0x00000007a5560000, 0x00000007a6ab0000)
 concurrent mark-sweep generation total 393216K, used 155449K [0x00000007a8000000, 0x00000007c0000000, 0x00000007c0000000)
 Metaspace       used 43674K, capacity 44920K, committed 45100K, reserved 1089536K
  class space    used 5354K, capacity 5667K, committed 5676K, reserved 1048576K
}
2019-01-30T12:58:44.454+0600: 4922.024: Total time for which application threads were stopped: 0.0091762 seconds, Stopping threads took: 0.0000218 seconds
{Heap before GC invocations=19701 (full 20):
 par new generation   total 109248K, used 95576K [0x00000007a0000000, 0x00000007a8000000, 0x00000007a8000000)
  eden space 87424K, 100% used [0x00000007a0000000, 0x00000007a5560000, 0x00000007a5560000)
  from space 21824K,  37% used [0x00000007a6ab0000, 0x00000007a72a61d0, 0x00000007a8000000)
  to   space 21824K,   0% used [0x00000007a5560000, 0x00000007a5560000, 0x00000007a6ab0000)
 concurrent mark-sweep generation total 393216K, used 155449K [0x00000007a8000000, 0x00000007c0000000, 0x00000007c0000000)
 Metaspace       used 43674K, capacity 44920K, committed 45100K, reserved 1089536K
  class space    used 5354K, capacity 5667K, committed 5676K, reserved 1048576K
2019-01-30T12:58:44.651+0600: 4922.221: [GC (Allocation Failure) 2019-01-30T12:58:44.651+0600: 4922.222: [ParNew
Desired survivor size 20112992 bytes, new threshold 1 (max 8)
- age   1:   21115032 bytes,   21115032 total
- age   2:       1128 bytes,   21116160 total
- age   3:       1120 bytes,   21117280 total
- age   4:       1136 bytes,   21118416 total
- age   5:       1024 bytes,   21119440 total
- age   6:        920 bytes,   21120360 total
- age   7:       1208 bytes,   21121568 total
- age   8:       1208 bytes,   21122776 total
: 95576K->21738K(109248K), 0.0255066 secs] 251025K->177188K(502464K), 0.0255954 secs] [Times: user=0.07 sys=0.00, real=0.02 secs] 
Heap after GC invocations=19702 (full 20):
 par new generation   total 109248K, used 21738K [0x00000007a0000000, 0x00000007a8000000, 0x00000007a8000000)
  eden space 87424K,   0% used [0x00000007a0000000, 0x00000007a0000000, 0x00000007a5560000)
  from space 21824K,  99% used [0x00000007a5560000, 0x00000007a6a9a960, 0x00000007a6ab0000)
  to   space 21824K,   0% used [0x00000007a6ab0000, 0x00000007a6ab0000, 0x00000007a8000000)
 concurrent mark-sweep generation total 393216K, used 155450K [0x00000007a8000000, 0x00000007c0000000, 0x00000007c0000000)
 Metaspace       used 43674K, capacity 44920K, committed 45100K, reserved 1089536K
  class space    used 5354K, capacity 5667K, committed 5676K, reserved 1048576K
}
2019-01-30T12:58:44.677+0600: 4922.247: Total time for which application threads were stopped: 0.0258097 seconds, Stopping threads took: 0.0000230 seconds
{Heap before GC invocations=19702 (full 20):
 par new generation   total 109248K, used 109162K [0x00000007a0000000, 0x00000007a8000000, 0x00000007a8000000)
  eden space 87424K, 100% used [0x00000007a0000000, 0x00000007a5560000, 0x00000007a5560000)
  from space 21824K,  99% used [0x00000007a5560000, 0x00000007a6a9a960, 0x00000007a6ab0000)
  to   space 21824K,   0% used [0x00000007a6ab0000, 0x00000007a6ab0000, 0x00000007a8000000)
 concurrent mark-sweep generation total 393216K, used 155450K [0x00000007a8000000, 0x00000007c0000000, 0x00000007c0000000)
 Metaspace       used 43674K, capacity 44920K, committed 45100K, reserved 1089536K
  class space    used 5354K, capacity 5667K, committed 5676K, reserved 1048576K
2019-01-30T12:58:44.883+0600: 4922.453: [GC (Allocation Failure) 2019-01-30T12:58:44.883+0600: 4922.453: [ParNew
Desired survivor size 20112992 bytes, new threshold 8 (max 8)
- age   1:   16031024 bytes,   16031024 total
: 109162K->21824K(109248K), 0.0158230 secs] 264612K->177283K(502464K), 0.0159392 secs] [Times: user=0.06 sys=0.00, real=0.01 secs] 
Heap after GC invocations=19703 (full 20):
 par new generation   total 109248K, used 21824K [0x00000007a0000000, 0x00000007a8000000, 0x00000007a8000000)
  eden space 87424K,   0% used [0x00000007a0000000, 0x00000007a0000000, 0x00000007a5560000)
  from space 21824K, 100% used [0x00000007a6ab0000, 0x00000007a8000000, 0x00000007a8000000)
  to   space 21824K,   0% used [0x00000007a5560000, 0x00000007a5560000, 0x00000007a6ab0000)
 concurrent mark-sweep generation total 393216K, used 155459K [0x00000007a8000000, 0x00000007c0000000, 0x00000007c0000000)
 Metaspace       used 43674K, capacity 44920K, committed 45100K, reserved 1089536K
  class space    used 5354K, capacity 5667K, committed 5676K, reserved 1048576K
}
2019-01-30T12:58:44.899+0600: 4922.469: Total time for which application threads were stopped: 0.0163284 seconds, Stopping threads took: 0.0000441 seconds
{Heap before GC invocations=19703 (full 20):
 par new generation   total 109248K, used 109248K [0x00000007a0000000, 0x00000007a8000000, 0x00000007a8000000)
  eden space 87424K, 100% used [0x00000007a0000000, 0x00000007a5560000, 0x00000007a5560000)
  from space 21824K, 100% used [0x00000007a6ab0000, 0x00000007a8000000, 0x00000007a8000000)
  to   space 21824K,   0% used [0x00000007a5560000, 0x00000007a5560000, 0x00000007a6ab0000)
 concurrent mark-sweep generation total 393216K, used 155459K [0x00000007a8000000, 0x00000007c0000000, 0x00000007c0000000)
 Metaspace       used 43674K, capacity 44920K, committed 45100K, reserved 1089536K
  class space    used 5354K, capacity 5667K, committed 5676K, reserved 1048576K
2019-01-30T12:58:45.139+0600: 4922.709: [GC (Allocation Failure) 2019-01-30T12:58:45.139+0600: 4922.709: [ParNew
Desired survivor size 20112992 bytes, new threshold 8 (max 8)
- age   1:   12743936 bytes,   12743936 total
- age   2:        976 bytes,   12744912 total
: 109248K->18200K(109248K), 0.0132372 secs] 264707K->173659K(502464K), 0.0133264 secs] [Times: user=0.05 sys=0.01, real=0.02 secs] 
Heap after GC invocations=19704 (full 20):
 par new generation   total 109248K, used 18200K [0x00000007a0000000, 0x00000007a8000000, 0x00000007a8000000)
  eden space 87424K,   0% used [0x00000007a0000000, 0x00000007a0000000, 0x00000007a5560000)
  from space 21824K,  83% used [0x00000007a5560000, 0x00000007a6726140, 0x00000007a6ab0000)
  to   space 21824K,   0% used [0x00000007a6ab0000, 0x00000007a6ab0000, 0x00000007a8000000)
 concurrent mark-sweep generation total 393216K, used 155459K [0x00000007a8000000, 0x00000007c0000000, 0x00000007c0000000)
 Metaspace       used 43674K, capacity 44920K, committed 45100K, reserved 1089536K
  class space    used 5354K, capacity 5667K, committed 5676K, reserved 1048576K
}
2019-01-30T12:58:45.153+0600: 4922.723: Total time for which application threads were stopped: 0.0135505 seconds, Stopping threads took: 0.0000232 seconds
{Heap before GC invocations=19704 (full 20):
 par new generation   total 109248K, used 105624K [0x00000007a0000000, 0x00000007a8000000, 0x00000007a8000000)
  eden space 87424K, 100% used [0x00000007a0000000, 0x00000007a5560000, 0x00000007a5560000)
  from space 21824K,  83% used [0x00000007a5560000, 0x00000007a6726140, 0x00000007a6ab0000)
  to   space 21824K,   0% used [0x00000007a6ab0000, 0x00000007a6ab0000, 0x00000007a8000000)
 concurrent mark-sweep generation total 393216K, used 155459K [0x00000007a8000000, 0x00000007c0000000, 0x00000007c0000000)
 Metaspace       used 43674K, capacity 44920K, committed 45100K, reserved 1089536K
  class space    used 5354K, capacity 5667K, committed 5676K, reserved 1048576K
2019-01-30T12:58:45.362+0600: 4922.932: [GC (Allocation Failure) 2019-01-30T12:58:45.362+0600: 4922.932: [ParNew
Desired survivor size 20112992 bytes, new threshold 8 (max 8)
- age   1:    9407904 bytes,    9407904 total
- age   2:       1008 bytes,    9408912 total
- age   3:        976 bytes,    9409888 total
: 105624K->12149K(109248K), 0.0125069 secs] 261083K->167608K(502464K), 0.0125923 secs] [Times: user=0.03 sys=0.01, real=0.01 secs] 
Heap after GC invocations=19705 (full 20):
 par new generation   total 109248K, used 12149K [0x00000007a0000000, 0x00000007a8000000, 0x00000007a8000000)
  eden space 87424K,   0% used [0x00000007a0000000, 0x00000007a0000000, 0x00000007a5560000)
  from space 21824K,  55% used [0x00000007a6ab0000, 0x00000007a768d4a0, 0x00000007a8000000)
  to   space 21824K,   0% used [0x00000007a5560000, 0x00000007a5560000, 0x00000007a6ab0000)
 concurrent mark-sweep generation total 393216K, used 155459K [0x00000007a8000000, 0x00000007c0000000, 0x00000007c0000000)
 Metaspace       used 43674K, capacity 44920K, committed 45100K, reserved 1089536K
  class space    used 5354K, capacity 5667K, committed 5676K, reserved 1048576K
}
2019-01-30T12:58:45.375+0600: 4922.945: Total time for which application threads were stopped: 0.0128186 seconds, Stopping threads took: 0.0000246 seconds
{Heap before GC invocations=19705 (full 20):
 par new generation   total 109248K, used 99573K [0x00000007a0000000, 0x00000007a8000000, 0x00000007a8000000)
  eden space 87424K, 100% used [0x00000007a0000000, 0x00000007a5560000, 0x00000007a5560000)
  from space 21824K,  55% used [0x00000007a6ab0000, 0x00000007a768d4a0, 0x00000007a8000000)
  to   space 21824K,   0% used [0x00000007a5560000, 0x00000007a5560000, 0x00000007a6ab0000)
 concurrent mark-sweep generation total 393216K, used 155459K [0x00000007a8000000, 0x00000007c0000000, 0x00000007c0000000)
 Metaspace       used 43674K, capacity 44920K, committed 45100K, reserved 1089536K
  class space    used 5354K, capacity 5667K, committed 5676K, reserved 1048576K
2019-01-30T12:58:45.580+0600: 4923.150: [GC (Allocation Failure) 2019-01-30T12:58:45.580+0600: 4923.150: [ParNew
Desired survivor size 20112992 bytes, new threshold 8 (max 8)
- age   1:    5867144 bytes,    5867144 total
- age   2:       1288 bytes,    5868432 total
- age   3:       1008 bytes,    5869440 total
- age   4:        976 bytes,    5870416 total
: 99573K->7772K(109248K), 0.0083844 secs] 255032K->163231K(502464K), 0.0085037 secs] [Times: user=0.03 sys=0.00, real=0.00 secs] 
Heap after GC invocations=19706 (full 20):
 par new generation   total 109248K, used 7772K [0x00000007a0000000, 0x00000007a8000000, 0x00000007a8000000)
  eden space 87424K,   0% used [0x00000007a0000000, 0x00000007a0000000, 0x00000007a5560000)
  from space 21824K,  35% used [0x00000007a5560000, 0x00000007a5cf7190, 0x00000007a6ab0000)
  to   space 21824K,   0% used [0x00000007a6ab0000, 0x00000007a6ab0000, 0x00000007a8000000)
 concurrent mark-sweep generation total 393216K, used 155459K [0x00000007a8000000, 0x00000007c0000000, 0x00000007c0000000)
 Metaspace       used 43674K, capacity 44920K, committed 45100K, reserved 1089536K
  class space    used 5354K, capacity 5667K, committed 5676K, reserved 1048576K
}
2019-01-30T12:58:45.588+0600: 4923.158: Total time for which application threads were stopped: 0.0088778 seconds, Stopping threads took: 0.0000756 seconds
{Heap before GC invocations=19706 (full 20):
 par new generation   total 109248K, used 95196K [0x00000007a0000000, 0x00000007a8000000, 0x00000007a8000000)
  eden space 87424K, 100% used [0x00000007a0000000, 0x00000007a5560000, 0x00000007a5560000)
  from space 21824K,  35% used [0x00000007a5560000, 0x00000007a5cf7190, 0x00000007a6ab0000)
  to   space 21824K,   0% used [0x00000007a6ab0000, 0x00000007a6ab0000, 0x00000007a8000000)
 concurrent mark-sweep generation total 393216K, used 155459K [0x00000007a8000000, 0x00000007c0000000, 0x00000007c0000000)
 Metaspace       used 43674K, capacity 44920K, committed 45100K, reserved 1089536K
  class space    used 5354K, capacity 5667K, committed 5676K, reserved 1048576K
2019-01-30T12:58:45.790+0600: 4923.360: [GC (Allocation Failure) 2019-01-30T12:58:45.790+0600: 4923.360: [ParNew
Desired survivor size 20112992 bytes, new threshold 8 (max 8)
- age   1:    5862824 bytes,    5862824 total
- age   2:       1184 bytes,    5864008 total
- age   3:       1288 bytes,    5865296 total
- age   4:       1008 bytes,    5866304 total
- age   5:        976 bytes,    5867280 total
: 95196K->7914K(109248K), 0.0086157 secs] 250655K->163373K(502464K), 0.0087119 secs] [Times: user=0.03 sys=0.00, real=0.00 secs] 
Heap after GC invocations=19707 (full 20):
 par new generation   total 109248K, used 7914K [0x00000007a0000000, 0x00000007a8000000, 0x00000007a8000000)
  eden space 87424K,   0% used [0x00000007a0000000, 0x00000007a0000000, 0x00000007a5560000)
  from space 21824K,  36% used [0x00000007a6ab0000, 0x00000007a726a9d0, 0x00000007a8000000)
  to   space 21824K,   0% used [0x00000007a5560000, 0x00000007a5560000, 0x00000007a6ab0000)
 concurrent mark-sweep generation total 393216K, used 155459K [0x00000007a8000000, 0x00000007c0000000, 0x00000007c0000000)
 Metaspace       used 43674K, capacity 44920K, committed 45100K, reserved 1089536K
  class space    used 5354K, capacity 5667K, committed 5676K, reserved 1048576K
}
2019-01-30T12:58:45.798+0600: 4923.368: Total time for which application threads were stopped: 0.0089426 seconds, Stopping threads took: 0.0000206 seconds
{Heap before GC invocations=19707 (full 20):
 par new generation   total 109248K, used 95338K [0x00000007a0000000, 0x00000007a8000000, 0x00000007a8000000)
  eden space 87424K, 100% used [0x00000007a0000000, 0x00000007a5560000, 0x00000007a5560000)
  from space 21824K,  36% used [0x00000007a6ab0000, 0x00000007a726a9d0, 0x00000007a8000000)
  to   space 21824K,   0% used [0x00000007a5560000, 0x00000007a5560000, 0x00000007a6ab0000)
 concurrent mark-sweep generation total 393216K, used 155459K [0x00000007a8000000, 0x00000007c0000000, 0x00000007c0000000)
 Metaspace       used 43674K, capacity 44920K, committed 45100K, reserved 1089536K
  class space    used 5354K, capacity 5667K, committed 5676K, reserved 1048576K
2019-01-30T12:58:45.995+0600: 4923.565: [GC (Allocation Failure) 2019-01-30T12:58:45.995+0600: 4923.565: [ParNew
Desired survivor size 20112992 bytes, new threshold 8 (max 8)
- age   1:   19019928 bytes,   19019928 total
- age   2:       1304 bytes,   19021232 total
- age   3:       1184 bytes,   19022416 total
- age   4:       1288 bytes,   19023704 total
- age   5:       1008 bytes,   19024712 total
- age   6:        976 bytes,   19025688 total
: 95338K->19851K(109248K), 0.0177529 secs] 250797K->175311K(502464K), 0.0178559 secs] [Times: user=0.06 sys=0.00, real=0.02 secs] 
Heap after GC invocations=19708 (full 20):
 par new generation   total 109248K, used 19851K [0x00000007a0000000, 0x00000007a8000000, 0x00000007a8000000)
  eden space 87424K,   0% used [0x00000007a0000000, 0x00000007a0000000, 0x00000007a5560000)
  from space 21824K,  90% used [0x00000007a5560000, 0x00000007a68c2f80, 0x00000007a6ab0000)
  to   space 21824K,   0% used [0x00000007a6ab0000, 0x00000007a6ab0000, 0x00000007a8000000)
 concurrent mark-sweep generation total 393216K, used 155459K [0x00000007a8000000, 0x00000007c0000000, 0x00000007c0000000)
 Metaspace       used 43674K, capacity 44920K, committed 45100K, reserved 1089536K
  class space    used 5354K, capacity 5667K, committed 5676K, reserved 1048576K
}
2019-01-30T12:58:46.012+0600: 4923.582: Total time for which application threads were stopped: 0.0180996 seconds, Stopping threads took: 0.0000229 seconds
{Heap before GC invocations=19708 (full 20):
 par new generation   total 109248K, used 106755K [0x00000007a0000000, 0x00000007a8000000, 0x00000007a8000000)
  eden space 87424K,  99% used [0x00000007a0000000, 0x00000007a54ddf28, 0x00000007a5560000)
  from space 21824K,  90% used [0x00000007a5560000, 0x00000007a68c2f80, 0x00000007a6ab0000)
  to   space 21824K,   0% used [0x00000007a6ab0000, 0x00000007a6ab0000, 0x00000007a8000000)
 concurrent mark-sweep generation total 393216K, used 155459K [0x00000007a8000000, 0x00000007c0000000, 0x00000007c0000000)
 Metaspace       used 43674K, capacity 44920K, committed 45100K, reserved 1089536K
  class space    used 5354K, capacity 5667K, committed 5676K, reserved 1048576K
2019-01-30T12:58:46.209+0600: 4923.778: [GC (Allocation Failure) 2019-01-30T12:58:46.209+0600: 4923.779: [ParNew
Desired survivor size 20112992 bytes, new threshold 8 (max 8)
- age   1:   14616768 bytes,   14616768 total
- age   2:        992 bytes,   14617760 total
- age   3:       1304 bytes,   14619064 total
- age   4:       1184 bytes,   14620248 total
- age   5:       1288 bytes,   14621536 total
- age   6:       1008 bytes,   14622544 total
- age   7:        976 bytes,   14623520 total
: 106755K->21824K(109248K), 0.0143953 secs] 262214K->177283K(502464K), 0.0145023 secs] [Times: user=0.05 sys=0.00, real=0.02 secs] 
Heap after GC invocations=19709 (full 20):
 par new generation   total 109248K, used 21824K [0x00000007a0000000, 0x00000007a8000000, 0x00000007a8000000)
  eden space 87424K,   0% used [0x00000007a0000000, 0x00000007a0000000, 0x00000007a5560000)
  from space 21824K, 100% used [0x00000007a6ab0000, 0x00000007a8000000, 0x00000007a8000000)
  to   space 21824K,   0% used [0x00000007a5560000, 0x00000007a5560000, 0x00000007a6ab0000)
 concurrent mark-sweep generation total 393216K, used 155459K [0x00000007a8000000, 0x00000007c0000000, 0x00000007c0000000)
 Metaspace       used 43674K, capacity 44920K, committed 45100K, reserved 1089536K
  class space    used 5354K, capacity 5667K, committed 5676K, reserved 1048576K
}
2019-01-30T12:58:46.223+0600: 4923.793: Total time for which application threads were stopped: 0.0147412 seconds, Stopping threads took: 0.0000246 seconds
{Heap before GC invocations=19709 (full 20):
 par new generation   total 109248K, used 109248K [0x00000007a0000000, 0x00000007a8000000, 0x00000007a8000000)
  eden space 87424K, 100% used [0x00000007a0000000, 0x00000007a5560000, 0x00000007a5560000)
  from space 21824K, 100% used [0x00000007a6ab0000, 0x00000007a8000000, 0x00000007a8000000)
  to   space 21824K,   0% used [0x00000007a5560000, 0x00000007a5560000, 0x00000007a6ab0000)
 concurrent mark-sweep generation total 393216K, used 155459K [0x00000007a8000000, 0x00000007c0000000, 0x00000007c0000000)
 Metaspace       used 43674K, capacity 44920K, committed 45100K, reserved 1089536K
  class space    used 5354K, capacity 5667K, committed 5676K, reserved 1048576K
2019-01-30T12:58:46.419+0600: 4923.989: [GC (Allocation Failure) 2019-01-30T12:58:46.419+0600: 4923.989: [ParNew
Desired survivor size 20112992 bytes, new threshold 8 (max 8)
- age   1:   11061496 bytes,   11061496 total
- age   2:       1096 bytes,   11062592 total
- age   3:        992 bytes,   11063584 total
- age   4:       1304 bytes,   11064888 total
- age   5:       1184 bytes,   11066072 total
- age   6:       1288 bytes,   11067360 total
- age   7:       1008 bytes,   11068368 total
- age   8:        976 bytes,   11069344 total
: 109248K->12900K(109248K), 0.0120411 secs] 264707K->168359K(502464K), 0.0121395 secs] [Times: user=0.04 sys=0.00, real=0.02 secs] 
Heap after GC invocations=19710 (full 20):
 par new generation   total 109248K, used 12900K [0x00000007a0000000, 0x00000007a8000000, 0x00000007a8000000)
  eden space 87424K,   0% used [0x00000007a0000000, 0x00000007a0000000, 0x00000007a5560000)
  from space 21824K,  59% used [0x00000007a5560000, 0x00000007a61f9040, 0x00000007a6ab0000)
  to   space 21824K,   0% used [0x00000007a6ab0000, 0x00000007a6ab0000, 0x00000007a8000000)
 concurrent mark-sweep generation total 393216K, used 155459K [0x00000007a8000000, 0x00000007c0000000, 0x00000007c0000000)
 Metaspace       used 43674K, capacity 44920K, committed 45100K, reserved 1089536K
  class space    used 5354K, capacity 5667K, committed 5676K, reserved 1048576K
}
2019-01-30T12:58:46.431+0600: 4924.001: Total time for which application threads were stopped: 0.0123734 seconds, Stopping threads took: 0.0000244 seconds
{Heap before GC invocations=19710 (full 20):
 par new generation   total 109248K, used 100324K [0x00000007a0000000, 0x00000007a8000000, 0x00000007a8000000)
  eden space 87424K, 100% used [0x00000007a0000000, 0x00000007a5560000, 0x00000007a5560000)
  from space 21824K,  59% used [0x00000007a5560000, 0x00000007a61f9040, 0x00000007a6ab0000)
  to   space 21824K,   0% used [0x00000007a6ab0000, 0x00000007a6ab0000, 0x00000007a8000000)
 concurrent mark-sweep generation total 393216K, used 155459K [0x00000007a8000000, 0x00000007c0000000, 0x00000007c0000000)
 Metaspace       used 43676K, capacity 44920K, committed 45100K, reserved 1089536K
  class space    used 5354K, capacity 5667K, committed 5676K, reserved 1048576K
2019-01-30T12:58:46.632+0600: 4924.202: [GC (Allocation Failure) 2019-01-30T12:58:46.632+0600: 4924.202: [ParNew
Desired survivor size 20112992 bytes, new threshold 8 (max 8)
- age   1:    7576664 bytes,    7576664 total
- age   2:       1136 bytes,    7577800 total
- age   3:       1096 bytes,    7578896 total
- age   4:        992 bytes,    7579888 total
- age   5:       1304 bytes,    7581192 total
- age   6:       1184 bytes,    7582376 total
- age   7:       1288 bytes,    7583664 total
- age   8:       1008 bytes,    7584672 total
: 100324K->12149K(109248K), 0.0098109 secs] 255783K->167610K(502464K), 0.0099256 secs] [Times: user=0.04 sys=0.00, real=0.01 secs] 
Heap after GC invocations=19711 (full 20):
 par new generation   total 109248K, used 12149K [0x00000007a0000000, 0x00000007a8000000, 0x00000007a8000000)
  eden space 87424K,   0% used [0x00000007a0000000, 0x00000007a0000000, 0x00000007a5560000)
  from space 21824K,  55% used [0x00000007a6ab0000, 0x00000007a768d7d8, 0x00000007a8000000)
  to   space 21824K,   0% used [0x00000007a5560000, 0x00000007a5560000, 0x00000007a6ab0000)
 concurrent mark-sweep generation total 393216K, used 155460K [0x00000007a8000000, 0x00000007c0000000, 0x00000007c0000000)
 Metaspace       used 43676K, capacity 44920K, committed 45100K, reserved 1089536K
  class space    used 5354K, capacity 5667K, committed 5676K, reserved 1048576K
}
2019-01-30T12:58:46.642+0600: 4924.212: Total time for which application threads were stopped: 0.0101839 seconds, Stopping threads took: 0.0000282 seconds
{Heap before GC invocations=19711 (full 20):
 par new generation   total 109248K, used 99573K [0x00000007a0000000, 0x00000007a8000000, 0x00000007a8000000)
  eden space 87424K, 100% used [0x00000007a0000000, 0x00000007a5560000, 0x00000007a5560000)
  from space 21824K,  55% used [0x00000007a6ab0000, 0x00000007a768d7d8, 0x00000007a8000000)
  to   space 21824K,   0% used [0x00000007a5560000, 0x00000007a5560000, 0x00000007a6ab0000)
 concurrent mark-sweep generation total 393216K, used 155460K [0x00000007a8000000, 0x00000007c0000000, 0x00000007c0000000)
 Metaspace       used 43676K, capacity 44920K, committed 45100K, reserved 1089536K
  class space    used 5354K, capacity 5667K, committed 5676K, reserved 1048576K
2019-01-30T12:58:46.840+0600: 4924.410: [GC (Allocation Failure) 2019-01-30T12:58:46.840+0600: 4924.410: [ParNew
Desired survivor size 20112992 bytes, new threshold 8 (max 8)
- age   1:    5887688 bytes,    5887688 total
- age   2:       1704 bytes,    5889392 total
- age   3:       1136 bytes,    5890528 total
- age   4:       1096 bytes,    5891624 total
- age   5:        992 bytes,    5892616 total
- age   6:       1304 bytes,    5893920 total
- age   7:       1184 bytes,    5895104 total
- age   8:       1288 bytes,    5896392 total
: 99573K->8517K(109248K), 0.0084579 secs] 255034K->163978K(502464K), 0.0085553 secs] [Times: user=0.03 sys=0.00, real=0.00 secs] 
Heap after GC invocations=19712 (full 20):
 par new generation   total 109248K, used 8517K [0x00000007a0000000, 0x00000007a8000000, 0x00000007a8000000)
  eden space 87424K,   0% used [0x00000007a0000000, 0x00000007a0000000, 0x00000007a5560000)
  from space 21824K,  39% used [0x00000007a5560000, 0x00000007a5db1418, 0x00000007a6ab0000)
  to   space 21824K,   0% used [0x00000007a6ab0000, 0x00000007a6ab0000, 0x00000007a8000000)
 concurrent mark-sweep generation total 393216K, used 155461K [0x00000007a8000000, 0x00000007c0000000, 0x00000007c0000000)
 Metaspace       used 43676K, capacity 44920K, committed 45100K, reserved 1089536K
  class space    used 5354K, capacity 5667K, committed 5676K, reserved 1048576K
}
2019-01-30T12:58:46.849+0600: 4924.419: Total time for which application threads were stopped: 0.0087991 seconds, Stopping threads took: 0.0000272 seconds
{Heap before GC invocations=19712 (full 20):
 par new generation   total 109248K, used 95941K [0x00000007a0000000, 0x00000007a8000000, 0x00000007a8000000)
  eden space 87424K, 100% used [0x00000007a0000000, 0x00000007a5560000, 0x00000007a5560000)
  from space 21824K,  39% used [0x00000007a5560000, 0x00000007a5db1418, 0x00000007a6ab0000)
  to   space 21824K,   0% used [0x00000007a6ab0000, 0x00000007a6ab0000, 0x00000007a8000000)
 concurrent mark-sweep generation total 393216K, used 155461K [0x00000007a8000000, 0x00000007c0000000, 0x00000007c0000000)
 Metaspace       used 43676K, capacity 44920K, committed 45100K, reserved 1089536K
  class space    used 5354K, capacity 5667K, committed 5676K, reserved 1048576K
2019-01-30T12:58:47.049+0600: 4924.618: [GC (Allocation Failure) 2019-01-30T12:58:47.049+0600: 4924.619: [ParNew
Desired survivor size 20112992 bytes, new threshold 1 (max 8)
- age   1:   21010688 bytes,   21010688 total
- age   2:       1072 bytes,   21011760 total
- age   3:       1704 bytes,   21013464 total
- age   4:       1136 bytes,   21014600 total
- age   5:       1096 bytes,   21015696 total
- age   6:        992 bytes,   21016688 total
- age   7:       1304 bytes,   21017992 total
- age   8:       1184 bytes,   21019176 total
: 95941K->21824K(109248K), 0.0188183 secs] 251402K->177286K(502464K), 0.0189302 secs] [Times: user=0.07 sys=0.01, real=0.02 secs] 
Heap after GC invocations=19713 (full 20):
 par new generation   total 109248K, used 21824K [0x00000007a0000000, 0x00000007a8000000, 0x00000007a8000000)
  eden space 87424K,   0% used [0x00000007a0000000, 0x00000007a0000000, 0x00000007a5560000)
  from space 21824K, 100% used [0x00000007a6ab0000, 0x00000007a8000000, 0x00000007a8000000)
  to   space 21824K,   0% used [0x00000007a5560000, 0x00000007a5560000, 0x00000007a6ab0000)
 concurrent mark-sweep generation total 393216K, used 155462K [0x00000007a8000000, 0x00000007c0000000, 0x00000007c0000000)
 Metaspace       used 43676K, capacity 44920K, committed 45100K, reserved 1089536K
  class space    used 5354K, capacity 5667K, committed 5676K, reserved 1048576K
}
2019-01-30T12:58:47.068+0600: 4924.637: Total time for which application threads were stopped: 0.0191919 seconds, Stopping threads took: 0.0000288 seconds
{Heap before GC invocations=19713 (full 20):
 par new generation   total 109248K, used 108446K [0x00000007a0000000, 0x00000007a8000000, 0x00000007a8000000)
  eden space 87424K,  99% used [0x00000007a0000000, 0x00000007a5497af8, 0x00000007a5560000)
  from space 21824K, 100% used [0x00000007a6ab0000, 0x00000007a8000000, 0x00000007a8000000)
  to   space 21824K,   0% used [0x00000007a5560000, 0x00000007a5560000, 0x00000007a6ab0000)
 concurrent mark-sweep generation total 393216K, used 155462K [0x00000007a8000000, 0x00000007c0000000, 0x00000007c0000000)
 Metaspace       used 43676K, capacity 44920K, committed 45100K, reserved 1089536K
  class space    used 5354K, capacity 5667K, committed 5676K, reserved 1048576K
2019-01-30T12:58:47.273+0600: 4924.843: [GC (Allocation Failure) 2019-01-30T12:58:47.273+0600: 4924.843: [ParNew
Desired survivor size 20112992 bytes, new threshold 8 (max 8)
- age   1:   16023560 bytes,   16023560 total
: 108446K->21824K(109248K), 0.0153808 secs] 263909K->177303K(502464K), 0.0154890 secs] [Times: user=0.06 sys=0.00, real=0.01 secs] 
Heap after GC invocations=19714 (full 20):
 par new generation   total 109248K, used 21824K [0x00000007a0000000, 0x00000007a8000000, 0x00000007a8000000)
  eden space 87424K,   0% used [0x00000007a0000000, 0x00000007a0000000, 0x00000007a5560000)
  from space 21824K, 100% used [0x00000007a5560000, 0x00000007a6ab0000, 0x00000007a6ab0000)
  to   space 21824K,   0% used [0x00000007a6ab0000, 0x00000007a6ab0000, 0x00000007a8000000)
 concurrent mark-sweep generation total 393216K, used 155479K [0x00000007a8000000, 0x00000007c0000000, 0x00000007c0000000)
 Metaspace       used 43676K, capacity 44920K, committed 45100K, reserved 1089536K
  class space    used 5354K, capacity 5667K, committed 5676K, reserved 1048576K
}
2019-01-30T12:58:47.289+0600: 4924.859: Total time for which application threads were stopped: 0.0157255 seconds, Stopping threads took: 0.0000235 seconds
{Heap before GC invocations=19714 (full 20):
 par new generation   total 109248K, used 109248K [0x00000007a0000000, 0x00000007a8000000, 0x00000007a8000000)
  eden space 87424K, 100% used [0x00000007a0000000, 0x00000007a5560000, 0x00000007a5560000)
  from space 21824K, 100% used [0x00000007a5560000, 0x00000007a6ab0000, 0x00000007a6ab0000)
  to   space 21824K,   0% used [0x00000007a6ab0000, 0x00000007a6ab0000, 0x00000007a8000000)
 concurrent mark-sweep generation total 393216K, used 155479K [0x00000007a8000000, 0x00000007c0000000, 0x00000007c0000000)
 Metaspace       used 43676K, capacity 44920K, committed 45100K, reserved 1089536K
  class space    used 5354K, capacity 5667K, committed 5676K, reserved 1048576K
2019-01-30T12:58:47.483+0600: 4925.053: [GC (Allocation Failure) 2019-01-30T12:58:47.483+0600: 4925.053: [ParNew
Desired survivor size 20112992 bytes, new threshold 8 (max 8)
- age   1:   12739744 bytes,   12739744 total
- age   2:       1376 bytes,   12741120 total
: 109248K->18179K(109248K), 0.0136427 secs] 264727K->173658K(502464K), 0.0137492 secs] [Times: user=0.05 sys=0.00, real=0.01 secs] 
Heap after GC invocations=19715 (full 20):
 par new generation   total 109248K, used 18179K [0x00000007a0000000, 0x00000007a8000000, 0x00000007a8000000)
  eden space 87424K,   0% used [0x00000007a0000000, 0x00000007a0000000, 0x00000007a5560000)
  from space 21824K,  83% used [0x00000007a6ab0000, 0x00000007a7c70cc0, 0x00000007a8000000)
  to   space 21824K,   0% used [0x00000007a5560000, 0x00000007a5560000, 0x00000007a6ab0000)
 concurrent mark-sweep generation total 393216K, used 155479K [0x00000007a8000000, 0x00000007c0000000, 0x00000007c0000000)
 Metaspace       used 43676K, capacity 44920K, committed 45100K, reserved 1089536K
  class space    used 5354K, capacity 5667K, committed 5676K, reserved 1048576K
}
2019-01-30T12:58:47.496+0600: 4925.066: Total time for which application threads were stopped: 0.0140034 seconds, Stopping threads took: 0.0000266 seconds
{Heap before GC invocations=19715 (full 20):
 par new generation   total 109248K, used 105603K [0x00000007a0000000, 0x00000007a8000000, 0x00000007a8000000)
  eden space 87424K, 100% used [0x00000007a0000000, 0x00000007a5560000, 0x00000007a5560000)
  from space 21824K,  83% used [0x00000007a6ab0000, 0x00000007a7c70cc0, 0x00000007a8000000)
  to   space 21824K,   0% used [0x00000007a5560000, 0x00000007a5560000, 0x00000007a6ab0000)
 concurrent mark-sweep generation total 393216K, used 155479K [0x00000007a8000000, 0x00000007c0000000, 0x00000007c0000000)
 Metaspace       used 43676K, capacity 44920K, committed 45100K, reserved 1089536K
  class space    used 5354K, capacity 5667K, committed 5676K, reserved 1048576K
2019-01-30T12:58:47.695+0600: 4925.265: [GC (Allocation Failure) 2019-01-30T12:58:47.695+0600: 4925.265: [ParNew
Desired survivor size 20112992 bytes, new threshold 8 (max 8)
- age   1:    9465616 bytes,    9465616 total
- age   2:       1000 bytes,    9466616 total
- age   3:       1376 bytes,    9467992 total
: 105603K->13876K(109248K), 0.0109458 secs] 261082K->169356K(502464K), 0.0110493 secs] [Times: user=0.04 sys=0.00, real=0.01 secs] 
Heap after GC invocations=19716 (full 20):
 par new generation   total 109248K, used 13876K [0x00000007a0000000, 0x00000007a8000000, 0x00000007a8000000)
  eden space 87424K,   0% used [0x00000007a0000000, 0x00000007a0000000, 0x00000007a5560000)
  from space 21824K,  63% used [0x00000007a5560000, 0x00000007a62ed2c0, 0x00000007a6ab0000)
  to   space 21824K,   0% used [0x00000007a6ab0000, 0x00000007a6ab0000, 0x00000007a8000000)
 concurrent mark-sweep generation total 393216K, used 155479K [0x00000007a8000000, 0x00000007c0000000, 0x00000007c0000000)
 Metaspace       used 43676K, capacity 44920K, committed 45100K, reserved 1089536K
  class space    used 5354K, capacity 5667K, committed 5676K, reserved 1048576K
}
2019-01-30T12:58:47.706+0600: 4925.276: Total time for which application threads were stopped: 0.0112832 seconds, Stopping threads took: 0.0000234 seconds
{Heap before GC invocations=19716 (full 20):
 par new generation   total 109248K, used 101300K [0x00000007a0000000, 0x00000007a8000000, 0x00000007a8000000)
  eden space 87424K, 100% used [0x00000007a0000000, 0x00000007a5560000, 0x00000007a5560000)
  from space 21824K,  63% used [0x00000007a5560000, 0x00000007a62ed2c0, 0x00000007a6ab0000)
  to   space 21824K,   0% used [0x00000007a6ab0000, 0x00000007a6ab0000, 0x00000007a8000000)
 concurrent mark-sweep generation total 393216K, used 155479K [0x00000007a8000000, 0x00000007c0000000, 0x00000007c0000000)
 Metaspace       used 43676K, capacity 44920K, committed 45100K, reserved 1089536K
  class space    used 5354K, capacity 5667K, committed 5676K, reserved 1048576K
2019-01-30T12:58:47.903+0600: 4925.472: [GC (Allocation Failure) 2019-01-30T12:58:47.903+0600: 4925.472: [ParNew
Desired survivor size 20112992 bytes, new threshold 8 (max 8)
- age   1:    5920000 bytes,    5920000 total
- age   2:       1200 bytes,    5921200 total
- age   3:       1000 bytes,    5922200 total
- age   4:       1376 bytes,    5923576 total
: 101300K->9116K(109248K), 0.0083445 secs] 256780K->164595K(502464K), 0.0084370 secs] [Times: user=0.03 sys=0.00, real=0.01 secs] 
Heap after GC invocations=19717 (full 20):
 par new generation   total 109248K, used 9116K [0x00000007a0000000, 0x00000007a8000000, 0x00000007a8000000)
  eden space 87424K,   0% used [0x00000007a0000000, 0x00000007a0000000, 0x00000007a5560000)
  from space 21824K,  41% used [0x00000007a6ab0000, 0x00000007a73970d0, 0x00000007a8000000)
  to   space 21824K,   0% used [0x00000007a5560000, 0x00000007a5560000, 0x00000007a6ab0000)
 concurrent mark-sweep generation total 393216K, used 155479K [0x00000007a8000000, 0x00000007c0000000, 0x00000007c0000000)
 Metaspace       used 43676K, capacity 44920K, committed 45100K, reserved 1089536K
  class space    used 5354K, capacity 5667K, committed 5676K, reserved 1048576K
}
2019-01-30T12:58:47.911+0600: 4925.481: Total time for which application threads were stopped: 0.0086669 seconds, Stopping threads took: 0.0000221 seconds
{Heap before GC invocations=19717 (full 20):
 par new generation   total 109248K, used 96540K [0x00000007a0000000, 0x00000007a8000000, 0x00000007a8000000)
  eden space 87424K, 100% used [0x00000007a0000000, 0x00000007a5560000, 0x00000007a5560000)
  from space 21824K,  41% used [0x00000007a6ab0000, 0x00000007a73970d0, 0x00000007a8000000)
  to   space 21824K,   0% used [0x00000007a5560000, 0x00000007a5560000, 0x00000007a6ab0000)
 concurrent mark-sweep generation total 393216K, used 155479K [0x00000007a8000000, 0x00000007c0000000, 0x00000007c0000000)
 Metaspace       used 43676K, capacity 44920K, committed 45100K, reserved 1089536K
  class space    used 5354K, capacity 5667K, committed 5676K, reserved 1048576K
2019-01-30T12:58:48.175+0600: 4925.745: [GC (Allocation Failure) 2019-01-30T12:58:48.175+0600: 4925.745: [ParNew
Desired survivor size 20112992 bytes, new threshold 8 (max 8)
- age   1:    5871224 bytes,    5871224 total
- age   2:       1136 bytes,    5872360 total
- age   3:       1200 bytes,    5873560 total
- age   4:       1000 bytes,    5874560 total
- age   5:       1376 bytes,    5875936 total
: 96540K->6528K(109248K), 0.0082053 secs] 252019K->162007K(502464K), 0.0083488 secs] [Times: user=0.03 sys=0.00, real=0.01 secs] 
Heap after GC invocations=19718 (full 20):
 par new generation   total 109248K, used 6528K [0x00000007a0000000, 0x00000007a8000000, 0x00000007a8000000)
  eden space 87424K,   0% used [0x00000007a0000000, 0x00000007a0000000, 0x00000007a5560000)
  from space 21824K,  29% used [0x00000007a5560000, 0x00000007a5bc00f0, 0x00000007a6ab0000)
  to   space 21824K,   0% used [0x00000007a6ab0000, 0x00000007a6ab0000, 0x00000007a8000000)
 concurrent mark-sweep generation total 393216K, used 155479K [0x00000007a8000000, 0x00000007c0000000, 0x00000007c0000000)
 Metaspace       used 43676K, capacity 44920K, committed 45100K, reserved 1089536K
  class space    used 5354K, capacity 5667K, committed 5676K, reserved 1048576K
}
2019-01-30T12:58:48.183+0600: 4925.753: Total time for which application threads were stopped: 0.0086203 seconds, Stopping threads took: 0.0000233 seconds
{Heap before GC invocations=19718 (full 20):
 par new generation   total 109248K, used 93952K [0x00000007a0000000, 0x00000007a8000000, 0x00000007a8000000)
  eden space 87424K, 100% used [0x00000007a0000000, 0x00000007a5560000, 0x00000007a5560000)
  from space 21824K,  29% used [0x00000007a5560000, 0x00000007a5bc00f0, 0x00000007a6ab0000)
  to   space 21824K,   0% used [0x00000007a6ab0000, 0x00000007a6ab0000, 0x00000007a8000000)
 concurrent mark-sweep generation total 393216K, used 155479K [0x00000007a8000000, 0x00000007c0000000, 0x00000007c0000000)
 Metaspace       used 43676K, capacity 44920K, committed 45100K, reserved 1089536K
  class space    used 5354K, capacity 5667K, committed 5676K, reserved 1048576K
2019-01-30T12:58:48.402+0600: 4925.972: [GC (Allocation Failure) 2019-01-30T12:58:48.402+0600: 4925.972: [ParNew
Desired survivor size 20112992 bytes, new threshold 8 (max 8)
- age   1:   19042784 bytes,   19042784 total
- age   2:       1136 bytes,   19043920 total
- age   3:       1136 bytes,   19045056 total
- age   4:       1200 bytes,   19046256 total
- age   5:       1000 bytes,   19047256 total
- age   6:       1376 bytes,   19048632 total
: 93952K->20440K(109248K), 0.0170429 secs] 249431K->175920K(502464K), 0.0171438 secs] [Times: user=0.06 sys=0.00, real=0.01 secs] 
Heap after GC invocations=19719 (full 20):
 par new generation   total 109248K, used 20440K [0x00000007a0000000, 0x00000007a8000000, 0x00000007a8000000)
  eden space 87424K,   0% used [0x00000007a0000000, 0x00000007a0000000, 0x00000007a5560000)
  from space 21824K,  93% used [0x00000007a6ab0000, 0x00000007a7ea61c0, 0x00000007a8000000)
  to   space 21824K,   0% used [0x00000007a5560000, 0x00000007a5560000, 0x00000007a6ab0000)
 concurrent mark-sweep generation total 393216K, used 155479K [0x00000007a8000000, 0x00000007c0000000, 0x00000007c0000000)
 Metaspace       used 43676K, capacity 44920K, committed 45100K, reserved 1089536K
  class space    used 5354K, capacity 5667K, committed 5676K, reserved 1048576K
}
2019-01-30T12:58:48.419+0600: 4925.989: Total time for which application threads were stopped: 0.0173880 seconds, Stopping threads took: 0.0000297 seconds
{Heap before GC invocations=19719 (full 20):
 par new generation   total 109248K, used 107864K [0x00000007a0000000, 0x00000007a8000000, 0x00000007a8000000)
  eden space 87424K, 100% used [0x00000007a0000000, 0x00000007a5560000, 0x00000007a5560000)
  from space 21824K,  93% used [0x00000007a6ab0000, 0x00000007a7ea61c0, 0x00000007a8000000)
  to   space 21824K,   0% used [0x00000007a5560000, 0x00000007a5560000, 0x00000007a6ab0000)
 concurrent mark-sweep generation total 393216K, used 155479K [0x00000007a8000000, 0x00000007c0000000, 0x00000007c0000000)
 Metaspace       used 43676K, capacity 44920K, committed 45100K, reserved 1089536K
  class space    used 5354K, capacity 5667K, committed 5676K, reserved 1048576K
2019-01-30T12:58:48.615+0600: 4926.185: [GC (Allocation Failure) 2019-01-30T12:58:48.616+0600: 4926.185: [ParNew
Desired survivor size 20112992 bytes, new threshold 8 (max 8)
- age   1:   14616872 bytes,   14616872 total
- age   2:        960 bytes,   14617832 total
- age   3:       1136 bytes,   14618968 total
- age   4:       1136 bytes,   14620104 total
- age   5:       1200 bytes,   14621304 total
- age   6:       1000 bytes,   14622304 total
- age   7:       1376 bytes,   14623680 total
: 107864K->20826K(109248K), 0.0145754 secs] 263344K->176306K(502464K), 0.0146904 secs] [Times: user=0.05 sys=0.00, real=0.02 secs] 
Heap after GC invocations=19720 (full 20):
 par new generation   total 109248K, used 20826K [0x00000007a0000000, 0x00000007a8000000, 0x00000007a8000000)
  eden space 87424K,   0% used [0x00000007a0000000, 0x00000007a0000000, 0x00000007a5560000)
  from space 21824K,  95% used [0x00000007a5560000, 0x00000007a69b6be0, 0x00000007a6ab0000)
  to   space 21824K,   0% used [0x00000007a6ab0000, 0x00000007a6ab0000, 0x00000007a8000000)
 concurrent mark-sweep generation total 393216K, used 155479K [0x00000007a8000000, 0x00000007c0000000, 0x00000007c0000000)
 Metaspace       used 43676K, capacity 44920K, committed 45100K, reserved 1089536K
  class space    used 5354K, capacity 5667K, committed 5676K, reserved 1048576K
}
2019-01-30T12:58:48.630+0600: 4926.200: Total time for which application threads were stopped: 0.0149448 seconds, Stopping threads took: 0.0000261 seconds
{Heap before GC invocations=19720 (full 20):
 par new generation   total 109248K, used 108250K [0x00000007a0000000, 0x00000007a8000000, 0x00000007a8000000)
  eden space 87424K, 100% used [0x00000007a0000000, 0x00000007a5560000, 0x00000007a5560000)
  from space 21824K,  95% used [0x00000007a5560000, 0x00000007a69b6be0, 0x00000007a6ab0000)
  to   space 21824K,   0% used [0x00000007a6ab0000, 0x00000007a6ab0000, 0x00000007a8000000)
 concurrent mark-sweep generation total 393216K, used 155479K [0x00000007a8000000, 0x00000007c0000000, 0x00000007c0000000)
 Metaspace       used 43676K, capacity 44920K, committed 45100K, reserved 1089536K
  class space    used 5354K, capacity 5667K, committed 5676K, reserved 1048576K
2019-01-30T12:58:48.830+0600: 4926.400: [GC (Allocation Failure) 2019-01-30T12:58:48.830+0600: 4926.400: [ParNew
Desired survivor size 20112992 bytes, new threshold 8 (max 8)
- age   1:   11061664 bytes,   11061664 total
- age   2:       1032 bytes,   11062696 total
- age   3:        960 bytes,   11063656 total
- age   4:       1136 bytes,   11064792 total
- age   5:       1136 bytes,   11065928 total
- age   6:       1200 bytes,   11067128 total
- age   7:       1000 bytes,   11068128 total
- age   8:       1376 bytes,   11069504 total
: 108250K->14578K(109248K), 0.0119420 secs] 263730K->170058K(502464K), 0.0120429 secs] [Times: user=0.05 sys=0.00, real=0.01 secs] 
Heap after GC invocations=19721 (full 20):
 par new generation   total 109248K, used 14578K [0x00000007a0000000, 0x00000007a8000000, 0x00000007a8000000)
  eden space 87424K,   0% used [0x00000007a0000000, 0x00000007a0000000, 0x00000007a5560000)
  from space 21824K,  66% used [0x00000007a6ab0000, 0x00000007a78eca98, 0x00000007a8000000)
  to   space 21824K,   0% used [0x00000007a5560000, 0x00000007a5560000, 0x00000007a6ab0000)
 concurrent mark-sweep generation total 393216K, used 155479K [0x00000007a8000000, 0x00000007c0000000, 0x00000007c0000000)
 Metaspace       used 43676K, capacity 44920K, committed 45100K, reserved 1089536K
  class space    used 5354K, capacity 5667K, committed 5676K, reserved 1048576K
}
2019-01-30T12:58:48.842+0600: 4926.412: Total time for which application threads were stopped: 0.0123019 seconds, Stopping threads took: 0.0000262 seconds
{Heap before GC invocations=19721 (full 20):
 par new generation   total 109248K, used 102002K [0x00000007a0000000, 0x00000007a8000000, 0x00000007a8000000)
  eden space 87424K, 100% used [0x00000007a0000000, 0x00000007a5560000, 0x00000007a5560000)
  from space 21824K,  66% used [0x00000007a6ab0000, 0x00000007a78eca98, 0x00000007a8000000)
  to   space 21824K,   0% used [0x00000007a5560000, 0x00000007a5560000, 0x00000007a6ab0000)
 concurrent mark-sweep generation total 393216K, used 155479K [0x00000007a8000000, 0x00000007c0000000, 0x00000007c0000000)
 Metaspace       used 43676K, capacity 44920K, committed 45100K, reserved 1089536K
  class space    used 5354K, capacity 5667K, committed 5676K, reserved 1048576K
2019-01-30T12:58:49.036+0600: 4926.606: [GC (Allocation Failure) 2019-01-30T12:58:49.036+0600: 4926.606: [ParNew
Desired survivor size 20112992 bytes, new threshold 8 (max 8)
- age   1:    7697760 bytes,    7697760 total
- age   2:       1136 bytes,    7698896 total
- age   3:       1032 bytes,    7699928 total
- age   4:        960 bytes,    7700888 total
- age   5:       1136 bytes,    7702024 total
- age   6:       1136 bytes,    7703160 total
- age   7:       1200 bytes,    7704360 total
- age   8:       1000 bytes,    7705360 total
: 102002K->10738K(109248K), 0.0097121 secs] 257482K->166219K(502464K), 0.0098256 secs] [Times: user=0.04 sys=0.01, real=0.01 secs] 
Heap after GC invocations=19722 (full 20):
 par new generation   total 109248K, used 10738K [0x00000007a0000000, 0x00000007a8000000, 0x00000007a8000000)
  eden space 87424K,   0% used [0x00000007a0000000, 0x00000007a0000000, 0x00000007a5560000)
  from space 21824K,  49% used [0x00000007a5560000, 0x00000007a5fdcb10, 0x00000007a6ab0000)
  to   space 21824K,   0% used [0x00000007a6ab0000, 0x00000007a6ab0000, 0x00000007a8000000)
 concurrent mark-sweep generation total 393216K, used 155480K [0x00000007a8000000, 0x00000007c0000000, 0x00000007c0000000)
 Metaspace       used 43676K, capacity 44920K, committed 45100K, reserved 1089536K
  class space    used 5354K, capacity 5667K, committed 5676K, reserved 1048576K
}
2019-01-30T12:58:49.046+0600: 4926.616: Total time for which application threads were stopped: 0.0100529 seconds, Stopping threads took: 0.0000223 seconds
{Heap before GC invocations=19722 (full 20):
 par new generation   total 109248K, used 98162K [0x00000007a0000000, 0x00000007a8000000, 0x00000007a8000000)
  eden space 87424K, 100% used [0x00000007a0000000, 0x00000007a5560000, 0x00000007a5560000)
  from space 21824K,  49% used [0x00000007a5560000, 0x00000007a5fdcb10, 0x00000007a6ab0000)
  to   space 21824K,   0% used [0x00000007a6ab0000, 0x00000007a6ab0000, 0x00000007a8000000)
 concurrent mark-sweep generation total 393216K, used 155480K [0x00000007a8000000, 0x00000007c0000000, 0x00000007c0000000)
 Metaspace       used 43676K, capacity 44920K, committed 45100K, reserved 1089536K
  class space    used 5354K, capacity 5667K, committed 5676K, reserved 1048576K
2019-01-30T12:58:49.251+0600: 4926.821: [GC (Allocation Failure) 2019-01-30T12:58:49.251+0600: 4926.821: [ParNew
Desired survivor size 20112992 bytes, new threshold 8 (max 8)
- age   1:    5901280 bytes,    5901280 total
- age   2:       1160 bytes,    5902440 total
- age   3:       1136 bytes,    5903576 total
- age   4:       1032 bytes,    5904608 total
- age   5:        960 bytes,    5905568 total
- age   6:       1136 bytes,    5906704 total
- age   7:       1136 bytes,    5907840 total
- age   8:       1200 bytes,    5909040 total
: 98162K->6468K(109248K), 0.0083838 secs] 253643K->161950K(502464K), 0.0084764 secs] [Times: user=0.03 sys=0.01, real=0.00 secs] 
Heap after GC invocations=19723 (full 20):
 par new generation   total 109248K, used 6468K [0x00000007a0000000, 0x00000007a8000000, 0x00000007a8000000)
  eden space 87424K,   0% used [0x00000007a0000000, 0x00000007a0000000, 0x00000007a5560000)
  from space 21824K,  29% used [0x00000007a6ab0000, 0x00000007a7101398, 0x00000007a8000000)
  to   space 21824K,   0% used [0x00000007a5560000, 0x00000007a5560000, 0x00000007a6ab0000)
 concurrent mark-sweep generation total 393216K, used 155481K [0x00000007a8000000, 0x00000007c0000000, 0x00000007c0000000)
 Metaspace       used 43676K, capacity 44920K, committed 45100K, reserved 1089536K
  class space    used 5354K, capacity 5667K, committed 5676K, reserved 1048576K
}
2019-01-30T12:58:49.259+0600: 4926.829: Total time for which application threads were stopped: 0.0087055 seconds, Stopping threads took: 0.0000206 seconds
{Heap before GC invocations=19723 (full 20):
 par new generation   total 109248K, used 93892K [0x00000007a0000000, 0x00000007a8000000, 0x00000007a8000000)
  eden space 87424K, 100% used [0x00000007a0000000, 0x00000007a5560000, 0x00000007a5560000)
  from space 21824K,  29% used [0x00000007a6ab0000, 0x00000007a7101398, 0x00000007a8000000)
  to   space 21824K,   0% used [0x00000007a5560000, 0x00000007a5560000, 0x00000007a6ab0000)
 concurrent mark-sweep generation total 393216K, used 155481K [0x00000007a8000000, 0x00000007c0000000, 0x00000007c0000000)
 Metaspace       used 43676K, capacity 44920K, committed 45100K, reserved 1089536K
  class space    used 5354K, capacity 5667K, committed 5676K, reserved 1048576K
2019-01-30T12:58:49.458+0600: 4927.027: [GC (Allocation Failure) 2019-01-30T12:58:49.458+0600: 4927.027: [ParNew
Desired survivor size 20112992 bytes, new threshold 1 (max 8)
- age   1:   21058664 bytes,   21058664 total
- age   2:       1144 bytes,   21059808 total
- age   3:       1160 bytes,   21060968 total
- age   4:       1136 bytes,   21062104 total
- age   5:       1032 bytes,   21063136 total
- age   6:        960 bytes,   21064096 total
- age   7:       1136 bytes,   21065232 total
- age   8:       1136 bytes,   21066368 total
: 93892K->21824K(109248K), 0.0191047 secs] 249374K->177362K(502464K), 0.0192124 secs] [Times: user=0.07 sys=0.00, real=0.02 secs] 
Heap after GC invocations=19724 (full 20):
 par new generation   total 109248K, used 21824K [0x00000007a0000000, 0x00000007a8000000, 0x00000007a8000000)
  eden space 87424K,   0% used [0x00000007a0000000, 0x00000007a0000000, 0x00000007a5560000)
  from space 21824K, 100% used [0x00000007a5560000, 0x00000007a6ab0000, 0x00000007a6ab0000)
  to   space 21824K,   0% used [0x00000007a6ab0000, 0x00000007a6ab0000, 0x00000007a8000000)
 concurrent mark-sweep generation total 393216K, used 155538K [0x00000007a8000000, 0x00000007c0000000, 0x00000007c0000000)
 Metaspace       used 43676K, capacity 44920K, committed 45100K, reserved 1089536K
  class space    used 5354K, capacity 5667K, committed 5676K, reserved 1048576K
}
2019-01-30T12:58:49.477+0600: 4927.047: Total time for which application threads were stopped: 0.0194618 seconds, Stopping threads took: 0.0000258 seconds
{Heap before GC invocations=19724 (full 20):
 par new generation   total 109248K, used 109248K [0x00000007a0000000, 0x00000007a8000000, 0x00000007a8000000)
  eden space 87424K, 100% used [0x00000007a0000000, 0x00000007a5560000, 0x00000007a5560000)
  from space 21824K, 100% used [0x00000007a5560000, 0x00000007a6ab0000, 0x00000007a6ab0000)
  to   space 21824K,   0% used [0x00000007a6ab0000, 0x00000007a6ab0000, 0x00000007a8000000)
 concurrent mark-sweep generation total 393216K, used 155538K [0x00000007a8000000, 0x00000007c0000000, 0x00000007c0000000)
 Metaspace       used 43676K, capacity 44920K, committed 45100K, reserved 1089536K
  class space    used 5354K, capacity 5667K, committed 5676K, reserved 1048576K
2019-01-30T12:58:49.674+0600: 4927.244: [GC (Allocation Failure) 2019-01-30T12:58:49.674+0600: 4927.244: [ParNew
Desired survivor size 20112992 bytes, new threshold 8 (max 8)
- age   1:   16031368 bytes,   16031368 total
: 109248K->21824K(109248K), 0.0155267 secs] 264786K->177372K(502464K), 0.0156298 secs] [Times: user=0.06 sys=0.01, real=0.02 secs] 
Heap after GC invocations=19725 (full 20):
 par new generation   total 109248K, used 21824K [0x00000007a0000000, 0x00000007a8000000, 0x00000007a8000000)
  eden space 87424K,   0% used [0x00000007a0000000, 0x00000007a0000000, 0x00000007a5560000)
  from space 21824K, 100% used [0x00000007a6ab0000, 0x00000007a8000000, 0x00000007a8000000)
  to   space 21824K,   0% used [0x00000007a5560000, 0x00000007a5560000, 0x00000007a6ab0000)
 concurrent mark-sweep generation total 393216K, used 155548K [0x00000007a8000000, 0x00000007c0000000, 0x00000007c0000000)
 Metaspace       used 43676K, capacity 44920K, committed 45100K, reserved 1089536K
  class space    used 5354K, capacity 5667K, committed 5676K, reserved 1048576K
}
2019-01-30T12:58:49.690+0600: 4927.260: Total time for which application threads were stopped: 0.0158793 seconds, Stopping threads took: 0.0000218 seconds
{Heap before GC invocations=19725 (full 20):
 par new generation   total 109248K, used 109248K [0x00000007a0000000, 0x00000007a8000000, 0x00000007a8000000)
  eden space 87424K, 100% used [0x00000007a0000000, 0x00000007a5560000, 0x00000007a5560000)
  from space 21824K, 100% used [0x00000007a6ab0000, 0x00000007a8000000, 0x00000007a8000000)
  to   space 21824K,   0% used [0x00000007a5560000, 0x00000007a5560000, 0x00000007a6ab0000)
 concurrent mark-sweep generation total 393216K, used 155548K [0x00000007a8000000, 0x00000007c0000000, 0x00000007c0000000)
 Metaspace       used 43676K, capacity 44920K, committed 45100K, reserved 1089536K
  class space    used 5354K, capacity 5667K, committed 5676K, reserved 1048576K
2019-01-30T12:58:49.882+0600: 4927.452: [GC (Allocation Failure) 2019-01-30T12:58:49.882+0600: 4927.452: [ParNew
Desired survivor size 20112992 bytes, new threshold 8 (max 8)
- age   1:   12743504 bytes,   12743504 total
- age   2:        984 bytes,   12744488 total
: 109248K->18500K(109248K), 0.0138413 secs] 264796K->174048K(502464K), 0.0139432 secs] [Times: user=0.05 sys=0.01, real=0.01 secs] 
Heap after GC invocations=19726 (full 20):
 par new generation   total 109248K, used 18500K [0x00000007a0000000, 0x00000007a8000000, 0x00000007a8000000)
  eden space 87424K,   0% used [0x00000007a0000000, 0x00000007a0000000, 0x00000007a5560000)
  from space 21824K,  84% used [0x00000007a5560000, 0x00000007a6771340, 0x00000007a6ab0000)
  to   space 21824K,   0% used [0x00000007a6ab0000, 0x00000007a6ab0000, 0x00000007a8000000)
 concurrent mark-sweep generation total 393216K, used 155548K [0x00000007a8000000, 0x00000007c0000000, 0x00000007c0000000)
 Metaspace       used 43676K, capacity 44920K, committed 45100K, reserved 1089536K
  class space    used 5354K, capacity 5667K, committed 5676K, reserved 1048576K
}
2019-01-30T12:58:49.896+0600: 4927.466: Total time for which application threads were stopped: 0.0141889 seconds, Stopping threads took: 0.0000236 seconds
{Heap before GC invocations=19726 (full 20):
 par new generation   total 109248K, used 105924K [0x00000007a0000000, 0x00000007a8000000, 0x00000007a8000000)
  eden space 87424K, 100% used [0x00000007a0000000, 0x00000007a5560000, 0x00000007a5560000)
  from space 21824K,  84% used [0x00000007a5560000, 0x00000007a6771340, 0x00000007a6ab0000)
  to   space 21824K,   0% used [0x00000007a6ab0000, 0x00000007a6ab0000, 0x00000007a8000000)
 concurrent mark-sweep generation total 393216K, used 155548K [0x00000007a8000000, 0x00000007c0000000, 0x00000007c0000000)
 Metaspace       used 43676K, capacity 44920K, committed 45100K, reserved 1089536K
  class space    used 5354K, capacity 5667K, committed 5676K, reserved 1048576K
2019-01-30T12:58:50.096+0600: 4927.666: [GC (Allocation Failure) 2019-01-30T12:58:50.096+0600: 4927.666: [ParNew
Desired survivor size 20112992 bytes, new threshold 8 (max 8)
- age   1:    9409320 bytes,    9409320 total
- age   2:       1040 bytes,    9410360 total
- age   3:        984 bytes,    9411344 total
: 105924K->13959K(109248K), 0.0111877 secs] 261472K->169507K(502464K), 0.0114199 secs] [Times: user=0.04 sys=0.00, real=0.01 secs] 
Heap after GC invocations=19727 (full 20):
 par new generation   total 109248K, used 13959K [0x00000007a0000000, 0x00000007a8000000, 0x00000007a8000000)
  eden space 87424K,   0% used [0x00000007a0000000, 0x00000007a0000000, 0x00000007a5560000)
  from space 21824K,  63% used [0x00000007a6ab0000, 0x00000007a7851e40, 0x00000007a8000000)
  to   space 21824K,   0% used [0x00000007a5560000, 0x00000007a5560000, 0x00000007a6ab0000)
 concurrent mark-sweep generation total 393216K, used 155548K [0x00000007a8000000, 0x00000007c0000000, 0x00000007c0000000)
 Metaspace       used 43676K, capacity 44920K, committed 45100K, reserved 1089536K
  class space    used 5354K, capacity 5667K, committed 5676K, reserved 1048576K
}
2019-01-30T12:58:50.108+0600: 4927.678: Total time for which application threads were stopped: 0.0117829 seconds, Stopping threads took: 0.0000253 seconds
{Heap before GC invocations=19727 (full 20):
 par new generation   total 109248K, used 101383K [0x00000007a0000000, 0x00000007a8000000, 0x00000007a8000000)
  eden space 87424K, 100% used [0x00000007a0000000, 0x00000007a5560000, 0x00000007a5560000)
  from space 21824K,  63% used [0x00000007a6ab0000, 0x00000007a7851e40, 0x00000007a8000000)
  to   space 21824K,   0% used [0x00000007a5560000, 0x00000007a5560000, 0x00000007a6ab0000)
 concurrent mark-sweep generation total 393216K, used 155548K [0x00000007a8000000, 0x00000007c0000000, 0x00000007c0000000)
 Metaspace       used 43676K, capacity 44920K, committed 45100K, reserved 1089536K
  class space    used 5354K, capacity 5667K, committed 5676K, reserved 1048576K
2019-01-30T12:58:50.305+0600: 4927.875: [GC (Allocation Failure) 2019-01-30T12:58:50.305+0600: 4927.875: [ParNew
Desired survivor size 20112992 bytes, new threshold 8 (max 8)
- age   1:    5865776 bytes,    5865776 total
- age   2:       1120 bytes,    5866896 total
- age   3:       1040 bytes,    5867936 total
- age   4:        984 bytes,    5868920 total
: 101383K->8098K(109248K), 0.0083522 secs] 256931K->163646K(502464K), 0.0084642 secs] [Times: user=0.03 sys=0.00, real=0.01 secs] 
Heap after GC invocations=19728 (full 20):
 par new generation   total 109248K, used 8098K [0x00000007a0000000, 0x00000007a8000000, 0x00000007a8000000)
  eden space 87424K,   0% used [0x00000007a0000000, 0x00000007a0000000, 0x00000007a5560000)
  from space 21824K,  37% used [0x00000007a5560000, 0x00000007a5d48a70, 0x00000007a6ab0000)
  to   space 21824K,   0% used [0x00000007a6ab0000, 0x00000007a6ab0000, 0x00000007a8000000)
 concurrent mark-sweep generation total 393216K, used 155548K [0x00000007a8000000, 0x00000007c0000000, 0x00000007c0000000)
 Metaspace       used 43676K, capacity 44920K, committed 45100K, reserved 1089536K
  class space    used 5354K, capacity 5667K, committed 5676K, reserved 1048576K
}
2019-01-30T12:58:50.314+0600: 4927.884: Total time for which application threads were stopped: 0.0087602 seconds, Stopping threads took: 0.0000293 seconds
{Heap before GC invocations=19728 (full 20):
 par new generation   total 109248K, used 95522K [0x00000007a0000000, 0x00000007a8000000, 0x00000007a8000000)
  eden space 87424K, 100% used [0x00000007a0000000, 0x00000007a5560000, 0x00000007a5560000)
  from space 21824K,  37% used [0x00000007a5560000, 0x00000007a5d48a70, 0x00000007a6ab0000)
  to   space 21824K,   0% used [0x00000007a6ab0000, 0x00000007a6ab0000, 0x00000007a8000000)
 concurrent mark-sweep generation total 393216K, used 155548K [0x00000007a8000000, 0x00000007c0000000, 0x00000007c0000000)
 Metaspace       used 43676K, capacity 44920K, committed 45100K, reserved 1089536K
  class space    used 5354K, capacity 5667K, committed 5676K, reserved 1048576K
2019-01-30T12:58:50.512+0600: 4928.082: [GC (Allocation Failure) 2019-01-30T12:58:50.512+0600: 4928.082: [ParNew
Desired survivor size 20112992 bytes, new threshold 8 (max 8)
- age   1:    5863192 bytes,    5863192 total
- age   2:       1112 bytes,    5864304 total
- age   3:       1120 bytes,    5865424 total
- age   4:       1040 bytes,    5866464 total
- age   5:        984 bytes,    5867448 total
: 95522K->7039K(109248K), 0.0082660 secs] 251070K->162587K(502464K), 0.0083482 secs] [Times: user=0.03 sys=0.00, real=0.01 secs] 
Heap after GC invocations=19729 (full 20):
 par new generation   total 109248K, used 7039K [0x00000007a0000000, 0x00000007a8000000, 0x00000007a8000000)
  eden space 87424K,   0% used [0x00000007a0000000, 0x00000007a0000000, 0x00000007a5560000)
  from space 21824K,  32% used [0x00000007a6ab0000, 0x00000007a718fe90, 0x00000007a8000000)
  to   space 21824K,   0% used [0x00000007a5560000, 0x00000007a5560000, 0x00000007a6ab0000)
 concurrent mark-sweep generation total 393216K, used 155548K [0x00000007a8000000, 0x00000007c0000000, 0x00000007c0000000)
 Metaspace       used 43676K, capacity 44920K, committed 45100K, reserved 1089536K
  class space    used 5354K, capacity 5667K, committed 5676K, reserved 1048576K
}
2019-01-30T12:58:50.520+0600: 4928.090: Total time for which application threads were stopped: 0.0086372 seconds, Stopping threads took: 0.0000294 seconds
{Heap before GC invocations=19729 (full 20):
 par new generation   total 109248K, used 94463K [0x00000007a0000000, 0x00000007a8000000, 0x00000007a8000000)
  eden space 87424K, 100% used [0x00000007a0000000, 0x00000007a5560000, 0x00000007a5560000)
  from space 21824K,  32% used [0x00000007a6ab0000, 0x00000007a718fe90, 0x00000007a8000000)
  to   space 21824K,   0% used [0x00000007a5560000, 0x00000007a5560000, 0x00000007a6ab0000)
 concurrent mark-sweep generation total 393216K, used 155548K [0x00000007a8000000, 0x00000007c0000000, 0x00000007c0000000)
 Metaspace       used 43676K, capacity 44920K, committed 45100K, reserved 1089536K
  class space    used 5354K, capacity 5667K, committed 5676K, reserved 1048576K
2019-01-30T12:58:50.720+0600: 4928.290: [GC (Allocation Failure) 2019-01-30T12:58:50.720+0600: 4928.290: [ParNew
Desired survivor size 20112992 bytes, new threshold 8 (max 8)
- age   1:   19001920 bytes,   19001920 total
- age   2:       1144 bytes,   19003064 total
- age   3:       1112 bytes,   19004176 total
- age   4:       1120 bytes,   19005296 total
- age   5:       1040 bytes,   19006336 total
- age   6:        984 bytes,   19007320 total
: 94463K->20401K(109248K), 0.0170009 secs] 250011K->175949K(502464K), 0.0171106 secs] [Times: user=0.06 sys=0.00, real=0.01 secs] 
Heap after GC invocations=19730 (full 20):
 par new generation   total 109248K, used 20401K [0x00000007a0000000, 0x00000007a8000000, 0x00000007a8000000)
  eden space 87424K,   0% used [0x00000007a0000000, 0x00000007a0000000, 0x00000007a5560000)
  from space 21824K,  93% used [0x00000007a5560000, 0x00000007a694c5c0, 0x00000007a6ab0000)
  to   space 21824K,   0% used [0x00000007a6ab0000, 0x00000007a6ab0000, 0x00000007a8000000)
 concurrent mark-sweep generation total 393216K, used 155548K [0x00000007a8000000, 0x00000007c0000000, 0x00000007c0000000)
 Metaspace       used 43676K, capacity 44920K, committed 45100K, reserved 1089536K
  class space    used 5354K, capacity 5667K, committed 5676K, reserved 1048576K
}
2019-01-30T12:58:50.737+0600: 4928.307: Total time for which application threads were stopped: 0.0173652 seconds, Stopping threads took: 0.0000273 seconds
{Heap before GC invocations=19730 (full 20):
 par new generation   total 109248K, used 107825K [0x00000007a0000000, 0x00000007a8000000, 0x00000007a8000000)
  eden space 87424K, 100% used [0x00000007a0000000, 0x00000007a5560000, 0x00000007a5560000)
  from space 21824K,  93% used [0x00000007a5560000, 0x00000007a694c5c0, 0x00000007a6ab0000)
  to   space 21824K,   0% used [0x00000007a6ab0000, 0x00000007a6ab0000, 0x00000007a8000000)
 concurrent mark-sweep generation total 393216K, used 155548K [0x00000007a8000000, 0x00000007c0000000, 0x00000007c0000000)
 Metaspace       used 43676K, capacity 44920K, committed 45100K, reserved 1089536K
  class space    used 5354K, capacity 5667K, committed 5676K, reserved 1048576K
2019-01-30T12:58:50.927+0600: 4928.497: [GC (Allocation Failure) 2019-01-30T12:58:50.927+0600: 4928.497: [ParNew
Desired survivor size 20112992 bytes, new threshold 8 (max 8)
- age   1:   14616992 bytes,   14616992 total
- age   2:        984 bytes,   14617976 total
- age   3:       1144 bytes,   14619120 total
- age   4:       1112 bytes,   14620232 total
- age   5:       1120 bytes,   14621352 total
- age   6:       1040 bytes,   14622392 total
- age   7:        984 bytes,   14623376 total
: 107825K->20769K(109248K), 0.0153725 secs] 263373K->176317K(502464K), 0.0154663 secs] [Times: user=0.05 sys=0.00, real=0.02 secs] 
Heap after GC invocations=19731 (full 20):
 par new generation   total 109248K, used 20769K [0x00000007a0000000, 0x00000007a8000000, 0x00000007a8000000)
  eden space 87424K,   0% used [0x00000007a0000000, 0x00000007a0000000, 0x00000007a5560000)
  from space 21824K,  95% used [0x00000007a6ab0000, 0x00000007a7ef8710, 0x00000007a8000000)
  to   space 21824K,   0% used [0x00000007a5560000, 0x00000007a5560000, 0x00000007a6ab0000)
 concurrent mark-sweep generation total 393216K, used 155548K [0x00000007a8000000, 0x00000007c0000000, 0x00000007c0000000)
 Metaspace       used 43676K, capacity 44920K, committed 45100K, reserved 1089536K
  class space    used 5354K, capacity 5667K, committed 5676K, reserved 1048576K
}
2019-01-30T12:58:50.942+0600: 4928.512: Total time for which application threads were stopped: 0.0156974 seconds, Stopping threads took: 0.0000246 seconds
{Heap before GC invocations=19731 (full 20):
 par new generation   total 109248K, used 108193K [0x00000007a0000000, 0x00000007a8000000, 0x00000007a8000000)
  eden space 87424K, 100% used [0x00000007a0000000, 0x00000007a5560000, 0x00000007a5560000)
  from space 21824K,  95% used [0x00000007a6ab0000, 0x00000007a7ef8710, 0x00000007a8000000)
  to   space 21824K,   0% used [0x00000007a5560000, 0x00000007a5560000, 0x00000007a6ab0000)
 concurrent mark-sweep generation total 393216K, used 155548K [0x00000007a8000000, 0x00000007c0000000, 0x00000007c0000000)
 Metaspace       used 43676K, capacity 44920K, committed 45100K, reserved 1089536K
  class space    used 5354K, capacity 5667K, committed 5676K, reserved 1048576K
2019-01-30T12:58:51.149+0600: 4928.719: [GC (Allocation Failure) 2019-01-30T12:58:51.149+0600: 4928.719: [ParNew
Desired survivor size 20112992 bytes, new threshold 8 (max 8)
- age   1:   11061888 bytes,   11061888 total
- age   2:        984 bytes,   11062872 total
- age   3:        984 bytes,   11063856 total
- age   4:       1144 bytes,   11065000 total
- age   5:       1112 bytes,   11066112 total
- age   6:       1120 bytes,   11067232 total
- age   7:       1040 bytes,   11068272 total
- age   8:        984 bytes,   11069256 total
: 108193K->14564K(109248K), 0.0120266 secs] 263741K->170112K(502464K), 0.0121428 secs] [Times: user=0.04 sys=0.00, real=0.02 secs] 
Heap after GC invocations=19732 (full 20):
 par new generation   total 109248K, used 14564K [0x00000007a0000000, 0x00000007a8000000, 0x00000007a8000000)
  eden space 87424K,   0% used [0x00000007a0000000, 0x00000007a0000000, 0x00000007a5560000)
  from space 21824K,  66% used [0x00000007a5560000, 0x00000007a6399068, 0x00000007a6ab0000)
  to   space 21824K,   0% used [0x00000007a6ab0000, 0x00000007a6ab0000, 0x00000007a8000000)
 concurrent mark-sweep generation total 393216K, used 155548K [0x00000007a8000000, 0x00000007c0000000, 0x00000007c0000000)
 Metaspace       used 43676K, capacity 44920K, committed 45100K, reserved 1089536K
  class space    used 5354K, capacity 5667K, committed 5676K, reserved 1048576K
}
2019-01-30T12:58:51.161+0600: 4928.731: Total time for which application threads were stopped: 0.0123856 seconds, Stopping threads took: 0.0000250 seconds
{Heap before GC invocations=19732 (full 20):
 par new generation   total 109248K, used 101988K [0x00000007a0000000, 0x00000007a8000000, 0x00000007a8000000)
  eden space 87424K, 100% used [0x00000007a0000000, 0x00000007a5560000, 0x00000007a5560000)
  from space 21824K,  66% used [0x00000007a5560000, 0x00000007a6399068, 0x00000007a6ab0000)
  to   space 21824K,   0% used [0x00000007a6ab0000, 0x00000007a6ab0000, 0x00000007a8000000)
 concurrent mark-sweep generation total 393216K, used 155548K [0x00000007a8000000, 0x00000007c0000000, 0x00000007c0000000)
 Metaspace       used 43676K, capacity 44920K, committed 45100K, reserved 1089536K
  class space    used 5354K, capacity 5667K, committed 5676K, reserved 1048576K
2019-01-30T12:58:51.354+0600: 4928.924: [GC (Allocation Failure) 2019-01-30T12:58:51.354+0600: 4928.924: [ParNew
Desired survivor size 20112992 bytes, new threshold 8 (max 8)
- age   1:    7697888 bytes,    7697888 total
- age   2:       1192 bytes,    7699080 total
- age   3:        984 bytes,    7700064 total
- age   4:        984 bytes,    7701048 total
- age   5:       1144 bytes,    7702192 total
- age   6:       1112 bytes,    7703304 total
- age   7:       1120 bytes,    7704424 total
- age   8:       1040 bytes,    7705464 total
: 101988K->10734K(109248K), 0.0097850 secs] 257536K->166284K(502464K), 0.0099127 secs] [Times: user=0.04 sys=0.00, real=0.01 secs] 
Heap after GC invocations=19733 (full 20):
 par new generation   total 109248K, used 10734K [0x00000007a0000000, 0x00000007a8000000, 0x00000007a8000000)
  eden space 87424K,   0% used [0x00000007a0000000, 0x00000007a0000000, 0x00000007a5560000)
  from space 21824K,  49% used [0x00000007a6ab0000, 0x00000007a752bbf8, 0x00000007a8000000)
  to   space 21824K,   0% used [0x00000007a5560000, 0x00000007a5560000, 0x00000007a6ab0000)
 concurrent mark-sweep generation total 393216K, used 155549K [0x00000007a8000000, 0x00000007c0000000, 0x00000007c0000000)
 Metaspace       used 43676K, capacity 44920K, committed 45100K, reserved 1089536K
  class space    used 5354K, capacity 5667K, committed 5676K, reserved 1048576K
}
2019-01-30T12:58:51.364+0600: 4928.934: Total time for which application threads were stopped: 0.0101880 seconds, Stopping threads took: 0.0000296 seconds
{Heap before GC invocations=19733 (full 20):
 par new generation   total 109248K, used 98158K [0x00000007a0000000, 0x00000007a8000000, 0x00000007a8000000)
  eden space 87424K, 100% used [0x00000007a0000000, 0x00000007a5560000, 0x00000007a5560000)
  from space 21824K,  49% used [0x00000007a6ab0000, 0x00000007a752bbf8, 0x00000007a8000000)
  to   space 21824K,   0% used [0x00000007a5560000, 0x00000007a5560000, 0x00000007a6ab0000)
 concurrent mark-sweep generation total 393216K, used 155549K [0x00000007a8000000, 0x00000007c0000000, 0x00000007c0000000)
 Metaspace       used 43676K, capacity 44920K, committed 45100K, reserved 1089536K
  class space    used 5354K, capacity 5667K, committed 5676K, reserved 1048576K
2019-01-30T12:58:51.563+0600: 4929.133: [GC (Allocation Failure) 2019-01-30T12:58:51.563+0600: 4929.133: [ParNew
Desired survivor size 20112992 bytes, new threshold 8 (max 8)
- age   1:    5893800 bytes,    5893800 total
- age   2:       1120 bytes,    5894920 total
- age   3:       1192 bytes,    5896112 total
- age   4:        984 bytes,    5897096 total
- age   5:        984 bytes,    5898080 total
- age   6:       1144 bytes,    5899224 total
- age   7:       1112 bytes,    5900336 total
- age   8:       1120 bytes,    5901456 total
: 98158K->7557K(109248K), 0.0084624 secs] 253708K->163107K(502464K), 0.0085730 secs] [Times: user=0.03 sys=0.00, real=0.01 secs] 
Heap after GC invocations=19734 (full 20):
 par new generation   total 109248K, used 7557K [0x00000007a0000000, 0x00000007a8000000, 0x00000007a8000000)
  eden space 87424K,   0% used [0x00000007a0000000, 0x00000007a0000000, 0x00000007a5560000)
  from space 21824K,  34% used [0x00000007a5560000, 0x00000007a5cc1450, 0x00000007a6ab0000)
  to   space 21824K,   0% used [0x00000007a6ab0000, 0x00000007a6ab0000, 0x00000007a8000000)
 concurrent mark-sweep generation total 393216K, used 155550K [0x00000007a8000000, 0x00000007c0000000, 0x00000007c0000000)
 Metaspace       used 43676K, capacity 44920K, committed 45100K, reserved 1089536K
  class space    used 5354K, capacity 5667K, committed 5676K, reserved 1048576K
}
2019-01-30T12:58:51.572+0600: 4929.142: Total time for which application threads were stopped: 0.0088458 seconds, Stopping threads took: 0.0000295 seconds
{Heap before GC invocations=19734 (full 20):
 par new generation   total 109248K, used 94981K [0x00000007a0000000, 0x00000007a8000000, 0x00000007a8000000)
  eden space 87424K, 100% used [0x00000007a0000000, 0x00000007a5560000, 0x00000007a5560000)
  from space 21824K,  34% used [0x00000007a5560000, 0x00000007a5cc1450, 0x00000007a6ab0000)
  to   space 21824K,   0% used [0x00000007a6ab0000, 0x00000007a6ab0000, 0x00000007a8000000)
 concurrent mark-sweep generation total 393216K, used 155550K [0x00000007a8000000, 0x00000007c0000000, 0x00000007c0000000)
 Metaspace       used 43676K, capacity 44920K, committed 45100K, reserved 1089536K
  class space    used 5354K, capacity 5667K, committed 5676K, reserved 1048576K
2019-01-30T12:58:51.770+0600: 4929.340: [GC (Allocation Failure) 2019-01-30T12:58:51.771+0600: 4929.340: [ParNew
Desired survivor size 20112992 bytes, new threshold 1 (max 8)
- age   1:   21115528 bytes,   21115528 total
- age   2:       1128 bytes,   21116656 total
- age   3:       1120 bytes,   21117776 total
- age   4:       1192 bytes,   21118968 total
- age   5:        984 bytes,   21119952 total
- age   6:        984 bytes,   21120936 total
- age   7:       1144 bytes,   21122080 total
- age   8:       1112 bytes,   21123192 total
: 94981K->21824K(109248K), 0.0199198 secs] 250531K->177375K(502464K), 0.0200206 secs] [Times: user=0.07 sys=0.00, real=0.02 secs] 
Heap after GC invocations=19735 (full 20):
 par new generation   total 109248K, used 21824K [0x00000007a0000000, 0x00000007a8000000, 0x00000007a8000000)
  eden space 87424K,   0% used [0x00000007a0000000, 0x00000007a0000000, 0x00000007a5560000)
  from space 21824K, 100% used [0x00000007a6ab0000, 0x00000007a8000000, 0x00000007a8000000)
  to   space 21824K,   0% used [0x00000007a5560000, 0x00000007a5560000, 0x00000007a6ab0000)
 concurrent mark-sweep generation total 393216K, used 155551K [0x00000007a8000000, 0x00000007c0000000, 0x00000007c0000000)
 Metaspace       used 43676K, capacity 44920K, committed 45100K, reserved 1089536K
  class space    used 5354K, capacity 5667K, committed 5676K, reserved 1048576K
}
2019-01-30T12:58:51.791+0600: 4929.360: Total time for which application threads were stopped: 0.0202555 seconds, Stopping threads took: 0.0000240 seconds
{Heap before GC invocations=19735 (full 20):
 par new generation   total 109248K, used 109248K [0x00000007a0000000, 0x00000007a8000000, 0x00000007a8000000)
  eden space 87424K, 100% used [0x00000007a0000000, 0x00000007a5560000, 0x00000007a5560000)
  from space 21824K, 100% used [0x00000007a6ab0000, 0x00000007a8000000, 0x00000007a8000000)
  to   space 21824K,   0% used [0x00000007a5560000, 0x00000007a5560000, 0x00000007a6ab0000)
 concurrent mark-sweep generation total 393216K, used 155551K [0x00000007a8000000, 0x00000007c0000000, 0x00000007c0000000)
 Metaspace       used 43676K, capacity 44920K, committed 45100K, reserved 1089536K
  class space    used 5354K, capacity 5667K, committed 5676K, reserved 1048576K
2019-01-30T12:58:51.981+0600: 4929.551: [GC (Allocation Failure) 2019-01-30T12:58:51.981+0600: 4929.551: [ParNew
Desired survivor size 20112992 bytes, new threshold 8 (max 8)
- age   1:   16031576 bytes,   16031576 total
: 109248K->21824K(109248K), 0.0151028 secs] 264799K->177384K(502464K), 0.0151989 secs] [Times: user=0.06 sys=0.00, real=0.01 secs] 
Heap after GC invocations=19736 (full 20):
 par new generation   total 109248K, used 21824K [0x00000007a0000000, 0x00000007a8000000, 0x00000007a8000000)
  eden space 87424K,   0% used [0x00000007a0000000, 0x00000007a0000000, 0x00000007a5560000)
  from space 21824K, 100% used [0x00000007a5560000, 0x00000007a6ab0000, 0x00000007a6ab0000)
  to   space 21824K,   0% used [0x00000007a6ab0000, 0x00000007a6ab0000, 0x00000007a8000000)
 concurrent mark-sweep generation total 393216K, used 155560K [0x00000007a8000000, 0x00000007c0000000, 0x00000007c0000000)
 Metaspace       used 43676K, capacity 44920K, committed 45100K, reserved 1089536K
  class space    used 5354K, capacity 5667K, committed 5676K, reserved 1048576K
}
2019-01-30T12:58:51.997+0600: 4929.566: Total time for which application threads were stopped: 0.0154359 seconds, Stopping threads took: 0.0000217 seconds
{Heap before GC invocations=19736 (full 20):
 par new generation   total 109248K, used 109248K [0x00000007a0000000, 0x00000007a8000000, 0x00000007a8000000)
  eden space 87424K, 100% used [0x00000007a0000000, 0x00000007a5560000, 0x00000007a5560000)
  from space 21824K, 100% used [0x00000007a5560000, 0x00000007a6ab0000, 0x00000007a6ab0000)
  to   space 21824K,   0% used [0x00000007a6ab0000, 0x00000007a6ab0000, 0x00000007a8000000)
 concurrent mark-sweep generation total 393216K, used 155560K [0x00000007a8000000, 0x00000007c0000000, 0x00000007c0000000)
 Metaspace       used 43676K, capacity 44920K, committed 45100K, reserved 1089536K
  class space    used 5354K, capacity 5667K, committed 5676K, reserved 1048576K
2019-01-30T12:58:52.199+0600: 4929.768: [GC (Allocation Failure) 2019-01-30T12:58:52.199+0600: 4929.768: [ParNew
Desired survivor size 20112992 bytes, new threshold 8 (max 8)
- age   1:   12724816 bytes,   12724816 total
- age   2:       1024 bytes,   12725840 total
: 109248K->18299K(109248K), 0.0134661 secs] 264808K->173859K(502464K), 0.0135776 secs] [Times: user=0.05 sys=0.00, real=0.02 secs] 
Heap after GC invocations=19737 (full 20):
 par new generation   total 109248K, used 18299K [0x00000007a0000000, 0x00000007a8000000, 0x00000007a8000000)
  eden space 87424K,   0% used [0x00000007a0000000, 0x00000007a0000000, 0x00000007a5560000)
  from space 21824K,  83% used [0x00000007a6ab0000, 0x00000007a7c8eec0, 0x00000007a8000000)
  to   space 21824K,   0% used [0x00000007a5560000, 0x00000007a5560000, 0x00000007a6ab0000)
 concurrent mark-sweep generation total 393216K, used 155560K [0x00000007a8000000, 0x00000007c0000000, 0x00000007c0000000)
 Metaspace       used 43676K, capacity 44920K, committed 45100K, reserved 1089536K
  class space    used 5354K, capacity 5667K, committed 5676K, reserved 1048576K
}
2019-01-30T12:58:52.212+0600: 4929.782: Total time for which application threads were stopped: 0.0138926 seconds, Stopping threads took: 0.0000215 seconds
{Heap before GC invocations=19737 (full 20):
 par new generation   total 109248K, used 105723K [0x00000007a0000000, 0x00000007a8000000, 0x00000007a8000000)
  eden space 87424K, 100% used [0x00000007a0000000, 0x00000007a5560000, 0x00000007a5560000)
  from space 21824K,  83% used [0x00000007a6ab0000, 0x00000007a7c8eec0, 0x00000007a8000000)
  to   space 21824K,   0% used [0x00000007a5560000, 0x00000007a5560000, 0x00000007a6ab0000)
 concurrent mark-sweep generation total 393216K, used 155560K [0x00000007a8000000, 0x00000007c0000000, 0x00000007c0000000)
 Metaspace       used 43676K, capacity 44920K, committed 45100K, reserved 1089536K
  class space    used 5354K, capacity 5667K, committed 5676K, reserved 1048576K
2019-01-30T12:58:52.411+0600: 4929.981: [GC (Allocation Failure) 2019-01-30T12:58:52.411+0600: 4929.981: [ParNew
Desired survivor size 20112992 bytes, new threshold 8 (max 8)
- age   1:    9451440 bytes,    9451440 total
- age   2:       1000 bytes,    9452440 total
- age   3:       1024 bytes,    9453464 total
: 105723K->13895K(109248K), 0.0109440 secs] 261283K->169455K(502464K), 0.0110434 secs] [Times: user=0.04 sys=0.00, real=0.01 secs] 
Heap after GC invocations=19738 (full 20):
 par new generation   total 109248K, used 13895K [0x00000007a0000000, 0x00000007a8000000, 0x00000007a8000000)
  eden space 87424K,   0% used [0x00000007a0000000, 0x00000007a0000000, 0x00000007a5560000)
  from space 21824K,  63% used [0x00000007a5560000, 0x00000007a62f1e80, 0x00000007a6ab0000)
  to   space 21824K,   0% used [0x00000007a6ab0000, 0x00000007a6ab0000, 0x00000007a8000000)
 concurrent mark-sweep generation total 393216K, used 155560K [0x00000007a8000000, 0x00000007c0000000, 0x00000007c0000000)
 Metaspace       used 43676K, capacity 44920K, committed 45100K, reserved 1089536K
  class space    used 5354K, capacity 5667K, committed 5676K, reserved 1048576K
}
2019-01-30T12:58:52.423+0600: 4929.992: Total time for which application threads were stopped: 0.0112795 seconds, Stopping threads took: 0.0000221 seconds
{Heap before GC invocations=19738 (full 20):
 par new generation   total 109248K, used 101319K [0x00000007a0000000, 0x00000007a8000000, 0x00000007a8000000)
  eden space 87424K, 100% used [0x00000007a0000000, 0x00000007a5560000, 0x00000007a5560000)
  from space 21824K,  63% used [0x00000007a5560000, 0x00000007a62f1e80, 0x00000007a6ab0000)
  to   space 21824K,   0% used [0x00000007a6ab0000, 0x00000007a6ab0000, 0x00000007a8000000)
 concurrent mark-sweep generation total 393216K, used 155560K [0x00000007a8000000, 0x00000007c0000000, 0x00000007c0000000)
 Metaspace       used 43676K, capacity 44920K, committed 45100K, reserved 1089536K
  class space    used 5354K, capacity 5667K, committed 5676K, reserved 1048576K
2019-01-30T12:58:52.619+0600: 4930.189: [GC (Allocation Failure) 2019-01-30T12:58:52.619+0600: 4930.189: [ParNew
Desired survivor size 20112992 bytes, new threshold 8 (max 8)
- age   1:    5920312 bytes,    5920312 total
- age   2:       1152 bytes,    5921464 total
- age   3:       1000 bytes,    5922464 total
- age   4:       1024 bytes,    5923488 total
: 101319K->9113K(109248K), 0.0083257 secs] 256879K->164673K(502464K), 0.0084216 secs] [Times: user=0.03 sys=0.00, real=0.01 secs] 
Heap after GC invocations=19739 (full 20):
 par new generation   total 109248K, used 9113K [0x00000007a0000000, 0x00000007a8000000, 0x00000007a8000000)
  eden space 87424K,   0% used [0x00000007a0000000, 0x00000007a0000000, 0x00000007a5560000)
  from space 21824K,  41% used [0x00000007a6ab0000, 0x00000007a7396790, 0x00000007a8000000)
  to   space 21824K,   0% used [0x00000007a5560000, 0x00000007a5560000, 0x00000007a6ab0000)
 concurrent mark-sweep generation total 393216K, used 155560K [0x00000007a8000000, 0x00000007c0000000, 0x00000007c0000000)
 Metaspace       used 43676K, capacity 44920K, committed 45100K, reserved 1089536K
  class space    used 5354K, capacity 5667K, committed 5676K, reserved 1048576K
}
2019-01-30T12:58:52.627+0600: 4930.197: Total time for which application threads were stopped: 0.0086523 seconds, Stopping threads took: 0.0000208 seconds
{Heap before GC invocations=19739 (full 20):
 par new generation   total 109248K, used 96537K [0x00000007a0000000, 0x00000007a8000000, 0x00000007a8000000)
  eden space 87424K, 100% used [0x00000007a0000000, 0x00000007a5560000, 0x00000007a5560000)
  from space 21824K,  41% used [0x00000007a6ab0000, 0x00000007a7396790, 0x00000007a8000000)
  to   space 21824K,   0% used [0x00000007a5560000, 0x00000007a5560000, 0x00000007a6ab0000)
 concurrent mark-sweep generation total 393216K, used 155560K [0x00000007a8000000, 0x00000007c0000000, 0x00000007c0000000)
 Metaspace       used 43676K, capacity 44920K, committed 45100K, reserved 1089536K
  class space    used 5354K, capacity 5667K, committed 5676K, reserved 1048576K
2019-01-30T12:58:52.829+0600: 4930.399: [GC (Allocation Failure) 2019-01-30T12:58:52.829+0600: 4930.399: [ParNew
Desired survivor size 20112992 bytes, new threshold 8 (max 8)
- age   1:    5871544 bytes,    5871544 total
- age   2:       1112 bytes,    5872656 total
- age   3:       1152 bytes,    5873808 total
- age   4:       1000 bytes,    5874808 total
- age   5:       1024 bytes,    5875832 total
: 96537K->6527K(109248K), 0.0086138 secs] 252097K->162087K(502464K), 0.0087183 secs] [Times: user=0.03 sys=0.00, real=0.01 secs] 
Heap after GC invocations=19740 (full 20):
 par new generation   total 109248K, used 6527K [0x00000007a0000000, 0x00000007a8000000, 0x00000007a8000000)
  eden space 87424K,   0% used [0x00000007a0000000, 0x00000007a0000000, 0x00000007a5560000)
  from space 21824K,  29% used [0x00000007a5560000, 0x00000007a5bbfdd0, 0x00000007a6ab0000)
  to   space 21824K,   0% used [0x00000007a6ab0000, 0x00000007a6ab0000, 0x00000007a8000000)
 concurrent mark-sweep generation total 393216K, used 155560K [0x00000007a8000000, 0x00000007c0000000, 0x00000007c0000000)
 Metaspace       used 43676K, capacity 44920K, committed 45100K, reserved 1089536K
  class space    used 5354K, capacity 5667K, committed 5676K, reserved 1048576K
}
2019-01-30T12:58:52.838+0600: 4930.408: Total time for which application threads were stopped: 0.0089990 seconds, Stopping threads took: 0.0000248 seconds
{Heap before GC invocations=19740 (full 20):
 par new generation   total 109248K, used 93951K [0x00000007a0000000, 0x00000007a8000000, 0x00000007a8000000)
  eden space 87424K, 100% used [0x00000007a0000000, 0x00000007a5560000, 0x00000007a5560000)
  from space 21824K,  29% used [0x00000007a5560000, 0x00000007a5bbfdd0, 0x00000007a6ab0000)
  to   space 21824K,   0% used [0x00000007a6ab0000, 0x00000007a6ab0000, 0x00000007a8000000)
 concurrent mark-sweep generation total 393216K, used 155560K [0x00000007a8000000, 0x00000007c0000000, 0x00000007c0000000)
 Metaspace       used 43676K, capacity 44920K, committed 45100K, reserved 1089536K
  class space    used 5354K, capacity 5667K, committed 5676K, reserved 1048576K
2019-01-30T12:58:53.029+0600: 4930.598: [GC (Allocation Failure) 2019-01-30T12:58:53.029+0600: 4930.598: [ParNew
Desired survivor size 20112992 bytes, new threshold 8 (max 8)
- age   1:   19035536 bytes,   19035536 total
- age   2:       1120 bytes,   19036656 total
- age   3:       1112 bytes,   19037768 total
- age   4:       1152 bytes,   19038920 total
- age   5:       1000 bytes,   19039920 total
- age   6:       1024 bytes,   19040944 total
: 93951K->20439K(109248K), 0.0172080 secs] 249511K->175999K(502464K), 0.0173118 secs] [Times: user=0.07 sys=0.00, real=0.02 secs] 
Heap after GC invocations=19741 (full 20):
 par new generation   total 109248K, used 20439K [0x00000007a0000000, 0x00000007a8000000, 0x00000007a8000000)
  eden space 87424K,   0% used [0x00000007a0000000, 0x00000007a0000000, 0x00000007a5560000)
  from space 21824K,  93% used [0x00000007a6ab0000, 0x00000007a7ea5f40, 0x00000007a8000000)
  to   space 21824K,   0% used [0x00000007a5560000, 0x00000007a5560000, 0x00000007a6ab0000)
 concurrent mark-sweep generation total 393216K, used 155560K [0x00000007a8000000, 0x00000007c0000000, 0x00000007c0000000)
 Metaspace       used 43676K, capacity 44920K, committed 45100K, reserved 1089536K
  class space    used 5354K, capacity 5667K, committed 5676K, reserved 1048576K
}
2019-01-30T12:58:53.046+0600: 4930.616: Total time for which application threads were stopped: 0.0175498 seconds, Stopping threads took: 0.0000257 seconds
{Heap before GC invocations=19741 (full 20):
 par new generation   total 109248K, used 107863K [0x00000007a0000000, 0x00000007a8000000, 0x00000007a8000000)
  eden space 87424K, 100% used [0x00000007a0000000, 0x00000007a5560000, 0x00000007a5560000)
  from space 21824K,  93% used [0x00000007a6ab0000, 0x00000007a7ea5f40, 0x00000007a8000000)
  to   space 21824K,   0% used [0x00000007a5560000, 0x00000007a5560000, 0x00000007a6ab0000)
 concurrent mark-sweep generation total 393216K, used 155560K [0x00000007a8000000, 0x00000007c0000000, 0x00000007c0000000)
 Metaspace       used 43676K, capacity 44920K, committed 45100K, reserved 1089536K
  class space    used 5354K, capacity 5667K, committed 5676K, reserved 1048576K
2019-01-30T12:58:53.243+0600: 4930.813: [GC (Allocation Failure) 2019-01-30T12:58:53.243+0600: 4930.813: [ParNew
Desired survivor size 20112992 bytes, new threshold 8 (max 8)
- age   1:   14617200 bytes,   14617200 total
- age   2:        960 bytes,   14618160 total
- age   3:       1120 bytes,   14619280 total
- age   4:       1112 bytes,   14620392 total
- age   5:       1152 bytes,   14621544 total
- age   6:       1000 bytes,   14622544 total
- age   7:       1024 bytes,   14623568 total
: 107863K->20817K(109248K), 0.0142167 secs] 263423K->176377K(502464K), 0.0143190 secs] [Times: user=0.05 sys=0.00, real=0.01 secs] 
Heap after GC invocations=19742 (full 20):
 par new generation   total 109248K, used 20817K [0x00000007a0000000, 0x00000007a8000000, 0x00000007a8000000)
  eden space 87424K,   0% used [0x00000007a0000000, 0x00000007a0000000, 0x00000007a5560000)
  from space 21824K,  95% used [0x00000007a5560000, 0x00000007a69b4448, 0x00000007a6ab0000)
  to   space 21824K,   0% used [0x00000007a6ab0000, 0x00000007a6ab0000, 0x00000007a8000000)
 concurrent mark-sweep generation total 393216K, used 155560K [0x00000007a8000000, 0x00000007c0000000, 0x00000007c0000000)
 Metaspace       used 43676K, capacity 44920K, committed 45100K, reserved 1089536K
  class space    used 5354K, capacity 5667K, committed 5676K, reserved 1048576K
}
2019-01-30T12:58:53.258+0600: 4930.827: Total time for which application threads were stopped: 0.0145459 seconds, Stopping threads took: 0.0000249 seconds
{Heap before GC invocations=19742 (full 20):
 par new generation   total 109248K, used 108241K [0x00000007a0000000, 0x00000007a8000000, 0x00000007a8000000)
  eden space 87424K, 100% used [0x00000007a0000000, 0x00000007a5560000, 0x00000007a5560000)
  from space 21824K,  95% used [0x00000007a5560000, 0x00000007a69b4448, 0x00000007a6ab0000)
  to   space 21824K,   0% used [0x00000007a6ab0000, 0x00000007a6ab0000, 0x00000007a8000000)
 concurrent mark-sweep generation total 393216K, used 155560K [0x00000007a8000000, 0x00000007c0000000, 0x00000007c0000000)
 Metaspace       used 43676K, capacity 44920K, committed 45100K, reserved 1089536K
  class space    used 5354K, capacity 5667K, committed 5676K, reserved 1048576K
2019-01-30T12:58:53.449+0600: 4931.018: [GC (Allocation Failure) 2019-01-30T12:58:53.449+0600: 4931.018: [ParNew
Desired survivor size 20112992 bytes, new threshold 8 (max 8)
- age   1:   11061992 bytes,   11061992 total
- age   2:       1024 bytes,   11063016 total
- age   3:        960 bytes,   11063976 total
- age   4:       1120 bytes,   11065096 total
- age   5:       1112 bytes,   11066208 total
- age   6:       1152 bytes,   11067360 total
- age   7:       1000 bytes,   11068360 total
- age   8:       1024 bytes,   11069384 total
: 108241K->16658K(109248K), 0.0119704 secs] 263801K->172218K(502464K), 0.0120722 secs] [Times: user=0.05 sys=0.00, real=0.02 secs] 
Heap after GC invocations=19743 (full 20):
 par new generation   total 109248K, used 16658K [0x00000007a0000000, 0x00000007a8000000, 0x00000007a8000000)
  eden space 87424K,   0% used [0x00000007a0000000, 0x00000007a0000000, 0x00000007a5560000)
  from space 21824K,  76% used [0x00000007a6ab0000, 0x00000007a7af4980, 0x00000007a8000000)
  to   space 21824K,   0% used [0x00000007a5560000, 0x00000007a5560000, 0x00000007a6ab0000)
 concurrent mark-sweep generation total 393216K, used 155560K [0x00000007a8000000, 0x00000007c0000000, 0x00000007c0000000)
 Metaspace       used 43676K, capacity 44920K, committed 45100K, reserved 1089536K
  class space    used 5354K, capacity 5667K, committed 5676K, reserved 1048576K
}
2019-01-30T12:58:53.461+0600: 4931.031: Total time for which application threads were stopped: 0.0123046 seconds, Stopping threads took: 0.0000267 seconds
{Heap before GC invocations=19743 (full 20):
 par new generation   total 109248K, used 104082K [0x00000007a0000000, 0x00000007a8000000, 0x00000007a8000000)
  eden space 87424K, 100% used [0x00000007a0000000, 0x00000007a5560000, 0x00000007a5560000)
  from space 21824K,  76% used [0x00000007a6ab0000, 0x00000007a7af4980, 0x00000007a8000000)
  to   space 21824K,   0% used [0x00000007a5560000, 0x00000007a5560000, 0x00000007a6ab0000)
 concurrent mark-sweep generation total 393216K, used 155560K [0x00000007a8000000, 0x00000007c0000000, 0x00000007c0000000)
 Metaspace       used 43676K, capacity 44920K, committed 45100K, reserved 1089536K
  class space    used 5354K, capacity 5667K, committed 5676K, reserved 1048576K
2019-01-30T12:58:53.664+0600: 4931.234: [GC (Allocation Failure) 2019-01-30T12:58:53.664+0600: 4931.234: [ParNew
Desired survivor size 20112992 bytes, new threshold 8 (max 8)
- age   1:    7698056 bytes,    7698056 total
- age   2:       1128 bytes,    7699184 total
- age   3:       1024 bytes,    7700208 total
- age   4:        960 bytes,    7701168 total
- age   5:       1120 bytes,    7702288 total
- age   6:       1112 bytes,    7703400 total
- age   7:       1152 bytes,    7704552 total
- age   8:       1000 bytes,    7705552 total
: 104082K->10765K(109248K), 0.0097391 secs] 259642K->166326K(502464K), 0.0098413 secs] [Times: user=0.04 sys=0.00, real=0.01 secs] 
Heap after GC invocations=19744 (full 20):
 par new generation   total 109248K, used 10765K [0x00000007a0000000, 0x00000007a8000000, 0x00000007a8000000)
  eden space 87424K,   0% used [0x00000007a0000000, 0x00000007a0000000, 0x00000007a5560000)
  from space 21824K,  49% used [0x00000007a5560000, 0x00000007a5fe3708, 0x00000007a6ab0000)
  to   space 21824K,   0% used [0x00000007a6ab0000, 0x00000007a6ab0000, 0x00000007a8000000)
 concurrent mark-sweep generation total 393216K, used 155561K [0x00000007a8000000, 0x00000007c0000000, 0x00000007c0000000)
 Metaspace       used 43676K, capacity 44920K, committed 45100K, reserved 1089536K
  class space    used 5354K, capacity 5667K, committed 5676K, reserved 1048576K
}
2019-01-30T12:58:53.674+0600: 4931.244: Total time for which application threads were stopped: 0.0100787 seconds, Stopping threads took: 0.0000260 seconds
{Heap before GC invocations=19744 (full 20):
 par new generation   total 109248K, used 98189K [0x00000007a0000000, 0x00000007a8000000, 0x00000007a8000000)
  eden space 87424K, 100% used [0x00000007a0000000, 0x00000007a5560000, 0x00000007a5560000)
  from space 21824K,  49% used [0x00000007a5560000, 0x00000007a5fe3708, 0x00000007a6ab0000)
  to   space 21824K,   0% used [0x00000007a6ab0000, 0x00000007a6ab0000, 0x00000007a8000000)
 concurrent mark-sweep generation total 393216K, used 155561K [0x00000007a8000000, 0x00000007c0000000, 0x00000007c0000000)
 Metaspace       used 43676K, capacity 44920K, committed 45100K, reserved 1089536K
  class space    used 5354K, capacity 5667K, committed 5676K, reserved 1048576K
2019-01-30T12:58:53.874+0600: 4931.443: [GC (Allocation Failure) 2019-01-30T12:58:53.874+0600: 4931.444: [ParNew
Desired survivor size 20112992 bytes, new threshold 8 (max 8)
- age   1:    5893856 bytes,    5893856 total
- age   2:       1120 bytes,    5894976 total
- age   3:       1128 bytes,    5896104 total
- age   4:       1024 bytes,    5897128 total
- age   5:        960 bytes,    5898088 total
- age   6:       1120 bytes,    5899208 total
- age   7:       1112 bytes,    5900320 total
- age   8:       1152 bytes,    5901472 total
: 98189K->9060K(109248K), 0.0083644 secs] 253750K->164622K(502464K), 0.0084616 secs] [Times: user=0.03 sys=0.00, real=0.01 secs] 
Heap after GC invocations=19745 (full 20):
 par new generation   total 109248K, used 9060K [0x00000007a0000000, 0x00000007a8000000, 0x00000007a8000000)
  eden space 87424K,   0% used [0x00000007a0000000, 0x00000007a0000000, 0x00000007a5560000)
  from space 21824K,  41% used [0x00000007a6ab0000, 0x00000007a7389090, 0x00000007a8000000)
  to   space 21824K,   0% used [0x00000007a5560000, 0x00000007a5560000, 0x00000007a6ab0000)
 concurrent mark-sweep generation total 393216K, used 155562K [0x00000007a8000000, 0x00000007c0000000, 0x00000007c0000000)
 Metaspace       used 43676K, capacity 44920K, committed 45100K, reserved 1089536K
  class space    used 5354K, capacity 5667K, committed 5676K, reserved 1048576K
}
2019-01-30T12:58:53.882+0600: 4931.452: Total time for which application threads were stopped: 0.0086895 seconds, Stopping threads took: 0.0000212 seconds
{Heap before GC invocations=19745 (full 20):
 par new generation   total 109248K, used 96484K [0x00000007a0000000, 0x00000007a8000000, 0x00000007a8000000)
  eden space 87424K, 100% used [0x00000007a0000000, 0x00000007a5560000, 0x00000007a5560000)
  from space 21824K,  41% used [0x00000007a6ab0000, 0x00000007a7389090, 0x00000007a8000000)
  to   space 21824K,   0% used [0x00000007a5560000, 0x00000007a5560000, 0x00000007a6ab0000)
 concurrent mark-sweep generation total 393216K, used 155562K [0x00000007a8000000, 0x00000007c0000000, 0x00000007c0000000)
 Metaspace       used 43676K, capacity 44920K, committed 45100K, reserved 1089536K
  class space    used 5354K, capacity 5667K, committed 5676K, reserved 1048576K
2019-01-30T12:58:54.090+0600: 4931.659: [GC (Allocation Failure) 2019-01-30T12:58:54.090+0600: 4931.659: [ParNew
Desired survivor size 20112992 bytes, new threshold 1 (max 8)
- age   1:   21114392 bytes,   21114392 total
- age   2:       1208 bytes,   21115600 total
- age   3:       1120 bytes,   21116720 total
- age   4:       1128 bytes,   21117848 total
- age   5:       1024 bytes,   21118872 total
- age   6:        960 bytes,   21119832 total
- age   7:       1120 bytes,   21120952 total
- age   8:       1112 bytes,   21122064 total
: 96484K->21610K(109248K), 0.0187463 secs] 252046K->177173K(502464K), 0.0188480 secs] [Times: user=0.07 sys=0.00, real=0.01 secs] 
Heap after GC invocations=19746 (full 20):
 par new generation   total 109248K, used 21610K [0x00000007a0000000, 0x00000007a8000000, 0x00000007a8000000)
  eden space 87424K,   0% used [0x00000007a0000000, 0x00000007a0000000, 0x00000007a5560000)
  from space 21824K,  99% used [0x00000007a5560000, 0x00000007a6a7a940, 0x00000007a6ab0000)
  to   space 21824K,   0% used [0x00000007a6ab0000, 0x00000007a6ab0000, 0x00000007a8000000)
 concurrent mark-sweep generation total 393216K, used 155563K [0x00000007a8000000, 0x00000007c0000000, 0x00000007c0000000)
 Metaspace       used 43676K, capacity 44920K, committed 45100K, reserved 1089536K
  class space    used 5354K, capacity 5667K, committed 5676K, reserved 1048576K
}
2019-01-30T12:58:54.109+0600: 4931.678: Total time for which application threads were stopped: 0.0190875 seconds, Stopping threads took: 0.0000251 seconds
{Heap before GC invocations=19746 (full 20):
 par new generation   total 109248K, used 109034K [0x00000007a0000000, 0x00000007a8000000, 0x00000007a8000000)
  eden space 87424K, 100% used [0x00000007a0000000, 0x00000007a5560000, 0x00000007a5560000)
  from space 21824K,  99% used [0x00000007a5560000, 0x00000007a6a7a940, 0x00000007a6ab0000)
  to   space 21824K,   0% used [0x00000007a6ab0000, 0x00000007a6ab0000, 0x00000007a8000000)
 concurrent mark-sweep generation total 393216K, used 155563K [0x00000007a8000000, 0x00000007c0000000, 0x00000007c0000000)
 Metaspace       used 43676K, capacity 44920K, committed 45100K, reserved 1089536K
  class space    used 5354K, capacity 5667K, committed 5676K, reserved 1048576K
2019-01-30T12:58:54.298+0600: 4931.868: [GC (Allocation Failure) 2019-01-30T12:58:54.298+0600: 4931.868: [ParNew
Desired survivor size 20112992 bytes, new threshold 8 (max 8)
- age   1:   16031880 bytes,   16031880 total
: 109034K->21824K(109248K), 0.0154370 secs] 264597K->177395K(502464K), 0.0155380 secs] [Times: user=0.06 sys=0.00, real=0.02 secs] 
Heap after GC invocations=19747 (full 20):
 par new generation   total 109248K, used 21824K [0x00000007a0000000, 0x00000007a8000000, 0x00000007a8000000)
  eden space 87424K,   0% used [0x00000007a0000000, 0x00000007a0000000, 0x00000007a5560000)
  from space 21824K, 100% used [0x00000007a6ab0000, 0x00000007a8000000, 0x00000007a8000000)
  to   space 21824K,   0% used [0x00000007a5560000, 0x00000007a5560000, 0x00000007a6ab0000)
 concurrent mark-sweep generation total 393216K, used 155571K [0x00000007a8000000, 0x00000007c0000000, 0x00000007c0000000)
 Metaspace       used 43676K, capacity 44920K, committed 45100K, reserved 1089536K
  class space    used 5354K, capacity 5667K, committed 5676K, reserved 1048576K
}
2019-01-30T12:58:54.314+0600: 4931.883: Total time for which application threads were stopped: 0.0157587 seconds, Stopping threads took: 0.0000221 seconds
{Heap before GC invocations=19747 (full 20):
 par new generation   total 109248K, used 109248K [0x00000007a0000000, 0x00000007a8000000, 0x00000007a8000000)
  eden space 87424K, 100% used [0x00000007a0000000, 0x00000007a5560000, 0x00000007a5560000)
  from space 21824K, 100% used [0x00000007a6ab0000, 0x00000007a8000000, 0x00000007a8000000)
  to   space 21824K,   0% used [0x00000007a5560000, 0x00000007a5560000, 0x00000007a6ab0000)
 concurrent mark-sweep generation total 393216K, used 155571K [0x00000007a8000000, 0x00000007c0000000, 0x00000007c0000000)
 Metaspace       used 43676K, capacity 44920K, committed 45100K, reserved 1089536K
  class space    used 5354K, capacity 5667K, committed 5676K, reserved 1048576K
2019-01-30T12:58:54.504+0600: 4932.074: [GC (Allocation Failure) 2019-01-30T12:58:54.504+0600: 4932.074: [ParNew
Desired survivor size 20112992 bytes, new threshold 8 (max 8)
- age   1:   12730192 bytes,   12730192 total
- age   2:       1160 bytes,   12731352 total
: 109248K->18214K(109248K), 0.0130498 secs] 264819K->173786K(502464K), 0.0131464 secs] [Times: user=0.05 sys=0.00, real=0.01 secs] 
Heap after GC invocations=19748 (full 20):
 par new generation   total 109248K, used 18214K [0x00000007a0000000, 0x00000007a8000000, 0x00000007a8000000)
  eden space 87424K,   0% used [0x00000007a0000000, 0x00000007a0000000, 0x00000007a5560000)
  from space 21824K,  83% used [0x00000007a5560000, 0x00000007a6729b80, 0x00000007a6ab0000)
  to   space 21824K,   0% used [0x00000007a6ab0000, 0x00000007a6ab0000, 0x00000007a8000000)
 concurrent mark-sweep generation total 393216K, used 155571K [0x00000007a8000000, 0x00000007c0000000, 0x00000007c0000000)
 Metaspace       used 43676K, capacity 44920K, committed 45100K, reserved 1089536K
  class space    used 5354K, capacity 5667K, committed 5676K, reserved 1048576K
}
2019-01-30T12:58:54.517+0600: 4932.087: Total time for which application threads were stopped: 0.0133715 seconds, Stopping threads took: 0.0000230 seconds
{Heap before GC invocations=19748 (full 20):
 par new generation   total 109248K, used 105638K [0x00000007a0000000, 0x00000007a8000000, 0x00000007a8000000)
  eden space 87424K, 100% used [0x00000007a0000000, 0x00000007a5560000, 0x00000007a5560000)
  from space 21824K,  83% used [0x00000007a5560000, 0x00000007a6729b80, 0x00000007a6ab0000)
  to   space 21824K,   0% used [0x00000007a6ab0000, 0x00000007a6ab0000, 0x00000007a8000000)
 concurrent mark-sweep generation total 393216K, used 155571K [0x00000007a8000000, 0x00000007c0000000, 0x00000007c0000000)
 Metaspace       used 43676K, capacity 44920K, committed 45100K, reserved 1089536K
  class space    used 5354K, capacity 5667K, committed 5676K, reserved 1048576K
2019-01-30T12:58:54.719+0600: 4932.288: [GC (Allocation Failure) 2019-01-30T12:58:54.719+0600: 4932.288: [ParNew
Desired survivor size 20112992 bytes, new threshold 8 (max 8)
- age   1:    9441256 bytes,    9441256 total
- age   2:       1056 bytes,    9442312 total
- age   3:       1160 bytes,    9443472 total
: 105638K->13878K(109248K), 0.0108775 secs] 261210K->169450K(502464K), 0.0109916 secs] [Times: user=0.04 sys=0.00, real=0.02 secs] 
Heap after GC invocations=19749 (full 20):
 par new generation   total 109248K, used 13878K [0x00000007a0000000, 0x00000007a8000000, 0x00000007a8000000)
  eden space 87424K,   0% used [0x00000007a0000000, 0x00000007a0000000, 0x00000007a5560000)
  from space 21824K,  63% used [0x00000007a6ab0000, 0x00000007a783d9c0, 0x00000007a8000000)
  to   space 21824K,   0% used [0x00000007a5560000, 0x00000007a5560000, 0x00000007a6ab0000)
 concurrent mark-sweep generation total 393216K, used 155571K [0x00000007a8000000, 0x00000007c0000000, 0x00000007c0000000)
 Metaspace       used 43676K, capacity 44920K, committed 45100K, reserved 1089536K
  class space    used 5354K, capacity 5667K, committed 5676K, reserved 1048576K
}
2019-01-30T12:58:54.730+0600: 4932.299: Total time for which application threads were stopped: 0.0112506 seconds, Stopping threads took: 0.0000354 seconds
{Heap before GC invocations=19749 (full 20):
 par new generation   total 109248K, used 101302K [0x00000007a0000000, 0x00000007a8000000, 0x00000007a8000000)
  eden space 87424K, 100% used [0x00000007a0000000, 0x00000007a5560000, 0x00000007a5560000)
  from space 21824K,  63% used [0x00000007a6ab0000, 0x00000007a783d9c0, 0x00000007a8000000)
  to   space 21824K,   0% used [0x00000007a5560000, 0x00000007a5560000, 0x00000007a6ab0000)
 concurrent mark-sweep generation total 393216K, used 155571K [0x00000007a8000000, 0x00000007c0000000, 0x00000007c0000000)
 Metaspace       used 43676K, capacity 44920K, committed 45100K, reserved 1089536K
  class space    used 5354K, capacity 5667K, committed 5676K, reserved 1048576K
2019-01-30T12:58:54.924+0600: 4932.494: [GC (Allocation Failure) 2019-01-30T12:58:54.924+0600: 4932.494: [ParNew
Desired survivor size 20112992 bytes, new threshold 8 (max 8)
- age   1:    5877560 bytes,    5877560 total
- age   2:       1136 bytes,    5878696 total
- age   3:       1056 bytes,    5879752 total
- age   4:       1160 bytes,    5880912 total
: 101302K->9104K(109248K), 0.0082180 secs] 256874K->164676K(502464K), 0.0083101 secs] [Times: user=0.03 sys=0.00, real=0.01 secs] 
Heap after GC invocations=19750 (full 20):
 par new generation   total 109248K, used 9104K [0x00000007a0000000, 0x00000007a8000000, 0x00000007a8000000)
  eden space 87424K,   0% used [0x00000007a0000000, 0x00000007a0000000, 0x00000007a5560000)
  from space 21824K,  41% used [0x00000007a5560000, 0x00000007a5e442d0, 0x00000007a6ab0000)
  to   space 21824K,   0% used [0x00000007a6ab0000, 0x00000007a6ab0000, 0x00000007a8000000)
 concurrent mark-sweep generation total 393216K, used 155571K [0x00000007a8000000, 0x00000007c0000000, 0x00000007c0000000)
 Metaspace       used 43676K, capacity 44920K, committed 45100K, reserved 1089536K
  class space    used 5354K, capacity 5667K, committed 5676K, reserved 1048576K
}
2019-01-30T12:58:54.933+0600: 4932.502: Total time for which application threads were stopped: 0.0085439 seconds, Stopping threads took: 0.0000216 seconds
{Heap before GC invocations=19750 (full 20):
 par new generation   total 109248K, used 96528K [0x00000007a0000000, 0x00000007a8000000, 0x00000007a8000000)
  eden space 87424K, 100% used [0x00000007a0000000, 0x00000007a5560000, 0x00000007a5560000)
  from space 21824K,  41% used [0x00000007a5560000, 0x00000007a5e442d0, 0x00000007a6ab0000)
  to   space 21824K,   0% used [0x00000007a6ab0000, 0x00000007a6ab0000, 0x00000007a8000000)
 concurrent mark-sweep generation total 393216K, used 155571K [0x00000007a8000000, 0x00000007c0000000, 0x00000007c0000000)
 Metaspace       used 43676K, capacity 44920K, committed 45100K, reserved 1089536K
  class space    used 5354K, capacity 5667K, committed 5676K, reserved 1048576K
2019-01-30T12:58:55.143+0600: 4932.712: [GC (Allocation Failure) 2019-01-30T12:58:55.143+0600: 4932.713: [ParNew
Desired survivor size 20112992 bytes, new threshold 8 (max 8)
- age   1:    5871760 bytes,    5871760 total
- age   2:       1200 bytes,    5872960 total
- age   3:       1136 bytes,    5874096 total
- age   4:       1056 bytes,    5875152 total
- age   5:       1160 bytes,    5876312 total
: 96528K->5951K(109248K), 0.0083397 secs] 252100K->161523K(502464K), 0.0084381 secs] [Times: user=0.03 sys=0.00, real=0.01 secs] 
Heap after GC invocations=19751 (full 20):
 par new generation   total 109248K, used 5951K [0x00000007a0000000, 0x00000007a8000000, 0x00000007a8000000)
  eden space 87424K,   0% used [0x00000007a0000000, 0x00000007a0000000, 0x00000007a5560000)
  from space 21824K,  27% used [0x00000007a6ab0000, 0x00000007a707fca8, 0x00000007a8000000)
  to   space 21824K,   0% used [0x00000007a5560000, 0x00000007a5560000, 0x00000007a6ab0000)
 concurrent mark-sweep generation total 393216K, used 155571K [0x00000007a8000000, 0x00000007c0000000, 0x00000007c0000000)
 Metaspace       used 43676K, capacity 44920K, committed 45100K, reserved 1089536K
  class space    used 5354K, capacity 5667K, committed 5676K, reserved 1048576K
}
2019-01-30T12:58:55.151+0600: 4932.721: Total time for which application threads were stopped: 0.0086777 seconds, Stopping threads took: 0.0000238 seconds
{Heap before GC invocations=19751 (full 20):
 par new generation   total 109248K, used 93375K [0x00000007a0000000, 0x00000007a8000000, 0x00000007a8000000)
  eden space 87424K, 100% used [0x00000007a0000000, 0x00000007a5560000, 0x00000007a5560000)
  from space 21824K,  27% used [0x00000007a6ab0000, 0x00000007a707fca8, 0x00000007a8000000)
  to   space 21824K,   0% used [0x00000007a5560000, 0x00000007a5560000, 0x00000007a6ab0000)
 concurrent mark-sweep generation total 393216K, used 155571K [0x00000007a8000000, 0x00000007c0000000, 0x00000007c0000000)
 Metaspace       used 43676K, capacity 44920K, committed 45100K, reserved 1089536K
  class space    used 5354K, capacity 5667K, committed 5676K, reserved 1048576K
2019-01-30T12:58:55.342+0600: 4932.912: [GC (Allocation Failure) 2019-01-30T12:58:55.342+0600: 4932.912: [ParNew
Desired survivor size 20112992 bytes, new threshold 8 (max 8)
- age   1:   19013784 bytes,   19013784 total
- age   2:       1168 bytes,   19014952 total
- age   3:       1200 bytes,   19016152 total
- age   4:       1136 bytes,   19017288 total
- age   5:       1056 bytes,   19018344 total
- age   6:       1160 bytes,   19019504 total
: 93375K->20429K(109248K), 0.0168130 secs] 248947K->176001K(502464K), 0.0169100 secs] [Times: user=0.06 sys=0.00, real=0.01 secs] 
Heap after GC invocations=19752 (full 20):
 par new generation   total 109248K, used 20429K [0x00000007a0000000, 0x00000007a8000000, 0x00000007a8000000)
  eden space 87424K,   0% used [0x00000007a0000000, 0x00000007a0000000, 0x00000007a5560000)
  from space 21824K,  93% used [0x00000007a5560000, 0x00000007a69536c0, 0x00000007a6ab0000)
  to   space 21824K,   0% used [0x00000007a6ab0000, 0x00000007a6ab0000, 0x00000007a8000000)
 concurrent mark-sweep generation total 393216K, used 155571K [0x00000007a8000000, 0x00000007c0000000, 0x00000007c0000000)
 Metaspace       used 43676K, capacity 44920K, committed 45100K, reserved 1089536K
  class space    used 5354K, capacity 5667K, committed 5676K, reserved 1048576K
}
2019-01-30T12:58:55.359+0600: 4932.929: Total time for which application threads were stopped: 0.0171325 seconds, Stopping threads took: 0.0000233 seconds
{Heap before GC invocations=19752 (full 20):
 par new generation   total 109248K, used 107853K [0x00000007a0000000, 0x00000007a8000000, 0x00000007a8000000)
  eden space 87424K, 100% used [0x00000007a0000000, 0x00000007a5560000, 0x00000007a5560000)
  from space 21824K,  93% used [0x00000007a5560000, 0x00000007a69536c0, 0x00000007a6ab0000)
  to   space 21824K,   0% used [0x00000007a6ab0000, 0x00000007a6ab0000, 0x00000007a8000000)
 concurrent mark-sweep generation total 393216K, used 155571K [0x00000007a8000000, 0x00000007c0000000, 0x00000007c0000000)
 Metaspace       used 43676K, capacity 44920K, committed 45100K, reserved 1089536K
  class space    used 5354K, capacity 5667K, committed 5676K, reserved 1048576K
2019-01-30T12:58:55.555+0600: 4933.125: [GC (Allocation Failure) 2019-01-30T12:58:55.555+0600: 4933.125: [ParNew
Desired survivor size 20112992 bytes, new threshold 8 (max 8)
- age   1:   14617344 bytes,   14617344 total
- age   2:        992 bytes,   14618336 total
- age   3:       1168 bytes,   14619504 total
- age   4:       1200 bytes,   14620704 total
- age   5:       1136 bytes,   14621840 total
- age   6:       1056 bytes,   14622896 total
- age   7:       1160 bytes,   14624056 total
: 107853K->21824K(109248K), 0.0143898 secs] 263425K->177395K(502464K), 0.0145015 secs] [Times: user=0.05 sys=0.00, real=0.02 secs] 
Heap after GC invocations=19753 (full 20):
 par new generation   total 109248K, used 21824K [0x00000007a0000000, 0x00000007a8000000, 0x00000007a8000000)
  eden space 87424K,   0% used [0x00000007a0000000, 0x00000007a0000000, 0x00000007a5560000)
  from space 21824K, 100% used [0x00000007a6ab0000, 0x00000007a8000000, 0x00000007a8000000)
  to   space 21824K,   0% used [0x00000007a5560000, 0x00000007a5560000, 0x00000007a6ab0000)
 concurrent mark-sweep generation total 393216K, used 155571K [0x00000007a8000000, 0x00000007c0000000, 0x00000007c0000000)
 Metaspace       used 43676K, capacity 44920K, committed 45100K, reserved 1089536K
  class space    used 5354K, capacity 5667K, committed 5676K, reserved 1048576K
}
2019-01-30T12:58:55.570+0600: 4933.140: Total time for which application threads were stopped: 0.0147462 seconds, Stopping threads took: 0.0000279 seconds
{Heap before GC invocations=19753 (full 20):
 par new generation   total 109248K, used 109248K [0x00000007a0000000, 0x00000007a8000000, 0x00000007a8000000)
  eden space 87424K, 100% used [0x00000007a0000000, 0x00000007a5560000, 0x00000007a5560000)
  from space 21824K, 100% used [0x00000007a6ab0000, 0x00000007a8000000, 0x00000007a8000000)
  to   space 21824K,   0% used [0x00000007a5560000, 0x00000007a5560000, 0x00000007a6ab0000)
 concurrent mark-sweep generation total 393216K, used 155571K [0x00000007a8000000, 0x00000007c0000000, 0x00000007c0000000)
 Metaspace       used 43676K, capacity 44920K, committed 45100K, reserved 1089536K
  class space    used 5354K, capacity 5667K, committed 5676K, reserved 1048576K
2019-01-30T12:58:55.771+0600: 4933.340: [GC (Allocation Failure) 2019-01-30T12:58:55.771+0600: 4933.340: [ParNew
Desired survivor size 20112992 bytes, new threshold 8 (max 8)
- age   1:   11062200 bytes,   11062200 total
- age   2:       1000 bytes,   11063200 total
- age   3:        992 bytes,   11064192 total
- age   4:       1168 bytes,   11065360 total
- age   5:       1200 bytes,   11066560 total
- age   6:       1136 bytes,   11067696 total
- age   7:       1056 bytes,   11068752 total
- age   8:       1160 bytes,   11069912 total
: 109248K->14715K(109248K), 0.0118544 secs] 264819K->170287K(502464K), 0.0119625 secs] [Times: user=0.04 sys=0.00, real=0.01 secs] 
Heap after GC invocations=19754 (full 20):
 par new generation   total 109248K, used 14715K [0x00000007a0000000, 0x00000007a8000000, 0x00000007a8000000)
  eden space 87424K,   0% used [0x00000007a0000000, 0x00000007a0000000, 0x00000007a5560000)
  from space 21824K,  67% used [0x00000007a5560000, 0x00000007a63becd8, 0x00000007a6ab0000)
  to   space 21824K,   0% used [0x00000007a6ab0000, 0x00000007a6ab0000, 0x00000007a8000000)
 concurrent mark-sweep generation total 393216K, used 155571K [0x00000007a8000000, 0x00000007c0000000, 0x00000007c0000000)
 Metaspace       used 43676K, capacity 44920K, committed 45100K, reserved 1089536K
  class space    used 5354K, capacity 5667K, committed 5676K, reserved 1048576K
}
2019-01-30T12:58:55.783+0600: 4933.352: Total time for which application threads were stopped: 0.0122268 seconds, Stopping threads took: 0.0000312 seconds
{Heap before GC invocations=19754 (full 20):
 par new generation   total 109248K, used 102139K [0x00000007a0000000, 0x00000007a8000000, 0x00000007a8000000)
  eden space 87424K, 100% used [0x00000007a0000000, 0x00000007a5560000, 0x00000007a5560000)
  from space 21824K,  67% used [0x00000007a5560000, 0x00000007a63becd8, 0x00000007a6ab0000)
  to   space 21824K,   0% used [0x00000007a6ab0000, 0x00000007a6ab0000, 0x00000007a8000000)
 concurrent mark-sweep generation total 393216K, used 155571K [0x00000007a8000000, 0x00000007c0000000, 0x00000007c0000000)
 Metaspace       used 43676K, capacity 44920K, committed 45100K, reserved 1089536K
  class space    used 5354K, capacity 5667K, committed 5676K, reserved 1048576K
2019-01-30T12:58:55.981+0600: 4933.551: [GC (Allocation Failure) 2019-01-30T12:58:55.981+0600: 4933.551: [ParNew
Desired survivor size 20112992 bytes, new threshold 8 (max 8)
- age   1:    7698240 bytes,    7698240 total
- age   2:       1168 bytes,    7699408 total
- age   3:       1000 bytes,    7700408 total
- age   4:        992 bytes,    7701400 total
- age   5:       1168 bytes,    7702568 total
- age   6:       1200 bytes,    7703768 total
- age   7:       1136 bytes,    7704904 total
- age   8:       1056 bytes,    7705960 total
: 102139K->11377K(109248K), 0.0097071 secs] 257711K->166950K(502464K), 0.0098116 secs] [Times: user=0.04 sys=0.01, real=0.01 secs] 
Heap after GC invocations=19755 (full 20):
 par new generation   total 109248K, used 11377K [0x00000007a0000000, 0x00000007a8000000, 0x00000007a8000000)
  eden space 87424K,   0% used [0x00000007a0000000, 0x00000007a0000000, 0x00000007a5560000)
  from space 21824K,  52% used [0x00000007a6ab0000, 0x00000007a75cc780, 0x00000007a8000000)
  to   space 21824K,   0% used [0x00000007a5560000, 0x00000007a5560000, 0x00000007a6ab0000)
 concurrent mark-sweep generation total 393216K, used 155573K [0x00000007a8000000, 0x00000007c0000000, 0x00000007c0000000)
 Metaspace       used 43676K, capacity 44920K, committed 45100K, reserved 1089536K
  class space    used 5354K, capacity 5667K, committed 5676K, reserved 1048576K
}
2019-01-30T12:58:55.991+0600: 4933.561: Total time for which application threads were stopped: 0.0100796 seconds, Stopping threads took: 0.0000294 seconds
{Heap before GC invocations=19755 (full 20):
 par new generation   total 109248K, used 98801K [0x00000007a0000000, 0x00000007a8000000, 0x00000007a8000000)
  eden space 87424K, 100% used [0x00000007a0000000, 0x00000007a5560000, 0x00000007a5560000)
  from space 21824K,  52% used [0x00000007a6ab0000, 0x00000007a75cc780, 0x00000007a8000000)
  to   space 21824K,   0% used [0x00000007a5560000, 0x00000007a5560000, 0x00000007a6ab0000)
 concurrent mark-sweep generation total 393216K, used 155573K [0x00000007a8000000, 0x00000007c0000000, 0x00000007c0000000)
 Metaspace       used 43676K, capacity 44920K, committed 45100K, reserved 1089536K
  class space    used 5354K, capacity 5667K, committed 5676K, reserved 1048576K
2019-01-30T12:58:56.194+0600: 4933.763: [GC (Allocation Failure) 2019-01-30T12:58:56.194+0600: 4933.763: [ParNew
Desired survivor size 20112992 bytes, new threshold 8 (max 8)
- age   1:    5893136 bytes,    5893136 total
- age   2:       1136 bytes,    5894272 total
- age   3:       1168 bytes,    5895440 total
- age   4:       1000 bytes,    5896440 total
- age   5:        992 bytes,    5897432 total
- age   6:       1168 bytes,    5898600 total
- age   7:       1200 bytes,    5899800 total
- age   8:       1136 bytes,    5900936 total
: 98801K->7631K(109248K), 0.0083559 secs] 254374K->163205K(502464K), 0.0084478 secs] [Times: user=0.03 sys=0.00, real=0.01 secs] 
Heap after GC invocations=19756 (full 20):
 par new generation   total 109248K, used 7631K [0x00000007a0000000, 0x00000007a8000000, 0x00000007a8000000)
  eden space 87424K,   0% used [0x00000007a0000000, 0x00000007a0000000, 0x00000007a5560000)
  from space 21824K,  34% used [0x00000007a5560000, 0x00000007a5cd3c90, 0x00000007a6ab0000)
  to   space 21824K,   0% used [0x00000007a6ab0000, 0x00000007a6ab0000, 0x00000007a8000000)
 concurrent mark-sweep generation total 393216K, used 155574K [0x00000007a8000000, 0x00000007c0000000, 0x00000007c0000000)
 Metaspace       used 43676K, capacity 44920K, committed 45100K, reserved 1089536K
  class space    used 5354K, capacity 5667K, committed 5676K, reserved 1048576K
}
2019-01-30T12:58:56.202+0600: 4933.772: Total time for which application threads were stopped: 0.0086695 seconds, Stopping threads took: 0.0000211 seconds
{Heap before GC invocations=19756 (full 20):
 par new generation   total 109248K, used 95055K [0x00000007a0000000, 0x00000007a8000000, 0x00000007a8000000)
  eden space 87424K, 100% used [0x00000007a0000000, 0x00000007a5560000, 0x00000007a5560000)
  from space 21824K,  34% used [0x00000007a5560000, 0x00000007a5cd3c90, 0x00000007a6ab0000)
  to   space 21824K,   0% used [0x00000007a6ab0000, 0x00000007a6ab0000, 0x00000007a8000000)
 concurrent mark-sweep generation total 393216K, used 155574K [0x00000007a8000000, 0x00000007c0000000, 0x00000007c0000000)
 Metaspace       used 43676K, capacity 44920K, committed 45100K, reserved 1089536K
  class space    used 5354K, capacity 5667K, committed 5676K, reserved 1048576K
2019-01-30T12:58:56.412+0600: 4933.982: [GC (Allocation Failure) 2019-01-30T12:58:56.412+0600: 4933.982: [ParNew
Desired survivor size 20112992 bytes, new threshold 1 (max 8)
- age   1:   21115840 bytes,   21115840 total
- age   2:       1120 bytes,   21116960 total
- age   3:       1136 bytes,   21118096 total
- age   4:       1168 bytes,   21119264 total
- age   5:       1000 bytes,   21120264 total
- age   6:        992 bytes,   21121256 total
- age   7:       1168 bytes,   21122424 total
- age   8:       1200 bytes,   21123624 total
: 95055K->21824K(109248K), 0.0189319 secs] 250629K->177399K(502464K), 0.0190307 secs] [Times: user=0.07 sys=0.01, real=0.02 secs] 
Heap after GC invocations=19757 (full 20):
 par new generation   total 109248K, used 21824K [0x00000007a0000000, 0x00000007a8000000, 0x00000007a8000000)
  eden space 87424K,   0% used [0x00000007a0000000, 0x00000007a0000000, 0x00000007a5560000)
  from space 21824K, 100% used [0x00000007a6ab0000, 0x00000007a8000000, 0x00000007a8000000)
  to   space 21824K,   0% used [0x00000007a5560000, 0x00000007a5560000, 0x00000007a6ab0000)
 concurrent mark-sweep generation total 393216K, used 155575K [0x00000007a8000000, 0x00000007c0000000, 0x00000007c0000000)
 Metaspace       used 43676K, capacity 44920K, committed 45100K, reserved 1089536K
  class space    used 5354K, capacity 5667K, committed 5676K, reserved 1048576K
}
2019-01-30T12:58:56.431+0600: 4934.001: Total time for which application threads were stopped: 0.0192649 seconds, Stopping threads took: 0.0000225 seconds
{Heap before GC invocations=19757 (full 20):
 par new generation   total 109248K, used 109248K [0x00000007a0000000, 0x00000007a8000000, 0x00000007a8000000)
  eden space 87424K, 100% used [0x00000007a0000000, 0x00000007a5560000, 0x00000007a5560000)
  from space 21824K, 100% used [0x00000007a6ab0000, 0x00000007a8000000, 0x00000007a8000000)
  to   space 21824K,   0% used [0x00000007a5560000, 0x00000007a5560000, 0x00000007a6ab0000)
 concurrent mark-sweep generation total 393216K, used 155575K [0x00000007a8000000, 0x00000007c0000000, 0x00000007c0000000)
 Metaspace       used 43676K, capacity 44920K, committed 45100K, reserved 1089536K
  class space    used 5354K, capacity 5667K, committed 5676K, reserved 1048576K
2019-01-30T12:58:56.620+0600: 4934.190: [GC (Allocation Failure) 2019-01-30T12:58:56.620+0600: 4934.190: [ParNew
Desired survivor size 20112992 bytes, new threshold 8 (max 8)
- age   1:   16031856 bytes,   16031856 total
: 109248K->21824K(109248K), 0.0153637 secs] 264823K->177408K(502464K), 0.0154727 secs] [Times: user=0.06 sys=0.00, real=0.01 secs] 
Heap after GC invocations=19758 (full 20):
 par new generation   total 109248K, used 21824K [0x00000007a0000000, 0x00000007a8000000, 0x00000007a8000000)
  eden space 87424K,   0% used [0x00000007a0000000, 0x00000007a0000000, 0x00000007a5560000)
  from space 21824K, 100% used [0x00000007a5560000, 0x00000007a6ab0000, 0x00000007a6ab0000)
  to   space 21824K,   0% used [0x00000007a6ab0000, 0x00000007a6ab0000, 0x00000007a8000000)
 concurrent mark-sweep generation total 393216K, used 155584K [0x00000007a8000000, 0x00000007c0000000, 0x00000007c0000000)
 Metaspace       used 43676K, capacity 44920K, committed 45100K, reserved 1089536K
  class space    used 5354K, capacity 5667K, committed 5676K, reserved 1048576K
}
2019-01-30T12:58:56.636+0600: 4934.205: Total time for which application threads were stopped: 0.0157186 seconds, Stopping threads took: 0.0000263 seconds
{Heap before GC invocations=19758 (full 20):
 par new generation   total 109248K, used 109248K [0x00000007a0000000, 0x00000007a8000000, 0x00000007a8000000)
  eden space 87424K, 100% used [0x00000007a0000000, 0x00000007a5560000, 0x00000007a5560000)
  from space 21824K, 100% used [0x00000007a5560000, 0x00000007a6ab0000, 0x00000007a6ab0000)
  to   space 21824K,   0% used [0x00000007a6ab0000, 0x00000007a6ab0000, 0x00000007a8000000)
 concurrent mark-sweep generation total 393216K, used 155584K [0x00000007a8000000, 0x00000007c0000000, 0x00000007c0000000)
 Metaspace       used 43676K, capacity 44920K, committed 45100K, reserved 1089536K
  class space    used 5354K, capacity 5667K, committed 5676K, reserved 1048576K
2019-01-30T12:58:56.835+0600: 4934.405: [GC (Allocation Failure) 2019-01-30T12:58:56.835+0600: 4934.405: [ParNew
Desired survivor size 20112992 bytes, new threshold 8 (max 8)
- age   1:   12741656 bytes,   12741656 total
- age   2:        968 bytes,   12742624 total
: 109248K->18267K(109248K), 0.0131938 secs] 264832K->173851K(502464K), 0.0132921 secs] [Times: user=0.05 sys=0.00, real=0.01 secs] 
Heap after GC invocations=19759 (full 20):
 par new generation   total 109248K, used 18267K [0x00000007a0000000, 0x00000007a8000000, 0x00000007a8000000)
  eden space 87424K,   0% used [0x00000007a0000000, 0x00000007a0000000, 0x00000007a5560000)
  from space 21824K,  83% used [0x00000007a6ab0000, 0x00000007a7c86c80, 0x00000007a8000000)
  to   space 21824K,   0% used [0x00000007a5560000, 0x00000007a5560000, 0x00000007a6ab0000)
 concurrent mark-sweep generation total 393216K, used 155584K [0x00000007a8000000, 0x00000007c0000000, 0x00000007c0000000)
 Metaspace       used 43676K, capacity 44920K, committed 45100K, reserved 1089536K
  class space    used 5354K, capacity 5667K, committed 5676K, reserved 1048576K
}
2019-01-30T12:58:56.848+0600: 4934.418: Total time for which application threads were stopped: 0.0135317 seconds, Stopping threads took: 0.0000258 seconds
{Heap before GC invocations=19759 (full 20):
 par new generation   total 109248K, used 105691K [0x00000007a0000000, 0x00000007a8000000, 0x00000007a8000000)
  eden space 87424K, 100% used [0x00000007a0000000, 0x00000007a5560000, 0x00000007a5560000)
  from space 21824K,  83% used [0x00000007a6ab0000, 0x00000007a7c86c80, 0x00000007a8000000)
  to   space 21824K,   0% used [0x00000007a5560000, 0x00000007a5560000, 0x00000007a6ab0000)
 concurrent mark-sweep generation total 393216K, used 155584K [0x00000007a8000000, 0x00000007c0000000, 0x00000007c0000000)
 Metaspace       used 43676K, capacity 44920K, committed 45100K, reserved 1089536K
  class space    used 5354K, capacity 5667K, committed 5676K, reserved 1048576K
2019-01-30T12:58:57.045+0600: 4934.614: [GC (Allocation Failure) 2019-01-30T12:58:57.045+0600: 4934.614: [ParNew
Desired survivor size 20112992 bytes, new threshold 8 (max 8)
- age   1:    9408384 bytes,    9408384 total
- age   2:       1056 bytes,    9409440 total
- age   3:        968 bytes,    9410408 total
: 105691K->13899K(109248K), 0.0110407 secs] 261275K->169483K(502464K), 0.0111465 secs] [Times: user=0.04 sys=0.00, real=0.01 secs] 
Heap after GC invocations=19760 (full 20):
 par new generation   total 109248K, used 13899K [0x00000007a0000000, 0x00000007a8000000, 0x00000007a8000000)
  eden space 87424K,   0% used [0x00000007a0000000, 0x00000007a0000000, 0x00000007a5560000)
  from space 21824K,  63% used [0x00000007a5560000, 0x00000007a62f2f00, 0x00000007a6ab0000)
  to   space 21824K,   0% used [0x00000007a6ab0000, 0x00000007a6ab0000, 0x00000007a8000000)
 concurrent mark-sweep generation total 393216K, used 155584K [0x00000007a8000000, 0x00000007c0000000, 0x00000007c0000000)
 Metaspace       used 43676K, capacity 44920K, committed 45100K, reserved 1089536K
  class space    used 5354K, capacity 5667K, committed 5676K, reserved 1048576K
}
2019-01-30T12:58:57.056+0600: 4934.625: Total time for which application threads were stopped: 0.0113869 seconds, Stopping threads took: 0.0000244 seconds
{Heap before GC invocations=19760 (full 20):
 par new generation   total 109248K, used 101323K [0x00000007a0000000, 0x00000007a8000000, 0x00000007a8000000)
  eden space 87424K, 100% used [0x00000007a0000000, 0x00000007a5560000, 0x00000007a5560000)
  from space 21824K,  63% used [0x00000007a5560000, 0x00000007a62f2f00, 0x00000007a6ab0000)
  to   space 21824K,   0% used [0x00000007a6ab0000, 0x00000007a6ab0000, 0x00000007a8000000)
 concurrent mark-sweep generation total 393216K, used 155584K [0x00000007a8000000, 0x00000007c0000000, 0x00000007c0000000)
 Metaspace       used 43676K, capacity 44920K, committed 45100K, reserved 1089536K
  class space    used 5354K, capacity 5667K, committed 5676K, reserved 1048576K
2019-01-30T12:58:57.254+0600: 4934.824: [GC (Allocation Failure) 2019-01-30T12:58:57.254+0600: 4934.824: [ParNew
Desired survivor size 20112992 bytes, new threshold 8 (max 8)
- age   1:    5864296 bytes,    5864296 total
- age   2:       1184 bytes,    5865480 total
- age   3:       1056 bytes,    5866536 total
- age   4:        968 bytes,    5867504 total
: 101323K->9093K(109248K), 0.0084280 secs] 256907K->164678K(502464K), 0.0085173 secs] [Times: user=0.03 sys=0.00, real=0.01 secs] 
Heap after GC invocations=19761 (full 20):
 par new generation   total 109248K, used 9093K [0x00000007a0000000, 0x00000007a8000000, 0x00000007a8000000)
  eden space 87424K,   0% used [0x00000007a0000000, 0x00000007a0000000, 0x00000007a5560000)
  from space 21824K,  41% used [0x00000007a6ab0000, 0x00000007a7391750, 0x00000007a8000000)
  to   space 21824K,   0% used [0x00000007a5560000, 0x00000007a5560000, 0x00000007a6ab0000)
 concurrent mark-sweep generation total 393216K, used 155584K [0x00000007a8000000, 0x00000007c0000000, 0x00000007c0000000)
 Metaspace       used 43676K, capacity 44920K, committed 45100K, reserved 1089536K
  class space    used 5354K, capacity 5667K, committed 5676K, reserved 1048576K
}
2019-01-30T12:58:57.263+0600: 4934.832: Total time for which application threads were stopped: 0.0087509 seconds, Stopping threads took: 0.0000228 seconds
{Heap before GC invocations=19761 (full 20):
 par new generation   total 109248K, used 96517K [0x00000007a0000000, 0x00000007a8000000, 0x00000007a8000000)
  eden space 87424K, 100% used [0x00000007a0000000, 0x00000007a5560000, 0x00000007a5560000)
  from space 21824K,  41% used [0x00000007a6ab0000, 0x00000007a7391750, 0x00000007a8000000)
  to   space 21824K,   0% used [0x00000007a5560000, 0x00000007a5560000, 0x00000007a6ab0000)
 concurrent mark-sweep generation total 393216K, used 155584K [0x00000007a8000000, 0x00000007c0000000, 0x00000007c0000000)
 Metaspace       used 43676K, capacity 44920K, committed 45100K, reserved 1089536K
  class space    used 5354K, capacity 5667K, committed 5676K, reserved 1048576K
2019-01-30T12:58:57.459+0600: 4935.029: [GC (Allocation Failure) 2019-01-30T12:58:57.459+0600: 4935.029: [ParNew
Desired survivor size 20112992 bytes, new threshold 8 (max 8)
- age   1:    5862904 bytes,    5862904 total
- age   2:       1208 bytes,    5864112 total
- age   3:       1184 bytes,    5865296 total
- age   4:       1056 bytes,    5866352 total
- age   5:        968 bytes,    5867320 total
: 96517K->7033K(109248K), 0.0088030 secs] 252102K->162617K(502464K), 0.0088931 secs] [Times: user=0.03 sys=0.00, real=0.01 secs] 
Heap after GC invocations=19762 (full 20):
 par new generation   total 109248K, used 7033K [0x00000007a0000000, 0x00000007a8000000, 0x00000007a8000000)
  eden space 87424K,   0% used [0x00000007a0000000, 0x00000007a0000000, 0x00000007a5560000)
  from space 21824K,  32% used [0x00000007a5560000, 0x00000007a5c3e578, 0x00000007a6ab0000)
  to   space 21824K,   0% used [0x00000007a6ab0000, 0x00000007a6ab0000, 0x00000007a8000000)
 concurrent mark-sweep generation total 393216K, used 155584K [0x00000007a8000000, 0x00000007c0000000, 0x00000007c0000000)
 Metaspace       used 43676K, capacity 44920K, committed 45100K, reserved 1089536K
  class space    used 5354K, capacity 5667K, committed 5676K, reserved 1048576K
}
2019-01-30T12:58:57.468+0600: 4935.038: Total time for which application threads were stopped: 0.0091115 seconds, Stopping threads took: 0.0000198 seconds
{Heap before GC invocations=19762 (full 20):
 par new generation   total 109248K, used 94457K [0x00000007a0000000, 0x00000007a8000000, 0x00000007a8000000)
  eden space 87424K, 100% used [0x00000007a0000000, 0x00000007a5560000, 0x00000007a5560000)
  from space 21824K,  32% used [0x00000007a5560000, 0x00000007a5c3e578, 0x00000007a6ab0000)
  to   space 21824K,   0% used [0x00000007a6ab0000, 0x00000007a6ab0000, 0x00000007a8000000)
 concurrent mark-sweep generation total 393216K, used 155584K [0x00000007a8000000, 0x00000007c0000000, 0x00000007c0000000)
 Metaspace       used 43676K, capacity 44920K, committed 45100K, reserved 1089536K
  class space    used 5354K, capacity 5667K, committed 5676K, reserved 1048576K
2019-01-30T12:58:57.669+0600: 4935.239: [GC (Allocation Failure) 2019-01-30T12:58:57.669+0600: 4935.239: [ParNew
Desired survivor size 20112992 bytes, new threshold 8 (max 8)
- age   1:   19017304 bytes,   19017304 total
- age   2:       1128 bytes,   19018432 total
- age   3:       1208 bytes,   19019640 total
- age   4:       1184 bytes,   19020824 total
- age   5:       1056 bytes,   19021880 total
- age   6:        968 bytes,   19022848 total
: 94457K->20398K(109248K), 0.0174211 secs] 250041K->175982K(502464K), 0.0175187 secs] [Times: user=0.07 sys=0.00, real=0.02 secs] 
Heap after GC invocations=19763 (full 20):
 par new generation   total 109248K, used 20398K [0x00000007a0000000, 0x00000007a8000000, 0x00000007a8000000)
  eden space 87424K,   0% used [0x00000007a0000000, 0x00000007a0000000, 0x00000007a5560000)
  from space 21824K,  93% used [0x00000007a6ab0000, 0x00000007a7e9bb40, 0x00000007a8000000)
  to   space 21824K,   0% used [0x00000007a5560000, 0x00000007a5560000, 0x00000007a6ab0000)
 concurrent mark-sweep generation total 393216K, used 155584K [0x00000007a8000000, 0x00000007c0000000, 0x00000007c0000000)
 Metaspace       used 43676K, capacity 44920K, committed 45100K, reserved 1089536K
  class space    used 5354K, capacity 5667K, committed 5676K, reserved 1048576K
}
2019-01-30T12:58:57.687+0600: 4935.256: Total time for which application threads were stopped: 0.0177514 seconds, Stopping threads took: 0.0000275 seconds
{Heap before GC invocations=19763 (full 20):
 par new generation   total 109248K, used 107301K [0x00000007a0000000, 0x00000007a8000000, 0x00000007a8000000)
  eden space 87424K,  99% used [0x00000007a0000000, 0x00000007a54ddcb8, 0x00000007a5560000)
  from space 21824K,  93% used [0x00000007a6ab0000, 0x00000007a7e9bb40, 0x00000007a8000000)
  to   space 21824K,   0% used [0x00000007a5560000, 0x00000007a5560000, 0x00000007a6ab0000)
 concurrent mark-sweep generation total 393216K, used 155584K [0x00000007a8000000, 0x00000007c0000000, 0x00000007c0000000)
 Metaspace       used 43676K, capacity 44920K, committed 45100K, reserved 1089536K
  class space    used 5354K, capacity 5667K, committed 5676K, reserved 1048576K
2019-01-30T12:58:57.877+0600: 4935.447: [GC (Allocation Failure) 2019-01-30T12:58:57.877+0600: 4935.447: [ParNew
Desired survivor size 20112992 bytes, new threshold 8 (max 8)
- age   1:   14617544 bytes,   14617544 total
- age   2:        952 bytes,   14618496 total
- age   3:       1128 bytes,   14619624 total
- age   4:       1208 bytes,   14620832 total
- age   5:       1184 bytes,   14622016 total
- age   6:       1056 bytes,   14623072 total
- age   7:        968 bytes,   14624040 total
: 107301K->21824K(109248K), 0.0155616 secs] 262886K->177408K(502464K), 0.0156673 secs] [Times: user=0.05 sys=0.00, real=0.02 secs] 
Heap after GC invocations=19764 (full 20):
 par new generation   total 109248K, used 21824K [0x00000007a0000000, 0x00000007a8000000, 0x00000007a8000000)
  eden space 87424K,   0% used [0x00000007a0000000, 0x00000007a0000000, 0x00000007a5560000)
  from space 21824K, 100% used [0x00000007a5560000, 0x00000007a6ab0000, 0x00000007a6ab0000)
  to   space 21824K,   0% used [0x00000007a6ab0000, 0x00000007a6ab0000, 0x00000007a8000000)
 concurrent mark-sweep generation total 393216K, used 155584K [0x00000007a8000000, 0x00000007c0000000, 0x00000007c0000000)
 Metaspace       used 43676K, capacity 44920K, committed 45100K, reserved 1089536K
  class space    used 5354K, capacity 5667K, committed 5676K, reserved 1048576K
}
2019-01-30T12:58:57.893+0600: 4935.463: Total time for which application threads were stopped: 0.0158976 seconds, Stopping threads took: 0.0000240 seconds
{Heap before GC invocations=19764 (full 20):
 par new generation   total 109248K, used 109248K [0x00000007a0000000, 0x00000007a8000000, 0x00000007a8000000)
  eden space 87424K, 100% used [0x00000007a0000000, 0x00000007a5560000, 0x00000007a5560000)
  from space 21824K, 100% used [0x00000007a5560000, 0x00000007a6ab0000, 0x00000007a6ab0000)
  to   space 21824K,   0% used [0x00000007a6ab0000, 0x00000007a6ab0000, 0x00000007a8000000)
 concurrent mark-sweep generation total 393216K, used 155584K [0x00000007a8000000, 0x00000007c0000000, 0x00000007c0000000)
 Metaspace       used 43676K, capacity 44920K, committed 45100K, reserved 1089536K
  class space    used 5354K, capacity 5667K, committed 5676K, reserved 1048576K
2019-01-30T12:58:58.094+0600: 4935.663: [GC (Allocation Failure) 2019-01-30T12:58:58.094+0600: 4935.663: [ParNew
Desired survivor size 20112992 bytes, new threshold 8 (max 8)
- age   1:   11062304 bytes,   11062304 total
- age   2:       1032 bytes,   11063336 total
- age   3:        952 bytes,   11064288 total
- age   4:       1128 bytes,   11065416 total
- age   5:       1208 bytes,   11066624 total
- age   6:       1184 bytes,   11067808 total
- age   7:       1056 bytes,   11068864 total
- age   8:        968 bytes,   11069832 total
: 109248K->13080K(109248K), 0.0122521 secs] 264832K->168664K(502464K), 0.0123929 secs] [Times: user=0.04 sys=0.00, real=0.01 secs] 
Heap after GC invocations=19765 (full 20):
 par new generation   total 109248K, used 13080K [0x00000007a0000000, 0x00000007a8000000, 0x00000007a8000000)
  eden space 87424K,   0% used [0x00000007a0000000, 0x00000007a0000000, 0x00000007a5560000)
  from space 21824K,  59% used [0x00000007a6ab0000, 0x00000007a77761c0, 0x00000007a8000000)
  to   space 21824K,   0% used [0x00000007a5560000, 0x00000007a5560000, 0x00000007a6ab0000)
 concurrent mark-sweep generation total 393216K, used 155584K [0x00000007a8000000, 0x00000007c0000000, 0x00000007c0000000)
 Metaspace       used 43676K, capacity 44920K, committed 45100K, reserved 1089536K
  class space    used 5354K, capacity 5667K, committed 5676K, reserved 1048576K
}
2019-01-30T12:58:58.106+0600: 4935.676: Total time for which application threads were stopped: 0.0127146 seconds, Stopping threads took: 0.0000325 seconds
{Heap before GC invocations=19765 (full 20):
 par new generation   total 109248K, used 100504K [0x00000007a0000000, 0x00000007a8000000, 0x00000007a8000000)
  eden space 87424K, 100% used [0x00000007a0000000, 0x00000007a5560000, 0x00000007a5560000)
  from space 21824K,  59% used [0x00000007a6ab0000, 0x00000007a77761c0, 0x00000007a8000000)
  to   space 21824K,   0% used [0x00000007a5560000, 0x00000007a5560000, 0x00000007a6ab0000)
 concurrent mark-sweep generation total 393216K, used 155584K [0x00000007a8000000, 0x00000007c0000000, 0x00000007c0000000)
 Metaspace       used 43676K, capacity 44920K, committed 45100K, reserved 1089536K
  class space    used 5354K, capacity 5667K, committed 5676K, reserved 1048576K
2019-01-30T12:58:58.302+0600: 4935.872: [GC (Allocation Failure) 2019-01-30T12:58:58.302+0600: 4935.872: [ParNew
Desired survivor size 20112992 bytes, new threshold 8 (max 8)
- age   1:    7698376 bytes,    7698376 total
- age   2:       1104 bytes,    7699480 total
- age   3:       1032 bytes,    7700512 total
- age   4:        952 bytes,    7701464 total
- age   5:       1128 bytes,    7702592 total
- age   6:       1208 bytes,    7703800 total
- age   7:       1184 bytes,    7704984 total
- age   8:       1056 bytes,    7706040 total
: 100504K->12178K(109248K), 0.0100603 secs] 256088K->167763K(502464K), 0.0101665 secs] [Times: user=0.04 sys=0.00, real=0.01 secs] 
Heap after GC invocations=19766 (full 20):
 par new generation   total 109248K, used 12178K [0x00000007a0000000, 0x00000007a8000000, 0x00000007a8000000)
  eden space 87424K,   0% used [0x00000007a0000000, 0x00000007a0000000, 0x00000007a5560000)
  from space 21824K,  55% used [0x00000007a5560000, 0x00000007a6144a60, 0x00000007a6ab0000)
  to   space 21824K,   0% used [0x00000007a6ab0000, 0x00000007a6ab0000, 0x00000007a8000000)
 concurrent mark-sweep generation total 393216K, used 155585K [0x00000007a8000000, 0x00000007c0000000, 0x00000007c0000000)
 Metaspace       used 43676K, capacity 44920K, committed 45100K, reserved 1089536K
  class space    used 5354K, capacity 5667K, committed 5676K, reserved 1048576K
}
2019-01-30T12:58:58.313+0600: 4935.882: Total time for which application threads were stopped: 0.0104968 seconds, Stopping threads took: 0.0000615 seconds
{Heap before GC invocations=19766 (full 20):
 par new generation   total 109248K, used 99602K [0x00000007a0000000, 0x00000007a8000000, 0x00000007a8000000)
  eden space 87424K, 100% used [0x00000007a0000000, 0x00000007a5560000, 0x00000007a5560000)
  from space 21824K,  55% used [0x00000007a5560000, 0x00000007a6144a60, 0x00000007a6ab0000)
  to   space 21824K,   0% used [0x00000007a6ab0000, 0x00000007a6ab0000, 0x00000007a8000000)
 concurrent mark-sweep generation total 393216K, used 155585K [0x00000007a8000000, 0x00000007c0000000, 0x00000007c0000000)
 Metaspace       used 43676K, capacity 44920K, committed 45100K, reserved 1089536K
  class space    used 5354K, capacity 5667K, committed 5676K, reserved 1048576K
2019-01-30T12:58:58.508+0600: 4936.078: [GC (Allocation Failure) 2019-01-30T12:58:58.508+0600: 4936.078: [ParNew
Desired survivor size 20112992 bytes, new threshold 8 (max 8)
- age   1:    5894424 bytes,    5894424 total
- age   2:       1104 bytes,    5895528 total
- age   3:       1104 bytes,    5896632 total
- age   4:       1032 bytes,    5897664 total
- age   5:        952 bytes,    5898616 total
- age   6:       1128 bytes,    5899744 total
- age   7:       1208 bytes,    5900952 total
- age   8:       1184 bytes,    5902136 total
: 99602K->8634K(109248K), 0.0084712 secs] 255187K->164220K(502464K), 0.0085623 secs] [Times: user=0.04 sys=0.00, real=0.01 secs] 
Heap after GC invocations=19767 (full 20):
 par new generation   total 109248K, used 8634K [0x00000007a0000000, 0x00000007a8000000, 0x00000007a8000000)
  eden space 87424K,   0% used [0x00000007a0000000, 0x00000007a0000000, 0x00000007a5560000)
  from space 21824K,  39% used [0x00000007a6ab0000, 0x00000007a731e880, 0x00000007a8000000)
  to   space 21824K,   0% used [0x00000007a5560000, 0x00000007a5560000, 0x00000007a6ab0000)
 concurrent mark-sweep generation total 393216K, used 155586K [0x00000007a8000000, 0x00000007c0000000, 0x00000007c0000000)
 Metaspace       used 43676K, capacity 44920K, committed 45100K, reserved 1089536K
  class space    used 5354K, capacity 5667K, committed 5676K, reserved 1048576K
}
2019-01-30T12:58:58.517+0600: 4936.087: Total time for which application threads were stopped: 0.0087970 seconds, Stopping threads took: 0.0000221 seconds
{Heap before GC invocations=19767 (full 20):
 par new generation   total 109248K, used 96058K [0x00000007a0000000, 0x00000007a8000000, 0x00000007a8000000)
  eden space 87424K, 100% used [0x00000007a0000000, 0x00000007a5560000, 0x00000007a5560000)
  from space 21824K,  39% used [0x00000007a6ab0000, 0x00000007a731e880, 0x00000007a8000000)
  to   space 21824K,   0% used [0x00000007a5560000, 0x00000007a5560000, 0x00000007a6ab0000)
 concurrent mark-sweep generation total 393216K, used 155586K [0x00000007a8000000, 0x00000007c0000000, 0x00000007c0000000)
 Metaspace       used 43676K, capacity 44920K, committed 45100K, reserved 1089536K
  class space    used 5354K, capacity 5667K, committed 5676K, reserved 1048576K
2019-01-30T12:58:58.722+0600: 4936.291: [GC (Allocation Failure) 2019-01-30T12:58:58.722+0600: 4936.291: [ParNew
Desired survivor size 20112992 bytes, new threshold 1 (max 8)
- age   1:   21057144 bytes,   21057144 total
- age   2:       1128 bytes,   21058272 total
- age   3:       1104 bytes,   21059376 total
- age   4:       1104 bytes,   21060480 total
- age   5:       1032 bytes,   21061512 total
- age   6:        952 bytes,   21062464 total
- age   7:       1128 bytes,   21063592 total
- age   8:       1208 bytes,   21064800 total
: 96058K->21824K(109248K), 0.0187054 secs] 251644K->177468K(502464K), 0.0188459 secs] [Times: user=0.07 sys=0.00, real=0.02 secs] 
Heap after GC invocations=19768 (full 20):
 par new generation   total 109248K, used 21824K [0x00000007a0000000, 0x00000007a8000000, 0x00000007a8000000)
  eden space 87424K,   0% used [0x00000007a0000000, 0x00000007a0000000, 0x00000007a5560000)
  from space 21824K, 100% used [0x00000007a5560000, 0x00000007a6ab0000, 0x00000007a6ab0000)
  to   space 21824K,   0% used [0x00000007a6ab0000, 0x00000007a6ab0000, 0x00000007a8000000)
 concurrent mark-sweep generation total 393216K, used 155644K [0x00000007a8000000, 0x00000007c0000000, 0x00000007c0000000)
 Metaspace       used 43676K, capacity 44920K, committed 45100K, reserved 1089536K
  class space    used 5354K, capacity 5667K, committed 5676K, reserved 1048576K
}
2019-01-30T12:58:58.741+0600: 4936.310: Total time for which application threads were stopped: 0.0191328 seconds, Stopping threads took: 0.0000286 seconds
{Heap before GC invocations=19768 (full 20):
 par new generation   total 109248K, used 109248K [0x00000007a0000000, 0x00000007a8000000, 0x00000007a8000000)
  eden space 87424K, 100% used [0x00000007a0000000, 0x00000007a5560000, 0x00000007a5560000)
  from space 21824K, 100% used [0x00000007a5560000, 0x00000007a6ab0000, 0x00000007a6ab0000)
  to   space 21824K,   0% used [0x00000007a6ab0000, 0x00000007a6ab0000, 0x00000007a8000000)
 concurrent mark-sweep generation total 393216K, used 155644K [0x00000007a8000000, 0x00000007c0000000, 0x00000007c0000000)
 Metaspace       used 43676K, capacity 44920K, committed 45100K, reserved 1089536K
  class space    used 5354K, capacity 5667K, committed 5676K, reserved 1048576K
2019-01-30T12:58:58.924+0600: 4936.493: [GC (Allocation Failure) 2019-01-30T12:58:58.924+0600: 4936.493: [ParNew
Desired survivor size 20112992 bytes, new threshold 8 (max 8)
- age   1:   16032056 bytes,   16032056 total
: 109248K->21824K(109248K), 0.0155102 secs] 264892K->177478K(502464K), 0.0155978 secs] [Times: user=0.05 sys=0.00, real=0.01 secs] 
Heap after GC invocations=19769 (full 20):
 par new generation   total 109248K, used 21824K [0x00000007a0000000, 0x00000007a8000000, 0x00000007a8000000)
  eden space 87424K,   0% used [0x00000007a0000000, 0x00000007a0000000, 0x00000007a5560000)
  from space 21824K, 100% used [0x00000007a6ab0000, 0x00000007a8000000, 0x00000007a8000000)
  to   space 21824K,   0% used [0x00000007a5560000, 0x00000007a5560000, 0x00000007a6ab0000)
 concurrent mark-sweep generation total 393216K, used 155654K [0x00000007a8000000, 0x00000007c0000000, 0x00000007c0000000)
 Metaspace       used 43676K, capacity 44920K, committed 45100K, reserved 1089536K
  class space    used 5354K, capacity 5667K, committed 5676K, reserved 1048576K
}
2019-01-30T12:58:58.939+0600: 4936.509: Total time for which application threads were stopped: 0.0158348 seconds, Stopping threads took: 0.0000192 seconds
{Heap before GC invocations=19769 (full 20):
 par new generation   total 109248K, used 109248K [0x00000007a0000000, 0x00000007a8000000, 0x00000007a8000000)
  eden space 87424K, 100% used [0x00000007a0000000, 0x00000007a5560000, 0x00000007a5560000)
  from space 21824K, 100% used [0x00000007a6ab0000, 0x00000007a8000000, 0x00000007a8000000)
  to   space 21824K,   0% used [0x00000007a5560000, 0x00000007a5560000, 0x00000007a6ab0000)
 concurrent mark-sweep generation total 393216K, used 155654K [0x00000007a8000000, 0x00000007c0000000, 0x00000007c0000000)
 Metaspace       used 43676K, capacity 44920K, committed 45100K, reserved 1089536K
  class space    used 5354K, capacity 5667K, committed 5676K, reserved 1048576K
2019-01-30T12:58:59.140+0600: 4936.710: [GC (Allocation Failure) 2019-01-30T12:58:59.169+0600: 4936.738: [ParNew
Desired survivor size 20112992 bytes, new threshold 8 (max 8)
- age   1:   12746664 bytes,   12746664 total
- age   2:       1000 bytes,   12747664 total
: 109248K->16034K(109248K), 0.0190563 secs] 264902K->171689K(502464K), 0.0474327 secs] [Times: user=0.05 sys=0.00, real=0.04 secs] 
Heap after GC invocations=19770 (full 20):
 par new generation   total 109248K, used 16034K [0x00000007a0000000, 0x00000007a8000000, 0x00000007a8000000)
  eden space 87424K,   0% used [0x00000007a0000000, 0x00000007a0000000, 0x00000007a5560000)
  from space 21824K,  73% used [0x00000007a5560000, 0x00000007a6508b08, 0x00000007a6ab0000)
  to   space 21824K,   0% used [0x00000007a6ab0000, 0x00000007a6ab0000, 0x00000007a8000000)
 concurrent mark-sweep generation total 393216K, used 155654K [0x00000007a8000000, 0x00000007c0000000, 0x00000007c0000000)
 Metaspace       used 43676K, capacity 44920K, committed 45100K, reserved 1089536K
  class space    used 5354K, capacity 5667K, committed 5676K, reserved 1048576K
}
2019-01-30T12:58:59.188+0600: 4936.758: Total time for which application threads were stopped: 0.0478320 seconds, Stopping threads took: 0.0000369 seconds
{Heap before GC invocations=19770 (full 20):
 par new generation   total 109248K, used 103458K [0x00000007a0000000, 0x00000007a8000000, 0x00000007a8000000)
  eden space 87424K, 100% used [0x00000007a0000000, 0x00000007a5560000, 0x00000007a5560000)
  from space 21824K,  73% used [0x00000007a5560000, 0x00000007a6508b08, 0x00000007a6ab0000)
  to   space 21824K,   0% used [0x00000007a6ab0000, 0x00000007a6ab0000, 0x00000007a8000000)
 concurrent mark-sweep generation total 393216K, used 155654K [0x00000007a8000000, 0x00000007c0000000, 0x00000007c0000000)
 Metaspace       used 43676K, capacity 44920K, committed 45100K, reserved 1089536K
  class space    used 5354K, capacity 5667K, committed 5676K, reserved 1048576K
2019-01-30T12:58:59.388+0600: 4936.957: [GC (Allocation Failure) 2019-01-30T12:58:59.388+0600: 4936.957: [ParNew
Desired survivor size 20112992 bytes, new threshold 8 (max 8)
- age   1:    9471680 bytes,    9471680 total
- age   2:       1000 bytes,    9472680 total
- age   3:       1000 bytes,    9473680 total
: 103458K->13918K(109248K), 0.0109123 secs] 259113K->169572K(502464K), 0.0110287 secs] [Times: user=0.04 sys=0.00, real=0.01 secs] 
Heap after GC invocations=19771 (full 20):
 par new generation   total 109248K, used 13918K [0x00000007a0000000, 0x00000007a8000000, 0x00000007a8000000)
  eden space 87424K,   0% used [0x00000007a0000000, 0x00000007a0000000, 0x00000007a5560000)
  from space 21824K,  63% used [0x00000007a6ab0000, 0x00000007a7847840, 0x00000007a8000000)
  to   space 21824K,   0% used [0x00000007a5560000, 0x00000007a5560000, 0x00000007a6ab0000)
 concurrent mark-sweep generation total 393216K, used 155654K [0x00000007a8000000, 0x00000007c0000000, 0x00000007c0000000)
 Metaspace       used 43676K, capacity 44920K, committed 45100K, reserved 1089536K
  class space    used 5354K, capacity 5667K, committed 5676K, reserved 1048576K
}
2019-01-30T12:58:59.399+0600: 4936.968: Total time for which application threads were stopped: 0.0112848 seconds, Stopping threads took: 0.0000245 seconds
{Heap before GC invocations=19771 (full 20):
 par new generation   total 109248K, used 101342K [0x00000007a0000000, 0x00000007a8000000, 0x00000007a8000000)
  eden space 87424K, 100% used [0x00000007a0000000, 0x00000007a5560000, 0x00000007a5560000)
  from space 21824K,  63% used [0x00000007a6ab0000, 0x00000007a7847840, 0x00000007a8000000)
  to   space 21824K,   0% used [0x00000007a5560000, 0x00000007a5560000, 0x00000007a6ab0000)
 concurrent mark-sweep generation total 393216K, used 155654K [0x00000007a8000000, 0x00000007c0000000, 0x00000007c0000000)
 Metaspace       used 43676K, capacity 44920K, committed 45100K, reserved 1089536K
  class space    used 5354K, capacity 5667K, committed 5676K, reserved 1048576K
2019-01-30T12:58:59.596+0600: 4937.166: [GC (Allocation Failure) 2019-01-30T12:58:59.596+0600: 4937.166: [ParNew
Desired survivor size 20112992 bytes, new threshold 8 (max 8)
- age   1:    5912560 bytes,    5912560 total
- age   2:       1176 bytes,    5913736 total
- age   3:       1000 bytes,    5914736 total
- age   4:       1000 bytes,    5915736 total
: 101342K->9129K(109248K), 0.0085399 secs] 256996K->164784K(502464K), 0.0086468 secs] [Times: user=0.03 sys=0.00, real=0.01 secs] 
Heap after GC invocations=19772 (full 20):
 par new generation   total 109248K, used 9129K [0x00000007a0000000, 0x00000007a8000000, 0x00000007a8000000)
  eden space 87424K,   0% used [0x00000007a0000000, 0x00000007a0000000, 0x00000007a5560000)
  from space 21824K,  41% used [0x00000007a5560000, 0x00000007a5e4a550, 0x00000007a6ab0000)
  to   space 21824K,   0% used [0x00000007a6ab0000, 0x00000007a6ab0000, 0x00000007a8000000)
 concurrent mark-sweep generation total 393216K, used 155654K [0x00000007a8000000, 0x00000007c0000000, 0x00000007c0000000)
 Metaspace       used 43676K, capacity 44920K, committed 45100K, reserved 1089536K
  class space    used 5354K, capacity 5667K, committed 5676K, reserved 1048576K
}
2019-01-30T12:58:59.605+0600: 4937.175: Total time for which application threads were stopped: 0.0088812 seconds, Stopping threads took: 0.0000216 seconds
{Heap before GC invocations=19772 (full 20):
 par new generation   total 109248K, used 96553K [0x00000007a0000000, 0x00000007a8000000, 0x00000007a8000000)
  eden space 87424K, 100% used [0x00000007a0000000, 0x00000007a5560000, 0x00000007a5560000)
  from space 21824K,  41% used [0x00000007a5560000, 0x00000007a5e4a550, 0x00000007a6ab0000)
  to   space 21824K,   0% used [0x00000007a6ab0000, 0x00000007a6ab0000, 0x00000007a8000000)
 concurrent mark-sweep generation total 393216K, used 155654K [0x00000007a8000000, 0x00000007c0000000, 0x00000007c0000000)
 Metaspace       used 43676K, capacity 44920K, committed 45100K, reserved 1089536K
  class space    used 5354K, capacity 5667K, committed 5676K, reserved 1048576K
2019-01-30T12:58:59.800+0600: 4937.370: [GC (Allocation Failure) 2019-01-30T12:58:59.801+0600: 4937.370: [ParNew
Desired survivor size 20112992 bytes, new threshold 8 (max 8)
- age   1:    5872040 bytes,    5872040 total
- age   2:       1112 bytes,    5873152 total
- age   3:       1176 bytes,    5874328 total
- age   4:       1000 bytes,    5875328 total
- age   5:       1000 bytes,    5876328 total
: 96553K->5977K(109248K), 0.0083283 secs] 252208K->161632K(502464K), 0.0084348 secs] [Times: user=0.03 sys=0.00, real=0.00 secs] 
Heap after GC invocations=19773 (full 20):
 par new generation   total 109248K, used 5977K [0x00000007a0000000, 0x00000007a8000000, 0x00000007a8000000)
  eden space 87424K,   0% used [0x00000007a0000000, 0x00000007a0000000, 0x00000007a5560000)
  from space 21824K,  27% used [0x00000007a6ab0000, 0x00000007a7086500, 0x00000007a8000000)
  to   space 21824K,   0% used [0x00000007a5560000, 0x00000007a5560000, 0x00000007a6ab0000)
 concurrent mark-sweep generation total 393216K, used 155654K [0x00000007a8000000, 0x00000007c0000000, 0x00000007c0000000)
 Metaspace       used 43676K, capacity 44920K, committed 45100K, reserved 1089536K
  class space    used 5354K, capacity 5667K, committed 5676K, reserved 1048576K
}
2019-01-30T12:58:59.809+0600: 4937.379: Total time for which application threads were stopped: 0.0086755 seconds, Stopping threads took: 0.0000212 seconds
{Heap before GC invocations=19773 (full 20):
 par new generation   total 109248K, used 93401K [0x00000007a0000000, 0x00000007a8000000, 0x00000007a8000000)
  eden space 87424K, 100% used [0x00000007a0000000, 0x00000007a5560000, 0x00000007a5560000)
  from space 21824K,  27% used [0x00000007a6ab0000, 0x00000007a7086500, 0x00000007a8000000)
  to   space 21824K,   0% used [0x00000007a5560000, 0x00000007a5560000, 0x00000007a6ab0000)
 concurrent mark-sweep generation total 393216K, used 155654K [0x00000007a8000000, 0x00000007c0000000, 0x00000007c0000000)
 Metaspace       used 43676K, capacity 44920K, committed 45100K, reserved 1089536K
  class space    used 5354K, capacity 5667K, committed 5676K, reserved 1048576K
2019-01-30T12:59:00.008+0600: 4937.578: [GC (Allocation Failure) 2019-01-30T12:59:00.008+0600: 4937.578: [ParNew
Desired survivor size 20112992 bytes, new threshold 8 (max 8)
- age   1:   19015128 bytes,   19015128 total
- age   2:       1112 bytes,   19016240 total
- age   3:       1112 bytes,   19017352 total
- age   4:       1176 bytes,   19018528 total
- age   5:       1000 bytes,   19019528 total
- age   6:       1000 bytes,   19020528 total
: 93401K->20441K(109248K), 0.0173014 secs] 249056K->176096K(502464K), 0.0174237 secs] [Times: user=0.07 sys=0.00, real=0.02 secs] 
Heap after GC invocations=19774 (full 20):
 par new generation   total 109248K, used 20441K [0x00000007a0000000, 0x00000007a8000000, 0x00000007a8000000)
  eden space 87424K,   0% used [0x00000007a0000000, 0x00000007a0000000, 0x00000007a5560000)
  from space 21824K,  93% used [0x00000007a5560000, 0x00000007a6956540, 0x00000007a6ab0000)
  to   space 21824K,   0% used [0x00000007a6ab0000, 0x00000007a6ab0000, 0x00000007a8000000)
 concurrent mark-sweep generation total 393216K, used 155654K [0x00000007a8000000, 0x00000007c0000000, 0x00000007c0000000)
 Metaspace       used 43676K, capacity 44920K, committed 45100K, reserved 1089536K
  class space    used 5354K, capacity 5667K, committed 5676K, reserved 1048576K
}
2019-01-30T12:59:00.026+0600: 4937.595: Total time for which application threads were stopped: 0.0176781 seconds, Stopping threads took: 0.0000262 seconds
{Heap before GC invocations=19774 (full 20):
 par new generation   total 109248K, used 107865K [0x00000007a0000000, 0x00000007a8000000, 0x00000007a8000000)
  eden space 87424K, 100% used [0x00000007a0000000, 0x00000007a5560000, 0x00000007a5560000)
  from space 21824K,  93% used [0x00000007a5560000, 0x00000007a6956540, 0x00000007a6ab0000)
  to   space 21824K,   0% used [0x00000007a6ab0000, 0x00000007a6ab0000, 0x00000007a8000000)
 concurrent mark-sweep generation total 393216K, used 155654K [0x00000007a8000000, 0x00000007c0000000, 0x00000007c0000000)
 Metaspace       used 43676K, capacity 44920K, committed 45100K, reserved 1089536K
  class space    used 5354K, capacity 5667K, committed 5676K, reserved 1048576K
2019-01-30T12:59:00.222+0600: 4937.791: [GC (Allocation Failure) 2019-01-30T12:59:00.222+0600: 4937.791: [ParNew
Desired survivor size 20112992 bytes, new threshold 8 (max 8)
- age   1:   14617680 bytes,   14617680 total
- age   2:        976 bytes,   14618656 total
- age   3:       1112 bytes,   14619768 total
- age   4:       1112 bytes,   14620880 total
- age   5:       1176 bytes,   14622056 total
- age   6:       1000 bytes,   14623056 total
- age   7:       1000 bytes,   14624056 total
: 107865K->20791K(109248K), 0.0142944 secs] 263520K->176445K(502464K), 0.0144079 secs] [Times: user=0.06 sys=0.00, real=0.01 secs] 
Heap after GC invocations=19775 (full 20):
 par new generation   total 109248K, used 20791K [0x00000007a0000000, 0x00000007a8000000, 0x00000007a8000000)
  eden space 87424K,   0% used [0x00000007a0000000, 0x00000007a0000000, 0x00000007a5560000)
  from space 21824K,  95% used [0x00000007a6ab0000, 0x00000007a7efdc28, 0x00000007a8000000)
  to   space 21824K,   0% used [0x00000007a5560000, 0x00000007a5560000, 0x00000007a6ab0000)
 concurrent mark-sweep generation total 393216K, used 155654K [0x00000007a8000000, 0x00000007c0000000, 0x00000007c0000000)
 Metaspace       used 43676K, capacity 44920K, committed 45100K, reserved 1089536K
  class space    used 5354K, capacity 5667K, committed 5676K, reserved 1048576K
}
2019-01-30T12:59:00.236+0600: 4937.806: Total time for which application threads were stopped: 0.0146632 seconds, Stopping threads took: 0.0000321 seconds
{Heap before GC invocations=19775 (full 20):
 par new generation   total 109248K, used 108215K [0x00000007a0000000, 0x00000007a8000000, 0x00000007a8000000)
  eden space 87424K, 100% used [0x00000007a0000000, 0x00000007a5560000, 0x00000007a5560000)
  from space 21824K,  95% used [0x00000007a6ab0000, 0x00000007a7efdc28, 0x00000007a8000000)
  to   space 21824K,   0% used [0x00000007a5560000, 0x00000007a5560000, 0x00000007a6ab0000)
 concurrent mark-sweep generation total 393216K, used 155654K [0x00000007a8000000, 0x00000007c0000000, 0x00000007c0000000)
 Metaspace       used 43676K, capacity 44920K, committed 45100K, reserved 1089536K
  class space    used 5354K, capacity 5667K, committed 5676K, reserved 1048576K
2019-01-30T12:59:00.431+0600: 4938.000: [GC (Allocation Failure) 2019-01-30T12:59:00.431+0600: 4938.001: [ParNew
Desired survivor size 20112992 bytes, new threshold 8 (max 8)
- age   1:   11062584 bytes,   11062584 total
- age   2:       1000 bytes,   11063584 total
- age   3:        976 bytes,   11064560 total
- age   4:       1112 bytes,   11065672 total
- age   5:       1112 bytes,   11066784 total
- age   6:       1176 bytes,   11067960 total
- age   7:       1000 bytes,   11068960 total
- age   8:       1000 bytes,   11069960 total
: 108215K->16651K(109248K), 0.0120097 secs] 263869K->172306K(502464K), 0.0121262 secs] [Times: user=0.05 sys=0.00, real=0.01 secs] 
Heap after GC invocations=19776 (full 20):
 par new generation   total 109248K, used 16651K [0x00000007a0000000, 0x00000007a8000000, 0x00000007a8000000)
  eden space 87424K,   0% used [0x00000007a0000000, 0x00000007a0000000, 0x00000007a5560000)
  from space 21824K,  76% used [0x00000007a5560000, 0x00000007a65a2d00, 0x00000007a6ab0000)
  to   space 21824K,   0% used [0x00000007a6ab0000, 0x00000007a6ab0000, 0x00000007a8000000)
 concurrent mark-sweep generation total 393216K, used 155654K [0x00000007a8000000, 0x00000007c0000000, 0x00000007c0000000)
 Metaspace       used 43676K, capacity 44920K, committed 45100K, reserved 1089536K
  class space    used 5354K, capacity 5667K, committed 5676K, reserved 1048576K
}
2019-01-30T12:59:00.443+0600: 4938.013: Total time for which application threads were stopped: 0.0123682 seconds, Stopping threads took: 0.0000249 seconds
{Heap before GC invocations=19776 (full 20):
 par new generation   total 109248K, used 104075K [0x00000007a0000000, 0x00000007a8000000, 0x00000007a8000000)
  eden space 87424K, 100% used [0x00000007a0000000, 0x00000007a5560000, 0x00000007a5560000)
  from space 21824K,  76% used [0x00000007a5560000, 0x00000007a65a2d00, 0x00000007a6ab0000)
  to   space 21824K,   0% used [0x00000007a6ab0000, 0x00000007a6ab0000, 0x00000007a8000000)
 concurrent mark-sweep generation total 393216K, used 155654K [0x00000007a8000000, 0x00000007c0000000, 0x00000007c0000000)
 Metaspace       used 43676K, capacity 44920K, committed 45100K, reserved 1089536K
  class space    used 5354K, capacity 5667K, committed 5676K, reserved 1048576K
2019-01-30T12:59:00.641+0600: 4938.211: [GC (Allocation Failure) 2019-01-30T12:59:00.642+0600: 4938.211: [ParNew
Desired survivor size 20112992 bytes, new threshold 8 (max 8)
- age   1:    7698560 bytes,    7698560 total
- age   2:       1216 bytes,    7699776 total
- age   3:       1000 bytes,    7700776 total
- age   4:        976 bytes,    7701752 total
- age   5:       1112 bytes,    7702864 total
- age   6:       1112 bytes,    7703976 total
- age   7:       1176 bytes,    7705152 total
- age   8:       1000 bytes,    7706152 total
: 104075K->10592K(109248K), 0.0098156 secs] 259730K->166247K(502464K), 0.0099387 secs] [Times: user=0.03 sys=0.00, real=0.01 secs] 
Heap after GC invocations=19777 (full 20):
 par new generation   total 109248K, used 10592K [0x00000007a0000000, 0x00000007a8000000, 0x00000007a8000000)
  eden space 87424K,   0% used [0x00000007a0000000, 0x00000007a0000000, 0x00000007a5560000)
  from space 21824K,  48% used [0x00000007a6ab0000, 0x00000007a7508050, 0x00000007a8000000)
  to   space 21824K,   0% used [0x00000007a5560000, 0x00000007a5560000, 0x00000007a6ab0000)
 concurrent mark-sweep generation total 393216K, used 155655K [0x00000007a8000000, 0x00000007c0000000, 0x00000007c0000000)
 Metaspace       used 43676K, capacity 44920K, committed 45100K, reserved 1089536K
  class space    used 5354K, capacity 5667K, committed 5676K, reserved 1048576K
}
2019-01-30T12:59:00.651+0600: 4938.221: Total time for which application threads were stopped: 0.0101967 seconds, Stopping threads took: 0.0000273 seconds
{Heap before GC invocations=19777 (full 20):
 par new generation   total 109248K, used 98016K [0x00000007a0000000, 0x00000007a8000000, 0x00000007a8000000)
  eden space 87424K, 100% used [0x00000007a0000000, 0x00000007a5560000, 0x00000007a5560000)
  from space 21824K,  48% used [0x00000007a6ab0000, 0x00000007a7508050, 0x00000007a8000000)
  to   space 21824K,   0% used [0x00000007a5560000, 0x00000007a5560000, 0x00000007a6ab0000)
 concurrent mark-sweep generation total 393216K, used 155655K [0x00000007a8000000, 0x00000007c0000000, 0x00000007c0000000)
 Metaspace       used 43676K, capacity 44920K, committed 45100K, reserved 1089536K
  class space    used 5354K, capacity 5667K, committed 5676K, reserved 1048576K
2019-01-30T12:59:00.852+0600: 4938.421: [GC (Allocation Failure) 2019-01-30T12:59:00.852+0600: 4938.421: [ParNew
Desired survivor size 20112992 bytes, new threshold 8 (max 8)
- age   1:    5894472 bytes,    5894472 total
- age   2:       1120 bytes,    5895592 total
- age   3:       1216 bytes,    5896808 total
- age   4:       1000 bytes,    5897808 total
- age   5:        976 bytes,    5898784 total
- age   6:       1112 bytes,    5899896 total
- age   7:       1112 bytes,    5901008 total
- age   8:       1176 bytes,    5902184 total
: 98016K->8292K(109248K), 0.0083826 secs] 253671K->163949K(502464K), 0.0084853 secs] [Times: user=0.03 sys=0.00, real=0.01 secs] 
Heap after GC invocations=19778 (full 20):
 par new generation   total 109248K, used 8292K [0x00000007a0000000, 0x00000007a8000000, 0x00000007a8000000)
  eden space 87424K,   0% used [0x00000007a0000000, 0x00000007a0000000, 0x00000007a5560000)
  from space 21824K,  37% used [0x00000007a5560000, 0x00000007a5d790d0, 0x00000007a6ab0000)
  to   space 21824K,   0% used [0x00000007a6ab0000, 0x00000007a6ab0000, 0x00000007a8000000)
 concurrent mark-sweep generation total 393216K, used 155656K [0x00000007a8000000, 0x00000007c0000000, 0x00000007c0000000)
 Metaspace       used 43676K, capacity 44920K, committed 45100K, reserved 1089536K
  class space    used 5354K, capacity 5667K, committed 5676K, reserved 1048576K
}
2019-01-30T12:59:00.860+0600: 4938.430: Total time for which application threads were stopped: 0.0087287 seconds, Stopping threads took: 0.0000220 seconds
{Heap before GC invocations=19778 (full 20):
 par new generation   total 109248K, used 95716K [0x00000007a0000000, 0x00000007a8000000, 0x00000007a8000000)
  eden space 87424K, 100% used [0x00000007a0000000, 0x00000007a5560000, 0x00000007a5560000)
  from space 21824K,  37% used [0x00000007a5560000, 0x00000007a5d790d0, 0x00000007a6ab0000)
  to   space 21824K,   0% used [0x00000007a6ab0000, 0x00000007a6ab0000, 0x00000007a8000000)
 concurrent mark-sweep generation total 393216K, used 155656K [0x00000007a8000000, 0x00000007c0000000, 0x00000007c0000000)
 Metaspace       used 43676K, capacity 44920K, committed 45100K, reserved 1089536K
  class space    used 5354K, capacity 5667K, committed 5676K, reserved 1048576K
2019-01-30T12:59:01.059+0600: 4938.629: [GC (Allocation Failure) 2019-01-30T12:59:01.059+0600: 4938.629: [ParNew
Desired survivor size 20112992 bytes, new threshold 1 (max 8)
- age   1:   21116224 bytes,   21116224 total
- age   2:       1096 bytes,   21117320 total
- age   3:       1120 bytes,   21118440 total
- age   4:       1216 bytes,   21119656 total
- age   5:       1000 bytes,   21120656 total
- age   6:        976 bytes,   21121632 total
- age   7:       1112 bytes,   21122744 total
- age   8:       1112 bytes,   21123856 total
: 95716K->21367K(109248K), 0.0192578 secs] 251373K->177025K(502464K), 0.0194012 secs] [Times: user=0.08 sys=0.00, real=0.02 secs] 
Heap after GC invocations=19779 (full 20):
 par new generation   total 109248K, used 21367K [0x00000007a0000000, 0x00000007a8000000, 0x00000007a8000000)
  eden space 87424K,   0% used [0x00000007a0000000, 0x00000007a0000000, 0x00000007a5560000)
  from space 21824K,  97% used [0x00000007a6ab0000, 0x00000007a7f8dcb8, 0x00000007a8000000)
  to   space 21824K,   0% used [0x00000007a5560000, 0x00000007a5560000, 0x00000007a6ab0000)
 concurrent mark-sweep generation total 393216K, used 155658K [0x00000007a8000000, 0x00000007c0000000, 0x00000007c0000000)
 Metaspace       used 43676K, capacity 44920K, committed 45100K, reserved 1089536K
  class space    used 5354K, capacity 5667K, committed 5676K, reserved 1048576K
}
2019-01-30T12:59:01.079+0600: 4938.648: Total time for which application threads were stopped: 0.0196981 seconds, Stopping threads took: 0.0000283 seconds
{Heap before GC invocations=19779 (full 20):
 par new generation   total 109248K, used 108791K [0x00000007a0000000, 0x00000007a8000000, 0x00000007a8000000)
  eden space 87424K, 100% used [0x00000007a0000000, 0x00000007a5560000, 0x00000007a5560000)
  from space 21824K,  97% used [0x00000007a6ab0000, 0x00000007a7f8dcb8, 0x00000007a8000000)
  to   space 21824K,   0% used [0x00000007a5560000, 0x00000007a5560000, 0x00000007a6ab0000)
 concurrent mark-sweep generation total 393216K, used 155658K [0x00000007a8000000, 0x00000007c0000000, 0x00000007c0000000)
 Metaspace       used 43676K, capacity 44920K, committed 45100K, reserved 1089536K
  class space    used 5354K, capacity 5667K, committed 5676K, reserved 1048576K
2019-01-30T12:59:01.268+0600: 4938.838: [GC (Allocation Failure) 2019-01-30T12:59:01.268+0600: 4938.838: [ParNew
Desired survivor size 20112992 bytes, new threshold 8 (max 8)
- age   1:   16032224 bytes,   16032224 total
: 108791K->21824K(109248K), 0.0156182 secs] 264449K->177490K(502464K), 0.0157494 secs] [Times: user=0.05 sys=0.00, real=0.02 secs] 
Heap after GC invocations=19780 (full 20):
 par new generation   total 109248K, used 21824K [0x00000007a0000000, 0x00000007a8000000, 0x00000007a8000000)
  eden space 87424K,   0% used [0x00000007a0000000, 0x00000007a0000000, 0x00000007a5560000)
  from space 21824K, 100% used [0x00000007a5560000, 0x00000007a6ab0000, 0x00000007a6ab0000)
  to   space 21824K,   0% used [0x00000007a6ab0000, 0x00000007a6ab0000, 0x00000007a8000000)
 concurrent mark-sweep generation total 393216K, used 155666K [0x00000007a8000000, 0x00000007c0000000, 0x00000007c0000000)
 Metaspace       used 43676K, capacity 44920K, committed 45100K, reserved 1089536K
  class space    used 5354K, capacity 5667K, committed 5676K, reserved 1048576K
}
2019-01-30T12:59:01.284+0600: 4938.854: Total time for which application threads were stopped: 0.0161033 seconds, Stopping threads took: 0.0000382 seconds
{Heap before GC invocations=19780 (full 20):
 par new generation   total 109248K, used 109248K [0x00000007a0000000, 0x00000007a8000000, 0x00000007a8000000)
  eden space 87424K, 100% used [0x00000007a0000000, 0x00000007a5560000, 0x00000007a5560000)
  from space 21824K, 100% used [0x00000007a5560000, 0x00000007a6ab0000, 0x00000007a6ab0000)
  to   space 21824K,   0% used [0x00000007a6ab0000, 0x00000007a6ab0000, 0x00000007a8000000)
 concurrent mark-sweep generation total 393216K, used 155666K [0x00000007a8000000, 0x00000007c0000000, 0x00000007c0000000)
 Metaspace       used 43676K, capacity 44920K, committed 45100K, reserved 1089536K
  class space    used 5354K, capacity 5667K, committed 5676K, reserved 1048576K
2019-01-30T12:59:01.478+0600: 4939.047: [GC (Allocation Failure) 2019-01-30T12:59:01.478+0600: 4939.048: [ParNew
Desired survivor size 20112992 bytes, new threshold 8 (max 8)
- age   1:   12730184 bytes,   12730184 total
- age   2:       1000 bytes,   12731184 total
: 109248K->18203K(109248K), 0.0140059 secs] 264914K->173870K(502464K), 0.0141274 secs] [Times: user=0.04 sys=0.01, real=0.02 secs] 
Heap after GC invocations=19781 (full 20):
 par new generation   total 109248K, used 18203K [0x00000007a0000000, 0x00000007a8000000, 0x00000007a8000000)
  eden space 87424K,   0% used [0x00000007a0000000, 0x00000007a0000000, 0x00000007a5560000)
  from space 21824K,  83% used [0x00000007a6ab0000, 0x00000007a7c76f40, 0x00000007a8000000)
  to   space 21824K,   0% used [0x00000007a5560000, 0x00000007a5560000, 0x00000007a6ab0000)
 concurrent mark-sweep generation total 393216K, used 155666K [0x00000007a8000000, 0x00000007c0000000, 0x00000007c0000000)
 Metaspace       used 43676K, capacity 44920K, committed 45100K, reserved 1089536K
  class space    used 5354K, capacity 5667K, committed 5676K, reserved 1048576K
}
2019-01-30T12:59:01.492+0600: 4939.062: Total time for which application threads were stopped: 0.0143776 seconds, Stopping threads took: 0.0000231 seconds
{Heap before GC invocations=19781 (full 20):
 par new generation   total 109248K, used 105627K [0x00000007a0000000, 0x00000007a8000000, 0x00000007a8000000)
  eden space 87424K, 100% used [0x00000007a0000000, 0x00000007a5560000, 0x00000007a5560000)
  from space 21824K,  83% used [0x00000007a6ab0000, 0x00000007a7c76f40, 0x00000007a8000000)
  to   space 21824K,   0% used [0x00000007a5560000, 0x00000007a5560000, 0x00000007a6ab0000)
 concurrent mark-sweep generation total 393216K, used 155666K [0x00000007a8000000, 0x00000007c0000000, 0x00000007c0000000)
 Metaspace       used 43676K, capacity 44920K, committed 45100K, reserved 1089536K
  class space    used 5354K, capacity 5667K, committed 5676K, reserved 1048576K
2019-01-30T12:59:01.690+0600: 4939.259: [GC (Allocation Failure) 2019-01-30T12:59:01.690+0600: 4939.259: [ParNew
Desired survivor size 20112992 bytes, new threshold 8 (max 8)
- age   1:    9450168 bytes,    9450168 total
- age   2:        992 bytes,    9451160 total
- age   3:       1000 bytes,    9452160 total
: 105627K->13875K(109248K), 0.0108435 secs] 261294K->169542K(502464K), 0.0109703 secs] [Times: user=0.04 sys=0.01, real=0.01 secs] 
Heap after GC invocations=19782 (full 20):
 par new generation   total 109248K, used 13875K [0x00000007a0000000, 0x00000007a8000000, 0x00000007a8000000)
  eden space 87424K,   0% used [0x00000007a0000000, 0x00000007a0000000, 0x00000007a5560000)
  from space 21824K,  63% used [0x00000007a5560000, 0x00000007a62ece40, 0x00000007a6ab0000)
  to   space 21824K,   0% used [0x00000007a6ab0000, 0x00000007a6ab0000, 0x00000007a8000000)
 concurrent mark-sweep generation total 393216K, used 155666K [0x00000007a8000000, 0x00000007c0000000, 0x00000007c0000000)
 Metaspace       used 43676K, capacity 44920K, committed 45100K, reserved 1089536K
  class space    used 5354K, capacity 5667K, committed 5676K, reserved 1048576K
}
2019-01-30T12:59:01.701+0600: 4939.270: Total time for which application threads were stopped: 0.0112222 seconds, Stopping threads took: 0.0000241 seconds
{Heap before GC invocations=19782 (full 20):
 par new generation   total 109248K, used 101299K [0x00000007a0000000, 0x00000007a8000000, 0x00000007a8000000)
  eden space 87424K, 100% used [0x00000007a0000000, 0x00000007a5560000, 0x00000007a5560000)
  from space 21824K,  63% used [0x00000007a5560000, 0x00000007a62ece40, 0x00000007a6ab0000)
  to   space 21824K,   0% used [0x00000007a6ab0000, 0x00000007a6ab0000, 0x00000007a8000000)
 concurrent mark-sweep generation total 393216K, used 155666K [0x00000007a8000000, 0x00000007c0000000, 0x00000007c0000000)
 Metaspace       used 43676K, capacity 44920K, committed 45100K, reserved 1089536K
  class space    used 5354K, capacity 5667K, committed 5676K, reserved 1048576K
2019-01-30T12:59:01.900+0600: 4939.469: [GC (Allocation Failure) 2019-01-30T12:59:01.900+0600: 4939.469: [ParNew
Desired survivor size 20112992 bytes, new threshold 8 (max 8)
- age   1:    5917104 bytes,    5917104 total
- age   2:       1128 bytes,    5918232 total
- age   3:        992 bytes,    5919224 total
- age   4:       1000 bytes,    5920224 total
: 101299K->9108K(109248K), 0.0081340 secs] 256966K->164775K(502464K), 0.0082438 secs] [Times: user=0.03 sys=0.00, real=0.00 secs] 
Heap after GC invocations=19783 (full 20):
 par new generation   total 109248K, used 9108K [0x00000007a0000000, 0x00000007a8000000, 0x00000007a8000000)
  eden space 87424K,   0% used [0x00000007a0000000, 0x00000007a0000000, 0x00000007a5560000)
  from space 21824K,  41% used [0x00000007a6ab0000, 0x00000007a73950d0, 0x00000007a8000000)
  to   space 21824K,   0% used [0x00000007a5560000, 0x00000007a5560000, 0x00000007a6ab0000)
 concurrent mark-sweep generation total 393216K, used 155666K [0x00000007a8000000, 0x00000007c0000000, 0x00000007c0000000)
 Metaspace       used 43676K, capacity 44920K, committed 45100K, reserved 1089536K
  class space    used 5354K, capacity 5667K, committed 5676K, reserved 1048576K
}
2019-01-30T12:59:01.908+0600: 4939.478: Total time for which application threads were stopped: 0.0085336 seconds, Stopping threads took: 0.0000210 seconds
{Heap before GC invocations=19783 (full 20):
 par new generation   total 109248K, used 96532K [0x00000007a0000000, 0x00000007a8000000, 0x00000007a8000000)
  eden space 87424K, 100% used [0x00000007a0000000, 0x00000007a5560000, 0x00000007a5560000)
  from space 21824K,  41% used [0x00000007a6ab0000, 0x00000007a73950d0, 0x00000007a8000000)
  to   space 21824K,   0% used [0x00000007a5560000, 0x00000007a5560000, 0x00000007a6ab0000)
 concurrent mark-sweep generation total 393216K, used 155666K [0x00000007a8000000, 0x00000007c0000000, 0x00000007c0000000)
 Metaspace       used 43676K, capacity 44920K, committed 45100K, reserved 1089536K
  class space    used 5354K, capacity 5667K, committed 5676K, reserved 1048576K
2019-01-30T12:59:02.114+0600: 4939.684: [GC (Allocation Failure) 2019-01-30T12:59:02.114+0600: 4939.684: [ParNew
Desired survivor size 20112992 bytes, new threshold 8 (max 8)
- age   1:    5864016 bytes,    5864016 total
- age   2:       1136 bytes,    5865152 total
- age   3:       1128 bytes,    5866280 total
- age   4:        992 bytes,    5867272 total
- age   5:       1000 bytes,    5868272 total
: 96532K->6523K(109248K), 0.0083915 secs] 252199K->162190K(502464K), 0.0085006 secs] [Times: user=0.03 sys=0.00, real=0.01 secs] 
Heap after GC invocations=19784 (full 20):
 par new generation   total 109248K, used 6523K [0x00000007a0000000, 0x00000007a8000000, 0x00000007a8000000)
  eden space 87424K,   0% used [0x00000007a0000000, 0x00000007a0000000, 0x00000007a5560000)
  from space 21824K,  29% used [0x00000007a5560000, 0x00000007a5bbeed0, 0x00000007a6ab0000)
  to   space 21824K,   0% used [0x00000007a6ab0000, 0x00000007a6ab0000, 0x00000007a8000000)
 concurrent mark-sweep generation total 393216K, used 155666K [0x00000007a8000000, 0x00000007c0000000, 0x00000007c0000000)
 Metaspace       used 43676K, capacity 44920K, committed 45100K, reserved 1089536K
  class space    used 5354K, capacity 5667K, committed 5676K, reserved 1048576K
}
2019-01-30T12:59:02.123+0600: 4939.692: Total time for which application threads were stopped: 0.0087539 seconds, Stopping threads took: 0.0000244 seconds
{Heap before GC invocations=19784 (full 20):
 par new generation   total 109248K, used 93947K [0x00000007a0000000, 0x00000007a8000000, 0x00000007a8000000)
  eden space 87424K, 100% used [0x00000007a0000000, 0x00000007a5560000, 0x00000007a5560000)
  from space 21824K,  29% used [0x00000007a5560000, 0x00000007a5bbeed0, 0x00000007a6ab0000)
  to   space 21824K,   0% used [0x00000007a6ab0000, 0x00000007a6ab0000, 0x00000007a8000000)
 concurrent mark-sweep generation total 393216K, used 155666K [0x00000007a8000000, 0x00000007c0000000, 0x00000007c0000000)
 Metaspace       used 43676K, capacity 44920K, committed 45100K, reserved 1089536K
  class space    used 5354K, capacity 5667K, committed 5676K, reserved 1048576K
2019-01-30T12:59:02.317+0600: 4939.887: [GC (Allocation Failure) 2019-01-30T12:59:02.317+0600: 4939.887: [ParNew
Desired survivor size 20112992 bytes, new threshold 8 (max 8)
- age   1:   19027760 bytes,   19027760 total
- age   2:       1128 bytes,   19028888 total
- age   3:       1136 bytes,   19030024 total
- age   4:       1128 bytes,   19031152 total
- age   5:        992 bytes,   19032144 total
- age   6:       1000 bytes,   19033144 total
: 93947K->20416K(109248K), 0.0170060 secs] 249614K->176082K(502464K), 0.0171205 secs] [Times: user=0.07 sys=0.00, real=0.02 secs] 
Heap after GC invocations=19785 (full 20):
 par new generation   total 109248K, used 20416K [0x00000007a0000000, 0x00000007a8000000, 0x00000007a8000000)
  eden space 87424K,   0% used [0x00000007a0000000, 0x00000007a0000000, 0x00000007a5560000)
  from space 21824K,  93% used [0x00000007a6ab0000, 0x00000007a7ea00c0, 0x00000007a8000000)
  to   space 21824K,   0% used [0x00000007a5560000, 0x00000007a5560000, 0x00000007a6ab0000)
 concurrent mark-sweep generation total 393216K, used 155666K [0x00000007a8000000, 0x00000007c0000000, 0x00000007c0000000)
 Metaspace       used 43676K, capacity 44920K, committed 45100K, reserved 1089536K
  class space    used 5354K, capacity 5667K, committed 5676K, reserved 1048576K
}
2019-01-30T12:59:02.335+0600: 4939.904: Total time for which application threads were stopped: 0.0173491 seconds, Stopping threads took: 0.0000229 seconds
{Heap before GC invocations=19785 (full 20):
 par new generation   total 109248K, used 107840K [0x00000007a0000000, 0x00000007a8000000, 0x00000007a8000000)
  eden space 87424K, 100% used [0x00000007a0000000, 0x00000007a5560000, 0x00000007a5560000)
  from space 21824K,  93% used [0x00000007a6ab0000, 0x00000007a7ea00c0, 0x00000007a8000000)
  to   space 21824K,   0% used [0x00000007a5560000, 0x00000007a5560000, 0x00000007a6ab0000)
 concurrent mark-sweep generation total 393216K, used 155666K [0x00000007a8000000, 0x00000007c0000000, 0x00000007c0000000)
 Metaspace       used 43676K, capacity 44920K, committed 45100K, reserved 1089536K
  class space    used 5354K, capacity 5667K, committed 5676K, reserved 1048576K
2019-01-30T12:59:02.526+0600: 4940.095: [GC (Allocation Failure) 2019-01-30T12:59:02.526+0600: 4940.095: [ParNew
Desired survivor size 20112992 bytes, new threshold 8 (max 8)
- age   1:   14617848 bytes,   14617848 total
- age   2:        992 bytes,   14618840 total
- age   3:       1128 bytes,   14619968 total
- age   4:       1136 bytes,   14621104 total
- age   5:       1128 bytes,   14622232 total
- age   6:        992 bytes,   14623224 total
- age   7:       1000 bytes,   14624224 total
: 107840K->21824K(109248K), 0.0142585 secs] 263506K->177490K(502464K), 0.0143681 secs] [Times: user=0.05 sys=0.00, real=0.02 secs] 
Heap after GC invocations=19786 (full 20):
 par new generation   total 109248K, used 21824K [0x00000007a0000000, 0x00000007a8000000, 0x00000007a8000000)
  eden space 87424K,   0% used [0x00000007a0000000, 0x00000007a0000000, 0x00000007a5560000)
  from space 21824K, 100% used [0x00000007a5560000, 0x00000007a6ab0000, 0x00000007a6ab0000)
  to   space 21824K,   0% used [0x00000007a6ab0000, 0x00000007a6ab0000, 0x00000007a8000000)
 concurrent mark-sweep generation total 393216K, used 155666K [0x00000007a8000000, 0x00000007c0000000, 0x00000007c0000000)
 Metaspace       used 43676K, capacity 44920K, committed 45100K, reserved 1089536K
  class space    used 5354K, capacity 5667K, committed 5676K, reserved 1048576K
}
2019-01-30T12:59:02.540+0600: 4940.109: Total time for which application threads were stopped: 0.0146313 seconds, Stopping threads took: 0.0000384 seconds
{Heap before GC invocations=19786 (full 20):
 par new generation   total 109248K, used 109248K [0x00000007a0000000, 0x00000007a8000000, 0x00000007a8000000)
  eden space 87424K, 100% used [0x00000007a0000000, 0x00000007a5560000, 0x00000007a5560000)
  from space 21824K, 100% used [0x00000007a5560000, 0x00000007a6ab0000, 0x00000007a6ab0000)
  to   space 21824K,   0% used [0x00000007a6ab0000, 0x00000007a6ab0000, 0x00000007a8000000)
 concurrent mark-sweep generation total 393216K, used 155666K [0x00000007a8000000, 0x00000007c0000000, 0x00000007c0000000)
 Metaspace       used 43676K, capacity 44920K, committed 45100K, reserved 1089536K
  class space    used 5354K, capacity 5667K, committed 5676K, reserved 1048576K
2019-01-30T12:59:02.743+0600: 4940.312: [GC (Allocation Failure) 2019-01-30T12:59:02.743+0600: 4940.312: [ParNew
Desired survivor size 20112992 bytes, new threshold 8 (max 8)
- age   1:   11062640 bytes,   11062640 total
- age   2:       1000 bytes,   11063640 total
- age   3:        992 bytes,   11064632 total
- age   4:       1128 bytes,   11065760 total
- age   5:       1136 bytes,   11066896 total
- age   6:       1128 bytes,   11068024 total
- age   7:        992 bytes,   11069016 total
- age   8:       1000 bytes,   11070016 total
: 109248K->14720K(109248K), 0.0119255 secs] 264914K->170387K(502464K), 0.0120554 secs] [Times: user=0.04 sys=0.00, real=0.01 secs] 
Heap after GC invocations=19787 (full 20):
 par new generation   total 109248K, used 14720K [0x00000007a0000000, 0x00000007a8000000, 0x00000007a8000000)
  eden space 87424K,   0% used [0x00000007a0000000, 0x00000007a0000000, 0x00000007a5560000)
  from space 21824K,  67% used [0x00000007a6ab0000, 0x00000007a79101f0, 0x00000007a8000000)
  to   space 21824K,   0% used [0x00000007a5560000, 0x00000007a5560000, 0x00000007a6ab0000)
 concurrent mark-sweep generation total 393216K, used 155666K [0x00000007a8000000, 0x00000007c0000000, 0x00000007c0000000)
 Metaspace       used 43676K, capacity 44920K, committed 45100K, reserved 1089536K
  class space    used 5354K, capacity 5667K, committed 5676K, reserved 1048576K
}
2019-01-30T12:59:02.755+0600: 4940.325: Total time for which application threads were stopped: 0.0123179 seconds, Stopping threads took: 0.0000259 seconds
{Heap before GC invocations=19787 (full 20):
 par new generation   total 109248K, used 102144K [0x00000007a0000000, 0x00000007a8000000, 0x00000007a8000000)
  eden space 87424K, 100% used [0x00000007a0000000, 0x00000007a5560000, 0x00000007a5560000)
  from space 21824K,  67% used [0x00000007a6ab0000, 0x00000007a79101f0, 0x00000007a8000000)
  to   space 21824K,   0% used [0x00000007a5560000, 0x00000007a5560000, 0x00000007a6ab0000)
 concurrent mark-sweep generation total 393216K, used 155666K [0x00000007a8000000, 0x00000007c0000000, 0x00000007c0000000)
 Metaspace       used 43676K, capacity 44920K, committed 45100K, reserved 1089536K
  class space    used 5354K, capacity 5667K, committed 5676K, reserved 1048576K
2019-01-30T12:59:02.946+0600: 4940.516: [GC (Allocation Failure) 2019-01-30T12:59:02.946+0600: 4940.516: [ParNew
Desired survivor size 20112992 bytes, new threshold 8 (max 8)
- age   1:    7698792 bytes,    7698792 total
- age   2:       1104 bytes,    7699896 total
- age   3:       1000 bytes,    7700896 total
- age   4:        992 bytes,    7701888 total
- age   5:       1128 bytes,    7703016 total
- age   6:       1136 bytes,    7704152 total
- age   7:       1128 bytes,    7705280 total
- age   8:        992 bytes,    7706272 total
: 102144K->11379K(109248K), 0.0096681 secs] 257811K->167047K(502464K), 0.0097788 secs] [Times: user=0.04 sys=0.00, real=0.01 secs] 
Heap after GC invocations=19788 (full 20):
 par new generation   total 109248K, used 11379K [0x00000007a0000000, 0x00000007a8000000, 0x00000007a8000000)
  eden space 87424K,   0% used [0x00000007a0000000, 0x00000007a0000000, 0x00000007a5560000)
  from space 21824K,  52% used [0x00000007a5560000, 0x00000007a607ccc0, 0x00000007a6ab0000)
  to   space 21824K,   0% used [0x00000007a6ab0000, 0x00000007a6ab0000, 0x00000007a8000000)
 concurrent mark-sweep generation total 393216K, used 155667K [0x00000007a8000000, 0x00000007c0000000, 0x00000007c0000000)
 Metaspace       used 43676K, capacity 44920K, committed 45100K, reserved 1089536K
  class space    used 5354K, capacity 5667K, committed 5676K, reserved 1048576K
}
2019-01-30T12:59:02.956+0600: 4940.526: Total time for which application threads were stopped: 0.0100179 seconds, Stopping threads took: 0.0000240 seconds
{Heap before GC invocations=19788 (full 20):
 par new generation   total 109248K, used 98803K [0x00000007a0000000, 0x00000007a8000000, 0x00000007a8000000)
  eden space 87424K, 100% used [0x00000007a0000000, 0x00000007a5560000, 0x00000007a5560000)
  from space 21824K,  52% used [0x00000007a5560000, 0x00000007a607ccc0, 0x00000007a6ab0000)
  to   space 21824K,   0% used [0x00000007a6ab0000, 0x00000007a6ab0000, 0x00000007a8000000)
 concurrent mark-sweep generation total 393216K, used 155667K [0x00000007a8000000, 0x00000007c0000000, 0x00000007c0000000)
 Metaspace       used 43676K, capacity 44920K, committed 45100K, reserved 1089536K
  class space    used 5354K, capacity 5667K, committed 5676K, reserved 1048576K
2019-01-30T12:59:03.160+0600: 4940.729: [GC (Allocation Failure) 2019-01-30T12:59:03.160+0600: 4940.729: [ParNew
Desired survivor size 20112992 bytes, new threshold 8 (max 8)
- age   1:    5893912 bytes,    5893912 total
- age   2:       1184 bytes,    5895096 total
- age   3:       1104 bytes,    5896200 total
- age   4:       1000 bytes,    5897200 total
- age   5:        992 bytes,    5898192 total
- age   6:       1128 bytes,    5899320 total
- age   7:       1136 bytes,    5900456 total
- age   8:       1128 bytes,    5901584 total
: 98803K->7631K(109248K), 0.0083887 secs] 254471K->163300K(502464K), 0.0085043 secs] [Times: user=0.03 sys=0.00, real=0.00 secs] 
Heap after GC invocations=19789 (full 20):
 par new generation   total 109248K, used 7631K [0x00000007a0000000, 0x00000007a8000000, 0x00000007a8000000)
  eden space 87424K,   0% used [0x00000007a0000000, 0x00000007a0000000, 0x00000007a5560000)
  from space 21824K,  34% used [0x00000007a6ab0000, 0x00000007a7223e90, 0x00000007a8000000)
  to   space 21824K,   0% used [0x00000007a5560000, 0x00000007a5560000, 0x00000007a6ab0000)
 concurrent mark-sweep generation total 393216K, used 155668K [0x00000007a8000000, 0x00000007c0000000, 0x00000007c0000000)
 Metaspace       used 43676K, capacity 44920K, committed 45100K, reserved 1089536K
  class space    used 5354K, capacity 5667K, committed 5676K, reserved 1048576K
}
2019-01-30T12:59:03.168+0600: 4940.738: Total time for which application threads were stopped: 0.0087590 seconds, Stopping threads took: 0.0000243 seconds
{Heap before GC invocations=19789 (full 20):
 par new generation   total 109248K, used 95055K [0x00000007a0000000, 0x00000007a8000000, 0x00000007a8000000)
  eden space 87424K, 100% used [0x00000007a0000000, 0x00000007a5560000, 0x00000007a5560000)
  from space 21824K,  34% used [0x00000007a6ab0000, 0x00000007a7223e90, 0x00000007a8000000)
  to   space 21824K,   0% used [0x00000007a5560000, 0x00000007a5560000, 0x00000007a6ab0000)
 concurrent mark-sweep generation total 393216K, used 155668K [0x00000007a8000000, 0x00000007c0000000, 0x00000007c0000000)
 Metaspace       used 43676K, capacity 44920K, committed 45100K, reserved 1089536K
  class space    used 5354K, capacity 5667K, committed 5676K, reserved 1048576K
2019-01-30T12:59:03.365+0600: 4940.934: [GC (Allocation Failure) 2019-01-30T12:59:03.365+0600: 4940.934: [ParNew
Desired survivor size 20112992 bytes, new threshold 1 (max 8)
- age   1:   21110728 bytes,   21110728 total
- age   2:       1112 bytes,   21111840 total
- age   3:       1184 bytes,   21113024 total
- age   4:       1104 bytes,   21114128 total
- age   5:       1000 bytes,   21115128 total
- age   6:        992 bytes,   21116120 total
- age   7:       1128 bytes,   21117248 total
- age   8:       1136 bytes,   21118384 total
: 95055K->21824K(109248K), 0.0181830 secs] 250724K->177499K(502464K), 0.0182938 secs] [Times: user=0.07 sys=0.00, real=0.02 secs] 
Heap after GC invocations=19790 (full 20):
 par new generation   total 109248K, used 21824K [0x00000007a0000000, 0x00000007a8000000, 0x00000007a8000000)
  eden space 87424K,   0% used [0x00000007a0000000, 0x00000007a0000000, 0x00000007a5560000)
  from space 21824K, 100% used [0x00000007a5560000, 0x00000007a6ab0000, 0x00000007a6ab0000)
  to   space 21824K,   0% used [0x00000007a6ab0000, 0x00000007a6ab0000, 0x00000007a8000000)
 concurrent mark-sweep generation total 393216K, used 155675K [0x00000007a8000000, 0x00000007c0000000, 0x00000007c0000000)
 Metaspace       used 43676K, capacity 44920K, committed 45100K, reserved 1089536K
  class space    used 5354K, capacity 5667K, committed 5676K, reserved 1048576K
}
2019-01-30T12:59:03.383+0600: 4940.952: Total time for which application threads were stopped: 0.0185375 seconds, Stopping threads took: 0.0000231 seconds
{Heap before GC invocations=19790 (full 20):
 par new generation   total 109248K, used 109248K [0x00000007a0000000, 0x00000007a8000000, 0x00000007a8000000)
  eden space 87424K, 100% used [0x00000007a0000000, 0x00000007a5560000, 0x00000007a5560000)
  from space 21824K, 100% used [0x00000007a5560000, 0x00000007a6ab0000, 0x00000007a6ab0000)
  to   space 21824K,   0% used [0x00000007a6ab0000, 0x00000007a6ab0000, 0x00000007a8000000)
 concurrent mark-sweep generation total 393216K, used 155675K [0x00000007a8000000, 0x00000007c0000000, 0x00000007c0000000)
 Metaspace       used 43676K, capacity 44920K, committed 45100K, reserved 1089536K
  class space    used 5354K, capacity 5667K, committed 5676K, reserved 1048576K
2019-01-30T12:59:03.572+0600: 4941.142: [GC (Allocation Failure) 2019-01-30T12:59:03.572+0600: 4941.142: [ParNew
Desired survivor size 20112992 bytes, new threshold 8 (max 8)
- age   1:   16020376 bytes,   16020376 total
: 109248K->21824K(109248K), 0.0159061 secs] 264923K->177520K(502464K), 0.0160554 secs] [Times: user=0.06 sys=0.00, real=0.01 secs] 
Heap after GC invocations=19791 (full 20):
 par new generation   total 109248K, used 21824K [0x00000007a0000000, 0x00000007a8000000, 0x00000007a8000000)
  eden space 87424K,   0% used [0x00000007a0000000, 0x00000007a0000000, 0x00000007a5560000)
  from space 21824K, 100% used [0x00000007a6ab0000, 0x00000007a8000000, 0x00000007a8000000)
  to   space 21824K,   0% used [0x00000007a5560000, 0x00000007a5560000, 0x00000007a6ab0000)
 concurrent mark-sweep generation total 393216K, used 155696K [0x00000007a8000000, 0x00000007c0000000, 0x00000007c0000000)
 Metaspace       used 43676K, capacity 44920K, committed 45100K, reserved 1089536K
  class space    used 5354K, capacity 5667K, committed 5676K, reserved 1048576K
}
2019-01-30T12:59:03.589+0600: 4941.158: Total time for which application threads were stopped: 0.0163314 seconds, Stopping threads took: 0.0000266 seconds
{Heap before GC invocations=19791 (full 20):
 par new generation   total 109248K, used 109248K [0x00000007a0000000, 0x00000007a8000000, 0x00000007a8000000)
  eden space 87424K, 100% used [0x00000007a0000000, 0x00000007a5560000, 0x00000007a5560000)
  from space 21824K, 100% used [0x00000007a6ab0000, 0x00000007a8000000, 0x00000007a8000000)
  to   space 21824K,   0% used [0x00000007a5560000, 0x00000007a5560000, 0x00000007a6ab0000)
 concurrent mark-sweep generation total 393216K, used 155696K [0x00000007a8000000, 0x00000007c0000000, 0x00000007c0000000)
 Metaspace       used 43676K, capacity 44920K, committed 45100K, reserved 1089536K
  class space    used 5354K, capacity 5667K, committed 5676K, reserved 1048576K
2019-01-30T12:59:03.785+0600: 4941.354: [GC (Allocation Failure) 2019-01-30T12:59:03.785+0600: 4941.354: [ParNew
Desired survivor size 20112992 bytes, new threshold 8 (max 8)
- age   1:   12740648 bytes,   12740648 total
- age   2:       1592 bytes,   12742240 total
: 109248K->18256K(109248K), 0.0130994 secs] 264944K->173953K(502464K), 0.0132046 secs] [Times: user=0.04 sys=0.00, real=0.01 secs] 
Heap after GC invocations=19792 (full 20):
 par new generation   total 109248K, used 18256K [0x00000007a0000000, 0x00000007a8000000, 0x00000007a8000000)
  eden space 87424K,   0% used [0x00000007a0000000, 0x00000007a0000000, 0x00000007a5560000)
  from space 21824K,  83% used [0x00000007a5560000, 0x00000007a6734380, 0x00000007a6ab0000)
  to   space 21824K,   0% used [0x00000007a6ab0000, 0x00000007a6ab0000, 0x00000007a8000000)
 concurrent mark-sweep generation total 393216K, used 155696K [0x00000007a8000000, 0x00000007c0000000, 0x00000007c0000000)
 Metaspace       used 43676K, capacity 44920K, committed 45100K, reserved 1089536K
  class space    used 5354K, capacity 5667K, committed 5676K, reserved 1048576K
}
2019-01-30T12:59:03.798+0600: 4941.368: Total time for which application threads were stopped: 0.0134412 seconds, Stopping threads took: 0.0000230 seconds
{Heap before GC invocations=19792 (full 20):
 par new generation   total 109248K, used 105680K [0x00000007a0000000, 0x00000007a8000000, 0x00000007a8000000)
  eden space 87424K, 100% used [0x00000007a0000000, 0x00000007a5560000, 0x00000007a5560000)
  from space 21824K,  83% used [0x00000007a5560000, 0x00000007a6734380, 0x00000007a6ab0000)
  to   space 21824K,   0% used [0x00000007a6ab0000, 0x00000007a6ab0000, 0x00000007a8000000)
 concurrent mark-sweep generation total 393216K, used 155696K [0x00000007a8000000, 0x00000007c0000000, 0x00000007c0000000)
 Metaspace       used 43676K, capacity 44920K, committed 45100K, reserved 1089536K
  class space    used 5354K, capacity 5667K, committed 5676K, reserved 1048576K
2019-01-30T12:59:03.994+0600: 4941.563: [GC (Allocation Failure) 2019-01-30T12:59:03.994+0600: 4941.563: [ParNew
Desired survivor size 20112992 bytes, new threshold 8 (max 8)
- age   1:    9407760 bytes,    9407760 total
- age   2:       1048 bytes,    9408808 total
- age   3:       1592 bytes,    9410400 total
: 105680K->12159K(109248K), 0.0112059 secs] 261377K->167856K(502464K), 0.0113229 secs] [Times: user=0.04 sys=0.00, real=0.01 secs] 
Heap after GC invocations=19793 (full 20):
 par new generation   total 109248K, used 12159K [0x00000007a0000000, 0x00000007a8000000, 0x00000007a8000000)
  eden space 87424K,   0% used [0x00000007a0000000, 0x00000007a0000000, 0x00000007a5560000)
  from space 21824K,  55% used [0x00000007a6ab0000, 0x00000007a768ff48, 0x00000007a8000000)
  to   space 21824K,   0% used [0x00000007a5560000, 0x00000007a5560000, 0x00000007a6ab0000)
 concurrent mark-sweep generation total 393216K, used 155696K [0x00000007a8000000, 0x00000007c0000000, 0x00000007c0000000)
 Metaspace       used 43676K, capacity 44920K, committed 45100K, reserved 1089536K
  class space    used 5354K, capacity 5667K, committed 5676K, reserved 1048576K
}
2019-01-30T12:59:04.005+0600: 4941.575: Total time for which application threads were stopped: 0.0115679 seconds, Stopping threads took: 0.0000242 seconds
{Heap before GC invocations=19793 (full 20):
 par new generation   total 109248K, used 99583K [0x00000007a0000000, 0x00000007a8000000, 0x00000007a8000000)
  eden space 87424K, 100% used [0x00000007a0000000, 0x00000007a5560000, 0x00000007a5560000)
  from space 21824K,  55% used [0x00000007a6ab0000, 0x00000007a768ff48, 0x00000007a8000000)
  to   space 21824K,   0% used [0x00000007a5560000, 0x00000007a5560000, 0x00000007a6ab0000)
 concurrent mark-sweep generation total 393216K, used 155696K [0x00000007a8000000, 0x00000007c0000000, 0x00000007c0000000)
 Metaspace       used 43676K, capacity 44920K, committed 45100K, reserved 1089536K
  class space    used 5354K, capacity 5667K, committed 5676K, reserved 1048576K
2019-01-30T12:59:04.202+0600: 4941.772: [GC (Allocation Failure) 2019-01-30T12:59:04.202+0600: 4941.772: [ParNew
Desired survivor size 20112992 bytes, new threshold 8 (max 8)
- age   1:    5870568 bytes,    5870568 total
- age   2:       1112 bytes,    5871680 total
- age   3:       1048 bytes,    5872728 total
- age   4:       1592 bytes,    5874320 total
: 99583K->7774K(109248K), 0.0083308 secs] 255280K->163471K(502464K), 0.0084381 secs] [Times: user=0.03 sys=0.00, real=0.01 secs] 
Heap after GC invocations=19794 (full 20):
 par new generation   total 109248K, used 7774K [0x00000007a0000000, 0x00000007a8000000, 0x00000007a8000000)
  eden space 87424K,   0% used [0x00000007a0000000, 0x00000007a0000000, 0x00000007a5560000)
  from space 21824K,  35% used [0x00000007a5560000, 0x00000007a5cf7be0, 0x00000007a6ab0000)
  to   space 21824K,   0% used [0x00000007a6ab0000, 0x00000007a6ab0000, 0x00000007a8000000)
 concurrent mark-sweep generation total 393216K, used 155696K [0x00000007a8000000, 0x00000007c0000000, 0x00000007c0000000)
 Metaspace       used 43676K, capacity 44920K, committed 45100K, reserved 1089536K
  class space    used 5354K, capacity 5667K, committed 5676K, reserved 1048576K
}
2019-01-30T12:59:04.211+0600: 4941.780: Total time for which application threads were stopped: 0.0086761 seconds, Stopping threads took: 0.0000214 seconds
{Heap before GC invocations=19794 (full 20):
 par new generation   total 109248K, used 95198K [0x00000007a0000000, 0x00000007a8000000, 0x00000007a8000000)
  eden space 87424K, 100% used [0x00000007a0000000, 0x00000007a5560000, 0x00000007a5560000)
  from space 21824K,  35% used [0x00000007a5560000, 0x00000007a5cf7be0, 0x00000007a6ab0000)
  to   space 21824K,   0% used [0x00000007a6ab0000, 0x00000007a6ab0000, 0x00000007a8000000)
 concurrent mark-sweep generation total 393216K, used 155696K [0x00000007a8000000, 0x00000007c0000000, 0x00000007c0000000)
 Metaspace       used 43676K, capacity 44920K, committed 45100K, reserved 1089536K
  class space    used 5354K, capacity 5667K, committed 5676K, reserved 1048576K
2019-01-30T12:59:04.410+0600: 4941.980: [GC (Allocation Failure) 2019-01-30T12:59:04.410+0600: 4941.980: [ParNew
Desired survivor size 20112992 bytes, new threshold 8 (max 8)
- age   1:    5872376 bytes,    5872376 total
- age   2:       1088 bytes,    5873464 total
- age   3:       1112 bytes,    5874576 total
- age   4:       1048 bytes,    5875624 total
- age   5:       1592 bytes,    5877216 total
: 95198K->7918K(109248K), 0.0084026 secs] 250895K->163614K(502464K), 0.0085116 secs] [Times: user=0.03 sys=0.00, real=0.00 secs] 
Heap after GC invocations=19795 (full 20):
 par new generation   total 109248K, used 7918K [0x00000007a0000000, 0x00000007a8000000, 0x00000007a8000000)
  eden space 87424K,   0% used [0x00000007a0000000, 0x00000007a0000000, 0x00000007a5560000)
  from space 21824K,  36% used [0x00000007a6ab0000, 0x00000007a726b890, 0x00000007a8000000)
  to   space 21824K,   0% used [0x00000007a5560000, 0x00000007a5560000, 0x00000007a6ab0000)
 concurrent mark-sweep generation total 393216K, used 155696K [0x00000007a8000000, 0x00000007c0000000, 0x00000007c0000000)
 Metaspace       used 43676K, capacity 44920K, committed 45100K, reserved 1089536K
  class space    used 5354K, capacity 5667K, committed 5676K, reserved 1048576K
}
2019-01-30T12:59:04.419+0600: 4941.988: Total time for which application threads were stopped: 0.0087496 seconds, Stopping threads took: 0.0000206 seconds
{Heap before GC invocations=19795 (full 20):
 par new generation   total 109248K, used 95342K [0x00000007a0000000, 0x00000007a8000000, 0x00000007a8000000)
  eden space 87424K, 100% used [0x00000007a0000000, 0x00000007a5560000, 0x00000007a5560000)
  from space 21824K,  36% used [0x00000007a6ab0000, 0x00000007a726b890, 0x00000007a8000000)
  to   space 21824K,   0% used [0x00000007a5560000, 0x00000007a5560000, 0x00000007a6ab0000)
 concurrent mark-sweep generation total 393216K, used 155696K [0x00000007a8000000, 0x00000007c0000000, 0x00000007c0000000)
 Metaspace       used 43676K, capacity 44920K, committed 45100K, reserved 1089536K
  class space    used 5354K, capacity 5667K, committed 5676K, reserved 1048576K
2019-01-30T12:59:04.613+0600: 4942.182: [GC (Allocation Failure) 2019-01-30T12:59:04.613+0600: 4942.182: [ParNew
Desired survivor size 20112992 bytes, new threshold 8 (max 8)
- age   1:   18981256 bytes,   18981256 total
- age   2:       1144 bytes,   18982400 total
- age   3:       1088 bytes,   18983488 total
- age   4:       1112 bytes,   18984600 total
- age   5:       1048 bytes,   18985648 total
- age   6:       1592 bytes,   18987240 total
: 95342K->19876K(109248K), 0.0170536 secs] 251038K->175572K(502464K), 0.0171701 secs] [Times: user=0.07 sys=0.00, real=0.02 secs] 
Heap after GC invocations=19796 (full 20):
 par new generation   total 109248K, used 19876K [0x00000007a0000000, 0x00000007a8000000, 0x00000007a8000000)
  eden space 87424K,   0% used [0x00000007a0000000, 0x00000007a0000000, 0x00000007a5560000)
  from space 21824K,  91% used [0x00000007a5560000, 0x00000007a68c91c0, 0x00000007a6ab0000)
  to   space 21824K,   0% used [0x00000007a6ab0000, 0x00000007a6ab0000, 0x00000007a8000000)
 concurrent mark-sweep generation total 393216K, used 155696K [0x00000007a8000000, 0x00000007c0000000, 0x00000007c0000000)
 Metaspace       used 43676K, capacity 44920K, committed 45100K, reserved 1089536K
  class space    used 5354K, capacity 5667K, committed 5676K, reserved 1048576K
}
2019-01-30T12:59:04.630+0600: 4942.199: Total time for which application threads were stopped: 0.0174125 seconds, Stopping threads took: 0.0000249 seconds
{Heap before GC invocations=19796 (full 20):
 par new generation   total 109248K, used 107300K [0x00000007a0000000, 0x00000007a8000000, 0x00000007a8000000)
  eden space 87424K, 100% used [0x00000007a0000000, 0x00000007a5560000, 0x00000007a5560000)
  from space 21824K,  91% used [0x00000007a5560000, 0x00000007a68c91c0, 0x00000007a6ab0000)
  to   space 21824K,   0% used [0x00000007a6ab0000, 0x00000007a6ab0000, 0x00000007a8000000)
 concurrent mark-sweep generation total 393216K, used 155696K [0x00000007a8000000, 0x00000007c0000000, 0x00000007c0000000)
 Metaspace       used 43676K, capacity 44920K, committed 45100K, reserved 1089536K
  class space    used 5354K, capacity 5667K, committed 5676K, reserved 1048576K
2019-01-30T12:59:04.826+0600: 4942.395: [GC (Allocation Failure) 2019-01-30T12:59:04.826+0600: 4942.395: [ParNew
Desired survivor size 20112992 bytes, new threshold 8 (max 8)
- age   1:   14618056 bytes,   14618056 total
- age   2:        944 bytes,   14619000 total
- age   3:       1144 bytes,   14620144 total
- age   4:       1088 bytes,   14621232 total
- age   5:       1112 bytes,   14622344 total
- age   6:       1048 bytes,   14623392 total
- age   7:       1592 bytes,   14624984 total
: 107300K->21824K(109248K), 0.0143525 secs] 262996K->177520K(502464K), 0.0144695 secs] [Times: user=0.05 sys=0.00, real=0.02 secs] 
Heap after GC invocations=19797 (full 20):
 par new generation   total 109248K, used 21824K [0x00000007a0000000, 0x00000007a8000000, 0x00000007a8000000)
  eden space 87424K,   0% used [0x00000007a0000000, 0x00000007a0000000, 0x00000007a5560000)
  from space 21824K, 100% used [0x00000007a6ab0000, 0x00000007a8000000, 0x00000007a8000000)
  to   space 21824K,   0% used [0x00000007a5560000, 0x00000007a5560000, 0x00000007a6ab0000)
 concurrent mark-sweep generation total 393216K, used 155696K [0x00000007a8000000, 0x00000007c0000000, 0x00000007c0000000)
 Metaspace       used 43676K, capacity 44920K, committed 45100K, reserved 1089536K
  class space    used 5354K, capacity 5667K, committed 5676K, reserved 1048576K
}
2019-01-30T12:59:04.840+0600: 4942.410: Total time for which application threads were stopped: 0.0147155 seconds, Stopping threads took: 0.0000264 seconds
{Heap before GC invocations=19797 (full 20):
 par new generation   total 109248K, used 109248K [0x00000007a0000000, 0x00000007a8000000, 0x00000007a8000000)
  eden space 87424K, 100% used [0x00000007a0000000, 0x00000007a5560000, 0x00000007a5560000)
  from space 21824K, 100% used [0x00000007a6ab0000, 0x00000007a8000000, 0x00000007a8000000)
  to   space 21824K,   0% used [0x00000007a5560000, 0x00000007a5560000, 0x00000007a6ab0000)
 concurrent mark-sweep generation total 393216K, used 155696K [0x00000007a8000000, 0x00000007c0000000, 0x00000007c0000000)
 Metaspace       used 43676K, capacity 44920K, committed 45100K, reserved 1089536K
  class space    used 5354K, capacity 5667K, committed 5676K, reserved 1048576K
2019-01-30T12:59:05.035+0600: 4942.604: [GC (Allocation Failure) 2019-01-30T12:59:05.035+0600: 4942.604: [ParNew
Desired survivor size 20112992 bytes, new threshold 8 (max 8)
- age   1:   11062840 bytes,   11062840 total
- age   2:       1040 bytes,   11063880 total
- age   3:        944 bytes,   11064824 total
- age   4:       1144 bytes,   11065968 total
- age   5:       1088 bytes,   11067056 total
- age   6:       1112 bytes,   11068168 total
- age   7:       1048 bytes,   11069216 total
- age   8:       1592 bytes,   11070808 total
: 109248K->14498K(109248K), 0.0122635 secs] 264944K->170194K(502464K), 0.0123734 secs] [Times: user=0.05 sys=0.00, real=0.01 secs] 
Heap after GC invocations=19798 (full 20):
 par new generation   total 109248K, used 14498K [0x00000007a0000000, 0x00000007a8000000, 0x00000007a8000000)
  eden space 87424K,   0% used [0x00000007a0000000, 0x00000007a0000000, 0x00000007a5560000)
  from space 21824K,  66% used [0x00000007a5560000, 0x00000007a6388858, 0x00000007a6ab0000)
  to   space 21824K,   0% used [0x00000007a6ab0000, 0x00000007a6ab0000, 0x00000007a8000000)
 concurrent mark-sweep generation total 393216K, used 155696K [0x00000007a8000000, 0x00000007c0000000, 0x00000007c0000000)
 Metaspace       used 43676K, capacity 44920K, committed 45100K, reserved 1089536K
  class space    used 5354K, capacity 5667K, committed 5676K, reserved 1048576K
}
2019-01-30T12:59:05.047+0600: 4942.617: Total time for which application threads were stopped: 0.0126348 seconds, Stopping threads took: 0.0000255 seconds
{Heap before GC invocations=19798 (full 20):
 par new generation   total 109248K, used 101922K [0x00000007a0000000, 0x00000007a8000000, 0x00000007a8000000)
  eden space 87424K, 100% used [0x00000007a0000000, 0x00000007a5560000, 0x00000007a5560000)
  from space 21824K,  66% used [0x00000007a5560000, 0x00000007a6388858, 0x00000007a6ab0000)
  to   space 21824K,   0% used [0x00000007a6ab0000, 0x00000007a6ab0000, 0x00000007a8000000)
 concurrent mark-sweep generation total 393216K, used 155696K [0x00000007a8000000, 0x00000007c0000000, 0x00000007c0000000)
 Metaspace       used 43676K, capacity 44920K, committed 45100K, reserved 1089536K
  class space    used 5354K, capacity 5667K, committed 5676K, reserved 1048576K
2019-01-30T12:59:05.254+0600: 4942.823: [GC (Allocation Failure) 2019-01-30T12:59:05.254+0600: 4942.823: [ParNew
Desired survivor size 20112992 bytes, new threshold 8 (max 8)
- age   1:    7699024 bytes,    7699024 total
- age   2:       1136 bytes,    7700160 total
- age   3:       1040 bytes,    7701200 total
- age   4:        944 bytes,    7702144 total
- age   5:       1144 bytes,    7703288 total
- age   6:       1088 bytes,    7704376 total
- age   7:       1112 bytes,    7705488 total
- age   8:       1048 bytes,    7706536 total
: 101922K->11330K(109248K), 0.0097058 secs] 257618K->167028K(502464K), 0.0098206 secs] [Times: user=0.03 sys=0.00, real=0.01 secs] 
Heap after GC invocations=19799 (full 20):
 par new generation   total 109248K, used 11330K [0x00000007a0000000, 0x00000007a8000000, 0x00000007a8000000)
  eden space 87424K,   0% used [0x00000007a0000000, 0x00000007a0000000, 0x00000007a5560000)
  from space 21824K,  51% used [0x00000007a6ab0000, 0x00000007a75c0940, 0x00000007a8000000)
  to   space 21824K,   0% used [0x00000007a5560000, 0x00000007a5560000, 0x00000007a6ab0000)
 concurrent mark-sweep generation total 393216K, used 155697K [0x00000007a8000000, 0x00000007c0000000, 0x00000007c0000000)
 Metaspace       used 43676K, capacity 44920K, committed 45100K, reserved 1089536K
  class space    used 5354K, capacity 5667K, committed 5676K, reserved 1048576K
}
2019-01-30T12:59:05.263+0600: 4942.833: Total time for which application threads were stopped: 0.0100692 seconds, Stopping threads took: 0.0000242 seconds
{Heap before GC invocations=19799 (full 20):
 par new generation   total 109248K, used 98754K [0x00000007a0000000, 0x00000007a8000000, 0x00000007a8000000)
  eden space 87424K, 100% used [0x00000007a0000000, 0x00000007a5560000, 0x00000007a5560000)
  from space 21824K,  51% used [0x00000007a6ab0000, 0x00000007a75c0940, 0x00000007a8000000)
  to   space 21824K,   0% used [0x00000007a5560000, 0x00000007a5560000, 0x00000007a6ab0000)
 concurrent mark-sweep generation total 393216K, used 155697K [0x00000007a8000000, 0x00000007c0000000, 0x00000007c0000000)
 Metaspace       used 43676K, capacity 44920K, committed 45100K, reserved 1089536K
  class space    used 5354K, capacity 5667K, committed 5676K, reserved 1048576K
2019-01-30T12:59:05.457+0600: 4943.027: [GC (Allocation Failure) 2019-01-30T12:59:05.457+0600: 4943.027: [ParNew
Desired survivor size 20112992 bytes, new threshold 8 (max 8)
- age   1:    5894736 bytes,    5894736 total
- age   2:       1248 bytes,    5895984 total
- age   3:       1136 bytes,    5897120 total
- age   4:       1040 bytes,    5898160 total
- age   5:        944 bytes,    5899104 total
- age   6:       1144 bytes,    5900248 total
- age   7:       1088 bytes,    5901336 total
- age   8:       1112 bytes,    5902448 total
: 98754K->7619K(109248K), 0.0086973 secs] 254452K->163318K(502464K), 0.0088041 secs] [Times: user=0.03 sys=0.00, real=0.01 secs] 
Heap after GC invocations=19800 (full 20):
 par new generation   total 109248K, used 7619K [0x00000007a0000000, 0x00000007a8000000, 0x00000007a8000000)
  eden space 87424K,   0% used [0x00000007a0000000, 0x00000007a0000000, 0x00000007a5560000)
  from space 21824K,  34% used [0x00000007a5560000, 0x00000007a5cd0e50, 0x00000007a6ab0000)
  to   space 21824K,   0% used [0x00000007a6ab0000, 0x00000007a6ab0000, 0x00000007a8000000)
 concurrent mark-sweep generation total 393216K, used 155698K [0x00000007a8000000, 0x00000007c0000000, 0x00000007c0000000)
 Metaspace       used 43676K, capacity 44920K, committed 45100K, reserved 1089536K
  class space    used 5354K, capacity 5667K, committed 5676K, reserved 1048576K
}
2019-01-30T12:59:05.466+0600: 4943.035: Total time for which application threads were stopped: 0.0090382 seconds, Stopping threads took: 0.0000216 seconds
{Heap before GC invocations=19800 (full 20):
 par new generation   total 109248K, used 95043K [0x00000007a0000000, 0x00000007a8000000, 0x00000007a8000000)
  eden space 87424K, 100% used [0x00000007a0000000, 0x00000007a5560000, 0x00000007a5560000)
  from space 21824K,  34% used [0x00000007a5560000, 0x00000007a5cd0e50, 0x00000007a6ab0000)
  to   space 21824K,   0% used [0x00000007a6ab0000, 0x00000007a6ab0000, 0x00000007a8000000)
 concurrent mark-sweep generation total 393216K, used 155698K [0x00000007a8000000, 0x00000007c0000000, 0x00000007c0000000)
 Metaspace       used 43676K, capacity 44920K, committed 45100K, reserved 1089536K
  class space    used 5354K, capacity 5667K, committed 5676K, reserved 1048576K
2019-01-30T12:59:05.671+0600: 4943.240: [GC (Allocation Failure) 2019-01-30T12:59:05.671+0600: 4943.240: [ParNew
Desired survivor size 20112992 bytes, new threshold 1 (max 8)
- age   1:   21116520 bytes,   21116520 total
- age   2:       1152 bytes,   21117672 total
- age   3:       1248 bytes,   21118920 total
- age   4:       1136 bytes,   21120056 total
- age   5:       1040 bytes,   21121096 total
- age   6:        944 bytes,   21122040 total
- age   7:       1144 bytes,   21123184 total
- age   8:       1088 bytes,   21124272 total
: 95043K->21824K(109248K), 0.0182862 secs] 250742K->177524K(502464K), 0.0184033 secs] [Times: user=0.07 sys=0.00, real=0.01 secs] 
Heap after GC invocations=19801 (full 20):
 par new generation   total 109248K, used 21824K [0x00000007a0000000, 0x00000007a8000000, 0x00000007a8000000)
  eden space 87424K,   0% used [0x00000007a0000000, 0x00000007a0000000, 0x00000007a5560000)
  from space 21824K, 100% used [0x00000007a6ab0000, 0x00000007a8000000, 0x00000007a8000000)
  to   space 21824K,   0% used [0x00000007a5560000, 0x00000007a5560000, 0x00000007a6ab0000)
 concurrent mark-sweep generation total 393216K, used 155700K [0x00000007a8000000, 0x00000007c0000000, 0x00000007c0000000)
 Metaspace       used 43676K, capacity 44920K, committed 45100K, reserved 1089536K
  class space    used 5354K, capacity 5667K, committed 5676K, reserved 1048576K
}
2019-01-30T12:59:05.689+0600: 4943.259: Total time for which application threads were stopped: 0.0186589 seconds, Stopping threads took: 0.0000238 seconds
{Heap before GC invocations=19801 (full 20):
 par new generation   total 109248K, used 109248K [0x00000007a0000000, 0x00000007a8000000, 0x00000007a8000000)
  eden space 87424K, 100% used [0x00000007a0000000, 0x00000007a5560000, 0x00000007a5560000)
  from space 21824K, 100% used [0x00000007a6ab0000, 0x00000007a8000000, 0x00000007a8000000)
  to   space 21824K,   0% used [0x00000007a5560000, 0x00000007a5560000, 0x00000007a6ab0000)
 concurrent mark-sweep generation total 393216K, used 155700K [0x00000007a8000000, 0x00000007c0000000, 0x00000007c0000000)
 Metaspace       used 43676K, capacity 44920K, committed 45100K, reserved 1089536K
  class space    used 5354K, capacity 5667K, committed 5676K, reserved 1048576K
2019-01-30T12:59:05.873+0600: 4943.443: [GC (Allocation Failure) 2019-01-30T12:59:05.873+0600: 4943.443: [ParNew
Desired survivor size 20112992 bytes, new threshold 8 (max 8)
- age   1:   16021272 bytes,   16021272 total
: 109248K->21824K(109248K), 0.0165088 secs] 264948K->177543K(502464K), 0.0166215 secs] [Times: user=0.06 sys=0.00, real=0.02 secs] 
Heap after GC invocations=19802 (full 20):
 par new generation   total 109248K, used 21824K [0x00000007a0000000, 0x00000007a8000000, 0x00000007a8000000)
  eden space 87424K,   0% used [0x00000007a0000000, 0x00000007a0000000, 0x00000007a5560000)
  from space 21824K, 100% used [0x00000007a5560000, 0x00000007a6ab0000, 0x00000007a6ab0000)
  to   space 21824K,   0% used [0x00000007a6ab0000, 0x00000007a6ab0000, 0x00000007a8000000)
 concurrent mark-sweep generation total 393216K, used 155719K [0x00000007a8000000, 0x00000007c0000000, 0x00000007c0000000)
 Metaspace       used 43676K, capacity 44920K, committed 45100K, reserved 1089536K
  class space    used 5354K, capacity 5667K, committed 5676K, reserved 1048576K
}
2019-01-30T12:59:05.890+0600: 4943.459: Total time for which application threads were stopped: 0.0168574 seconds, Stopping threads took: 0.0000228 seconds
{Heap before GC invocations=19802 (full 20):
 par new generation   total 109248K, used 109248K [0x00000007a0000000, 0x00000007a8000000, 0x00000007a8000000)
  eden space 87424K, 100% used [0x00000007a0000000, 0x00000007a5560000, 0x00000007a5560000)
  from space 21824K, 100% used [0x00000007a5560000, 0x00000007a6ab0000, 0x00000007a6ab0000)
  to   space 21824K,   0% used [0x00000007a6ab0000, 0x00000007a6ab0000, 0x00000007a8000000)
 concurrent mark-sweep generation total 393216K, used 155719K [0x00000007a8000000, 0x00000007c0000000, 0x00000007c0000000)
 Metaspace       used 43676K, capacity 44920K, committed 45100K, reserved 1089536K
  class space    used 5354K, capacity 5667K, committed 5676K, reserved 1048576K
2019-01-30T12:59:06.088+0600: 4943.657: [GC (Allocation Failure) 2019-01-30T12:59:06.088+0600: 4943.657: [ParNew
Desired survivor size 20112992 bytes, new threshold 8 (max 8)
- age   1:   12727864 bytes,   12727864 total
- age   2:       1776 bytes,   12729640 total
: 109248K->18259K(109248K), 0.0141701 secs] 264967K->173979K(502464K), 0.0142880 secs] [Times: user=0.05 sys=0.00, real=0.02 secs] 
Heap after GC invocations=19803 (full 20):
 par new generation   total 109248K, used 18259K [0x00000007a0000000, 0x00000007a8000000, 0x00000007a8000000)
  eden space 87424K,   0% used [0x00000007a0000000, 0x00000007a0000000, 0x00000007a5560000)
  from space 21824K,  83% used [0x00000007a6ab0000, 0x00000007a7c84e00, 0x00000007a8000000)
  to   space 21824K,   0% used [0x00000007a5560000, 0x00000007a5560000, 0x00000007a6ab0000)
 concurrent mark-sweep generation total 393216K, used 155719K [0x00000007a8000000, 0x00000007c0000000, 0x00000007c0000000)
 Metaspace       used 43676K, capacity 44920K, committed 45100K, reserved 1089536K
  class space    used 5354K, capacity 5667K, committed 5676K, reserved 1048576K
}
2019-01-30T12:59:06.102+0600: 4943.672: Total time for which application threads were stopped: 0.0145325 seconds, Stopping threads took: 0.0000228 seconds
{Heap before GC invocations=19803 (full 20):
 par new generation   total 109248K, used 105683K [0x00000007a0000000, 0x00000007a8000000, 0x00000007a8000000)
  eden space 87424K, 100% used [0x00000007a0000000, 0x00000007a5560000, 0x00000007a5560000)
  from space 21824K,  83% used [0x00000007a6ab0000, 0x00000007a7c84e00, 0x00000007a8000000)
  to   space 21824K,   0% used [0x00000007a5560000, 0x00000007a5560000, 0x00000007a6ab0000)
 concurrent mark-sweep generation total 393216K, used 155719K [0x00000007a8000000, 0x00000007c0000000, 0x00000007c0000000)
 Metaspace       used 43676K, capacity 44920K, committed 45100K, reserved 1089536K
  class space    used 5354K, capacity 5667K, committed 5676K, reserved 1048576K
2019-01-30T12:59:06.302+0600: 4943.872: [GC (Allocation Failure) 2019-01-30T12:59:06.302+0600: 4943.872: [ParNew
Desired survivor size 20112992 bytes, new threshold 8 (max 8)
- age   1:    9448808 bytes,    9448808 total
- age   2:       1056 bytes,    9449864 total
- age   3:       1776 bytes,    9451640 total
: 105683K->13888K(109248K), 0.0109357 secs] 261403K->169608K(502464K), 0.0110632 secs] [Times: user=0.04 sys=0.00, real=0.01 secs] 
Heap after GC invocations=19804 (full 20):
 par new generation   total 109248K, used 13888K [0x00000007a0000000, 0x00000007a8000000, 0x00000007a8000000)
  eden space 87424K,   0% used [0x00000007a0000000, 0x00000007a0000000, 0x00000007a5560000)
  from space 21824K,  63% used [0x00000007a5560000, 0x00000007a62f0140, 0x00000007a6ab0000)
  to   space 21824K,   0% used [0x00000007a6ab0000, 0x00000007a6ab0000, 0x00000007a8000000)
 concurrent mark-sweep generation total 393216K, used 155719K [0x00000007a8000000, 0x00000007c0000000, 0x00000007c0000000)
 Metaspace       used 43676K, capacity 44920K, committed 45100K, reserved 1089536K
  class space    used 5354K, capacity 5667K, committed 5676K, reserved 1048576K
}
2019-01-30T12:59:06.314+0600: 4943.883: Total time for which application threads were stopped: 0.0113183 seconds, Stopping threads took: 0.0000252 seconds
{Heap before GC invocations=19804 (full 20):
 par new generation   total 109248K, used 101312K [0x00000007a0000000, 0x00000007a8000000, 0x00000007a8000000)
  eden space 87424K, 100% used [0x00000007a0000000, 0x00000007a5560000, 0x00000007a5560000)
  from space 21824K,  63% used [0x00000007a5560000, 0x00000007a62f0140, 0x00000007a6ab0000)
  to   space 21824K,   0% used [0x00000007a6ab0000, 0x00000007a6ab0000, 0x00000007a8000000)
 concurrent mark-sweep generation total 393216K, used 155719K [0x00000007a8000000, 0x00000007c0000000, 0x00000007c0000000)
 Metaspace       used 43676K, capacity 44920K, committed 45100K, reserved 1089536K
  class space    used 5354K, capacity 5667K, committed 5676K, reserved 1048576K
2019-01-30T12:59:06.510+0600: 4944.080: [GC (Allocation Failure) 2019-01-30T12:59:06.510+0600: 4944.080: [ParNew
Desired survivor size 20112992 bytes, new threshold 8 (max 8)
- age   1:    5874112 bytes,    5874112 total
- age   2:       1096 bytes,    5875208 total
- age   3:       1056 bytes,    5876264 total
- age   4:       1776 bytes,    5878040 total
: 101312K->9111K(109248K), 0.0083643 secs] 257032K->164831K(502464K), 0.0084982 secs] [Times: user=0.03 sys=0.00, real=0.00 secs] 
Heap after GC invocations=19805 (full 20):
 par new generation   total 109248K, used 9111K [0x00000007a0000000, 0x00000007a8000000, 0x00000007a8000000)
  eden space 87424K,   0% used [0x00000007a0000000, 0x00000007a0000000, 0x00000007a5560000)
  from space 21824K,  41% used [0x00000007a6ab0000, 0x00000007a7395c90, 0x00000007a8000000)
  to   space 21824K,   0% used [0x00000007a5560000, 0x00000007a5560000, 0x00000007a6ab0000)
 concurrent mark-sweep generation total 393216K, used 155719K [0x00000007a8000000, 0x00000007c0000000, 0x00000007c0000000)
 Metaspace       used 43676K, capacity 44920K, committed 45100K, reserved 1089536K
  class space    used 5354K, capacity 5667K, committed 5676K, reserved 1048576K
}
2019-01-30T12:59:06.519+0600: 4944.088: Total time for which application threads were stopped: 0.0087626 seconds, Stopping threads took: 0.0000215 seconds
{Heap before GC invocations=19805 (full 20):
 par new generation   total 109248K, used 96535K [0x00000007a0000000, 0x00000007a8000000, 0x00000007a8000000)
  eden space 87424K, 100% used [0x00000007a0000000, 0x00000007a5560000, 0x00000007a5560000)
  from space 21824K,  41% used [0x00000007a6ab0000, 0x00000007a7395c90, 0x00000007a8000000)
  to   space 21824K,   0% used [0x00000007a5560000, 0x00000007a5560000, 0x00000007a6ab0000)
 concurrent mark-sweep generation total 393216K, used 155719K [0x00000007a8000000, 0x00000007c0000000, 0x00000007c0000000)
 Metaspace       used 43676K, capacity 44920K, committed 45100K, reserved 1089536K
  class space    used 5354K, capacity 5667K, committed 5676K, reserved 1048576K
2019-01-30T12:59:06.726+0600: 4944.295: [GC (Allocation Failure) 2019-01-30T12:59:06.726+0600: 4944.295: [ParNew
Desired survivor size 20112992 bytes, new threshold 8 (max 8)
- age   1:    5864384 bytes,    5864384 total
- age   2:       1168 bytes,    5865552 total
- age   3:       1096 bytes,    5866648 total
- age   4:       1056 bytes,    5867704 total
- age   5:       1776 bytes,    5869480 total
: 96535K->6498K(109248K), 0.0082261 secs] 252255K->162218K(502464K), 0.0083432 secs] [Times: user=0.03 sys=0.00, real=0.01 secs] 
Heap after GC invocations=19806 (full 20):
 par new generation   total 109248K, used 6498K [0x00000007a0000000, 0x00000007a8000000, 0x00000007a8000000)
  eden space 87424K,   0% used [0x00000007a0000000, 0x00000007a0000000, 0x00000007a5560000)
  from space 21824K,  29% used [0x00000007a5560000, 0x00000007a5bb8b70, 0x00000007a6ab0000)
  to   space 21824K,   0% used [0x00000007a6ab0000, 0x00000007a6ab0000, 0x00000007a8000000)
 concurrent mark-sweep generation total 393216K, used 155719K [0x00000007a8000000, 0x00000007c0000000, 0x00000007c0000000)
 Metaspace       used 43676K, capacity 44920K, committed 45100K, reserved 1089536K
  class space    used 5354K, capacity 5667K, committed 5676K, reserved 1048576K
}
2019-01-30T12:59:06.734+0600: 4944.303: Total time for which application threads were stopped: 0.0086147 seconds, Stopping threads took: 0.0000283 seconds
{Heap before GC invocations=19806 (full 20):
 par new generation   total 109248K, used 93922K [0x00000007a0000000, 0x00000007a8000000, 0x00000007a8000000)
  eden space 87424K, 100% used [0x00000007a0000000, 0x00000007a5560000, 0x00000007a5560000)
  from space 21824K,  29% used [0x00000007a5560000, 0x00000007a5bb8b70, 0x00000007a6ab0000)
  to   space 21824K,   0% used [0x00000007a6ab0000, 0x00000007a6ab0000, 0x00000007a8000000)
 concurrent mark-sweep generation total 393216K, used 155719K [0x00000007a8000000, 0x00000007c0000000, 0x00000007c0000000)
 Metaspace       used 43676K, capacity 44920K, committed 45100K, reserved 1089536K
  class space    used 5354K, capacity 5667K, committed 5676K, reserved 1048576K
2019-01-30T12:59:06.926+0600: 4944.495: [GC (Allocation Failure) 2019-01-30T12:59:06.926+0600: 4944.495: [ParNew
Desired survivor size 20112992 bytes, new threshold 8 (max 8)
- age   1:   19005408 bytes,   19005408 total
- age   2:       1160 bytes,   19006568 total
- age   3:       1168 bytes,   19007736 total
- age   4:       1096 bytes,   19008832 total
- age   5:       1056 bytes,   19009888 total
- age   6:       1776 bytes,   19011664 total
: 93922K->20409K(109248K), 0.0171781 secs] 249642K->176129K(502464K), 0.0172977 secs] [Times: user=0.06 sys=0.00, real=0.02 secs] 
Heap after GC invocations=19807 (full 20):
 par new generation   total 109248K, used 20409K [0x00000007a0000000, 0x00000007a8000000, 0x00000007a8000000)
  eden space 87424K,   0% used [0x00000007a0000000, 0x00000007a0000000, 0x00000007a5560000)
  from space 21824K,  93% used [0x00000007a6ab0000, 0x00000007a7e9e740, 0x00000007a8000000)
  to   space 21824K,   0% used [0x00000007a5560000, 0x00000007a5560000, 0x00000007a6ab0000)
 concurrent mark-sweep generation total 393216K, used 155719K [0x00000007a8000000, 0x00000007c0000000, 0x00000007c0000000)
 Metaspace       used 43676K, capacity 44920K, committed 45100K, reserved 1089536K
  class space    used 5354K, capacity 5667K, committed 5676K, reserved 1048576K
}
2019-01-30T12:59:06.943+0600: 4944.512: Total time for which application threads were stopped: 0.0175322 seconds, Stopping threads took: 0.0000254 seconds
{Heap before GC invocations=19807 (full 20):
 par new generation   total 109248K, used 107833K [0x00000007a0000000, 0x00000007a8000000, 0x00000007a8000000)
  eden space 87424K, 100% used [0x00000007a0000000, 0x00000007a5560000, 0x00000007a5560000)
  from space 21824K,  93% used [0x00000007a6ab0000, 0x00000007a7e9e740, 0x00000007a8000000)
  to   space 21824K,   0% used [0x00000007a5560000, 0x00000007a5560000, 0x00000007a6ab0000)
 concurrent mark-sweep generation total 393216K, used 155719K [0x00000007a8000000, 0x00000007c0000000, 0x00000007c0000000)
 Metaspace       used 43676K, capacity 44920K, committed 45100K, reserved 1089536K
  class space    used 5354K, capacity 5667K, committed 5676K, reserved 1048576K
2019-01-30T12:59:07.145+0600: 4944.715: [GC (Allocation Failure) 2019-01-30T12:59:07.145+0600: 4944.715: [ParNew
Desired survivor size 20112992 bytes, new threshold 8 (max 8)
- age   1:   14618248 bytes,   14618248 total
- age   2:        960 bytes,   14619208 total
- age   3:       1160 bytes,   14620368 total
- age   4:       1168 bytes,   14621536 total
- age   5:       1096 bytes,   14622632 total
- age   6:       1056 bytes,   14623688 total
- age   7:       1776 bytes,   14625464 total
: 107833K->20776K(109248K), 0.0145429 secs] 263553K->176496K(502464K), 0.0146812 secs] [Times: user=0.06 sys=0.00, real=0.02 secs] 
Heap after GC invocations=19808 (full 20):
 par new generation   total 109248K, used 20776K [0x00000007a0000000, 0x00000007a8000000, 0x00000007a8000000)
  eden space 87424K,   0% used [0x00000007a0000000, 0x00000007a0000000, 0x00000007a5560000)
  from space 21824K,  95% used [0x00000007a5560000, 0x00000007a69aa118, 0x00000007a6ab0000)
  to   space 21824K,   0% used [0x00000007a6ab0000, 0x00000007a6ab0000, 0x00000007a8000000)
 concurrent mark-sweep generation total 393216K, used 155719K [0x00000007a8000000, 0x00000007c0000000, 0x00000007c0000000)
 Metaspace       used 43676K, capacity 44920K, committed 45100K, reserved 1089536K
  class space    used 5354K, capacity 5667K, committed 5676K, reserved 1048576K
}
2019-01-30T12:59:07.160+0600: 4944.729: Total time for which application threads were stopped: 0.0149438 seconds, Stopping threads took: 0.0000280 seconds
{Heap before GC invocations=19808 (full 20):
 par new generation   total 109248K, used 108200K [0x00000007a0000000, 0x00000007a8000000, 0x00000007a8000000)
  eden space 87424K, 100% used [0x00000007a0000000, 0x00000007a5560000, 0x00000007a5560000)
  from space 21824K,  95% used [0x00000007a5560000, 0x00000007a69aa118, 0x00000007a6ab0000)
  to   space 21824K,   0% used [0x00000007a6ab0000, 0x00000007a6ab0000, 0x00000007a8000000)
 concurrent mark-sweep generation total 393216K, used 155719K [0x00000007a8000000, 0x00000007c0000000, 0x00000007c0000000)
 Metaspace       used 43676K, capacity 44920K, committed 45100K, reserved 1089536K
  class space    used 5354K, capacity 5667K, committed 5676K, reserved 1048576K
2019-01-30T12:59:07.366+0600: 4944.936: [GC (Allocation Failure) 2019-01-30T12:59:07.366+0600: 4944.936: [ParNew
Desired survivor size 20112992 bytes, new threshold 8 (max 8)
- age   1:   11063008 bytes,   11063008 total
- age   2:       1064 bytes,   11064072 total
- age   3:        960 bytes,   11065032 total
- age   4:       1160 bytes,   11066192 total
- age   5:       1168 bytes,   11067360 total
- age   6:       1096 bytes,   11068456 total
- age   7:       1056 bytes,   11069512 total
- age   8:       1776 bytes,   11071288 total
: 108200K->16648K(109248K), 0.0119068 secs] 263920K->172368K(502464K), 0.0120207 secs] [Times: user=0.04 sys=0.00, real=0.01 secs] 
Heap after GC invocations=19809 (full 20):
 par new generation   total 109248K, used 16648K [0x00000007a0000000, 0x00000007a8000000, 0x00000007a8000000)
  eden space 87424K,   0% used [0x00000007a0000000, 0x00000007a0000000, 0x00000007a5560000)
  from space 21824K,  76% used [0x00000007a6ab0000, 0x00000007a7af2040, 0x00000007a8000000)
  to   space 21824K,   0% used [0x00000007a5560000, 0x00000007a5560000, 0x00000007a6ab0000)
 concurrent mark-sweep generation total 393216K, used 155719K [0x00000007a8000000, 0x00000007c0000000, 0x00000007c0000000)
 Metaspace       used 43676K, capacity 44920K, committed 45100K, reserved 1089536K
  class space    used 5354K, capacity 5667K, committed 5676K, reserved 1048576K
}
2019-01-30T12:59:07.378+0600: 4944.948: Total time for which application threads were stopped: 0.0122826 seconds, Stopping threads took: 0.0000254 seconds
{Heap before GC invocations=19809 (full 20):
 par new generation   total 109248K, used 104072K [0x00000007a0000000, 0x00000007a8000000, 0x00000007a8000000)
  eden space 87424K, 100% used [0x00000007a0000000, 0x00000007a5560000, 0x00000007a5560000)
  from space 21824K,  76% used [0x00000007a6ab0000, 0x00000007a7af2040, 0x00000007a8000000)
  to   space 21824K,   0% used [0x00000007a5560000, 0x00000007a5560000, 0x00000007a6ab0000)
 concurrent mark-sweep generation total 393216K, used 155719K [0x00000007a8000000, 0x00000007c0000000, 0x00000007c0000000)
 Metaspace       used 43676K, capacity 44920K, committed 45100K, reserved 1089536K
  class space    used 5354K, capacity 5667K, committed 5676K, reserved 1048576K
2019-01-30T12:59:07.580+0600: 4945.149: [GC (Allocation Failure) 2019-01-30T12:59:07.580+0600: 4945.149: [ParNew
Desired survivor size 20112992 bytes, new threshold 8 (max 8)
- age   1:    7699112 bytes,    7699112 total
- age   2:       1136 bytes,    7700248 total
- age   3:       1064 bytes,    7701312 total
- age   4:        960 bytes,    7702272 total
- age   5:       1160 bytes,    7703432 total
- age   6:       1168 bytes,    7704600 total
- age   7:       1096 bytes,    7705696 total
- age   8:       1056 bytes,    7706752 total
: 104072K->10763K(109248K), 0.0104616 secs] 259792K->166485K(502464K), 0.0105782 secs] [Times: user=0.04 sys=0.00, real=0.01 secs] 
Heap after GC invocations=19810 (full 20):
 par new generation   total 109248K, used 10763K [0x00000007a0000000, 0x00000007a8000000, 0x00000007a8000000)
  eden space 87424K,   0% used [0x00000007a0000000, 0x00000007a0000000, 0x00000007a5560000)
  from space 21824K,  49% used [0x00000007a5560000, 0x00000007a5fe2f70, 0x00000007a6ab0000)
  to   space 21824K,   0% used [0x00000007a6ab0000, 0x00000007a6ab0000, 0x00000007a8000000)
 concurrent mark-sweep generation total 393216K, used 155721K [0x00000007a8000000, 0x00000007c0000000, 0x00000007c0000000)
 Metaspace       used 43676K, capacity 44920K, committed 45100K, reserved 1089536K
  class space    used 5354K, capacity 5667K, committed 5676K, reserved 1048576K
}
2019-01-30T12:59:07.590+0600: 4945.160: Total time for which application threads were stopped: 0.0108236 seconds, Stopping threads took: 0.0000247 seconds
{Heap before GC invocations=19810 (full 20):
 par new generation   total 109248K, used 98187K [0x00000007a0000000, 0x00000007a8000000, 0x00000007a8000000)
  eden space 87424K, 100% used [0x00000007a0000000, 0x00000007a5560000, 0x00000007a5560000)
  from space 21824K,  49% used [0x00000007a5560000, 0x00000007a5fe2f70, 0x00000007a6ab0000)
  to   space 21824K,   0% used [0x00000007a6ab0000, 0x00000007a6ab0000, 0x00000007a8000000)
 concurrent mark-sweep generation total 393216K, used 155721K [0x00000007a8000000, 0x00000007c0000000, 0x00000007c0000000)
 Metaspace       used 43676K, capacity 44920K, committed 45100K, reserved 1089536K
  class space    used 5354K, capacity 5667K, committed 5676K, reserved 1048576K
2019-01-30T12:59:07.791+0600: 4945.360: [GC (Allocation Failure) 2019-01-30T12:59:07.791+0600: 4945.361: [ParNew
Desired survivor size 20112992 bytes, new threshold 8 (max 8)
- age   1:    5894168 bytes,    5894168 total
- age   2:       1168 bytes,    5895336 total
- age   3:       1136 bytes,    5896472 total
- age   4:       1064 bytes,    5897536 total
- age   5:        960 bytes,    5898496 total
- age   6:       1160 bytes,    5899656 total
- age   7:       1168 bytes,    5900824 total
- age   8:       1096 bytes,    5901920 total
: 98187K->9060K(109248K), 0.0082761 secs] 253909K->164783K(502464K), 0.0083817 secs] [Times: user=0.03 sys=0.00, real=0.01 secs] 
Heap after GC invocations=19811 (full 20):
 par new generation   total 109248K, used 9060K [0x00000007a0000000, 0x00000007a8000000, 0x00000007a8000000)
  eden space 87424K,   0% used [0x00000007a0000000, 0x00000007a0000000, 0x00000007a5560000)
  from space 21824K,  41% used [0x00000007a6ab0000, 0x00000007a7389250, 0x00000007a8000000)
  to   space 21824K,   0% used [0x00000007a5560000, 0x00000007a5560000, 0x00000007a6ab0000)
 concurrent mark-sweep generation total 393216K, used 155722K [0x00000007a8000000, 0x00000007c0000000, 0x00000007c0000000)
 Metaspace       used 43676K, capacity 44920K, committed 45100K, reserved 1089536K
  class space    used 5354K, capacity 5667K, committed 5676K, reserved 1048576K
}
2019-01-30T12:59:07.800+0600: 4945.369: Total time for which application threads were stopped: 0.0086262 seconds, Stopping threads took: 0.0000234 seconds
{Heap before GC invocations=19811 (full 20):
 par new generation   total 109248K, used 96484K [0x00000007a0000000, 0x00000007a8000000, 0x00000007a8000000)
  eden space 87424K, 100% used [0x00000007a0000000, 0x00000007a5560000, 0x00000007a5560000)
  from space 21824K,  41% used [0x00000007a6ab0000, 0x00000007a7389250, 0x00000007a8000000)
  to   space 21824K,   0% used [0x00000007a5560000, 0x00000007a5560000, 0x00000007a6ab0000)
 concurrent mark-sweep generation total 393216K, used 155722K [0x00000007a8000000, 0x00000007c0000000, 0x00000007c0000000)
 Metaspace       used 43676K, capacity 44920K, committed 45100K, reserved 1089536K
  class space    used 5354K, capacity 5667K, committed 5676K, reserved 1048576K
2019-01-30T12:59:08.004+0600: 4945.574: [GC (Allocation Failure) 2019-01-30T12:59:08.004+0600: 4945.574: [ParNew
Desired survivor size 20112992 bytes, new threshold 1 (max 8)
- age   1:   21116664 bytes,   21116664 total
- age   2:       1144 bytes,   21117808 total
- age   3:       1168 bytes,   21118976 total
- age   4:       1136 bytes,   21120112 total
- age   5:       1064 bytes,   21121176 total
- age   6:        960 bytes,   21122136 total
- age   7:       1160 bytes,   21123296 total
- age   8:       1168 bytes,   21124464 total
: 96484K->21611K(109248K), 0.0188954 secs] 252207K->177335K(502464K), 0.0190156 secs] [Times: user=0.07 sys=0.00, real=0.02 secs] 
Heap after GC invocations=19812 (full 20):
 par new generation   total 109248K, used 21611K [0x00000007a0000000, 0x00000007a8000000, 0x00000007a8000000)
  eden space 87424K,   0% used [0x00000007a0000000, 0x00000007a0000000, 0x00000007a5560000)
  from space 21824K,  99% used [0x00000007a5560000, 0x00000007a6a7af40, 0x00000007a6ab0000)
  to   space 21824K,   0% used [0x00000007a6ab0000, 0x00000007a6ab0000, 0x00000007a8000000)
 concurrent mark-sweep generation total 393216K, used 155723K [0x00000007a8000000, 0x00000007c0000000, 0x00000007c0000000)
 Metaspace       used 43676K, capacity 44920K, committed 45100K, reserved 1089536K
  class space    used 5354K, capacity 5667K, committed 5676K, reserved 1048576K
}
2019-01-30T12:59:08.023+0600: 4945.593: Total time for which application threads were stopped: 0.0192709 seconds, Stopping threads took: 0.0000211 seconds
{Heap before GC invocations=19812 (full 20):
 par new generation   total 109248K, used 109035K [0x00000007a0000000, 0x00000007a8000000, 0x00000007a8000000)
  eden space 87424K, 100% used [0x00000007a0000000, 0x00000007a5560000, 0x00000007a5560000)
  from space 21824K,  99% used [0x00000007a5560000, 0x00000007a6a7af40, 0x00000007a6ab0000)
  to   space 21824K,   0% used [0x00000007a6ab0000, 0x00000007a6ab0000, 0x00000007a8000000)
 concurrent mark-sweep generation total 393216K, used 155723K [0x00000007a8000000, 0x00000007c0000000, 0x00000007c0000000)
 Metaspace       used 43676K, capacity 44920K, committed 45100K, reserved 1089536K
  class space    used 5354K, capacity 5667K, committed 5676K, reserved 1048576K
2019-01-30T12:59:08.214+0600: 4945.783: [GC (Allocation Failure) 2019-01-30T12:59:08.214+0600: 4945.783: [ParNew
Desired survivor size 20112992 bytes, new threshold 8 (max 8)
- age   1:   16027792 bytes,   16027792 total
: 109035K->21824K(109248K), 0.0152529 secs] 264759K->177561K(502464K), 0.0153663 secs] [Times: user=0.06 sys=0.00, real=0.01 secs] 
Heap after GC invocations=19813 (full 20):
 par new generation   total 109248K, used 21824K [0x00000007a0000000, 0x00000007a8000000, 0x00000007a8000000)
  eden space 87424K,   0% used [0x00000007a0000000, 0x00000007a0000000, 0x00000007a5560000)
  from space 21824K, 100% used [0x00000007a6ab0000, 0x00000007a8000000, 0x00000007a8000000)
  to   space 21824K,   0% used [0x00000007a5560000, 0x00000007a5560000, 0x00000007a6ab0000)
 concurrent mark-sweep generation total 393216K, used 155737K [0x00000007a8000000, 0x00000007c0000000, 0x00000007c0000000)
 Metaspace       used 43676K, capacity 44920K, committed 45100K, reserved 1089536K
  class space    used 5354K, capacity 5667K, committed 5676K, reserved 1048576K
}
2019-01-30T12:59:08.229+0600: 4945.799: Total time for which application threads were stopped: 0.0156122 seconds, Stopping threads took: 0.0000247 seconds
{Heap before GC invocations=19813 (full 20):
 par new generation   total 109248K, used 109248K [0x00000007a0000000, 0x00000007a8000000, 0x00000007a8000000)
  eden space 87424K, 100% used [0x00000007a0000000, 0x00000007a5560000, 0x00000007a5560000)
  from space 21824K, 100% used [0x00000007a6ab0000, 0x00000007a8000000, 0x00000007a8000000)
  to   space 21824K,   0% used [0x00000007a5560000, 0x00000007a5560000, 0x00000007a6ab0000)
 concurrent mark-sweep generation total 393216K, used 155737K [0x00000007a8000000, 0x00000007c0000000, 0x00000007c0000000)
 Metaspace       used 43676K, capacity 44920K, committed 45100K, reserved 1089536K
  class space    used 5354K, capacity 5667K, committed 5676K, reserved 1048576K
2019-01-30T12:59:08.429+0600: 4945.999: [GC (Allocation Failure) 2019-01-30T12:59:08.429+0600: 4945.999: [ParNew
Desired survivor size 20112992 bytes, new threshold 8 (max 8)
- age   1:   12738624 bytes,   12738624 total
- age   2:       1248 bytes,   12739872 total
: 109248K->18212K(109248K), 0.0129865 secs] 264985K->173950K(502464K), 0.0131045 secs] [Times: user=0.05 sys=0.00, real=0.02 secs] 
Heap after GC invocations=19814 (full 20):
 par new generation   total 109248K, used 18212K [0x00000007a0000000, 0x00000007a8000000, 0x00000007a8000000)
  eden space 87424K,   0% used [0x00000007a0000000, 0x00000007a0000000, 0x00000007a5560000)
  from space 21824K,  83% used [0x00000007a5560000, 0x00000007a6729340, 0x00000007a6ab0000)
  to   space 21824K,   0% used [0x00000007a6ab0000, 0x00000007a6ab0000, 0x00000007a8000000)
 concurrent mark-sweep generation total 393216K, used 155737K [0x00000007a8000000, 0x00000007c0000000, 0x00000007c0000000)
 Metaspace       used 43676K, capacity 44920K, committed 45100K, reserved 1089536K
  class space    used 5354K, capacity 5667K, committed 5676K, reserved 1048576K
}
2019-01-30T12:59:08.443+0600: 4946.012: Total time for which application threads were stopped: 0.0133448 seconds, Stopping threads took: 0.0000250 seconds
2019-01-30T12:59:08.545+0600: 4946.114: Total time for which application threads were stopped: 0.0002168 seconds, Stopping threads took: 0.0000591 seconds
{Heap before GC invocations=19814 (full 20):
 par new generation   total 109248K, used 105636K [0x00000007a0000000, 0x00000007a8000000, 0x00000007a8000000)
  eden space 87424K, 100% used [0x00000007a0000000, 0x00000007a5560000, 0x00000007a5560000)
  from space 21824K,  83% used [0x00000007a5560000, 0x00000007a6729340, 0x00000007a6ab0000)
  to   space 21824K,   0% used [0x00000007a6ab0000, 0x00000007a6ab0000, 0x00000007a8000000)
 concurrent mark-sweep generation total 393216K, used 155737K [0x00000007a8000000, 0x00000007c0000000, 0x00000007c0000000)
 Metaspace       used 43676K, capacity 44920K, committed 45100K, reserved 1089536K
  class space    used 5354K, capacity 5667K, committed 5676K, reserved 1048576K
2019-01-30T12:59:08.638+0600: 4946.208: [GC (Allocation Failure) 2019-01-30T12:59:08.638+0600: 4946.208: [ParNew
Desired survivor size 20112992 bytes, new threshold 8 (max 8)
- age   1:    9108792 bytes,    9108792 total
- age   2:        992 bytes,    9109784 total
- age   3:       1248 bytes,    9111032 total
: 105636K->13884K(109248K), 0.0106913 secs] 261374K->169621K(502464K), 0.0108126 secs] [Times: user=0.04 sys=0.01, real=0.01 secs] 
Heap after GC invocations=19815 (full 20):
 par new generation   total 109248K, used 13884K [0x00000007a0000000, 0x00000007a8000000, 0x00000007a8000000)
  eden space 87424K,   0% used [0x00000007a0000000, 0x00000007a0000000, 0x00000007a5560000)
  from space 21824K,  63% used [0x00000007a6ab0000, 0x00000007a783f0c0, 0x00000007a8000000)
  to   space 21824K,   0% used [0x00000007a5560000, 0x00000007a5560000, 0x00000007a6ab0000)
 concurrent mark-sweep generation total 393216K, used 155737K [0x00000007a8000000, 0x00000007c0000000, 0x00000007c0000000)
 Metaspace       used 43676K, capacity 44920K, committed 45100K, reserved 1089536K
  class space    used 5354K, capacity 5667K, committed 5676K, reserved 1048576K
}
2019-01-30T12:59:08.649+0600: 4946.219: Total time for which application threads were stopped: 0.0110682 seconds, Stopping threads took: 0.0000252 seconds
{Heap before GC invocations=19815 (full 20):
 par new generation   total 109248K, used 101308K [0x00000007a0000000, 0x00000007a8000000, 0x00000007a8000000)
  eden space 87424K, 100% used [0x00000007a0000000, 0x00000007a5560000, 0x00000007a5560000)
  from space 21824K,  63% used [0x00000007a6ab0000, 0x00000007a783f0c0, 0x00000007a8000000)
  to   space 21824K,   0% used [0x00000007a5560000, 0x00000007a5560000, 0x00000007a6ab0000)
 concurrent mark-sweep generation total 393216K, used 155737K [0x00000007a8000000, 0x00000007c0000000, 0x00000007c0000000)
 Metaspace       used 43676K, capacity 44920K, committed 45100K, reserved 1089536K
  class space    used 5354K, capacity 5667K, committed 5676K, reserved 1048576K
2019-01-30T12:59:08.845+0600: 4946.414: [GC (Allocation Failure) 2019-01-30T12:59:08.845+0600: 4946.414: [ParNew
Desired survivor size 20112992 bytes, new threshold 8 (max 8)
- age   1:    5892168 bytes,    5892168 total
- age   2:       1136 bytes,    5893304 total
- age   3:        992 bytes,    5894296 total
- age   4:       1248 bytes,    5895544 total
: 101308K->8943K(109248K), 0.0084015 secs] 257045K->164681K(502464K), 0.0085117 secs] [Times: user=0.03 sys=0.01, real=0.01 secs] 
Heap after GC invocations=19816 (full 20):
 par new generation   total 109248K, used 8943K [0x00000007a0000000, 0x00000007a8000000, 0x00000007a8000000)
  eden space 87424K,   0% used [0x00000007a0000000, 0x00000007a0000000, 0x00000007a5560000)
  from space 21824K,  40% used [0x00000007a5560000, 0x00000007a5e1bf50, 0x00000007a6ab0000)
  to   space 21824K,   0% used [0x00000007a6ab0000, 0x00000007a6ab0000, 0x00000007a8000000)
 concurrent mark-sweep generation total 393216K, used 155737K [0x00000007a8000000, 0x00000007c0000000, 0x00000007c0000000)
 Metaspace       used 43676K, capacity 44920K, committed 45100K, reserved 1089536K
  class space    used 5354K, capacity 5667K, committed 5676K, reserved 1048576K
}
2019-01-30T12:59:08.853+0600: 4946.423: Total time for which application threads were stopped: 0.0087529 seconds, Stopping threads took: 0.0000229 seconds
{Heap before GC invocations=19816 (full 20):
 par new generation   total 109248K, used 96367K [0x00000007a0000000, 0x00000007a8000000, 0x00000007a8000000)
  eden space 87424K, 100% used [0x00000007a0000000, 0x00000007a5560000, 0x00000007a5560000)
  from space 21824K,  40% used [0x00000007a5560000, 0x00000007a5e1bf50, 0x00000007a6ab0000)
  to   space 21824K,   0% used [0x00000007a6ab0000, 0x00000007a6ab0000, 0x00000007a8000000)
 concurrent mark-sweep generation total 393216K, used 155737K [0x00000007a8000000, 0x00000007c0000000, 0x00000007c0000000)
 Metaspace       used 43676K, capacity 44920K, committed 45100K, reserved 1089536K
  class space    used 5354K, capacity 5667K, committed 5676K, reserved 1048576K
2019-01-30T12:59:09.051+0600: 4946.620: [GC (Allocation Failure) 2019-01-30T12:59:09.051+0600: 4946.620: [ParNew
Desired survivor size 20112992 bytes, new threshold 8 (max 8)
- age   1:    5910808 bytes,    5910808 total
- age   2:       1096 bytes,    5911904 total
- age   3:       1136 bytes,    5913040 total
- age   4:        992 bytes,    5914032 total
- age   5:       1248 bytes,    5915280 total
: 96367K->7000K(109248K), 0.0082895 secs] 252105K->162738K(502464K), 0.0084055 secs] [Times: user=0.03 sys=0.00, real=0.01 secs] 
Heap after GC invocations=19817 (full 20):
 par new generation   total 109248K, used 7000K [0x00000007a0000000, 0x00000007a8000000, 0x00000007a8000000)
  eden space 87424K,   0% used [0x00000007a0000000, 0x00000007a0000000, 0x00000007a5560000)
  from space 21824K,  32% used [0x00000007a6ab0000, 0x00000007a7186280, 0x00000007a8000000)
  to   space 21824K,   0% used [0x00000007a5560000, 0x00000007a5560000, 0x00000007a6ab0000)
 concurrent mark-sweep generation total 393216K, used 155737K [0x00000007a8000000, 0x00000007c0000000, 0x00000007c0000000)
 Metaspace       used 43676K, capacity 44920K, committed 45100K, reserved 1089536K
  class space    used 5354K, capacity 5667K, committed 5676K, reserved 1048576K
}
2019-01-30T12:59:09.060+0600: 4946.629: Total time for which application threads were stopped: 0.0086854 seconds, Stopping threads took: 0.0000227 seconds
{Heap before GC invocations=19817 (full 20):
 par new generation   total 109248K, used 94424K [0x00000007a0000000, 0x00000007a8000000, 0x00000007a8000000)
  eden space 87424K, 100% used [0x00000007a0000000, 0x00000007a5560000, 0x00000007a5560000)
  from space 21824K,  32% used [0x00000007a6ab0000, 0x00000007a7186280, 0x00000007a8000000)
  to   space 21824K,   0% used [0x00000007a5560000, 0x00000007a5560000, 0x00000007a6ab0000)
 concurrent mark-sweep generation total 393216K, used 155737K [0x00000007a8000000, 0x00000007c0000000, 0x00000007c0000000)
 Metaspace       used 43676K, capacity 44920K, committed 45100K, reserved 1089536K
  class space    used 5354K, capacity 5667K, committed 5676K, reserved 1048576K
2019-01-30T12:59:09.257+0600: 4946.826: [GC (Allocation Failure) 2019-01-30T12:59:09.257+0600: 4946.826: [ParNew
Desired survivor size 20112992 bytes, new threshold 8 (max 8)
- age   1:   18703720 bytes,   18703720 total
- age   2:       1104 bytes,   18704824 total
- age   3:       1096 bytes,   18705920 total
- age   4:       1136 bytes,   18707056 total
- age   5:        992 bytes,   18708048 total
- age   6:       1248 bytes,   18709296 total
: 94424K->20530K(109248K), 0.0167340 secs] 250162K->176267K(502464K), 0.0168505 secs] [Times: user=0.06 sys=0.00, real=0.02 secs] 
Heap after GC invocations=19818 (full 20):
 par new generation   total 109248K, used 20530K [0x00000007a0000000, 0x00000007a8000000, 0x00000007a8000000)
  eden space 87424K,   0% used [0x00000007a0000000, 0x00000007a0000000, 0x00000007a5560000)
  from space 21824K,  94% used [0x00000007a5560000, 0x00000007a696c988, 0x00000007a6ab0000)
  to   space 21824K,   0% used [0x00000007a6ab0000, 0x00000007a6ab0000, 0x00000007a8000000)
 concurrent mark-sweep generation total 393216K, used 155737K [0x00000007a8000000, 0x00000007c0000000, 0x00000007c0000000)
 Metaspace       used 43676K, capacity 44920K, committed 45100K, reserved 1089536K
  class space    used 5354K, capacity 5667K, committed 5676K, reserved 1048576K
}
2019-01-30T12:59:09.274+0600: 4946.843: Total time for which application threads were stopped: 0.0170996 seconds, Stopping threads took: 0.0000246 seconds
{Heap before GC invocations=19818 (full 20):
 par new generation   total 109248K, used 107954K [0x00000007a0000000, 0x00000007a8000000, 0x00000007a8000000)
  eden space 87424K, 100% used [0x00000007a0000000, 0x00000007a5560000, 0x00000007a5560000)
  from space 21824K,  94% used [0x00000007a5560000, 0x00000007a696c988, 0x00000007a6ab0000)
  to   space 21824K,   0% used [0x00000007a6ab0000, 0x00000007a6ab0000, 0x00000007a8000000)
 concurrent mark-sweep generation total 393216K, used 155737K [0x00000007a8000000, 0x00000007c0000000, 0x00000007c0000000)
 Metaspace       used 43676K, capacity 44920K, committed 45100K, reserved 1089536K
  class space    used 5354K, capacity 5667K, committed 5676K, reserved 1048576K
2019-01-30T12:59:09.465+0600: 4947.034: [GC (Allocation Failure) 2019-01-30T12:59:09.465+0600: 4947.034: [ParNew
Desired survivor size 20112992 bytes, new threshold 8 (max 8)
- age   1:   14618568 bytes,   14618568 total
- age   2:        960 bytes,   14619528 total
- age   3:       1104 bytes,   14620632 total
- age   4:       1096 bytes,   14621728 total
- age   5:       1136 bytes,   14622864 total
- age   6:        992 bytes,   14623856 total
- age   7:       1248 bytes,   14625104 total
: 107954K->18639K(109248K), 0.0157614 secs] 263691K->174376K(502464K), 0.0158813 secs] [Times: user=0.06 sys=0.00, real=0.02 secs] 
Heap after GC invocations=19819 (full 20):
 par new generation   total 109248K, used 18639K [0x00000007a0000000, 0x00000007a8000000, 0x00000007a8000000)
  eden space 87424K,   0% used [0x00000007a0000000, 0x00000007a0000000, 0x00000007a5560000)
  from space 21824K,  85% used [0x00000007a6ab0000, 0x00000007a7ce3c60, 0x00000007a8000000)
  to   space 21824K,   0% used [0x00000007a5560000, 0x00000007a5560000, 0x00000007a6ab0000)
 concurrent mark-sweep generation total 393216K, used 155737K [0x00000007a8000000, 0x00000007c0000000, 0x00000007c0000000)
 Metaspace       used 43676K, capacity 44920K, committed 45100K, reserved 1089536K
  class space    used 5354K, capacity 5667K, committed 5676K, reserved 1048576K
}
2019-01-30T12:59:09.481+0600: 4947.050: Total time for which application threads were stopped: 0.0161879 seconds, Stopping threads took: 0.0000274 seconds
{Heap before GC invocations=19819 (full 20):
 par new generation   total 109248K, used 106063K [0x00000007a0000000, 0x00000007a8000000, 0x00000007a8000000)
  eden space 87424K, 100% used [0x00000007a0000000, 0x00000007a5560000, 0x00000007a5560000)
  from space 21824K,  85% used [0x00000007a6ab0000, 0x00000007a7ce3c60, 0x00000007a8000000)
  to   space 21824K,   0% used [0x00000007a5560000, 0x00000007a5560000, 0x00000007a6ab0000)
 concurrent mark-sweep generation total 393216K, used 155737K [0x00000007a8000000, 0x00000007c0000000, 0x00000007c0000000)
 Metaspace       used 43676K, capacity 44920K, committed 45100K, reserved 1089536K
  class space    used 5354K, capacity 5667K, committed 5676K, reserved 1048576K
2019-01-30T12:59:09.679+0600: 4947.248: [GC (Allocation Failure) 2019-01-30T12:59:09.679+0600: 4947.248: [ParNew
Desired survivor size 20112992 bytes, new threshold 8 (max 8)
- age   1:   11059936 bytes,   11059936 total
- age   2:       1216 bytes,   11061152 total
- age   3:        960 bytes,   11062112 total
- age   4:       1104 bytes,   11063216 total
- age   5:       1096 bytes,   11064312 total
- age   6:       1136 bytes,   11065448 total
- age   7:        992 bytes,   11066440 total
- age   8:       1248 bytes,   11067688 total
: 106063K->16924K(109248K), 0.0118912 secs] 261800K->172662K(502464K), 0.0120021 secs] [Times: user=0.05 sys=0.01, real=0.02 secs] 
Heap after GC invocations=19820 (full 20):
 par new generation   total 109248K, used 16924K [0x00000007a0000000, 0x00000007a8000000, 0x00000007a8000000)
  eden space 87424K,   0% used [0x00000007a0000000, 0x00000007a0000000, 0x00000007a5560000)
  from space 21824K,  77% used [0x00000007a5560000, 0x00000007a65e7340, 0x00000007a6ab0000)
  to   space 21824K,   0% used [0x00000007a6ab0000, 0x00000007a6ab0000, 0x00000007a8000000)
 concurrent mark-sweep generation total 393216K, used 155737K [0x00000007a8000000, 0x00000007c0000000, 0x00000007c0000000)
 Metaspace       used 43676K, capacity 44920K, committed 45100K, reserved 1089536K
  class space    used 5354K, capacity 5667K, committed 5676K, reserved 1048576K
}
2019-01-30T12:59:09.691+0600: 4947.260: Total time for which application threads were stopped: 0.0122536 seconds, Stopping threads took: 0.0000256 seconds
{Heap before GC invocations=19820 (full 20):
 par new generation   total 109248K, used 104348K [0x00000007a0000000, 0x00000007a8000000, 0x00000007a8000000)
  eden space 87424K, 100% used [0x00000007a0000000, 0x00000007a5560000, 0x00000007a5560000)
  from space 21824K,  77% used [0x00000007a5560000, 0x00000007a65e7340, 0x00000007a6ab0000)
  to   space 21824K,   0% used [0x00000007a6ab0000, 0x00000007a6ab0000, 0x00000007a8000000)
 concurrent mark-sweep generation total 393216K, used 155737K [0x00000007a8000000, 0x00000007c0000000, 0x00000007c0000000)
 Metaspace       used 43676K, capacity 44920K, committed 45100K, reserved 1089536K
  class space    used 5354K, capacity 5667K, committed 5676K, reserved 1048576K
2019-01-30T12:59:09.884+0600: 4947.453: [GC (Allocation Failure) 2019-01-30T12:59:09.884+0600: 4947.453: [ParNew
Desired survivor size 20112992 bytes, new threshold 8 (max 8)
- age   1:    7699232 bytes,    7699232 total
- age   2:       1192 bytes,    7700424 total
- age   3:       1216 bytes,    7701640 total
- age   4:        960 bytes,    7702600 total
- age   5:       1104 bytes,    7703704 total
- age   6:       1096 bytes,    7704800 total
- age   7:       1136 bytes,    7705936 total
- age   8:        992 bytes,    7706928 total
: 104348K->10659K(109248K), 0.0108531 secs] 260086K->166398K(502464K), 0.0109989 secs] [Times: user=0.04 sys=0.01, real=0.01 secs] 
Heap after GC invocations=19821 (full 20):
 par new generation   total 109248K, used 10659K [0x00000007a0000000, 0x00000007a8000000, 0x00000007a8000000)
  eden space 87424K,   0% used [0x00000007a0000000, 0x00000007a0000000, 0x00000007a5560000)
  from space 21824K,  48% used [0x00000007a6ab0000, 0x00000007a7518d90, 0x00000007a8000000)
  to   space 21824K,   0% used [0x00000007a5560000, 0x00000007a5560000, 0x00000007a6ab0000)
 concurrent mark-sweep generation total 393216K, used 155738K [0x00000007a8000000, 0x00000007c0000000, 0x00000007c0000000)
 Metaspace       used 43676K, capacity 44920K, committed 45100K, reserved 1089536K
  class space    used 5354K, capacity 5667K, committed 5676K, reserved 1048576K
}
2019-01-30T12:59:09.895+0600: 4947.464: Total time for which application threads were stopped: 0.0112819 seconds, Stopping threads took: 0.0000269 seconds
{Heap before GC invocations=19821 (full 20):
 par new generation   total 109248K, used 98083K [0x00000007a0000000, 0x00000007a8000000, 0x00000007a8000000)
  eden space 87424K, 100% used [0x00000007a0000000, 0x00000007a5560000, 0x00000007a5560000)
  from space 21824K,  48% used [0x00000007a6ab0000, 0x00000007a7518d90, 0x00000007a8000000)
  to   space 21824K,   0% used [0x00000007a5560000, 0x00000007a5560000, 0x00000007a6ab0000)
 concurrent mark-sweep generation total 393216K, used 155738K [0x00000007a8000000, 0x00000007c0000000, 0x00000007c0000000)
 Metaspace       used 43676K, capacity 44920K, committed 45100K, reserved 1089536K
  class space    used 5354K, capacity 5667K, committed 5676K, reserved 1048576K
2019-01-30T12:59:10.104+0600: 4947.673: [GC (Allocation Failure) 2019-01-30T12:59:10.104+0600: 4947.673: [ParNew
Desired survivor size 20112992 bytes, new threshold 8 (max 8)
- age   1:    5894832 bytes,    5894832 total
- age   2:       1120 bytes,    5895952 total
- age   3:       1192 bytes,    5897144 total
- age   4:       1216 bytes,    5898360 total
- age   5:        960 bytes,    5899320 total
- age   6:       1104 bytes,    5900424 total
- age   7:       1096 bytes,    5901520 total
- age   8:       1136 bytes,    5902656 total
: 98083K->8309K(109248K), 0.0087981 secs] 253822K->164049K(502464K), 0.0088974 secs] [Times: user=0.03 sys=0.00, real=0.01 secs] 
Heap after GC invocations=19822 (full 20):
 par new generation   total 109248K, used 8309K [0x00000007a0000000, 0x00000007a8000000, 0x00000007a8000000)
  eden space 87424K,   0% used [0x00000007a0000000, 0x00000007a0000000, 0x00000007a5560000)
  from space 21824K,  38% used [0x00000007a5560000, 0x00000007a5d7d650, 0x00000007a6ab0000)
  to   space 21824K,   0% used [0x00000007a6ab0000, 0x00000007a6ab0000, 0x00000007a8000000)
 concurrent mark-sweep generation total 393216K, used 155739K [0x00000007a8000000, 0x00000007c0000000, 0x00000007c0000000)
 Metaspace       used 43676K, capacity 44920K, committed 45100K, reserved 1089536K
  class space    used 5354K, capacity 5667K, committed 5676K, reserved 1048576K
}
2019-01-30T12:59:10.113+0600: 4947.682: Total time for which application threads were stopped: 0.0091326 seconds, Stopping threads took: 0.0000218 seconds
{Heap before GC invocations=19822 (full 20):
 par new generation   total 109248K, used 95733K [0x00000007a0000000, 0x00000007a8000000, 0x00000007a8000000)
  eden space 87424K, 100% used [0x00000007a0000000, 0x00000007a5560000, 0x00000007a5560000)
  from space 21824K,  38% used [0x00000007a5560000, 0x00000007a5d7d650, 0x00000007a6ab0000)
  to   space 21824K,   0% used [0x00000007a6ab0000, 0x00000007a6ab0000, 0x00000007a8000000)
 concurrent mark-sweep generation total 393216K, used 155739K [0x00000007a8000000, 0x00000007c0000000, 0x00000007c0000000)
 Metaspace       used 43676K, capacity 44920K, committed 45100K, reserved 1089536K
  class space    used 5354K, capacity 5667K, committed 5676K, reserved 1048576K
2019-01-30T12:59:10.312+0600: 4947.882: [GC (Allocation Failure) 2019-01-30T12:59:10.312+0600: 4947.882: [ParNew
Desired survivor size 20112992 bytes, new threshold 1 (max 8)
- age   1:   21116888 bytes,   21116888 total
- age   2:       1128 bytes,   21118016 total
- age   3:       1120 bytes,   21119136 total
- age   4:       1192 bytes,   21120328 total
- age   5:       1216 bytes,   21121544 total
- age   6:        960 bytes,   21122504 total
- age   7:       1104 bytes,   21123608 total
- age   8:       1096 bytes,   21124704 total
: 95733K->21386K(109248K), 0.0184878 secs] 251473K->177126K(502464K), 0.0185987 secs] [Times: user=0.07 sys=0.01, real=0.02 secs] 
Heap after GC invocations=19823 (full 20):
 par new generation   total 109248K, used 21386K [0x00000007a0000000, 0x00000007a8000000, 0x00000007a8000000)
  eden space 87424K,   0% used [0x00000007a0000000, 0x00000007a0000000, 0x00000007a5560000)
  from space 21824K,  97% used [0x00000007a6ab0000, 0x00000007a7f92800, 0x00000007a8000000)
  to   space 21824K,   0% used [0x00000007a5560000, 0x00000007a5560000, 0x00000007a6ab0000)
 concurrent mark-sweep generation total 393216K, used 155740K [0x00000007a8000000, 0x00000007c0000000, 0x00000007c0000000)
 Metaspace       used 43676K, capacity 44920K, committed 45100K, reserved 1089536K
  class space    used 5354K, capacity 5667K, committed 5676K, reserved 1048576K
}
2019-01-30T12:59:10.331+0600: 4947.900: Total time for which application threads were stopped: 0.0188433 seconds, Stopping threads took: 0.0000242 seconds
{Heap before GC invocations=19823 (full 20):
 par new generation   total 109248K, used 108810K [0x00000007a0000000, 0x00000007a8000000, 0x00000007a8000000)
  eden space 87424K, 100% used [0x00000007a0000000, 0x00000007a5560000, 0x00000007a5560000)
  from space 21824K,  97% used [0x00000007a6ab0000, 0x00000007a7f92800, 0x00000007a8000000)
  to   space 21824K,   0% used [0x00000007a5560000, 0x00000007a5560000, 0x00000007a6ab0000)
 concurrent mark-sweep generation total 393216K, used 155740K [0x00000007a8000000, 0x00000007c0000000, 0x00000007c0000000)
 Metaspace       used 43676K, capacity 44920K, committed 45100K, reserved 1089536K
  class space    used 5354K, capacity 5667K, committed 5676K, reserved 1048576K
2019-01-30T12:59:10.519+0600: 4948.088: [GC (Allocation Failure) 2019-01-30T12:59:10.519+0600: 4948.088: [ParNew
Desired survivor size 20112992 bytes, new threshold 8 (max 8)
- age   1:   15959272 bytes,   15959272 total
: 108810K->21824K(109248K), 0.0152807 secs] 264550K->177645K(502464K), 0.0153931 secs] [Times: user=0.06 sys=0.01, real=0.02 secs] 
Heap after GC invocations=19824 (full 20):
 par new generation   total 109248K, used 21824K [0x00000007a0000000, 0x00000007a8000000, 0x00000007a8000000)
  eden space 87424K,   0% used [0x00000007a0000000, 0x00000007a0000000, 0x00000007a5560000)
  from space 21824K, 100% used [0x00000007a5560000, 0x00000007a6ab0000, 0x00000007a6ab0000)
  to   space 21824K,   0% used [0x00000007a6ab0000, 0x00000007a6ab0000, 0x00000007a8000000)
 concurrent mark-sweep generation total 393216K, used 155821K [0x00000007a8000000, 0x00000007c0000000, 0x00000007c0000000)
 Metaspace       used 43676K, capacity 44920K, committed 45100K, reserved 1089536K
  class space    used 5354K, capacity 5667K, committed 5676K, reserved 1048576K
}
2019-01-30T12:59:10.534+0600: 4948.104: Total time for which application threads were stopped: 0.0156350 seconds, Stopping threads took: 0.0000243 seconds
{Heap before GC invocations=19824 (full 20):
 par new generation   total 109248K, used 109248K [0x00000007a0000000, 0x00000007a8000000, 0x00000007a8000000)
  eden space 87424K, 100% used [0x00000007a0000000, 0x00000007a5560000, 0x00000007a5560000)
  from space 21824K, 100% used [0x00000007a5560000, 0x00000007a6ab0000, 0x00000007a6ab0000)
  to   space 21824K,   0% used [0x00000007a6ab0000, 0x00000007a6ab0000, 0x00000007a8000000)
 concurrent mark-sweep generation total 393216K, used 155821K [0x00000007a8000000, 0x00000007c0000000, 0x00000007c0000000)
 Metaspace       used 43676K, capacity 44920K, committed 45100K, reserved 1089536K
  class space    used 5354K, capacity 5667K, committed 5676K, reserved 1048576K
2019-01-30T12:59:10.735+0600: 4948.304: [GC (Allocation Failure) 2019-01-30T12:59:10.735+0600: 4948.304: [ParNew
Desired survivor size 20112992 bytes, new threshold 8 (max 8)
- age   1:   12728616 bytes,   12728616 total
- age   2:       1808 bytes,   12730424 total
: 109248K->18151K(109248K), 0.0129931 secs] 265069K->173972K(502464K), 0.0131192 secs] [Times: user=0.05 sys=0.00, real=0.01 secs] 
Heap after GC invocations=19825 (full 20):
 par new generation   total 109248K, used 18151K [0x00000007a0000000, 0x00000007a8000000, 0x00000007a8000000)
  eden space 87424K,   0% used [0x00000007a0000000, 0x00000007a0000000, 0x00000007a5560000)
  from space 21824K,  83% used [0x00000007a6ab0000, 0x00000007a7c69c00, 0x00000007a8000000)
  to   space 21824K,   0% used [0x00000007a5560000, 0x00000007a5560000, 0x00000007a6ab0000)
 concurrent mark-sweep generation total 393216K, used 155821K [0x00000007a8000000, 0x00000007c0000000, 0x00000007c0000000)
 Metaspace       used 43676K, capacity 44920K, committed 45100K, reserved 1089536K
  class space    used 5354K, capacity 5667K, committed 5676K, reserved 1048576K
}
2019-01-30T12:59:10.748+0600: 4948.317: Total time for which application threads were stopped: 0.0133653 seconds, Stopping threads took: 0.0000260 seconds
{Heap before GC invocations=19825 (full 20):
 par new generation   total 109248K, used 105575K [0x00000007a0000000, 0x00000007a8000000, 0x00000007a8000000)
  eden space 87424K, 100% used [0x00000007a0000000, 0x00000007a5560000, 0x00000007a5560000)
  from space 21824K,  83% used [0x00000007a6ab0000, 0x00000007a7c69c00, 0x00000007a8000000)
  to   space 21824K,   0% used [0x00000007a5560000, 0x00000007a5560000, 0x00000007a6ab0000)
 concurrent mark-sweep generation total 393216K, used 155821K [0x00000007a8000000, 0x00000007c0000000, 0x00000007c0000000)
 Metaspace       used 43676K, capacity 44920K, committed 45100K, reserved 1089536K
  class space    used 5354K, capacity 5667K, committed 5676K, reserved 1048576K
2019-01-30T12:59:10.940+0600: 4948.509: [GC (Allocation Failure) 2019-01-30T12:59:10.940+0600: 4948.509: [ParNew
Desired survivor size 20112992 bytes, new threshold 8 (max 8)
- age   1:    9448440 bytes,    9448440 total
- age   2:        992 bytes,    9449432 total
- age   3:       1808 bytes,    9451240 total
: 105575K->13861K(109248K), 0.0107446 secs] 261396K->169683K(502464K), 0.0108573 secs] [Times: user=0.04 sys=0.00, real=0.01 secs] 
Heap after GC invocations=19826 (full 20):
 par new generation   total 109248K, used 13861K [0x00000007a0000000, 0x00000007a8000000, 0x00000007a8000000)
  eden space 87424K,   0% used [0x00000007a0000000, 0x00000007a0000000, 0x00000007a5560000)
  from space 21824K,  63% used [0x00000007a5560000, 0x00000007a62e9700, 0x00000007a6ab0000)
  to   space 21824K,   0% used [0x00000007a6ab0000, 0x00000007a6ab0000, 0x00000007a8000000)
 concurrent mark-sweep generation total 393216K, used 155821K [0x00000007a8000000, 0x00000007c0000000, 0x00000007c0000000)
 Metaspace       used 43676K, capacity 44920K, committed 45100K, reserved 1089536K
  class space    used 5354K, capacity 5667K, committed 5676K, reserved 1048576K
}
2019-01-30T12:59:10.950+0600: 4948.520: Total time for which application threads were stopped: 0.0111010 seconds, Stopping threads took: 0.0000232 seconds
{Heap before GC invocations=19826 (full 20):
 par new generation   total 109248K, used 101285K [0x00000007a0000000, 0x00000007a8000000, 0x00000007a8000000)
  eden space 87424K, 100% used [0x00000007a0000000, 0x00000007a5560000, 0x00000007a5560000)
  from space 21824K,  63% used [0x00000007a5560000, 0x00000007a62e9700, 0x00000007a6ab0000)
  to   space 21824K,   0% used [0x00000007a6ab0000, 0x00000007a6ab0000, 0x00000007a8000000)
 concurrent mark-sweep generation total 393216K, used 155821K [0x00000007a8000000, 0x00000007c0000000, 0x00000007c0000000)
 Metaspace       used 43676K, capacity 44920K, committed 45100K, reserved 1089536K
  class space    used 5354K, capacity 5667K, committed 5676K, reserved 1048576K
2019-01-30T12:59:11.150+0600: 4948.720: [GC (Allocation Failure) 2019-01-30T12:59:11.150+0600: 4948.720: [ParNew
Desired survivor size 20112992 bytes, new threshold 8 (max 8)
- age   1:    5873160 bytes,    5873160 total
- age   2:       1160 bytes,    5874320 total
- age   3:        992 bytes,    5875312 total
- age   4:       1808 bytes,    5877120 total
: 101285K->9104K(109248K), 0.0085334 secs] 257107K->164926K(502464K), 0.0086503 secs] [Times: user=0.03 sys=0.00, real=0.00 secs] 
Heap after GC invocations=19827 (full 20):
 par new generation   total 109248K, used 9104K [0x00000007a0000000, 0x00000007a8000000, 0x00000007a8000000)
  eden space 87424K,   0% used [0x00000007a0000000, 0x00000007a0000000, 0x00000007a5560000)
  from space 21824K,  41% used [0x00000007a6ab0000, 0x00000007a7394150, 0x00000007a8000000)
  to   space 21824K,   0% used [0x00000007a5560000, 0x00000007a5560000, 0x00000007a6ab0000)
 concurrent mark-sweep generation total 393216K, used 155821K [0x00000007a8000000, 0x00000007c0000000, 0x00000007c0000000)
 Metaspace       used 43676K, capacity 44920K, committed 45100K, reserved 1089536K
  class space    used 5354K, capacity 5667K, committed 5676K, reserved 1048576K
}
2019-01-30T12:59:11.159+0600: 4948.728: Total time for which application threads were stopped: 0.0089093 seconds, Stopping threads took: 0.0000401 seconds
{Heap before GC invocations=19827 (full 20):
 par new generation   total 109248K, used 96528K [0x00000007a0000000, 0x00000007a8000000, 0x00000007a8000000)
  eden space 87424K, 100% used [0x00000007a0000000, 0x00000007a5560000, 0x00000007a5560000)
  from space 21824K,  41% used [0x00000007a6ab0000, 0x00000007a7394150, 0x00000007a8000000)
  to   space 21824K,   0% used [0x00000007a5560000, 0x00000007a5560000, 0x00000007a6ab0000)
 concurrent mark-sweep generation total 393216K, used 155821K [0x00000007a8000000, 0x00000007c0000000, 0x00000007c0000000)
 Metaspace       used 43676K, capacity 44920K, committed 45100K, reserved 1089536K
  class space    used 5354K, capacity 5667K, committed 5676K, reserved 1048576K
2019-01-30T12:59:11.357+0600: 4948.926: [GC (Allocation Failure) 2019-01-30T12:59:11.357+0600: 4948.926: [ParNew
Desired survivor size 20112992 bytes, new threshold 8 (max 8)
- age   1:    5864720 bytes,    5864720 total
- age   2:       1192 bytes,    5865912 total
- age   3:       1160 bytes,    5867072 total
- age   4:        992 bytes,    5868064 total
- age   5:       1808 bytes,    5869872 total
: 96528K->7043K(109248K), 0.0082285 secs] 252350K->162865K(502464K), 0.0083351 secs] [Times: user=0.03 sys=0.00, real=0.01 secs] 
Heap after GC invocations=19828 (full 20):
 par new generation   total 109248K, used 7043K [0x00000007a0000000, 0x00000007a8000000, 0x00000007a8000000)
  eden space 87424K,   0% used [0x00000007a0000000, 0x00000007a0000000, 0x00000007a5560000)
  from space 21824K,  32% used [0x00000007a5560000, 0x00000007a5c40db0, 0x00000007a6ab0000)
  to   space 21824K,   0% used [0x00000007a6ab0000, 0x00000007a6ab0000, 0x00000007a8000000)
 concurrent mark-sweep generation total 393216K, used 155821K [0x00000007a8000000, 0x00000007c0000000, 0x00000007c0000000)
 Metaspace       used 43676K, capacity 44920K, committed 45100K, reserved 1089536K
  class space    used 5354K, capacity 5667K, committed 5676K, reserved 1048576K
}
2019-01-30T12:59:11.365+0600: 4948.934: Total time for which application threads were stopped: 0.0085751 seconds, Stopping threads took: 0.0000216 seconds
{Heap before GC invocations=19828 (full 20):
 par new generation   total 109248K, used 94467K [0x00000007a0000000, 0x00000007a8000000, 0x00000007a8000000)
  eden space 87424K, 100% used [0x00000007a0000000, 0x00000007a5560000, 0x00000007a5560000)
  from space 21824K,  32% used [0x00000007a5560000, 0x00000007a5c40db0, 0x00000007a6ab0000)
  to   space 21824K,   0% used [0x00000007a6ab0000, 0x00000007a6ab0000, 0x00000007a8000000)
 concurrent mark-sweep generation total 393216K, used 155821K [0x00000007a8000000, 0x00000007c0000000, 0x00000007c0000000)
 Metaspace       used 43676K, capacity 44920K, committed 45100K, reserved 1089536K
  class space    used 5354K, capacity 5667K, committed 5676K, reserved 1048576K
2019-01-30T12:59:11.563+0600: 4949.132: [GC (Allocation Failure) 2019-01-30T12:59:11.563+0600: 4949.132: [ParNew
Desired survivor size 20112992 bytes, new threshold 8 (max 8)
- age   1:   18994360 bytes,   18994360 total
- age   2:       1160 bytes,   18995520 total
- age   3:       1192 bytes,   18996712 total
- age   4:       1160 bytes,   18997872 total
- age   5:        992 bytes,   18998864 total
- age   6:       1808 bytes,   19000672 total
: 94467K->20409K(109248K), 0.0173847 secs] 250289K->176231K(502464K), 0.0175044 secs] [Times: user=0.06 sys=0.00, real=0.02 secs] 
Heap after GC invocations=19829 (full 20):
 par new generation   total 109248K, used 20409K [0x00000007a0000000, 0x00000007a8000000, 0x00000007a8000000)
  eden space 87424K,   0% used [0x00000007a0000000, 0x00000007a0000000, 0x00000007a5560000)
  from space 21824K,  93% used [0x00000007a6ab0000, 0x00000007a7e9e7c0, 0x00000007a8000000)
  to   space 21824K,   0% used [0x00000007a5560000, 0x00000007a5560000, 0x00000007a6ab0000)
 concurrent mark-sweep generation total 393216K, used 155821K [0x00000007a8000000, 0x00000007c0000000, 0x00000007c0000000)
 Metaspace       used 43676K, capacity 44920K, committed 45100K, reserved 1089536K
  class space    used 5354K, capacity 5667K, committed 5676K, reserved 1048576K
}
2019-01-30T12:59:11.581+0600: 4949.150: Total time for which application threads were stopped: 0.0177828 seconds, Stopping threads took: 0.0000272 seconds
{Heap before GC invocations=19829 (full 20):
 par new generation   total 109248K, used 107833K [0x00000007a0000000, 0x00000007a8000000, 0x00000007a8000000)
  eden space 87424K, 100% used [0x00000007a0000000, 0x00000007a5560000, 0x00000007a5560000)
  from space 21824K,  93% used [0x00000007a6ab0000, 0x00000007a7e9e7c0, 0x00000007a8000000)
  to   space 21824K,   0% used [0x00000007a5560000, 0x00000007a5560000, 0x00000007a6ab0000)
 concurrent mark-sweep generation total 393216K, used 155821K [0x00000007a8000000, 0x00000007c0000000, 0x00000007c0000000)
 Metaspace       used 43676K, capacity 44920K, committed 45100K, reserved 1089536K
  class space    used 5354K, capacity 5667K, committed 5676K, reserved 1048576K
2019-01-30T12:59:11.773+0600: 4949.342: [GC (Allocation Failure) 2019-01-30T12:59:11.773+0600: 4949.342: [ParNew
Desired survivor size 20112992 bytes, new threshold 8 (max 8)
- age   1:   14618560 bytes,   14618560 total
- age   2:        968 bytes,   14619528 total
- age   3:       1160 bytes,   14620688 total
- age   4:       1192 bytes,   14621880 total
- age   5:       1160 bytes,   14623040 total
- age   6:        992 bytes,   14624032 total
- age   7:       1808 bytes,   14625840 total
: 107833K->20762K(109248K), 0.0143140 secs] 263655K->176584K(502464K), 0.0144306 secs] [Times: user=0.05 sys=0.00, real=0.01 secs] 
Heap after GC invocations=19830 (full 20):
 par new generation   total 109248K, used 20762K [0x00000007a0000000, 0x00000007a8000000, 0x00000007a8000000)
  eden space 87424K,   0% used [0x00000007a0000000, 0x00000007a0000000, 0x00000007a5560000)
  from space 21824K,  95% used [0x00000007a5560000, 0x00000007a69a68e0, 0x00000007a6ab0000)
  to   space 21824K,   0% used [0x00000007a6ab0000, 0x00000007a6ab0000, 0x00000007a8000000)
 concurrent mark-sweep generation total 393216K, used 155821K [0x00000007a8000000, 0x00000007c0000000, 0x00000007c0000000)
 Metaspace       used 43676K, capacity 44920K, committed 45100K, reserved 1089536K
  class space    used 5354K, capacity 5667K, committed 5676K, reserved 1048576K
}
2019-01-30T12:59:11.788+0600: 4949.357: Total time for which application threads were stopped: 0.0146814 seconds, Stopping threads took: 0.0000255 seconds
{Heap before GC invocations=19830 (full 20):
 par new generation   total 109248K, used 108186K [0x00000007a0000000, 0x00000007a8000000, 0x00000007a8000000)
  eden space 87424K, 100% used [0x00000007a0000000, 0x00000007a5560000, 0x00000007a5560000)
  from space 21824K,  95% used [0x00000007a5560000, 0x00000007a69a68e0, 0x00000007a6ab0000)
  to   space 21824K,   0% used [0x00000007a6ab0000, 0x00000007a6ab0000, 0x00000007a8000000)
 concurrent mark-sweep generation total 393216K, used 155821K [0x00000007a8000000, 0x00000007c0000000, 0x00000007c0000000)
 Metaspace       used 43676K, capacity 44920K, committed 45100K, reserved 1089536K
  class space    used 5354K, capacity 5667K, committed 5676K, reserved 1048576K
2019-01-30T12:59:11.985+0600: 4949.554: [GC (Allocation Failure) 2019-01-30T12:59:11.985+0600: 4949.554: [ParNew
Desired survivor size 20112992 bytes, new threshold 8 (max 8)
- age   1:   11063376 bytes,   11063376 total
- age   2:       1040 bytes,   11064416 total
- age   3:        968 bytes,   11065384 total
- age   4:       1160 bytes,   11066544 total
- age   5:       1192 bytes,   11067736 total
- age   6:       1160 bytes,   11068896 total
- age   7:        992 bytes,   11069888 total
- age   8:       1808 bytes,   11071696 total
: 108186K->16644K(109248K), 0.0121097 secs] 264008K->172466K(502464K), 0.0122396 secs] [Times: user=0.04 sys=0.00, real=0.01 secs] 
Heap after GC invocations=19831 (full 20):
 par new generation   total 109248K, used 16644K [0x00000007a0000000, 0x00000007a8000000, 0x00000007a8000000)
  eden space 87424K,   0% used [0x00000007a0000000, 0x00000007a0000000, 0x00000007a5560000)
  from space 21824K,  76% used [0x00000007a6ab0000, 0x00000007a7af1140, 0x00000007a8000000)
  to   space 21824K,   0% used [0x00000007a5560000, 0x00000007a5560000, 0x00000007a6ab0000)
 concurrent mark-sweep generation total 393216K, used 155821K [0x00000007a8000000, 0x00000007c0000000, 0x00000007c0000000)
 Metaspace       used 43676K, capacity 44920K, committed 45100K, reserved 1089536K
  class space    used 5354K, capacity 5667K, committed 5676K, reserved 1048576K
}
2019-01-30T12:59:11.997+0600: 4949.566: Total time for which application threads were stopped: 0.0125038 seconds, Stopping threads took: 0.0000253 seconds
{Heap before GC invocations=19831 (full 20):
 par new generation   total 109248K, used 104068K [0x00000007a0000000, 0x00000007a8000000, 0x00000007a8000000)
  eden space 87424K, 100% used [0x00000007a0000000, 0x00000007a5560000, 0x00000007a5560000)
  from space 21824K,  76% used [0x00000007a6ab0000, 0x00000007a7af1140, 0x00000007a8000000)
  to   space 21824K,   0% used [0x00000007a5560000, 0x00000007a5560000, 0x00000007a6ab0000)
 concurrent mark-sweep generation total 393216K, used 155821K [0x00000007a8000000, 0x00000007c0000000, 0x00000007c0000000)
 Metaspace       used 43676K, capacity 44920K, committed 45100K, reserved 1089536K
  class space    used 5354K, capacity 5667K, committed 5676K, reserved 1048576K
2019-01-30T12:59:12.204+0600: 4949.773: [GC (Allocation Failure) 2019-01-30T12:59:12.204+0600: 4949.773: [ParNew
Desired survivor size 20112992 bytes, new threshold 8 (max 8)
- age   1:    7699440 bytes,    7699440 total
- age   2:       1168 bytes,    7700608 total
- age   3:       1040 bytes,    7701648 total
- age   4:        968 bytes,    7702616 total
- age   5:       1160 bytes,    7703776 total
- age   6:       1192 bytes,    7704968 total
- age   7:       1160 bytes,    7706128 total
- age   8:        992 bytes,    7707120 total
: 104068K->10591K(109248K), 0.0098142 secs] 259890K->166414K(502464K), 0.0099204 secs] [Times: user=0.03 sys=0.00, real=0.01 secs] 
Heap after GC invocations=19832 (full 20):
 par new generation   total 109248K, used 10591K [0x00000007a0000000, 0x00000007a8000000, 0x00000007a8000000)
  eden space 87424K,   0% used [0x00000007a0000000, 0x00000007a0000000, 0x00000007a5560000)
  from space 21824K,  48% used [0x00000007a5560000, 0x00000007a5fb7c90, 0x00000007a6ab0000)
  to   space 21824K,   0% used [0x00000007a6ab0000, 0x00000007a6ab0000, 0x00000007a8000000)
 concurrent mark-sweep generation total 393216K, used 155823K [0x00000007a8000000, 0x00000007c0000000, 0x00000007c0000000)
 Metaspace       used 43676K, capacity 44920K, committed 45100K, reserved 1089536K
  class space    used 5354K, capacity 5667K, committed 5676K, reserved 1048576K
}
2019-01-30T12:59:12.214+0600: 4949.783: Total time for which application threads were stopped: 0.0101512 seconds, Stopping threads took: 0.0000220 seconds
{Heap before GC invocations=19832 (full 20):
 par new generation   total 109248K, used 98015K [0x00000007a0000000, 0x00000007a8000000, 0x00000007a8000000)
  eden space 87424K, 100% used [0x00000007a0000000, 0x00000007a5560000, 0x00000007a5560000)
  from space 21824K,  48% used [0x00000007a5560000, 0x00000007a5fb7c90, 0x00000007a6ab0000)
  to   space 21824K,   0% used [0x00000007a6ab0000, 0x00000007a6ab0000, 0x00000007a8000000)
 concurrent mark-sweep generation total 393216K, used 155823K [0x00000007a8000000, 0x00000007c0000000, 0x00000007c0000000)
 Metaspace       used 43676K, capacity 44920K, committed 45100K, reserved 1089536K
  class space    used 5354K, capacity 5667K, committed 5676K, reserved 1048576K
2019-01-30T12:59:12.421+0600: 4949.990: [GC (Allocation Failure) 2019-01-30T12:59:12.421+0600: 4949.990: [ParNew
Desired survivor size 20112992 bytes, new threshold 8 (max 8)
- age   1:    5894280 bytes,    5894280 total
- age   2:       1160 bytes,    5895440 total
- age   3:       1168 bytes,    5896608 total
- age   4:       1040 bytes,    5897648 total
- age   5:        968 bytes,    5898616 total
- age   6:       1160 bytes,    5899776 total
- age   7:       1192 bytes,    5900968 total
- age   8:       1160 bytes,    5902128 total
: 98015K->8292K(109248K), 0.0084908 secs] 253838K->164117K(502464K), 0.0086012 secs] [Times: user=0.03 sys=0.00, real=0.01 secs] 
Heap after GC invocations=19833 (full 20):
 par new generation   total 109248K, used 8292K [0x00000007a0000000, 0x00000007a8000000, 0x00000007a8000000)
  eden space 87424K,   0% used [0x00000007a0000000, 0x00000007a0000000, 0x00000007a5560000)
  from space 21824K,  37% used [0x00000007a6ab0000, 0x00000007a72c9290, 0x00000007a8000000)
  to   space 21824K,   0% used [0x00000007a5560000, 0x00000007a5560000, 0x00000007a6ab0000)
 concurrent mark-sweep generation total 393216K, used 155824K [0x00000007a8000000, 0x00000007c0000000, 0x00000007c0000000)
 Metaspace       used 43676K, capacity 44920K, committed 45100K, reserved 1089536K
  class space    used 5354K, capacity 5667K, committed 5676K, reserved 1048576K
}
2019-01-30T12:59:12.430+0600: 4949.999: Total time for which application threads were stopped: 0.0088448 seconds, Stopping threads took: 0.0000231 seconds
{Heap before GC invocations=19833 (full 20):
 par new generation   total 109248K, used 95716K [0x00000007a0000000, 0x00000007a8000000, 0x00000007a8000000)
  eden space 87424K, 100% used [0x00000007a0000000, 0x00000007a5560000, 0x00000007a5560000)
  from space 21824K,  37% used [0x00000007a6ab0000, 0x00000007a72c9290, 0x00000007a8000000)
  to   space 21824K,   0% used [0x00000007a5560000, 0x00000007a5560000, 0x00000007a6ab0000)
 concurrent mark-sweep generation total 393216K, used 155824K [0x00000007a8000000, 0x00000007c0000000, 0x00000007c0000000)
 Metaspace       used 43676K, capacity 44920K, committed 45100K, reserved 1089536K
  class space    used 5354K, capacity 5667K, committed 5676K, reserved 1048576K
2019-01-30T12:59:12.628+0600: 4950.197: [GC (Allocation Failure) 2019-01-30T12:59:12.628+0600: 4950.197: [ParNew
Desired survivor size 20112992 bytes, new threshold 1 (max 8)
- age   1:   21116480 bytes,   21116480 total
- age   2:       1184 bytes,   21117664 total
- age   3:       1160 bytes,   21118824 total
- age   4:       1168 bytes,   21119992 total
- age   5:       1040 bytes,   21121032 total
- age   6:        968 bytes,   21122000 total
- age   7:       1160 bytes,   21123160 total
- age   8:       1192 bytes,   21124352 total
: 95716K->21141K(109248K), 0.0183154 secs] 251541K->176967K(502464K), 0.0184231 secs] [Times: user=0.07 sys=0.00, real=0.02 secs] 
Heap after GC invocations=19834 (full 20):
 par new generation   total 109248K, used 21141K [0x00000007a0000000, 0x00000007a8000000, 0x00000007a8000000)
  eden space 87424K,   0% used [0x00000007a0000000, 0x00000007a0000000, 0x00000007a5560000)
  from space 21824K,  96% used [0x00000007a5560000, 0x00000007a6a05578, 0x00000007a6ab0000)
  to   space 21824K,   0% used [0x00000007a6ab0000, 0x00000007a6ab0000, 0x00000007a8000000)
 concurrent mark-sweep generation total 393216K, used 155825K [0x00000007a8000000, 0x00000007c0000000, 0x00000007c0000000)
 Metaspace       used 43676K, capacity 44920K, committed 45100K, reserved 1089536K
  class space    used 5354K, capacity 5667K, committed 5676K, reserved 1048576K
}
2019-01-30T12:59:12.647+0600: 4950.216: Total time for which application threads were stopped: 0.0186561 seconds, Stopping threads took: 0.0000225 seconds
{Heap before GC invocations=19834 (full 20):
 par new generation   total 109248K, used 108565K [0x00000007a0000000, 0x00000007a8000000, 0x00000007a8000000)
  eden space 87424K, 100% used [0x00000007a0000000, 0x00000007a5560000, 0x00000007a5560000)
  from space 21824K,  96% used [0x00000007a5560000, 0x00000007a6a05578, 0x00000007a6ab0000)
  to   space 21824K,   0% used [0x00000007a6ab0000, 0x00000007a6ab0000, 0x00000007a8000000)
 concurrent mark-sweep generation total 393216K, used 155825K [0x00000007a8000000, 0x00000007c0000000, 0x00000007c0000000)
 Metaspace       used 43676K, capacity 44920K, committed 45100K, reserved 1089536K
  class space    used 5354K, capacity 5667K, committed 5676K, reserved 1048576K
2019-01-30T12:59:12.837+0600: 4950.406: [GC (Allocation Failure) 2019-01-30T12:59:12.837+0600: 4950.406: [ParNew
Desired survivor size 20112992 bytes, new threshold 8 (max 8)
- age   1:   16033192 bytes,   16033192 total
: 108565K->21824K(109248K), 0.0155350 secs] 264391K->177658K(502464K), 0.0156393 secs] [Times: user=0.05 sys=0.00, real=0.02 secs] 
Heap after GC invocations=19835 (full 20):
 par new generation   total 109248K, used 21824K [0x00000007a0000000, 0x00000007a8000000, 0x00000007a8000000)
  eden space 87424K,   0% used [0x00000007a0000000, 0x00000007a0000000, 0x00000007a5560000)
  from space 21824K, 100% used [0x00000007a6ab0000, 0x00000007a8000000, 0x00000007a8000000)
  to   space 21824K,   0% used [0x00000007a5560000, 0x00000007a5560000, 0x00000007a6ab0000)
 concurrent mark-sweep generation total 393216K, used 155834K [0x00000007a8000000, 0x00000007c0000000, 0x00000007c0000000)
 Metaspace       used 43676K, capacity 44920K, committed 45100K, reserved 1089536K
  class space    used 5354K, capacity 5667K, committed 5676K, reserved 1048576K
}
2019-01-30T12:59:12.853+0600: 4950.422: Total time for which application threads were stopped: 0.0158679 seconds, Stopping threads took: 0.0000248 seconds
{Heap before GC invocations=19835 (full 20):
 par new generation   total 109248K, used 109248K [0x00000007a0000000, 0x00000007a8000000, 0x00000007a8000000)
  eden space 87424K, 100% used [0x00000007a0000000, 0x00000007a5560000, 0x00000007a5560000)
  from space 21824K, 100% used [0x00000007a6ab0000, 0x00000007a8000000, 0x00000007a8000000)
  to   space 21824K,   0% used [0x00000007a5560000, 0x00000007a5560000, 0x00000007a6ab0000)
 concurrent mark-sweep generation total 393216K, used 155834K [0x00000007a8000000, 0x00000007c0000000, 0x00000007c0000000)
 Metaspace       used 43676K, capacity 44920K, committed 45100K, reserved 1089536K
  class space    used 5354K, capacity 5667K, committed 5676K, reserved 1048576K
2019-01-30T12:59:13.046+0600: 4950.615: [GC (Allocation Failure) 2019-01-30T12:59:13.046+0600: 4950.615: [ParNew
Desired survivor size 20112992 bytes, new threshold 8 (max 8)
- age   1:   12722864 bytes,   12722864 total
- age   2:       1128 bytes,   12723992 total
: 109248K->18093K(109248K), 0.0137644 secs] 265082K->173927K(502464K), 0.0138670 secs] [Times: user=0.05 sys=0.00, real=0.02 secs] 
Heap after GC invocations=19836 (full 20):
 par new generation   total 109248K, used 18093K [0x00000007a0000000, 0x00000007a8000000, 0x00000007a8000000)
  eden space 87424K,   0% used [0x00000007a0000000, 0x00000007a0000000, 0x00000007a5560000)
  from space 21824K,  82% used [0x00000007a5560000, 0x00000007a670b540, 0x00000007a6ab0000)
  to   space 21824K,   0% used [0x00000007a6ab0000, 0x00000007a6ab0000, 0x00000007a8000000)
 concurrent mark-sweep generation total 393216K, used 155834K [0x00000007a8000000, 0x00000007c0000000, 0x00000007c0000000)
 Metaspace       used 43676K, capacity 44920K, committed 45100K, reserved 1089536K
  class space    used 5354K, capacity 5667K, committed 5676K, reserved 1048576K
}
2019-01-30T12:59:13.060+0600: 4950.629: Total time for which application threads were stopped: 0.0141156 seconds, Stopping threads took: 0.0000247 seconds
{Heap before GC invocations=19836 (full 20):
 par new generation   total 109248K, used 105517K [0x00000007a0000000, 0x00000007a8000000, 0x00000007a8000000)
  eden space 87424K, 100% used [0x00000007a0000000, 0x00000007a5560000, 0x00000007a5560000)
  from space 21824K,  82% used [0x00000007a5560000, 0x00000007a670b540, 0x00000007a6ab0000)
  to   space 21824K,   0% used [0x00000007a6ab0000, 0x00000007a6ab0000, 0x00000007a8000000)
 concurrent mark-sweep generation total 393216K, used 155834K [0x00000007a8000000, 0x00000007c0000000, 0x00000007c0000000)
 Metaspace       used 43676K, capacity 44920K, committed 45100K, reserved 1089536K
  class space    used 5354K, capacity 5667K, committed 5676K, reserved 1048576K
2019-01-30T12:59:13.259+0600: 4950.829: [GC (Allocation Failure) 2019-01-30T12:59:13.259+0600: 4950.829: [ParNew
Desired survivor size 20112992 bytes, new threshold 8 (max 8)
- age   1:    9445544 bytes,    9445544 total
- age   2:       1024 bytes,    9446568 total
- age   3:       1128 bytes,    9447696 total
: 105517K->13842K(109248K), 0.0110806 secs] 261351K->169677K(502464K), 0.0111917 secs] [Times: user=0.04 sys=0.00, real=0.02 secs] 
Heap after GC invocations=19837 (full 20):
 par new generation   total 109248K, used 13842K [0x00000007a0000000, 0x00000007a8000000, 0x00000007a8000000)
  eden space 87424K,   0% used [0x00000007a0000000, 0x00000007a0000000, 0x00000007a5560000)
  from space 21824K,  63% used [0x00000007a6ab0000, 0x00000007a7834ac0, 0x00000007a8000000)
  to   space 21824K,   0% used [0x00000007a5560000, 0x00000007a5560000, 0x00000007a6ab0000)
 concurrent mark-sweep generation total 393216K, used 155834K [0x00000007a8000000, 0x00000007c0000000, 0x00000007c0000000)
 Metaspace       used 43676K, capacity 44920K, committed 45100K, reserved 1089536K
  class space    used 5354K, capacity 5667K, committed 5676K, reserved 1048576K
}
2019-01-30T12:59:13.271+0600: 4950.840: Total time for which application threads were stopped: 0.0114342 seconds, Stopping threads took: 0.0000255 seconds
{Heap before GC invocations=19837 (full 20):
 par new generation   total 109248K, used 101266K [0x00000007a0000000, 0x00000007a8000000, 0x00000007a8000000)
  eden space 87424K, 100% used [0x00000007a0000000, 0x00000007a5560000, 0x00000007a5560000)
  from space 21824K,  63% used [0x00000007a6ab0000, 0x00000007a7834ac0, 0x00000007a8000000)
  to   space 21824K,   0% used [0x00000007a5560000, 0x00000007a5560000, 0x00000007a6ab0000)
 concurrent mark-sweep generation total 393216K, used 155834K [0x00000007a8000000, 0x00000007c0000000, 0x00000007c0000000)
 Metaspace       used 43676K, capacity 44920K, committed 45100K, reserved 1089536K
  class space    used 5354K, capacity 5667K, committed 5676K, reserved 1048576K
2019-01-30T12:59:13.461+0600: 4951.031: [GC (Allocation Failure) 2019-01-30T12:59:13.461+0600: 4951.031: [ParNew
Desired survivor size 20112992 bytes, new threshold 8 (max 8)
- age   1:    5870984 bytes,    5870984 total
- age   2:       1136 bytes,    5872120 total
- age   3:       1024 bytes,    5873144 total
- age   4:       1128 bytes,    5874272 total
: 101266K->8088K(109248K), 0.0088716 secs] 257101K->163923K(502464K), 0.0089708 secs] [Times: user=0.03 sys=0.00, real=0.01 secs] 
Heap after GC invocations=19838 (full 20):
 par new generation   total 109248K, used 8088K [0x00000007a0000000, 0x00000007a8000000, 0x00000007a8000000)
  eden space 87424K,   0% used [0x00000007a0000000, 0x00000007a0000000, 0x00000007a5560000)
  from space 21824K,  37% used [0x00000007a5560000, 0x00000007a5d46268, 0x00000007a6ab0000)
  to   space 21824K,   0% used [0x00000007a6ab0000, 0x00000007a6ab0000, 0x00000007a8000000)
 concurrent mark-sweep generation total 393216K, used 155834K [0x00000007a8000000, 0x00000007c0000000, 0x00000007c0000000)
 Metaspace       used 43676K, capacity 44920K, committed 45100K, reserved 1089536K
  class space    used 5354K, capacity 5667K, committed 5676K, reserved 1048576K
}
2019-01-30T12:59:13.470+0600: 4951.040: Total time for which application threads were stopped: 0.0091949 seconds, Stopping threads took: 0.0000220 seconds
{Heap before GC invocations=19838 (full 20):
 par new generation   total 109248K, used 95512K [0x00000007a0000000, 0x00000007a8000000, 0x00000007a8000000)
  eden space 87424K, 100% used [0x00000007a0000000, 0x00000007a5560000, 0x00000007a5560000)
  from space 21824K,  37% used [0x00000007a5560000, 0x00000007a5d46268, 0x00000007a6ab0000)
  to   space 21824K,   0% used [0x00000007a6ab0000, 0x00000007a6ab0000, 0x00000007a8000000)
 concurrent mark-sweep generation total 393216K, used 155834K [0x00000007a8000000, 0x00000007c0000000, 0x00000007c0000000)
 Metaspace       used 43676K, capacity 44920K, committed 45100K, reserved 1089536K
  class space    used 5354K, capacity 5667K, committed 5676K, reserved 1048576K
2019-01-30T12:59:13.677+0600: 4951.247: [GC (Allocation Failure) 2019-01-30T12:59:13.677+0600: 4951.247: [ParNew
Desired survivor size 20112992 bytes, new threshold 8 (max 8)
- age   1:    5864872 bytes,    5864872 total
- age   2:       1152 bytes,    5866024 total
- age   3:       1136 bytes,    5867160 total
- age   4:       1024 bytes,    5868184 total
- age   5:       1128 bytes,    5869312 total
: 95512K->6576K(109248K), 0.0084441 secs] 251347K->162411K(502464K), 0.0085483 secs] [Times: user=0.03 sys=0.00, real=0.01 secs] 
Heap after GC invocations=19839 (full 20):
 par new generation   total 109248K, used 6576K [0x00000007a0000000, 0x00000007a8000000, 0x00000007a8000000)
  eden space 87424K,   0% used [0x00000007a0000000, 0x00000007a0000000, 0x00000007a5560000)
  from space 21824K,  30% used [0x00000007a6ab0000, 0x00000007a711c390, 0x00000007a8000000)
  to   space 21824K,   0% used [0x00000007a5560000, 0x00000007a5560000, 0x00000007a6ab0000)
 concurrent mark-sweep generation total 393216K, used 155834K [0x00000007a8000000, 0x00000007c0000000, 0x00000007c0000000)
 Metaspace       used 43676K, capacity 44920K, committed 45100K, reserved 1089536K
  class space    used 5354K, capacity 5667K, committed 5676K, reserved 1048576K
}
2019-01-30T12:59:13.686+0600: 4951.255: Total time for which application threads were stopped: 0.0087857 seconds, Stopping threads took: 0.0000205 seconds
{Heap before GC invocations=19839 (full 20):
 par new generation   total 109248K, used 94000K [0x00000007a0000000, 0x00000007a8000000, 0x00000007a8000000)
  eden space 87424K, 100% used [0x00000007a0000000, 0x00000007a5560000, 0x00000007a5560000)
  from space 21824K,  30% used [0x00000007a6ab0000, 0x00000007a711c390, 0x00000007a8000000)
  to   space 21824K,   0% used [0x00000007a5560000, 0x00000007a5560000, 0x00000007a6ab0000)
 concurrent mark-sweep generation total 393216K, used 155834K [0x00000007a8000000, 0x00000007c0000000, 0x00000007c0000000)
 Metaspace       used 43676K, capacity 44920K, committed 45100K, reserved 1089536K
  class space    used 5354K, capacity 5667K, committed 5676K, reserved 1048576K
2019-01-30T12:59:13.878+0600: 4951.448: [GC (Allocation Failure) 2019-01-30T12:59:13.879+0600: 4951.448: [ParNew
Desired survivor size 20112992 bytes, new threshold 8 (max 8)
- age   1:   19002400 bytes,   19002400 total
- age   2:       1144 bytes,   19003544 total
- age   3:       1152 bytes,   19004696 total
- age   4:       1136 bytes,   19005832 total
- age   5:       1024 bytes,   19006856 total
- age   6:       1128 bytes,   19007984 total
: 94000K->19939K(109248K), 0.0182340 secs] 249835K->175774K(502464K), 0.0183504 secs] [Times: user=0.07 sys=0.00, real=0.02 secs] 
Heap after GC invocations=19840 (full 20):
 par new generation   total 109248K, used 19939K [0x00000007a0000000, 0x00000007a8000000, 0x00000007a8000000)
  eden space 87424K,   0% used [0x00000007a0000000, 0x00000007a0000000, 0x00000007a5560000)
  from space 21824K,  91% used [0x00000007a5560000, 0x00000007a68d8e50, 0x00000007a6ab0000)
  to   space 21824K,   0% used [0x00000007a6ab0000, 0x00000007a6ab0000, 0x00000007a8000000)
 concurrent mark-sweep generation total 393216K, used 155834K [0x00000007a8000000, 0x00000007c0000000, 0x00000007c0000000)
 Metaspace       used 43676K, capacity 44920K, committed 45100K, reserved 1089536K
  class space    used 5354K, capacity 5667K, committed 5676K, reserved 1048576K
}
2019-01-30T12:59:13.897+0600: 4951.466: Total time for which application threads were stopped: 0.0185888 seconds, Stopping threads took: 0.0000235 seconds
{Heap before GC invocations=19840 (full 20):
 par new generation   total 109248K, used 107363K [0x00000007a0000000, 0x00000007a8000000, 0x00000007a8000000)
  eden space 87424K, 100% used [0x00000007a0000000, 0x00000007a5560000, 0x00000007a5560000)
  from space 21824K,  91% used [0x00000007a5560000, 0x00000007a68d8e50, 0x00000007a6ab0000)
  to   space 21824K,   0% used [0x00000007a6ab0000, 0x00000007a6ab0000, 0x00000007a8000000)
 concurrent mark-sweep generation total 393216K, used 155834K [0x00000007a8000000, 0x00000007c0000000, 0x00000007c0000000)
 Metaspace       used 43676K, capacity 44920K, committed 45100K, reserved 1089536K
  class space    used 5354K, capacity 5667K, committed 5676K, reserved 1048576K
2019-01-30T12:59:14.095+0600: 4951.664: [GC (Allocation Failure) 2019-01-30T12:59:14.095+0600: 4951.664: [ParNew
Desired survivor size 20112992 bytes, new threshold 8 (max 8)
- age   1:   14618760 bytes,   14618760 total
- age   2:       1000 bytes,   14619760 total
- age   3:       1144 bytes,   14620904 total
- age   4:       1152 bytes,   14622056 total
- age   5:       1136 bytes,   14623192 total
- age   6:       1024 bytes,   14624216 total
- age   7:       1128 bytes,   14625344 total
: 107363K->20835K(109248K), 0.0150807 secs] 263198K->176670K(502464K), 0.0151904 secs] [Times: user=0.06 sys=0.00, real=0.02 secs] 
Heap after GC invocations=19841 (full 20):
 par new generation   total 109248K, used 20835K [0x00000007a0000000, 0x00000007a8000000, 0x00000007a8000000)
  eden space 87424K,   0% used [0x00000007a0000000, 0x00000007a0000000, 0x00000007a5560000)
  from space 21824K,  95% used [0x00000007a6ab0000, 0x00000007a7f08e70, 0x00000007a8000000)
  to   space 21824K,   0% used [0x00000007a5560000, 0x00000007a5560000, 0x00000007a6ab0000)
 concurrent mark-sweep generation total 393216K, used 155834K [0x00000007a8000000, 0x00000007c0000000, 0x00000007c0000000)
 Metaspace       used 43676K, capacity 44920K, committed 45100K, reserved 1089536K
  class space    used 5354K, capacity 5667K, committed 5676K, reserved 1048576K
}
2019-01-30T12:59:14.110+0600: 4951.680: Total time for which application threads were stopped: 0.0154343 seconds, Stopping threads took: 0.0000259 seconds
{Heap before GC invocations=19841 (full 20):
 par new generation   total 109248K, used 108259K [0x00000007a0000000, 0x00000007a8000000, 0x00000007a8000000)
  eden space 87424K, 100% used [0x00000007a0000000, 0x00000007a5560000, 0x00000007a5560000)
  from space 21824K,  95% used [0x00000007a6ab0000, 0x00000007a7f08e70, 0x00000007a8000000)
  to   space 21824K,   0% used [0x00000007a5560000, 0x00000007a5560000, 0x00000007a6ab0000)
 concurrent mark-sweep generation total 393216K, used 155834K [0x00000007a8000000, 0x00000007c0000000, 0x00000007c0000000)
 Metaspace       used 43676K, capacity 44920K, committed 45100K, reserved 1089536K
  class space    used 5354K, capacity 5667K, committed 5676K, reserved 1048576K
2019-01-30T12:59:14.304+0600: 4951.873: [GC (Allocation Failure) 2019-01-30T12:59:14.304+0600: 4951.874: [ParNew
Desired survivor size 20112992 bytes, new threshold 8 (max 8)
- age   1:   11063576 bytes,   11063576 total
- age   2:       1072 bytes,   11064648 total
- age   3:       1000 bytes,   11065648 total
- age   4:       1144 bytes,   11066792 total
- age   5:       1152 bytes,   11067944 total
- age   6:       1136 bytes,   11069080 total
- age   7:       1024 bytes,   11070104 total
- age   8:       1128 bytes,   11071232 total
: 108259K->14581K(109248K), 0.0121373 secs] 264094K->170416K(502464K), 0.0122597 secs] [Times: user=0.05 sys=0.00, real=0.01 secs] 
Heap after GC invocations=19842 (full 20):
 par new generation   total 109248K, used 14581K [0x00000007a0000000, 0x00000007a8000000, 0x00000007a8000000)
  eden space 87424K,   0% used [0x00000007a0000000, 0x00000007a0000000, 0x00000007a5560000)
  from space 21824K,  66% used [0x00000007a5560000, 0x00000007a639d780, 0x00000007a6ab0000)
  to   space 21824K,   0% used [0x00000007a6ab0000, 0x00000007a6ab0000, 0x00000007a8000000)
 concurrent mark-sweep generation total 393216K, used 155834K [0x00000007a8000000, 0x00000007c0000000, 0x00000007c0000000)
 Metaspace       used 43676K, capacity 44920K, committed 45100K, reserved 1089536K
  class space    used 5354K, capacity 5667K, committed 5676K, reserved 1048576K
}
2019-01-30T12:59:14.317+0600: 4951.886: Total time for which application threads were stopped: 0.0125094 seconds, Stopping threads took: 0.0000241 seconds
{Heap before GC invocations=19842 (full 20):
 par new generation   total 109248K, used 102005K [0x00000007a0000000, 0x00000007a8000000, 0x00000007a8000000)
  eden space 87424K, 100% used [0x00000007a0000000, 0x00000007a5560000, 0x00000007a5560000)
  from space 21824K,  66% used [0x00000007a5560000, 0x00000007a639d780, 0x00000007a6ab0000)
  to   space 21824K,   0% used [0x00000007a6ab0000, 0x00000007a6ab0000, 0x00000007a8000000)
 concurrent mark-sweep generation total 393216K, used 155834K [0x00000007a8000000, 0x00000007c0000000, 0x00000007c0000000)
 Metaspace       used 43676K, capacity 44920K, committed 45100K, reserved 1089536K
  class space    used 5354K, capacity 5667K, committed 5676K, reserved 1048576K
2019-01-30T12:59:14.511+0600: 4952.080: [GC (Allocation Failure) 2019-01-30T12:59:14.511+0600: 4952.080: [ParNew
Desired survivor size 20112992 bytes, new threshold 8 (max 8)
- age   1:    7699584 bytes,    7699584 total
- age   2:       1200 bytes,    7700784 total
- age   3:       1072 bytes,    7701856 total
- age   4:       1000 bytes,    7702856 total
- age   5:       1144 bytes,    7704000 total
- age   6:       1152 bytes,    7705152 total
- age   7:       1136 bytes,    7706288 total
- age   8:       1024 bytes,    7707312 total
: 102005K->10740K(109248K), 0.0098334 secs] 257840K->166576K(502464K), 0.0099467 secs] [Times: user=0.04 sys=0.00, real=0.01 secs] 
Heap after GC invocations=19843 (full 20):
 par new generation   total 109248K, used 10740K [0x00000007a0000000, 0x00000007a8000000, 0x00000007a8000000)
  eden space 87424K,   0% used [0x00000007a0000000, 0x00000007a0000000, 0x00000007a5560000)
  from space 21824K,  49% used [0x00000007a6ab0000, 0x00000007a752d2b8, 0x00000007a8000000)
  to   space 21824K,   0% used [0x00000007a5560000, 0x00000007a5560000, 0x00000007a6ab0000)
 concurrent mark-sweep generation total 393216K, used 155835K [0x00000007a8000000, 0x00000007c0000000, 0x00000007c0000000)
 Metaspace       used 43676K, capacity 44920K, committed 45100K, reserved 1089536K
  class space    used 5354K, capacity 5667K, committed 5676K, reserved 1048576K
}
2019-01-30T12:59:14.521+0600: 4952.090: Total time for which application threads were stopped: 0.0101908 seconds, Stopping threads took: 0.0000239 seconds
{Heap before GC invocations=19843 (full 20):
 par new generation   total 109248K, used 98164K [0x00000007a0000000, 0x00000007a8000000, 0x00000007a8000000)
  eden space 87424K, 100% used [0x00000007a0000000, 0x00000007a5560000, 0x00000007a5560000)
  from space 21824K,  49% used [0x00000007a6ab0000, 0x00000007a752d2b8, 0x00000007a8000000)
  to   space 21824K,   0% used [0x00000007a5560000, 0x00000007a5560000, 0x00000007a6ab0000)
 concurrent mark-sweep generation total 393216K, used 155835K [0x00000007a8000000, 0x00000007c0000000, 0x00000007c0000000)
 Metaspace       used 43676K, capacity 44920K, committed 45100K, reserved 1089536K
  class space    used 5354K, capacity 5667K, committed 5676K, reserved 1048576K
2019-01-30T12:59:14.721+0600: 4952.290: [GC (Allocation Failure) 2019-01-30T12:59:14.721+0600: 4952.290: [ParNew
Desired survivor size 20112992 bytes, new threshold 8 (max 8)
- age   1:    5894440 bytes,    5894440 total
- age   2:       1136 bytes,    5895576 total
- age   3:       1200 bytes,    5896776 total
- age   4:       1072 bytes,    5897848 total
- age   5:       1000 bytes,    5898848 total
- age   6:       1144 bytes,    5899992 total
- age   7:       1152 bytes,    5901144 total
- age   8:       1136 bytes,    5902280 total
: 98164K->8648K(109248K), 0.0085259 secs] 254000K->164485K(502464K), 0.0086437 secs] [Times: user=0.03 sys=0.00, real=0.01 secs] 
Heap after GC invocations=19844 (full 20):
 par new generation   total 109248K, used 8648K [0x00000007a0000000, 0x00000007a8000000, 0x00000007a8000000)
  eden space 87424K,   0% used [0x00000007a0000000, 0x00000007a0000000, 0x00000007a5560000)
  from space 21824K,  39% used [0x00000007a5560000, 0x00000007a5dd2230, 0x00000007a6ab0000)
  to   space 21824K,   0% used [0x00000007a6ab0000, 0x00000007a6ab0000, 0x00000007a8000000)
 concurrent mark-sweep generation total 393216K, used 155836K [0x00000007a8000000, 0x00000007c0000000, 0x00000007c0000000)
 Metaspace       used 43676K, capacity 44920K, committed 45100K, reserved 1089536K
  class space    used 5354K, capacity 5667K, committed 5676K, reserved 1048576K
}
2019-01-30T12:59:14.730+0600: 4952.299: Total time for which application threads were stopped: 0.0088932 seconds, Stopping threads took: 0.0000221 seconds
{Heap before GC invocations=19844 (full 20):
 par new generation   total 109248K, used 96072K [0x00000007a0000000, 0x00000007a8000000, 0x00000007a8000000)
  eden space 87424K, 100% used [0x00000007a0000000, 0x00000007a5560000, 0x00000007a5560000)
  from space 21824K,  39% used [0x00000007a5560000, 0x00000007a5dd2230, 0x00000007a6ab0000)
  to   space 21824K,   0% used [0x00000007a6ab0000, 0x00000007a6ab0000, 0x00000007a8000000)
 concurrent mark-sweep generation total 393216K, used 155836K [0x00000007a8000000, 0x00000007c0000000, 0x00000007c0000000)
 Metaspace       used 43678K, capacity 44920K, committed 45100K, reserved 1089536K
  class space    used 5354K, capacity 5667K, committed 5676K, reserved 1048576K
2019-01-30T12:59:14.926+0600: 4952.495: [GC (Allocation Failure) 2019-01-30T12:59:14.926+0600: 4952.495: [ParNew
Desired survivor size 20112992 bytes, new threshold 1 (max 8)
- age   1:   21114120 bytes,   21114120 total
- age   2:       1208 bytes,   21115328 total
- age   3:       1136 bytes,   21116464 total
- age   4:       1200 bytes,   21117664 total
- age   5:       1072 bytes,   21118736 total
- age   6:       1000 bytes,   21119736 total
- age   7:       1144 bytes,   21120880 total
- age   8:       1152 bytes,   21122032 total
: 96072K->21824K(109248K), 0.0182222 secs] 251909K->177661K(502464K), 0.0183273 secs] [Times: user=0.07 sys=0.00, real=0.02 secs] 
Heap after GC invocations=19845 (full 20):
 par new generation   total 109248K, used 21824K [0x00000007a0000000, 0x00000007a8000000, 0x00000007a8000000)
  eden space 87424K,   0% used [0x00000007a0000000, 0x00000007a0000000, 0x00000007a5560000)
  from space 21824K, 100% used [0x00000007a6ab0000, 0x00000007a8000000, 0x00000007a8000000)
  to   space 21824K,   0% used [0x00000007a5560000, 0x00000007a5560000, 0x00000007a6ab0000)
 concurrent mark-sweep generation total 393216K, used 155837K [0x00000007a8000000, 0x00000007c0000000, 0x00000007c0000000)
 Metaspace       used 43678K, capacity 44920K, committed 45100K, reserved 1089536K
  class space    used 5354K, capacity 5667K, committed 5676K, reserved 1048576K
}
2019-01-30T12:59:14.945+0600: 4952.514: Total time for which application threads were stopped: 0.0185630 seconds, Stopping threads took: 0.0000262 seconds
{Heap before GC invocations=19845 (full 20):
 par new generation   total 109248K, used 109248K [0x00000007a0000000, 0x00000007a8000000, 0x00000007a8000000)
  eden space 87424K, 100% used [0x00000007a0000000, 0x00000007a5560000, 0x00000007a5560000)
  from space 21824K, 100% used [0x00000007a6ab0000, 0x00000007a8000000, 0x00000007a8000000)
  to   space 21824K,   0% used [0x00000007a5560000, 0x00000007a5560000, 0x00000007a6ab0000)
 concurrent mark-sweep generation total 393216K, used 155837K [0x00000007a8000000, 0x00000007c0000000, 0x00000007c0000000)
 Metaspace       used 43678K, capacity 44920K, committed 45100K, reserved 1089536K
  class space    used 5354K, capacity 5667K, committed 5676K, reserved 1048576K
2019-01-30T12:59:15.136+0600: 4952.706: [GC (Allocation Failure) 2019-01-30T12:59:15.136+0600: 4952.706: [ParNew
Desired survivor size 20112992 bytes, new threshold 8 (max 8)
- age   1:   15946016 bytes,   15946016 total
: 109248K->21824K(109248K), 0.0152894 secs] 265085K->177756K(502464K), 0.0154098 secs] [Times: user=0.06 sys=0.00, real=0.02 secs] 
Heap after GC invocations=19846 (full 20):
 par new generation   total 109248K, used 21824K [0x00000007a0000000, 0x00000007a8000000, 0x00000007a8000000)
  eden space 87424K,   0% used [0x00000007a0000000, 0x00000007a0000000, 0x00000007a5560000)
  from space 21824K, 100% used [0x00000007a5560000, 0x00000007a6ab0000, 0x00000007a6ab0000)
  to   space 21824K,   0% used [0x00000007a6ab0000, 0x00000007a6ab0000, 0x00000007a8000000)
 concurrent mark-sweep generation total 393216K, used 155932K [0x00000007a8000000, 0x00000007c0000000, 0x00000007c0000000)
 Metaspace       used 43678K, capacity 44920K, committed 45100K, reserved 1089536K
  class space    used 5354K, capacity 5667K, committed 5676K, reserved 1048576K
}
2019-01-30T12:59:15.152+0600: 4952.721: Total time for which application threads were stopped: 0.0156489 seconds, Stopping threads took: 0.0000220 seconds
{Heap before GC invocations=19846 (full 20):
 par new generation   total 109248K, used 109248K [0x00000007a0000000, 0x00000007a8000000, 0x00000007a8000000)
  eden space 87424K, 100% used [0x00000007a0000000, 0x00000007a5560000, 0x00000007a5560000)
  from space 21824K, 100% used [0x00000007a5560000, 0x00000007a6ab0000, 0x00000007a6ab0000)
  to   space 21824K,   0% used [0x00000007a6ab0000, 0x00000007a6ab0000, 0x00000007a8000000)
 concurrent mark-sweep generation total 393216K, used 155932K [0x00000007a8000000, 0x00000007c0000000, 0x00000007c0000000)
 Metaspace       used 43678K, capacity 44920K, committed 45100K, reserved 1089536K
  class space    used 5354K, capacity 5667K, committed 5676K, reserved 1048576K
2019-01-30T12:59:15.345+0600: 4952.914: [GC (Allocation Failure) 2019-01-30T12:59:15.345+0600: 4952.914: [ParNew
Desired survivor size 20112992 bytes, new threshold 8 (max 8)
- age   1:   12721672 bytes,   12721672 total
- age   2:       1720 bytes,   12723392 total
: 109248K->18162K(109248K), 0.0129762 secs] 265180K->174094K(502464K), 0.0130964 secs] [Times: user=0.05 sys=0.00, real=0.01 secs] 
Heap after GC invocations=19847 (full 20):
 par new generation   total 109248K, used 18162K [0x00000007a0000000, 0x00000007a8000000, 0x00000007a8000000)
  eden space 87424K,   0% used [0x00000007a0000000, 0x00000007a0000000, 0x00000007a5560000)
  from space 21824K,  83% used [0x00000007a6ab0000, 0x00000007a7c6ca40, 0x00000007a8000000)
  to   space 21824K,   0% used [0x00000007a5560000, 0x00000007a5560000, 0x00000007a6ab0000)
 concurrent mark-sweep generation total 393216K, used 155932K [0x00000007a8000000, 0x00000007c0000000, 0x00000007c0000000)
 Metaspace       used 43678K, capacity 44920K, committed 45100K, reserved 1089536K
  class space    used 5354K, capacity 5667K, committed 5676K, reserved 1048576K
}
2019-01-30T12:59:15.358+0600: 4952.927: Total time for which application threads were stopped: 0.0133506 seconds, Stopping threads took: 0.0000244 seconds
{Heap before GC invocations=19847 (full 20):
 par new generation   total 109248K, used 105586K [0x00000007a0000000, 0x00000007a8000000, 0x00000007a8000000)
  eden space 87424K, 100% used [0x00000007a0000000, 0x00000007a5560000, 0x00000007a5560000)
  from space 21824K,  83% used [0x00000007a6ab0000, 0x00000007a7c6ca40, 0x00000007a8000000)
  to   space 21824K,   0% used [0x00000007a5560000, 0x00000007a5560000, 0x00000007a6ab0000)
 concurrent mark-sweep generation total 393216K, used 155932K [0x00000007a8000000, 0x00000007c0000000, 0x00000007c0000000)
 Metaspace       used 43678K, capacity 44920K, committed 45100K, reserved 1089536K
  class space    used 5354K, capacity 5667K, committed 5676K, reserved 1048576K
2019-01-30T12:59:15.556+0600: 4953.125: [GC (Allocation Failure) 2019-01-30T12:59:15.556+0600: 4953.125: [ParNew
Desired survivor size 20112992 bytes, new threshold 8 (max 8)
- age   1:    9444664 bytes,    9444664 total
- age   2:       1040 bytes,    9445704 total
- age   3:       1720 bytes,    9447424 total
: 105586K->13859K(109248K), 0.0112139 secs] 261518K->169791K(502464K), 0.0113473 secs] [Times: user=0.04 sys=0.00, real=0.01 secs] 
Heap after GC invocations=19848 (full 20):
 par new generation   total 109248K, used 13859K [0x00000007a0000000, 0x00000007a8000000, 0x00000007a8000000)
  eden space 87424K,   0% used [0x00000007a0000000, 0x00000007a0000000, 0x00000007a5560000)
  from space 21824K,  63% used [0x00000007a5560000, 0x00000007a62e8e40, 0x00000007a6ab0000)
  to   space 21824K,   0% used [0x00000007a6ab0000, 0x00000007a6ab0000, 0x00000007a8000000)
 concurrent mark-sweep generation total 393216K, used 155932K [0x00000007a8000000, 0x00000007c0000000, 0x00000007c0000000)
 Metaspace       used 43678K, capacity 44920K, committed 45100K, reserved 1089536K
  class space    used 5354K, capacity 5667K, committed 5676K, reserved 1048576K
}
2019-01-30T12:59:15.567+0600: 4953.137: Total time for which application threads were stopped: 0.0116131 seconds, Stopping threads took: 0.0000278 seconds
{Heap before GC invocations=19848 (full 20):
 par new generation   total 109248K, used 101283K [0x00000007a0000000, 0x00000007a8000000, 0x00000007a8000000)
  eden space 87424K, 100% used [0x00000007a0000000, 0x00000007a5560000, 0x00000007a5560000)
  from space 21824K,  63% used [0x00000007a5560000, 0x00000007a62e8e40, 0x00000007a6ab0000)
  to   space 21824K,   0% used [0x00000007a6ab0000, 0x00000007a6ab0000, 0x00000007a8000000)
 concurrent mark-sweep generation total 393216K, used 155932K [0x00000007a8000000, 0x00000007c0000000, 0x00000007c0000000)
 Metaspace       used 43678K, capacity 44920K, committed 45100K, reserved 1089536K
  class space    used 5354K, capacity 5667K, committed 5676K, reserved 1048576K
2019-01-30T12:59:15.762+0600: 4953.331: [GC (Allocation Failure) 2019-01-30T12:59:15.762+0600: 4953.331: [ParNew
Desired survivor size 20112992 bytes, new threshold 8 (max 8)
- age   1:    5869272 bytes,    5869272 total
- age   2:       1112 bytes,    5870384 total
- age   3:       1040 bytes,    5871424 total
- age   4:       1720 bytes,    5873144 total
: 101283K->9101K(109248K), 0.0082609 secs] 257215K->165034K(502464K), 0.0083676 secs] [Times: user=0.03 sys=0.00, real=0.01 secs] 
Heap after GC invocations=19849 (full 20):
 par new generation   total 109248K, used 9101K [0x00000007a0000000, 0x00000007a8000000, 0x00000007a8000000)
  eden space 87424K,   0% used [0x00000007a0000000, 0x00000007a0000000, 0x00000007a5560000)
  from space 21824K,  41% used [0x00000007a6ab0000, 0x00000007a7393790, 0x00000007a8000000)
  to   space 21824K,   0% used [0x00000007a5560000, 0x00000007a5560000, 0x00000007a6ab0000)
 concurrent mark-sweep generation total 393216K, used 155932K [0x00000007a8000000, 0x00000007c0000000, 0x00000007c0000000)
 Metaspace       used 43678K, capacity 44920K, committed 45100K, reserved 1089536K
  class space    used 5354K, capacity 5667K, committed 5676K, reserved 1048576K
}
2019-01-30T12:59:15.771+0600: 4953.340: Total time for which application threads were stopped: 0.0086047 seconds, Stopping threads took: 0.0000213 seconds
{Heap before GC invocations=19849 (full 20):
 par new generation   total 109248K, used 96525K [0x00000007a0000000, 0x00000007a8000000, 0x00000007a8000000)
  eden space 87424K, 100% used [0x00000007a0000000, 0x00000007a5560000, 0x00000007a5560000)
  from space 21824K,  41% used [0x00000007a6ab0000, 0x00000007a7393790, 0x00000007a8000000)
  to   space 21824K,   0% used [0x00000007a5560000, 0x00000007a5560000, 0x00000007a6ab0000)
 concurrent mark-sweep generation total 393216K, used 155932K [0x00000007a8000000, 0x00000007c0000000, 0x00000007c0000000)
 Metaspace       used 43678K, capacity 44920K, committed 45100K, reserved 1089536K
  class space    used 5354K, capacity 5667K, committed 5676K, reserved 1048576K
2019-01-30T12:59:15.970+0600: 4953.539: [GC (Allocation Failure) 2019-01-30T12:59:15.970+0600: 4953.539: [ParNew
Desired survivor size 20112992 bytes, new threshold 8 (max 8)
- age   1:    5865008 bytes,    5865008 total
- age   2:       1160 bytes,    5866168 total
- age   3:       1112 bytes,    5867280 total
- age   4:       1040 bytes,    5868320 total
- age   5:       1720 bytes,    5870040 total
: 96525K->5946K(109248K), 0.0082478 secs] 252458K->161878K(502464K), 0.0083582 secs] [Times: user=0.03 sys=0.00, real=0.00 secs] 
Heap after GC invocations=19850 (full 20):
 par new generation   total 109248K, used 5946K [0x00000007a0000000, 0x00000007a8000000, 0x00000007a8000000)
  eden space 87424K,   0% used [0x00000007a0000000, 0x00000007a0000000, 0x00000007a5560000)
  from space 21824K,  27% used [0x00000007a5560000, 0x00000007a5b2e868, 0x00000007a6ab0000)
  to   space 21824K,   0% used [0x00000007a6ab0000, 0x00000007a6ab0000, 0x00000007a8000000)
 concurrent mark-sweep generation total 393216K, used 155932K [0x00000007a8000000, 0x00000007c0000000, 0x00000007c0000000)
 Metaspace       used 43678K, capacity 44920K, committed 45100K, reserved 1089536K
  class space    used 5354K, capacity 5667K, committed 5676K, reserved 1048576K
}
2019-01-30T12:59:15.978+0600: 4953.548: Total time for which application threads were stopped: 0.0085990 seconds, Stopping threads took: 0.0000257 seconds
{Heap before GC invocations=19850 (full 20):
 par new generation   total 109248K, used 93370K [0x00000007a0000000, 0x00000007a8000000, 0x00000007a8000000)
  eden space 87424K, 100% used [0x00000007a0000000, 0x00000007a5560000, 0x00000007a5560000)
  from space 21824K,  27% used [0x00000007a5560000, 0x00000007a5b2e868, 0x00000007a6ab0000)
  to   space 21824K,   0% used [0x00000007a6ab0000, 0x00000007a6ab0000, 0x00000007a8000000)
 concurrent mark-sweep generation total 393216K, used 155932K [0x00000007a8000000, 0x00000007c0000000, 0x00000007c0000000)
 Metaspace       used 43678K, capacity 44920K, committed 45100K, reserved 1089536K
  class space    used 5354K, capacity 5667K, committed 5676K, reserved 1048576K
2019-01-30T12:59:16.175+0600: 4953.744: [GC (Allocation Failure) 2019-01-30T12:59:16.175+0600: 4953.744: [ParNew
Desired survivor size 20112992 bytes, new threshold 8 (max 8)
- age   1:   19001696 bytes,   19001696 total
- age   2:       1112 bytes,   19002808 total
- age   3:       1160 bytes,   19003968 total
- age   4:       1112 bytes,   19005080 total
- age   5:       1040 bytes,   19006120 total
- age   6:       1720 bytes,   19007840 total
: 93370K->20409K(109248K), 0.0170352 secs] 249302K->176341K(502464K), 0.0171438 secs] [Times: user=0.06 sys=0.00, real=0.02 secs] 
Heap after GC invocations=19851 (full 20):
 par new generation   total 109248K, used 20409K [0x00000007a0000000, 0x00000007a8000000, 0x00000007a8000000)
  eden space 87424K,   0% used [0x00000007a0000000, 0x00000007a0000000, 0x00000007a5560000)
  from space 21824K,  93% used [0x00000007a6ab0000, 0x00000007a7e9e440, 0x00000007a8000000)
  to   space 21824K,   0% used [0x00000007a5560000, 0x00000007a5560000, 0x00000007a6ab0000)
 concurrent mark-sweep generation total 393216K, used 155932K [0x00000007a8000000, 0x00000007c0000000, 0x00000007c0000000)
 Metaspace       used 43678K, capacity 44920K, committed 45100K, reserved 1089536K
  class space    used 5354K, capacity 5667K, committed 5676K, reserved 1048576K
}
2019-01-30T12:59:16.192+0600: 4953.761: Total time for which application threads were stopped: 0.0173831 seconds, Stopping threads took: 0.0000226 seconds
{Heap before GC invocations=19851 (full 20):
 par new generation   total 109248K, used 107833K [0x00000007a0000000, 0x00000007a8000000, 0x00000007a8000000)
  eden space 87424K, 100% used [0x00000007a0000000, 0x00000007a5560000, 0x00000007a5560000)
  from space 21824K,  93% used [0x00000007a6ab0000, 0x00000007a7e9e440, 0x00000007a8000000)
  to   space 21824K,   0% used [0x00000007a5560000, 0x00000007a5560000, 0x00000007a6ab0000)
 concurrent mark-sweep generation total 393216K, used 155932K [0x00000007a8000000, 0x00000007c0000000, 0x00000007c0000000)
 Metaspace       used 43678K, capacity 44920K, committed 45100K, reserved 1089536K
  class space    used 5354K, capacity 5667K, committed 5676K, reserved 1048576K
2019-01-30T12:59:16.385+0600: 4953.954: [GC (Allocation Failure) 2019-01-30T12:59:16.385+0600: 4953.955: [ParNew
Desired survivor size 20112992 bytes, new threshold 8 (max 8)
- age   1:   14618888 bytes,   14618888 total
- age   2:        960 bytes,   14619848 total
- age   3:       1112 bytes,   14620960 total
- age   4:       1160 bytes,   14622120 total
- age   5:       1112 bytes,   14623232 total
- age   6:       1040 bytes,   14624272 total
- age   7:       1720 bytes,   14625992 total
: 107833K->20771K(109248K), 0.0143686 secs] 263765K->176703K(502464K), 0.0144965 secs] [Times: user=0.06 sys=0.00, real=0.02 secs] 
Heap after GC invocations=19852 (full 20):
 par new generation   total 109248K, used 20771K [0x00000007a0000000, 0x00000007a8000000, 0x00000007a8000000)
  eden space 87424K,   0% used [0x00000007a0000000, 0x00000007a0000000, 0x00000007a5560000)
  from space 21824K,  95% used [0x00000007a5560000, 0x00000007a69a8d30, 0x00000007a6ab0000)
  to   space 21824K,   0% used [0x00000007a6ab0000, 0x00000007a6ab0000, 0x00000007a8000000)
 concurrent mark-sweep generation total 393216K, used 155932K [0x00000007a8000000, 0x00000007c0000000, 0x00000007c0000000)
 Metaspace       used 43678K, capacity 44920K, committed 45100K, reserved 1089536K
  class space    used 5354K, capacity 5667K, committed 5676K, reserved 1048576K
}
2019-01-30T12:59:16.400+0600: 4953.969: Total time for which application threads were stopped: 0.0147495 seconds, Stopping threads took: 0.0000241 seconds
{Heap before GC invocations=19852 (full 20):
 par new generation   total 109248K, used 108195K [0x00000007a0000000, 0x00000007a8000000, 0x00000007a8000000)
  eden space 87424K, 100% used [0x00000007a0000000, 0x00000007a5560000, 0x00000007a5560000)
  from space 21824K,  95% used [0x00000007a5560000, 0x00000007a69a8d30, 0x00000007a6ab0000)
  to   space 21824K,   0% used [0x00000007a6ab0000, 0x00000007a6ab0000, 0x00000007a8000000)
 concurrent mark-sweep generation total 393216K, used 155932K [0x00000007a8000000, 0x00000007c0000000, 0x00000007c0000000)
 Metaspace       used 43678K, capacity 44920K, committed 45100K, reserved 1089536K
  class space    used 5354K, capacity 5667K, committed 5676K, reserved 1048576K
2019-01-30T12:59:16.592+0600: 4954.161: [GC (Allocation Failure) 2019-01-30T12:59:16.592+0600: 4954.161: [ParNew
Desired survivor size 20112992 bytes, new threshold 8 (max 8)
- age   1:   11063744 bytes,   11063744 total
- age   2:       1032 bytes,   11064776 total
- age   3:        960 bytes,   11065736 total
- age   4:       1112 bytes,   11066848 total
- age   5:       1160 bytes,   11068008 total
- age   6:       1112 bytes,   11069120 total
- age   7:       1040 bytes,   11070160 total
- age   8:       1720 bytes,   11071880 total
: 108195K->16647K(109248K), 0.0124905 secs] 264127K->172579K(502464K), 0.0126071 secs] [Times: user=0.05 sys=0.00, real=0.01 secs] 
Heap after GC invocations=19853 (full 20):
 par new generation   total 109248K, used 16647K [0x00000007a0000000, 0x00000007a8000000, 0x00000007a8000000)
  eden space 87424K,   0% used [0x00000007a0000000, 0x00000007a0000000, 0x00000007a5560000)
  from space 21824K,  76% used [0x00000007a6ab0000, 0x00000007a7af1c40, 0x00000007a8000000)
  to   space 21824K,   0% used [0x00000007a5560000, 0x00000007a5560000, 0x00000007a6ab0000)
 concurrent mark-sweep generation total 393216K, used 155932K [0x00000007a8000000, 0x00000007c0000000, 0x00000007c0000000)
 Metaspace       used 43678K, capacity 44920K, committed 45100K, reserved 1089536K
  class space    used 5354K, capacity 5667K, committed 5676K, reserved 1048576K
}
2019-01-30T12:59:16.605+0600: 4954.174: Total time for which application threads were stopped: 0.0128551 seconds, Stopping threads took: 0.0000260 seconds
{Heap before GC invocations=19853 (full 20):
 par new generation   total 109248K, used 104071K [0x00000007a0000000, 0x00000007a8000000, 0x00000007a8000000)
  eden space 87424K, 100% used [0x00000007a0000000, 0x00000007a5560000, 0x00000007a5560000)
  from space 21824K,  76% used [0x00000007a6ab0000, 0x00000007a7af1c40, 0x00000007a8000000)
  to   space 21824K,   0% used [0x00000007a5560000, 0x00000007a5560000, 0x00000007a6ab0000)
 concurrent mark-sweep generation total 393216K, used 155932K [0x00000007a8000000, 0x00000007c0000000, 0x00000007c0000000)
 Metaspace       used 43678K, capacity 44920K, committed 45100K, reserved 1089536K
  class space    used 5354K, capacity 5667K, committed 5676K, reserved 1048576K
2019-01-30T12:59:16.803+0600: 4954.372: [GC (Allocation Failure) 2019-01-30T12:59:16.803+0600: 4954.372: [ParNew
Desired survivor size 20112992 bytes, new threshold 8 (max 8)
- age   1:    7699736 bytes,    7699736 total
- age   2:       1200 bytes,    7700936 total
- age   3:       1032 bytes,    7701968 total
- age   4:        960 bytes,    7702928 total
- age   5:       1112 bytes,    7704040 total
- age   6:       1160 bytes,    7705200 total
- age   7:       1112 bytes,    7706312 total
- age   8:       1040 bytes,    7707352 total
: 104071K->10763K(109248K), 0.0097174 secs] 260003K->166697K(502464K), 0.0098336 secs] [Times: user=0.04 sys=0.00, real=0.01 secs] 
Heap after GC invocations=19854 (full 20):
 par new generation   total 109248K, used 10763K [0x00000007a0000000, 0x00000007a8000000, 0x00000007a8000000)
  eden space 87424K,   0% used [0x00000007a0000000, 0x00000007a0000000, 0x00000007a5560000)
  from space 21824K,  49% used [0x00000007a5560000, 0x00000007a5fe2fb8, 0x00000007a6ab0000)
  to   space 21824K,   0% used [0x00000007a6ab0000, 0x00000007a6ab0000, 0x00000007a8000000)
 concurrent mark-sweep generation total 393216K, used 155934K [0x00000007a8000000, 0x00000007c0000000, 0x00000007c0000000)
 Metaspace       used 43678K, capacity 44920K, committed 45100K, reserved 1089536K
  class space    used 5354K, capacity 5667K, committed 5676K, reserved 1048576K
}
2019-01-30T12:59:16.812+0600: 4954.382: Total time for which application threads were stopped: 0.0100721 seconds, Stopping threads took: 0.0000248 seconds
{Heap before GC invocations=19854 (full 20):
 par new generation   total 109248K, used 98187K [0x00000007a0000000, 0x00000007a8000000, 0x00000007a8000000)
  eden space 87424K, 100% used [0x00000007a0000000, 0x00000007a5560000, 0x00000007a5560000)
  from space 21824K,  49% used [0x00000007a5560000, 0x00000007a5fe2fb8, 0x00000007a6ab0000)
  to   space 21824K,   0% used [0x00000007a6ab0000, 0x00000007a6ab0000, 0x00000007a8000000)
 concurrent mark-sweep generation total 393216K, used 155934K [0x00000007a8000000, 0x00000007c0000000, 0x00000007c0000000)
 Metaspace       used 43678K, capacity 44920K, committed 45100K, reserved 1089536K
  class space    used 5354K, capacity 5667K, committed 5676K, reserved 1048576K
2019-01-30T12:59:17.008+0600: 4954.578: [GC (Allocation Failure) 2019-01-30T12:59:17.009+0600: 4954.578: [ParNew
Desired survivor size 20112992 bytes, new threshold 8 (max 8)
- age   1:    5894784 bytes,    5894784 total
- age   2:       1120 bytes,    5895904 total
- age   3:       1200 bytes,    5897104 total
- age   4:       1032 bytes,    5898136 total
- age   5:        960 bytes,    5899096 total
- age   6:       1112 bytes,    5900208 total
- age   7:       1160 bytes,    5901368 total
- age   8:       1112 bytes,    5902480 total
: 98187K->9061K(109248K), 0.0084042 secs] 254121K->164996K(502464K), 0.0085133 secs] [Times: user=0.03 sys=0.00, real=0.01 secs] 
Heap after GC invocations=19855 (full 20):
 par new generation   total 109248K, used 9061K [0x00000007a0000000, 0x00000007a8000000, 0x00000007a8000000)
  eden space 87424K,   0% used [0x00000007a0000000, 0x00000007a0000000, 0x00000007a5560000)
  from space 21824K,  41% used [0x00000007a6ab0000, 0x00000007a7389410, 0x00000007a8000000)
  to   space 21824K,   0% used [0x00000007a5560000, 0x00000007a5560000, 0x00000007a6ab0000)
 concurrent mark-sweep generation total 393216K, used 155935K [0x00000007a8000000, 0x00000007c0000000, 0x00000007c0000000)
 Metaspace       used 43678K, capacity 44920K, committed 45100K, reserved 1089536K
  class space    used 5354K, capacity 5667K, committed 5676K, reserved 1048576K
}
2019-01-30T12:59:17.017+0600: 4954.586: Total time for which application threads were stopped: 0.0087552 seconds, Stopping threads took: 0.0000219 seconds
{Heap before GC invocations=19855 (full 20):
 par new generation   total 109248K, used 96485K [0x00000007a0000000, 0x00000007a8000000, 0x00000007a8000000)
  eden space 87424K, 100% used [0x00000007a0000000, 0x00000007a5560000, 0x00000007a5560000)
  from space 21824K,  41% used [0x00000007a6ab0000, 0x00000007a7389410, 0x00000007a8000000)
  to   space 21824K,   0% used [0x00000007a5560000, 0x00000007a5560000, 0x00000007a6ab0000)
 concurrent mark-sweep generation total 393216K, used 155935K [0x00000007a8000000, 0x00000007c0000000, 0x00000007c0000000)
 Metaspace       used 43678K, capacity 44920K, committed 45100K, reserved 1089536K
  class space    used 5354K, capacity 5667K, committed 5676K, reserved 1048576K
2019-01-30T12:59:17.234+0600: 4954.803: [GC (Allocation Failure) 2019-01-30T12:59:17.234+0600: 4954.803: [ParNew
Desired survivor size 20112992 bytes, new threshold 1 (max 8)
- age   1:   21115840 bytes,   21115840 total
- age   2:       1144 bytes,   21116984 total
- age   3:       1120 bytes,   21118104 total
- age   4:       1200 bytes,   21119304 total
- age   5:       1032 bytes,   21120336 total
- age   6:        960 bytes,   21121296 total
- age   7:       1112 bytes,   21122408 total
- age   8:       1160 bytes,   21123568 total
: 96485K->21613K(109248K), 0.0191791 secs] 252420K->177549K(502464K), 0.0192888 secs] [Times: user=0.07 sys=0.01, real=0.02 secs] 
Heap after GC invocations=19856 (full 20):
 par new generation   total 109248K, used 21613K [0x00000007a0000000, 0x00000007a8000000, 0x00000007a8000000)
  eden space 87424K,   0% used [0x00000007a0000000, 0x00000007a0000000, 0x00000007a5560000)
  from space 21824K,  99% used [0x00000007a5560000, 0x00000007a6a7b540, 0x00000007a6ab0000)
  to   space 21824K,   0% used [0x00000007a6ab0000, 0x00000007a6ab0000, 0x00000007a8000000)
 concurrent mark-sweep generation total 393216K, used 155936K [0x00000007a8000000, 0x00000007c0000000, 0x00000007c0000000)
 Metaspace       used 43678K, capacity 44920K, committed 45100K, reserved 1089536K
  class space    used 5354K, capacity 5667K, committed 5676K, reserved 1048576K
}
2019-01-30T12:59:17.253+0600: 4954.822: Total time for which application threads were stopped: 0.0195144 seconds, Stopping threads took: 0.0000204 seconds
{Heap before GC invocations=19856 (full 20):
 par new generation   total 109248K, used 109037K [0x00000007a0000000, 0x00000007a8000000, 0x00000007a8000000)
  eden space 87424K, 100% used [0x00000007a0000000, 0x00000007a5560000, 0x00000007a5560000)
  from space 21824K,  99% used [0x00000007a5560000, 0x00000007a6a7b540, 0x00000007a6ab0000)
  to   space 21824K,   0% used [0x00000007a6ab0000, 0x00000007a6ab0000, 0x00000007a8000000)
 concurrent mark-sweep generation total 393216K, used 155936K [0x00000007a8000000, 0x00000007c0000000, 0x00000007c0000000)
 Metaspace       used 43678K, capacity 44920K, committed 45100K, reserved 1089536K
  class space    used 5354K, capacity 5667K, committed 5676K, reserved 1048576K
2019-01-30T12:59:17.447+0600: 4955.016: [GC (Allocation Failure) 2019-01-30T12:59:17.447+0600: 4955.016: [ParNew
Desired survivor size 20112992 bytes, new threshold 8 (max 8)
- age   1:   16033536 bytes,   16033536 total
: 109037K->19420K(109248K), 0.0154005 secs] 264973K->175365K(502464K), 0.0155074 secs] [Times: user=0.06 sys=0.00, real=0.02 secs] 
Heap after GC invocations=19857 (full 20):
 par new generation   total 109248K, used 19420K [0x00000007a0000000, 0x00000007a8000000, 0x00000007a8000000)
  eden space 87424K,   0% used [0x00000007a0000000, 0x00000007a0000000, 0x00000007a5560000)
  from space 21824K,  88% used [0x00000007a6ab0000, 0x00000007a7da7080, 0x00000007a8000000)
  to   space 21824K,   0% used [0x00000007a5560000, 0x00000007a5560000, 0x00000007a6ab0000)
 concurrent mark-sweep generation total 393216K, used 155944K [0x00000007a8000000, 0x00000007c0000000, 0x00000007c0000000)
 Metaspace       used 43678K, capacity 44920K, committed 45100K, reserved 1089536K
  class space    used 5354K, capacity 5667K, committed 5676K, reserved 1048576K
}
2019-01-30T12:59:17.463+0600: 4955.032: Total time for which application threads were stopped: 0.0157372 seconds, Stopping threads took: 0.0000257 seconds
{Heap before GC invocations=19857 (full 20):
 par new generation   total 109248K, used 106844K [0x00000007a0000000, 0x00000007a8000000, 0x00000007a8000000)
  eden space 87424K, 100% used [0x00000007a0000000, 0x00000007a5560000, 0x00000007a5560000)
  from space 21824K,  88% used [0x00000007a6ab0000, 0x00000007a7da7080, 0x00000007a8000000)
  to   space 21824K,   0% used [0x00000007a5560000, 0x00000007a5560000, 0x00000007a6ab0000)
 concurrent mark-sweep generation total 393216K, used 155944K [0x00000007a8000000, 0x00000007c0000000, 0x00000007c0000000)
 Metaspace       used 43678K, capacity 44920K, committed 45100K, reserved 1089536K
  class space    used 5354K, capacity 5667K, committed 5676K, reserved 1048576K
2019-01-30T12:59:17.664+0600: 4955.233: [GC (Allocation Failure) 2019-01-30T12:59:17.664+0600: 4955.233: [ParNew
Desired survivor size 20112992 bytes, new threshold 8 (max 8)
- age   1:   12721560 bytes,   12721560 total
- age   2:       1136 bytes,   12722696 total
: 106844K->18725K(109248K), 0.0132048 secs] 262789K->174669K(502464K), 0.0133190 secs] [Times: user=0.05 sys=0.00, real=0.01 secs] 
Heap after GC invocations=19858 (full 20):
 par new generation   total 109248K, used 18725K [0x00000007a0000000, 0x00000007a8000000, 0x00000007a8000000)
  eden space 87424K,   0% used [0x00000007a0000000, 0x00000007a0000000, 0x00000007a5560000)
  from space 21824K,  85% used [0x00000007a5560000, 0x00000007a67a9428, 0x00000007a6ab0000)
  to   space 21824K,   0% used [0x00000007a6ab0000, 0x00000007a6ab0000, 0x00000007a8000000)
 concurrent mark-sweep generation total 393216K, used 155944K [0x00000007a8000000, 0x00000007c0000000, 0x00000007c0000000)
 Metaspace       used 43678K, capacity 44920K, committed 45100K, reserved 1089536K
  class space    used 5354K, capacity 5667K, committed 5676K, reserved 1048576K
}
2019-01-30T12:59:17.678+0600: 4955.247: Total time for which application threads were stopped: 0.0135582 seconds, Stopping threads took: 0.0000252 seconds
{Heap before GC invocations=19858 (full 20):
 par new generation   total 109248K, used 106149K [0x00000007a0000000, 0x00000007a8000000, 0x00000007a8000000)
  eden space 87424K, 100% used [0x00000007a0000000, 0x00000007a5560000, 0x00000007a5560000)
  from space 21824K,  85% used [0x00000007a5560000, 0x00000007a67a9428, 0x00000007a6ab0000)
  to   space 21824K,   0% used [0x00000007a6ab0000, 0x00000007a6ab0000, 0x00000007a8000000)
 concurrent mark-sweep generation total 393216K, used 155944K [0x00000007a8000000, 0x00000007c0000000, 0x00000007c0000000)
 Metaspace       used 43678K, capacity 44920K, committed 45100K, reserved 1089536K
  class space    used 5354K, capacity 5667K, committed 5676K, reserved 1048576K
2019-01-30T12:59:17.873+0600: 4955.442: [GC (Allocation Failure) 2019-01-30T12:59:17.873+0600: 4955.442: [ParNew
Desired survivor size 20112992 bytes, new threshold 8 (max 8)
- age   1:    9444432 bytes,    9444432 total
- age   2:       1016 bytes,    9445448 total
- age   3:       1136 bytes,    9446584 total
: 106149K->13702K(109248K), 0.0110992 secs] 262093K->169647K(502464K), 0.0112127 secs] [Times: user=0.04 sys=0.00, real=0.01 secs] 
Heap after GC invocations=19859 (full 20):
 par new generation   total 109248K, used 13702K [0x00000007a0000000, 0x00000007a8000000, 0x00000007a8000000)
  eden space 87424K,   0% used [0x00000007a0000000, 0x00000007a0000000, 0x00000007a5560000)
  from space 21824K,  62% used [0x00000007a6ab0000, 0x00000007a7811900, 0x00000007a8000000)
  to   space 21824K,   0% used [0x00000007a5560000, 0x00000007a5560000, 0x00000007a6ab0000)
 concurrent mark-sweep generation total 393216K, used 155944K [0x00000007a8000000, 0x00000007c0000000, 0x00000007c0000000)
 Metaspace       used 43678K, capacity 44920K, committed 45100K, reserved 1089536K
  class space    used 5354K, capacity 5667K, committed 5676K, reserved 1048576K
}
2019-01-30T12:59:17.884+0600: 4955.453: Total time for which application threads were stopped: 0.0114523 seconds, Stopping threads took: 0.0000207 seconds
{Heap before GC invocations=19859 (full 20):
 par new generation   total 109248K, used 101126K [0x00000007a0000000, 0x00000007a8000000, 0x00000007a8000000)
  eden space 87424K, 100% used [0x00000007a0000000, 0x00000007a5560000, 0x00000007a5560000)
  from space 21824K,  62% used [0x00000007a6ab0000, 0x00000007a7811900, 0x00000007a8000000)
  to   space 21824K,   0% used [0x00000007a5560000, 0x00000007a5560000, 0x00000007a6ab0000)
 concurrent mark-sweep generation total 393216K, used 155944K [0x00000007a8000000, 0x00000007c0000000, 0x00000007c0000000)
 Metaspace       used 43678K, capacity 44920K, committed 45100K, reserved 1089536K
  class space    used 5354K, capacity 5667K, committed 5676K, reserved 1048576K
2019-01-30T12:59:18.085+0600: 4955.654: [GC (Allocation Failure) 2019-01-30T12:59:18.085+0600: 4955.654: [ParNew
Desired survivor size 20112992 bytes, new threshold 8 (max 8)
- age   1:    5869064 bytes,    5869064 total
- age   2:       1128 bytes,    5870192 total
- age   3:       1016 bytes,    5871208 total
- age   4:       1136 bytes,    5872344 total
: 101126K->9051K(109248K), 0.0089981 secs] 257071K->164996K(502464K), 0.0091139 secs] [Times: user=0.03 sys=0.00, real=0.01 secs] 
Heap after GC invocations=19860 (full 20):
 par new generation   total 109248K, used 9051K [0x00000007a0000000, 0x00000007a8000000, 0x00000007a8000000)
  eden space 87424K,   0% used [0x00000007a0000000, 0x00000007a0000000, 0x00000007a5560000)
  from space 21824K,  41% used [0x00000007a5560000, 0x00000007a5e36d88, 0x00000007a6ab0000)
  to   space 21824K,   0% used [0x00000007a6ab0000, 0x00000007a6ab0000, 0x00000007a8000000)
 concurrent mark-sweep generation total 393216K, used 155944K [0x00000007a8000000, 0x00000007c0000000, 0x00000007c0000000)
 Metaspace       used 43678K, capacity 44920K, committed 45100K, reserved 1089536K
  class space    used 5354K, capacity 5667K, committed 5676K, reserved 1048576K
}
2019-01-30T12:59:18.094+0600: 4955.663: Total time for which application threads were stopped: 0.0093715 seconds, Stopping threads took: 0.0000238 seconds
{Heap before GC invocations=19860 (full 20):
 par new generation   total 109248K, used 96475K [0x00000007a0000000, 0x00000007a8000000, 0x00000007a8000000)
  eden space 87424K, 100% used [0x00000007a0000000, 0x00000007a5560000, 0x00000007a5560000)
  from space 21824K,  41% used [0x00000007a5560000, 0x00000007a5e36d88, 0x00000007a6ab0000)
  to   space 21824K,   0% used [0x00000007a6ab0000, 0x00000007a6ab0000, 0x00000007a8000000)
 concurrent mark-sweep generation total 393216K, used 155944K [0x00000007a8000000, 0x00000007c0000000, 0x00000007c0000000)
 Metaspace       used 43678K, capacity 44920K, committed 45100K, reserved 1089536K
  class space    used 5354K, capacity 5667K, committed 5676K, reserved 1048576K
2019-01-30T12:59:18.302+0600: 4955.871: [GC (Allocation Failure) 2019-01-30T12:59:18.302+0600: 4955.871: [ParNew
Desired survivor size 20112992 bytes, new threshold 8 (max 8)
- age   1:    5865208 bytes,    5865208 total
- age   2:       1168 bytes,    5866376 total
- age   3:       1128 bytes,    5867504 total
- age   4:       1016 bytes,    5868520 total
- age   5:       1136 bytes,    5869656 total
: 96475K->6477K(109248K), 0.0085473 secs] 252420K->162422K(502464K), 0.0086632 secs] [Times: user=0.03 sys=0.00, real=0.01 secs] 
Heap after GC invocations=19861 (full 20):
 par new generation   total 109248K, used 6477K [0x00000007a0000000, 0x00000007a8000000, 0x00000007a8000000)
  eden space 87424K,   0% used [0x00000007a0000000, 0x00000007a0000000, 0x00000007a5560000)
  from space 21824K,  29% used [0x00000007a6ab0000, 0x00000007a71035d0, 0x00000007a8000000)
  to   space 21824K,   0% used [0x00000007a5560000, 0x00000007a5560000, 0x00000007a6ab0000)
 concurrent mark-sweep generation total 393216K, used 155944K [0x00000007a8000000, 0x00000007c0000000, 0x00000007c0000000)
 Metaspace       used 43678K, capacity 44920K, committed 45100K, reserved 1089536K
  class space    used 5354K, capacity 5667K, committed 5676K, reserved 1048576K
}
2019-01-30T12:59:18.311+0600: 4955.880: Total time for which application threads were stopped: 0.0089077 seconds, Stopping threads took: 0.0000212 seconds
{Heap before GC invocations=19861 (full 20):
 par new generation   total 109248K, used 93901K [0x00000007a0000000, 0x00000007a8000000, 0x00000007a8000000)
  eden space 87424K, 100% used [0x00000007a0000000, 0x00000007a5560000, 0x00000007a5560000)
  from space 21824K,  29% used [0x00000007a6ab0000, 0x00000007a71035d0, 0x00000007a8000000)
  to   space 21824K,   0% used [0x00000007a5560000, 0x00000007a5560000, 0x00000007a6ab0000)
 concurrent mark-sweep generation total 393216K, used 155944K [0x00000007a8000000, 0x00000007c0000000, 0x00000007c0000000)
 Metaspace       used 43678K, capacity 44920K, committed 45100K, reserved 1089536K
  class space    used 5354K, capacity 5667K, committed 5676K, reserved 1048576K
2019-01-30T12:59:18.505+0600: 4956.074: [GC (Allocation Failure) 2019-01-30T12:59:18.505+0600: 4956.074: [ParNew
Desired survivor size 20112992 bytes, new threshold 8 (max 8)
- age   1:   19001080 bytes,   19001080 total
- age   2:       1144 bytes,   19002224 total
- age   3:       1168 bytes,   19003392 total
- age   4:       1128 bytes,   19004520 total
- age   5:       1016 bytes,   19005536 total
- age   6:       1136 bytes,   19006672 total
: 93901K->21005K(109248K), 0.0166608 secs] 249846K->176950K(502464K), 0.0167721 secs] [Times: user=0.06 sys=0.00, real=0.02 secs] 
Heap after GC invocations=19862 (full 20):
 par new generation   total 109248K, used 21005K [0x00000007a0000000, 0x00000007a8000000, 0x00000007a8000000)
  eden space 87424K,   0% used [0x00000007a0000000, 0x00000007a0000000, 0x00000007a5560000)
  from space 21824K,  96% used [0x00000007a5560000, 0x00000007a69e35a0, 0x00000007a6ab0000)
  to   space 21824K,   0% used [0x00000007a6ab0000, 0x00000007a6ab0000, 0x00000007a8000000)
 concurrent mark-sweep generation total 393216K, used 155944K [0x00000007a8000000, 0x00000007c0000000, 0x00000007c0000000)
 Metaspace       used 43678K, capacity 44920K, committed 45100K, reserved 1089536K
  class space    used 5354K, capacity 5667K, committed 5676K, reserved 1048576K
}
2019-01-30T12:59:18.521+0600: 4956.090: Total time for which application threads were stopped: 0.0170176 seconds, Stopping threads took: 0.0000221 seconds
{Heap before GC invocations=19862 (full 20):
 par new generation   total 109248K, used 108429K [0x00000007a0000000, 0x00000007a8000000, 0x00000007a8000000)
  eden space 87424K, 100% used [0x00000007a0000000, 0x00000007a5560000, 0x00000007a5560000)
  from space 21824K,  96% used [0x00000007a5560000, 0x00000007a69e35a0, 0x00000007a6ab0000)
  to   space 21824K,   0% used [0x00000007a6ab0000, 0x00000007a6ab0000, 0x00000007a8000000)
 concurrent mark-sweep generation total 393216K, used 155944K [0x00000007a8000000, 0x00000007c0000000, 0x00000007c0000000)
 Metaspace       used 43678K, capacity 44920K, committed 45100K, reserved 1089536K
  class space    used 5354K, capacity 5667K, committed 5676K, reserved 1048576K
2019-01-30T12:59:18.719+0600: 4956.288: [GC (Allocation Failure) 2019-01-30T12:59:18.719+0600: 4956.288: [ParNew
Desired survivor size 20112992 bytes, new threshold 8 (max 8)
- age   1:   14619064 bytes,   14619064 total
- age   2:        944 bytes,   14620008 total
- age   3:       1144 bytes,   14621152 total
- age   4:       1168 bytes,   14622320 total
- age   5:       1128 bytes,   14623448 total
- age   6:       1016 bytes,   14624464 total
- age   7:       1136 bytes,   14625600 total
: 108429K->21824K(109248K), 0.0145437 secs] 264374K->177768K(502464K), 0.0146665 secs] [Times: user=0.05 sys=0.00, real=0.02 secs] 
Heap after GC invocations=19863 (full 20):
 par new generation   total 109248K, used 21824K [0x00000007a0000000, 0x00000007a8000000, 0x00000007a8000000)
  eden space 87424K,   0% used [0x00000007a0000000, 0x00000007a0000000, 0x00000007a5560000)
  from space 21824K, 100% used [0x00000007a6ab0000, 0x00000007a8000000, 0x00000007a8000000)
  to   space 21824K,   0% used [0x00000007a5560000, 0x00000007a5560000, 0x00000007a6ab0000)
 concurrent mark-sweep generation total 393216K, used 155944K [0x00000007a8000000, 0x00000007c0000000, 0x00000007c0000000)
 Metaspace       used 43678K, capacity 44920K, committed 45100K, reserved 1089536K
  class space    used 5354K, capacity 5667K, committed 5676K, reserved 1048576K
}
2019-01-30T12:59:18.734+0600: 4956.303: Total time for which application threads were stopped: 0.0149306 seconds, Stopping threads took: 0.0000287 seconds
{Heap before GC invocations=19863 (full 20):
 par new generation   total 109248K, used 109248K [0x00000007a0000000, 0x00000007a8000000, 0x00000007a8000000)
  eden space 87424K, 100% used [0x00000007a0000000, 0x00000007a5560000, 0x00000007a5560000)
  from space 21824K, 100% used [0x00000007a6ab0000, 0x00000007a8000000, 0x00000007a8000000)
  to   space 21824K,   0% used [0x00000007a5560000, 0x00000007a5560000, 0x00000007a6ab0000)
 concurrent mark-sweep generation total 393216K, used 155944K [0x00000007a8000000, 0x00000007c0000000, 0x00000007c0000000)
 Metaspace       used 43678K, capacity 44920K, committed 45100K, reserved 1089536K
  class space    used 5354K, capacity 5667K, committed 5676K, reserved 1048576K
2019-01-30T12:59:18.923+0600: 4956.492: [GC (Allocation Failure) 2019-01-30T12:59:18.923+0600: 4956.492: [ParNew
Desired survivor size 20112992 bytes, new threshold 8 (max 8)
- age   1:   11063840 bytes,   11063840 total
- age   2:       1040 bytes,   11064880 total
- age   3:        944 bytes,   11065824 total
- age   4:       1144 bytes,   11066968 total
- age   5:       1168 bytes,   11068136 total
- age   6:       1128 bytes,   11069264 total
- age   7:       1016 bytes,   11070280 total
- age   8:       1136 bytes,   11071416 total
: 109248K->14884K(109248K), 0.0118650 secs] 265192K->170829K(502464K), 0.0119746 secs] [Times: user=0.05 sys=0.00, real=0.01 secs] 
Heap after GC invocations=19864 (full 20):
 par new generation   total 109248K, used 14884K [0x00000007a0000000, 0x00000007a8000000, 0x00000007a8000000)
  eden space 87424K,   0% used [0x00000007a0000000, 0x00000007a0000000, 0x00000007a5560000)
  from space 21824K,  68% used [0x00000007a5560000, 0x00000007a63e91d0, 0x00000007a6ab0000)
  to   space 21824K,   0% used [0x00000007a6ab0000, 0x00000007a6ab0000, 0x00000007a8000000)
 concurrent mark-sweep generation total 393216K, used 155944K [0x00000007a8000000, 0x00000007c0000000, 0x00000007c0000000)
 Metaspace       used 43678K, capacity 44920K, committed 45100K, reserved 1089536K
  class space    used 5354K, capacity 5667K, committed 5676K, reserved 1048576K
}
2019-01-30T12:59:18.935+0600: 4956.504: Total time for which application threads were stopped: 0.0122094 seconds, Stopping threads took: 0.0000259 seconds
{Heap before GC invocations=19864 (full 20):
 par new generation   total 109248K, used 102308K [0x00000007a0000000, 0x00000007a8000000, 0x00000007a8000000)
  eden space 87424K, 100% used [0x00000007a0000000, 0x00000007a5560000, 0x00000007a5560000)
  from space 21824K,  68% used [0x00000007a5560000, 0x00000007a63e91d0, 0x00000007a6ab0000)
  to   space 21824K,   0% used [0x00000007a6ab0000, 0x00000007a6ab0000, 0x00000007a8000000)
 concurrent mark-sweep generation total 393216K, used 155944K [0x00000007a8000000, 0x00000007c0000000, 0x00000007c0000000)
 Metaspace       used 43678K, capacity 44920K, committed 45100K, reserved 1089536K
  class space    used 5354K, capacity 5667K, committed 5676K, reserved 1048576K
2019-01-30T12:59:19.139+0600: 4956.708: [GC (Allocation Failure) 2019-01-30T12:59:19.139+0600: 4956.708: [ParNew
Desired survivor size 20112992 bytes, new threshold 8 (max 8)
- age   1:    7699920 bytes,    7699920 total
- age   2:       1128 bytes,    7701048 total
- age   3:       1040 bytes,    7702088 total
- age   4:        944 bytes,    7703032 total
- age   5:       1144 bytes,    7704176 total
- age   6:       1168 bytes,    7705344 total
- age   7:       1128 bytes,    7706472 total
- age   8:       1016 bytes,    7707488 total
: 102308K->11830K(109248K), 0.0096253 secs] 258253K->167776K(502464K), 0.0097492 secs] [Times: user=0.03 sys=0.00, real=0.01 secs] 
Heap after GC invocations=19865 (full 20):
 par new generation   total 109248K, used 11830K [0x00000007a0000000, 0x00000007a8000000, 0x00000007a8000000)
  eden space 87424K,   0% used [0x00000007a0000000, 0x00000007a0000000, 0x00000007a5560000)
  from space 21824K,  54% used [0x00000007a6ab0000, 0x00000007a763d850, 0x00000007a8000000)
  to   space 21824K,   0% used [0x00000007a5560000, 0x00000007a5560000, 0x00000007a6ab0000)
 concurrent mark-sweep generation total 393216K, used 155946K [0x00000007a8000000, 0x00000007c0000000, 0x00000007c0000000)
 Metaspace       used 43678K, capacity 44920K, committed 45100K, reserved 1089536K
  class space    used 5354K, capacity 5667K, committed 5676K, reserved 1048576K
}
2019-01-30T12:59:19.148+0600: 4956.717: Total time for which application threads were stopped: 0.0099938 seconds, Stopping threads took: 0.0000244 seconds
{Heap before GC invocations=19865 (full 20):
 par new generation   total 109248K, used 99254K [0x00000007a0000000, 0x00000007a8000000, 0x00000007a8000000)
  eden space 87424K, 100% used [0x00000007a0000000, 0x00000007a5560000, 0x00000007a5560000)
  from space 21824K,  54% used [0x00000007a6ab0000, 0x00000007a763d850, 0x00000007a8000000)
  to   space 21824K,   0% used [0x00000007a5560000, 0x00000007a5560000, 0x00000007a6ab0000)
 concurrent mark-sweep generation total 393216K, used 155946K [0x00000007a8000000, 0x00000007c0000000, 0x00000007c0000000)
 Metaspace       used 43678K, capacity 44920K, committed 45100K, reserved 1089536K
  class space    used 5354K, capacity 5667K, committed 5676K, reserved 1048576K
2019-01-30T12:59:19.343+0600: 4956.912: [GC (Allocation Failure) 2019-01-30T12:59:19.343+0600: 4956.912: [ParNew
Desired survivor size 20112992 bytes, new threshold 8 (max 8)
- age   1:    5894832 bytes,    5894832 total
- age   2:       1136 bytes,    5895968 total
- age   3:       1128 bytes,    5897096 total
- age   4:       1040 bytes,    5898136 total
- age   5:        944 bytes,    5899080 total
- age   6:       1144 bytes,    5900224 total
- age   7:       1168 bytes,    5901392 total
- age   8:       1128 bytes,    5902520 total
: 99254K->6976K(109248K), 0.0083454 secs] 255200K->162924K(502464K), 0.0084513 secs] [Times: user=0.03 sys=0.00, real=0.01 secs] 
Heap after GC invocations=19866 (full 20):
 par new generation   total 109248K, used 6976K [0x00000007a0000000, 0x00000007a8000000, 0x00000007a8000000)
  eden space 87424K,   0% used [0x00000007a0000000, 0x00000007a0000000, 0x00000007a5560000)
  from space 21824K,  31% used [0x00000007a5560000, 0x00000007a5c303d0, 0x00000007a6ab0000)
  to   space 21824K,   0% used [0x00000007a6ab0000, 0x00000007a6ab0000, 0x00000007a8000000)
 concurrent mark-sweep generation total 393216K, used 155947K [0x00000007a8000000, 0x00000007c0000000, 0x00000007c0000000)
 Metaspace       used 43678K, capacity 44920K, committed 45100K, reserved 1089536K
  class space    used 5354K, capacity 5667K, committed 5676K, reserved 1048576K
}
2019-01-30T12:59:19.352+0600: 4956.921: Total time for which application threads were stopped: 0.0086937 seconds, Stopping threads took: 0.0000227 seconds
{Heap before GC invocations=19866 (full 20):
 par new generation   total 109248K, used 94400K [0x00000007a0000000, 0x00000007a8000000, 0x00000007a8000000)
  eden space 87424K, 100% used [0x00000007a0000000, 0x00000007a5560000, 0x00000007a5560000)
  from space 21824K,  31% used [0x00000007a5560000, 0x00000007a5c303d0, 0x00000007a6ab0000)
  to   space 21824K,   0% used [0x00000007a6ab0000, 0x00000007a6ab0000, 0x00000007a8000000)
 concurrent mark-sweep generation total 393216K, used 155947K [0x00000007a8000000, 0x00000007c0000000, 0x00000007c0000000)
 Metaspace       used 43678K, capacity 44920K, committed 45100K, reserved 1089536K
  class space    used 5354K, capacity 5667K, committed 5676K, reserved 1048576K
2019-01-30T12:59:19.554+0600: 4957.123: [GC (Allocation Failure) 2019-01-30T12:59:19.554+0600: 4957.123: [ParNew
Desired survivor size 20112992 bytes, new threshold 1 (max 8)
- age   1:   21115648 bytes,   21115648 total
- age   2:       1152 bytes,   21116800 total
- age   3:       1136 bytes,   21117936 total
- age   4:       1128 bytes,   21119064 total
- age   5:       1040 bytes,   21120104 total
- age   6:        944 bytes,   21121048 total
- age   7:       1144 bytes,   21122192 total
- age   8:       1168 bytes,   21123360 total
: 94400K->21293K(109248K), 0.0183293 secs] 250348K->177241K(502464K), 0.0184607 secs] [Times: user=0.07 sys=0.00, real=0.02 secs] 
Heap after GC invocations=19867 (full 20):
 par new generation   total 109248K, used 21293K [0x00000007a0000000, 0x00000007a8000000, 0x00000007a8000000)
  eden space 87424K,   0% used [0x00000007a0000000, 0x00000007a0000000, 0x00000007a5560000)
  from space 21824K,  97% used [0x00000007a6ab0000, 0x00000007a7f7b4c0, 0x00000007a8000000)
  to   space 21824K,   0% used [0x00000007a5560000, 0x00000007a5560000, 0x00000007a6ab0000)
 concurrent mark-sweep generation total 393216K, used 155948K [0x00000007a8000000, 0x00000007c0000000, 0x00000007c0000000)
 Metaspace       used 43678K, capacity 44920K, committed 45100K, reserved 1089536K
  class space    used 5354K, capacity 5667K, committed 5676K, reserved 1048576K
}
2019-01-30T12:59:19.572+0600: 4957.141: Total time for which application threads were stopped: 0.0187157 seconds, Stopping threads took: 0.0000267 seconds
{Heap before GC invocations=19867 (full 20):
 par new generation   total 109248K, used 108717K [0x00000007a0000000, 0x00000007a8000000, 0x00000007a8000000)
  eden space 87424K, 100% used [0x00000007a0000000, 0x00000007a5560000, 0x00000007a5560000)
  from space 21824K,  97% used [0x00000007a6ab0000, 0x00000007a7f7b4c0, 0x00000007a8000000)
  to   space 21824K,   0% used [0x00000007a5560000, 0x00000007a5560000, 0x00000007a6ab0000)
 concurrent mark-sweep generation total 393216K, used 155948K [0x00000007a8000000, 0x00000007c0000000, 0x00000007c0000000)
 Metaspace       used 43678K, capacity 44920K, committed 45100K, reserved 1089536K
  class space    used 5354K, capacity 5667K, committed 5676K, reserved 1048576K
2019-01-30T12:59:19.762+0600: 4957.331: [GC (Allocation Failure) 2019-01-30T12:59:19.762+0600: 4957.331: [ParNew
Desired survivor size 20112992 bytes, new threshold 8 (max 8)
- age   1:   16033736 bytes,   16033736 total
: 108717K->21824K(109248K), 0.0151316 secs] 264665K->177780K(502464K), 0.0152440 secs] [Times: user=0.06 sys=0.00, real=0.01 secs] 
Heap after GC invocations=19868 (full 20):
 par new generation   total 109248K, used 21824K [0x00000007a0000000, 0x00000007a8000000, 0x00000007a8000000)
  eden space 87424K,   0% used [0x00000007a0000000, 0x00000007a0000000, 0x00000007a5560000)
  from space 21824K, 100% used [0x00000007a5560000, 0x00000007a6ab0000, 0x00000007a6ab0000)
  to   space 21824K,   0% used [0x00000007a6ab0000, 0x00000007a6ab0000, 0x00000007a8000000)
 concurrent mark-sweep generation total 393216K, used 155956K [0x00000007a8000000, 0x00000007c0000000, 0x00000007c0000000)
 Metaspace       used 43678K, capacity 44920K, committed 45100K, reserved 1089536K
  class space    used 5354K, capacity 5667K, committed 5676K, reserved 1048576K
}
2019-01-30T12:59:19.778+0600: 4957.347: Total time for which application threads were stopped: 0.0154880 seconds, Stopping threads took: 0.0000246 seconds
{Heap before GC invocations=19868 (full 20):
 par new generation   total 109248K, used 109248K [0x00000007a0000000, 0x00000007a8000000, 0x00000007a8000000)
  eden space 87424K, 100% used [0x00000007a0000000, 0x00000007a5560000, 0x00000007a5560000)
  from space 21824K, 100% used [0x00000007a5560000, 0x00000007a6ab0000, 0x00000007a6ab0000)
  to   space 21824K,   0% used [0x00000007a6ab0000, 0x00000007a6ab0000, 0x00000007a8000000)
 concurrent mark-sweep generation total 393216K, used 155956K [0x00000007a8000000, 0x00000007c0000000, 0x00000007c0000000)
 Metaspace       used 43678K, capacity 44920K, committed 45100K, reserved 1089536K
  class space    used 5354K, capacity 5667K, committed 5676K, reserved 1048576K
2019-01-30T12:59:19.974+0600: 4957.543: [GC (Allocation Failure) 2019-01-30T12:59:19.974+0600: 4957.543: [ParNew
Desired survivor size 20112992 bytes, new threshold 8 (max 8)
- age   1:   12721136 bytes,   12721136 total
- age   2:       1168 bytes,   12722304 total
: 109248K->18480K(109248K), 0.0134206 secs] 265204K->174437K(502464K), 0.0135410 secs] [Times: user=0.05 sys=0.00, real=0.01 secs] 
Heap after GC invocations=19869 (full 20):
 par new generation   total 109248K, used 18480K [0x00000007a0000000, 0x00000007a8000000, 0x00000007a8000000)
  eden space 87424K,   0% used [0x00000007a0000000, 0x00000007a0000000, 0x00000007a5560000)
  from space 21824K,  84% used [0x00000007a6ab0000, 0x00000007a7cbc200, 0x00000007a8000000)
  to   space 21824K,   0% used [0x00000007a5560000, 0x00000007a5560000, 0x00000007a6ab0000)
 concurrent mark-sweep generation total 393216K, used 155956K [0x00000007a8000000, 0x00000007c0000000, 0x00000007c0000000)
 Metaspace       used 43678K, capacity 44920K, committed 45100K, reserved 1089536K
  class space    used 5354K, capacity 5667K, committed 5676K, reserved 1048576K
}
2019-01-30T12:59:19.988+0600: 4957.557: Total time for which application threads were stopped: 0.0137884 seconds, Stopping threads took: 0.0000248 seconds
{Heap before GC invocations=19869 (full 20):
 par new generation   total 109248K, used 105904K [0x00000007a0000000, 0x00000007a8000000, 0x00000007a8000000)
  eden space 87424K, 100% used [0x00000007a0000000, 0x00000007a5560000, 0x00000007a5560000)
  from space 21824K,  84% used [0x00000007a6ab0000, 0x00000007a7cbc200, 0x00000007a8000000)
  to   space 21824K,   0% used [0x00000007a5560000, 0x00000007a5560000, 0x00000007a6ab0000)
 concurrent mark-sweep generation total 393216K, used 155956K [0x00000007a8000000, 0x00000007c0000000, 0x00000007c0000000)
 Metaspace       used 43678K, capacity 44920K, committed 45100K, reserved 1089536K
  class space    used 5354K, capacity 5667K, committed 5676K, reserved 1048576K
2019-01-30T12:59:20.190+0600: 4957.758: [GC (Allocation Failure) 2019-01-30T12:59:20.190+0600: 4957.759: [ParNew
Desired survivor size 20112992 bytes, new threshold 8 (max 8)
- age   1:    9409760 bytes,    9409760 total
- age   2:       1032 bytes,    9410792 total
- age   3:       1168 bytes,    9411960 total
: 105904K->13938K(109248K), 0.0109131 secs] 261861K->169895K(502464K), 0.0110289 secs] [Times: user=0.04 sys=0.00, real=0.01 secs] 
Heap after GC invocations=19870 (full 20):
 par new generation   total 109248K, used 13938K [0x00000007a0000000, 0x00000007a8000000, 0x00000007a8000000)
  eden space 87424K,   0% used [0x00000007a0000000, 0x00000007a0000000, 0x00000007a5560000)
  from space 21824K,  63% used [0x00000007a5560000, 0x00000007a62fc900, 0x00000007a6ab0000)
  to   space 21824K,   0% used [0x00000007a6ab0000, 0x00000007a6ab0000, 0x00000007a8000000)
 concurrent mark-sweep generation total 393216K, used 155956K [0x00000007a8000000, 0x00000007c0000000, 0x00000007c0000000)
 Metaspace       used 43678K, capacity 44920K, committed 45100K, reserved 1089536K
  class space    used 5354K, capacity 5667K, committed 5676K, reserved 1048576K
}
2019-01-30T12:59:20.201+0600: 4957.770: Total time for which application threads were stopped: 0.0112708 seconds, Stopping threads took: 0.0000257 seconds
{Heap before GC invocations=19870 (full 20):
 par new generation   total 109248K, used 101362K [0x00000007a0000000, 0x00000007a8000000, 0x00000007a8000000)
  eden space 87424K, 100% used [0x00000007a0000000, 0x00000007a5560000, 0x00000007a5560000)
  from space 21824K,  63% used [0x00000007a5560000, 0x00000007a62fc900, 0x00000007a6ab0000)
  to   space 21824K,   0% used [0x00000007a6ab0000, 0x00000007a6ab0000, 0x00000007a8000000)
 concurrent mark-sweep generation total 393216K, used 155956K [0x00000007a8000000, 0x00000007c0000000, 0x00000007c0000000)
 Metaspace       used 43678K, capacity 44920K, committed 45100K, reserved 1089536K
  class space    used 5354K, capacity 5667K, committed 5676K, reserved 1048576K
2019-01-30T12:59:20.396+0600: 4957.965: [GC (Allocation Failure) 2019-01-30T12:59:20.396+0600: 4957.965: [ParNew
Desired survivor size 20112992 bytes, new threshold 8 (max 8)
- age   1:    5865368 bytes,    5865368 total
- age   2:       1168 bytes,    5866536 total
- age   3:       1032 bytes,    5867568 total
- age   4:       1168 bytes,    5868736 total
: 101362K->9104K(109248K), 0.0083053 secs] 257319K->165061K(502464K), 0.0084122 secs] [Times: user=0.03 sys=0.00, real=0.01 secs] 
Heap after GC invocations=19871 (full 20):
 par new generation   total 109248K, used 9104K [0x00000007a0000000, 0x00000007a8000000, 0x00000007a8000000)
  eden space 87424K,   0% used [0x00000007a0000000, 0x00000007a0000000, 0x00000007a5560000)
  from space 21824K,  41% used [0x00000007a6ab0000, 0x00000007a73940d0, 0x00000007a8000000)
  to   space 21824K,   0% used [0x00000007a5560000, 0x00000007a5560000, 0x00000007a6ab0000)
 concurrent mark-sweep generation total 393216K, used 155956K [0x00000007a8000000, 0x00000007c0000000, 0x00000007c0000000)
 Metaspace       used 43678K, capacity 44920K, committed 45100K, reserved 1089536K
  class space    used 5354K, capacity 5667K, committed 5676K, reserved 1048576K
}
2019-01-30T12:59:20.405+0600: 4957.974: Total time for which application threads were stopped: 0.0086574 seconds, Stopping threads took: 0.0000227 seconds
{Heap before GC invocations=19871 (full 20):
 par new generation   total 109248K, used 96528K [0x00000007a0000000, 0x00000007a8000000, 0x00000007a8000000)
  eden space 87424K, 100% used [0x00000007a0000000, 0x00000007a5560000, 0x00000007a5560000)
  from space 21824K,  41% used [0x00000007a6ab0000, 0x00000007a73940d0, 0x00000007a8000000)
  to   space 21824K,   0% used [0x00000007a5560000, 0x00000007a5560000, 0x00000007a6ab0000)
 concurrent mark-sweep generation total 393216K, used 155956K [0x00000007a8000000, 0x00000007c0000000, 0x00000007c0000000)
 Metaspace       used 43678K, capacity 44920K, committed 45100K, reserved 1089536K
  class space    used 5354K, capacity 5667K, committed 5676K, reserved 1048576K
2019-01-30T12:59:20.606+0600: 4958.175: [GC (Allocation Failure) 2019-01-30T12:59:20.606+0600: 4958.175: [ParNew
Desired survivor size 20112992 bytes, new threshold 8 (max 8)
- age   1:    5873568 bytes,    5873568 total
- age   2:       1152 bytes,    5874720 total
- age   3:       1168 bytes,    5875888 total
- age   4:       1032 bytes,    5876920 total
- age   5:       1168 bytes,    5878088 total
: 96528K->6491K(109248K), 0.0085048 secs] 252485K->162447K(502464K), 0.0086076 secs] [Times: user=0.03 sys=0.00, real=0.01 secs] 
Heap after GC invocations=19872 (full 20):
 par new generation   total 109248K, used 6491K [0x00000007a0000000, 0x00000007a8000000, 0x00000007a8000000)
  eden space 87424K,   0% used [0x00000007a0000000, 0x00000007a0000000, 0x00000007a5560000)
  from space 21824K,  29% used [0x00000007a5560000, 0x00000007a5bb6c30, 0x00000007a6ab0000)
  to   space 21824K,   0% used [0x00000007a6ab0000, 0x00000007a6ab0000, 0x00000007a8000000)
 concurrent mark-sweep generation total 393216K, used 155956K [0x00000007a8000000, 0x00000007c0000000, 0x00000007c0000000)
 Metaspace       used 43678K, capacity 44920K, committed 45100K, reserved 1089536K
  class space    used 5354K, capacity 5667K, committed 5676K, reserved 1048576K
}
2019-01-30T12:59:20.615+0600: 4958.184: Total time for which application threads were stopped: 0.0088415 seconds, Stopping threads took: 0.0000206 seconds
{Heap before GC invocations=19872 (full 20):
 par new generation   total 109248K, used 93915K [0x00000007a0000000, 0x00000007a8000000, 0x00000007a8000000)
  eden space 87424K, 100% used [0x00000007a0000000, 0x00000007a5560000, 0x00000007a5560000)
  from space 21824K,  29% used [0x00000007a5560000, 0x00000007a5bb6c30, 0x00000007a6ab0000)
  to   space 21824K,   0% used [0x00000007a6ab0000, 0x00000007a6ab0000, 0x00000007a8000000)
 concurrent mark-sweep generation total 393216K, used 155956K [0x00000007a8000000, 0x00000007c0000000, 0x00000007c0000000)
 Metaspace       used 43678K, capacity 44920K, committed 45100K, reserved 1089536K
  class space    used 5354K, capacity 5667K, committed 5676K, reserved 1048576K
2019-01-30T12:59:20.811+0600: 4958.380: [GC (Allocation Failure) 2019-01-30T12:59:20.811+0600: 4958.380: [ParNew
Desired survivor size 20112992 bytes, new threshold 8 (max 8)
- age   1:   18930568 bytes,   18930568 total
- age   2:       1128 bytes,   18931696 total
- age   3:       1152 bytes,   18932848 total
- age   4:       1168 bytes,   18934016 total
- age   5:       1032 bytes,   18935048 total
- age   6:       1168 bytes,   18936216 total
: 93915K->20431K(109248K), 0.0172471 secs] 249871K->176388K(502464K), 0.0173661 secs] [Times: user=0.06 sys=0.00, real=0.01 secs] 
Heap after GC invocations=19873 (full 20):
 par new generation   total 109248K, used 20431K [0x00000007a0000000, 0x00000007a8000000, 0x00000007a8000000)
  eden space 87424K,   0% used [0x00000007a0000000, 0x00000007a0000000, 0x00000007a5560000)
  from space 21824K,  93% used [0x00000007a6ab0000, 0x00000007a7ea3f40, 0x00000007a8000000)
  to   space 21824K,   0% used [0x00000007a5560000, 0x00000007a5560000, 0x00000007a6ab0000)
 concurrent mark-sweep generation total 393216K, used 155956K [0x00000007a8000000, 0x00000007c0000000, 0x00000007c0000000)
 Metaspace       used 43678K, capacity 44920K, committed 45100K, reserved 1089536K
  class space    used 5354K, capacity 5667K, committed 5676K, reserved 1048576K
}
2019-01-30T12:59:20.828+0600: 4958.397: Total time for which application threads were stopped: 0.0176186 seconds, Stopping threads took: 0.0000305 seconds
{Heap before GC invocations=19873 (full 20):
 par new generation   total 109248K, used 107855K [0x00000007a0000000, 0x00000007a8000000, 0x00000007a8000000)
  eden space 87424K, 100% used [0x00000007a0000000, 0x00000007a5560000, 0x00000007a5560000)
  from space 21824K,  93% used [0x00000007a6ab0000, 0x00000007a7ea3f40, 0x00000007a8000000)
  to   space 21824K,   0% used [0x00000007a5560000, 0x00000007a5560000, 0x00000007a6ab0000)
 concurrent mark-sweep generation total 393216K, used 155956K [0x00000007a8000000, 0x00000007c0000000, 0x00000007c0000000)
 Metaspace       used 43678K, capacity 44920K, committed 45100K, reserved 1089536K
  class space    used 5354K, capacity 5667K, committed 5676K, reserved 1048576K
2019-01-30T12:59:21.017+0600: 4958.586: [GC (Allocation Failure) 2019-01-30T12:59:21.017+0600: 4958.586: [ParNew
Desired survivor size 20112992 bytes, new threshold 8 (max 8)
- age   1:   14619200 bytes,   14619200 total
- age   2:       1016 bytes,   14620216 total
- age   3:       1128 bytes,   14621344 total
- age   4:       1152 bytes,   14622496 total
- age   5:       1168 bytes,   14623664 total
- age   6:       1032 bytes,   14624696 total
- age   7:       1168 bytes,   14625864 total
: 107855K->20681K(109248K), 0.0145167 secs] 263812K->176638K(502464K), 0.0146271 secs] [Times: user=0.05 sys=0.00, real=0.02 secs] 
Heap after GC invocations=19874 (full 20):
 par new generation   total 109248K, used 20681K [0x00000007a0000000, 0x00000007a8000000, 0x00000007a8000000)
  eden space 87424K,   0% used [0x00000007a0000000, 0x00000007a0000000, 0x00000007a5560000)
  from space 21824K,  94% used [0x00000007a5560000, 0x00000007a69927c0, 0x00000007a6ab0000)
  to   space 21824K,   0% used [0x00000007a6ab0000, 0x00000007a6ab0000, 0x00000007a8000000)
 concurrent mark-sweep generation total 393216K, used 155956K [0x00000007a8000000, 0x00000007c0000000, 0x00000007c0000000)
 Metaspace       used 43678K, capacity 44920K, committed 45100K, reserved 1089536K
  class space    used 5354K, capacity 5667K, committed 5676K, reserved 1048576K
}
2019-01-30T12:59:21.032+0600: 4958.601: Total time for which application threads were stopped: 0.0148699 seconds, Stopping threads took: 0.0000235 seconds
{Heap before GC invocations=19874 (full 20):
 par new generation   total 109248K, used 108105K [0x00000007a0000000, 0x00000007a8000000, 0x00000007a8000000)
  eden space 87424K, 100% used [0x00000007a0000000, 0x00000007a5560000, 0x00000007a5560000)
  from space 21824K,  94% used [0x00000007a5560000, 0x00000007a69927c0, 0x00000007a6ab0000)
  to   space 21824K,   0% used [0x00000007a6ab0000, 0x00000007a6ab0000, 0x00000007a8000000)
 concurrent mark-sweep generation total 393216K, used 155956K [0x00000007a8000000, 0x00000007c0000000, 0x00000007c0000000)
 Metaspace       used 43678K, capacity 44920K, committed 45100K, reserved 1089536K
  class space    used 5354K, capacity 5667K, committed 5676K, reserved 1048576K
2019-01-30T12:59:21.231+0600: 4958.800: [GC (Allocation Failure) 2019-01-30T12:59:21.231+0600: 4958.800: [ParNew
Desired survivor size 20112992 bytes, new threshold 8 (max 8)
- age   1:   11064048 bytes,   11064048 total
- age   2:       1008 bytes,   11065056 total
- age   3:       1016 bytes,   11066072 total
- age   4:       1128 bytes,   11067200 total
- age   5:       1152 bytes,   11068352 total
- age   6:       1168 bytes,   11069520 total
- age   7:       1032 bytes,   11070552 total
- age   8:       1168 bytes,   11071720 total
: 108105K->14543K(109248K), 0.0123055 secs] 264062K->170500K(502464K), 0.0124200 secs] [Times: user=0.05 sys=0.00, real=0.01 secs] 
Heap after GC invocations=19875 (full 20):
 par new generation   total 109248K, used 14543K [0x00000007a0000000, 0x00000007a8000000, 0x00000007a8000000)
  eden space 87424K,   0% used [0x00000007a0000000, 0x00000007a0000000, 0x00000007a5560000)
  from space 21824K,  66% used [0x00000007a6ab0000, 0x00000007a78e3f08, 0x00000007a8000000)
  to   space 21824K,   0% used [0x00000007a5560000, 0x00000007a5560000, 0x00000007a6ab0000)
 concurrent mark-sweep generation total 393216K, used 155956K [0x00000007a8000000, 0x00000007c0000000, 0x00000007c0000000)
 Metaspace       used 43678K, capacity 44920K, committed 45100K, reserved 1089536K
  class space    used 5354K, capacity 5667K, committed 5676K, reserved 1048576K
}
2019-01-30T12:59:21.244+0600: 4958.813: Total time for which application threads were stopped: 0.0126662 seconds, Stopping threads took: 0.0000253 seconds
{Heap before GC invocations=19875 (full 20):
 par new generation   total 109248K, used 101967K [0x00000007a0000000, 0x00000007a8000000, 0x00000007a8000000)
  eden space 87424K, 100% used [0x00000007a0000000, 0x00000007a5560000, 0x00000007a5560000)
  from space 21824K,  66% used [0x00000007a6ab0000, 0x00000007a78e3f08, 0x00000007a8000000)
  to   space 21824K,   0% used [0x00000007a5560000, 0x00000007a5560000, 0x00000007a6ab0000)
 concurrent mark-sweep generation total 393216K, used 155956K [0x00000007a8000000, 0x00000007c0000000, 0x00000007c0000000)
 Metaspace       used 43678K, capacity 44920K, committed 45100K, reserved 1089536K
  class space    used 5354K, capacity 5667K, committed 5676K, reserved 1048576K
2019-01-30T12:59:21.437+0600: 4959.006: [GC (Allocation Failure) 2019-01-30T12:59:21.437+0600: 4959.006: [ParNew
Desired survivor size 20112992 bytes, new threshold 8 (max 8)
- age   1:    7700080 bytes,    7700080 total
- age   2:       1168 bytes,    7701248 total
- age   3:       1008 bytes,    7702256 total
- age   4:       1016 bytes,    7703272 total
- age   5:       1128 bytes,    7704400 total
- age   6:       1152 bytes,    7705552 total
- age   7:       1168 bytes,    7706720 total
- age   8:       1032 bytes,    7707752 total
: 101967K->9198K(109248K), 0.0098473 secs] 257924K->165156K(502464K), 0.0099553 secs] [Times: user=0.04 sys=0.00, real=0.01 secs] 
Heap after GC invocations=19876 (full 20):
 par new generation   total 109248K, used 9198K [0x00000007a0000000, 0x00000007a8000000, 0x00000007a8000000)
  eden space 87424K,   0% used [0x00000007a0000000, 0x00000007a0000000, 0x00000007a5560000)
  from space 21824K,  42% used [0x00000007a5560000, 0x00000007a5e5b980, 0x00000007a6ab0000)
  to   space 21824K,   0% used [0x00000007a6ab0000, 0x00000007a6ab0000, 0x00000007a8000000)
 concurrent mark-sweep generation total 393216K, used 155958K [0x00000007a8000000, 0x00000007c0000000, 0x00000007c0000000)
 Metaspace       used 43678K, capacity 44920K, committed 45100K, reserved 1089536K
  class space    used 5354K, capacity 5667K, committed 5676K, reserved 1048576K
}
2019-01-30T12:59:21.447+0600: 4959.016: Total time for which application threads were stopped: 0.0101967 seconds, Stopping threads took: 0.0000229 seconds
{Heap before GC invocations=19876 (full 20):
 par new generation   total 109248K, used 96622K [0x00000007a0000000, 0x00000007a8000000, 0x00000007a8000000)
  eden space 87424K, 100% used [0x00000007a0000000, 0x00000007a5560000, 0x00000007a5560000)
  from space 21824K,  42% used [0x00000007a5560000, 0x00000007a5e5b980, 0x00000007a6ab0000)
  to   space 21824K,   0% used [0x00000007a6ab0000, 0x00000007a6ab0000, 0x00000007a8000000)
 concurrent mark-sweep generation total 393216K, used 155958K [0x00000007a8000000, 0x00000007c0000000, 0x00000007c0000000)
 Metaspace       used 43678K, capacity 44920K, committed 45100K, reserved 1089536K
  class space    used 5354K, capacity 5667K, committed 5676K, reserved 1048576K
2019-01-30T12:59:21.650+0600: 4959.219: [GC (Allocation Failure) 2019-01-30T12:59:21.650+0600: 4959.219: [ParNew
Desired survivor size 20112992 bytes, new threshold 8 (max 8)
- age   1:    5893576 bytes,    5893576 total
- age   2:       1128 bytes,    5894704 total
- age   3:       1168 bytes,    5895872 total
- age   4:       1008 bytes,    5896880 total
- age   5:       1016 bytes,    5897896 total
- age   6:       1128 bytes,    5899024 total
- age   7:       1152 bytes,    5900176 total
- age   8:       1168 bytes,    5901344 total
: 96622K->8973K(109248K), 0.0083690 secs] 252580K->164932K(502464K), 0.0084814 secs] [Times: user=0.03 sys=0.00, real=0.00 secs] 
Heap after GC invocations=19877 (full 20):
 par new generation   total 109248K, used 8973K [0x00000007a0000000, 0x00000007a8000000, 0x00000007a8000000)
  eden space 87424K,   0% used [0x00000007a0000000, 0x00000007a0000000, 0x00000007a5560000)
  from space 21824K,  41% used [0x00000007a6ab0000, 0x00000007a7373430, 0x00000007a8000000)
  to   space 21824K,   0% used [0x00000007a5560000, 0x00000007a5560000, 0x00000007a6ab0000)
 concurrent mark-sweep generation total 393216K, used 155959K [0x00000007a8000000, 0x00000007c0000000, 0x00000007c0000000)
 Metaspace       used 43678K, capacity 44920K, committed 45100K, reserved 1089536K
  class space    used 5354K, capacity 5667K, committed 5676K, reserved 1048576K
}
2019-01-30T12:59:21.658+0600: 4959.227: Total time for which application threads were stopped: 0.0087285 seconds, Stopping threads took: 0.0000223 seconds
{Heap before GC invocations=19877 (full 20):
 par new generation   total 109248K, used 96397K [0x00000007a0000000, 0x00000007a8000000, 0x00000007a8000000)
  eden space 87424K, 100% used [0x00000007a0000000, 0x00000007a5560000, 0x00000007a5560000)
  from space 21824K,  41% used [0x00000007a6ab0000, 0x00000007a7373430, 0x00000007a8000000)
  to   space 21824K,   0% used [0x00000007a5560000, 0x00000007a5560000, 0x00000007a6ab0000)
 concurrent mark-sweep generation total 393216K, used 155959K [0x00000007a8000000, 0x00000007c0000000, 0x00000007c0000000)
 Metaspace       used 43678K, capacity 44920K, committed 45100K, reserved 1089536K
  class space    used 5354K, capacity 5667K, committed 5676K, reserved 1048576K
2019-01-30T12:59:21.852+0600: 4959.421: [GC (Allocation Failure) 2019-01-30T12:59:21.853+0600: 4959.421: [ParNew
Desired survivor size 20112992 bytes, new threshold 1 (max 8)
- age   1:   21077472 bytes,   21077472 total
- age   2:       1224 bytes,   21078696 total
- age   3:       1128 bytes,   21079824 total
- age   4:       1168 bytes,   21080992 total
- age   5:       1008 bytes,   21082000 total
- age   6:       1016 bytes,   21083016 total
- age   7:       1128 bytes,   21084144 total
- age   8:       1152 bytes,   21085296 total
: 96397K->21824K(109248K), 0.0211225 secs] 252356K->177784K(502464K), 0.0212535 secs] [Times: user=0.07 sys=0.00, real=0.02 secs] 
Heap after GC invocations=19878 (full 20):
 par new generation   total 109248K, used 21824K [0x00000007a0000000, 0x00000007a8000000, 0x00000007a8000000)
  eden space 87424K,   0% used [0x00000007a0000000, 0x00000007a0000000, 0x00000007a5560000)
  from space 21824K, 100% used [0x00000007a5560000, 0x00000007a6ab0000, 0x00000007a6ab0000)
  to   space 21824K,   0% used [0x00000007a6ab0000, 0x00000007a6ab0000, 0x00000007a8000000)
 concurrent mark-sweep generation total 393216K, used 155960K [0x00000007a8000000, 0x00000007c0000000, 0x00000007c0000000)
 Metaspace       used 43678K, capacity 44920K, committed 45100K, reserved 1089536K
  class space    used 5354K, capacity 5667K, committed 5676K, reserved 1048576K
}
2019-01-30T12:59:21.874+0600: 4959.443: Total time for which application threads were stopped: 0.0215281 seconds, Stopping threads took: 0.0000284 seconds
{Heap before GC invocations=19878 (full 20):
 par new generation   total 109248K, used 108370K [0x00000007a0000000, 0x00000007a8000000, 0x00000007a8000000)
  eden space 87424K,  98% used [0x00000007a0000000, 0x00000007a5484938, 0x00000007a5560000)
  from space 21824K, 100% used [0x00000007a5560000, 0x00000007a6ab0000, 0x00000007a6ab0000)
  to   space 21824K,   0% used [0x00000007a6ab0000, 0x00000007a6ab0000, 0x00000007a8000000)
 concurrent mark-sweep generation total 393216K, used 155960K [0x00000007a8000000, 0x00000007c0000000, 0x00000007c0000000)
 Metaspace       used 43678K, capacity 44920K, committed 45100K, reserved 1089536K
  class space    used 5354K, capacity 5667K, committed 5676K, reserved 1048576K
2019-01-30T12:59:22.066+0600: 4959.635: [GC (Allocation Failure) 2019-01-30T12:59:22.066+0600: 4959.635: [ParNew
Desired survivor size 20112992 bytes, new threshold 8 (max 8)
- age   1:   16033888 bytes,   16033888 total
: 108370K->21824K(109248K), 0.0164338 secs] 264330K->177793K(502464K), 0.0165621 secs] [Times: user=0.06 sys=0.00, real=0.02 secs] 
Heap after GC invocations=19879 (full 20):
 par new generation   total 109248K, used 21824K [0x00000007a0000000, 0x00000007a8000000, 0x00000007a8000000)
  eden space 87424K,   0% used [0x00000007a0000000, 0x00000007a0000000, 0x00000007a5560000)
  from space 21824K, 100% used [0x00000007a6ab0000, 0x00000007a8000000, 0x00000007a8000000)
  to   space 21824K,   0% used [0x00000007a5560000, 0x00000007a5560000, 0x00000007a6ab0000)
 concurrent mark-sweep generation total 393216K, used 155969K [0x00000007a8000000, 0x00000007c0000000, 0x00000007c0000000)
 Metaspace       used 43678K, capacity 44920K, committed 45100K, reserved 1089536K
  class space    used 5354K, capacity 5667K, committed 5676K, reserved 1048576K
}
2019-01-30T12:59:22.083+0600: 4959.651: Total time for which application threads were stopped: 0.0168041 seconds, Stopping threads took: 0.0000232 seconds
{Heap before GC invocations=19879 (full 20):
 par new generation   total 109248K, used 109248K [0x00000007a0000000, 0x00000007a8000000, 0x00000007a8000000)
  eden space 87424K, 100% used [0x00000007a0000000, 0x00000007a5560000, 0x00000007a5560000)
  from space 21824K, 100% used [0x00000007a6ab0000, 0x00000007a8000000, 0x00000007a8000000)
  to   space 21824K,   0% used [0x00000007a5560000, 0x00000007a5560000, 0x00000007a6ab0000)
 concurrent mark-sweep generation total 393216K, used 155969K [0x00000007a8000000, 0x00000007c0000000, 0x00000007c0000000)
 Metaspace       used 43678K, capacity 44920K, committed 45100K, reserved 1089536K
  class space    used 5354K, capacity 5667K, committed 5676K, reserved 1048576K
2019-01-30T12:59:22.297+0600: 4959.866: [GC (Allocation Failure) 2019-01-30T12:59:22.298+0600: 4959.866: [ParNew
Desired survivor size 20112992 bytes, new threshold 8 (max 8)
- age   1:   12762112 bytes,   12762112 total
- age   2:       1152 bytes,   12763264 total
: 109248K->18333K(109248K), 0.0131096 secs] 265217K->174302K(502464K), 0.0132304 secs] [Times: user=0.04 sys=0.00, real=0.02 secs] 
Heap after GC invocations=19880 (full 20):
 par new generation   total 109248K, used 18333K [0x00000007a0000000, 0x00000007a8000000, 0x00000007a8000000)
  eden space 87424K,   0% used [0x00000007a0000000, 0x00000007a0000000, 0x00000007a5560000)
  from space 21824K,  84% used [0x00000007a5560000, 0x00000007a6747680, 0x00000007a6ab0000)
  to   space 21824K,   0% used [0x00000007a6ab0000, 0x00000007a6ab0000, 0x00000007a8000000)
 concurrent mark-sweep generation total 393216K, used 155969K [0x00000007a8000000, 0x00000007c0000000, 0x00000007c0000000)
 Metaspace       used 43678K, capacity 44920K, committed 45100K, reserved 1089536K
  class space    used 5354K, capacity 5667K, committed 5676K, reserved 1048576K
}
2019-01-30T12:59:22.311+0600: 4959.880: Total time for which application threads were stopped: 0.0134732 seconds, Stopping threads took: 0.0000251 seconds
{Heap before GC invocations=19880 (full 20):
 par new generation   total 109248K, used 105757K [0x00000007a0000000, 0x00000007a8000000, 0x00000007a8000000)
  eden space 87424K, 100% used [0x00000007a0000000, 0x00000007a5560000, 0x00000007a5560000)
  from space 21824K,  84% used [0x00000007a5560000, 0x00000007a6747680, 0x00000007a6ab0000)
  to   space 21824K,   0% used [0x00000007a6ab0000, 0x00000007a6ab0000, 0x00000007a8000000)
 concurrent mark-sweep generation total 393216K, used 155969K [0x00000007a8000000, 0x00000007c0000000, 0x00000007c0000000)
 Metaspace       used 43678K, capacity 44920K, committed 45100K, reserved 1089536K
  class space    used 5354K, capacity 5667K, committed 5676K, reserved 1048576K
2019-01-30T12:59:22.504+0600: 4960.072: [GC (Allocation Failure) 2019-01-30T12:59:22.504+0600: 4960.073: [ParNew
Desired survivor size 20112992 bytes, new threshold 8 (max 8)
- age   1:    9458824 bytes,    9458824 total
- age   2:       1040 bytes,    9459864 total
- age   3:       1152 bytes,    9461016 total
: 105757K->13931K(109248K), 0.0109533 secs] 261726K->169900K(502464K), 0.0110650 secs] [Times: user=0.04 sys=0.00, real=0.01 secs] 
Heap after GC invocations=19881 (full 20):
 par new generation   total 109248K, used 13931K [0x00000007a0000000, 0x00000007a8000000, 0x00000007a8000000)
  eden space 87424K,   0% used [0x00000007a0000000, 0x00000007a0000000, 0x00000007a5560000)
  from space 21824K,  63% used [0x00000007a6ab0000, 0x00000007a784ae00, 0x00000007a8000000)
  to   space 21824K,   0% used [0x00000007a5560000, 0x00000007a5560000, 0x00000007a6ab0000)
 concurrent mark-sweep generation total 393216K, used 155969K [0x00000007a8000000, 0x00000007c0000000, 0x00000007c0000000)
 Metaspace       used 43678K, capacity 44920K, committed 45100K, reserved 1089536K
  class space    used 5354K, capacity 5667K, committed 5676K, reserved 1048576K
}
2019-01-30T12:59:22.515+0600: 4960.084: Total time for which application threads were stopped: 0.0113045 seconds, Stopping threads took: 0.0000219 seconds
{Heap before GC invocations=19881 (full 20):
 par new generation   total 109248K, used 101355K [0x00000007a0000000, 0x00000007a8000000, 0x00000007a8000000)
  eden space 87424K, 100% used [0x00000007a0000000, 0x00000007a5560000, 0x00000007a5560000)
  from space 21824K,  63% used [0x00000007a6ab0000, 0x00000007a784ae00, 0x00000007a8000000)
  to   space 21824K,   0% used [0x00000007a5560000, 0x00000007a5560000, 0x00000007a6ab0000)
 concurrent mark-sweep generation total 393216K, used 155969K [0x00000007a8000000, 0x00000007c0000000, 0x00000007c0000000)
 Metaspace       used 43678K, capacity 44920K, committed 45100K, reserved 1089536K
  class space    used 5354K, capacity 5667K, committed 5676K, reserved 1048576K
2019-01-30T12:59:22.714+0600: 4960.283: [GC (Allocation Failure) 2019-01-30T12:59:22.714+0600: 4960.283: [ParNew
Desired survivor size 20112992 bytes, new threshold 8 (max 8)
- age   1:    5886304 bytes,    5886304 total
- age   2:       1168 bytes,    5887472 total
- age   3:       1040 bytes,    5888512 total
- age   4:       1152 bytes,    5889664 total
: 101355K->9126K(109248K), 0.0082364 secs] 257324K->165095K(502464K), 0.0083464 secs] [Times: user=0.03 sys=0.00, real=0.01 secs] 
Heap after GC invocations=19882 (full 20):
 par new generation   total 109248K, used 9126K [0x00000007a0000000, 0x00000007a8000000, 0x00000007a8000000)
  eden space 87424K,   0% used [0x00000007a0000000, 0x00000007a0000000, 0x00000007a5560000)
  from space 21824K,  41% used [0x00000007a5560000, 0x00000007a5e49a10, 0x00000007a6ab0000)
  to   space 21824K,   0% used [0x00000007a6ab0000, 0x00000007a6ab0000, 0x00000007a8000000)
 concurrent mark-sweep generation total 393216K, used 155969K [0x00000007a8000000, 0x00000007c0000000, 0x00000007c0000000)
 Metaspace       used 43678K, capacity 44920K, committed 45100K, reserved 1089536K
  class space    used 5354K, capacity 5667K, committed 5676K, reserved 1048576K
}
2019-01-30T12:59:22.722+0600: 4960.291: Total time for which application threads were stopped: 0.0085828 seconds, Stopping threads took: 0.0000225 seconds
{Heap before GC invocations=19882 (full 20):
 par new generation   total 109248K, used 96550K [0x00000007a0000000, 0x00000007a8000000, 0x00000007a8000000)
  eden space 87424K, 100% used [0x00000007a0000000, 0x00000007a5560000, 0x00000007a5560000)
  from space 21824K,  41% used [0x00000007a5560000, 0x00000007a5e49a10, 0x00000007a6ab0000)
  to   space 21824K,   0% used [0x00000007a6ab0000, 0x00000007a6ab0000, 0x00000007a8000000)
 concurrent mark-sweep generation total 393216K, used 155969K [0x00000007a8000000, 0x00000007c0000000, 0x00000007c0000000)
 Metaspace       used 43678K, capacity 44920K, committed 45100K, reserved 1089536K
  class space    used 5354K, capacity 5667K, committed 5676K, reserved 1048576K
2019-01-30T12:59:22.920+0600: 4960.489: [GC (Allocation Failure) 2019-01-30T12:59:22.920+0600: 4960.489: [ParNew
Desired survivor size 20112992 bytes, new threshold 8 (max 8)
- age   1:    5873768 bytes,    5873768 total
- age   2:       1176 bytes,    5874944 total
- age   3:       1168 bytes,    5876112 total
- age   4:       1040 bytes,    5877152 total
- age   5:       1152 bytes,    5878304 total
: 96550K->5962K(109248K), 0.0081862 secs] 252519K->161931K(502464K), 0.0082899 secs] [Times: user=0.03 sys=0.00, real=0.00 secs] 
Heap after GC invocations=19883 (full 20):
 par new generation   total 109248K, used 5962K [0x00000007a0000000, 0x00000007a8000000, 0x00000007a8000000)
  eden space 87424K,   0% used [0x00000007a0000000, 0x00000007a0000000, 0x00000007a5560000)
  from space 21824K,  27% used [0x00000007a6ab0000, 0x00000007a7082888, 0x00000007a8000000)
  to   space 21824K,   0% used [0x00000007a5560000, 0x00000007a5560000, 0x00000007a6ab0000)
 concurrent mark-sweep generation total 393216K, used 155969K [0x00000007a8000000, 0x00000007c0000000, 0x00000007c0000000)
 Metaspace       used 43678K, capacity 44920K, committed 45100K, reserved 1089536K
  class space    used 5354K, capacity 5667K, committed 5676K, reserved 1048576K
}
2019-01-30T12:59:22.929+0600: 4960.498: Total time for which application threads were stopped: 0.0085328 seconds, Stopping threads took: 0.0000269 seconds
{Heap before GC invocations=19883 (full 20):
 par new generation   total 109248K, used 93386K [0x00000007a0000000, 0x00000007a8000000, 0x00000007a8000000)
  eden space 87424K, 100% used [0x00000007a0000000, 0x00000007a5560000, 0x00000007a5560000)
  from space 21824K,  27% used [0x00000007a6ab0000, 0x00000007a7082888, 0x00000007a8000000)
  to   space 21824K,   0% used [0x00000007a5560000, 0x00000007a5560000, 0x00000007a6ab0000)
 concurrent mark-sweep generation total 393216K, used 155969K [0x00000007a8000000, 0x00000007c0000000, 0x00000007c0000000)
 Metaspace       used 43678K, capacity 44920K, committed 45100K, reserved 1089536K
  class space    used 5354K, capacity 5667K, committed 5676K, reserved 1048576K
2019-01-30T12:59:23.128+0600: 4960.697: [GC (Allocation Failure) 2019-01-30T12:59:23.128+0600: 4960.697: [ParNew
Desired survivor size 20112992 bytes, new threshold 8 (max 8)
- age   1:   19011520 bytes,   19011520 total
- age   2:       1160 bytes,   19012680 total
- age   3:       1176 bytes,   19013856 total
- age   4:       1168 bytes,   19015024 total
- age   5:       1040 bytes,   19016064 total
- age   6:       1152 bytes,   19017216 total
: 93386K->20440K(109248K), 0.0170909 secs] 249355K->176409K(502464K), 0.0172168 secs] [Times: user=0.06 sys=0.00, real=0.02 secs] 
Heap after GC invocations=19884 (full 20):
 par new generation   total 109248K, used 20440K [0x00000007a0000000, 0x00000007a8000000, 0x00000007a8000000)
  eden space 87424K,   0% used [0x00000007a0000000, 0x00000007a0000000, 0x00000007a5560000)
  from space 21824K,  93% used [0x00000007a5560000, 0x00000007a69561c0, 0x00000007a6ab0000)
  to   space 21824K,   0% used [0x00000007a6ab0000, 0x00000007a6ab0000, 0x00000007a8000000)
 concurrent mark-sweep generation total 393216K, used 155969K [0x00000007a8000000, 0x00000007c0000000, 0x00000007c0000000)
 Metaspace       used 43678K, capacity 44920K, committed 45100K, reserved 1089536K
  class space    used 5354K, capacity 5667K, committed 5676K, reserved 1048576K
}
2019-01-30T12:59:23.146+0600: 4960.714: Total time for which application threads were stopped: 0.0174697 seconds, Stopping threads took: 0.0000254 seconds
{Heap before GC invocations=19884 (full 20):
 par new generation   total 109248K, used 107864K [0x00000007a0000000, 0x00000007a8000000, 0x00000007a8000000)
  eden space 87424K, 100% used [0x00000007a0000000, 0x00000007a5560000, 0x00000007a5560000)
  from space 21824K,  93% used [0x00000007a5560000, 0x00000007a69561c0, 0x00000007a6ab0000)
  to   space 21824K,   0% used [0x00000007a6ab0000, 0x00000007a6ab0000, 0x00000007a8000000)
 concurrent mark-sweep generation total 393216K, used 155969K [0x00000007a8000000, 0x00000007c0000000, 0x00000007c0000000)
 Metaspace       used 43678K, capacity 44920K, committed 45100K, reserved 1089536K
  class space    used 5354K, capacity 5667K, committed 5676K, reserved 1048576K
2019-01-30T12:59:23.338+0600: 4960.907: [GC (Allocation Failure) 2019-01-30T12:59:23.338+0600: 4960.907: [ParNew
Desired survivor size 20112992 bytes, new threshold 8 (max 8)
- age   1:   14619424 bytes,   14619424 total
- age   2:        904 bytes,   14620328 total
- age   3:       1160 bytes,   14621488 total
- age   4:       1176 bytes,   14622664 total
- age   5:       1168 bytes,   14623832 total
- age   6:       1040 bytes,   14624872 total
- age   7:       1152 bytes,   14626024 total
: 107864K->20786K(109248K), 0.0143435 secs] 263833K->176755K(502464K), 0.0144687 secs] [Times: user=0.06 sys=0.00, real=0.02 secs] 
Heap after GC invocations=19885 (full 20):
 par new generation   total 109248K, used 20786K [0x00000007a0000000, 0x00000007a8000000, 0x00000007a8000000)
  eden space 87424K,   0% used [0x00000007a0000000, 0x00000007a0000000, 0x00000007a5560000)
  from space 21824K,  95% used [0x00000007a6ab0000, 0x00000007a7efcae0, 0x00000007a8000000)
  to   space 21824K,   0% used [0x00000007a5560000, 0x00000007a5560000, 0x00000007a6ab0000)
 concurrent mark-sweep generation total 393216K, used 155969K [0x00000007a8000000, 0x00000007c0000000, 0x00000007c0000000)
 Metaspace       used 43678K, capacity 44920K, committed 45100K, reserved 1089536K
  class space    used 5354K, capacity 5667K, committed 5676K, reserved 1048576K
}
2019-01-30T12:59:23.352+0600: 4960.921: Total time for which application threads were stopped: 0.0147285 seconds, Stopping threads took: 0.0000243 seconds
{Heap before GC invocations=19885 (full 20):
 par new generation   total 109248K, used 108210K [0x00000007a0000000, 0x00000007a8000000, 0x00000007a8000000)
  eden space 87424K, 100% used [0x00000007a0000000, 0x00000007a5560000, 0x00000007a5560000)
  from space 21824K,  95% used [0x00000007a6ab0000, 0x00000007a7efcae0, 0x00000007a8000000)
  to   space 21824K,   0% used [0x00000007a5560000, 0x00000007a5560000, 0x00000007a6ab0000)
 concurrent mark-sweep generation total 393216K, used 155969K [0x00000007a8000000, 0x00000007c0000000, 0x00000007c0000000)
 Metaspace       used 43678K, capacity 44920K, committed 45100K, reserved 1089536K
  class space    used 5354K, capacity 5667K, committed 5676K, reserved 1048576K
2019-01-30T12:59:23.547+0600: 4961.115: [GC (Allocation Failure) 2019-01-30T12:59:23.547+0600: 4961.115: [ParNew
Desired survivor size 20112992 bytes, new threshold 8 (max 8)
- age   1:   11064160 bytes,   11064160 total
- age   2:       1064 bytes,   11065224 total
- age   3:        904 bytes,   11066128 total
- age   4:       1160 bytes,   11067288 total
- age   5:       1176 bytes,   11068464 total
- age   6:       1168 bytes,   11069632 total
- age   7:       1040 bytes,   11070672 total
- age   8:       1152 bytes,   11071824 total
: 108210K->16651K(109248K), 0.0119041 secs] 264179K->172620K(502464K), 0.0120271 secs] [Times: user=0.05 sys=0.00, real=0.01 secs] 
Heap after GC invocations=19886 (full 20):
 par new generation   total 109248K, used 16651K [0x00000007a0000000, 0x00000007a8000000, 0x00000007a8000000)
  eden space 87424K,   0% used [0x00000007a0000000, 0x00000007a0000000, 0x00000007a5560000)
  from space 21824K,  76% used [0x00000007a5560000, 0x00000007a65a2e00, 0x00000007a6ab0000)
  to   space 21824K,   0% used [0x00000007a6ab0000, 0x00000007a6ab0000, 0x00000007a8000000)
 concurrent mark-sweep generation total 393216K, used 155969K [0x00000007a8000000, 0x00000007c0000000, 0x00000007c0000000)
 Metaspace       used 43678K, capacity 44920K, committed 45100K, reserved 1089536K
  class space    used 5354K, capacity 5667K, committed 5676K, reserved 1048576K
}
2019-01-30T12:59:23.559+0600: 4961.128: Total time for which application threads were stopped: 0.0122787 seconds, Stopping threads took: 0.0000293 seconds
{Heap before GC invocations=19886 (full 20):
 par new generation   total 109248K, used 104075K [0x00000007a0000000, 0x00000007a8000000, 0x00000007a8000000)
  eden space 87424K, 100% used [0x00000007a0000000, 0x00000007a5560000, 0x00000007a5560000)
  from space 21824K,  76% used [0x00000007a5560000, 0x00000007a65a2e00, 0x00000007a6ab0000)
  to   space 21824K,   0% used [0x00000007a6ab0000, 0x00000007a6ab0000, 0x00000007a8000000)
 concurrent mark-sweep generation total 393216K, used 155969K [0x00000007a8000000, 0x00000007c0000000, 0x00000007c0000000)
 Metaspace       used 43678K, capacity 44920K, committed 45100K, reserved 1089536K
  class space    used 5354K, capacity 5667K, committed 5676K, reserved 1048576K
2019-01-30T12:59:23.757+0600: 4961.326: [GC (Allocation Failure) 2019-01-30T12:59:23.757+0600: 4961.326: [ParNew
Desired survivor size 20112992 bytes, new threshold 8 (max 8)
- age   1:    7700240 bytes,    7700240 total
- age   2:       1112 bytes,    7701352 total
- age   3:       1064 bytes,    7702416 total
- age   4:        904 bytes,    7703320 total
- age   5:       1160 bytes,    7704480 total
- age   6:       1176 bytes,    7705656 total
- age   7:       1168 bytes,    7706824 total
- age   8:       1040 bytes,    7707864 total
: 104075K->10765K(109248K), 0.0095779 secs] 260044K->166735K(502464K), 0.0096916 secs] [Times: user=0.03 sys=0.00, real=0.01 secs] 
Heap after GC invocations=19887 (full 20):
 par new generation   total 109248K, used 10765K [0x00000007a0000000, 0x00000007a8000000, 0x00000007a8000000)
  eden space 87424K,   0% used [0x00000007a0000000, 0x00000007a0000000, 0x00000007a5560000)
  from space 21824K,  49% used [0x00000007a6ab0000, 0x00000007a75334c8, 0x00000007a8000000)
  to   space 21824K,   0% used [0x00000007a5560000, 0x00000007a5560000, 0x00000007a6ab0000)
 concurrent mark-sweep generation total 393216K, used 155970K [0x00000007a8000000, 0x00000007c0000000, 0x00000007c0000000)
 Metaspace       used 43678K, capacity 44920K, committed 45100K, reserved 1089536K
  class space    used 5354K, capacity 5667K, committed 5676K, reserved 1048576K
}
2019-01-30T12:59:23.767+0600: 4961.336: Total time for which application threads were stopped: 0.0099313 seconds, Stopping threads took: 0.0000245 seconds
{Heap before GC invocations=19887 (full 20):
 par new generation   total 109248K, used 98189K [0x00000007a0000000, 0x00000007a8000000, 0x00000007a8000000)
  eden space 87424K, 100% used [0x00000007a0000000, 0x00000007a5560000, 0x00000007a5560000)
  from space 21824K,  49% used [0x00000007a6ab0000, 0x00000007a75334c8, 0x00000007a8000000)
  to   space 21824K,   0% used [0x00000007a5560000, 0x00000007a5560000, 0x00000007a6ab0000)
 concurrent mark-sweep generation total 393216K, used 155970K [0x00000007a8000000, 0x00000007c0000000, 0x00000007c0000000)
 Metaspace       used 43678K, capacity 44920K, committed 45100K, reserved 1089536K
  class space    used 5354K, capacity 5667K, committed 5676K, reserved 1048576K
2019-01-30T12:59:23.966+0600: 4961.535: [GC (Allocation Failure) 2019-01-30T12:59:23.966+0600: 4961.535: [ParNew
Desired survivor size 20112992 bytes, new threshold 8 (max 8)
- age   1:    5895128 bytes,    5895128 total
- age   2:       1120 bytes,    5896248 total
- age   3:       1112 bytes,    5897360 total
- age   4:       1064 bytes,    5898424 total
- age   5:        904 bytes,    5899328 total
- age   6:       1160 bytes,    5900488 total
- age   7:       1176 bytes,    5901664 total
- age   8:       1168 bytes,    5902832 total
: 98189K->9061K(109248K), 0.0088266 secs] 254159K->165033K(502464K), 0.0089386 secs] [Times: user=0.03 sys=0.00, real=0.01 secs] 
Heap after GC invocations=19888 (full 20):
 par new generation   total 109248K, used 9061K [0x00000007a0000000, 0x00000007a8000000, 0x00000007a8000000)
  eden space 87424K,   0% used [0x00000007a0000000, 0x00000007a0000000, 0x00000007a5560000)
  from space 21824K,  41% used [0x00000007a5560000, 0x00000007a5e396d0, 0x00000007a6ab0000)
  to   space 21824K,   0% used [0x00000007a6ab0000, 0x00000007a6ab0000, 0x00000007a8000000)
 concurrent mark-sweep generation total 393216K, used 155971K [0x00000007a8000000, 0x00000007c0000000, 0x00000007c0000000)
 Metaspace       used 43678K, capacity 44920K, committed 45100K, reserved 1089536K
  class space    used 5354K, capacity 5667K, committed 5676K, reserved 1048576K
}
2019-01-30T12:59:23.975+0600: 4961.544: Total time for which application threads were stopped: 0.0091843 seconds, Stopping threads took: 0.0000215 seconds
{Heap before GC invocations=19888 (full 20):
 par new generation   total 109248K, used 96485K [0x00000007a0000000, 0x00000007a8000000, 0x00000007a8000000)
  eden space 87424K, 100% used [0x00000007a0000000, 0x00000007a5560000, 0x00000007a5560000)
  from space 21824K,  41% used [0x00000007a5560000, 0x00000007a5e396d0, 0x00000007a6ab0000)
  to   space 21824K,   0% used [0x00000007a6ab0000, 0x00000007a6ab0000, 0x00000007a8000000)
 concurrent mark-sweep generation total 393216K, used 155971K [0x00000007a8000000, 0x00000007c0000000, 0x00000007c0000000)
 Metaspace       used 43678K, capacity 44920K, committed 45100K, reserved 1089536K
  class space    used 5354K, capacity 5667K, committed 5676K, reserved 1048576K
2019-01-30T12:59:24.177+0600: 4961.746: [GC (Allocation Failure) 2019-01-30T12:59:24.177+0600: 4961.746: [ParNew
Desired survivor size 20112992 bytes, new threshold 1 (max 8)
- age   1:   21116368 bytes,   21116368 total
- age   2:       1144 bytes,   21117512 total
- age   3:       1120 bytes,   21118632 total
- age   4:       1112 bytes,   21119744 total
- age   5:       1064 bytes,   21120808 total
- age   6:        904 bytes,   21121712 total
- age   7:       1160 bytes,   21122872 total
- age   8:       1176 bytes,   21124048 total
: 96485K->21614K(109248K), 0.0183604 secs] 252457K->177587K(502464K), 0.0184725 secs] [Times: user=0.07 sys=0.00, real=0.02 secs] 
Heap after GC invocations=19889 (full 20):
 par new generation   total 109248K, used 21614K [0x00000007a0000000, 0x00000007a8000000, 0x00000007a8000000)
  eden space 87424K,   0% used [0x00000007a0000000, 0x00000007a0000000, 0x00000007a5560000)
  from space 21824K,  99% used [0x00000007a6ab0000, 0x00000007a7fcba40, 0x00000007a8000000)
  to   space 21824K,   0% used [0x00000007a5560000, 0x00000007a5560000, 0x00000007a6ab0000)
 concurrent mark-sweep generation total 393216K, used 155972K [0x00000007a8000000, 0x00000007c0000000, 0x00000007c0000000)
 Metaspace       used 43678K, capacity 44920K, committed 45100K, reserved 1089536K
  class space    used 5354K, capacity 5667K, committed 5676K, reserved 1048576K
}
2019-01-30T12:59:24.195+0600: 4961.764: Total time for which application threads were stopped: 0.0187099 seconds, Stopping threads took: 0.0000235 seconds
{Heap before GC invocations=19889 (full 20):
 par new generation   total 109248K, used 109038K [0x00000007a0000000, 0x00000007a8000000, 0x00000007a8000000)
  eden space 87424K, 100% used [0x00000007a0000000, 0x00000007a5560000, 0x00000007a5560000)
  from space 21824K,  99% used [0x00000007a6ab0000, 0x00000007a7fcba40, 0x00000007a8000000)
  to   space 21824K,   0% used [0x00000007a5560000, 0x00000007a5560000, 0x00000007a6ab0000)
 concurrent mark-sweep generation total 393216K, used 155972K [0x00000007a8000000, 0x00000007c0000000, 0x00000007c0000000)
 Metaspace       used 43678K, capacity 44920K, committed 45100K, reserved 1089536K
  class space    used 5354K, capacity 5667K, committed 5676K, reserved 1048576K
2019-01-30T12:59:24.384+0600: 4961.953: [GC (Allocation Failure) 2019-01-30T12:59:24.384+0600: 4961.953: [ParNew
Desired survivor size 20112992 bytes, new threshold 8 (max 8)
- age   1:   15959360 bytes,   15959360 total
: 109038K->21824K(109248K), 0.0153090 secs] 265011K->177878K(502464K), 0.0154240 secs] [Times: user=0.06 sys=0.00, real=0.01 secs] 
Heap after GC invocations=19890 (full 20):
 par new generation   total 109248K, used 21824K [0x00000007a0000000, 0x00000007a8000000, 0x00000007a8000000)
  eden space 87424K,   0% used [0x00000007a0000000, 0x00000007a0000000, 0x00000007a5560000)
  from space 21824K, 100% used [0x00000007a5560000, 0x00000007a6ab0000, 0x00000007a6ab0000)
  to   space 21824K,   0% used [0x00000007a6ab0000, 0x00000007a6ab0000, 0x00000007a8000000)
 concurrent mark-sweep generation total 393216K, used 156054K [0x00000007a8000000, 0x00000007c0000000, 0x00000007c0000000)
 Metaspace       used 43678K, capacity 44920K, committed 45100K, reserved 1089536K
  class space    used 5354K, capacity 5667K, committed 5676K, reserved 1048576K
}
2019-01-30T12:59:24.399+0600: 4961.968: Total time for which application threads were stopped: 0.0156606 seconds, Stopping threads took: 0.0000242 seconds
{Heap before GC invocations=19890 (full 20):
 par new generation   total 109248K, used 109248K [0x00000007a0000000, 0x00000007a8000000, 0x00000007a8000000)
  eden space 87424K, 100% used [0x00000007a0000000, 0x00000007a5560000, 0x00000007a5560000)
  from space 21824K, 100% used [0x00000007a5560000, 0x00000007a6ab0000, 0x00000007a6ab0000)
  to   space 21824K,   0% used [0x00000007a6ab0000, 0x00000007a6ab0000, 0x00000007a8000000)
 concurrent mark-sweep generation total 393216K, used 156054K [0x00000007a8000000, 0x00000007c0000000, 0x00000007c0000000)
 Metaspace       used 43678K, capacity 44920K, committed 45100K, reserved 1089536K
  class space    used 5354K, capacity 5667K, committed 5676K, reserved 1048576K
2019-01-30T12:59:24.594+0600: 4962.162: [GC (Allocation Failure) 2019-01-30T12:59:24.594+0600: 4962.162: [ParNew
Desired survivor size 20112992 bytes, new threshold 8 (max 8)
- age   1:   12722216 bytes,   12722216 total
- age   2:       1784 bytes,   12724000 total
: 109248K->18162K(109248K), 0.0136209 secs] 265302K->174216K(502464K), 0.0137349 secs] [Times: user=0.05 sys=0.00, real=0.01 secs] 
Heap after GC invocations=19891 (full 20):
 par new generation   total 109248K, used 18162K [0x00000007a0000000, 0x00000007a8000000, 0x00000007a8000000)
  eden space 87424K,   0% used [0x00000007a0000000, 0x00000007a0000000, 0x00000007a5560000)
  from space 21824K,  83% used [0x00000007a6ab0000, 0x00000007a7c6ca40, 0x00000007a8000000)
  to   space 21824K,   0% used [0x00000007a5560000, 0x00000007a5560000, 0x00000007a6ab0000)
 concurrent mark-sweep generation total 393216K, used 156054K [0x00000007a8000000, 0x00000007c0000000, 0x00000007c0000000)
 Metaspace       used 43678K, capacity 44920K, committed 45100K, reserved 1089536K
  class space    used 5354K, capacity 5667K, committed 5676K, reserved 1048576K
}
2019-01-30T12:59:24.607+0600: 4962.176: Total time for which application threads were stopped: 0.0139830 seconds, Stopping threads took: 0.0000239 seconds
{Heap before GC invocations=19891 (full 20):
 par new generation   total 109248K, used 105586K [0x00000007a0000000, 0x00000007a8000000, 0x00000007a8000000)
  eden space 87424K, 100% used [0x00000007a0000000, 0x00000007a5560000, 0x00000007a5560000)
  from space 21824K,  83% used [0x00000007a6ab0000, 0x00000007a7c6ca40, 0x00000007a8000000)
  to   space 21824K,   0% used [0x00000007a5560000, 0x00000007a5560000, 0x00000007a6ab0000)
 concurrent mark-sweep generation total 393216K, used 156054K [0x00000007a8000000, 0x00000007c0000000, 0x00000007c0000000)
 Metaspace       used 43678K, capacity 44920K, committed 45100K, reserved 1089536K
  class space    used 5354K, capacity 5667K, committed 5676K, reserved 1048576K
2019-01-30T12:59:24.826+0600: 4962.395: [GC (Allocation Failure) 2019-01-30T12:59:24.826+0600: 4962.395: [ParNew
Desired survivor size 20112992 bytes, new threshold 8 (max 8)
- age   1:    9444648 bytes,    9444648 total
- age   2:       1040 bytes,    9445688 total
- age   3:       1784 bytes,    9447472 total
: 105586K->13860K(109248K), 0.0107467 secs] 261640K->169914K(502464K), 0.0108636 secs] [Times: user=0.04 sys=0.00, real=0.01 secs] 
Heap after GC invocations=19892 (full 20):
 par new generation   total 109248K, used 13860K [0x00000007a0000000, 0x00000007a8000000, 0x00000007a8000000)
  eden space 87424K,   0% used [0x00000007a0000000, 0x00000007a0000000, 0x00000007a5560000)
  from space 21824K,  63% used [0x00000007a5560000, 0x00000007a62e9000, 0x00000007a6ab0000)
  to   space 21824K,   0% used [0x00000007a6ab0000, 0x00000007a6ab0000, 0x00000007a8000000)
 concurrent mark-sweep generation total 393216K, used 156054K [0x00000007a8000000, 0x00000007c0000000, 0x00000007c0000000)
 Metaspace       used 43678K, capacity 44920K, committed 45100K, reserved 1089536K
  class space    used 5354K, capacity 5667K, committed 5676K, reserved 1048576K
}
2019-01-30T12:59:24.837+0600: 4962.406: Total time for which application threads were stopped: 0.0111102 seconds, Stopping threads took: 0.0000267 seconds
{Heap before GC invocations=19892 (full 20):
 par new generation   total 109248K, used 101284K [0x00000007a0000000, 0x00000007a8000000, 0x00000007a8000000)
  eden space 87424K, 100% used [0x00000007a0000000, 0x00000007a5560000, 0x00000007a5560000)
  from space 21824K,  63% used [0x00000007a5560000, 0x00000007a62e9000, 0x00000007a6ab0000)
  to   space 21824K,   0% used [0x00000007a6ab0000, 0x00000007a6ab0000, 0x00000007a8000000)
 concurrent mark-sweep generation total 393216K, used 156054K [0x00000007a8000000, 0x00000007c0000000, 0x00000007c0000000)
 Metaspace       used 43678K, capacity 44920K, committed 45100K, reserved 1089536K
  class space    used 5354K, capacity 5667K, committed 5676K, reserved 1048576K
2019-01-30T12:59:25.041+0600: 4962.610: [GC (Allocation Failure) 2019-01-30T12:59:25.041+0600: 4962.610: [ParNew
Desired survivor size 20112992 bytes, new threshold 8 (max 8)
- age   1:    5868984 bytes,    5868984 total
- age   2:       1160 bytes,    5870144 total
- age   3:       1040 bytes,    5871184 total
- age   4:       1784 bytes,    5872968 total
: 101284K->7082K(109248K), 0.0098873 secs] 257338K->163136K(502464K), 0.0099931 secs] [Times: user=0.02 sys=0.00, real=0.01 secs] 
Heap after GC invocations=19893 (full 20):
 par new generation   total 109248K, used 7082K [0x00000007a0000000, 0x00000007a8000000, 0x00000007a8000000)
  eden space 87424K,   0% used [0x00000007a0000000, 0x00000007a0000000, 0x00000007a5560000)
  from space 21824K,  32% used [0x00000007a6ab0000, 0x00000007a719aa10, 0x00000007a8000000)
  to   space 21824K,   0% used [0x00000007a5560000, 0x00000007a5560000, 0x00000007a6ab0000)
 concurrent mark-sweep generation total 393216K, used 156054K [0x00000007a8000000, 0x00000007c0000000, 0x00000007c0000000)
 Metaspace       used 43678K, capacity 44920K, committed 45100K, reserved 1089536K
  class space    used 5354K, capacity 5667K, committed 5676K, reserved 1048576K
}
2019-01-30T12:59:25.051+0600: 4962.620: Total time for which application threads were stopped: 0.0102426 seconds, Stopping threads took: 0.0000226 seconds
{Heap before GC invocations=19893 (full 20):
 par new generation   total 109248K, used 94506K [0x00000007a0000000, 0x00000007a8000000, 0x00000007a8000000)
  eden space 87424K, 100% used [0x00000007a0000000, 0x00000007a5560000, 0x00000007a5560000)
  from space 21824K,  32% used [0x00000007a6ab0000, 0x00000007a719aa10, 0x00000007a8000000)
  to   space 21824K,   0% used [0x00000007a5560000, 0x00000007a5560000, 0x00000007a6ab0000)
 concurrent mark-sweep generation total 393216K, used 156054K [0x00000007a8000000, 0x00000007c0000000, 0x00000007c0000000)
 Metaspace       used 43678K, capacity 44920K, committed 45100K, reserved 1089536K
  class space    used 5354K, capacity 5667K, committed 5676K, reserved 1048576K
2019-01-30T12:59:25.262+0600: 4962.831: [GC (Allocation Failure) 2019-01-30T12:59:25.262+0600: 4962.831: [ParNew
Desired survivor size 20112992 bytes, new threshold 8 (max 8)
- age   1:    5865760 bytes,    5865760 total
- age   2:       1192 bytes,    5866952 total
- age   3:       1160 bytes,    5868112 total
- age   4:       1040 bytes,    5869152 total
- age   5:       1784 bytes,    5870936 total
: 94506K->6576K(109248K), 0.0086149 secs] 250560K->162631K(502464K), 0.0087255 secs] [Times: user=0.03 sys=0.00, real=0.01 secs] 
Heap after GC invocations=19894 (full 20):
 par new generation   total 109248K, used 6576K [0x00000007a0000000, 0x00000007a8000000, 0x00000007a8000000)
  eden space 87424K,   0% used [0x00000007a0000000, 0x00000007a0000000, 0x00000007a5560000)
  from space 21824K,  30% used [0x00000007a5560000, 0x00000007a5bcc3d0, 0x00000007a6ab0000)
  to   space 21824K,   0% used [0x00000007a6ab0000, 0x00000007a6ab0000, 0x00000007a8000000)
 concurrent mark-sweep generation total 393216K, used 156054K [0x00000007a8000000, 0x00000007c0000000, 0x00000007c0000000)
 Metaspace       used 43678K, capacity 44920K, committed 45100K, reserved 1089536K
  class space    used 5354K, capacity 5667K, committed 5676K, reserved 1048576K
}
2019-01-30T12:59:25.271+0600: 4962.840: Total time for which application threads were stopped: 0.0089719 seconds, Stopping threads took: 0.0000226 seconds
{Heap before GC invocations=19894 (full 20):
 par new generation   total 109248K, used 94000K [0x00000007a0000000, 0x00000007a8000000, 0x00000007a8000000)
  eden space 87424K, 100% used [0x00000007a0000000, 0x00000007a5560000, 0x00000007a5560000)
  from space 21824K,  30% used [0x00000007a5560000, 0x00000007a5bcc3d0, 0x00000007a6ab0000)
  to   space 21824K,   0% used [0x00000007a6ab0000, 0x00000007a6ab0000, 0x00000007a8000000)
 concurrent mark-sweep generation total 393216K, used 156054K [0x00000007a8000000, 0x00000007c0000000, 0x00000007c0000000)
 Metaspace       used 43678K, capacity 44920K, committed 45100K, reserved 1089536K
  class space    used 5354K, capacity 5667K, committed 5676K, reserved 1048576K
2019-01-30T12:59:25.492+0600: 4963.061: [GC (Allocation Failure) 2019-01-30T12:59:25.492+0600: 4963.061: [ParNew
Desired survivor size 20112992 bytes, new threshold 8 (max 8)
- age   1:   19000200 bytes,   19000200 total
- age   2:       1192 bytes,   19001392 total
- age   3:       1192 bytes,   19002584 total
- age   4:       1160 bytes,   19003744 total
- age   5:       1040 bytes,   19004784 total
- age   6:       1784 bytes,   19006568 total
: 94000K->21000K(109248K), 0.0174170 secs] 250055K->177054K(502464K), 0.0175228 secs] [Times: user=0.07 sys=0.00, real=0.01 secs] 
Heap after GC invocations=19895 (full 20):
 par new generation   total 109248K, used 21000K [0x00000007a0000000, 0x00000007a8000000, 0x00000007a8000000)
  eden space 87424K,   0% used [0x00000007a0000000, 0x00000007a0000000, 0x00000007a5560000)
  from space 21824K,  96% used [0x00000007a6ab0000, 0x00000007a7f32240, 0x00000007a8000000)
  to   space 21824K,   0% used [0x00000007a5560000, 0x00000007a5560000, 0x00000007a6ab0000)
 concurrent mark-sweep generation total 393216K, used 156054K [0x00000007a8000000, 0x00000007c0000000, 0x00000007c0000000)
 Metaspace       used 43678K, capacity 44920K, committed 45100K, reserved 1089536K
  class space    used 5354K, capacity 5667K, committed 5676K, reserved 1048576K
}
2019-01-30T12:59:25.509+0600: 4963.078: Total time for which application threads were stopped: 0.0177447 seconds, Stopping threads took: 0.0000227 seconds
{Heap before GC invocations=19895 (full 20):
 par new generation   total 109248K, used 108424K [0x00000007a0000000, 0x00000007a8000000, 0x00000007a8000000)
  eden space 87424K, 100% used [0x00000007a0000000, 0x00000007a5560000, 0x00000007a5560000)
  from space 21824K,  96% used [0x00000007a6ab0000, 0x00000007a7f32240, 0x00000007a8000000)
  to   space 21824K,   0% used [0x00000007a5560000, 0x00000007a5560000, 0x00000007a6ab0000)
 concurrent mark-sweep generation total 393216K, used 156054K [0x00000007a8000000, 0x00000007c0000000, 0x00000007c0000000)
 Metaspace       used 43678K, capacity 44920K, committed 45100K, reserved 1089536K
  class space    used 5354K, capacity 5667K, committed 5676K, reserved 1048576K
2019-01-30T12:59:25.706+0600: 4963.275: [GC (Allocation Failure) 2019-01-30T12:59:25.706+0600: 4963.275: [ParNew
Desired survivor size 20112992 bytes, new threshold 8 (max 8)
- age   1:   14619576 bytes,   14619576 total
- age   2:        968 bytes,   14620544 total
- age   3:       1192 bytes,   14621736 total
- age   4:       1192 bytes,   14622928 total
- age   5:       1160 bytes,   14624088 total
- age   6:       1040 bytes,   14625128 total
- age   7:       1784 bytes,   14626912 total
: 108424K->20834K(109248K), 0.0142698 secs] 264478K->176888K(502464K), 0.0143894 secs] [Times: user=0.06 sys=0.00, real=0.02 secs] 
Heap after GC invocations=19896 (full 20):
 par new generation   total 109248K, used 20834K [0x00000007a0000000, 0x00000007a8000000, 0x00000007a8000000)
  eden space 87424K,   0% used [0x00000007a0000000, 0x00000007a0000000, 0x00000007a5560000)
  from space 21824K,  95% used [0x00000007a5560000, 0x00000007a69b8968, 0x00000007a6ab0000)
  to   space 21824K,   0% used [0x00000007a6ab0000, 0x00000007a6ab0000, 0x00000007a8000000)
 concurrent mark-sweep generation total 393216K, used 156054K [0x00000007a8000000, 0x00000007c0000000, 0x00000007c0000000)
 Metaspace       used 43678K, capacity 44920K, committed 45100K, reserved 1089536K
  class space    used 5354K, capacity 5667K, committed 5676K, reserved 1048576K
}
2019-01-30T12:59:25.721+0600: 4963.289: Total time for which application threads were stopped: 0.0146309 seconds, Stopping threads took: 0.0000259 seconds
{Heap before GC invocations=19896 (full 20):
 par new generation   total 109248K, used 108258K [0x00000007a0000000, 0x00000007a8000000, 0x00000007a8000000)
  eden space 87424K, 100% used [0x00000007a0000000, 0x00000007a5560000, 0x00000007a5560000)
  from space 21824K,  95% used [0x00000007a5560000, 0x00000007a69b8968, 0x00000007a6ab0000)
  to   space 21824K,   0% used [0x00000007a6ab0000, 0x00000007a6ab0000, 0x00000007a8000000)
 concurrent mark-sweep generation total 393216K, used 156054K [0x00000007a8000000, 0x00000007c0000000, 0x00000007c0000000)
 Metaspace       used 43678K, capacity 44920K, committed 45100K, reserved 1089536K
  class space    used 5354K, capacity 5667K, committed 5676K, reserved 1048576K
2019-01-30T12:59:25.916+0600: 4963.485: [GC (Allocation Failure) 2019-01-30T12:59:25.916+0600: 4963.485: [ParNew
Desired survivor size 20112992 bytes, new threshold 8 (max 8)
- age   1:   11064328 bytes,   11064328 total
- age   2:       1048 bytes,   11065376 total
- age   3:        968 bytes,   11066344 total
- age   4:       1192 bytes,   11067536 total
- age   5:       1192 bytes,   11068728 total
- age   6:       1160 bytes,   11069888 total
- age   7:       1040 bytes,   11070928 total
- age   8:       1784 bytes,   11072712 total
: 108258K->16665K(109248K), 0.0119641 secs] 264312K->172719K(502464K), 0.0120821 secs] [Times: user=0.05 sys=0.01, real=0.01 secs] 
Heap after GC invocations=19897 (full 20):
 par new generation   total 109248K, used 16665K [0x00000007a0000000, 0x00000007a8000000, 0x00000007a8000000)
  eden space 87424K,   0% used [0x00000007a0000000, 0x00000007a0000000, 0x00000007a5560000)
  from space 21824K,  76% used [0x00000007a6ab0000, 0x00000007a7af6700, 0x00000007a8000000)
  to   space 21824K,   0% used [0x00000007a5560000, 0x00000007a5560000, 0x00000007a6ab0000)
 concurrent mark-sweep generation total 393216K, used 156054K [0x00000007a8000000, 0x00000007c0000000, 0x00000007c0000000)
 Metaspace       used 43678K, capacity 44920K, committed 45100K, reserved 1089536K
  class space    used 5354K, capacity 5667K, committed 5676K, reserved 1048576K
}
2019-01-30T12:59:25.928+0600: 4963.497: Total time for which application threads were stopped: 0.0123337 seconds, Stopping threads took: 0.0000255 seconds
{Heap before GC invocations=19897 (full 20):
 par new generation   total 109248K, used 104089K [0x00000007a0000000, 0x00000007a8000000, 0x00000007a8000000)
  eden space 87424K, 100% used [0x00000007a0000000, 0x00000007a5560000, 0x00000007a5560000)
  from space 21824K,  76% used [0x00000007a6ab0000, 0x00000007a7af6700, 0x00000007a8000000)
  to   space 21824K,   0% used [0x00000007a5560000, 0x00000007a5560000, 0x00000007a6ab0000)
 concurrent mark-sweep generation total 393216K, used 156054K [0x00000007a8000000, 0x00000007c0000000, 0x00000007c0000000)
 Metaspace       used 43678K, capacity 44920K, committed 45100K, reserved 1089536K
  class space    used 5354K, capacity 5667K, committed 5676K, reserved 1048576K
2019-01-30T12:59:26.145+0600: 4963.714: [GC (Allocation Failure) 2019-01-30T12:59:26.145+0600: 4963.714: [ParNew
Desired survivor size 20112992 bytes, new threshold 8 (max 8)
- age   1:    7700392 bytes,    7700392 total
- age   2:       1112 bytes,    7701504 total
- age   3:       1048 bytes,    7702552 total
- age   4:        968 bytes,    7703520 total
- age   5:       1192 bytes,    7704712 total
- age   6:       1192 bytes,    7705904 total
- age   7:       1160 bytes,    7707064 total
- age   8:       1040 bytes,    7708104 total
: 104089K->10769K(109248K), 0.0103256 secs] 260143K->166825K(502464K), 0.0104389 secs] [Times: user=0.04 sys=0.00, real=0.01 secs] 
Heap after GC invocations=19898 (full 20):
 par new generation   total 109248K, used 10769K [0x00000007a0000000, 0x00000007a8000000, 0x00000007a8000000)
  eden space 87424K,   0% used [0x00000007a0000000, 0x00000007a0000000, 0x00000007a5560000)
  from space 21824K,  49% used [0x00000007a5560000, 0x00000007a5fe4680, 0x00000007a6ab0000)
  to   space 21824K,   0% used [0x00000007a6ab0000, 0x00000007a6ab0000, 0x00000007a8000000)
 concurrent mark-sweep generation total 393216K, used 156055K [0x00000007a8000000, 0x00000007c0000000, 0x00000007c0000000)
 Metaspace       used 43678K, capacity 44920K, committed 45100K, reserved 1089536K
  class space    used 5354K, capacity 5667K, committed 5676K, reserved 1048576K
}
2019-01-30T12:59:26.156+0600: 4963.724: Total time for which application threads were stopped: 0.0107660 seconds, Stopping threads took: 0.0000529 seconds
{Heap before GC invocations=19898 (full 20):
 par new generation   total 109248K, used 98193K [0x00000007a0000000, 0x00000007a8000000, 0x00000007a8000000)
  eden space 87424K, 100% used [0x00000007a0000000, 0x00000007a5560000, 0x00000007a5560000)
  from space 21824K,  49% used [0x00000007a5560000, 0x00000007a5fe4680, 0x00000007a6ab0000)
  to   space 21824K,   0% used [0x00000007a6ab0000, 0x00000007a6ab0000, 0x00000007a8000000)
 concurrent mark-sweep generation total 393216K, used 156055K [0x00000007a8000000, 0x00000007c0000000, 0x00000007c0000000)
 Metaspace       used 43678K, capacity 44920K, committed 45100K, reserved 1089536K
  class space    used 5354K, capacity 5667K, committed 5676K, reserved 1048576K
2019-01-30T12:59:26.359+0600: 4963.928: [GC (Allocation Failure) 2019-01-30T12:59:26.359+0600: 4963.928: [ParNew
Desired survivor size 20112992 bytes, new threshold 8 (max 8)
- age   1:    5895128 bytes,    5895128 total
- age   2:       1104 bytes,    5896232 total
- age   3:       1112 bytes,    5897344 total
- age   4:       1048 bytes,    5898392 total
- age   5:        968 bytes,    5899360 total
- age   6:       1192 bytes,    5900552 total
- age   7:       1192 bytes,    5901744 total
- age   8:       1160 bytes,    5902904 total
: 98193K->9062K(109248K), 0.0083034 secs] 254249K->165119K(502464K), 0.0084133 secs] [Times: user=0.03 sys=0.00, real=0.01 secs] 
Heap after GC invocations=19899 (full 20):
 par new generation   total 109248K, used 9062K [0x00000007a0000000, 0x00000007a8000000, 0x00000007a8000000)
  eden space 87424K,   0% used [0x00000007a0000000, 0x00000007a0000000, 0x00000007a5560000)
  from space 21824K,  41% used [0x00000007a6ab0000, 0x00000007a7389b90, 0x00000007a8000000)
  to   space 21824K,   0% used [0x00000007a5560000, 0x00000007a5560000, 0x00000007a6ab0000)
 concurrent mark-sweep generation total 393216K, used 156056K [0x00000007a8000000, 0x00000007c0000000, 0x00000007c0000000)
 Metaspace       used 43678K, capacity 44920K, committed 45100K, reserved 1089536K
  class space    used 5354K, capacity 5667K, committed 5676K, reserved 1048576K
}
2019-01-30T12:59:26.368+0600: 4963.937: Total time for which application threads were stopped: 0.0086754 seconds, Stopping threads took: 0.0000222 seconds
{Heap before GC invocations=19899 (full 20):
 par new generation   total 109248K, used 96486K [0x00000007a0000000, 0x00000007a8000000, 0x00000007a8000000)
  eden space 87424K, 100% used [0x00000007a0000000, 0x00000007a5560000, 0x00000007a5560000)
  from space 21824K,  41% used [0x00000007a6ab0000, 0x00000007a7389b90, 0x00000007a8000000)
  to   space 21824K,   0% used [0x00000007a5560000, 0x00000007a5560000, 0x00000007a6ab0000)
 concurrent mark-sweep generation total 393216K, used 156056K [0x00000007a8000000, 0x00000007c0000000, 0x00000007c0000000)
 Metaspace       used 43678K, capacity 44920K, committed 45100K, reserved 1089536K
  class space    used 5354K, capacity 5667K, committed 5676K, reserved 1048576K
2019-01-30T12:59:26.564+0600: 4964.133: [GC (Allocation Failure) 2019-01-30T12:59:26.564+0600: 4964.133: [ParNew
Desired survivor size 20112992 bytes, new threshold 1 (max 8)
- age   1:   21112968 bytes,   21112968 total
- age   2:       1088 bytes,   21114056 total
- age   3:       1104 bytes,   21115160 total
- age   4:       1112 bytes,   21116272 total
- age   5:       1048 bytes,   21117320 total
- age   6:        968 bytes,   21118288 total
- age   7:       1192 bytes,   21119480 total
- age   8:       1192 bytes,   21120672 total
: 96486K->21824K(109248K), 0.0185756 secs] 252543K->177882K(502464K), 0.0186885 secs] [Times: user=0.07 sys=0.01, real=0.02 secs] 
Heap after GC invocations=19900 (full 20):
 par new generation   total 109248K, used 21824K [0x00000007a0000000, 0x00000007a8000000, 0x00000007a8000000)
  eden space 87424K,   0% used [0x00000007a0000000, 0x00000007a0000000, 0x00000007a5560000)
  from space 21824K, 100% used [0x00000007a5560000, 0x00000007a6ab0000, 0x00000007a6ab0000)
  to   space 21824K,   0% used [0x00000007a6ab0000, 0x00000007a6ab0000, 0x00000007a8000000)
 concurrent mark-sweep generation total 393216K, used 156058K [0x00000007a8000000, 0x00000007c0000000, 0x00000007c0000000)
 Metaspace       used 43678K, capacity 44920K, committed 45100K, reserved 1089536K
  class space    used 5354K, capacity 5667K, committed 5676K, reserved 1048576K
}
2019-01-30T12:59:26.583+0600: 4964.151: Total time for which application threads were stopped: 0.0189456 seconds, Stopping threads took: 0.0000235 seconds
{Heap before GC invocations=19900 (full 20):
 par new generation   total 109248K, used 109248K [0x00000007a0000000, 0x00000007a8000000, 0x00000007a8000000)
  eden space 87424K, 100% used [0x00000007a0000000, 0x00000007a5560000, 0x00000007a5560000)
  from space 21824K, 100% used [0x00000007a5560000, 0x00000007a6ab0000, 0x00000007a6ab0000)
  to   space 21824K,   0% used [0x00000007a6ab0000, 0x00000007a6ab0000, 0x00000007a8000000)
 concurrent mark-sweep generation total 393216K, used 156058K [0x00000007a8000000, 0x00000007c0000000, 0x00000007c0000000)
 Metaspace       used 43678K, capacity 44920K, committed 45100K, reserved 1089536K
  class space    used 5354K, capacity 5667K, committed 5676K, reserved 1048576K
2019-01-30T12:59:26.775+0600: 4964.343: [GC (Allocation Failure) 2019-01-30T12:59:26.775+0600: 4964.344: [ParNew
Desired survivor size 20112992 bytes, new threshold 8 (max 8)
- age   1:   16034216 bytes,   16034216 total
: 109248K->21824K(109248K), 0.0152482 secs] 265306K->177890K(502464K), 0.0153646 secs] [Times: user=0.06 sys=0.00, real=0.02 secs] 
Heap after GC invocations=19901 (full 20):
 par new generation   total 109248K, used 21824K [0x00000007a0000000, 0x00000007a8000000, 0x00000007a8000000)
  eden space 87424K,   0% used [0x00000007a0000000, 0x00000007a0000000, 0x00000007a5560000)
  from space 21824K, 100% used [0x00000007a6ab0000, 0x00000007a8000000, 0x00000007a8000000)
  to   space 21824K,   0% used [0x00000007a5560000, 0x00000007a5560000, 0x00000007a6ab0000)
 concurrent mark-sweep generation total 393216K, used 156066K [0x00000007a8000000, 0x00000007c0000000, 0x00000007c0000000)
 Metaspace       used 43678K, capacity 44920K, committed 45100K, reserved 1089536K
  class space    used 5354K, capacity 5667K, committed 5676K, reserved 1048576K
}
2019-01-30T12:59:26.790+0600: 4964.359: Total time for which application threads were stopped: 0.0155997 seconds, Stopping threads took: 0.0000261 seconds
{Heap before GC invocations=19901 (full 20):
 par new generation   total 109248K, used 109248K [0x00000007a0000000, 0x00000007a8000000, 0x00000007a8000000)
  eden space 87424K, 100% used [0x00000007a0000000, 0x00000007a5560000, 0x00000007a5560000)
  from space 21824K, 100% used [0x00000007a6ab0000, 0x00000007a8000000, 0x00000007a8000000)
  to   space 21824K,   0% used [0x00000007a5560000, 0x00000007a5560000, 0x00000007a6ab0000)
 concurrent mark-sweep generation total 393216K, used 156066K [0x00000007a8000000, 0x00000007c0000000, 0x00000007c0000000)
 Metaspace       used 43678K, capacity 44920K, committed 45100K, reserved 1089536K
  class space    used 5354K, capacity 5667K, committed 5676K, reserved 1048576K
2019-01-30T12:59:26.981+0600: 4964.550: [GC (Allocation Failure) 2019-01-30T12:59:26.981+0600: 4964.550: [ParNew
Desired survivor size 20112992 bytes, new threshold 8 (max 8)
- age   1:   12718896 bytes,   12718896 total
- age   2:       1144 bytes,   12720040 total
: 109248K->18104K(109248K), 0.0129439 secs] 265314K->174171K(502464K), 0.0130578 secs] [Times: user=0.05 sys=0.00, real=0.01 secs] 
Heap after GC invocations=19902 (full 20):
 par new generation   total 109248K, used 18104K [0x00000007a0000000, 0x00000007a8000000, 0x00000007a8000000)
  eden space 87424K,   0% used [0x00000007a0000000, 0x00000007a0000000, 0x00000007a5560000)
  from space 21824K,  82% used [0x00000007a5560000, 0x00000007a670e180, 0x00000007a6ab0000)
  to   space 21824K,   0% used [0x00000007a6ab0000, 0x00000007a6ab0000, 0x00000007a8000000)
 concurrent mark-sweep generation total 393216K, used 156066K [0x00000007a8000000, 0x00000007c0000000, 0x00000007c0000000)
 Metaspace       used 43678K, capacity 44920K, committed 45100K, reserved 1089536K
  class space    used 5354K, capacity 5667K, committed 5676K, reserved 1048576K
}
2019-01-30T12:59:26.994+0600: 4964.563: Total time for which application threads were stopped: 0.0133017 seconds, Stopping threads took: 0.0000251 seconds
{Heap before GC invocations=19902 (full 20):
 par new generation   total 109248K, used 105528K [0x00000007a0000000, 0x00000007a8000000, 0x00000007a8000000)
  eden space 87424K, 100% used [0x00000007a0000000, 0x00000007a5560000, 0x00000007a5560000)
  from space 21824K,  82% used [0x00000007a5560000, 0x00000007a670e180, 0x00000007a6ab0000)
  to   space 21824K,   0% used [0x00000007a6ab0000, 0x00000007a6ab0000, 0x00000007a8000000)
 concurrent mark-sweep generation total 393216K, used 156066K [0x00000007a8000000, 0x00000007c0000000, 0x00000007c0000000)
 Metaspace       used 43678K, capacity 44920K, committed 45100K, reserved 1089536K
  class space    used 5354K, capacity 5667K, committed 5676K, reserved 1048576K
2019-01-30T12:59:27.201+0600: 4964.770: [GC (Allocation Failure) 2019-01-30T12:59:27.201+0600: 4964.770: [ParNew
Desired survivor size 20112992 bytes, new threshold 8 (max 8)
- age   1:    9414160 bytes,    9414160 total
- age   2:       1008 bytes,    9415168 total
- age   3:       1144 bytes,    9416312 total
: 105528K->13842K(109248K), 0.0110087 secs] 261595K->169909K(502464K), 0.0111347 secs] [Times: user=0.04 sys=0.00, real=0.01 secs] 
Heap after GC invocations=19903 (full 20):
 par new generation   total 109248K, used 13842K [0x00000007a0000000, 0x00000007a8000000, 0x00000007a8000000)
  eden space 87424K,   0% used [0x00000007a0000000, 0x00000007a0000000, 0x00000007a5560000)
  from space 21824K,  63% used [0x00000007a6ab0000, 0x00000007a7834a00, 0x00000007a8000000)
  to   space 21824K,   0% used [0x00000007a5560000, 0x00000007a5560000, 0x00000007a6ab0000)
 concurrent mark-sweep generation total 393216K, used 156066K [0x00000007a8000000, 0x00000007c0000000, 0x00000007c0000000)
 Metaspace       used 43678K, capacity 44920K, committed 45100K, reserved 1089536K
  class space    used 5354K, capacity 5667K, committed 5676K, reserved 1048576K
}
2019-01-30T12:59:27.212+0600: 4964.781: Total time for which application threads were stopped: 0.0114579 seconds, Stopping threads took: 0.0000217 seconds
{Heap before GC invocations=19903 (full 20):
 par new generation   total 109248K, used 101266K [0x00000007a0000000, 0x00000007a8000000, 0x00000007a8000000)
  eden space 87424K, 100% used [0x00000007a0000000, 0x00000007a5560000, 0x00000007a5560000)
  from space 21824K,  63% used [0x00000007a6ab0000, 0x00000007a7834a00, 0x00000007a8000000)
  to   space 21824K,   0% used [0x00000007a5560000, 0x00000007a5560000, 0x00000007a6ab0000)
 concurrent mark-sweep generation total 393216K, used 156066K [0x00000007a8000000, 0x00000007c0000000, 0x00000007c0000000)
 Metaspace       used 43678K, capacity 44920K, committed 45100K, reserved 1089536K
  class space    used 5354K, capacity 5667K, committed 5676K, reserved 1048576K
2019-01-30T12:59:27.406+0600: 4964.975: [GC (Allocation Failure) 2019-01-30T12:59:27.406+0600: 4964.975: [ParNew
Desired survivor size 20112992 bytes, new threshold 8 (max 8)
- age   1:    5865904 bytes,    5865904 total
- age   2:       1128 bytes,    5867032 total
- age   3:       1008 bytes,    5868040 total
- age   4:       1144 bytes,    5869184 total
: 101266K->9082K(109248K), 0.0082321 secs] 257333K->165149K(502464K), 0.0083371 secs] [Times: user=0.03 sys=0.00, real=0.01 secs] 
Heap after GC invocations=19904 (full 20):
 par new generation   total 109248K, used 9082K [0x00000007a0000000, 0x00000007a8000000, 0x00000007a8000000)
  eden space 87424K,   0% used [0x00000007a0000000, 0x00000007a0000000, 0x00000007a5560000)
  from space 21824K,  41% used [0x00000007a5560000, 0x00000007a5e3e9d0, 0x00000007a6ab0000)
  to   space 21824K,   0% used [0x00000007a6ab0000, 0x00000007a6ab0000, 0x00000007a8000000)
 concurrent mark-sweep generation total 393216K, used 156066K [0x00000007a8000000, 0x00000007c0000000, 0x00000007c0000000)
 Metaspace       used 43678K, capacity 44920K, committed 45100K, reserved 1089536K
  class space    used 5354K, capacity 5667K, committed 5676K, reserved 1048576K
}
2019-01-30T12:59:27.414+0600: 4964.983: Total time for which application threads were stopped: 0.0085814 seconds, Stopping threads took: 0.0000219 seconds
{Heap before GC invocations=19904 (full 20):
 par new generation   total 109248K, used 96506K [0x00000007a0000000, 0x00000007a8000000, 0x00000007a8000000)
  eden space 87424K, 100% used [0x00000007a0000000, 0x00000007a5560000, 0x00000007a5560000)
  from space 21824K,  41% used [0x00000007a5560000, 0x00000007a5e3e9d0, 0x00000007a6ab0000)
  to   space 21824K,   0% used [0x00000007a6ab0000, 0x00000007a6ab0000, 0x00000007a8000000)
 concurrent mark-sweep generation total 393216K, used 156066K [0x00000007a8000000, 0x00000007c0000000, 0x00000007c0000000)
 Metaspace       used 43678K, capacity 44920K, committed 45100K, reserved 1089536K
  class space    used 5354K, capacity 5667K, committed 5676K, reserved 1048576K
2019-01-30T12:59:27.622+0600: 4965.191: [GC (Allocation Failure) 2019-01-30T12:59:27.622+0600: 4965.191: [ParNew
Desired survivor size 20112992 bytes, new threshold 8 (max 8)
- age   1:    5874072 bytes,    5874072 total
- age   2:       1184 bytes,    5875256 total
- age   3:       1128 bytes,    5876384 total
- age   4:       1008 bytes,    5877392 total
- age   5:       1144 bytes,    5878536 total
: 96506K->6484K(109248K), 0.0083957 secs] 252573K->162551K(502464K), 0.0085151 secs] [Times: user=0.03 sys=0.00, real=0.01 secs] 
Heap after GC invocations=19905 (full 20):
 par new generation   total 109248K, used 6484K [0x00000007a0000000, 0x00000007a8000000, 0x00000007a8000000)
  eden space 87424K,   0% used [0x00000007a0000000, 0x00000007a0000000, 0x00000007a5560000)
  from space 21824K,  29% used [0x00000007a6ab0000, 0x00000007a7105240, 0x00000007a8000000)
  to   space 21824K,   0% used [0x00000007a5560000, 0x00000007a5560000, 0x00000007a6ab0000)
 concurrent mark-sweep generation total 393216K, used 156066K [0x00000007a8000000, 0x00000007c0000000, 0x00000007c0000000)
 Metaspace       used 43678K, capacity 44920K, committed 45100K, reserved 1089536K
  class space    used 5354K, capacity 5667K, committed 5676K, reserved 1048576K
}
2019-01-30T12:59:27.631+0600: 4965.199: Total time for which application threads were stopped: 0.0087724 seconds, Stopping threads took: 0.0000220 seconds
{Heap before GC invocations=19905 (full 20):
 par new generation   total 109248K, used 93908K [0x00000007a0000000, 0x00000007a8000000, 0x00000007a8000000)
  eden space 87424K, 100% used [0x00000007a0000000, 0x00000007a5560000, 0x00000007a5560000)
  from space 21824K,  29% used [0x00000007a6ab0000, 0x00000007a7105240, 0x00000007a8000000)
  to   space 21824K,   0% used [0x00000007a5560000, 0x00000007a5560000, 0x00000007a6ab0000)
 concurrent mark-sweep generation total 393216K, used 156066K [0x00000007a8000000, 0x00000007c0000000, 0x00000007c0000000)
 Metaspace       used 43678K, capacity 44920K, committed 45100K, reserved 1089536K
  class space    used 5354K, capacity 5667K, committed 5676K, reserved 1048576K
2019-01-30T12:59:27.822+0600: 4965.391: [GC (Allocation Failure) 2019-01-30T12:59:27.822+0600: 4965.391: [ParNew
Desired survivor size 20112992 bytes, new threshold 8 (max 8)
- age   1:   18929120 bytes,   18929120 total
- age   2:       1128 bytes,   18930248 total
- age   3:       1184 bytes,   18931432 total
- age   4:       1128 bytes,   18932560 total
- age   5:       1008 bytes,   18933568 total
- age   6:       1144 bytes,   18934712 total
: 93908K->20430K(109248K), 0.0168002 secs] 249975K->176497K(502464K), 0.0169133 secs] [Times: user=0.07 sys=0.00, real=0.01 secs] 
Heap after GC invocations=19906 (full 20):
 par new generation   total 109248K, used 20430K [0x00000007a0000000, 0x00000007a8000000, 0x00000007a8000000)
  eden space 87424K,   0% used [0x00000007a0000000, 0x00000007a0000000, 0x00000007a5560000)
  from space 21824K,  93% used [0x00000007a5560000, 0x00000007a6953a40, 0x00000007a6ab0000)
  to   space 21824K,   0% used [0x00000007a6ab0000, 0x00000007a6ab0000, 0x00000007a8000000)
 concurrent mark-sweep generation total 393216K, used 156066K [0x00000007a8000000, 0x00000007c0000000, 0x00000007c0000000)
 Metaspace       used 43678K, capacity 44920K, committed 45100K, reserved 1089536K
  class space    used 5354K, capacity 5667K, committed 5676K, reserved 1048576K
}
2019-01-30T12:59:27.839+0600: 4965.408: Total time for which application threads were stopped: 0.0171526 seconds, Stopping threads took: 0.0000246 seconds
{Heap before GC invocations=19906 (full 20):
 par new generation   total 109248K, used 107854K [0x00000007a0000000, 0x00000007a8000000, 0x00000007a8000000)
  eden space 87424K, 100% used [0x00000007a0000000, 0x00000007a5560000, 0x00000007a5560000)
  from space 21824K,  93% used [0x00000007a5560000, 0x00000007a6953a40, 0x00000007a6ab0000)
  to   space 21824K,   0% used [0x00000007a6ab0000, 0x00000007a6ab0000, 0x00000007a8000000)
 concurrent mark-sweep generation total 393216K, used 156066K [0x00000007a8000000, 0x00000007c0000000, 0x00000007c0000000)
 Metaspace       used 43678K, capacity 44920K, committed 45100K, reserved 1089536K
  class space    used 5354K, capacity 5667K, committed 5676K, reserved 1048576K
2019-01-30T12:59:28.040+0600: 4965.609: [GC (Allocation Failure) 2019-01-30T12:59:28.040+0600: 4965.609: [ParNew
Desired survivor size 20112992 bytes, new threshold 8 (max 8)
- age   1:   14619672 bytes,   14619672 total
- age   2:        952 bytes,   14620624 total
- age   3:       1128 bytes,   14621752 total
- age   4:       1184 bytes,   14622936 total
- age   5:       1128 bytes,   14624064 total
- age   6:       1008 bytes,   14625072 total
- age   7:       1144 bytes,   14626216 total
: 107854K->21824K(109248K), 0.0143544 secs] 263921K->177890K(502464K), 0.0144813 secs] [Times: user=0.05 sys=0.00, real=0.01 secs] 
Heap after GC invocations=19907 (full 20):
 par new generation   total 109248K, used 21824K [0x00000007a0000000, 0x00000007a8000000, 0x00000007a8000000)
  eden space 87424K,   0% used [0x00000007a0000000, 0x00000007a0000000, 0x00000007a5560000)
  from space 21824K, 100% used [0x00000007a6ab0000, 0x00000007a8000000, 0x00000007a8000000)
  to   space 21824K,   0% used [0x00000007a5560000, 0x00000007a5560000, 0x00000007a6ab0000)
 concurrent mark-sweep generation total 393216K, used 156066K [0x00000007a8000000, 0x00000007c0000000, 0x00000007c0000000)
 Metaspace       used 43678K, capacity 44920K, committed 45100K, reserved 1089536K
  class space    used 5354K, capacity 5667K, committed 5676K, reserved 1048576K
}
2019-01-30T12:59:28.054+0600: 4965.623: Total time for which application threads were stopped: 0.0147348 seconds, Stopping threads took: 0.0000253 seconds
{Heap before GC invocations=19907 (full 20):
 par new generation   total 109248K, used 109248K [0x00000007a0000000, 0x00000007a8000000, 0x00000007a8000000)
  eden space 87424K, 100% used [0x00000007a0000000, 0x00000007a5560000, 0x00000007a5560000)
  from space 21824K, 100% used [0x00000007a6ab0000, 0x00000007a8000000, 0x00000007a8000000)
  to   space 21824K,   0% used [0x00000007a5560000, 0x00000007a5560000, 0x00000007a6ab0000)
 concurrent mark-sweep generation total 393216K, used 156066K [0x00000007a8000000, 0x00000007c0000000, 0x00000007c0000000)
 Metaspace       used 43678K, capacity 44920K, committed 45100K, reserved 1089536K
  class space    used 5354K, capacity 5667K, committed 5676K, reserved 1048576K
2019-01-30T12:59:28.250+0600: 4965.819: [GC (Allocation Failure) 2019-01-30T12:59:28.250+0600: 4965.819: [ParNew
Desired survivor size 20112992 bytes, new threshold 8 (max 8)
- age   1:   11064544 bytes,   11064544 total
- age   2:        976 bytes,   11065520 total
- age   3:        952 bytes,   11066472 total
- age   4:       1128 bytes,   11067600 total
- age   5:       1184 bytes,   11068784 total
- age   6:       1128 bytes,   11069912 total
- age   7:       1008 bytes,   11070920 total
- age   8:       1144 bytes,   11072064 total
: 109248K->13050K(109248K), 0.0118956 secs] 265314K->169117K(502464K), 0.0120113 secs] [Times: user=0.05 sys=0.00, real=0.01 secs] 
Heap after GC invocations=19908 (full 20):
 par new generation   total 109248K, used 13050K [0x00000007a0000000, 0x00000007a8000000, 0x00000007a8000000)
  eden space 87424K,   0% used [0x00000007a0000000, 0x00000007a0000000, 0x00000007a5560000)
  from space 21824K,  59% used [0x00000007a5560000, 0x00000007a621e900, 0x00000007a6ab0000)
  to   space 21824K,   0% used [0x00000007a6ab0000, 0x00000007a6ab0000, 0x00000007a8000000)
 concurrent mark-sweep generation total 393216K, used 156066K [0x00000007a8000000, 0x00000007c0000000, 0x00000007c0000000)
 Metaspace       used 43678K, capacity 44920K, committed 45100K, reserved 1089536K
  class space    used 5354K, capacity 5667K, committed 5676K, reserved 1048576K
}
2019-01-30T12:59:28.262+0600: 4965.831: Total time for which application threads were stopped: 0.0122558 seconds, Stopping threads took: 0.0000260 seconds
{Heap before GC invocations=19908 (full 20):
 par new generation   total 109248K, used 100474K [0x00000007a0000000, 0x00000007a8000000, 0x00000007a8000000)
  eden space 87424K, 100% used [0x00000007a0000000, 0x00000007a5560000, 0x00000007a5560000)
  from space 21824K,  59% used [0x00000007a5560000, 0x00000007a621e900, 0x00000007a6ab0000)
  to   space 21824K,   0% used [0x00000007a6ab0000, 0x00000007a6ab0000, 0x00000007a8000000)
 concurrent mark-sweep generation total 393216K, used 156066K [0x00000007a8000000, 0x00000007c0000000, 0x00000007c0000000)
 Metaspace       used 43678K, capacity 44920K, committed 45100K, reserved 1089536K
  class space    used 5354K, capacity 5667K, committed 5676K, reserved 1048576K
2019-01-30T12:59:28.459+0600: 4966.028: [GC (Allocation Failure) 2019-01-30T12:59:28.459+0600: 4966.028: [ParNew
Desired survivor size 20112992 bytes, new threshold 8 (max 8)
- age   1:    7700608 bytes,    7700608 total
- age   2:       1160 bytes,    7701768 total
- age   3:        976 bytes,    7702744 total
- age   4:        952 bytes,    7703696 total
- age   5:       1128 bytes,    7704824 total
- age   6:       1184 bytes,    7706008 total
- age   7:       1128 bytes,    7707136 total
- age   8:       1008 bytes,    7708144 total
: 100474K->9740K(109248K), 0.0098506 secs] 256541K->165808K(502464K), 0.0099760 secs] [Times: user=0.03 sys=0.00, real=0.01 secs] 
Heap after GC invocations=19909 (full 20):
 par new generation   total 109248K, used 9740K [0x00000007a0000000, 0x00000007a8000000, 0x00000007a8000000)
  eden space 87424K,   0% used [0x00000007a0000000, 0x00000007a0000000, 0x00000007a5560000)
  from space 21824K,  44% used [0x00000007a6ab0000, 0x00000007a7433300, 0x00000007a8000000)
  to   space 21824K,   0% used [0x00000007a5560000, 0x00000007a5560000, 0x00000007a6ab0000)
 concurrent mark-sweep generation total 393216K, used 156067K [0x00000007a8000000, 0x00000007c0000000, 0x00000007c0000000)
 Metaspace       used 43678K, capacity 44920K, committed 45100K, reserved 1089536K
  class space    used 5354K, capacity 5667K, committed 5676K, reserved 1048576K
}
2019-01-30T12:59:28.469+0600: 4966.038: Total time for which application threads were stopped: 0.0102125 seconds, Stopping threads took: 0.0000215 seconds
{Heap before GC invocations=19909 (full 20):
 par new generation   total 109248K, used 97164K [0x00000007a0000000, 0x00000007a8000000, 0x00000007a8000000)
  eden space 87424K, 100% used [0x00000007a0000000, 0x00000007a5560000, 0x00000007a5560000)
  from space 21824K,  44% used [0x00000007a6ab0000, 0x00000007a7433300, 0x00000007a8000000)
  to   space 21824K,   0% used [0x00000007a5560000, 0x00000007a5560000, 0x00000007a6ab0000)
 concurrent mark-sweep generation total 393216K, used 156067K [0x00000007a8000000, 0x00000007c0000000, 0x00000007c0000000)
 Metaspace       used 43678K, capacity 44920K, committed 45100K, reserved 1089536K
  class space    used 5354K, capacity 5667K, committed 5676K, reserved 1048576K
2019-01-30T12:59:28.667+0600: 4966.236: [GC (Allocation Failure) 2019-01-30T12:59:28.667+0600: 4966.236: [ParNew
Desired survivor size 20112992 bytes, new threshold 8 (max 8)
- age   1:    5902136 bytes,    5902136 total
- age   2:       1152 bytes,    5903288 total
- age   3:       1160 bytes,    5904448 total
- age   4:        976 bytes,    5905424 total
- age   5:        952 bytes,    5906376 total
- age   6:       1128 bytes,    5907504 total
- age   7:       1184 bytes,    5908688 total
- age   8:       1128 bytes,    5909816 total
: 97164K->7887K(109248K), 0.0094253 secs] 253232K->163955K(502464K), 0.0095385 secs] [Times: user=0.03 sys=0.00, real=0.01 secs] 
Heap after GC invocations=19910 (full 20):
 par new generation   total 109248K, used 7887K [0x00000007a0000000, 0x00000007a8000000, 0x00000007a8000000)
  eden space 87424K,   0% used [0x00000007a0000000, 0x00000007a0000000, 0x00000007a5560000)
  from space 21824K,  36% used [0x00000007a5560000, 0x00000007a5d13c00, 0x00000007a6ab0000)
  to   space 21824K,   0% used [0x00000007a6ab0000, 0x00000007a6ab0000, 0x00000007a8000000)
 concurrent mark-sweep generation total 393216K, used 156068K [0x00000007a8000000, 0x00000007c0000000, 0x00000007c0000000)
 Metaspace       used 43678K, capacity 44920K, committed 45100K, reserved 1089536K
  class space    used 5354K, capacity 5667K, committed 5676K, reserved 1048576K
}
2019-01-30T12:59:28.677+0600: 4966.245: Total time for which application threads were stopped: 0.0097949 seconds, Stopping threads took: 0.0000258 seconds
{Heap before GC invocations=19910 (full 20):
 par new generation   total 109248K, used 95311K [0x00000007a0000000, 0x00000007a8000000, 0x00000007a8000000)
  eden space 87424K, 100% used [0x00000007a0000000, 0x00000007a5560000, 0x00000007a5560000)
  from space 21824K,  36% used [0x00000007a5560000, 0x00000007a5d13c00, 0x00000007a6ab0000)
  to   space 21824K,   0% used [0x00000007a6ab0000, 0x00000007a6ab0000, 0x00000007a8000000)
 concurrent mark-sweep generation total 393216K, used 156068K [0x00000007a8000000, 0x00000007c0000000, 0x00000007c0000000)
 Metaspace       used 43678K, capacity 44920K, committed 45100K, reserved 1089536K
  class space    used 5354K, capacity 5667K, committed 5676K, reserved 1048576K
2019-01-30T12:59:28.876+0600: 4966.444: [GC (Allocation Failure) 2019-01-30T12:59:28.876+0600: 4966.444: [ParNew
Desired survivor size 20112992 bytes, new threshold 1 (max 8)
- age   1:   21076720 bytes,   21076720 total
- age   2:       1136 bytes,   21077856 total
- age   3:       1152 bytes,   21079008 total
- age   4:       1160 bytes,   21080168 total
- age   5:        976 bytes,   21081144 total
- age   6:        952 bytes,   21082096 total
- age   7:       1128 bytes,   21083224 total
- age   8:       1184 bytes,   21084408 total
: 95311K->21474K(109248K), 0.0183369 secs] 251379K->177544K(502464K), 0.0184491 secs] [Times: user=0.07 sys=0.00, real=0.02 secs] 
Heap after GC invocations=19911 (full 20):
 par new generation   total 109248K, used 21474K [0x00000007a0000000, 0x00000007a8000000, 0x00000007a8000000)
  eden space 87424K,   0% used [0x00000007a0000000, 0x00000007a0000000, 0x00000007a5560000)
  from space 21824K,  98% used [0x00000007a6ab0000, 0x00000007a7fa8aa0, 0x00000007a8000000)
  to   space 21824K,   0% used [0x00000007a5560000, 0x00000007a5560000, 0x00000007a6ab0000)
 concurrent mark-sweep generation total 393216K, used 156070K [0x00000007a8000000, 0x00000007c0000000, 0x00000007c0000000)
 Metaspace       used 43678K, capacity 44920K, committed 45100K, reserved 1089536K
  class space    used 5354K, capacity 5667K, committed 5676K, reserved 1048576K
}
2019-01-30T12:59:28.894+0600: 4966.463: Total time for which application threads were stopped: 0.0186885 seconds, Stopping threads took: 0.0000228 seconds
{Heap before GC invocations=19911 (full 20):
 par new generation   total 109248K, used 108014K [0x00000007a0000000, 0x00000007a8000000, 0x00000007a8000000)
  eden space 87424K,  98% used [0x00000007a0000000, 0x00000007a5483078, 0x00000007a5560000)
  from space 21824K,  98% used [0x00000007a6ab0000, 0x00000007a7fa8aa0, 0x00000007a8000000)
  to   space 21824K,   0% used [0x00000007a5560000, 0x00000007a5560000, 0x00000007a6ab0000)
 concurrent mark-sweep generation total 393216K, used 156070K [0x00000007a8000000, 0x00000007c0000000, 0x00000007c0000000)
 Metaspace       used 43678K, capacity 44920K, committed 45100K, reserved 1089536K
  class space    used 5354K, capacity 5667K, committed 5676K, reserved 1048576K
2019-01-30T12:59:29.088+0600: 4966.657: [GC (Allocation Failure) 2019-01-30T12:59:29.088+0600: 4966.657: [ParNew
Desired survivor size 20112992 bytes, new threshold 8 (max 8)
- age   1:   15958632 bytes,   15958632 total
: 108014K->21824K(109248K), 0.0164566 secs] 264084K->177976K(502464K), 0.0165767 secs] [Times: user=0.05 sys=0.00, real=0.02 secs] 
Heap after GC invocations=19912 (full 20):
 par new generation   total 109248K, used 21824K [0x00000007a0000000, 0x00000007a8000000, 0x00000007a8000000)
  eden space 87424K,   0% used [0x00000007a0000000, 0x00000007a0000000, 0x00000007a5560000)
  from space 21824K, 100% used [0x00000007a5560000, 0x00000007a6ab0000, 0x00000007a6ab0000)
  to   space 21824K,   0% used [0x00000007a6ab0000, 0x00000007a6ab0000, 0x00000007a8000000)
 concurrent mark-sweep generation total 393216K, used 156152K [0x00000007a8000000, 0x00000007c0000000, 0x00000007c0000000)
 Metaspace       used 43678K, capacity 44920K, committed 45100K, reserved 1089536K
  class space    used 5354K, capacity 5667K, committed 5676K, reserved 1048576K
}
2019-01-30T12:59:29.104+0600: 4966.673: Total time for which application threads were stopped: 0.0168202 seconds, Stopping threads took: 0.0000250 seconds
{Heap before GC invocations=19912 (full 20):
 par new generation   total 109248K, used 109248K [0x00000007a0000000, 0x00000007a8000000, 0x00000007a8000000)
  eden space 87424K, 100% used [0x00000007a0000000, 0x00000007a5560000, 0x00000007a5560000)
  from space 21824K, 100% used [0x00000007a5560000, 0x00000007a6ab0000, 0x00000007a6ab0000)
  to   space 21824K,   0% used [0x00000007a6ab0000, 0x00000007a6ab0000, 0x00000007a8000000)
 concurrent mark-sweep generation total 393216K, used 156152K [0x00000007a8000000, 0x00000007c0000000, 0x00000007c0000000)
 Metaspace       used 43678K, capacity 44920K, committed 45100K, reserved 1089536K
  class space    used 5354K, capacity 5667K, committed 5676K, reserved 1048576K
2019-01-30T12:59:29.324+0600: 4966.893: [GC (Allocation Failure) 2019-01-30T12:59:29.324+0600: 4966.893: [ParNew
Desired survivor size 20112992 bytes, new threshold 8 (max 8)
- age   1:   12754568 bytes,   12754568 total
- age   2:       2544 bytes,   12757112 total
: 109248K->18308K(109248K), 0.0144894 secs] 265400K->174461K(502464K), 0.0152243 secs] [Times: user=0.05 sys=0.00, real=0.01 secs] 
Heap after GC invocations=19913 (full 20):
 par new generation   total 109248K, used 18308K [0x00000007a0000000, 0x00000007a8000000, 0x00000007a8000000)
  eden space 87424K,   0% used [0x00000007a0000000, 0x00000007a0000000, 0x00000007a5560000)
  from space 21824K,  83% used [0x00000007a6ab0000, 0x00000007a7c91100, 0x00000007a8000000)
  to   space 21824K,   0% used [0x00000007a5560000, 0x00000007a5560000, 0x00000007a6ab0000)
 concurrent mark-sweep generation total 393216K, used 156152K [0x00000007a8000000, 0x00000007c0000000, 0x00000007c0000000)
 Metaspace       used 43678K, capacity 44920K, committed 45100K, reserved 1089536K
  class space    used 5354K, capacity 5667K, committed 5676K, reserved 1048576K
}
2019-01-30T12:59:29.340+0600: 4966.908: Total time for which application threads were stopped: 0.0154912 seconds, Stopping threads took: 0.0000334 seconds
{Heap before GC invocations=19913 (full 20):
 par new generation   total 109248K, used 105732K [0x00000007a0000000, 0x00000007a8000000, 0x00000007a8000000)
  eden space 87424K, 100% used [0x00000007a0000000, 0x00000007a5560000, 0x00000007a5560000)
  from space 21824K,  83% used [0x00000007a6ab0000, 0x00000007a7c91100, 0x00000007a8000000)
  to   space 21824K,   0% used [0x00000007a5560000, 0x00000007a5560000, 0x00000007a6ab0000)
 concurrent mark-sweep generation total 393216K, used 156152K [0x00000007a8000000, 0x00000007c0000000, 0x00000007c0000000)
 Metaspace       used 43678K, capacity 44920K, committed 45100K, reserved 1089536K
  class space    used 5354K, capacity 5667K, committed 5676K, reserved 1048576K
2019-01-30T12:59:29.535+0600: 4967.104: [GC (Allocation Failure) 2019-01-30T12:59:29.535+0600: 4967.104: [ParNew
Desired survivor size 20112992 bytes, new threshold 8 (max 8)
- age   1:    9456384 bytes,    9456384 total
- age   2:       1024 bytes,    9457408 total
- age   3:       2544 bytes,    9459952 total
: 105732K->13920K(109248K), 0.0109869 secs] 261885K->170073K(502464K), 0.0111092 secs] [Times: user=0.04 sys=0.00, real=0.01 secs] 
Heap after GC invocations=19914 (full 20):
 par new generation   total 109248K, used 13920K [0x00000007a0000000, 0x00000007a8000000, 0x00000007a8000000)
  eden space 87424K,   0% used [0x00000007a0000000, 0x00000007a0000000, 0x00000007a5560000)
  from space 21824K,  63% used [0x00000007a5560000, 0x00000007a62f8280, 0x00000007a6ab0000)
  to   space 21824K,   0% used [0x00000007a6ab0000, 0x00000007a6ab0000, 0x00000007a8000000)
 concurrent mark-sweep generation total 393216K, used 156152K [0x00000007a8000000, 0x00000007c0000000, 0x00000007c0000000)
 Metaspace       used 43678K, capacity 44920K, committed 45100K, reserved 1089536K
  class space    used 5354K, capacity 5667K, committed 5676K, reserved 1048576K
}
2019-01-30T12:59:29.546+0600: 4967.115: Total time for which application threads were stopped: 0.0113520 seconds, Stopping threads took: 0.0000220 seconds
{Heap before GC invocations=19914 (full 20):
 par new generation   total 109248K, used 101344K [0x00000007a0000000, 0x00000007a8000000, 0x00000007a8000000)
  eden space 87424K, 100% used [0x00000007a0000000, 0x00000007a5560000, 0x00000007a5560000)
  from space 21824K,  63% used [0x00000007a5560000, 0x00000007a62f8280, 0x00000007a6ab0000)
  to   space 21824K,   0% used [0x00000007a6ab0000, 0x00000007a6ab0000, 0x00000007a8000000)
 concurrent mark-sweep generation total 393216K, used 156152K [0x00000007a8000000, 0x00000007c0000000, 0x00000007c0000000)
 Metaspace       used 43678K, capacity 44920K, committed 45100K, reserved 1089536K
  class space    used 5354K, capacity 5667K, committed 5676K, reserved 1048576K
2019-01-30T12:59:29.745+0600: 4967.314: [GC (Allocation Failure) 2019-01-30T12:59:29.745+0600: 4967.314: [ParNew
Desired survivor size 20112992 bytes, new threshold 8 (max 8)
- age   1:    5894344 bytes,    5894344 total
- age   2:       1168 bytes,    5895512 total
- age   3:       1024 bytes,    5896536 total
- age   4:       2544 bytes,    5899080 total
: 101344K->9123K(109248K), 0.0086146 secs] 257497K->165276K(502464K), 0.0087252 secs] [Times: user=0.03 sys=0.00, real=0.01 secs] 
Heap after GC invocations=19915 (full 20):
 par new generation   total 109248K, used 9123K [0x00000007a0000000, 0x00000007a8000000, 0x00000007a8000000)
  eden space 87424K,   0% used [0x00000007a0000000, 0x00000007a0000000, 0x00000007a5560000)
  from space 21824K,  41% used [0x00000007a6ab0000, 0x00000007a7398d10, 0x00000007a8000000)
  to   space 21824K,   0% used [0x00000007a5560000, 0x00000007a5560000, 0x00000007a6ab0000)
 concurrent mark-sweep generation total 393216K, used 156152K [0x00000007a8000000, 0x00000007c0000000, 0x00000007c0000000)
 Metaspace       used 43678K, capacity 44920K, committed 45100K, reserved 1089536K
  class space    used 5354K, capacity 5667K, committed 5676K, reserved 1048576K
}
2019-01-30T12:59:29.754+0600: 4967.323: Total time for which application threads were stopped: 0.0090143 seconds, Stopping threads took: 0.0000257 seconds
{Heap before GC invocations=19915 (full 20):
 par new generation   total 109248K, used 96547K [0x00000007a0000000, 0x00000007a8000000, 0x00000007a8000000)
  eden space 87424K, 100% used [0x00000007a0000000, 0x00000007a5560000, 0x00000007a5560000)
  from space 21824K,  41% used [0x00000007a6ab0000, 0x00000007a7398d10, 0x00000007a8000000)
  to   space 21824K,   0% used [0x00000007a5560000, 0x00000007a5560000, 0x00000007a6ab0000)
 concurrent mark-sweep generation total 393216K, used 156152K [0x00000007a8000000, 0x00000007c0000000, 0x00000007c0000000)
 Metaspace       used 43678K, capacity 44920K, committed 45100K, reserved 1089536K
  class space    used 5354K, capacity 5667K, committed 5676K, reserved 1048576K
2019-01-30T12:59:29.954+0600: 4967.523: [GC (Allocation Failure) 2019-01-30T12:59:29.954+0600: 4967.523: [ParNew
Desired survivor size 20112992 bytes, new threshold 8 (max 8)
- age   1:    5874240 bytes,    5874240 total
- age   2:       1128 bytes,    5875368 total
- age   3:       1168 bytes,    5876536 total
- age   4:       1024 bytes,    5877560 total
- age   5:       2544 bytes,    5880104 total
: 96547K->6515K(109248K), 0.0083454 secs] 252700K->162668K(502464K), 0.0084507 secs] [Times: user=0.03 sys=0.00, real=0.01 secs] 
Heap after GC invocations=19916 (full 20):
 par new generation   total 109248K, used 6515K [0x00000007a0000000, 0x00000007a8000000, 0x00000007a8000000)
  eden space 87424K,   0% used [0x00000007a0000000, 0x00000007a0000000, 0x00000007a5560000)
  from space 21824K,  29% used [0x00000007a5560000, 0x00000007a5bbce00, 0x00000007a6ab0000)
  to   space 21824K,   0% used [0x00000007a6ab0000, 0x00000007a6ab0000, 0x00000007a8000000)
 concurrent mark-sweep generation total 393216K, used 156152K [0x00000007a8000000, 0x00000007c0000000, 0x00000007c0000000)
 Metaspace       used 43678K, capacity 44920K, committed 45100K, reserved 1089536K
  class space    used 5354K, capacity 5667K, committed 5676K, reserved 1048576K
}
2019-01-30T12:59:29.963+0600: 4967.531: Total time for which application threads were stopped: 0.0086940 seconds, Stopping threads took: 0.0000221 seconds
{Heap before GC invocations=19916 (full 20):
 par new generation   total 109248K, used 93939K [0x00000007a0000000, 0x00000007a8000000, 0x00000007a8000000)
  eden space 87424K, 100% used [0x00000007a0000000, 0x00000007a5560000, 0x00000007a5560000)
  from space 21824K,  29% used [0x00000007a5560000, 0x00000007a5bbce00, 0x00000007a6ab0000)
  to   space 21824K,   0% used [0x00000007a6ab0000, 0x00000007a6ab0000, 0x00000007a8000000)
 concurrent mark-sweep generation total 393216K, used 156152K [0x00000007a8000000, 0x00000007c0000000, 0x00000007c0000000)
 Metaspace       used 43688K, capacity 44924K, committed 45100K, reserved 1089536K
  class space    used 5354K, capacity 5667K, committed 5676K, reserved 1048576K
2019-01-30T12:59:30.455+0600: 4968.024: [GC (Allocation Failure) 2019-01-30T12:59:30.455+0600: 4968.024: [ParNew
Desired survivor size 20112992 bytes, new threshold 1 (max 8)
- age   1:   22328872 bytes,   22328872 total
- age   2:       1128 bytes,   22330000 total
- age   3:       1128 bytes,   22331128 total
- age   4:       1168 bytes,   22332296 total
- age   5:       1024 bytes,   22333320 total
- age   6:       2544 bytes,   22335864 total
: 93939K->21824K(109248K), 0.1291427 secs] 250092K->190504K(502464K), 0.1292596 secs] [Times: user=0.31 sys=0.08, real=0.13 secs] 
Heap after GC invocations=19917 (full 20):
 par new generation   total 109248K, used 21824K [0x00000007a0000000, 0x00000007a8000000, 0x00000007a8000000)
  eden space 87424K,   0% used [0x00000007a0000000, 0x00000007a0000000, 0x00000007a5560000)
  from space 21824K, 100% used [0x00000007a6ab0000, 0x00000007a8000000, 0x00000007a8000000)
  to   space 21824K,   0% used [0x00000007a5560000, 0x00000007a5560000, 0x00000007a6ab0000)
 concurrent mark-sweep generation total 393216K, used 168680K [0x00000007a8000000, 0x00000007c0000000, 0x00000007c0000000)
 Metaspace       used 43688K, capacity 44924K, committed 45100K, reserved 1089536K
  class space    used 5354K, capacity 5667K, committed 5676K, reserved 1048576K
}
2019-01-30T12:59:30.584+0600: 4968.153: Total time for which application threads were stopped: 0.1295904 seconds, Stopping threads took: 0.0000199 seconds
2019-01-30T12:59:30.783+0600: 4968.352: Total time for which application threads were stopped: 0.0002943 seconds, Stopping threads took: 0.0000280 seconds
2019-01-30T12:59:30.805+0600: 4968.374: Total time for which application threads were stopped: 0.0002428 seconds, Stopping threads took: 0.0000989 seconds
2019-01-30T12:59:30.806+0600: 4968.375: Total time for which application threads were stopped: 0.0002639 seconds, Stopping threads took: 0.0000914 seconds
2019-01-30T12:59:30.809+0600: 4968.378: Total time for which application threads were stopped: 0.0002585 seconds, Stopping threads took: 0.0000793 seconds
2019-01-30T12:59:30.811+0600: 4968.380: Total time for which application threads were stopped: 0.0002045 seconds, Stopping threads took: 0.0000333 seconds
2019-01-30T12:59:30.815+0600: 4968.384: Total time for which application threads were stopped: 0.0002521 seconds, Stopping threads took: 0.0000988 seconds
2019-01-30T12:59:30.831+0600: 4968.399: Total time for which application threads were stopped: 0.0002164 seconds, Stopping threads took: 0.0000851 seconds
2019-01-30T12:59:30.832+0600: 4968.401: Total time for which application threads were stopped: 0.0002244 seconds, Stopping threads took: 0.0000955 seconds
2019-01-30T12:59:30.832+0600: 4968.401: Total time for which application threads were stopped: 0.0001432 seconds, Stopping threads took: 0.0000484 seconds
2019-01-30T12:59:30.832+0600: 4968.401: Total time for which application threads were stopped: 0.0001347 seconds, Stopping threads took: 0.0000481 seconds
2019-01-30T12:59:30.833+0600: 4968.401: Total time for which application threads were stopped: 0.0001465 seconds, Stopping threads took: 0.0000773 seconds
2019-01-30T12:59:30.833+0600: 4968.401: Total time for which application threads were stopped: 0.0001107 seconds, Stopping threads took: 0.0000439 seconds
2019-01-30T12:59:30.836+0600: 4968.404: Total time for which application threads were stopped: 0.0002235 seconds, Stopping threads took: 0.0001023 seconds
2019-01-30T12:59:30.861+0600: 4968.429: Total time for which application threads were stopped: 0.0002183 seconds, Stopping threads took: 0.0000839 seconds
2019-01-30T12:59:30.862+0600: 4968.431: Total time for which application threads were stopped: 0.0003255 seconds, Stopping threads took: 0.0000882 seconds
2019-01-30T12:59:30.866+0600: 4968.435: Total time for which application threads were stopped: 0.0002787 seconds, Stopping threads took: 0.0000724 seconds
2019-01-30T12:59:30.867+0600: 4968.435: Total time for which application threads were stopped: 0.0002197 seconds, Stopping threads took: 0.0001046 seconds
2019-01-30T12:59:30.891+0600: 4968.460: Total time for which application threads were stopped: 0.0011527 seconds, Stopping threads took: 0.0009518 seconds
2019-01-30T12:59:30.892+0600: 4968.460: Total time for which application threads were stopped: 0.0001943 seconds, Stopping threads took: 0.0000792 seconds
2019-01-30T12:59:30.893+0600: 4968.462: Total time for which application threads were stopped: 0.0001710 seconds, Stopping threads took: 0.0000477 seconds
2019-01-30T12:59:30.894+0600: 4968.463: Total time for which application threads were stopped: 0.0002723 seconds, Stopping threads took: 0.0000939 seconds
2019-01-30T12:59:30.895+0600: 4968.464: Total time for which application threads were stopped: 0.0001527 seconds, Stopping threads took: 0.0000310 seconds
2019-01-30T12:59:30.895+0600: 4968.464: Total time for which application threads were stopped: 0.0001655 seconds, Stopping threads took: 0.0000556 seconds
2019-01-30T12:59:30.896+0600: 4968.465: Total time for which application threads were stopped: 0.0001692 seconds, Stopping threads took: 0.0000525 seconds
2019-01-30T12:59:30.896+0600: 4968.465: Total time for which application threads were stopped: 0.0002256 seconds, Stopping threads took: 0.0000613 seconds
2019-01-30T12:59:30.897+0600: 4968.466: Total time for which application threads were stopped: 0.0002807 seconds, Stopping threads took: 0.0001260 seconds
2019-01-30T12:59:30.898+0600: 4968.467: Total time for which application threads were stopped: 0.0003440 seconds, Stopping threads took: 0.0002014 seconds
2019-01-30T12:59:30.898+0600: 4968.467: Total time for which application threads were stopped: 0.0001923 seconds, Stopping threads took: 0.0000369 seconds
2019-01-30T12:59:30.899+0600: 4968.467: Total time for which application threads were stopped: 0.0001612 seconds, Stopping threads took: 0.0000522 seconds
2019-01-30T12:59:30.900+0600: 4968.468: Total time for which application threads were stopped: 0.0001983 seconds, Stopping threads took: 0.0000336 seconds
2019-01-30T12:59:30.904+0600: 4968.472: Total time for which application threads were stopped: 0.0003828 seconds, Stopping threads took: 0.0001189 seconds
2019-01-30T12:59:30.904+0600: 4968.473: Total time for which application threads were stopped: 0.0002200 seconds, Stopping threads took: 0.0000780 seconds
2019-01-30T12:59:30.909+0600: 4968.478: Total time for which application threads were stopped: 0.0002837 seconds, Stopping threads took: 0.0000944 seconds
{Heap before GC invocations=19917 (full 20):
 par new generation   total 109248K, used 109248K [0x00000007a0000000, 0x00000007a8000000, 0x00000007a8000000)
  eden space 87424K, 100% used [0x00000007a0000000, 0x00000007a5560000, 0x00000007a5560000)
  from space 21824K, 100% used [0x00000007a6ab0000, 0x00000007a8000000, 0x00000007a8000000)
  to   space 21824K,   0% used [0x00000007a5560000, 0x00000007a5560000, 0x00000007a6ab0000)
 concurrent mark-sweep generation total 393216K, used 168680K [0x00000007a8000000, 0x00000007c0000000, 0x00000007c0000000)
 Metaspace       used 43847K, capacity 45216K, committed 45484K, reserved 1089536K
  class space    used 5368K, capacity 5685K, committed 5804K, reserved 1048576K
2019-01-30T12:59:30.939+0600: 4968.508: [GC (Allocation Failure) 2019-01-30T12:59:30.939+0600: 4968.508: [ParNew
Desired survivor size 20112992 bytes, new threshold 8 (max 8)
- age   1:     857544 bytes,     857544 total
: 109248K->15077K(109248K), 0.0502022 secs] 277928K->198290K(502464K), 0.0503067 secs] [Times: user=0.11 sys=0.05, real=0.06 secs] 
Heap after GC invocations=19918 (full 20):
 par new generation   total 109248K, used 15077K [0x00000007a0000000, 0x00000007a8000000, 0x00000007a8000000)
  eden space 87424K,   0% used [0x00000007a0000000, 0x00000007a0000000, 0x00000007a5560000)
  from space 21824K,  69% used [0x00000007a5560000, 0x00000007a64194c0, 0x00000007a6ab0000)
  to   space 21824K,   0% used [0x00000007a6ab0000, 0x00000007a6ab0000, 0x00000007a8000000)
 concurrent mark-sweep generation total 393216K, used 183212K [0x00000007a8000000, 0x00000007c0000000, 0x00000007c0000000)
 Metaspace       used 43847K, capacity 45216K, committed 45484K, reserved 1089536K
  class space    used 5368K, capacity 5685K, committed 5804K, reserved 1048576K
}
2019-01-30T12:59:30.990+0600: 4968.558: Total time for which application threads were stopped: 0.0505804 seconds, Stopping threads took: 0.0000673 seconds
2019-01-30T12:59:31.055+0600: 4968.623: Total time for which application threads were stopped: 0.0001940 seconds, Stopping threads took: 0.0000723 seconds
{Heap before GC invocations=19918 (full 20):
 par new generation   total 109248K, used 102501K [0x00000007a0000000, 0x00000007a8000000, 0x00000007a8000000)
  eden space 87424K, 100% used [0x00000007a0000000, 0x00000007a5560000, 0x00000007a5560000)
  from space 21824K,  69% used [0x00000007a5560000, 0x00000007a64194c0, 0x00000007a6ab0000)
  to   space 21824K,   0% used [0x00000007a6ab0000, 0x00000007a6ab0000, 0x00000007a8000000)
 concurrent mark-sweep generation total 393216K, used 183212K [0x00000007a8000000, 0x00000007c0000000, 0x00000007c0000000)
 Metaspace       used 43872K, capacity 45216K, committed 45484K, reserved 1089536K
  class space    used 5368K, capacity 5685K, committed 5804K, reserved 1048576K
2019-01-30T12:59:31.104+0600: 4968.672: [GC (Allocation Failure) 2019-01-30T12:59:31.104+0600: 4968.672: [ParNew
Desired survivor size 20112992 bytes, new threshold 8 (max 8)
- age   1:     821168 bytes,     821168 total
- age   2:     307456 bytes,    1128624 total
: 102501K->3847K(109248K), 0.0048503 secs] 285714K->187060K(502464K), 0.0049769 secs] [Times: user=0.01 sys=0.00, real=0.00 secs] 
Heap after GC invocations=19919 (full 20):
 par new generation   total 109248K, used 3847K [0x00000007a0000000, 0x00000007a8000000, 0x00000007a8000000)
  eden space 87424K,   0% used [0x00000007a0000000, 0x00000007a0000000, 0x00000007a5560000)
  from space 21824K,  17% used [0x00000007a6ab0000, 0x00000007a6e71f40, 0x00000007a8000000)
  to   space 21824K,   0% used [0x00000007a5560000, 0x00000007a5560000, 0x00000007a6ab0000)
 concurrent mark-sweep generation total 393216K, used 183212K [0x00000007a8000000, 0x00000007c0000000, 0x00000007c0000000)
 Metaspace       used 43872K, capacity 45216K, committed 45484K, reserved 1089536K
  class space    used 5368K, capacity 5685K, committed 5804K, reserved 1048576K
}
2019-01-30T12:59:31.109+0600: 4968.677: Total time for which application threads were stopped: 0.0053906 seconds, Stopping threads took: 0.0000970 seconds
2019-01-30T12:59:31.114+0600: 4968.683: Total time for which application threads were stopped: 0.0003155 seconds, Stopping threads took: 0.0001266 seconds
{Heap before GC invocations=19919 (full 20):
 par new generation   total 109248K, used 91271K [0x00000007a0000000, 0x00000007a8000000, 0x00000007a8000000)
  eden space 87424K, 100% used [0x00000007a0000000, 0x00000007a5560000, 0x00000007a5560000)
  from space 21824K,  17% used [0x00000007a6ab0000, 0x00000007a6e71f40, 0x00000007a8000000)
  to   space 21824K,   0% used [0x00000007a5560000, 0x00000007a5560000, 0x00000007a6ab0000)
 concurrent mark-sweep generation total 393216K, used 183212K [0x00000007a8000000, 0x00000007c0000000, 0x00000007c0000000)
 Metaspace       used 43901K, capacity 45248K, committed 45484K, reserved 1089536K
  class space    used 5370K, capacity 5717K, committed 5804K, reserved 1048576K
2019-01-30T12:59:31.259+0600: 4968.828: [GC (Allocation Failure) 2019-01-30T12:59:31.259+0600: 4968.828: [ParNew
Desired survivor size 20112992 bytes, new threshold 8 (max 8)
- age   1:    2178848 bytes,    2178848 total
- age   2:     108912 bytes,    2287760 total
- age   3:     262544 bytes,    2550304 total
: 91271K->2817K(109248K), 0.0041587 secs] 274484K->186030K(502464K), 0.0042675 secs] [Times: user=0.01 sys=0.00, real=0.01 secs] 
Heap after GC invocations=19920 (full 20):
 par new generation   total 109248K, used 2817K [0x00000007a0000000, 0x00000007a8000000, 0x00000007a8000000)
  eden space 87424K,   0% used [0x00000007a0000000, 0x00000007a0000000, 0x00000007a5560000)
  from space 21824K,  12% used [0x00000007a5560000, 0x00000007a58205d0, 0x00000007a6ab0000)
  to   space 21824K,   0% used [0x00000007a6ab0000, 0x00000007a6ab0000, 0x00000007a8000000)
 concurrent mark-sweep generation total 393216K, used 183212K [0x00000007a8000000, 0x00000007c0000000, 0x00000007c0000000)
 Metaspace       used 43901K, capacity 45248K, committed 45484K, reserved 1089536K
  class space    used 5370K, capacity 5717K, committed 5804K, reserved 1048576K
}
2019-01-30T12:59:31.264+0600: 4968.832: Total time for which application threads were stopped: 0.0045542 seconds, Stopping threads took: 0.0000688 seconds
2019-01-30T12:59:31.386+0600: 4968.954: Total time for which application threads were stopped: 0.0001937 seconds, Stopping threads took: 0.0000894 seconds
2019-01-30T12:59:31.387+0600: 4968.955: Total time for which application threads were stopped: 0.0001856 seconds, Stopping threads took: 0.0000738 seconds
2019-01-30T12:59:31.387+0600: 4968.956: Total time for which application threads were stopped: 0.0001159 seconds, Stopping threads took: 0.0000166 seconds
2019-01-30T12:59:31.387+0600: 4968.956: Total time for which application threads were stopped: 0.0001750 seconds, Stopping threads took: 0.0000870 seconds
{Heap before GC invocations=19920 (full 20):
 par new generation   total 109248K, used 90241K [0x00000007a0000000, 0x00000007a8000000, 0x00000007a8000000)
  eden space 87424K, 100% used [0x00000007a0000000, 0x00000007a5560000, 0x00000007a5560000)
  from space 21824K,  12% used [0x00000007a5560000, 0x00000007a58205d0, 0x00000007a6ab0000)
  to   space 21824K,   0% used [0x00000007a6ab0000, 0x00000007a6ab0000, 0x00000007a8000000)
 concurrent mark-sweep generation total 393216K, used 183212K [0x00000007a8000000, 0x00000007c0000000, 0x00000007c0000000)
 Metaspace       used 43909K, capacity 45248K, committed 45484K, reserved 1089536K
  class space    used 5370K, capacity 5717K, committed 5804K, reserved 1048576K
2019-01-30T12:59:31.397+0600: 4968.966: [GC (Allocation Failure) 2019-01-30T12:59:31.398+0600: 4968.966: [ParNew
Desired survivor size 20112992 bytes, new threshold 8 (max 8)
- age   1:     530240 bytes,     530240 total
- age   2:    1672336 bytes,    2202576 total
- age   3:     108912 bytes,    2311488 total
- age   4:     261584 bytes,    2573072 total
: 90241K->3286K(109248K), 0.0033053 secs] 273454K->186498K(502464K), 0.0034116 secs] [Times: user=0.01 sys=0.00, real=0.01 secs] 
Heap after GC invocations=19921 (full 20):
 par new generation   total 109248K, used 3286K [0x00000007a0000000, 0x00000007a8000000, 0x00000007a8000000)
  eden space 87424K,   0% used [0x00000007a0000000, 0x00000007a0000000, 0x00000007a5560000)
  from space 21824K,  15% used [0x00000007a6ab0000, 0x00000007a6de5808, 0x00000007a8000000)
  to   space 21824K,   0% used [0x00000007a5560000, 0x00000007a5560000, 0x00000007a6ab0000)
 concurrent mark-sweep generation total 393216K, used 183212K [0x00000007a8000000, 0x00000007c0000000, 0x00000007c0000000)
 Metaspace       used 43909K, capacity 45248K, committed 45484K, reserved 1089536K
  class space    used 5370K, capacity 5717K, committed 5804K, reserved 1048576K
}
2019-01-30T12:59:31.401+0600: 4968.970: Total time for which application threads were stopped: 0.0037303 seconds, Stopping threads took: 0.0000738 seconds
{Heap before GC invocations=19921 (full 20):
 par new generation   total 109248K, used 90710K [0x00000007a0000000, 0x00000007a8000000, 0x00000007a8000000)
  eden space 87424K, 100% used [0x00000007a0000000, 0x00000007a5560000, 0x00000007a5560000)
  from space 21824K,  15% used [0x00000007a6ab0000, 0x00000007a6de5808, 0x00000007a8000000)
  to   space 21824K,   0% used [0x00000007a5560000, 0x00000007a5560000, 0x00000007a6ab0000)
 concurrent mark-sweep generation total 393216K, used 183212K [0x00000007a8000000, 0x00000007c0000000, 0x00000007c0000000)
 Metaspace       used 43926K, capacity 45312K, committed 45484K, reserved 1089536K
  class space    used 5370K, capacity 5717K, committed 5804K, reserved 1048576K
2019-01-30T12:59:31.537+0600: 4969.105: [GC (Allocation Failure) 2019-01-30T12:59:31.537+0600: 4969.105: [ParNew
Desired survivor size 20112992 bytes, new threshold 8 (max 8)
- age   1:     563160 bytes,     563160 total
- age   2:      24152 bytes,     587312 total
- age   3:    1670304 bytes,    2257616 total
- age   4:     108912 bytes,    2366528 total
- age   5:     261552 bytes,    2628080 total
: 90710K->3529K(109248K), 0.0031522 secs] 273922K->186742K(502464K), 0.0032643 secs] [Times: user=0.01 sys=0.00, real=0.01 secs] 
Heap after GC invocations=19922 (full 20):
 par new generation   total 109248K, used 3529K [0x00000007a0000000, 0x00000007a8000000, 0x00000007a8000000)
  eden space 87424K,   0% used [0x00000007a0000000, 0x00000007a0000000, 0x00000007a5560000)
  from space 21824K,  16% used [0x00000007a5560000, 0x00000007a58d2530, 0x00000007a6ab0000)
  to   space 21824K,   0% used [0x00000007a6ab0000, 0x00000007a6ab0000, 0x00000007a8000000)
 concurrent mark-sweep generation total 393216K, used 183212K [0x00000007a8000000, 0x00000007c0000000, 0x00000007c0000000)
 Metaspace       used 43926K, capacity 45312K, committed 45484K, reserved 1089536K
  class space    used 5370K, capacity 5717K, committed 5804K, reserved 1048576K
}
2019-01-30T12:59:31.540+0600: 4969.109: Total time for which application threads were stopped: 0.0035682 seconds, Stopping threads took: 0.0000876 seconds
2019-01-30T12:59:31.674+0600: 4969.242: Total time for which application threads were stopped: 0.0002639 seconds, Stopping threads took: 0.0001667 seconds
{Heap before GC invocations=19922 (full 20):
 par new generation   total 109248K, used 90953K [0x00000007a0000000, 0x00000007a8000000, 0x00000007a8000000)
  eden space 87424K, 100% used [0x00000007a0000000, 0x00000007a5560000, 0x00000007a5560000)
  from space 21824K,  16% used [0x00000007a5560000, 0x00000007a58d2530, 0x00000007a6ab0000)
  to   space 21824K,   0% used [0x00000007a6ab0000, 0x00000007a6ab0000, 0x00000007a8000000)
 concurrent mark-sweep generation total 393216K, used 183212K [0x00000007a8000000, 0x00000007c0000000, 0x00000007c0000000)
 Metaspace       used 43932K, capacity 45312K, committed 45484K, reserved 1089536K
  class space    used 5370K, capacity 5717K, committed 5804K, reserved 1048576K
2019-01-30T12:59:31.674+0600: 4969.243: [GC (Allocation Failure) 2019-01-30T12:59:31.674+0600: 4969.243: [ParNew
Desired survivor size 20112992 bytes, new threshold 8 (max 8)
- age   1:     526984 bytes,     526984 total
- age   2:      59584 bytes,     586568 total
- age   3:      24152 bytes,     610720 total
- age   4:    1703088 bytes,    2313808 total
- age   5:     108912 bytes,    2422720 total
- age   6:     261552 bytes,    2684272 total
: 90953K->3288K(109248K), 0.0033903 secs] 274166K->186501K(502464K), 0.0034817 secs] [Times: user=0.01 sys=0.00, real=0.00 secs] 
Heap after GC invocations=19923 (full 20):
 par new generation   total 109248K, used 3288K [0x00000007a0000000, 0x00000007a8000000, 0x00000007a8000000)
  eden space 87424K,   0% used [0x00000007a0000000, 0x00000007a0000000, 0x00000007a5560000)
  from space 21824K,  15% used [0x00000007a6ab0000, 0x00000007a6de6170, 0x00000007a8000000)
  to   space 21824K,   0% used [0x00000007a5560000, 0x00000007a5560000, 0x00000007a6ab0000)
 concurrent mark-sweep generation total 393216K, used 183212K [0x00000007a8000000, 0x00000007c0000000, 0x00000007c0000000)
 Metaspace       used 43932K, capacity 45312K, committed 45484K, reserved 1089536K
  class space    used 5370K, capacity 5717K, committed 5804K, reserved 1048576K
}
2019-01-30T12:59:31.677+0600: 4969.246: Total time for which application threads were stopped: 0.0037414 seconds, Stopping threads took: 0.0000970 seconds
2019-01-30T12:59:31.682+0600: 4969.250: Total time for which application threads were stopped: 0.0001853 seconds, Stopping threads took: 0.0000852 seconds
2019-01-30T12:59:31.686+0600: 4969.254: Total time for which application threads were stopped: 0.0001955 seconds, Stopping threads took: 0.0000868 seconds
2019-01-30T12:59:31.689+0600: 4969.258: Total time for which application threads were stopped: 0.0001474 seconds, Stopping threads took: 0.0000469 seconds
2019-01-30T12:59:31.694+0600: 4969.262: Total time for which application threads were stopped: 0.0002459 seconds, Stopping threads took: 0.0001084 seconds
{Heap before GC invocations=19923 (full 20):
 par new generation   total 109248K, used 90704K [0x00000007a0000000, 0x00000007a8000000, 0x00000007a8000000)
  eden space 87424K,  99% used [0x00000007a0000000, 0x00000007a555df30, 0x00000007a5560000)
  from space 21824K,  15% used [0x00000007a6ab0000, 0x00000007a6de6170, 0x00000007a8000000)
  to   space 21824K,   0% used [0x00000007a5560000, 0x00000007a5560000, 0x00000007a6ab0000)
 concurrent mark-sweep generation total 393216K, used 183212K [0x00000007a8000000, 0x00000007c0000000, 0x00000007c0000000)
 Metaspace       used 43977K, capacity 45312K, committed 45484K, reserved 1089536K
  class space    used 5370K, capacity 5717K, committed 5804K, reserved 1048576K
2019-01-30T12:59:31.820+0600: 4969.389: [GC (Allocation Failure) 2019-01-30T12:59:31.821+0600: 4969.389: [ParNew
Desired survivor size 20112992 bytes, new threshold 8 (max 8)
- age   1:     675480 bytes,     675480 total
- age   2:      24688 bytes,     700168 total
- age   3:      55208 bytes,     755376 total
- age   4:      24152 bytes,     779528 total
- age   5:    1641480 bytes,    2421008 total
- age   6:     108912 bytes,    2529920 total
- age   7:     261552 bytes,    2791472 total
: 90704K->3406K(109248K), 0.0035140 secs] 273917K->186619K(502464K), 0.0036292 secs] [Times: user=0.01 sys=0.00, real=0.00 secs] 
Heap after GC invocations=19924 (full 20):
 par new generation   total 109248K, used 3406K [0x00000007a0000000, 0x00000007a8000000, 0x00000007a8000000)
  eden space 87424K,   0% used [0x00000007a0000000, 0x00000007a0000000, 0x00000007a5560000)
  from space 21824K,  15% used [0x00000007a5560000, 0x00000007a58b3940, 0x00000007a6ab0000)
  to   space 21824K,   0% used [0x00000007a6ab0000, 0x00000007a6ab0000, 0x00000007a8000000)
 concurrent mark-sweep generation total 393216K, used 183212K [0x00000007a8000000, 0x00000007c0000000, 0x00000007c0000000)
 Metaspace       used 43977K, capacity 45312K, committed 45484K, reserved 1089536K
  class space    used 5370K, capacity 5717K, committed 5804K, reserved 1048576K
}
2019-01-30T12:59:31.824+0600: 4969.393: Total time for which application threads were stopped: 0.0039421 seconds, Stopping threads took: 0.0000801 seconds
{Heap before GC invocations=19924 (full 20):
 par new generation   total 109248K, used 90830K [0x00000007a0000000, 0x00000007a8000000, 0x00000007a8000000)
  eden space 87424K, 100% used [0x00000007a0000000, 0x00000007a5560000, 0x00000007a5560000)
  from space 21824K,  15% used [0x00000007a5560000, 0x00000007a58b3940, 0x00000007a6ab0000)
  to   space 21824K,   0% used [0x00000007a6ab0000, 0x00000007a6ab0000, 0x00000007a8000000)
 concurrent mark-sweep generation total 393216K, used 183212K [0x00000007a8000000, 0x00000007c0000000, 0x00000007c0000000)
 Metaspace       used 44012K, capacity 45376K, committed 45484K, reserved 1089536K
  class space    used 5370K, capacity 5717K, committed 5804K, reserved 1048576K
2019-01-30T12:59:31.966+0600: 4969.535: [GC (Allocation Failure) 2019-01-30T12:59:31.966+0600: 4969.535: [ParNew
Desired survivor size 20112992 bytes, new threshold 8 (max 8)
- age   1:     571248 bytes,     571248 total
- age   2:     191952 bytes,     763200 total
- age   3:      24464 bytes,     787664 total
- age   4:      55208 bytes,     842872 total
- age   5:      24152 bytes,     867024 total
- age   6:    1641424 bytes,    2508448 total
- age   7:     108912 bytes,    2617360 total
- age   8:     261552 bytes,    2878912 total
: 90830K->3918K(109248K), 0.0033237 secs] 274043K->187131K(502464K), 0.0034241 secs] [Times: user=0.01 sys=0.00, real=0.01 secs] 
Heap after GC invocations=19925 (full 20):
 par new generation   total 109248K, used 3918K [0x00000007a0000000, 0x00000007a8000000, 0x00000007a8000000)
  eden space 87424K,   0% used [0x00000007a0000000, 0x00000007a0000000, 0x00000007a5560000)
  from space 21824K,  17% used [0x00000007a6ab0000, 0x00000007a6e839b0, 0x00000007a8000000)
  to   space 21824K,   0% used [0x00000007a5560000, 0x00000007a5560000, 0x00000007a6ab0000)
 concurrent mark-sweep generation total 393216K, used 183212K [0x00000007a8000000, 0x00000007c0000000, 0x00000007c0000000)
 Metaspace       used 44012K, capacity 45376K, committed 45484K, reserved 1089536K
  class space    used 5370K, capacity 5717K, committed 5804K, reserved 1048576K
}
2019-01-30T12:59:31.970+0600: 4969.538: Total time for which application threads were stopped: 0.0036735 seconds, Stopping threads took: 0.0000614 seconds
2019-01-30T12:59:32.021+0600: 4969.590: Total time for which application threads were stopped: 0.0002991 seconds, Stopping threads took: 0.0001738 seconds
2019-01-30T12:59:32.031+0600: 4969.600: Total time for which application threads were stopped: 0.0002422 seconds, Stopping threads took: 0.0000841 seconds
2019-01-30T12:59:32.038+0600: 4969.607: Total time for which application threads were stopped: 0.0002210 seconds, Stopping threads took: 0.0000818 seconds
2019-01-30T12:59:32.041+0600: 4969.610: Total time for which application threads were stopped: 0.0002547 seconds, Stopping threads took: 0.0000865 seconds
2019-01-30T12:59:32.045+0600: 4969.614: Total time for which application threads were stopped: 0.0002523 seconds, Stopping threads took: 0.0000906 seconds
2019-01-30T12:59:32.052+0600: 4969.621: Total time for which application threads were stopped: 0.0002570 seconds, Stopping threads took: 0.0000821 seconds
2019-01-30T12:59:32.056+0600: 4969.624: Total time for which application threads were stopped: 0.0002132 seconds, Stopping threads took: 0.0000747 seconds
2019-01-30T12:59:32.060+0600: 4969.628: Total time for which application threads were stopped: 0.0002413 seconds, Stopping threads took: 0.0000998 seconds
2019-01-30T12:59:32.062+0600: 4969.631: Total time for which application threads were stopped: 0.0002614 seconds, Stopping threads took: 0.0001161 seconds
2019-01-30T12:59:32.073+0600: 4969.642: Total time for which application threads were stopped: 0.0005765 seconds, Stopping threads took: 0.0004221 seconds
2019-01-30T12:59:32.077+0600: 4969.646: Total time for which application threads were stopped: 0.0002293 seconds, Stopping threads took: 0.0000769 seconds
2019-01-30T12:59:32.081+0600: 4969.649: Total time for which application threads were stopped: 0.0006186 seconds, Stopping threads took: 0.0000786 seconds
2019-01-30T12:59:32.135+0600: 4969.704: Total time for which application threads were stopped: 0.0003716 seconds, Stopping threads took: 0.0001349 seconds
2019-01-30T12:59:32.169+0600: 4969.738: Total time for which application threads were stopped: 0.0072106 seconds, Stopping threads took: 0.0069764 seconds
2019-01-30T12:59:32.184+0600: 4969.752: Total time for which application threads were stopped: 0.0009335 seconds, Stopping threads took: 0.0001637 seconds
{Heap before GC invocations=19925 (full 20):
 par new generation   total 109248K, used 91342K [0x00000007a0000000, 0x00000007a8000000, 0x00000007a8000000)
  eden space 87424K, 100% used [0x00000007a0000000, 0x00000007a5560000, 0x00000007a5560000)
  from space 21824K,  17% used [0x00000007a6ab0000, 0x00000007a6e839b0, 0x00000007a8000000)
  to   space 21824K,   0% used [0x00000007a5560000, 0x00000007a5560000, 0x00000007a6ab0000)
 concurrent mark-sweep generation total 393216K, used 183212K [0x00000007a8000000, 0x00000007c0000000, 0x00000007c0000000)
 Metaspace       used 44115K, capacity 45440K, committed 45740K, reserved 1089536K
  class space    used 5370K, capacity 5717K, committed 5804K, reserved 1048576K
2019-01-30T12:59:32.335+0600: 4969.903: [GC (Allocation Failure) 2019-01-30T12:59:32.335+0600: 4969.903: [ParNew
Desired survivor size 20112992 bytes, new threshold 8 (max 8)
- age   1:    6595568 bytes,    6595568 total
- age   2:      22888 bytes,    6618456 total
- age   3:      64360 bytes,    6682816 total
- age   4:      14592 bytes,    6697408 total
- age   5:      55176 bytes,    6752584 total
- age   6:      24072 bytes,    6776656 total
- age   7:    1636456 bytes,    8413112 total
- age   8:     108912 bytes,    8522024 total
: 91342K->9390K(109248K), 0.0074958 secs] 274555K->192859K(502464K), 0.0076885 secs] [Times: user=0.02 sys=0.00, real=0.01 secs] 
Heap after GC invocations=19926 (full 20):
 par new generation   total 109248K, used 9390K [0x00000007a0000000, 0x00000007a8000000, 0x00000007a8000000)
  eden space 87424K,   0% used [0x00000007a0000000, 0x00000007a0000000, 0x00000007a5560000)
  from space 21824K,  43% used [0x00000007a5560000, 0x00000007a5e8ba40, 0x00000007a6ab0000)
  to   space 21824K,   0% used [0x00000007a6ab0000, 0x00000007a6ab0000, 0x00000007a8000000)
 concurrent mark-sweep generation total 393216K, used 183469K [0x00000007a8000000, 0x00000007c0000000, 0x00000007c0000000)
 Metaspace       used 44115K, capacity 45440K, committed 45740K, reserved 1089536K
  class space    used 5370K, capacity 5717K, committed 5804K, reserved 1048576K
}
2019-01-30T12:59:32.343+0600: 4969.911: Total time for which application threads were stopped: 0.0080679 seconds, Stopping threads took: 0.0000959 seconds
2019-01-30T12:59:33.347+0600: 4970.915: Total time for which application threads were stopped: 0.0002174 seconds, Stopping threads took: 0.0000745 seconds
2019-01-30T12:59:35.348+0600: 4972.916: Total time for which application threads were stopped: 0.0002211 seconds, Stopping threads took: 0.0000789 seconds
2019-01-30T12:59:38.353+0600: 4975.922: Total time for which application threads were stopped: 0.0002346 seconds, Stopping threads took: 0.0001271 seconds
2019-01-30T12:59:40.125+0600: 4977.693: Total time for which application threads were stopped: 0.0002351 seconds, Stopping threads took: 0.0000795 seconds
2019-01-30T12:59:41.127+0600: 4978.695: Total time for which application threads were stopped: 0.0001499 seconds, Stopping threads took: 0.0000705 seconds
2019-01-30T12:59:43.128+0600: 4980.696: Total time for which application threads were stopped: 0.0001787 seconds, Stopping threads took: 0.0000566 seconds
2019-01-30T12:59:46.250+0600: 4983.818: Total time for which application threads were stopped: 0.0001294 seconds, Stopping threads took: 0.0000526 seconds
2019-01-30T12:59:46.296+0600: 4983.864: Total time for which application threads were stopped: 0.0004508 seconds, Stopping threads took: 0.0002673 seconds
2019-01-30T12:59:46.390+0600: 4983.958: Total time for which application threads were stopped: 0.0001807 seconds, Stopping threads took: 0.0000619 seconds
2019-01-30T12:59:46.408+0600: 4983.976: Total time for which application threads were stopped: 0.0002085 seconds, Stopping threads took: 0.0000940 seconds
2019-01-30T12:59:46.437+0600: 4984.005: Total time for which application threads were stopped: 0.0001465 seconds, Stopping threads took: 0.0000665 seconds
{Heap before GC invocations=19926 (full 20):
 par new generation   total 109248K, used 96774K [0x00000007a0000000, 0x00000007a8000000, 0x00000007a8000000)
  eden space 87424K,  99% used [0x00000007a0000000, 0x00000007a5556150, 0x00000007a5560000)
  from space 21824K,  43% used [0x00000007a5560000, 0x00000007a5e8ba40, 0x00000007a6ab0000)
  to   space 21824K,   0% used [0x00000007a6ab0000, 0x00000007a6ab0000, 0x00000007a8000000)
 concurrent mark-sweep generation total 393216K, used 183469K [0x00000007a8000000, 0x00000007c0000000, 0x00000007c0000000)
 Metaspace       used 44329K, capacity 45696K, committed 45996K, reserved 1089536K
  class space    used 5376K, capacity 5717K, committed 5804K, reserved 1048576K
2019-01-30T12:59:46.440+0600: 4984.009: [GC (Allocation Failure) 2019-01-30T12:59:46.441+0600: 4984.010: [ParNew
Desired survivor size 20112992 bytes, new threshold 8 (max 8)
- age   1:    5123864 bytes,    5123864 total
- age   2:    3350352 bytes,    8474216 total
- age   3:      22624 bytes,    8496840 total
- age   4:      45328 bytes,    8542168 total
- age   5:      14328 bytes,    8556496 total
- age   6:      55152 bytes,    8611648 total
- age   7:      23912 bytes,    8635560 total
- age   8:     348152 bytes,    8983712 total
: 96774K->11670K(109248K), 0.0059095 secs] 280244K->195245K(502464K), 0.0068834 secs] [Times: user=0.02 sys=0.00, real=0.00 secs] 
Heap after GC invocations=19927 (full 20):
 par new generation   total 109248K, used 11670K [0x00000007a0000000, 0x00000007a8000000, 0x00000007a8000000)
  eden space 87424K,   0% used [0x00000007a0000000, 0x00000007a0000000, 0x00000007a5560000)
  from space 21824K,  53% used [0x00000007a6ab0000, 0x00000007a7615828, 0x00000007a8000000)
  to   space 21824K,   0% used [0x00000007a5560000, 0x00000007a5560000, 0x00000007a6ab0000)
 concurrent mark-sweep generation total 393216K, used 183575K [0x00000007a8000000, 0x00000007c0000000, 0x00000007c0000000)
 Metaspace       used 44329K, capacity 45696K, committed 45996K, reserved 1089536K
  class space    used 5376K, capacity 5717K, committed 5804K, reserved 1048576K
}
2019-01-30T12:59:46.447+0600: 4984.016: Total time for which application threads were stopped: 0.0071579 seconds, Stopping threads took: 0.0000779 seconds
2019-01-30T12:59:46.457+0600: 4984.025: Total time for which application threads were stopped: 0.0002956 seconds, Stopping threads took: 0.0000803 seconds
2019-01-30T12:59:46.476+0600: 4984.044: Total time for which application threads were stopped: 0.0001607 seconds, Stopping threads took: 0.0000792 seconds
2019-01-30T12:59:46.500+0600: 4984.069: Total time for which application threads were stopped: 0.0002434 seconds, Stopping threads took: 0.0000699 seconds
2019-01-30T12:59:46.501+0600: 4984.069: Total time for which application threads were stopped: 0.0001544 seconds, Stopping threads took: 0.0000496 seconds
2019-01-30T12:59:46.501+0600: 4984.069: Total time for which application threads were stopped: 0.0001261 seconds, Stopping threads took: 0.0000141 seconds
2019-01-30T12:59:46.501+0600: 4984.069: Total time for which application threads were stopped: 0.0001498 seconds, Stopping threads took: 0.0000123 seconds
2019-01-30T12:59:46.501+0600: 4984.069: Total time for which application threads were stopped: 0.0001431 seconds, Stopping threads took: 0.0000664 seconds
2019-01-30T12:59:46.502+0600: 4984.070: Total time for which application threads were stopped: 0.0001973 seconds, Stopping threads took: 0.0000585 seconds
2019-01-30T12:59:46.504+0600: 4984.072: Total time for which application threads were stopped: 0.0002018 seconds, Stopping threads took: 0.0000806 seconds
2019-01-30T12:59:46.515+0600: 4984.083: Total time for which application threads were stopped: 0.0002050 seconds, Stopping threads took: 0.0000757 seconds
2019-01-30T12:59:46.515+0600: 4984.084: Total time for which application threads were stopped: 0.0001948 seconds, Stopping threads took: 0.0000648 seconds
2019-01-30T12:59:46.516+0600: 4984.084: Total time for which application threads were stopped: 0.0002069 seconds, Stopping threads took: 0.0000752 seconds
2019-01-30T12:59:46.519+0600: 4984.087: Total time for which application threads were stopped: 0.0001993 seconds, Stopping threads took: 0.0000692 seconds
2019-01-30T12:59:46.520+0600: 4984.088: Total time for which application threads were stopped: 0.0001875 seconds, Stopping threads took: 0.0000547 seconds
2019-01-30T12:59:46.541+0600: 4984.109: Total time for which application threads were stopped: 0.0044622 seconds, Stopping threads took: 0.0042834 seconds
2019-01-30T12:59:46.571+0600: 4984.140: Total time for which application threads were stopped: 0.0001707 seconds, Stopping threads took: 0.0000576 seconds
2019-01-30T12:59:46.572+0600: 4984.140: Total time for which application threads were stopped: 0.0002486 seconds, Stopping threads took: 0.0000563 seconds
2019-01-30T12:59:46.575+0600: 4984.143: Total time for which application threads were stopped: 0.0001480 seconds, Stopping threads took: 0.0000648 seconds
2019-01-30T12:59:46.586+0600: 4984.155: Total time for which application threads were stopped: 0.0002302 seconds, Stopping threads took: 0.0000713 seconds
2019-01-30T12:59:46.595+0600: 4984.164: Total time for which application threads were stopped: 0.0001860 seconds, Stopping threads took: 0.0000631 seconds
2019-01-30T12:59:46.596+0600: 4984.164: Total time for which application threads were stopped: 0.0001452 seconds, Stopping threads took: 0.0000567 seconds
2019-01-30T12:59:46.596+0600: 4984.164: Total time for which application threads were stopped: 0.0000730 seconds, Stopping threads took: 0.0000145 seconds
2019-01-30T12:59:46.596+0600: 4984.165: Total time for which application threads were stopped: 0.0003675 seconds, Stopping threads took: 0.0002921 seconds
2019-01-30T12:59:46.598+0600: 4984.166: Total time for which application threads were stopped: 0.0001766 seconds, Stopping threads took: 0.0000900 seconds
2019-01-30T12:59:46.598+0600: 4984.166: Total time for which application threads were stopped: 0.0000812 seconds, Stopping threads took: 0.0000336 seconds
2019-01-30T12:59:46.600+0600: 4984.168: Total time for which application threads were stopped: 0.0007546 seconds, Stopping threads took: 0.0000654 seconds
2019-01-30T12:59:46.607+0600: 4984.175: Total time for which application threads were stopped: 0.0001787 seconds, Stopping threads took: 0.0000541 seconds
2019-01-30T12:59:46.616+0600: 4984.184: Total time for which application threads were stopped: 0.0083056 seconds, Stopping threads took: 0.0082023 seconds
2019-01-30T12:59:46.616+0600: 4984.184: Total time for which application threads were stopped: 0.0001443 seconds, Stopping threads took: 0.0000634 seconds
2019-01-30T12:59:46.616+0600: 4984.184: Total time for which application threads were stopped: 0.0000971 seconds, Stopping threads took: 0.0000432 seconds
2019-01-30T12:59:46.616+0600: 4984.185: Total time for which application threads were stopped: 0.0001289 seconds, Stopping threads took: 0.0000589 seconds
2019-01-30T12:59:46.617+0600: 4984.185: Total time for which application threads were stopped: 0.0002235 seconds, Stopping threads took: 0.0001710 seconds
2019-01-30T12:59:46.617+0600: 4984.185: Total time for which application threads were stopped: 0.0001579 seconds, Stopping threads took: 0.0000572 seconds
2019-01-30T12:59:46.618+0600: 4984.186: Total time for which application threads were stopped: 0.0001201 seconds, Stopping threads took: 0.0000584 seconds
2019-01-30T12:59:46.618+0600: 4984.186: Total time for which application threads were stopped: 0.0000715 seconds, Stopping threads took: 0.0000217 seconds
{Heap before GC invocations=19927 (full 20):
 par new generation   total 109248K, used 98638K [0x00000007a0000000, 0x00000007a8000000, 0x00000007a8000000)
  eden space 87424K,  99% used [0x00000007a0000000, 0x00000007a54ee040, 0x00000007a5560000)
  from space 21824K,  53% used [0x00000007a6ab0000, 0x00000007a7615828, 0x00000007a8000000)
  to   space 21824K,   0% used [0x00000007a5560000, 0x00000007a5560000, 0x00000007a6ab0000)
 concurrent mark-sweep generation total 393216K, used 183575K [0x00000007a8000000, 0x00000007c0000000, 0x00000007c0000000)
 Metaspace       used 44805K, capacity 46116K, committed 46252K, reserved 1089536K
  class space    used 5437K, capacity 5751K, committed 5804K, reserved 1048576K
2019-01-30T12:59:46.866+0600: 4984.434: [GC (Allocation Failure) 2019-01-30T12:59:46.866+0600: 4984.434: [ParNew
Desired survivor size 20112992 bytes, new threshold 8 (max 8)
- age   1:    2109024 bytes,    2109024 total
- age   2:    2578928 bytes,    4687952 total
- age   3:     571104 bytes,    5259056 total
- age   4:      12224 bytes,    5271280 total
- age   5:      40128 bytes,    5311408 total
- age   6:      14328 bytes,    5325736 total
- age   7:      55152 bytes,    5380888 total
- age   8:      23912 bytes,    5404800 total
: 98638K->7435K(109248K), 0.0067506 secs] 282213K->191224K(502464K), 0.0069017 secs] [Times: user=0.03 sys=0.00, real=0.01 secs] 
Heap after GC invocations=19928 (full 20):
 par new generation   total 109248K, used 7435K [0x00000007a0000000, 0x00000007a8000000, 0x00000007a8000000)
  eden space 87424K,   0% used [0x00000007a0000000, 0x00000007a0000000, 0x00000007a5560000)
  from space 21824K,  34% used [0x00000007a5560000, 0x00000007a5ca2e90, 0x00000007a6ab0000)
  to   space 21824K,   0% used [0x00000007a6ab0000, 0x00000007a6ab0000, 0x00000007a8000000)
 concurrent mark-sweep generation total 393216K, used 183789K [0x00000007a8000000, 0x00000007c0000000, 0x00000007c0000000)
 Metaspace       used 44805K, capacity 46116K, committed 46252K, reserved 1089536K
  class space    used 5437K, capacity 5751K, committed 5804K, reserved 1048576K
}
2019-01-30T12:59:46.873+0600: 4984.441: Total time for which application threads were stopped: 0.0073637 seconds, Stopping threads took: 0.0000806 seconds
2019-01-30T12:59:47.875+0600: 4985.443: Total time for which application threads were stopped: 0.0002333 seconds, Stopping threads took: 0.0001031 seconds
2019-01-30T13:00:01.905+0600: 4999.473: Total time for which application threads were stopped: 0.0001992 seconds, Stopping threads took: 0.0000969 seconds
2019-01-30T13:00:11.363+0600: 5008.931: Total time for which application threads were stopped: 0.0009611 seconds, Stopping threads took: 0.0006721 seconds
2019-01-30T13:00:11.364+0600: 5008.931: Total time for which application threads were stopped: 0.0001468 seconds, Stopping threads took: 0.0000309 seconds
2019-01-30T13:00:11.364+0600: 5008.932: Total time for which application threads were stopped: 0.0001213 seconds, Stopping threads took: 0.0000278 seconds
2019-01-30T13:00:11.364+0600: 5008.932: Total time for which application threads were stopped: 0.0000945 seconds, Stopping threads took: 0.0000125 seconds
2019-01-30T13:00:11.365+0600: 5008.932: Total time for which application threads were stopped: 0.0000811 seconds, Stopping threads took: 0.0000122 seconds
2019-01-30T13:00:11.365+0600: 5008.932: Total time for which application threads were stopped: 0.0002410 seconds, Stopping threads took: 0.0001600 seconds
2019-01-30T13:00:11.365+0600: 5008.932: Total time for which application threads were stopped: 0.0001180 seconds, Stopping threads took: 0.0000597 seconds
2019-01-30T13:00:11.365+0600: 5008.933: Total time for which application threads were stopped: 0.0002251 seconds, Stopping threads took: 0.0000198 seconds
2019-01-30T13:00:11.373+0600: 5008.941: Total time for which application threads were stopped: 0.0018123 seconds, Stopping threads took: 0.0016249 seconds
2019-01-30T13:00:11.373+0600: 5008.941: Total time for which application threads were stopped: 0.0001661 seconds, Stopping threads took: 0.0000673 seconds
2019-01-30T13:00:11.385+0600: 5008.952: Total time for which application threads were stopped: 0.0009729 seconds, Stopping threads took: 0.0007914 seconds
2019-01-30T13:00:11.386+0600: 5008.953: Total time for which application threads were stopped: 0.0002780 seconds, Stopping threads took: 0.0001225 seconds
2019-01-30T13:00:11.386+0600: 5008.953: Total time for which application threads were stopped: 0.0001689 seconds, Stopping threads took: 0.0000332 seconds
2019-01-30T13:00:11.389+0600: 5008.956: Total time for which application threads were stopped: 0.0025298 seconds, Stopping threads took: 0.0023580 seconds
2019-01-30T13:00:11.389+0600: 5008.956: Total time for which application threads were stopped: 0.0001357 seconds, Stopping threads took: 0.0000353 seconds
2019-01-30T13:00:11.389+0600: 5008.957: Total time for which application threads were stopped: 0.0001803 seconds, Stopping threads took: 0.0000730 seconds
2019-01-30T13:00:11.389+0600: 5008.957: Total time for which application threads were stopped: 0.0001368 seconds, Stopping threads took: 0.0000370 seconds
2019-01-30T13:00:11.402+0600: 5008.969: Total time for which application threads were stopped: 0.0008921 seconds, Stopping threads took: 0.0007143 seconds
2019-01-30T13:00:11.402+0600: 5008.970: Total time for which application threads were stopped: 0.0003041 seconds, Stopping threads took: 0.0001265 seconds
2019-01-30T13:00:12.407+0600: 5009.975: Total time for which application threads were stopped: 0.0001751 seconds, Stopping threads took: 0.0000772 seconds
2019-01-30T13:00:16.241+0600: 5013.808: Total time for which application threads were stopped: 0.0001451 seconds, Stopping threads took: 0.0000625 seconds
2019-01-30T13:00:16.245+0600: 5013.813: Total time for which application threads were stopped: 0.0001754 seconds, Stopping threads took: 0.0000674 seconds
2019-01-30T13:00:16.271+0600: 5013.838: Total time for which application threads were stopped: 0.0002792 seconds, Stopping threads took: 0.0000717 seconds
2019-01-30T13:00:16.296+0600: 5013.863: Total time for which application threads were stopped: 0.0001917 seconds, Stopping threads took: 0.0000838 seconds
2019-01-30T13:00:16.296+0600: 5013.864: Total time for which application threads were stopped: 0.0001333 seconds, Stopping threads took: 0.0000426 seconds
2019-01-30T13:00:16.297+0600: 5013.864: Total time for which application threads were stopped: 0.0001460 seconds, Stopping threads took: 0.0000419 seconds
2019-01-30T13:00:17.477+0600: 5015.044: Total time for which application threads were stopped: 0.0002419 seconds, Stopping threads took: 0.0000803 seconds
2019-01-30T13:00:17.477+0600: 5015.044: Total time for which application threads were stopped: 0.0001689 seconds, Stopping threads took: 0.0000434 seconds
2019-01-30T13:00:17.491+0600: 5015.058: Total time for which application threads were stopped: 0.0002227 seconds, Stopping threads took: 0.0000630 seconds
2019-01-30T13:00:17.492+0600: 5015.059: Total time for which application threads were stopped: 0.0005602 seconds, Stopping threads took: 0.0004038 seconds
2019-01-30T13:00:23.602+0600: 5021.169: Total time for which application threads were stopped: 0.0002700 seconds, Stopping threads took: 0.0000763 seconds
2019-01-30T13:00:23.603+0600: 5021.170: Total time for which application threads were stopped: 0.0004296 seconds, Stopping threads took: 0.0000616 seconds
2019-01-30T13:00:23.603+0600: 5021.170: Total time for which application threads were stopped: 0.0001665 seconds, Stopping threads took: 0.0000406 seconds
2019-01-30T13:00:23.621+0600: 5021.189: Total time for which application threads were stopped: 0.0002123 seconds, Stopping threads took: 0.0000688 seconds
2019-01-30T13:00:23.622+0600: 5021.189: Total time for which application threads were stopped: 0.0006305 seconds, Stopping threads took: 0.0005260 seconds
2019-01-30T13:00:25.318+0600: 5022.885: Total time for which application threads were stopped: 0.0001703 seconds, Stopping threads took: 0.0000703 seconds
2019-01-30T13:00:25.318+0600: 5022.885: Total time for which application threads were stopped: 0.0001496 seconds, Stopping threads took: 0.0000676 seconds
2019-01-30T13:00:25.333+0600: 5022.900: Total time for which application threads were stopped: 0.0005672 seconds, Stopping threads took: 0.0001662 seconds
2019-01-30T13:00:25.334+0600: 5022.901: Total time for which application threads were stopped: 0.0002430 seconds, Stopping threads took: 0.0000887 seconds
2019-01-30T13:00:26.335+0600: 5023.902: Total time for which application threads were stopped: 0.0004182 seconds, Stopping threads took: 0.0001837 seconds
2019-01-30T13:00:27.057+0600: 5024.624: Total time for which application threads were stopped: 0.0002046 seconds, Stopping threads took: 0.0000794 seconds
2019-01-30T13:00:27.069+0600: 5024.636: Total time for which application threads were stopped: 0.0001592 seconds, Stopping threads took: 0.0000603 seconds
2019-01-30T13:00:27.070+0600: 5024.637: Total time for which application threads were stopped: 0.0001637 seconds, Stopping threads took: 0.0000722 seconds
2019-01-30T13:00:27.082+0600: 5024.648: Total time for which application threads were stopped: 0.0001953 seconds, Stopping threads took: 0.0000884 seconds
2019-01-30T13:00:47.139+0600: 5044.705: Total time for which application threads were stopped: 0.0001706 seconds, Stopping threads took: 0.0000849 seconds
2019-01-30T13:01:11.390+0600: 5068.956: Total time for which application threads were stopped: 0.0012221 seconds, Stopping threads took: 0.0001084 seconds
2019-01-30T13:01:25.340+0600: 5082.905: Total time for which application threads were stopped: 0.0001544 seconds, Stopping threads took: 0.0000763 seconds
{Heap before GC invocations=19928 (full 20):
 par new generation   total 109248K, used 94859K [0x00000007a0000000, 0x00000007a8000000, 0x00000007a8000000)
  eden space 87424K, 100% used [0x00000007a0000000, 0x00000007a5560000, 0x00000007a5560000)
  from space 21824K,  34% used [0x00000007a5560000, 0x00000007a5ca2e90, 0x00000007a6ab0000)
  to   space 21824K,   0% used [0x00000007a6ab0000, 0x00000007a6ab0000, 0x00000007a8000000)
 concurrent mark-sweep generation total 393216K, used 183789K [0x00000007a8000000, 0x00000007c0000000, 0x00000007c0000000)
 Metaspace       used 45099K, capacity 46518K, committed 46764K, reserved 1089536K
  class space    used 5466K, capacity 5794K, committed 5804K, reserved 1048576K
2019-01-30T13:01:32.667+0600: 5090.232: [GC (Allocation Failure) 2019-01-30T13:01:32.668+0600: 5090.233: [ParNew
Desired survivor size 20112992 bytes, new threshold 3 (max 8)
- age   1:   18091840 bytes,   18091840 total
- age   2:     592680 bytes,   18684520 total
- age   3:    2542448 bytes,   21226968 total
- age   4:      96208 bytes,   21323176 total
- age   5:      12224 bytes,   21335400 total
- age   6:      40128 bytes,   21375528 total
- age   7:      14328 bytes,   21389856 total
- age   8:      55088 bytes,   21444944 total
: 94859K->21824K(109248K), 0.0323084 secs] 278648K->205636K(502464K), 0.0334834 secs] [Times: user=0.08 sys=0.00, real=0.04 secs] 
Heap after GC invocations=19929 (full 20):
 par new generation   total 109248K, used 21824K [0x00000007a0000000, 0x00000007a8000000, 0x00000007a8000000)
  eden space 87424K,   0% used [0x00000007a0000000, 0x00000007a0000000, 0x00000007a5560000)
  from space 21824K, 100% used [0x00000007a6ab0000, 0x00000007a8000000, 0x00000007a8000000)
  to   space 21824K,   0% used [0x00000007a5560000, 0x00000007a5560000, 0x00000007a6ab0000)
 concurrent mark-sweep generation total 393216K, used 183812K [0x00000007a8000000, 0x00000007c0000000, 0x00000007c0000000)
 Metaspace       used 45099K, capacity 46518K, committed 46764K, reserved 1089536K
  class space    used 5466K, capacity 5794K, committed 5804K, reserved 1048576K
}
2019-01-30T13:01:32.701+0600: 5090.266: Total time for which application threads were stopped: 0.0337251 seconds, Stopping threads took: 0.0000297 seconds
2019-01-30T13:01:46.734+0600: 5104.298: Total time for which application threads were stopped: 0.0002249 seconds, Stopping threads took: 0.0000957 seconds
2019-01-30T13:02:27.849+0600: 5145.413: Total time for which application threads were stopped: 0.0001658 seconds, Stopping threads took: 0.0000862 seconds
2019-01-30T13:02:36.868+0600: 5154.431: Total time for which application threads were stopped: 0.0002393 seconds, Stopping threads took: 0.0001123 seconds
2019-01-30T13:03:25.969+0600: 5203.531: Total time for which application threads were stopped: 0.0001737 seconds, Stopping threads took: 0.0000908 seconds
2019-01-30T13:05:06.175+0600: 5303.734: Total time for which application threads were stopped: 0.0002314 seconds, Stopping threads took: 0.0001247 seconds
{Heap before GC invocations=19929 (full 20):
 par new generation   total 109248K, used 109243K [0x00000007a0000000, 0x00000007a8000000, 0x00000007a8000000)
  eden space 87424K,  99% used [0x00000007a0000000, 0x00000007a555eec0, 0x00000007a5560000)
  from space 21824K, 100% used [0x00000007a6ab0000, 0x00000007a8000000, 0x00000007a8000000)
  to   space 21824K,   0% used [0x00000007a5560000, 0x00000007a5560000, 0x00000007a6ab0000)
 concurrent mark-sweep generation total 393216K, used 183812K [0x00000007a8000000, 0x00000007c0000000, 0x00000007c0000000)
 Metaspace       used 45122K, capacity 46518K, committed 46764K, reserved 1089536K
  class space    used 5466K, capacity 5794K, committed 5804K, reserved 1048576K
2019-01-30T13:06:25.663+0600: 5383.219: [GC (Allocation Failure) 2019-01-30T13:06:25.663+0600: 5383.219: [ParNew
Desired survivor size 20112992 bytes, new threshold 2 (max 8)
- age   1:    7626048 bytes,    7626048 total
- age   2:   14129008 bytes,   21755056 total
- age   3:     592584 bytes,   22347640 total
: 109243K->21824K(109248K), 0.2505086 secs] 293056K->248743K(502464K), 0.2510133 secs] [Times: user=0.50 sys=0.28, real=0.25 secs] 
Heap after GC invocations=19930 (full 20):
 par new generation   total 109248K, used 21824K [0x00000007a0000000, 0x00000007a8000000, 0x00000007a8000000)
  eden space 87424K,   0% used [0x00000007a0000000, 0x00000007a0000000, 0x00000007a5560000)
  from space 21824K, 100% used [0x00000007a5560000, 0x00000007a6ab0000, 0x00000007a6ab0000)
  to   space 21824K,   0% used [0x00000007a6ab0000, 0x00000007a6ab0000, 0x00000007a8000000)
 concurrent mark-sweep generation total 393216K, used 226919K [0x00000007a8000000, 0x00000007c0000000, 0x00000007c0000000)
 Metaspace       used 45122K, capacity 46518K, committed 46764K, reserved 1089536K
  class space    used 5466K, capacity 5794K, committed 5804K, reserved 1048576K
}
2019-01-30T13:06:25.914+0600: 5383.470: Total time for which application threads were stopped: 0.2513878 seconds, Stopping threads took: 0.0000996 seconds
2019-01-30T13:06:25.914+0600: 5383.470: [GC (CMS Initial Mark) [1 CMS-initial-mark: 226919K(393216K)] 248845K(502464K), 0.0147157 secs] [Times: user=0.04 sys=0.01, real=0.01 secs] 
2019-01-30T13:06:25.929+0600: 5383.485: Total time for which application threads were stopped: 0.0149445 seconds, Stopping threads took: 0.0000750 seconds
2019-01-30T13:06:25.929+0600: 5383.485: [CMS-concurrent-mark-start]
2019-01-30T13:06:26.240+0600: 5383.796: [CMS-concurrent-mark: 0.311/0.311 secs] [Times: user=0.97 sys=0.11, real=0.32 secs] 
2019-01-30T13:06:26.240+0600: 5383.796: [CMS-concurrent-preclean-start]
2019-01-30T13:06:26.241+0600: 5383.798: [CMS-concurrent-preclean: 0.002/0.002 secs] [Times: user=0.00 sys=0.00, real=0.00 secs] 
2019-01-30T13:06:26.241+0600: 5383.798: [CMS-concurrent-abortable-preclean-start]
2019-01-30T13:06:26.272+0600: 5383.828: Total time for which application threads were stopped: 0.0001938 seconds, Stopping threads took: 0.0000728 seconds
2019-01-30T13:06:26.272+0600: 5383.828: Total time for which application threads were stopped: 0.0001024 seconds, Stopping threads took: 0.0000298 seconds
2019-01-30T13:06:26.273+0600: 5383.829: Total time for which application threads were stopped: 0.0001252 seconds, Stopping threads took: 0.0000475 seconds
2019-01-30T13:06:26.273+0600: 5383.829: Total time for which application threads were stopped: 0.0001043 seconds, Stopping threads took: 0.0000412 seconds
2019-01-30T13:06:27.274+0600: 5384.831: Total time for which application threads were stopped: 0.0001275 seconds, Stopping threads took: 0.0000531 seconds
 CMS: abort preclean due to time 2019-01-30T13:06:32.412+0600: 5389.968: [CMS-concurrent-abortable-preclean: 3.595/6.170 secs] [Times: user=9.87 sys=0.05, real=6.17 secs] 
2019-01-30T13:06:32.412+0600: 5389.968: [GC (CMS Final Remark) [YG occupancy: 108319 K (109248 K)]{Heap before GC invocations=19930 (full 21):
 par new generation   total 109248K, used 108319K [0x00000007a0000000, 0x00000007a8000000, 0x00000007a8000000)
  eden space 87424K,  98% used [0x00000007a0000000, 0x00000007a5477ca8, 0x00000007a5560000)
  from space 21824K, 100% used [0x00000007a5560000, 0x00000007a6ab0000, 0x00000007a6ab0000)
  to   space 21824K,   0% used [0x00000007a6ab0000, 0x00000007a6ab0000, 0x00000007a8000000)
 concurrent mark-sweep generation total 393216K, used 226919K [0x00000007a8000000, 0x00000007c0000000, 0x00000007c0000000)
 Metaspace       used 45128K, capacity 46518K, committed 46764K, reserved 1089536K
  class space    used 5466K, capacity 5794K, committed 5804K, reserved 1048576K
2019-01-30T13:06:32.412+0600: 5389.968: [GC (CMS Final Remark) 2019-01-30T13:06:32.412+0600: 5389.968: [ParNew
Desired survivor size 20112992 bytes, new threshold 8 (max 8)
- age   1:    3764944 bytes,    3764944 total
- age   2:    7051400 bytes,   10816344 total
: 108319K->20319K(109248K), 0.0423131 secs] 335238K->261583K(502464K), 0.0424009 secs] [Times: user=0.13 sys=0.02, real=0.04 secs] 
Heap after GC invocations=19931 (full 21):
 par new generation   total 109248K, used 20319K [0x00000007a0000000, 0x00000007a8000000, 0x00000007a8000000)
  eden space 87424K,   0% used [0x00000007a0000000, 0x00000007a0000000, 0x00000007a5560000)
  from space 21824K,  93% used [0x00000007a6ab0000, 0x00000007a7e87f80, 0x00000007a8000000)
  to   space 21824K,   0% used [0x00000007a5560000, 0x00000007a5560000, 0x00000007a6ab0000)
 concurrent mark-sweep generation total 393216K, used 241263K [0x00000007a8000000, 0x00000007c0000000, 0x00000007c0000000)
 Metaspace       used 45128K, capacity 46518K, committed 46764K, reserved 1089536K
  class space    used 5466K, capacity 5794K, committed 5804K, reserved 1048576K
}
2019-01-30T13:06:32.454+0600: 5390.010: [Rescan (parallel) , 0.0144543 secs]2019-01-30T13:06:32.469+0600: 5390.025: [weak refs processing, 0.0013784 secs]2019-01-30T13:06:32.470+0600: 5390.026: [class unloading, 0.0426056 secs]2019-01-30T13:06:32.513+0600: 5390.069: [scrub symbol table, 0.0126457 secs]2019-01-30T13:06:32.526+0600: 5390.082: [scrub string table, 0.0006833 secs][1 CMS-remark: 241263K(393216K)] 261583K(502464K), 0.1147898 secs] [Times: user=0.21 sys=0.05, real=0.11 secs] 
2019-01-30T13:06:32.527+0600: 5390.083: Total time for which application threads were stopped: 0.1149729 seconds, Stopping threads took: 0.0000617 seconds
2019-01-30T13:06:32.527+0600: 5390.083: [CMS-concurrent-sweep-start]
2019-01-30T13:06:32.527+0600: 5390.083: Total time for which application threads were stopped: 0.0001191 seconds, Stopping threads took: 0.0000586 seconds
2019-01-30T13:06:32.725+0600: 5390.281: [CMS-concurrent-sweep: 0.198/0.198 secs] [Times: user=0.34 sys=0.05, real=0.20 secs] 
2019-01-30T13:06:32.725+0600: 5390.281: [CMS-concurrent-reset-start]
2019-01-30T13:06:32.727+0600: 5390.283: [CMS-concurrent-reset: 0.002/0.002 secs] [Times: user=0.00 sys=0.00, real=0.00 secs] 
2019-01-30T13:06:33.532+0600: 5391.088: Total time for which application threads were stopped: 0.0002063 seconds, Stopping threads took: 0.0000830 seconds
2019-01-30T13:06:34.732+0600: 5392.288: [GC (CMS Initial Mark) [1 CMS-initial-mark: 214734K(393216K)] 235930K(502464K), 0.0131304 secs] [Times: user=0.02 sys=0.00, real=0.01 secs] 
2019-01-30T13:06:34.745+0600: 5392.301: Total time for which application threads were stopped: 0.0133912 seconds, Stopping threads took: 0.0001047 seconds
2019-01-30T13:06:34.745+0600: 5392.301: [CMS-concurrent-mark-start]
2019-01-30T13:06:34.928+0600: 5392.484: [CMS-concurrent-mark: 0.183/0.183 secs] [Times: user=0.72 sys=0.01, real=0.18 secs] 
2019-01-30T13:06:34.928+0600: 5392.484: [CMS-concurrent-preclean-start]
2019-01-30T13:06:34.929+0600: 5392.485: [CMS-concurrent-preclean: 0.002/0.002 secs] [Times: user=0.00 sys=0.00, real=0.00 secs] 
2019-01-30T13:06:34.930+0600: 5392.486: [GC (CMS Final Remark) [YG occupancy: 21195 K (109248 K)]{Heap before GC invocations=19931 (full 22):
 par new generation   total 109248K, used 21195K [0x00000007a0000000, 0x00000007a8000000, 0x00000007a8000000)
  eden space 87424K,   1% used [0x00000007a0000000, 0x00000007a00dadc8, 0x00000007a5560000)
  from space 21824K,  93% used [0x00000007a6ab0000, 0x00000007a7e87f80, 0x00000007a8000000)
  to   space 21824K,   0% used [0x00000007a5560000, 0x00000007a5560000, 0x00000007a6ab0000)
 concurrent mark-sweep generation total 393216K, used 214734K [0x00000007a8000000, 0x00000007c0000000, 0x00000007c0000000)
 Metaspace       used 45079K, capacity 46434K, committed 46764K, reserved 1089536K
  class space    used 5459K, capacity 5780K, committed 5804K, reserved 1048576K
2019-01-30T13:06:34.930+0600: 5392.486: [GC (CMS Final Remark) 2019-01-30T13:06:34.930+0600: 5392.486: [ParNew
Desired survivor size 20112992 bytes, new threshold 8 (max 8)
- age   1:     271640 bytes,     271640 total
- age   2:    3764616 bytes,    4036256 total
- age   3:    7051288 bytes,   11087544 total
: 21195K->13756K(109248K), 0.0103639 secs] 235930K->228490K(502464K), 0.0104565 secs] [Times: user=0.04 sys=0.00, real=0.01 secs] 
Heap after GC invocations=19932 (full 22):
 par new generation   total 109248K, used 13756K [0x00000007a0000000, 0x00000007a8000000, 0x00000007a8000000)
  eden space 87424K,   0% used [0x00000007a0000000, 0x00000007a0000000, 0x00000007a5560000)
  from space 21824K,  63% used [0x00000007a5560000, 0x00000007a62cf068, 0x00000007a6ab0000)
  to   space 21824K,   0% used [0x00000007a6ab0000, 0x00000007a6ab0000, 0x00000007a8000000)
 concurrent mark-sweep generation total 393216K, used 214734K [0x00000007a8000000, 0x00000007c0000000, 0x00000007c0000000)
 Metaspace       used 45079K, capacity 46434K, committed 46764K, reserved 1089536K
  class space    used 5459K, capacity 5780K, committed 5804K, reserved 1048576K
}
2019-01-30T13:06:34.940+0600: 5392.496: [Rescan (parallel) , 0.0103993 secs]2019-01-30T13:06:34.951+0600: 5392.507: [weak refs processing, 0.0010046 secs]2019-01-30T13:06:34.952+0600: 5392.508: [class unloading, 0.0080361 secs]2019-01-30T13:06:34.960+0600: 5392.516: [scrub symbol table, 0.0068583 secs]2019-01-30T13:06:34.967+0600: 5392.523: [scrub string table, 0.0005477 secs][1 CMS-remark: 214734K(393216K)] 228490K(502464K), 0.0377278 secs] [Times: user=0.10 sys=0.00, real=0.03 secs] 
2019-01-30T13:06:34.967+0600: 5392.523: Total time for which application threads were stopped: 0.0379220 seconds, Stopping threads took: 0.0000561 seconds
2019-01-30T13:06:34.968+0600: 5392.523: [CMS-concurrent-sweep-start]
2019-01-30T13:06:35.100+0600: 5392.656: [CMS-concurrent-sweep: 0.133/0.133 secs] [Times: user=0.25 sys=0.00, real=0.14 secs] 
2019-01-30T13:06:35.101+0600: 5392.656: [CMS-concurrent-reset-start]
2019-01-30T13:06:35.101+0600: 5392.657: [CMS-concurrent-reset: 0.000/0.000 secs] [Times: user=0.00 sys=0.00, real=0.00 secs] 
2019-01-30T13:06:37.102+0600: 5394.658: [GC (CMS Initial Mark) [1 CMS-initial-mark: 214678K(393216K)] 228872K(502464K), 0.0145109 secs] [Times: user=0.02 sys=0.00, real=0.01 secs] 
2019-01-30T13:06:37.117+0600: 5394.673: Total time for which application threads were stopped: 0.0147436 seconds, Stopping threads took: 0.0000807 seconds
2019-01-30T13:06:37.117+0600: 5394.673: [CMS-concurrent-mark-start]
2019-01-30T13:06:37.311+0600: 5394.866: [CMS-concurrent-mark: 0.194/0.194 secs] [Times: user=0.73 sys=0.00, real=0.20 secs] 
2019-01-30T13:06:37.311+0600: 5394.866: [CMS-concurrent-preclean-start]
2019-01-30T13:06:37.312+0600: 5394.868: [CMS-concurrent-preclean: 0.001/0.001 secs] [Times: user=0.01 sys=0.00, real=0.00 secs] 
2019-01-30T13:06:37.312+0600: 5394.868: [GC (CMS Final Remark) [YG occupancy: 14631 K (109248 K)]{Heap before GC invocations=19932 (full 23):
 par new generation   total 109248K, used 14631K [0x00000007a0000000, 0x00000007a8000000, 0x00000007a8000000)
  eden space 87424K,   1% used [0x00000007a0000000, 0x00000007a00dadc8, 0x00000007a5560000)
  from space 21824K,  63% used [0x00000007a5560000, 0x00000007a62cf068, 0x00000007a6ab0000)
  to   space 21824K,   0% used [0x00000007a6ab0000, 0x00000007a6ab0000, 0x00000007a8000000)
 concurrent mark-sweep generation total 393216K, used 214678K [0x00000007a8000000, 0x00000007c0000000, 0x00000007c0000000)
 Metaspace       used 45079K, capacity 46434K, committed 46764K, reserved 1089536K
  class space    used 5459K, capacity 5780K, committed 5804K, reserved 1048576K
2019-01-30T13:06:37.312+0600: 5394.868: [GC (CMS Final Remark) 2019-01-30T13:06:37.312+0600: 5394.868: [ParNew
Desired survivor size 20112992 bytes, new threshold 8 (max 8)
- age   1:     263424 bytes,     263424 total
- age   2:     271496 bytes,     534920 total
- age   3:    3764616 bytes,    4299536 total
- age   4:    7051288 bytes,   11350824 total
: 14631K->12442K(109248K), 0.0116424 secs] 229310K->227120K(502464K), 0.0117233 secs] [Times: user=0.04 sys=0.00, real=0.01 secs] 
Heap after GC invocations=19933 (full 23):
 par new generation   total 109248K, used 12442K [0x00000007a0000000, 0x00000007a8000000, 0x00000007a8000000)
  eden space 87424K,   0% used [0x00000007a0000000, 0x00000007a0000000, 0x00000007a5560000)
  from space 21824K,  57% used [0x00000007a6ab0000, 0x00000007a76d6968, 0x00000007a8000000)
  to   space 21824K,   0% used [0x00000007a5560000, 0x00000007a5560000, 0x00000007a6ab0000)
 concurrent mark-sweep generation total 393216K, used 214678K [0x00000007a8000000, 0x00000007c0000000, 0x00000007c0000000)
 Metaspace       used 45079K, capacity 46434K, committed 46764K, reserved 1089536K
  class space    used 5459K, capacity 5780K, committed 5804K, reserved 1048576K
}
2019-01-30T13:06:37.324+0600: 5394.880: [Rescan (parallel) , 0.0106737 secs]2019-01-30T13:06:37.335+0600: 5394.891: [weak refs processing, 0.0010216 secs]2019-01-30T13:06:37.336+0600: 5394.892: [class unloading, 0.0094381 secs]2019-01-30T13:06:37.345+0600: 5394.901: [scrub symbol table, 0.0096954 secs]2019-01-30T13:06:37.355+0600: 5394.911: [scrub string table, 0.0012524 secs][1 CMS-remark: 214678K(393216K)] 227120K(502464K), 0.0442401 secs] [Times: user=0.10 sys=0.01, real=0.04 secs] 
2019-01-30T13:06:37.357+0600: 5394.913: Total time for which application threads were stopped: 0.0444230 seconds, Stopping threads took: 0.0000465 seconds
2019-01-30T13:06:37.357+0600: 5394.913: [CMS-concurrent-sweep-start]
2019-01-30T13:06:37.476+0600: 5395.032: [CMS-concurrent-sweep: 0.119/0.119 secs] [Times: user=0.23 sys=0.00, real=0.12 secs] 
2019-01-30T13:06:37.476+0600: 5395.032: [CMS-concurrent-reset-start]
2019-01-30T13:06:37.476+0600: 5395.032: [CMS-concurrent-reset: 0.001/0.001 secs] [Times: user=0.00 sys=0.00, real=0.00 secs] 
2019-01-30T13:06:39.477+0600: 5397.033: [GC (CMS Initial Mark) [1 CMS-initial-mark: 214677K(393216K)] 227995K(502464K), 0.0147526 secs] [Times: user=0.03 sys=0.00, real=0.02 secs] 
2019-01-30T13:06:39.492+0600: 5397.048: Total time for which application threads were stopped: 0.0149961 seconds, Stopping threads took: 0.0000969 seconds
2019-01-30T13:06:39.492+0600: 5397.048: [CMS-concurrent-mark-start]
2019-01-30T13:06:39.719+0600: 5397.275: [CMS-concurrent-mark: 0.227/0.227 secs] [Times: user=0.74 sys=0.00, real=0.22 secs] 
2019-01-30T13:06:39.719+0600: 5397.275: [CMS-concurrent-preclean-start]
2019-01-30T13:06:39.721+0600: 5397.276: [CMS-concurrent-preclean: 0.001/0.001 secs] [Times: user=0.01 sys=0.00, real=0.01 secs] 
2019-01-30T13:06:39.721+0600: 5397.277: [GC (CMS Final Remark) [YG occupancy: 13317 K (109248 K)]{Heap before GC invocations=19933 (full 24):
 par new generation   total 109248K, used 13317K [0x00000007a0000000, 0x00000007a8000000, 0x00000007a8000000)
  eden space 87424K,   1% used [0x00000007a0000000, 0x00000007a00dadc8, 0x00000007a5560000)
  from space 21824K,  57% used [0x00000007a6ab0000, 0x00000007a76d6968, 0x00000007a8000000)
  to   space 21824K,   0% used [0x00000007a5560000, 0x00000007a5560000, 0x00000007a6ab0000)
 concurrent mark-sweep generation total 393216K, used 214677K [0x00000007a8000000, 0x00000007c0000000, 0x00000007c0000000)
 Metaspace       used 45079K, capacity 46434K, committed 46764K, reserved 1089536K
  class space    used 5459K, capacity 5780K, committed 5804K, reserved 1048576K
2019-01-30T13:06:39.721+0600: 5397.277: [GC (CMS Final Remark) 2019-01-30T13:06:39.721+0600: 5397.277: [ParNew
Desired survivor size 20112992 bytes, new threshold 8 (max 8)
- age   1:     302504 bytes,     302504 total
- age   2:     263400 bytes,     565904 total
- age   3:     271496 bytes,     837400 total
- age   4:    3764616 bytes,    4602016 total
- age   5:    7051288 bytes,   11653304 total
: 13317K->13814K(109248K), 0.0108059 secs] 227995K->228492K(502464K), 0.0108982 secs] [Times: user=0.04 sys=0.01, real=0.01 secs] 
Heap after GC invocations=19934 (full 24):
 par new generation   total 109248K, used 13814K [0x00000007a0000000, 0x00000007a8000000, 0x00000007a8000000)
  eden space 87424K,   0% used [0x00000007a0000000, 0x00000007a0000000, 0x00000007a5560000)
  from space 21824K,  63% used [0x00000007a5560000, 0x00000007a62dd8e8, 0x00000007a6ab0000)
  to   space 21824K,   0% used [0x00000007a6ab0000, 0x00000007a6ab0000, 0x00000007a8000000)
 concurrent mark-sweep generation total 393216K, used 214677K [0x00000007a8000000, 0x00000007c0000000, 0x00000007c0000000)
 Metaspace       used 45079K, capacity 46434K, committed 46764K, reserved 1089536K
  class space    used 5459K, capacity 5780K, committed 5804K, reserved 1048576K
}
2019-01-30T13:06:39.732+0600: 5397.288: [Rescan (parallel) , 0.0102764 secs]2019-01-30T13:06:39.742+0600: 5397.298: [weak refs processing, 0.0011442 secs]2019-01-30T13:06:39.743+0600: 5397.299: [class unloading, 0.0081834 secs]2019-01-30T13:06:39.752+0600: 5397.307: [scrub symbol table, 0.0089830 secs]2019-01-30T13:06:39.761+0600: 5397.316: [scrub string table, 0.0007033 secs][1 CMS-remark: 214677K(393216K)] 228492K(502464K), 0.0406825 secs] [Times: user=0.10 sys=0.01, real=0.04 secs] 
2019-01-30T13:06:39.762+0600: 5397.317: Total time for which application threads were stopped: 0.0408655 seconds, Stopping threads took: 0.0000553 seconds
2019-01-30T13:06:39.762+0600: 5397.317: [CMS-concurrent-sweep-start]
2019-01-30T13:06:39.924+0600: 5397.480: [CMS-concurrent-sweep: 0.162/0.162 secs] [Times: user=0.31 sys=0.00, real=0.16 secs] 
2019-01-30T13:06:39.924+0600: 5397.480: [CMS-concurrent-reset-start]
2019-01-30T13:06:39.925+0600: 5397.480: [CMS-concurrent-reset: 0.000/0.000 secs] [Times: user=0.00 sys=0.00, real=0.00 secs] 
2019-01-30T13:06:41.263+0600: 5398.819: Total time for which application threads were stopped: 0.0002237 seconds, Stopping threads took: 0.0000885 seconds
2019-01-30T13:06:41.924+0600: 5399.480: [GC (CMS Initial Mark) [1 CMS-initial-mark: 214677K(393216K)] 267412K(502464K), 0.0147644 secs] [Times: user=0.03 sys=0.00, real=0.01 secs] 
2019-01-30T13:06:41.939+0600: 5399.495: Total time for which application threads were stopped: 0.0150769 seconds, Stopping threads took: 0.0000785 seconds
2019-01-30T13:06:41.939+0600: 5399.495: [CMS-concurrent-mark-start]
2019-01-30T13:06:42.128+0600: 5399.683: [CMS-concurrent-mark: 0.188/0.188 secs] [Times: user=0.65 sys=0.01, real=0.19 secs] 
2019-01-30T13:06:42.128+0600: 5399.683: [CMS-concurrent-preclean-start]
2019-01-30T13:06:42.129+0600: 5399.685: [CMS-concurrent-preclean: 0.002/0.002 secs] [Times: user=0.00 sys=0.00, real=0.01 secs] 
2019-01-30T13:06:42.130+0600: 5399.685: [CMS-concurrent-abortable-preclean-start]
2019-01-30T13:06:46.953+0600: 5404.509: Total time for which application threads were stopped: 0.0001671 seconds, Stopping threads took: 0.0000862 seconds
 CMS: abort preclean due to time 2019-01-30T13:06:48.267+0600: 5405.823: [CMS-concurrent-abortable-preclean: 2.174/6.138 secs] [Times: user=8.02 sys=0.05, real=6.13 secs] 
2019-01-30T13:06:48.271+0600: 5405.826: [GC (CMS Final Remark) [YG occupancy: 54370 K (109248 K)]{Heap before GC invocations=19934 (full 25):
 par new generation   total 109248K, used 54370K [0x00000007a0000000, 0x00000007a8000000, 0x00000007a8000000)
  eden space 87424K,  46% used [0x00000007a0000000, 0x00000007a279b038, 0x00000007a5560000)
  from space 21824K,  63% used [0x00000007a5560000, 0x00000007a62dd8e8, 0x00000007a6ab0000)
  to   space 21824K,   0% used [0x00000007a6ab0000, 0x00000007a6ab0000, 0x00000007a8000000)
 concurrent mark-sweep generation total 393216K, used 214677K [0x00000007a8000000, 0x00000007c0000000, 0x00000007c0000000)
 Metaspace       used 45095K, capacity 46498K, committed 46764K, reserved 1089536K
  class space    used 5459K, capacity 5780K, committed 5804K, reserved 1048576K
2019-01-30T13:06:48.271+0600: 5405.826: [GC (CMS Final Remark) 2019-01-30T13:06:48.271+0600: 5405.827: [ParNew
Desired survivor size 20112992 bytes, new threshold 8 (max 8)
- age   1:    1122552 bytes,    1122552 total
- age   2:     302480 bytes,    1425032 total
- age   3:     263400 bytes,    1688432 total
- age   4:     271496 bytes,    1959928 total
- age   5:    1407368 bytes,    3367296 total
- age   6:    7050664 bytes,   10417960 total
: 54370K->12876K(109248K), 0.0211859 secs] 269048K->227554K(502464K), 0.0217837 secs] [Times: user=0.04 sys=0.00, real=0.02 secs] 
Heap after GC invocations=19935 (full 25):
 par new generation   total 109248K, used 12876K [0x00000007a0000000, 0x00000007a8000000, 0x00000007a8000000)
  eden space 87424K,   0% used [0x00000007a0000000, 0x00000007a0000000, 0x00000007a5560000)
  from space 21824K,  58% used [0x00000007a6ab0000, 0x00000007a7743068, 0x00000007a8000000)
  to   space 21824K,   0% used [0x00000007a5560000, 0x00000007a5560000, 0x00000007a6ab0000)
 concurrent mark-sweep generation total 393216K, used 214677K [0x00000007a8000000, 0x00000007c0000000, 0x00000007c0000000)
 Metaspace       used 45095K, capacity 46498K, committed 46764K, reserved 1089536K
  class space    used 5459K, capacity 5780K, committed 5804K, reserved 1048576K
}
2019-01-30T13:06:48.293+0600: 5405.848: [Rescan (parallel) , 0.0161873 secs]2019-01-30T13:06:48.309+0600: 5405.864: [weak refs processing, 0.0026630 secs]2019-01-30T13:06:48.311+0600: 5405.867: [class unloading, 0.0106766 secs]2019-01-30T13:06:48.323+0600: 5405.878: [scrub symbol table, 0.0106494 secs]2019-01-30T13:06:48.335+0600: 5405.890: [scrub string table, 0.0008142 secs][1 CMS-remark: 214677K(393216K)] 227554K(502464K), 0.0662065 secs] [Times: user=0.10 sys=0.00, real=0.06 secs] 
2019-01-30T13:06:48.337+0600: 5405.892: Total time for which application threads were stopped: 0.0664447 seconds, Stopping threads took: 0.0000899 seconds
2019-01-30T13:06:48.337+0600: 5405.892: [CMS-concurrent-sweep-start]
2019-01-30T13:06:48.499+0600: 5406.054: [CMS-concurrent-sweep: 0.162/0.162 secs] [Times: user=0.30 sys=0.01, real=0.16 secs] 
2019-01-30T13:06:48.499+0600: 5406.054: [CMS-concurrent-reset-start]
2019-01-30T13:06:48.499+0600: 5406.055: [CMS-concurrent-reset: 0.000/0.000 secs] [Times: user=0.00 sys=0.00, real=0.00 secs] 
2019-01-30T13:06:50.500+0600: 5408.055: [GC (CMS Initial Mark) [1 CMS-initial-mark: 214631K(393216K)] 228383K(502464K), 0.0152160 secs] [Times: user=0.03 sys=0.00, real=0.01 secs] 
2019-01-30T13:06:50.515+0600: 5408.070: Total time for which application threads were stopped: 0.0154871 seconds, Stopping threads took: 0.0000739 seconds
2019-01-30T13:06:50.515+0600: 5408.070: [CMS-concurrent-mark-start]
2019-01-30T13:06:50.694+0600: 5408.249: [CMS-concurrent-mark: 0.179/0.179 secs] [Times: user=0.67 sys=0.00, real=0.18 secs] 
2019-01-30T13:06:50.694+0600: 5408.249: [CMS-concurrent-preclean-start]
2019-01-30T13:06:50.695+0600: 5408.250: [CMS-concurrent-preclean: 0.001/0.001 secs] [Times: user=0.00 sys=0.00, real=0.00 secs] 
2019-01-30T13:06:50.695+0600: 5408.251: [GC (CMS Final Remark) [YG occupancy: 13751 K (109248 K)]{Heap before GC invocations=19935 (full 26):
 par new generation   total 109248K, used 13751K [0x00000007a0000000, 0x00000007a8000000, 0x00000007a8000000)
  eden space 87424K,   1% used [0x00000007a0000000, 0x00000007a00dadd0, 0x00000007a5560000)
  from space 21824K,  58% used [0x00000007a6ab0000, 0x00000007a7743068, 0x00000007a8000000)
  to   space 21824K,   0% used [0x00000007a5560000, 0x00000007a5560000, 0x00000007a6ab0000)
 concurrent mark-sweep generation total 393216K, used 214631K [0x00000007a8000000, 0x00000007c0000000, 0x00000007c0000000)
 Metaspace       used 45095K, capacity 46498K, committed 46764K, reserved 1089536K
  class space    used 5459K, capacity 5780K, committed 5804K, reserved 1048576K
2019-01-30T13:06:50.695+0600: 5408.251: [GC (CMS Final Remark) 2019-01-30T13:06:50.695+0600: 5408.251: [ParNew
Desired survivor size 20112992 bytes, new threshold 8 (max 8)
- age   1:     330656 bytes,     330656 total
- age   2:    1122528 bytes,    1453184 total
- age   3:     302480 bytes,    1755664 total
- age   4:     263400 bytes,    2019064 total
- age   5:     271496 bytes,    2290560 total
- age   6:    1407024 bytes,    3697584 total
- age   7:    7050664 bytes,   10748248 total
: 13751K->11873K(109248K), 0.0119643 secs] 228383K->226505K(502464K), 0.0120451 secs] [Times: user=0.04 sys=0.00, real=0.01 secs] 
Heap after GC invocations=19936 (full 26):
 par new generation   total 109248K, used 11873K [0x00000007a0000000, 0x00000007a8000000, 0x00000007a8000000)
  eden space 87424K,   0% used [0x00000007a0000000, 0x00000007a0000000, 0x00000007a5560000)
  from space 21824K,  54% used [0x00000007a5560000, 0x00000007a60f85b8, 0x00000007a6ab0000)
  to   space 21824K,   0% used [0x00000007a6ab0000, 0x00000007a6ab0000, 0x00000007a8000000)
 concurrent mark-sweep generation total 393216K, used 214631K [0x00000007a8000000, 0x00000007c0000000, 0x00000007c0000000)
 Metaspace       used 45095K, capacity 46498K, committed 46764K, reserved 1089536K
  class space    used 5459K, capacity 5780K, committed 5804K, reserved 1048576K
}
2019-01-30T13:06:50.707+0600: 5408.263: [Rescan (parallel) , 0.0111842 secs]2019-01-30T13:06:50.719+0600: 5408.274: [weak refs processing, 0.0014613 secs]2019-01-30T13:06:50.720+0600: 5408.276: [class unloading, 0.0083120 secs]2019-01-30T13:06:50.729+0600: 5408.284: [scrub symbol table, 0.0075783 secs]2019-01-30T13:06:50.736+0600: 5408.292: [scrub string table, 0.0005420 secs][1 CMS-remark: 214631K(393216K)] 226505K(502464K), 0.0415468 secs] [Times: user=0.11 sys=0.00, real=0.04 secs] 
2019-01-30T13:06:50.737+0600: 5408.292: Total time for which application threads were stopped: 0.0417452 seconds, Stopping threads took: 0.0000709 seconds
2019-01-30T13:06:50.737+0600: 5408.292: [CMS-concurrent-sweep-start]
2019-01-30T13:06:50.839+0600: 5408.395: [CMS-concurrent-sweep: 0.102/0.102 secs] [Times: user=0.19 sys=0.00, real=0.10 secs] 
2019-01-30T13:06:50.839+0600: 5408.395: [CMS-concurrent-reset-start]
2019-01-30T13:06:50.840+0600: 5408.395: [CMS-concurrent-reset: 0.001/0.001 secs] [Times: user=0.00 sys=0.00, real=0.01 secs] 
2019-01-30T13:06:52.844+0600: 5410.399: [GC (CMS Initial Mark) [1 CMS-initial-mark: 214629K(393216K)] 227378K(502464K), 0.0159027 secs] [Times: user=0.02 sys=0.00, real=0.02 secs] 
2019-01-30T13:06:52.860+0600: 5410.415: Total time for which application threads were stopped: 0.0161722 seconds, Stopping threads took: 0.0000815 seconds
2019-01-30T13:06:52.860+0600: 5410.415: [CMS-concurrent-mark-start]
2019-01-30T13:06:53.084+0600: 5410.640: [CMS-concurrent-mark: 0.224/0.224 secs] [Times: user=0.75 sys=0.00, real=0.22 secs] 
2019-01-30T13:06:53.084+0600: 5410.640: [CMS-concurrent-preclean-start]
2019-01-30T13:06:53.086+0600: 5410.641: [CMS-concurrent-preclean: 0.001/0.001 secs] [Times: user=0.01 sys=0.00, real=0.00 secs] 
2019-01-30T13:06:53.086+0600: 5410.641: [GC (CMS Final Remark) [YG occupancy: 12748 K (109248 K)]{Heap before GC invocations=19936 (full 27):
 par new generation   total 109248K, used 12748K [0x00000007a0000000, 0x00000007a8000000, 0x00000007a8000000)
  eden space 87424K,   1% used [0x00000007a0000000, 0x00000007a00dadc8, 0x00000007a5560000)
  from space 21824K,  54% used [0x00000007a5560000, 0x00000007a60f85b8, 0x00000007a6ab0000)
  to   space 21824K,   0% used [0x00000007a6ab0000, 0x00000007a6ab0000, 0x00000007a8000000)
 concurrent mark-sweep generation total 393216K, used 214629K [0x00000007a8000000, 0x00000007c0000000, 0x00000007c0000000)
 Metaspace       used 45095K, capacity 46498K, committed 46764K, reserved 1089536K
  class space    used 5459K, capacity 5780K, committed 5804K, reserved 1048576K
2019-01-30T13:06:53.086+0600: 5410.642: [GC (CMS Final Remark) 2019-01-30T13:06:53.086+0600: 5410.642: [ParNew
Desired survivor size 20112992 bytes, new threshold 8 (max 8)
- age   1:     305648 bytes,     305648 total
- age   2:     330512 bytes,     636160 total
- age   3:    1122528 bytes,    1758688 total
- age   4:     302480 bytes,    2061168 total
- age   5:     263400 bytes,    2324568 total
- age   6:     271496 bytes,    2596064 total
- age   7:    1406928 bytes,    4002992 total
- age   8:    7050664 bytes,   11053656 total
: 12748K->13124K(109248K), 0.0130275 secs] 227378K->227753K(502464K), 0.0131051 secs] [Times: user=0.04 sys=0.01, real=0.01 secs] 
Heap after GC invocations=19937 (full 27):
 par new generation   total 109248K, used 13124K [0x00000007a0000000, 0x00000007a8000000, 0x00000007a8000000)
  eden space 87424K,   0% used [0x00000007a0000000, 0x00000007a0000000, 0x00000007a5560000)
  from space 21824K,  60% used [0x00000007a6ab0000, 0x00000007a77810e0, 0x00000007a8000000)
  to   space 21824K,   0% used [0x00000007a5560000, 0x00000007a5560000, 0x00000007a6ab0000)
 concurrent mark-sweep generation total 393216K, used 214629K [0x00000007a8000000, 0x00000007c0000000, 0x00000007c0000000)
 Metaspace       used 45095K, capacity 46498K, committed 46764K, reserved 1089536K
  class space    used 5459K, capacity 5780K, committed 5804K, reserved 1048576K
}
2019-01-30T13:06:53.099+0600: 5410.655: [Rescan (parallel) , 0.0123782 secs]2019-01-30T13:06:53.112+0600: 5410.667: [weak refs processing, 0.0023696 secs]2019-01-30T13:06:53.114+0600: 5410.670: [class unloading, 0.0116646 secs]2019-01-30T13:06:53.126+0600: 5410.681: [scrub symbol table, 0.0100062 secs]2019-01-30T13:06:53.136+0600: 5410.691: [scrub string table, 0.0010562 secs][1 CMS-remark: 214629K(393216K)] 227753K(502464K), 0.0510288 secs] [Times: user=0.10 sys=0.01, real=0.05 secs] 
2019-01-30T13:06:53.137+0600: 5410.693: Total time for which application threads were stopped: 0.0512620 seconds, Stopping threads took: 0.0000914 seconds
2019-01-30T13:06:53.137+0600: 5410.693: [CMS-concurrent-sweep-start]
2019-01-30T13:06:53.234+0600: 5410.789: [CMS-concurrent-sweep: 0.097/0.097 secs] [Times: user=0.18 sys=0.00, real=0.10 secs] 
2019-01-30T13:06:53.234+0600: 5410.789: [CMS-concurrent-reset-start]
2019-01-30T13:06:53.234+0600: 5410.790: [CMS-concurrent-reset: 0.000/0.000 secs] [Times: user=0.00 sys=0.00, real=0.00 secs] 
2019-01-30T13:06:55.236+0600: 5412.791: [GC (CMS Initial Mark) [1 CMS-initial-mark: 214629K(393216K)] 228628K(502464K), 0.0171829 secs] [Times: user=0.03 sys=0.00, real=0.02 secs] 
2019-01-30T13:06:55.253+0600: 5412.809: Total time for which application threads were stopped: 0.0174633 seconds, Stopping threads took: 0.0000848 seconds
2019-01-30T13:06:55.253+0600: 5412.809: [CMS-concurrent-mark-start]
2019-01-30T13:06:55.498+0600: 5413.053: [CMS-concurrent-mark: 0.245/0.245 secs] [Times: user=0.75 sys=0.01, real=0.24 secs] 
2019-01-30T13:06:55.498+0600: 5413.053: [CMS-concurrent-preclean-start]
2019-01-30T13:06:55.499+0600: 5413.055: [CMS-concurrent-preclean: 0.002/0.002 secs] [Times: user=0.01 sys=0.00, real=0.01 secs] 
2019-01-30T13:06:55.500+0600: 5413.055: [GC (CMS Final Remark) [YG occupancy: 13999 K (109248 K)]{Heap before GC invocations=19937 (full 28):
 par new generation   total 109248K, used 13999K [0x00000007a0000000, 0x00000007a8000000, 0x00000007a8000000)
  eden space 87424K,   1% used [0x00000007a0000000, 0x00000007a00dadc8, 0x00000007a5560000)
  from space 21824K,  60% used [0x00000007a6ab0000, 0x00000007a77810e0, 0x00000007a8000000)
  to   space 21824K,   0% used [0x00000007a5560000, 0x00000007a5560000, 0x00000007a6ab0000)
 concurrent mark-sweep generation total 393216K, used 214629K [0x00000007a8000000, 0x00000007c0000000, 0x00000007c0000000)
 Metaspace       used 45095K, capacity 46498K, committed 46764K, reserved 1089536K
  class space    used 5459K, capacity 5780K, committed 5804K, reserved 1048576K
2019-01-30T13:06:55.500+0600: 5413.055: [GC (CMS Final Remark) 2019-01-30T13:06:55.500+0600: 5413.055: [ParNew
Desired survivor size 20112992 bytes, new threshold 8 (max 8)
- age   1:     295752 bytes,     295752 total
- age   2:     305504 bytes,     601256 total
- age   3:     330512 bytes,     931768 total
- age   4:    1122528 bytes,    2054296 total
- age   5:     302480 bytes,    2356776 total
- age   6:     263400 bytes,    2620176 total
- age   7:     271496 bytes,    2891672 total
- age   8:    1406928 bytes,    4298600 total
: 13999K->5354K(109248K), 0.0183616 secs] 228628K->226869K(502464K), 0.0184524 secs] [Times: user=0.06 sys=0.00, real=0.01 secs] 
Heap after GC invocations=19938 (full 28):
 par new generation   total 109248K, used 5354K [0x00000007a0000000, 0x00000007a8000000, 0x00000007a8000000)
  eden space 87424K,   0% used [0x00000007a0000000, 0x00000007a0000000, 0x00000007a5560000)
  from space 21824K,  24% used [0x00000007a5560000, 0x00000007a5a9aa48, 0x00000007a6ab0000)
  to   space 21824K,   0% used [0x00000007a6ab0000, 0x00000007a6ab0000, 0x00000007a8000000)
 concurrent mark-sweep generation total 393216K, used 221515K [0x00000007a8000000, 0x00000007c0000000, 0x00000007c0000000)
 Metaspace       used 45095K, capacity 46498K, committed 46764K, reserved 1089536K
  class space    used 5459K, capacity 5780K, committed 5804K, reserved 1048576K
}
2019-01-30T13:06:55.518+0600: 5413.074: [Rescan (parallel) , 0.0113132 secs]2019-01-30T13:06:55.530+0600: 5413.085: [weak refs processing, 0.0018379 secs]2019-01-30T13:06:55.532+0600: 5413.087: [class unloading, 0.0121370 secs]2019-01-30T13:06:55.544+0600: 5413.099: [scrub symbol table, 0.0093535 secs]2019-01-30T13:06:55.553+0600: 5413.108: [scrub string table, 0.0007536 secs][1 CMS-remark: 221515K(393216K)] 226869K(502464K), 0.0543101 secs] [Times: user=0.12 sys=0.00, real=0.05 secs] 
2019-01-30T13:06:55.554+0600: 5413.109: Total time for which application threads were stopped: 0.0545397 seconds, Stopping threads took: 0.0000656 seconds
2019-01-30T13:06:55.554+0600: 5413.110: [CMS-concurrent-sweep-start]
2019-01-30T13:06:55.659+0600: 5413.215: [CMS-concurrent-sweep: 0.105/0.105 secs] [Times: user=0.20 sys=0.00, real=0.10 secs] 
2019-01-30T13:06:55.659+0600: 5413.215: [CMS-concurrent-reset-start]
2019-01-30T13:06:55.660+0600: 5413.215: [CMS-concurrent-reset: 0.000/0.000 secs] [Times: user=0.00 sys=0.00, real=0.01 secs] 
2019-01-30T13:06:56.254+0600: 5413.809: Total time for which application threads were stopped: 0.0002770 seconds, Stopping threads took: 0.0001368 seconds
2019-01-30T13:06:56.254+0600: 5413.809: Total time for which application threads were stopped: 0.0001856 seconds, Stopping threads took: 0.0000775 seconds
2019-01-30T13:06:56.254+0600: 5413.810: Total time for which application threads were stopped: 0.0001210 seconds, Stopping threads took: 0.0000470 seconds
2019-01-30T13:06:56.255+0600: 5413.810: Total time for which application threads were stopped: 0.0001163 seconds, Stopping threads took: 0.0000590 seconds
2019-01-30T13:06:57.660+0600: 5415.216: [GC (CMS Initial Mark) [1 CMS-initial-mark: 221515K(393216K)] 231851K(502464K), 0.0030583 secs] [Times: user=0.01 sys=0.00, real=0.00 secs] 
2019-01-30T13:06:57.663+0600: 5415.219: Total time for which application threads were stopped: 0.0033089 seconds, Stopping threads took: 0.0000737 seconds
2019-01-30T13:06:57.664+0600: 5415.219: [CMS-concurrent-mark-start]
2019-01-30T13:06:57.893+0600: 5415.448: [CMS-concurrent-mark: 0.229/0.229 secs] [Times: user=0.83 sys=0.01, real=0.23 secs] 
2019-01-30T13:06:57.893+0600: 5415.448: [CMS-concurrent-preclean-start]
2019-01-30T13:06:57.895+0600: 5415.450: [CMS-concurrent-preclean: 0.002/0.002 secs] [Times: user=0.00 sys=0.00, real=0.00 secs] 
2019-01-30T13:06:57.895+0600: 5415.450: [CMS-concurrent-abortable-preclean-start]
 CMS: abort preclean due to time 2019-01-30T13:07:04.027+0600: 5421.582: [CMS-concurrent-abortable-preclean: 1.425/6.132 secs] [Times: user=7.47 sys=0.04, real=6.13 secs] 
2019-01-30T13:07:04.028+0600: 5421.583: [GC (CMS Final Remark) [YG occupancy: 11649 K (109248 K)]{Heap before GC invocations=19938 (full 29):
 par new generation   total 109248K, used 11649K [0x00000007a0000000, 0x00000007a8000000, 0x00000007a8000000)
  eden space 87424K,   7% used [0x00000007a0000000, 0x00000007a0625da8, 0x00000007a5560000)
  from space 21824K,  24% used [0x00000007a5560000, 0x00000007a5a9aa48, 0x00000007a6ab0000)
  to   space 21824K,   0% used [0x00000007a6ab0000, 0x00000007a6ab0000, 0x00000007a8000000)
 concurrent mark-sweep generation total 393216K, used 221515K [0x00000007a8000000, 0x00000007c0000000, 0x00000007c0000000)
 Metaspace       used 45110K, capacity 46498K, committed 46764K, reserved 1089536K
  class space    used 5459K, capacity 5780K, committed 5804K, reserved 1048576K
2019-01-30T13:07:04.028+0600: 5421.583: [GC (CMS Final Remark) 2019-01-30T13:07:04.028+0600: 5421.583: [ParNew
Desired survivor size 20112992 bytes, new threshold 8 (max 8)
- age   1:    3588176 bytes,    3588176 total
- age   2:     295728 bytes,    3883904 total
- age   3:     305504 bytes,    4189408 total
- age   4:     330512 bytes,    4519920 total
- age   5:    1122288 bytes,    5642208 total
- age   6:     302480 bytes,    5944688 total
- age   7:     263400 bytes,    6208088 total
- age   8:     271496 bytes,    6479584 total
: 11649K->8438K(109248K), 0.0129391 secs] 233165K->231314K(502464K), 0.0130296 secs] [Times: user=0.05 sys=0.00, real=0.02 secs] 
Heap after GC invocations=19939 (full 29):
 par new generation   total 109248K, used 8438K [0x00000007a0000000, 0x00000007a8000000, 0x00000007a8000000)
  eden space 87424K,   0% used [0x00000007a0000000, 0x00000007a0000000, 0x00000007a5560000)
  from space 21824K,  38% used [0x00000007a6ab0000, 0x00000007a72edac0, 0x00000007a8000000)
  to   space 21824K,   0% used [0x00000007a5560000, 0x00000007a5560000, 0x00000007a6ab0000)
 concurrent mark-sweep generation total 393216K, used 222876K [0x00000007a8000000, 0x00000007c0000000, 0x00000007c0000000)
 Metaspace       used 45110K, capacity 46498K, committed 46764K, reserved 1089536K
  class space    used 5459K, capacity 5780K, committed 5804K, reserved 1048576K
}
2019-01-30T13:07:04.041+0600: 5421.596: [Rescan (parallel) , 0.0063751 secs]2019-01-30T13:07:04.047+0600: 5421.602: [weak refs processing, 0.0008036 secs]2019-01-30T13:07:04.048+0600: 5421.603: [class unloading, 0.0086370 secs]2019-01-30T13:07:04.057+0600: 5421.612: [scrub symbol table, 0.0084244 secs]2019-01-30T13:07:04.065+0600: 5421.620: [scrub string table, 0.0007175 secs][1 CMS-remark: 222876K(393216K)] 231314K(502464K), 0.0384240 secs] [Times: user=0.09 sys=0.00, real=0.04 secs] 
2019-01-30T13:07:04.066+0600: 5421.621: Total time for which application threads were stopped: 0.0386510 seconds, Stopping threads took: 0.0000740 seconds
2019-01-30T13:07:04.066+0600: 5421.621: [CMS-concurrent-sweep-start]
2019-01-30T13:07:04.154+0600: 5421.709: [CMS-concurrent-sweep: 0.088/0.088 secs] [Times: user=0.17 sys=0.00, real=0.09 secs] 
2019-01-30T13:07:04.154+0600: 5421.709: [CMS-concurrent-reset-start]
2019-01-30T13:07:04.154+0600: 5421.709: [CMS-concurrent-reset: 0.000/0.000 secs] [Times: user=0.00 sys=0.00, real=0.00 secs] 
2019-01-30T13:07:06.159+0600: 5423.714: [GC (CMS Initial Mark) [1 CMS-initial-mark: 222866K(393216K)] 232182K(502464K), 0.0028423 secs] [Times: user=0.01 sys=0.00, real=0.01 secs] 
2019-01-30T13:07:06.162+0600: 5423.717: Total time for which application threads were stopped: 0.0030708 seconds, Stopping threads took: 0.0000774 seconds
2019-01-30T13:07:06.162+0600: 5423.717: [CMS-concurrent-mark-start]
2019-01-30T13:07:06.373+0600: 5423.928: [CMS-concurrent-mark: 0.212/0.212 secs] [Times: user=0.81 sys=0.00, real=0.21 secs] 
2019-01-30T13:07:06.374+0600: 5423.929: [CMS-concurrent-preclean-start]
2019-01-30T13:07:06.376+0600: 5423.931: [CMS-concurrent-preclean: 0.003/0.003 secs] [Times: user=0.00 sys=0.00, real=0.00 secs] 
2019-01-30T13:07:06.377+0600: 5423.932: [GC (CMS Final Remark) [YG occupancy: 9316 K (109248 K)]{Heap before GC invocations=19939 (full 30):
 par new generation   total 109248K, used 9316K [0x00000007a0000000, 0x00000007a8000000, 0x00000007a8000000)
  eden space 87424K,   1% used [0x00000007a0000000, 0x00000007a00db5d0, 0x00000007a5560000)
  from space 21824K,  38% used [0x00000007a6ab0000, 0x00000007a72edac0, 0x00000007a8000000)
  to   space 21824K,   0% used [0x00000007a5560000, 0x00000007a5560000, 0x00000007a6ab0000)
 concurrent mark-sweep generation total 393216K, used 222866K [0x00000007a8000000, 0x00000007c0000000, 0x00000007c0000000)
 Metaspace       used 45110K, capacity 46498K, committed 46764K, reserved 1089536K
  class space    used 5459K, capacity 5780K, committed 5804K, reserved 1048576K
2019-01-30T13:07:06.377+0600: 5423.932: [GC (CMS Final Remark) 2019-01-30T13:07:06.377+0600: 5423.932: [ParNew
Desired survivor size 20112992 bytes, new threshold 8 (max 8)
- age   1:     338488 bytes,     338488 total
- age   2:    3588032 bytes,    3926520 total
- age   3:     295728 bytes,    4222248 total
- age   4:     305504 bytes,    4527752 total
- age   5:     330512 bytes,    4858264 total
- age   6:    1122288 bytes,    5980552 total
- age   7:     302480 bytes,    6283032 total
- age   8:     263400 bytes,    6546432 total
: 9316K->7712K(109248K), 0.0108085 secs] 232182K->230844K(502464K), 0.0108887 secs] [Times: user=0.03 sys=0.00, real=0.01 secs] 
Heap after GC invocations=19940 (full 30):
 par new generation   total 109248K, used 7712K [0x00000007a0000000, 0x00000007a8000000, 0x00000007a8000000)
  eden space 87424K,   0% used [0x00000007a0000000, 0x00000007a0000000, 0x00000007a5560000)
  from space 21824K,  35% used [0x00000007a5560000, 0x00000007a5ce8178, 0x00000007a6ab0000)
  to   space 21824K,   0% used [0x00000007a6ab0000, 0x00000007a6ab0000, 0x00000007a8000000)
 concurrent mark-sweep generation total 393216K, used 223131K [0x00000007a8000000, 0x00000007c0000000, 0x00000007c0000000)
 Metaspace       used 45110K, capacity 46498K, committed 46764K, reserved 1089536K
  class space    used 5459K, capacity 5780K, committed 5804K, reserved 1048576K
}
2019-01-30T13:07:06.388+0600: 5423.943: [Rescan (parallel) , 0.0051804 secs]2019-01-30T13:07:06.393+0600: 5423.948: [weak refs processing, 0.0009082 secs]2019-01-30T13:07:06.394+0600: 5423.949: [class unloading, 0.0087199 secs]2019-01-30T13:07:06.403+0600: 5423.958: [scrub symbol table, 0.0091354 secs]2019-01-30T13:07:06.412+0600: 5423.967: [scrub string table, 0.0006688 secs][1 CMS-remark: 223131K(393216K)] 230844K(502464K), 0.0360267 secs] [Times: user=0.07 sys=0.00, real=0.04 secs] 
2019-01-30T13:07:06.413+0600: 5423.968: Total time for which application threads were stopped: 0.0362362 seconds, Stopping threads took: 0.0000737 seconds
2019-01-30T13:07:06.413+0600: 5423.968: [CMS-concurrent-sweep-start]
2019-01-30T13:07:06.507+0600: 5424.062: [CMS-concurrent-sweep: 0.094/0.094 secs] [Times: user=0.18 sys=0.00, real=0.09 secs] 
2019-01-30T13:07:06.507+0600: 5424.062: [CMS-concurrent-reset-start]
2019-01-30T13:07:06.507+0600: 5424.062: [CMS-concurrent-reset: 0.000/0.000 secs] [Times: user=0.00 sys=0.00, real=0.00 secs] 
2019-01-30T13:07:08.511+0600: 5426.066: [GC (CMS Initial Mark) [1 CMS-initial-mark: 223118K(393216K)] 231706K(502464K), 0.0029526 secs] [Times: user=0.01 sys=0.00, real=0.00 secs] 
2019-01-30T13:07:08.514+0600: 5426.069: Total time for which application threads were stopped: 0.0031697 seconds, Stopping threads took: 0.0000715 seconds
2019-01-30T13:07:08.514+0600: 5426.069: [CMS-concurrent-mark-start]
2019-01-30T13:07:08.743+0600: 5426.298: [CMS-concurrent-mark: 0.229/0.229 secs] [Times: user=0.87 sys=0.00, real=0.23 secs] 
2019-01-30T13:07:08.744+0600: 5426.298: [CMS-concurrent-preclean-start]
2019-01-30T13:07:08.746+0600: 5426.301: [CMS-concurrent-preclean: 0.002/0.002 secs] [Times: user=0.00 sys=0.00, real=0.00 secs] 
2019-01-30T13:07:08.746+0600: 5426.301: [GC (CMS Final Remark) [YG occupancy: 8587 K (109248 K)]{Heap before GC invocations=19940 (full 31):
 par new generation   total 109248K, used 8587K [0x00000007a0000000, 0x00000007a8000000, 0x00000007a8000000)
  eden space 87424K,   1% used [0x00000007a0000000, 0x00000007a00dadc8, 0x00000007a5560000)
  from space 21824K,  35% used [0x00000007a5560000, 0x00000007a5ce8178, 0x00000007a6ab0000)
  to   space 21824K,   0% used [0x00000007a6ab0000, 0x00000007a6ab0000, 0x00000007a8000000)
 concurrent mark-sweep generation total 393216K, used 223118K [0x00000007a8000000, 0x00000007c0000000, 0x00000007c0000000)
 Metaspace       used 45110K, capacity 46498K, committed 46764K, reserved 1089536K
  class space    used 5459K, capacity 5780K, committed 5804K, reserved 1048576K
2019-01-30T13:07:08.746+0600: 5426.301: [GC (CMS Final Remark) 2019-01-30T13:07:08.746+0600: 5426.301: [ParNew
Desired survivor size 20112992 bytes, new threshold 8 (max 8)
- age   1:     294256 bytes,     294256 total
- age   2:     338464 bytes,     632720 total
- age   3:    3588032 bytes,    4220752 total
- age   4:     295728 bytes,    4516480 total
- age   5:     305504 bytes,    4821984 total
- age   6:     330512 bytes,    5152496 total
- age   7:    1122288 bytes,    6274784 total
- age   8:     302480 bytes,    6577264 total
: 8587K->9890K(109248K), 0.0101684 secs] 231706K->233266K(502464K), 0.0102515 secs] [Times: user=0.04 sys=0.00, real=0.01 secs] 
Heap after GC invocations=19941 (full 31):
 par new generation   total 109248K, used 9890K [0x00000007a0000000, 0x00000007a8000000, 0x00000007a8000000)
  eden space 87424K,   0% used [0x00000007a0000000, 0x00000007a0000000, 0x00000007a5560000)
  from space 21824K,  45% used [0x00000007a6ab0000, 0x00000007a7458a08, 0x00000007a8000000)
  to   space 21824K,   0% used [0x00000007a5560000, 0x00000007a5560000, 0x00000007a6ab0000)
 concurrent mark-sweep generation total 393216K, used 223375K [0x00000007a8000000, 0x00000007c0000000, 0x00000007c0000000)
 Metaspace       used 45110K, capacity 46498K, committed 46764K, reserved 1089536K
  class space    used 5459K, capacity 5780K, committed 5804K, reserved 1048576K
}
2019-01-30T13:07:08.757+0600: 5426.312: [Rescan (parallel) , 0.0052586 secs]2019-01-30T13:07:08.762+0600: 5426.317: [weak refs processing, 0.0008760 secs]2019-01-30T13:07:08.763+0600: 5426.318: [class unloading, 0.0083243 secs]2019-01-30T13:07:08.771+0600: 5426.326: [scrub symbol table, 0.0077227 secs]2019-01-30T13:07:08.779+0600: 5426.334: [scrub string table, 0.0005171 secs][1 CMS-remark: 223375K(393216K)] 233266K(502464K), 0.0333975 secs] [Times: user=0.08 sys=0.01, real=0.04 secs] 
2019-01-30T13:07:08.780+0600: 5426.335: Total time for which application threads were stopped: 0.0335680 seconds, Stopping threads took: 0.0000566 seconds
2019-01-30T13:07:08.780+0600: 5426.335: [CMS-concurrent-sweep-start]
2019-01-30T13:07:08.866+0600: 5426.421: [CMS-concurrent-sweep: 0.086/0.086 secs] [Times: user=0.17 sys=0.00, real=0.08 secs] 
2019-01-30T13:07:08.866+0600: 5426.421: [CMS-concurrent-reset-start]
2019-01-30T13:07:08.867+0600: 5426.422: [CMS-concurrent-reset: 0.000/0.000 secs] [Times: user=0.00 sys=0.00, real=0.00 secs] 
2019-01-30T13:07:10.869+0600: 5428.424: [GC (CMS Initial Mark) [1 CMS-initial-mark: 223375K(393216K)] 234141K(502464K), 0.0032531 secs] [Times: user=0.00 sys=0.00, real=0.01 secs] 
2019-01-30T13:07:10.872+0600: 5428.427: Total time for which application threads were stopped: 0.0034946 seconds, Stopping threads took: 0.0000741 seconds
2019-01-30T13:07:10.872+0600: 5428.427: [CMS-concurrent-mark-start]
2019-01-30T13:07:11.113+0600: 5428.668: [CMS-concurrent-mark: 0.241/0.241 secs] [Times: user=0.93 sys=0.00, real=0.24 secs] 
2019-01-30T13:07:11.113+0600: 5428.668: [CMS-concurrent-preclean-start]
2019-01-30T13:07:11.115+0600: 5428.670: [CMS-concurrent-preclean: 0.002/0.002 secs] [Times: user=0.00 sys=0.00, real=0.00 secs] 
2019-01-30T13:07:11.116+0600: 5428.670: [GC (CMS Final Remark) [YG occupancy: 10765 K (109248 K)]{Heap before GC invocations=19941 (full 32):
 par new generation   total 109248K, used 10765K [0x00000007a0000000, 0x00000007a8000000, 0x00000007a8000000)
  eden space 87424K,   1% used [0x00000007a0000000, 0x00000007a00dadc0, 0x00000007a5560000)
  from space 21824K,  45% used [0x00000007a6ab0000, 0x00000007a7458a08, 0x00000007a8000000)
  to   space 21824K,   0% used [0x00000007a5560000, 0x00000007a5560000, 0x00000007a6ab0000)
 concurrent mark-sweep generation total 393216K, used 223375K [0x00000007a8000000, 0x00000007c0000000, 0x00000007c0000000)
 Metaspace       used 45110K, capacity 46498K, committed 46764K, reserved 1089536K
  class space    used 5459K, capacity 5780K, committed 5804K, reserved 1048576K
2019-01-30T13:07:11.116+0600: 5428.671: [GC (CMS Final Remark) 2019-01-30T13:07:11.116+0600: 5428.671: [ParNew
Desired survivor size 20112992 bytes, new threshold 8 (max 8)
- age   1:     430720 bytes,     430720 total
- age   2:     294232 bytes,     724952 total
- age   3:     338464 bytes,    1063416 total
- age   4:    3588032 bytes,    4651448 total
- age   5:     295728 bytes,    4947176 total
- age   6:     305504 bytes,    5252680 total
- age   7:     330512 bytes,    5583192 total
- age   8:    1122288 bytes,    6705480 total
: 10765K->8301K(109248K), 0.0106959 secs] 234141K->231972K(502464K), 0.0107795 secs] [Times: user=0.04 sys=0.00, real=0.01 secs] 
Heap after GC invocations=19942 (full 32):
 par new generation   total 109248K, used 8301K [0x00000007a0000000, 0x00000007a8000000, 0x00000007a8000000)
  eden space 87424K,   0% used [0x00000007a0000000, 0x00000007a0000000, 0x00000007a5560000)
  from space 21824K,  38% used [0x00000007a5560000, 0x00000007a5d7b590, 0x00000007a6ab0000)
  to   space 21824K,   0% used [0x00000007a6ab0000, 0x00000007a6ab0000, 0x00000007a8000000)
 concurrent mark-sweep generation total 393216K, used 223670K [0x00000007a8000000, 0x00000007c0000000, 0x00000007c0000000)
 Metaspace       used 45110K, capacity 46498K, committed 46764K, reserved 1089536K
  class space    used 5459K, capacity 5780K, committed 5804K, reserved 1048576K
}
2019-01-30T13:07:11.127+0600: 5428.681: [Rescan (parallel) , 0.0051840 secs]2019-01-30T13:07:11.132+0600: 5428.687: [weak refs processing, 0.0008680 secs]2019-01-30T13:07:11.133+0600: 5428.687: [class unloading, 0.0082962 secs]2019-01-30T13:07:11.141+0600: 5428.696: [scrub symbol table, 0.0076316 secs]2019-01-30T13:07:11.149+0600: 5428.703: [scrub string table, 0.0005514 secs][1 CMS-remark: 223670K(393216K)] 231972K(502464K), 0.0337190 secs] [Times: user=0.08 sys=0.00, real=0.03 secs] 
2019-01-30T13:07:11.149+0600: 5428.704: Total time for which application threads were stopped: 0.0339096 seconds, Stopping threads took: 0.0000707 seconds
2019-01-30T13:07:11.149+0600: 5428.704: [CMS-concurrent-sweep-start]
2019-01-30T13:07:11.235+0600: 5428.790: [CMS-concurrent-sweep: 0.086/0.086 secs] [Times: user=0.17 sys=0.00, real=0.09 secs] 
2019-01-30T13:07:11.235+0600: 5428.790: [CMS-concurrent-reset-start]
2019-01-30T13:07:11.236+0600: 5428.791: [CMS-concurrent-reset: 0.000/0.000 secs] [Times: user=0.00 sys=0.00, real=0.00 secs] 
2019-01-30T13:07:11.250+0600: 5428.804: Total time for which application threads were stopped: 0.0001863 seconds, Stopping threads took: 0.0001035 seconds
2019-01-30T13:07:12.250+0600: 5429.805: Total time for which application threads were stopped: 0.0002078 seconds, Stopping threads took: 0.0000980 seconds
2019-01-30T13:07:13.238+0600: 5430.792: [GC (CMS Initial Mark) [1 CMS-initial-mark: 223670K(393216K)] 271346K(502464K), 0.0032778 secs] [Times: user=0.01 sys=0.00, real=0.01 secs] 
2019-01-30T13:07:13.241+0600: 5430.796: Total time for which application threads were stopped: 0.0035018 seconds, Stopping threads took: 0.0000818 seconds
2019-01-30T13:07:13.241+0600: 5430.796: [CMS-concurrent-mark-start]
2019-01-30T13:07:13.447+0600: 5431.002: [CMS-concurrent-mark: 0.206/0.206 secs] [Times: user=0.80 sys=0.01, real=0.20 secs] 
2019-01-30T13:07:13.448+0600: 5431.002: [CMS-concurrent-preclean-start]
2019-01-30T13:07:13.450+0600: 5431.005: [CMS-concurrent-preclean: 0.002/0.002 secs] [Times: user=0.01 sys=0.00, real=0.01 secs] 
2019-01-30T13:07:13.450+0600: 5431.005: [CMS-concurrent-abortable-preclean-start]
 CMS: abort preclean due to time 2019-01-30T13:07:19.587+0600: 5437.141: [CMS-concurrent-abortable-preclean: 1.511/6.137 secs] [Times: user=7.56 sys=0.04, real=6.13 secs] 
2019-01-30T13:07:19.587+0600: 5437.142: [GC (CMS Final Remark) [YG occupancy: 48988 K (109248 K)]{Heap before GC invocations=19942 (full 33):
 par new generation   total 109248K, used 48988K [0x00000007a0000000, 0x00000007a8000000, 0x00000007a8000000)
  eden space 87424K,  46% used [0x00000007a0000000, 0x00000007a27bbb98, 0x00000007a5560000)
  from space 21824K,  38% used [0x00000007a5560000, 0x00000007a5d7b590, 0x00000007a6ab0000)
  to   space 21824K,   0% used [0x00000007a6ab0000, 0x00000007a6ab0000, 0x00000007a8000000)
 concurrent mark-sweep generation total 393216K, used 223670K [0x00000007a8000000, 0x00000007c0000000, 0x00000007c0000000)
 Metaspace       used 45119K, capacity 46498K, committed 46764K, reserved 1089536K
  class space    used 5459K, capacity 5780K, committed 5804K, reserved 1048576K
2019-01-30T13:07:19.587+0600: 5437.142: [GC (CMS Final Remark) 2019-01-30T13:07:19.587+0600: 5437.142: [ParNew
Desired survivor size 20112992 bytes, new threshold 8 (max 8)
- age   1:    1250328 bytes,    1250328 total
- age   2:     430576 bytes,    1680904 total
- age   3:     294232 bytes,    1975136 total
- age   4:     338464 bytes,    2313600 total
- age   5:    1230264 bytes,    3543864 total
- age   6:     295728 bytes,    3839592 total
- age   7:     305504 bytes,    4145096 total
- age   8:     330512 bytes,    4475608 total
: 48988K->7082K(109248K), 0.0117667 secs] 272659K->231822K(502464K), 0.0118458 secs] [Times: user=0.04 sys=0.00, real=0.01 secs] 
Heap after GC invocations=19943 (full 33):
 par new generation   total 109248K, used 7082K [0x00000007a0000000, 0x00000007a8000000, 0x00000007a8000000)
  eden space 87424K,   0% used [0x00000007a0000000, 0x00000007a0000000, 0x00000007a5560000)
  from space 21824K,  32% used [0x00000007a6ab0000, 0x00000007a719a9b0, 0x00000007a8000000)
  to   space 21824K,   0% used [0x00000007a5560000, 0x00000007a5560000, 0x00000007a6ab0000)
 concurrent mark-sweep generation total 393216K, used 224739K [0x00000007a8000000, 0x00000007c0000000, 0x00000007c0000000)
 Metaspace       used 45119K, capacity 46498K, committed 46764K, reserved 1089536K
  class space    used 5459K, capacity 5780K, committed 5804K, reserved 1048576K
}
2019-01-30T13:07:19.599+0600: 5437.154: [Rescan (parallel) , 0.0057172 secs]2019-01-30T13:07:19.605+0600: 5437.159: [weak refs processing, 0.0009563 secs]2019-01-30T13:07:19.606+0600: 5437.160: [class unloading, 0.0083393 secs]2019-01-30T13:07:19.614+0600: 5437.169: [scrub symbol table, 0.0082625 secs]2019-01-30T13:07:19.623+0600: 5437.177: [scrub string table, 0.0005955 secs][1 CMS-remark: 224739K(393216K)] 231822K(502464K), 0.0361544 secs] [Times: user=0.08 sys=0.00, real=0.04 secs] 
2019-01-30T13:07:19.623+0600: 5437.178: Total time for which application threads were stopped: 0.0363229 seconds, Stopping threads took: 0.0000541 seconds
2019-01-30T13:07:19.623+0600: 5437.178: [CMS-concurrent-sweep-start]
2019-01-30T13:07:19.710+0600: 5437.265: [CMS-concurrent-sweep: 0.087/0.087 secs] [Times: user=0.17 sys=0.00, real=0.09 secs] 
2019-01-30T13:07:19.710+0600: 5437.265: [CMS-concurrent-reset-start]
2019-01-30T13:07:19.711+0600: 5437.265: [CMS-concurrent-reset: 0.000/0.000 secs] [Times: user=0.00 sys=0.00, real=0.00 secs] 
2019-01-30T13:07:21.714+0600: 5439.268: [GC (CMS Initial Mark) [1 CMS-initial-mark: 224739K(393216K)] 232697K(502464K), 0.0027800 secs] [Times: user=0.01 sys=0.00, real=0.00 secs] 
2019-01-30T13:07:21.716+0600: 5439.271: Total time for which application threads were stopped: 0.0030320 seconds, Stopping threads took: 0.0001120 seconds
2019-01-30T13:07:21.716+0600: 5439.271: [CMS-concurrent-mark-start]
2019-01-30T13:07:21.916+0600: 5439.471: [CMS-concurrent-mark: 0.200/0.200 secs] [Times: user=0.79 sys=0.00, real=0.20 secs] 
2019-01-30T13:07:21.916+0600: 5439.471: [CMS-concurrent-preclean-start]
2019-01-30T13:07:21.919+0600: 5439.473: [CMS-concurrent-preclean: 0.002/0.002 secs] [Times: user=0.00 sys=0.00, real=0.00 secs] 
2019-01-30T13:07:21.919+0600: 5439.474: [GC (CMS Final Remark) [YG occupancy: 7957 K (109248 K)]{Heap before GC invocations=19943 (full 34):
 par new generation   total 109248K, used 7957K [0x00000007a0000000, 0x00000007a8000000, 0x00000007a8000000)
  eden space 87424K,   1% used [0x00000007a0000000, 0x00000007a00dadc0, 0x00000007a5560000)
  from space 21824K,  32% used [0x00000007a6ab0000, 0x00000007a719a9b0, 0x00000007a8000000)
  to   space 21824K,   0% used [0x00000007a5560000, 0x00000007a5560000, 0x00000007a6ab0000)
 concurrent mark-sweep generation total 393216K, used 224739K [0x00000007a8000000, 0x00000007c0000000, 0x00000007c0000000)
 Metaspace       used 45119K, capacity 46498K, committed 46764K, reserved 1089536K
  class space    used 5459K, capacity 5780K, committed 5804K, reserved 1048576K
2019-01-30T13:07:21.919+0600: 5439.474: [GC (CMS Final Remark) 2019-01-30T13:07:21.919+0600: 5439.474: [ParNew
Desired survivor size 20112992 bytes, new threshold 8 (max 8)
- age   1:     324256 bytes,     324256 total
- age   2:    1250304 bytes,    1574560 total
- age   3:     430576 bytes,    2005136 total
- age   4:     294232 bytes,    2299368 total
- age   5:     338464 bytes,    2637832 total
- age   6:    1230264 bytes,    3868096 total
- age   7:     295728 bytes,    4163824 total
- age   8:     305504 bytes,    4469328 total
: 7957K->5645K(109248K), 0.0102771 secs] 232697K->230708K(502464K), 0.0103638 secs] [Times: user=0.04 sys=0.00, real=0.02 secs] 
Heap after GC invocations=19944 (full 34):
 par new generation   total 109248K, used 5645K [0x00000007a0000000, 0x00000007a8000000, 0x00000007a8000000)
  eden space 87424K,   0% used [0x00000007a0000000, 0x00000007a0000000, 0x00000007a5560000)
  from space 21824K,  25% used [0x00000007a5560000, 0x00000007a5ae3668, 0x00000007a6ab0000)
  to   space 21824K,   0% used [0x00000007a6ab0000, 0x00000007a6ab0000, 0x00000007a8000000)
 concurrent mark-sweep generation total 393216K, used 225062K [0x00000007a8000000, 0x00000007c0000000, 0x00000007c0000000)
 Metaspace       used 45119K, capacity 46498K, committed 46764K, reserved 1089536K
  class space    used 5459K, capacity 5780K, committed 5804K, reserved 1048576K
}
2019-01-30T13:07:21.930+0600: 5439.484: [Rescan (parallel) , 0.0052659 secs]2019-01-30T13:07:21.935+0600: 5439.489: [weak refs processing, 0.0009548 secs]2019-01-30T13:07:21.936+0600: 5439.490: [class unloading, 0.0083420 secs]2019-01-30T13:07:21.944+0600: 5439.499: [scrub symbol table, 0.0074952 secs]2019-01-30T13:07:21.952+0600: 5439.506: [scrub string table, 0.0005557 secs][1 CMS-remark: 225062K(393216K)] 230708K(502464K), 0.0333776 secs] [Times: user=0.08 sys=0.00, real=0.04 secs] 
2019-01-30T13:07:21.953+0600: 5439.507: Total time for which application threads were stopped: 0.0335677 seconds, Stopping threads took: 0.0000635 seconds
2019-01-30T13:07:21.953+0600: 5439.507: [CMS-concurrent-sweep-start]
2019-01-30T13:07:22.039+0600: 5439.594: [CMS-concurrent-sweep: 0.086/0.086 secs] [Times: user=0.17 sys=0.00, real=0.08 secs] 
2019-01-30T13:07:22.039+0600: 5439.594: [CMS-concurrent-reset-start]
2019-01-30T13:07:22.040+0600: 5439.594: [CMS-concurrent-reset: 0.000/0.000 secs] [Times: user=0.00 sys=0.00, real=0.01 secs] 
2019-01-30T13:07:24.041+0600: 5441.595: [GC (CMS Initial Mark) [1 CMS-initial-mark: 224969K(393216K)] 231490K(502464K), 0.0028917 secs] [Times: user=0.01 sys=0.00, real=0.00 secs] 
2019-01-30T13:07:24.044+0600: 5441.598: Total time for which application threads were stopped: 0.0031463 seconds, Stopping threads took: 0.0000694 seconds
2019-01-30T13:07:24.044+0600: 5441.598: [CMS-concurrent-mark-start]
2019-01-30T13:07:24.270+0600: 5441.824: [CMS-concurrent-mark: 0.226/0.226 secs] [Times: user=0.87 sys=0.00, real=0.23 secs] 
2019-01-30T13:07:24.270+0600: 5441.824: [CMS-concurrent-preclean-start]
2019-01-30T13:07:24.272+0600: 5441.827: [CMS-concurrent-preclean: 0.002/0.002 secs] [Times: user=0.00 sys=0.00, real=0.00 secs] 
2019-01-30T13:07:24.272+0600: 5441.827: [GC (CMS Final Remark) [YG occupancy: 6521 K (109248 K)]{Heap before GC invocations=19944 (full 35):
 par new generation   total 109248K, used 6521K [0x00000007a0000000, 0x00000007a8000000, 0x00000007a8000000)
  eden space 87424K,   1% used [0x00000007a0000000, 0x00000007a00dadd0, 0x00000007a5560000)
  from space 21824K,  25% used [0x00000007a5560000, 0x00000007a5ae3668, 0x00000007a6ab0000)
  to   space 21824K,   0% used [0x00000007a6ab0000, 0x00000007a6ab0000, 0x00000007a8000000)
 concurrent mark-sweep generation total 393216K, used 224969K [0x00000007a8000000, 0x00000007c0000000, 0x00000007c0000000)
 Metaspace       used 45119K, capacity 46498K, committed 46764K, reserved 1089536K
  class space    used 5459K, capacity 5780K, committed 5804K, reserved 1048576K
2019-01-30T13:07:24.272+0600: 5441.827: [GC (CMS Final Remark) 2019-01-30T13:07:24.272+0600: 5441.827: [ParNew
Desired survivor size 20112992 bytes, new threshold 8 (max 8)
- age   1:     303576 bytes,     303576 total
- age   2:     324112 bytes,     627688 total
- age   3:    1250304 bytes,    1877992 total
- age   4:     430576 bytes,    2308568 total
- age   5:     294232 bytes,    2602800 total
- age   6:     338464 bytes,    2941264 total
- age   7:    1230264 bytes,    4171528 total
- age   8:     295728 bytes,    4467256 total
: 6521K->5094K(109248K), 0.0110659 secs] 231490K->230362K(502464K), 0.0111414 secs] [Times: user=0.04 sys=0.00, real=0.01 secs] 
Heap after GC invocations=19945 (full 35):
 par new generation   total 109248K, used 5094K [0x00000007a0000000, 0x00000007a8000000, 0x00000007a8000000)
  eden space 87424K,   0% used [0x00000007a0000000, 0x00000007a0000000, 0x00000007a5560000)
  from space 21824K,  23% used [0x00000007a6ab0000, 0x00000007a6fa9800, 0x00000007a8000000)
  to   space 21824K,   0% used [0x00000007a5560000, 0x00000007a5560000, 0x00000007a6ab0000)
 concurrent mark-sweep generation total 393216K, used 225268K [0x00000007a8000000, 0x00000007c0000000, 0x00000007c0000000)
 Metaspace       used 45119K, capacity 46498K, committed 46764K, reserved 1089536K
  class space    used 5459K, capacity 5780K, committed 5804K, reserved 1048576K
}
2019-01-30T13:07:24.284+0600: 5441.838: [Rescan (parallel) , 0.0054832 secs]2019-01-30T13:07:24.289+0600: 5441.844: [weak refs processing, 0.0010545 secs]2019-01-30T13:07:24.290+0600: 5441.845: [class unloading, 0.0084476 secs]2019-01-30T13:07:24.299+0600: 5441.853: [scrub symbol table, 0.0080526 secs]2019-01-30T13:07:24.307+0600: 5441.861: [scrub string table, 0.0006974 secs][1 CMS-remark: 225268K(393216K)] 230362K(502464K), 0.0353541 secs] [Times: user=0.08 sys=0.00, real=0.03 secs] 
2019-01-30T13:07:24.308+0600: 5441.862: Total time for which application threads were stopped: 0.0355450 seconds, Stopping threads took: 0.0000600 seconds
2019-01-30T13:07:24.308+0600: 5441.862: [CMS-concurrent-sweep-start]
2019-01-30T13:07:24.395+0600: 5441.949: [CMS-concurrent-sweep: 0.087/0.087 secs] [Times: user=0.17 sys=0.00, real=0.09 secs] 
2019-01-30T13:07:24.395+0600: 5441.949: [CMS-concurrent-reset-start]
2019-01-30T13:07:24.395+0600: 5441.950: [CMS-concurrent-reset: 0.000/0.000 secs] [Times: user=0.00 sys=0.00, real=0.00 secs] 
2019-01-30T13:07:26.396+0600: 5443.950: [GC (CMS Initial Mark) [1 CMS-initial-mark: 225268K(393216K)] 231495K(502464K), 0.0028554 secs] [Times: user=0.01 sys=0.00, real=0.00 secs] 
2019-01-30T13:07:26.399+0600: 5443.953: Total time for which application threads were stopped: 0.0030711 seconds, Stopping threads took: 0.0000624 seconds
2019-01-30T13:07:26.399+0600: 5443.953: [CMS-concurrent-mark-start]
2019-01-30T13:07:26.673+0600: 5444.228: [CMS-concurrent-mark: 0.274/0.274 secs] [Times: user=0.84 sys=0.00, real=0.28 secs] 
2019-01-30T13:07:26.673+0600: 5444.228: [CMS-concurrent-preclean-start]
2019-01-30T13:07:26.675+0600: 5444.230: [CMS-concurrent-preclean: 0.002/0.002 secs] [Times: user=0.00 sys=0.00, real=0.00 secs] 
2019-01-30T13:07:26.676+0600: 5444.230: [GC (CMS Final Remark) [YG occupancy: 6227 K (109248 K)]{Heap before GC invocations=19945 (full 36):
 par new generation   total 109248K, used 6227K [0x00000007a0000000, 0x00000007a8000000, 0x00000007a8000000)
  eden space 87424K,   1% used [0x00000007a0000000, 0x00000007a011b470, 0x00000007a5560000)
  from space 21824K,  23% used [0x00000007a6ab0000, 0x00000007a6fa9800, 0x00000007a8000000)
  to   space 21824K,   0% used [0x00000007a5560000, 0x00000007a5560000, 0x00000007a6ab0000)
 concurrent mark-sweep generation total 393216K, used 225268K [0x00000007a8000000, 0x00000007c0000000, 0x00000007c0000000)
 Metaspace       used 45119K, capacity 46498K, committed 46764K, reserved 1089536K
  class space    used 5459K, capacity 5780K, committed 5804K, reserved 1048576K
2019-01-30T13:07:26.676+0600: 5444.230: [GC (CMS Final Remark) 2019-01-30T13:07:26.676+0600: 5444.230: [ParNew
Desired survivor size 20112992 bytes, new threshold 8 (max 8)
- age   1:     323384 bytes,     323384 total
- age   2:     303432 bytes,     626816 total
- age   3:     324112 bytes,     950928 total
- age   4:    1250304 bytes,    2201232 total
- age   5:     430576 bytes,    2631808 total
- age   6:     294232 bytes,    2926040 total
- age   7:     338464 bytes,    3264504 total
- age   8:    1230208 bytes,    4494712 total
: 6227K->5756K(109248K), 0.0107920 secs] 231495K->231313K(502464K), 0.0108833 secs] [Times: user=0.04 sys=0.00, real=0.01 secs] 
Heap after GC invocations=19946 (full 36):
 par new generation   total 109248K, used 5756K [0x00000007a0000000, 0x00000007a8000000, 0x00000007a8000000)
  eden space 87424K,   0% used [0x00000007a0000000, 0x00000007a0000000, 0x00000007a5560000)
  from space 21824K,  26% used [0x00000007a5560000, 0x00000007a5aff3a0, 0x00000007a6ab0000)
  to   space 21824K,   0% used [0x00000007a6ab0000, 0x00000007a6ab0000, 0x00000007a8000000)
 concurrent mark-sweep generation total 393216K, used 225557K [0x00000007a8000000, 0x00000007c0000000, 0x00000007c0000000)
 Metaspace       used 45119K, capacity 46498K, committed 46764K, reserved 1089536K
  class space    used 5459K, capacity 5780K, committed 5804K, reserved 1048576K
}
2019-01-30T13:07:26.687+0600: 5444.241: [Rescan (parallel) , 0.0053121 secs]2019-01-30T13:07:26.692+0600: 5444.246: [weak refs processing, 0.0009353 secs]2019-01-30T13:07:26.693+0600: 5444.247: [class unloading, 0.0083018 secs]2019-01-30T13:07:26.701+0600: 5444.256: [scrub symbol table, 0.0074662 secs]2019-01-30T13:07:26.709+0600: 5444.263: [scrub string table, 0.0005428 secs][1 CMS-remark: 225557K(393216K)] 231313K(502464K), 0.0338857 secs] [Times: user=0.08 sys=0.01, real=0.04 secs] 
2019-01-30T13:07:26.710+0600: 5444.264: Total time for which application threads were stopped: 0.0340882 seconds, Stopping threads took: 0.0000693 seconds
2019-01-30T13:07:26.710+0600: 5444.264: [CMS-concurrent-sweep-start]
2019-01-30T13:07:26.798+0600: 5444.352: [CMS-concurrent-sweep: 0.088/0.088 secs] [Times: user=0.17 sys=0.00, real=0.08 secs] 
2019-01-30T13:07:26.798+0600: 5444.352: [CMS-concurrent-reset-start]
2019-01-30T13:07:26.798+0600: 5444.352: [CMS-concurrent-reset: 0.000/0.000 secs] [Times: user=0.00 sys=0.00, real=0.00 secs] 
2019-01-30T13:07:28.798+0600: 5446.352: [GC (CMS Initial Mark) [1 CMS-initial-mark: 225556K(393216K)] 236937K(502464K), 0.0168846 secs] [Times: user=0.02 sys=0.00, real=0.02 secs] 
2019-01-30T13:07:28.815+0600: 5446.369: Total time for which application threads were stopped: 0.0173618 seconds, Stopping threads took: 0.0000731 seconds
2019-01-30T13:07:28.815+0600: 5446.369: [CMS-concurrent-mark-start]
2019-01-30T13:07:29.020+0600: 5446.575: [CMS-concurrent-mark: 0.205/0.205 secs] [Times: user=0.76 sys=0.00, real=0.21 secs] 
2019-01-30T13:07:29.020+0600: 5446.575: [CMS-concurrent-preclean-start]
2019-01-30T13:07:29.023+0600: 5446.577: [CMS-concurrent-preclean: 0.002/0.002 secs] [Times: user=0.00 sys=0.00, real=0.00 secs] 
2019-01-30T13:07:29.023+0600: 5446.577: [CMS-concurrent-abortable-preclean-start]
2019-01-30T13:07:31.898+0600: 5449.452: Total time for which application threads were stopped: 0.0003347 seconds, Stopping threads took: 0.0000849 seconds
2019-01-30T13:07:32.040+0600: 5449.594: Total time for which application threads were stopped: 0.0003118 seconds, Stopping threads took: 0.0000579 seconds
2019-01-30T13:07:32.180+0600: 5449.734: Total time for which application threads were stopped: 0.0003184 seconds, Stopping threads took: 0.0000711 seconds
2019-01-30T13:07:32.346+0600: 5449.900: Total time for which application threads were stopped: 0.0004356 seconds, Stopping threads took: 0.0001052 seconds
2019-01-30T13:07:33.347+0600: 5450.901: Total time for which application threads were stopped: 0.0002607 seconds, Stopping threads took: 0.0000994 seconds
2019-01-30T13:07:34.352+0600: 5451.906: Total time for which application threads were stopped: 0.0002296 seconds, Stopping threads took: 0.0000882 seconds
2019-01-30T13:07:34.575+0600: 5452.129: [CMS-concurrent-abortable-preclean: 1.975/5.552 secs] [Times: user=8.61 sys=0.18, real=5.55 secs] 
2019-01-30T13:07:34.576+0600: 5452.130: [GC (CMS Final Remark) [YG occupancy: 50948 K (109248 K)]{Heap before GC invocations=19946 (full 37):
 par new generation   total 109248K, used 50948K [0x00000007a0000000, 0x00000007a8000000, 0x00000007a8000000)
  eden space 87424K,  51% used [0x00000007a0000000, 0x00000007a2c21e00, 0x00000007a5560000)
  from space 21824K,  26% used [0x00000007a5560000, 0x00000007a5aff3a0, 0x00000007a6ab0000)
  to   space 21824K,   0% used [0x00000007a6ab0000, 0x00000007a6ab0000, 0x00000007a8000000)
 concurrent mark-sweep generation total 393216K, used 225556K [0x00000007a8000000, 0x00000007c0000000, 0x00000007c0000000)
 Metaspace       used 45651K, capacity 47010K, committed 47276K, reserved 1091584K
  class space    used 5459K, capacity 5780K, committed 5804K, reserved 1048576K
2019-01-30T13:07:34.576+0600: 5452.130: [GC (CMS Final Remark) 2019-01-30T13:07:34.576+0600: 5452.130: [ParNew
Desired survivor size 20112992 bytes, new threshold 8 (max 8)
- age   1:    6180384 bytes,    6180384 total
- age   2:     323176 bytes,    6503560 total
- age   3:     303432 bytes,    6806992 total
- age   4:     324112 bytes,    7131104 total
- age   5:    1250160 bytes,    8381264 total
- age   6:     430576 bytes,    8811840 total
- age   7:     294232 bytes,    9106072 total
- age   8:     338464 bytes,    9444536 total
: 50948K->10610K(109248K), 0.0185726 secs] 276505K->237341K(502464K), 0.0186509 secs] [Times: user=0.07 sys=0.01, real=0.02 secs] 
Heap after GC invocations=19947 (full 37):
 par new generation   total 109248K, used 10610K [0x00000007a0000000, 0x00000007a8000000, 0x00000007a8000000)
  eden space 87424K,   0% used [0x00000007a0000000, 0x00000007a0000000, 0x00000007a5560000)
  from space 21824K,  48% used [0x00000007a6ab0000, 0x00000007a750c990, 0x00000007a8000000)
  to   space 21824K,   0% used [0x00000007a5560000, 0x00000007a5560000, 0x00000007a6ab0000)
 concurrent mark-sweep generation total 393216K, used 226731K [0x00000007a8000000, 0x00000007c0000000, 0x00000007c0000000)
 Metaspace       used 45651K, capacity 47010K, committed 47276K, reserved 1091584K
  class space    used 5459K, capacity 5780K, committed 5804K, reserved 1048576K
}
2019-01-30T13:07:34.595+0600: 5452.149: [Rescan (parallel) , 0.0105165 secs]2019-01-30T13:07:34.605+0600: 5452.160: [weak refs processing, 0.0008233 secs]2019-01-30T13:07:34.606+0600: 5452.160: [class unloading, 0.0094160 secs]2019-01-30T13:07:34.616+0600: 5452.170: [scrub symbol table, 0.0117171 secs]2019-01-30T13:07:34.628+0600: 5452.182: [scrub string table, 0.0006709 secs][1 CMS-remark: 226731K(393216K)] 237341K(502464K), 0.0524716 secs] [Times: user=0.13 sys=0.01, real=0.05 secs] 
2019-01-30T13:07:34.629+0600: 5452.183: Total time for which application threads were stopped: 0.0526980 seconds, Stopping threads took: 0.0000606 seconds
2019-01-30T13:07:34.629+0600: 5452.183: [CMS-concurrent-sweep-start]
2019-01-30T13:07:34.757+0600: 5452.311: [CMS-concurrent-sweep: 0.128/0.128 secs] [Times: user=0.27 sys=0.00, real=0.13 secs] 
2019-01-30T13:07:34.757+0600: 5452.311: [CMS-concurrent-reset-start]
2019-01-30T13:07:34.757+0600: 5452.311: [CMS-concurrent-reset: 0.001/0.001 secs] [Times: user=0.00 sys=0.00, real=0.00 secs] 
2019-01-30T13:07:35.634+0600: 5453.188: Total time for which application threads were stopped: 0.0009715 seconds, Stopping threads took: 0.0006637 seconds
2019-01-30T13:07:36.634+0600: 5454.189: Total time for which application threads were stopped: 0.0004068 seconds, Stopping threads took: 0.0000931 seconds
2019-01-30T13:07:36.761+0600: 5454.316: [GC (CMS Initial Mark) [1 CMS-initial-mark: 223566K(393216K)] 269199K(502464K), 0.0189477 secs] [Times: user=0.04 sys=0.00, real=0.02 secs] 
2019-01-30T13:07:36.780+0600: 5454.335: Total time for which application threads were stopped: 0.0191903 seconds, Stopping threads took: 0.0000871 seconds
2019-01-30T13:07:36.781+0600: 5454.335: [CMS-concurrent-mark-start]
2019-01-30T13:07:37.095+0600: 5454.649: [CMS-concurrent-mark: 0.314/0.314 secs] [Times: user=0.87 sys=0.02, real=0.31 secs] 
2019-01-30T13:07:37.095+0600: 5454.649: [CMS-concurrent-preclean-start]
2019-01-30T13:07:37.098+0600: 5454.652: [CMS-concurrent-preclean: 0.003/0.003 secs] [Times: user=0.00 sys=0.00, real=0.00 secs] 
2019-01-30T13:07:37.098+0600: 5454.652: [CMS-concurrent-abortable-preclean-start]
2019-01-30T13:07:37.781+0600: 5455.335: Total time for which application threads were stopped: 0.0001980 seconds, Stopping threads took: 0.0000772 seconds
2019-01-30T13:07:38.781+0600: 5456.335: Total time for which application threads were stopped: 0.0002180 seconds, Stopping threads took: 0.0000817 seconds
2019-01-30T13:07:39.783+0600: 5457.337: Total time for which application threads were stopped: 0.0001708 seconds, Stopping threads took: 0.0000651 seconds
{Heap before GC invocations=19947 (full 38):
 par new generation   total 109248K, used 98034K [0x00000007a0000000, 0x00000007a8000000, 0x00000007a8000000)
  eden space 87424K, 100% used [0x00000007a0000000, 0x00000007a5560000, 0x00000007a5560000)
  from space 21824K,  48% used [0x00000007a6ab0000, 0x00000007a750c990, 0x00000007a8000000)
  to   space 21824K,   0% used [0x00000007a5560000, 0x00000007a5560000, 0x00000007a6ab0000)
 concurrent mark-sweep generation total 393216K, used 223566K [0x00000007a8000000, 0x00000007c0000000, 0x00000007c0000000)
 Metaspace       used 45892K, capacity 47206K, committed 47532K, reserved 1091584K
  class space    used 5459K, capacity 5780K, committed 5804K, reserved 1048576K
2019-01-30T13:07:40.386+0600: 5457.940: [GC (Allocation Failure) 2019-01-30T13:07:40.386+0600: 5457.940: [ParNew
Desired survivor size 20112992 bytes, new threshold 8 (max 8)
- age   1:    1143368 bytes,    1143368 total
- age   2:    5718184 bytes,    6861552 total
- age   3:     323176 bytes,    7184728 total
- age   4:     303432 bytes,    7488160 total
- age   5:     324112 bytes,    7812272 total
- age   6:    1250160 bytes,    9062432 total
- age   7:     430576 bytes,    9493008 total
- age   8:     294232 bytes,    9787240 total
: 98034K->10571K(109248K), 0.0191196 secs] 321600K->234468K(502464K), 0.0192292 secs] [Times: user=0.06 sys=0.00, real=0.02 secs] 
Heap after GC invocations=19948 (full 38):
 par new generation   total 109248K, used 10571K [0x00000007a0000000, 0x00000007a8000000, 0x00000007a8000000)
  eden space 87424K,   0% used [0x00000007a0000000, 0x00000007a0000000, 0x00000007a5560000)
  from space 21824K,  48% used [0x00000007a5560000, 0x00000007a5fb2fb0, 0x00000007a6ab0000)
  to   space 21824K,   0% used [0x00000007a6ab0000, 0x00000007a6ab0000, 0x00000007a8000000)
 concurrent mark-sweep generation total 393216K, used 223896K [0x00000007a8000000, 0x00000007c0000000, 0x00000007c0000000)
 Metaspace       used 45892K, capacity 47206K, committed 47532K, reserved 1091584K
  class space    used 5459K, capacity 5780K, committed 5804K, reserved 1048576K
}
2019-01-30T13:07:40.405+0600: 5457.959: Total time for which application threads were stopped: 0.0195169 seconds, Stopping threads took: 0.0000863 seconds
2019-01-30T13:07:41.406+0600: 5458.960: Total time for which application threads were stopped: 0.0003160 seconds, Stopping threads took: 0.0001747 seconds
2019-01-30T13:07:42.411+0600: 5459.965: Total time for which application threads were stopped: 0.0001979 seconds, Stopping threads took: 0.0000809 seconds
 CMS: abort preclean due to time 2019-01-30T13:07:43.102+0600: 5460.656: [CMS-concurrent-abortable-preclean: 2.565/6.004 secs] [Times: user=9.35 sys=0.27, real=6.01 secs] 
2019-01-30T13:07:43.103+0600: 5460.657: [GC (CMS Final Remark) [YG occupancy: 45255 K (109248 K)]{Heap before GC invocations=19948 (full 38):
 par new generation   total 109248K, used 45255K [0x00000007a0000000, 0x00000007a8000000, 0x00000007a8000000)
  eden space 87424K,  39% used [0x00000007a0000000, 0x00000007a21dec60, 0x00000007a5560000)
  from space 21824K,  48% used [0x00000007a5560000, 0x00000007a5fb2fb0, 0x00000007a6ab0000)
  to   space 21824K,   0% used [0x00000007a6ab0000, 0x00000007a6ab0000, 0x00000007a8000000)
 concurrent mark-sweep generation total 393216K, used 223896K [0x00000007a8000000, 0x00000007c0000000, 0x00000007c0000000)
 Metaspace       used 45894K, capacity 47206K, committed 47532K, reserved 1091584K
  class space    used 5460K, capacity 5780K, committed 5804K, reserved 1048576K
2019-01-30T13:07:43.103+0600: 5460.657: [GC (CMS Final Remark) 2019-01-30T13:07:43.103+0600: 5460.657: [ParNew
Desired survivor size 20112992 bytes, new threshold 8 (max 8)
- age   1:     683144 bytes,     683144 total
- age   2:     694496 bytes,    1377640 total
- age   3:    5718184 bytes,    7095824 total
- age   4:     323176 bytes,    7419000 total
- age   5:     303432 bytes,    7722432 total
- age   6:     324112 bytes,    8046544 total
- age   7:    1250160 bytes,    9296704 total
- age   8:     430576 bytes,    9727280 total
: 45255K->11032K(109248K), 0.0290270 secs] 269151K->235216K(502464K), 0.0291293 secs] [Times: user=0.04 sys=0.00, real=0.03 secs] 
Heap after GC invocations=19949 (full 38):
 par new generation   total 109248K, used 11032K [0x00000007a0000000, 0x00000007a8000000, 0x00000007a8000000)
  eden space 87424K,   0% used [0x00000007a0000000, 0x00000007a0000000, 0x00000007a5560000)
  from space 21824K,  50% used [0x00000007a6ab0000, 0x00000007a75762c0, 0x00000007a8000000)
  to   space 21824K,   0% used [0x00000007a5560000, 0x00000007a5560000, 0x00000007a6ab0000)
 concurrent mark-sweep generation total 393216K, used 224184K [0x00000007a8000000, 0x00000007c0000000, 0x00000007c0000000)
 Metaspace       used 45894K, capacity 47206K, committed 47532K, reserved 1091584K
  class space    used 5460K, capacity 5780K, committed 5804K, reserved 1048576K
}
2019-01-30T13:07:43.132+0600: 5460.686: [Rescan (parallel) , 0.0130173 secs]2019-01-30T13:07:43.145+0600: 5460.699: [weak refs processing, 0.0011338 secs]2019-01-30T13:07:43.147+0600: 5460.701: [class unloading, 0.0147410 secs]2019-01-30T13:07:43.162+0600: 5460.715: [scrub symbol table, 0.0093575 secs]2019-01-30T13:07:43.171+0600: 5460.725: [scrub string table, 0.0007587 secs][1 CMS-remark: 224184K(393216K)] 235216K(502464K), 0.0694192 secs] [Times: user=0.09 sys=0.01, real=0.07 secs] 
2019-01-30T13:07:43.173+0600: 5460.727: Total time for which application threads were stopped: 0.0702562 seconds, Stopping threads took: 0.0000523 seconds
2019-01-30T13:07:43.173+0600: 5460.727: [CMS-concurrent-sweep-start]
2019-01-30T13:07:43.370+0600: 5460.923: [CMS-concurrent-sweep: 0.196/0.196 secs] [Times: user=0.29 sys=0.00, real=0.20 secs] 
2019-01-30T13:07:43.370+0600: 5460.924: [CMS-concurrent-reset-start]
2019-01-30T13:07:43.370+0600: 5460.924: [CMS-concurrent-reset: 0.001/0.001 secs] [Times: user=0.00 sys=0.00, real=0.00 secs] 
2019-01-30T13:07:44.181+0600: 5461.735: Total time for which application threads were stopped: 0.0064990 seconds, Stopping threads took: 0.0063356 seconds
2019-01-30T13:07:45.186+0600: 5462.740: Total time for which application threads were stopped: 0.0013997 seconds, Stopping threads took: 0.0012332 seconds
2019-01-30T13:07:45.392+0600: 5462.946: [GC (CMS Initial Mark) [1 CMS-initial-mark: 224077K(393216K)] 263476K(502464K), 0.0395962 secs] [Times: user=0.03 sys=0.00, real=0.04 secs] 
2019-01-30T13:07:45.432+0600: 5462.985: Total time for which application threads were stopped: 0.0478402 seconds, Stopping threads took: 0.0080005 seconds
2019-01-30T13:07:45.435+0600: 5462.989: [CMS-concurrent-mark-start]
2019-01-30T13:07:45.497+0600: 5463.051: Total time for which application threads were stopped: 0.0003369 seconds, Stopping threads took: 0.0000670 seconds
2019-01-30T13:07:45.522+0600: 5463.076: Total time for which application threads were stopped: 0.0004250 seconds, Stopping threads took: 0.0001063 seconds
2019-01-30T13:07:45.523+0600: 5463.076: Total time for which application threads were stopped: 0.0002482 seconds, Stopping threads took: 0.0000143 seconds
2019-01-30T13:07:45.561+0600: 5463.115: Total time for which application threads were stopped: 0.0108862 seconds, Stopping threads took: 0.0107426 seconds
2019-01-30T13:07:45.562+0600: 5463.115: Total time for which application threads were stopped: 0.0000905 seconds, Stopping threads took: 0.0000114 seconds
2019-01-30T13:07:45.649+0600: 5463.203: Total time for which application threads were stopped: 0.0038547 seconds, Stopping threads took: 0.0037177 seconds
2019-01-30T13:07:45.757+0600: 5463.311: Total time for which application threads were stopped: 0.0002072 seconds, Stopping threads took: 0.0000658 seconds
2019-01-30T13:07:45.852+0600: 5463.406: [CMS-concurrent-mark: 0.397/0.417 secs] [Times: user=0.87 sys=0.02, real=0.42 secs] 
2019-01-30T13:07:45.852+0600: 5463.406: [CMS-concurrent-preclean-start]
2019-01-30T13:07:45.854+0600: 5463.408: [CMS-concurrent-preclean: 0.002/0.002 secs] [Times: user=0.00 sys=0.00, real=0.00 secs] 
2019-01-30T13:07:45.854+0600: 5463.408: [CMS-concurrent-abortable-preclean-start]
2019-01-30T13:07:45.932+0600: 5463.485: Total time for which application threads were stopped: 0.0002563 seconds, Stopping threads took: 0.0001377 seconds
2019-01-30T13:07:46.936+0600: 5464.490: Total time for which application threads were stopped: 0.0005277 seconds, Stopping threads took: 0.0004023 seconds
2019-01-30T13:07:47.913+0600: 5465.466: Total time for which application threads were stopped: 0.0003945 seconds, Stopping threads took: 0.0001348 seconds
2019-01-30T13:07:47.913+0600: 5465.467: Total time for which application threads were stopped: 0.0002636 seconds, Stopping threads took: 0.0000186 seconds
2019-01-30T13:07:47.933+0600: 5465.487: Total time for which application threads were stopped: 0.0003629 seconds, Stopping threads took: 0.0001451 seconds
2019-01-30T13:07:47.933+0600: 5465.487: Total time for which application threads were stopped: 0.0001832 seconds, Stopping threads took: 0.0000113 seconds
2019-01-30T13:07:47.940+0600: 5465.494: Total time for which application threads were stopped: 0.0002941 seconds, Stopping threads took: 0.0000811 seconds
2019-01-30T13:07:47.941+0600: 5465.495: Total time for which application threads were stopped: 0.0002593 seconds, Stopping threads took: 0.0000857 seconds
2019-01-30T13:07:47.961+0600: 5465.515: Total time for which application threads were stopped: 0.0007371 seconds, Stopping threads took: 0.0005483 seconds
2019-01-30T13:07:47.962+0600: 5465.516: Total time for which application threads were stopped: 0.0003217 seconds, Stopping threads took: 0.0001022 seconds
2019-01-30T13:07:48.965+0600: 5466.518: Total time for which application threads were stopped: 0.0002414 seconds, Stopping threads took: 0.0001125 seconds
2019-01-30T13:07:49.966+0600: 5467.520: Total time for which application threads were stopped: 0.0002157 seconds, Stopping threads took: 0.0000917 seconds
{Heap before GC invocations=19949 (full 39):
 par new generation   total 109248K, used 98456K [0x00000007a0000000, 0x00000007a8000000, 0x00000007a8000000)
  eden space 87424K, 100% used [0x00000007a0000000, 0x00000007a5560000, 0x00000007a5560000)
  from space 21824K,  50% used [0x00000007a6ab0000, 0x00000007a75762c0, 0x00000007a8000000)
  to   space 21824K,   0% used [0x00000007a5560000, 0x00000007a5560000, 0x00000007a6ab0000)
 concurrent mark-sweep generation total 393216K, used 224077K [0x00000007a8000000, 0x00000007c0000000, 0x00000007c0000000)
 Metaspace       used 45908K, capacity 47270K, committed 47532K, reserved 1091584K
  class space    used 5461K, capacity 5780K, committed 5804K, reserved 1048576K
2019-01-30T13:07:50.080+0600: 5467.633: [GC (Allocation Failure) 2019-01-30T13:07:50.081+0600: 5467.634: [ParNew
Desired survivor size 20112992 bytes, new threshold 8 (max 8)
- age   1:    1365712 bytes,    1365712 total
- age   2:     228712 bytes,    1594424 total
- age   3:     676736 bytes,    2271160 total
- age   4:    5708728 bytes,    7979888 total
- age   5:     323176 bytes,    8303064 total
- age   6:     303432 bytes,    8606496 total
- age   7:     324112 bytes,    8930608 total
- age   8:    1250160 bytes,   10180768 total
: 98456K->11820K(109248K), 0.0199226 secs] 322534K->236319K(502464K), 0.0208952 secs] [Times: user=0.06 sys=0.00, real=0.02 secs] 
Heap after GC invocations=19950 (full 39):
 par new generation   total 109248K, used 11820K [0x00000007a0000000, 0x00000007a8000000, 0x00000007a8000000)
  eden space 87424K,   0% used [0x00000007a0000000, 0x00000007a0000000, 0x00000007a5560000)
  from space 21824K,  54% used [0x00000007a5560000, 0x00000007a60eb3f0, 0x00000007a6ab0000)
  to   space 21824K,   0% used [0x00000007a6ab0000, 0x00000007a6ab0000, 0x00000007a8000000)
 concurrent mark-sweep generation total 393216K, used 224498K [0x00000007a8000000, 0x00000007c0000000, 0x00000007c0000000)
 Metaspace       used 45908K, capacity 47270K, committed 47532K, reserved 1091584K
  class space    used 5461K, capacity 5780K, committed 5804K, reserved 1048576K
}
2019-01-30T13:07:50.101+0600: 5467.654: Total time for which application threads were stopped: 0.0212174 seconds, Stopping threads took: 0.0000917 seconds
2019-01-30T13:07:51.101+0600: 5468.655: Total time for which application threads were stopped: 0.0001871 seconds, Stopping threads took: 0.0000919 seconds
 CMS: abort preclean due to time 2019-01-30T13:07:51.977+0600: 5469.530: [CMS-concurrent-abortable-preclean: 2.591/6.122 secs] [Times: user=7.98 sys=0.25, real=6.12 secs] 
2019-01-30T13:07:51.977+0600: 5469.530: [GC (CMS Final Remark) [YG occupancy: 40973 K (109248 K)]{Heap before GC invocations=19950 (full 39):
 par new generation   total 109248K, used 40973K [0x00000007a0000000, 0x00000007a8000000, 0x00000007a8000000)
  eden space 87424K,  33% used [0x00000007a0000000, 0x00000007a1c783b0, 0x00000007a5560000)
  from space 21824K,  54% used [0x00000007a5560000, 0x00000007a60eb3f0, 0x00000007a6ab0000)
  to   space 21824K,   0% used [0x00000007a6ab0000, 0x00000007a6ab0000, 0x00000007a8000000)
 concurrent mark-sweep generation total 393216K, used 224498K [0x00000007a8000000, 0x00000007c0000000, 0x00000007c0000000)
 Metaspace       used 45908K, capacity 47270K, committed 47532K, reserved 1091584K
  class space    used 5461K, capacity 5780K, committed 5804K, reserved 1048576K
2019-01-30T13:07:51.977+0600: 5469.531: [GC (CMS Final Remark) 2019-01-30T13:07:51.977+0600: 5469.531: [ParNew
Desired survivor size 20112992 bytes, new threshold 8 (max 8)
- age   1:     690680 bytes,     690680 total
- age   2:     904264 bytes,    1594944 total
- age   3:     226416 bytes,    1821360 total
- age   4:     671736 bytes,    2493096 total
- age   5:    5706448 bytes,    8199544 total
- age   6:     323176 bytes,    8522720 total
- age   7:     303432 bytes,    8826152 total
- age   8:     324112 bytes,    9150264 total
: 40973K->10058K(109248K), 0.0170752 secs] 265471K->235778K(502464K), 0.0171607 secs] [Times: user=0.06 sys=0.00, real=0.02 secs] 
Heap after GC invocations=19951 (full 39):
 par new generation   total 109248K, used 10058K [0x00000007a0000000, 0x00000007a8000000, 0x00000007a8000000)
  eden space 87424K,   0% used [0x00000007a0000000, 0x00000007a0000000, 0x00000007a5560000)
  from space 21824K,  46% used [0x00000007a6ab0000, 0x00000007a74828d0, 0x00000007a8000000)
  to   space 21824K,   0% used [0x00000007a5560000, 0x00000007a5560000, 0x00000007a6ab0000)
 concurrent mark-sweep generation total 393216K, used 225720K [0x00000007a8000000, 0x00000007c0000000, 0x00000007c0000000)
 Metaspace       used 45908K, capacity 47270K, committed 47532K, reserved 1091584K
  class space    used 5461K, capacity 5780K, committed 5804K, reserved 1048576K
}
2019-01-30T13:07:51.994+0600: 5469.548: [Rescan (parallel) , 0.0111119 secs]2019-01-30T13:07:52.005+0600: 5469.559: [weak refs processing, 0.0010578 secs]2019-01-30T13:07:52.006+0600: 5469.560: [class unloading, 0.0146859 secs]2019-01-30T13:07:52.021+0600: 5469.575: [scrub symbol table, 0.0078450 secs]2019-01-30T13:07:52.029+0600: 5469.583: [scrub string table, 0.0006137 secs][1 CMS-remark: 225720K(393216K)] 235778K(502464K), 0.0532212 secs] [Times: user=0.12 sys=0.00, real=0.06 secs] 
2019-01-30T13:07:52.030+0600: 5469.584: Total time for which application threads were stopped: 0.0534386 seconds, Stopping threads took: 0.0000755 seconds
2019-01-30T13:07:52.030+0600: 5469.584: [CMS-concurrent-sweep-start]
2019-01-30T13:07:52.155+0600: 5469.709: [CMS-concurrent-sweep: 0.125/0.125 secs] [Times: user=0.26 sys=0.01, real=0.12 secs] 
2019-01-30T13:07:52.156+0600: 5469.709: [CMS-concurrent-reset-start]
2019-01-30T13:07:52.156+0600: 5469.710: [CMS-concurrent-reset: 0.001/0.001 secs] [Times: user=0.00 sys=0.00, real=0.00 secs] 
2019-01-30T13:07:53.031+0600: 5470.585: Total time for which application threads were stopped: 0.0001558 seconds, Stopping threads took: 0.0000687 seconds
2019-01-30T13:07:54.032+0600: 5471.585: Total time for which application threads were stopped: 0.0002671 seconds, Stopping threads took: 0.0000810 seconds
2019-01-30T13:07:54.162+0600: 5471.715: [GC (CMS Initial Mark) [1 CMS-initial-mark: 225699K(393216K)] 272286K(502464K), 0.0200451 secs] [Times: user=0.04 sys=0.00, real=0.02 secs] 
2019-01-30T13:07:54.182+0600: 5471.736: Total time for which application threads were stopped: 0.0222204 seconds, Stopping threads took: 0.0017323 seconds
2019-01-30T13:07:54.182+0600: 5471.736: [CMS-concurrent-mark-start]
2019-01-30T13:07:54.588+0600: 5472.141: [CMS-concurrent-mark: 0.405/0.405 secs] [Times: user=1.04 sys=0.02, real=0.40 secs] 
2019-01-30T13:07:54.588+0600: 5472.141: [CMS-concurrent-preclean-start]
2019-01-30T13:07:54.591+0600: 5472.145: [CMS-concurrent-preclean: 0.003/0.003 secs] [Times: user=0.00 sys=0.00, real=0.01 secs] 
2019-01-30T13:07:54.591+0600: 5472.145: [CMS-concurrent-abortable-preclean-start]
2019-01-30T13:07:55.183+0600: 5472.737: Total time for which application threads were stopped: 0.0001715 seconds, Stopping threads took: 0.0000811 seconds
2019-01-30T13:07:56.188+0600: 5473.741: Total time for which application threads were stopped: 0.0001598 seconds, Stopping threads took: 0.0000843 seconds
{Heap before GC invocations=19951 (full 40):
 par new generation   total 109248K, used 97482K [0x00000007a0000000, 0x00000007a8000000, 0x00000007a8000000)
  eden space 87424K, 100% used [0x00000007a0000000, 0x00000007a5560000, 0x00000007a5560000)
  from space 21824K,  46% used [0x00000007a6ab0000, 0x00000007a74828d0, 0x00000007a8000000)
  to   space 21824K,   0% used [0x00000007a5560000, 0x00000007a5560000, 0x00000007a6ab0000)
 concurrent mark-sweep generation total 393216K, used 225699K [0x00000007a8000000, 0x00000007c0000000, 0x00000007c0000000)
 Metaspace       used 45909K, capacity 47270K, committed 47532K, reserved 1091584K
  class space    used 5461K, capacity 5780K, committed 5804K, reserved 1048576K
2019-01-30T13:07:57.448+0600: 5475.002: [GC (Allocation Failure) 2019-01-30T13:07:57.449+0600: 5475.002: [ParNew
Desired survivor size 20112992 bytes, new threshold 8 (max 8)
- age   1:    1017544 bytes,    1017544 total
- age   2:     234592 bytes,    1252136 total
- age   3:     882912 bytes,    2135048 total
- age   4:     218064 bytes,    2353112 total
- age   5:     649336 bytes,    3002448 total
- age   6:    5696384 bytes,    8698832 total
- age   7:     323176 bytes,    9022008 total
- age   8:     303432 bytes,    9325440 total
: 97482K->11406K(109248K), 0.0149249 secs] 323182K->237422K(502464K), 0.0150172 secs] [Times: user=0.05 sys=0.00, real=0.02 secs] 
Heap after GC invocations=19952 (full 40):
 par new generation   total 109248K, used 11406K [0x00000007a0000000, 0x00000007a8000000, 0x00000007a8000000)
  eden space 87424K,   0% used [0x00000007a0000000, 0x00000007a0000000, 0x00000007a5560000)
  from space 21824K,  52% used [0x00000007a5560000, 0x00000007a60838a8, 0x00000007a6ab0000)
  to   space 21824K,   0% used [0x00000007a6ab0000, 0x00000007a6ab0000, 0x00000007a8000000)
 concurrent mark-sweep generation total 393216K, used 226016K [0x00000007a8000000, 0x00000007c0000000, 0x00000007c0000000)
 Metaspace       used 45909K, capacity 47270K, committed 47532K, reserved 1091584K
  class space    used 5461K, capacity 5780K, committed 5804K, reserved 1048576K
}
2019-01-30T13:07:57.464+0600: 5475.017: Total time for which application threads were stopped: 0.0152673 seconds, Stopping threads took: 0.0000644 seconds
2019-01-30T13:07:58.466+0600: 5476.019: Total time for which application threads were stopped: 0.0002021 seconds, Stopping threads took: 0.0000824 seconds
2019-01-30T13:07:58.682+0600: 5476.235: Total time for which application threads were stopped: 0.0006421 seconds, Stopping threads took: 0.0004522 seconds
2019-01-30T13:07:58.682+0600: 5476.235: Total time for which application threads were stopped: 0.0001497 seconds, Stopping threads took: 0.0000139 seconds
2019-01-30T13:07:58.707+0600: 5476.260: Total time for which application threads were stopped: 0.0041257 seconds, Stopping threads took: 0.0035869 seconds
2019-01-30T13:07:58.707+0600: 5476.261: Total time for which application threads were stopped: 0.0004474 seconds, Stopping threads took: 0.0000219 seconds
2019-01-30T13:07:58.708+0600: 5476.261: Total time for which application threads were stopped: 0.0004566 seconds, Stopping threads took: 0.0000780 seconds
2019-01-30T13:07:58.711+0600: 5476.264: Total time for which application threads were stopped: 0.0002360 seconds, Stopping threads took: 0.0000246 seconds
2019-01-30T13:07:58.711+0600: 5476.265: Total time for which application threads were stopped: 0.0001800 seconds, Stopping threads took: 0.0000183 seconds
2019-01-30T13:07:58.734+0600: 5476.288: Total time for which application threads were stopped: 0.0024491 seconds, Stopping threads took: 0.0023301 seconds
2019-01-30T13:07:58.734+0600: 5476.288: Total time for which application threads were stopped: 0.0000847 seconds, Stopping threads took: 0.0000109 seconds
 CMS: abort preclean due to time 2019-01-30T13:08:00.742+0600: 5478.296: [CMS-concurrent-abortable-preclean: 2.582/6.151 secs] [Times: user=8.70 sys=0.26, real=6.15 secs] 
2019-01-30T13:08:00.743+0600: 5478.296: [GC (CMS Final Remark) [YG occupancy: 56484 K (109248 K)]{Heap before GC invocations=19952 (full 40):
 par new generation   total 109248K, used 56484K [0x00000007a0000000, 0x00000007a8000000, 0x00000007a8000000)
  eden space 87424K,  51% used [0x00000007a0000000, 0x00000007a2c05aa8, 0x00000007a5560000)
  from space 21824K,  52% used [0x00000007a5560000, 0x00000007a60838a8, 0x00000007a6ab0000)
  to   space 21824K,   0% used [0x00000007a6ab0000, 0x00000007a6ab0000, 0x00000007a8000000)
 concurrent mark-sweep generation total 393216K, used 226016K [0x00000007a8000000, 0x00000007c0000000, 0x00000007c0000000)
 Metaspace       used 45917K, capacity 47270K, committed 47532K, reserved 1091584K
  class space    used 5461K, capacity 5780K, committed 5804K, reserved 1048576K
2019-01-30T13:08:00.743+0600: 5478.296: [GC (CMS Final Remark) 2019-01-30T13:08:00.743+0600: 5478.296: [ParNew
Desired survivor size 20112992 bytes, new threshold 8 (max 8)
- age   1:     729360 bytes,     729360 total
- age   2:     552816 bytes,    1282176 total
- age   3:     232752 bytes,    1514928 total
- age   4:     869968 bytes,    2384896 total
- age   5:     216392 bytes,    2601288 total
- age   6:     644120 bytes,    3245408 total
- age   7:    5694864 bytes,    8940272 total
- age   8:     323176 bytes,    9263448 total
: 56484K->10360K(109248K), 0.0153884 secs] 282501K->236673K(502464K), 0.0154945 secs] [Times: user=0.05 sys=0.01, real=0.01 secs] 
Heap after GC invocations=19953 (full 40):
 par new generation   total 109248K, used 10360K [0x00000007a0000000, 0x00000007a8000000, 0x00000007a8000000)
  eden space 87424K,   0% used [0x00000007a0000000, 0x00000007a0000000, 0x00000007a5560000)
  from space 21824K,  47% used [0x00000007a6ab0000, 0x00000007a74ce1b0, 0x00000007a8000000)
  to   space 21824K,   0% used [0x00000007a5560000, 0x00000007a5560000, 0x00000007a6ab0000)
 concurrent mark-sweep generation total 393216K, used 226312K [0x00000007a8000000, 0x00000007c0000000, 0x00000007c0000000)
 Metaspace       used 45917K, capacity 47270K, committed 47532K, reserved 1091584K
  class space    used 5461K, capacity 5780K, committed 5804K, reserved 1048576K
}
2019-01-30T13:08:00.758+0600: 5478.312: [Rescan (parallel) , 0.0125683 secs]2019-01-30T13:08:00.771+0600: 5478.324: [weak refs processing, 0.0010644 secs]2019-01-30T13:08:00.772+0600: 5478.325: [class unloading, 0.0113904 secs]2019-01-30T13:08:00.783+0600: 5478.337: [scrub symbol table, 0.0084078 secs]2019-01-30T13:08:00.792+0600: 5478.345: [scrub string table, 0.0006077 secs][1 CMS-remark: 226312K(393216K)] 236673K(502464K), 0.0501978 secs] [Times: user=0.14 sys=0.01, real=0.05 secs] 
2019-01-30T13:08:00.793+0600: 5478.346: Total time for which application threads were stopped: 0.0504642 seconds, Stopping threads took: 0.0001061 seconds
2019-01-30T13:08:00.793+0600: 5478.346: [CMS-concurrent-sweep-start]
2019-01-30T13:08:00.937+0600: 5478.490: [CMS-concurrent-sweep: 0.144/0.144 secs] [Times: user=0.35 sys=0.01, real=0.14 secs] 
2019-01-30T13:08:00.937+0600: 5478.491: [CMS-concurrent-reset-start]
2019-01-30T13:08:00.938+0600: 5478.491: [CMS-concurrent-reset: 0.001/0.001 secs] [Times: user=0.00 sys=0.00, real=0.00 secs] 
2019-01-30T13:08:01.793+0600: 5479.346: Total time for which application threads were stopped: 0.0001947 seconds, Stopping threads took: 0.0000990 seconds
2019-01-30T13:08:02.798+0600: 5480.351: Total time for which application threads were stopped: 0.0002148 seconds, Stopping threads took: 0.0000809 seconds
2019-01-30T13:08:02.952+0600: 5480.505: [GC (CMS Initial Mark) [1 CMS-initial-mark: 226285K(393216K)] 272124K(502464K), 0.0242168 secs] [Times: user=0.04 sys=0.00, real=0.02 secs] 
2019-01-30T13:08:02.977+0600: 5480.530: Total time for which application threads were stopped: 0.0327269 seconds, Stopping threads took: 0.0082776 seconds
2019-01-30T13:08:02.977+0600: 5480.530: [CMS-concurrent-mark-start]
2019-01-30T13:08:03.279+0600: 5480.832: [CMS-concurrent-mark: 0.303/0.303 secs] [Times: user=0.85 sys=0.01, real=0.30 secs] 
2019-01-30T13:08:03.279+0600: 5480.832: [CMS-concurrent-preclean-start]
2019-01-30T13:08:03.282+0600: 5480.835: [CMS-concurrent-preclean: 0.002/0.002 secs] [Times: user=0.00 sys=0.00, real=0.01 secs] 
2019-01-30T13:08:03.282+0600: 5480.835: [CMS-concurrent-abortable-preclean-start]
2019-01-30T13:08:03.979+0600: 5481.532: Total time for which application threads were stopped: 0.0002192 seconds, Stopping threads took: 0.0000891 seconds
2019-01-30T13:08:04.984+0600: 5482.537: Total time for which application threads were stopped: 0.0002088 seconds, Stopping threads took: 0.0000764 seconds
2019-01-30T13:08:05.986+0600: 5483.539: Total time for which application threads were stopped: 0.0005806 seconds, Stopping threads took: 0.0003336 seconds
{Heap before GC invocations=19953 (full 41):
 par new generation   total 109248K, used 97784K [0x00000007a0000000, 0x00000007a8000000, 0x00000007a8000000)
  eden space 87424K, 100% used [0x00000007a0000000, 0x00000007a5560000, 0x00000007a5560000)
  from space 21824K,  47% used [0x00000007a6ab0000, 0x00000007a74ce1b0, 0x00000007a8000000)
  to   space 21824K,   0% used [0x00000007a5560000, 0x00000007a5560000, 0x00000007a6ab0000)
 concurrent mark-sweep generation total 393216K, used 226285K [0x00000007a8000000, 0x00000007c0000000, 0x00000007c0000000)
 Metaspace       used 45939K, capacity 47334K, committed 47532K, reserved 1091584K
  class space    used 5462K, capacity 5780K, committed 5804K, reserved 1048576K
2019-01-30T13:08:06.603+0600: 5484.156: [GC (Allocation Failure) 2019-01-30T13:08:06.603+0600: 5484.156: [ParNew
Desired survivor size 20112992 bytes, new threshold 8 (max 8)
- age   1:    1023664 bytes,    1023664 total
- age   2:     271016 bytes,    1294680 total
- age   3:     543256 bytes,    1837936 total
- age   4:     230184 bytes,    2068120 total
- age   5:     862080 bytes,    2930200 total
- age   6:     213728 bytes,    3143928 total
- age   7:     636720 bytes,    3780648 total
- age   8:    5692176 bytes,    9472824 total
: 97784K->10053K(109248K), 0.0180952 secs] 324070K->236654K(502464K), 0.0182024 secs] [Times: user=0.06 sys=0.00, real=0.02 secs] 
Heap after GC invocations=19954 (full 41):
 par new generation   total 109248K, used 10053K [0x00000007a0000000, 0x00000007a8000000, 0x00000007a8000000)
  eden space 87424K,   0% used [0x00000007a0000000, 0x00000007a0000000, 0x00000007a5560000)
  from space 21824K,  46% used [0x00000007a5560000, 0x00000007a5f31500, 0x00000007a6ab0000)
  to   space 21824K,   0% used [0x00000007a6ab0000, 0x00000007a6ab0000, 0x00000007a8000000)
 concurrent mark-sweep generation total 393216K, used 226601K [0x00000007a8000000, 0x00000007c0000000, 0x00000007c0000000)
 Metaspace       used 45939K, capacity 47334K, committed 47532K, reserved 1091584K
  class space    used 5462K, capacity 5780K, committed 5804K, reserved 1048576K
}
2019-01-30T13:08:06.621+0600: 5484.175: Total time for which application threads were stopped: 0.0186508 seconds, Stopping threads took: 0.0001278 seconds
2019-01-30T13:08:08.628+0600: 5486.181: Total time for which application threads were stopped: 0.0001515 seconds, Stopping threads took: 0.0000712 seconds
 CMS: abort preclean due to time 2019-01-30T13:08:09.346+0600: 5486.899: [CMS-concurrent-abortable-preclean: 2.087/6.064 secs] [Times: user=9.70 sys=0.25, real=6.06 secs] 
2019-01-30T13:08:09.346+0600: 5486.900: [GC (CMS Final Remark) [YG occupancy: 31530 K (109248 K)]{Heap before GC invocations=19954 (full 41):
 par new generation   total 109248K, used 31530K [0x00000007a0000000, 0x00000007a8000000, 0x00000007a8000000)
  eden space 87424K,  24% used [0x00000007a0000000, 0x00000007a14f96f0, 0x00000007a5560000)
  from space 21824K,  46% used [0x00000007a5560000, 0x00000007a5f31500, 0x00000007a6ab0000)
  to   space 21824K,   0% used [0x00000007a6ab0000, 0x00000007a6ab0000, 0x00000007a8000000)
 concurrent mark-sweep generation total 393216K, used 226601K [0x00000007a8000000, 0x00000007c0000000, 0x00000007c0000000)
 Metaspace       used 45939K, capacity 47334K, committed 47532K, reserved 1091584K
  class space    used 5462K, capacity 5780K, committed 5804K, reserved 1048576K
2019-01-30T13:08:09.347+0600: 5486.900: [GC (CMS Final Remark) 2019-01-30T13:08:09.347+0600: 5486.900: [ParNew
Desired survivor size 20112992 bytes, new threshold 8 (max 8)
- age   1:     741632 bytes,     741632 total
- age   2:     533792 bytes,    1275424 total
- age   3:     270160 bytes,    1545584 total
- age   4:     541632 bytes,    2087216 total
- age   5:     229408 bytes,    2316624 total
- age   6:     860456 bytes,    3177080 total
- age   7:     213264 bytes,    3390344 total
- age   8:     635056 bytes,    4025400 total
: 31530K->4884K(109248K), 0.0152903 secs] 258132K->237044K(502464K), 0.0153735 secs] [Times: user=0.05 sys=0.00, real=0.02 secs] 
Heap after GC invocations=19955 (full 41):
 par new generation   total 109248K, used 4884K [0x00000007a0000000, 0x00000007a8000000, 0x00000007a8000000)
  eden space 87424K,   0% used [0x00000007a0000000, 0x00000007a0000000, 0x00000007a5560000)
  from space 21824K,  22% used [0x00000007a6ab0000, 0x00000007a6f75248, 0x00000007a8000000)
  to   space 21824K,   0% used [0x00000007a5560000, 0x00000007a5560000, 0x00000007a6ab0000)
 concurrent mark-sweep generation total 393216K, used 232159K [0x00000007a8000000, 0x00000007c0000000, 0x00000007c0000000)
 Metaspace       used 45939K, capacity 47334K, committed 47532K, reserved 1091584K
  class space    used 5462K, capacity 5780K, committed 5804K, reserved 1048576K
}
2019-01-30T13:08:09.362+0600: 5486.915: [Rescan (parallel) , 0.0062749 secs]2019-01-30T13:08:09.368+0600: 5486.921: [weak refs processing, 0.0009019 secs]2019-01-30T13:08:09.369+0600: 5486.922: [class unloading, 0.0103299 secs]2019-01-30T13:08:09.380+0600: 5486.933: [scrub symbol table, 0.0121544 secs]2019-01-30T13:08:09.392+0600: 5486.945: [scrub string table, 0.0005855 secs][1 CMS-remark: 232159K(393216K)] 237044K(502464K), 0.0462880 secs] [Times: user=0.10 sys=0.00, real=0.05 secs] 
2019-01-30T13:08:09.393+0600: 5486.946: Total time for which application threads were stopped: 0.0465270 seconds, Stopping threads took: 0.0001085 seconds
2019-01-30T13:08:09.393+0600: 5486.946: [CMS-concurrent-sweep-start]
2019-01-30T13:08:09.482+0600: 5487.035: [CMS-concurrent-sweep: 0.089/0.089 secs] [Times: user=0.17 sys=0.00, real=0.09 secs] 
2019-01-30T13:08:09.482+0600: 5487.035: [CMS-concurrent-reset-start]
2019-01-30T13:08:09.483+0600: 5487.036: [CMS-concurrent-reset: 0.000/0.000 secs] [Times: user=0.01 sys=0.00, real=0.00 secs] 
2019-01-30T13:08:11.484+0600: 5489.037: [GC (CMS Initial Mark) [1 CMS-initial-mark: 232159K(393216K)] 237475K(502464K), 0.0027921 secs] [Times: user=0.01 sys=0.00, real=0.00 secs] 
2019-01-30T13:08:11.487+0600: 5489.040: Total time for which application threads were stopped: 0.0030442 seconds, Stopping threads took: 0.0000817 seconds
2019-01-30T13:08:11.487+0600: 5489.040: [CMS-concurrent-mark-start]
2019-01-30T13:08:11.738+0600: 5489.291: [CMS-concurrent-mark: 0.251/0.251 secs] [Times: user=0.84 sys=0.01, real=0.25 secs] 
2019-01-30T13:08:11.738+0600: 5489.291: [CMS-concurrent-preclean-start]
2019-01-30T13:08:11.741+0600: 5489.294: [CMS-concurrent-preclean: 0.002/0.002 secs] [Times: user=0.01 sys=0.00, real=0.01 secs] 
2019-01-30T13:08:11.741+0600: 5489.294: [GC (CMS Final Remark) [YG occupancy: 5316 K (109248 K)]{Heap before GC invocations=19955 (full 42):
 par new generation   total 109248K, used 5316K [0x00000007a0000000, 0x00000007a8000000, 0x00000007a8000000)
  eden space 87424K,   0% used [0x00000007a0000000, 0x00000007a006bdc0, 0x00000007a5560000)
  from space 21824K,  22% used [0x00000007a6ab0000, 0x00000007a6f75248, 0x00000007a8000000)
  to   space 21824K,   0% used [0x00000007a5560000, 0x00000007a5560000, 0x00000007a6ab0000)
 concurrent mark-sweep generation total 393216K, used 232159K [0x00000007a8000000, 0x00000007c0000000, 0x00000007c0000000)
 Metaspace       used 45939K, capacity 47334K, committed 47532K, reserved 1091584K
  class space    used 5462K, capacity 5780K, committed 5804K, reserved 1048576K
2019-01-30T13:08:11.741+0600: 5489.294: [GC (CMS Final Remark) 2019-01-30T13:08:11.741+0600: 5489.294: [ParNew
Desired survivor size 20112992 bytes, new threshold 8 (max 8)
- age   1:     244656 bytes,     244656 total
- age   2:     741608 bytes,     986264 total
- age   3:     533624 bytes,    1519888 total
- age   4:     269968 bytes,    1789856 total
- age   5:     540936 bytes,    2330792 total
- age   6:     229168 bytes,    2559960 total
- age   7:     859928 bytes,    3419888 total
- age   8:     213072 bytes,    3632960 total
: 5316K->4906K(109248K), 0.0103191 secs] 237475K->237685K(502464K), 0.0104013 secs] [Times: user=0.03 sys=0.00, real=0.01 secs] 
Heap after GC invocations=19956 (full 42):
 par new generation   total 109248K, used 4906K [0x00000007a0000000, 0x00000007a8000000, 0x00000007a8000000)
  eden space 87424K,   0% used [0x00000007a0000000, 0x00000007a0000000, 0x00000007a5560000)
  from space 21824K,  22% used [0x00000007a5560000, 0x00000007a5a2aa18, 0x00000007a6ab0000)
  to   space 21824K,   0% used [0x00000007a6ab0000, 0x00000007a6ab0000, 0x00000007a8000000)
 concurrent mark-sweep generation total 393216K, used 232779K [0x00000007a8000000, 0x00000007c0000000, 0x00000007c0000000)
 Metaspace       used 45939K, capacity 47334K, committed 47532K, reserved 1091584K
  class space    used 5462K, capacity 5780K, committed 5804K, reserved 1048576K
}
2019-01-30T13:08:11.751+0600: 5489.304: [Rescan (parallel) , 0.0048062 secs]2019-01-30T13:08:11.756+0600: 5489.309: [weak refs processing, 0.0008255 secs]2019-01-30T13:08:11.757+0600: 5489.310: [class unloading, 0.0104166 secs]2019-01-30T13:08:11.768+0600: 5489.321: [scrub symbol table, 0.0089178 secs]2019-01-30T13:08:11.777+0600: 5489.330: [scrub string table, 0.0005657 secs][1 CMS-remark: 232779K(393216K)] 237685K(502464K), 0.0364526 secs] [Times: user=0.07 sys=0.00, real=0.03 secs] 
2019-01-30T13:08:11.777+0600: 5489.330: Total time for which application threads were stopped: 0.0366501 seconds, Stopping threads took: 0.0000610 seconds
2019-01-30T13:08:11.777+0600: 5489.330: [CMS-concurrent-sweep-start]
2019-01-30T13:08:11.883+0600: 5489.436: [CMS-concurrent-sweep: 0.105/0.105 secs] [Times: user=0.20 sys=0.00, real=0.11 secs] 
2019-01-30T13:08:11.883+0600: 5489.436: [CMS-concurrent-reset-start]
2019-01-30T13:08:11.883+0600: 5489.436: [CMS-concurrent-reset: 0.001/0.001 secs] [Times: user=0.01 sys=0.00, real=0.00 secs] 
2019-01-30T13:08:13.884+0600: 5491.437: [GC (CMS Initial Mark) [1 CMS-initial-mark: 232774K(393216K)] 238166K(502464K), 0.0049022 secs] [Times: user=0.00 sys=0.00, real=0.00 secs] 
2019-01-30T13:08:13.889+0600: 5491.442: Total time for which application threads were stopped: 0.0052353 seconds, Stopping threads took: 0.0001221 seconds
2019-01-30T13:08:13.890+0600: 5491.443: [CMS-concurrent-mark-start]
2019-01-30T13:08:14.194+0600: 5491.747: [CMS-concurrent-mark: 0.304/0.304 secs] [Times: user=0.88 sys=0.01, real=0.30 secs] 
2019-01-30T13:08:14.194+0600: 5491.747: [CMS-concurrent-preclean-start]
2019-01-30T13:08:14.197+0600: 5491.750: [CMS-concurrent-preclean: 0.002/0.003 secs] [Times: user=0.01 sys=0.00, real=0.00 secs] 
2019-01-30T13:08:14.197+0600: 5491.750: [GC (CMS Final Remark) [YG occupancy: 5392 K (109248 K)]{Heap before GC invocations=19956 (full 43):
 par new generation   total 109248K, used 5392K [0x00000007a0000000, 0x00000007a8000000, 0x00000007a8000000)
  eden space 87424K,   0% used [0x00000007a0000000, 0x00000007a0079608, 0x00000007a5560000)
  from space 21824K,  22% used [0x00000007a5560000, 0x00000007a5a2aa18, 0x00000007a6ab0000)
  to   space 21824K,   0% used [0x00000007a6ab0000, 0x00000007a6ab0000, 0x00000007a8000000)
 concurrent mark-sweep generation total 393216K, used 232774K [0x00000007a8000000, 0x00000007c0000000, 0x00000007c0000000)
 Metaspace       used 45939K, capacity 47334K, committed 47532K, reserved 1091584K
  class space    used 5462K, capacity 5780K, committed 5804K, reserved 1048576K
2019-01-30T13:08:14.197+0600: 5491.750: [GC (CMS Final Remark) 2019-01-30T13:08:14.197+0600: 5491.750: [ParNew
Desired survivor size 20112992 bytes, new threshold 8 (max 8)
- age   1:     281104 bytes,     281104 total
- age   2:     244632 bytes,     525736 total
- age   3:     741608 bytes,    1267344 total
- age   4:     514600 bytes,    1781944 total
- age   5:     269968 bytes,    2051912 total
- age   6:     540936 bytes,    2592848 total
- age   7:     229168 bytes,    2822016 total
- age   8:     859928 bytes,    3681944 total
: 5392K->4045K(109248K), 0.0083971 secs] 238166K->237027K(502464K), 0.0084716 secs] [Times: user=0.03 sys=0.00, real=0.01 secs] 
Heap after GC invocations=19957 (full 43):
 par new generation   total 109248K, used 4045K [0x00000007a0000000, 0x00000007a8000000, 0x00000007a8000000)
  eden space 87424K,   0% used [0x00000007a0000000, 0x00000007a0000000, 0x00000007a5560000)
  from space 21824K,  18% used [0x00000007a6ab0000, 0x00000007a6ea3640, 0x00000007a8000000)
  to   space 21824K,   0% used [0x00000007a5560000, 0x00000007a5560000, 0x00000007a6ab0000)
 concurrent mark-sweep generation total 393216K, used 232982K [0x00000007a8000000, 0x00000007c0000000, 0x00000007c0000000)
 Metaspace       used 45939K, capacity 47334K, committed 47532K, reserved 1091584K
  class space    used 5462K, capacity 5780K, committed 5804K, reserved 1048576K
}
2019-01-30T13:08:14.206+0600: 5491.759: [Rescan (parallel) , 0.0045517 secs]2019-01-30T13:08:14.210+0600: 5491.763: [weak refs processing, 0.0008495 secs]2019-01-30T13:08:14.211+0600: 5491.764: [class unloading, 0.0136478 secs]2019-01-30T13:08:14.225+0600: 5491.778: [scrub symbol table, 0.0088991 secs]2019-01-30T13:08:14.234+0600: 5491.787: [scrub string table, 0.0005389 secs][1 CMS-remark: 232982K(393216K)] 237027K(502464K), 0.0373368 secs] [Times: user=0.07 sys=0.00, real=0.04 secs] 
2019-01-30T13:08:14.235+0600: 5491.787: Total time for which application threads were stopped: 0.0375421 seconds, Stopping threads took: 0.0000695 seconds
2019-01-30T13:08:14.235+0600: 5491.788: [CMS-concurrent-sweep-start]
2019-01-30T13:08:14.328+0600: 5491.881: [CMS-concurrent-sweep: 0.093/0.093 secs] [Times: user=0.18 sys=0.00, real=0.09 secs] 
2019-01-30T13:08:14.328+0600: 5491.881: [CMS-concurrent-reset-start]
2019-01-30T13:08:14.329+0600: 5491.881: [CMS-concurrent-reset: 0.000/0.000 secs] [Times: user=0.00 sys=0.00, real=0.00 secs] 
2019-01-30T13:08:16.333+0600: 5493.886: [GC (CMS Initial Mark) [1 CMS-initial-mark: 232981K(393216K)] 237458K(502464K), 0.0023859 secs] [Times: user=0.01 sys=0.00, real=0.00 secs] 
2019-01-30T13:08:16.335+0600: 5493.888: Total time for which application threads were stopped: 0.0025997 seconds, Stopping threads took: 0.0000596 seconds
2019-01-30T13:08:16.335+0600: 5493.888: [CMS-concurrent-mark-start]
2019-01-30T13:08:16.559+0600: 5494.111: [CMS-concurrent-mark: 0.223/0.223 secs] [Times: user=0.83 sys=0.00, real=0.22 secs] 
2019-01-30T13:08:16.559+0600: 5494.112: [CMS-concurrent-preclean-start]
2019-01-30T13:08:16.561+0600: 5494.114: [CMS-concurrent-preclean: 0.002/0.002 secs] [Times: user=0.00 sys=0.00, real=0.01 secs] 
2019-01-30T13:08:16.561+0600: 5494.114: [GC (CMS Final Remark) [YG occupancy: 4477 K (109248 K)]{Heap before GC invocations=19957 (full 44):
 par new generation   total 109248K, used 4477K [0x00000007a0000000, 0x00000007a8000000, 0x00000007a8000000)
  eden space 87424K,   0% used [0x00000007a0000000, 0x00000007a006be10, 0x00000007a5560000)
  from space 21824K,  18% used [0x00000007a6ab0000, 0x00000007a6ea3640, 0x00000007a8000000)
  to   space 21824K,   0% used [0x00000007a5560000, 0x00000007a5560000, 0x00000007a6ab0000)
 concurrent mark-sweep generation total 393216K, used 232981K [0x00000007a8000000, 0x00000007c0000000, 0x00000007c0000000)
 Metaspace       used 45939K, capacity 47334K, committed 47532K, reserved 1091584K
  class space    used 5462K, capacity 5780K, committed 5804K, reserved 1048576K
2019-01-30T13:08:16.562+0600: 5494.114: [GC (CMS Final Remark) 2019-01-30T13:08:16.562+0600: 5494.114: [ParNew
Desired survivor size 20112992 bytes, new threshold 8 (max 8)
- age   1:     233648 bytes,     233648 total
- age   2:     280960 bytes,     514608 total
- age   3:     244632 bytes,     759240 total
- age   4:     741608 bytes,    1500848 total
- age   5:     514528 bytes,    2015376 total
- age   6:     269944 bytes,    2285320 total
- age   7:     540744 bytes,    2826064 total
- age   8:     229144 bytes,    3055208 total
: 4477K->4912K(109248K), 0.0097526 secs] 237458K->238735K(502464K), 0.0098560 secs] [Times: user=0.03 sys=0.00, real=0.01 secs] 
Heap after GC invocations=19958 (full 44):
 par new generation   total 109248K, used 4912K [0x00000007a0000000, 0x00000007a8000000, 0x00000007a8000000)
  eden space 87424K,   0% used [0x00000007a0000000, 0x00000007a0000000, 0x00000007a5560000)
  from space 21824K,  22% used [0x00000007a5560000, 0x00000007a5a2c020, 0x00000007a6ab0000)
  to   space 21824K,   0% used [0x00000007a6ab0000, 0x00000007a6ab0000, 0x00000007a8000000)
 concurrent mark-sweep generation total 393216K, used 233823K [0x00000007a8000000, 0x00000007c0000000, 0x00000007c0000000)
 Metaspace       used 45939K, capacity 47334K, committed 47532K, reserved 1091584K
  class space    used 5462K, capacity 5780K, committed 5804K, reserved 1048576K
}
2019-01-30T13:08:16.571+0600: 5494.124: [Rescan (parallel) , 0.0047738 secs]2019-01-30T13:08:16.576+0600: 5494.129: [weak refs processing, 0.0016807 secs]2019-01-30T13:08:16.578+0600: 5494.131: [class unloading, 0.0113173 secs]2019-01-30T13:08:16.589+0600: 5494.142: [scrub symbol table, 0.0079747 secs]2019-01-30T13:08:16.597+0600: 5494.150: [scrub string table, 0.0005715 secs][1 CMS-remark: 233823K(393216K)] 238735K(502464K), 0.0366659 secs] [Times: user=0.07 sys=0.00, real=0.03 secs] 
2019-01-30T13:08:16.598+0600: 5494.151: Total time for which application threads were stopped: 0.0368714 seconds, Stopping threads took: 0.0000703 seconds
2019-01-30T13:08:16.598+0600: 5494.151: [CMS-concurrent-sweep-start]
2019-01-30T13:08:16.694+0600: 5494.247: [CMS-concurrent-sweep: 0.096/0.096 secs] [Times: user=0.19 sys=0.00, real=0.10 secs] 
2019-01-30T13:08:16.694+0600: 5494.247: [CMS-concurrent-reset-start]
2019-01-30T13:08:16.695+0600: 5494.248: [CMS-concurrent-reset: 0.001/0.001 secs] [Times: user=0.00 sys=0.00, real=0.00 secs] 
2019-01-30T13:08:18.694+0600: 5496.247: [GC (CMS Initial Mark) [1 CMS-initial-mark: 233818K(393216K)] 239161K(502464K), 0.0023826 secs] [Times: user=0.01 sys=0.00, real=0.00 secs] 
2019-01-30T13:08:18.697+0600: 5496.250: Total time for which application threads were stopped: 0.0026153 seconds, Stopping threads took: 0.0000653 seconds
2019-01-30T13:08:18.697+0600: 5496.250: [CMS-concurrent-mark-start]
2019-01-30T13:08:18.959+0600: 5496.512: [CMS-concurrent-mark: 0.262/0.262 secs] [Times: user=0.90 sys=0.00, real=0.26 secs] 
2019-01-30T13:08:18.959+0600: 5496.512: [CMS-concurrent-preclean-start]
2019-01-30T13:08:18.962+0600: 5496.515: [CMS-concurrent-preclean: 0.003/0.003 secs] [Times: user=0.01 sys=0.00, real=0.01 secs] 
2019-01-30T13:08:18.962+0600: 5496.515: [GC (CMS Final Remark) [YG occupancy: 5397 K (109248 K)]{Heap before GC invocations=19958 (full 45):
 par new generation   total 109248K, used 5397K [0x00000007a0000000, 0x00000007a8000000, 0x00000007a8000000)
  eden space 87424K,   0% used [0x00000007a0000000, 0x00000007a00795d8, 0x00000007a5560000)
  from space 21824K,  22% used [0x00000007a5560000, 0x00000007a5a2c020, 0x00000007a6ab0000)
  to   space 21824K,   0% used [0x00000007a6ab0000, 0x00000007a6ab0000, 0x00000007a8000000)
 concurrent mark-sweep generation total 393216K, used 233818K [0x00000007a8000000, 0x00000007c0000000, 0x00000007c0000000)
 Metaspace       used 45939K, capacity 47334K, committed 47532K, reserved 1091584K
  class space    used 5462K, capacity 5780K, committed 5804K, reserved 1048576K
2019-01-30T13:08:18.962+0600: 5496.515: [GC (CMS Final Remark) 2019-01-30T13:08:18.962+0600: 5496.515: [ParNew
Desired survivor size 20112992 bytes, new threshold 8 (max 8)
- age   1:     259856 bytes,     259856 total
- age   2:     233624 bytes,     493480 total
- age   3:     280960 bytes,     774440 total
- age   4:     244632 bytes,    1019072 total
- age   5:     741608 bytes,    1760680 total
- age   6:     514528 bytes,    2275208 total
- age   7:     269944 bytes,    2545152 total
- age   8:     540744 bytes,    3085896 total
: 5397K->3911K(109248K), 0.0100348 secs] 239215K->237953K(502464K), 0.0101061 secs] [Times: user=0.03 sys=0.00, real=0.01 secs] 
Heap after GC invocations=19959 (full 45):
 par new generation   total 109248K, used 3911K [0x00000007a0000000, 0x00000007a8000000, 0x00000007a8000000)
  eden space 87424K,   0% used [0x00000007a0000000, 0x00000007a0000000, 0x00000007a5560000)
  from space 21824K,  17% used [0x00000007a6ab0000, 0x00000007a6e81da0, 0x00000007a8000000)
  to   space 21824K,   0% used [0x00000007a5560000, 0x00000007a5560000, 0x00000007a6ab0000)
 concurrent mark-sweep generation total 393216K, used 234041K [0x00000007a8000000, 0x00000007c0000000, 0x00000007c0000000)
 Metaspace       used 45939K, capacity 47334K, committed 47532K, reserved 1091584K
  class space    used 5462K, capacity 5780K, committed 5804K, reserved 1048576K
}
2019-01-30T13:08:18.973+0600: 5496.525: [Rescan (parallel) , 0.0043948 secs]2019-01-30T13:08:18.977+0600: 5496.530: [weak refs processing, 0.0010539 secs]2019-01-30T13:08:18.978+0600: 5496.531: [class unloading, 0.0099804 secs]2019-01-30T13:08:18.988+0600: 5496.541: [scrub symbol table, 0.0076210 secs]2019-01-30T13:08:18.996+0600: 5496.549: [scrub string table, 0.0005558 secs][1 CMS-remark: 234041K(393216K)] 237953K(502464K), 0.0341094 secs] [Times: user=0.07 sys=0.00, real=0.03 secs] 
2019-01-30T13:08:18.997+0600: 5496.549: Total time for which application threads were stopped: 0.0343220 seconds, Stopping threads took: 0.0000925 seconds
2019-01-30T13:08:18.997+0600: 5496.549: [CMS-concurrent-sweep-start]
2019-01-30T13:08:19.089+0600: 5496.642: [CMS-concurrent-sweep: 0.093/0.093 secs] [Times: user=0.18 sys=0.00, real=0.09 secs] 
2019-01-30T13:08:19.089+0600: 5496.642: [CMS-concurrent-reset-start]
2019-01-30T13:08:19.090+0600: 5496.643: [CMS-concurrent-reset: 0.001/0.001 secs] [Times: user=0.00 sys=0.00, real=0.01 secs] 
2019-01-30T13:08:21.090+0600: 5498.642: [GC (CMS Initial Mark) [1 CMS-initial-mark: 233932K(393216K)] 238274K(502464K), 0.0037784 secs] [Times: user=0.00 sys=0.00, real=0.00 secs] 
2019-01-30T13:08:21.094+0600: 5498.646: Total time for which application threads were stopped: 0.0040479 seconds, Stopping threads took: 0.0000796 seconds
2019-01-30T13:08:21.094+0600: 5498.646: [CMS-concurrent-mark-start]
2019-01-30T13:08:21.386+0600: 5498.939: [CMS-concurrent-mark: 0.293/0.293 secs] [Times: user=0.91 sys=0.00, real=0.29 secs] 
2019-01-30T13:08:21.386+0600: 5498.939: [CMS-concurrent-preclean-start]
2019-01-30T13:08:21.389+0600: 5498.941: [CMS-concurrent-preclean: 0.002/0.002 secs] [Times: user=0.01 sys=0.00, real=0.00 secs] 
2019-01-30T13:08:21.389+0600: 5498.942: [GC (CMS Final Remark) [YG occupancy: 4342 K (109248 K)]{Heap before GC invocations=19959 (full 46):
 par new generation   total 109248K, used 4342K [0x00000007a0000000, 0x00000007a8000000, 0x00000007a8000000)
  eden space 87424K,   0% used [0x00000007a0000000, 0x00000007a006be08, 0x00000007a5560000)
  from space 21824K,  17% used [0x00000007a6ab0000, 0x00000007a6e81da0, 0x00000007a8000000)
  to   space 21824K,   0% used [0x00000007a5560000, 0x00000007a5560000, 0x00000007a6ab0000)
 concurrent mark-sweep generation total 393216K, used 233932K [0x00000007a8000000, 0x00000007c0000000, 0x00000007c0000000)
 Metaspace       used 45939K, capacity 47334K, committed 47532K, reserved 1091584K
  class space    used 5462K, capacity 5780K, committed 5804K, reserved 1048576K
2019-01-30T13:08:21.389+0600: 5498.942: [GC (CMS Final Remark) 2019-01-30T13:08:21.389+0600: 5498.942: [ParNew
Desired survivor size 20112992 bytes, new threshold 8 (max 8)
- age   1:     244912 bytes,     244912 total
- age   2:     259712 bytes,     504624 total
- age   3:     233624 bytes,     738248 total
- age   4:     280960 bytes,    1019208 total
- age   5:     244632 bytes,    1263840 total
- age   6:     741608 bytes,    2005448 total
- age   7:     514528 bytes,    2519976 total
- age   8:     269944 bytes,    2789920 total
: 4342K->3422K(109248K), 0.0088159 secs] 238274K->237882K(502464K), 0.0088997 secs] [Times: user=0.03 sys=0.01, real=0.01 secs] 
Heap after GC invocations=19960 (full 46):
 par new generation   total 109248K, used 3422K [0x00000007a0000000, 0x00000007a8000000, 0x00000007a8000000)
  eden space 87424K,   0% used [0x00000007a0000000, 0x00000007a0000000, 0x00000007a5560000)
  from space 21824K,  15% used [0x00000007a5560000, 0x00000007a58b7b40, 0x00000007a6ab0000)
  to   space 21824K,   0% used [0x00000007a6ab0000, 0x00000007a6ab0000, 0x00000007a8000000)
 concurrent mark-sweep generation total 393216K, used 234460K [0x00000007a8000000, 0x00000007c0000000, 0x00000007c0000000)
 Metaspace       used 45939K, capacity 47334K, committed 47532K, reserved 1091584K
  class space    used 5462K, capacity 5780K, committed 5804K, reserved 1048576K
}
2019-01-30T13:08:21.398+0600: 5498.951: [Rescan (parallel) , 0.0045006 secs]2019-01-30T13:08:21.403+0600: 5498.955: [weak refs processing, 0.0008700 secs]2019-01-30T13:08:21.404+0600: 5498.956: [class unloading, 0.0097628 secs]2019-01-30T13:08:21.413+0600: 5498.966: [scrub symbol table, 0.0076925 secs]2019-01-30T13:08:21.421+0600: 5498.974: [scrub string table, 0.0007518 secs][1 CMS-remark: 234460K(393216K)] 237882K(502464K), 0.0328976 secs] [Times: user=0.07 sys=0.01, real=0.04 secs] 
2019-01-30T13:08:21.422+0600: 5498.975: Total time for which application threads were stopped: 0.0331864 seconds, Stopping threads took: 0.0001440 seconds
2019-01-30T13:08:21.422+0600: 5498.975: [CMS-concurrent-sweep-start]
2019-01-30T13:08:21.518+0600: 5499.070: [CMS-concurrent-sweep: 0.095/0.095 secs] [Times: user=0.19 sys=0.00, real=0.09 secs] 
2019-01-30T13:08:21.518+0600: 5499.070: [CMS-concurrent-reset-start]
2019-01-30T13:08:21.518+0600: 5499.071: [CMS-concurrent-reset: 0.000/0.000 secs] [Times: user=0.00 sys=0.00, real=0.00 secs] 
2019-01-30T13:08:23.521+0600: 5501.074: [GC (CMS Initial Mark) [1 CMS-initial-mark: 234423K(393216K)] 238385K(502464K), 0.0021229 secs] [Times: user=0.01 sys=0.00, real=0.00 secs] 
2019-01-30T13:08:23.523+0600: 5501.076: Total time for which application threads were stopped: 0.0023560 seconds, Stopping threads took: 0.0000780 seconds
2019-01-30T13:08:23.523+0600: 5501.076: [CMS-concurrent-mark-start]
2019-01-30T13:08:23.710+0600: 5501.263: [CMS-concurrent-mark: 0.187/0.187 secs] [Times: user=0.73 sys=0.00, real=0.19 secs] 
2019-01-30T13:08:23.710+0600: 5501.263: [CMS-concurrent-preclean-start]
2019-01-30T13:08:23.713+0600: 5501.266: [CMS-concurrent-preclean: 0.003/0.003 secs] [Times: user=0.01 sys=0.00, real=0.00 secs] 
2019-01-30T13:08:23.713+0600: 5501.266: [GC (CMS Final Remark) [YG occupancy: 3962 K (109248 K)]{Heap before GC invocations=19960 (full 47):
 par new generation   total 109248K, used 3962K [0x00000007a0000000, 0x00000007a8000000, 0x00000007a8000000)
  eden space 87424K,   0% used [0x00000007a0000000, 0x00000007a0086d88, 0x00000007a5560000)
  from space 21824K,  15% used [0x00000007a5560000, 0x00000007a58b7b40, 0x00000007a6ab0000)
  to   space 21824K,   0% used [0x00000007a6ab0000, 0x00000007a6ab0000, 0x00000007a8000000)
 concurrent mark-sweep generation total 393216K, used 234423K [0x00000007a8000000, 0x00000007c0000000, 0x00000007c0000000)
 Metaspace       used 45939K, capacity 47334K, committed 47532K, reserved 1091584K
  class space    used 5462K, capacity 5780K, committed 5804K, reserved 1048576K
2019-01-30T13:08:23.713+0600: 5501.266: [GC (CMS Final Remark) 2019-01-30T13:08:23.713+0600: 5501.266: [ParNew
Desired survivor size 20112992 bytes, new threshold 8 (max 8)
- age   1:     314240 bytes,     314240 total
- age   2:     244888 bytes,     559128 total
- age   3:     259712 bytes,     818840 total
- age   4:     233624 bytes,    1052464 total
- age   5:     280960 bytes,    1333424 total
- age   6:     244632 bytes,    1578056 total
- age   7:     741608 bytes,    2319664 total
- age   8:     514528 bytes,    2834192 total
: 3962K->3635K(109248K), 0.0090724 secs] 238385K->238322K(502464K), 0.0091586 secs] [Times: user=0.03 sys=0.01, real=0.01 secs] 
Heap after GC invocations=19961 (full 47):
 par new generation   total 109248K, used 3635K [0x00000007a0000000, 0x00000007a8000000, 0x00000007a8000000)
  eden space 87424K,   0% used [0x00000007a0000000, 0x00000007a0000000, 0x00000007a5560000)
  from space 21824K,  16% used [0x00000007a6ab0000, 0x00000007a6e3ce80, 0x00000007a8000000)
  to   space 21824K,   0% used [0x00000007a5560000, 0x00000007a5560000, 0x00000007a6ab0000)
 concurrent mark-sweep generation total 393216K, used 234686K [0x00000007a8000000, 0x00000007c0000000, 0x00000007c0000000)
 Metaspace       used 45939K, capacity 47334K, committed 47532K, reserved 1091584K
  class space    used 5462K, capacity 5780K, committed 5804K, reserved 1048576K
}
2019-01-30T13:08:23.723+0600: 5501.275: [Rescan (parallel) , 0.0043678 secs]2019-01-30T13:08:23.727+0600: 5501.280: [weak refs processing, 0.0009617 secs]2019-01-30T13:08:23.728+0600: 5501.281: [class unloading, 0.0119431 secs]2019-01-30T13:08:23.740+0600: 5501.293: [scrub symbol table, 0.0132035 secs]2019-01-30T13:08:23.753+0600: 5501.306: [scrub string table, 0.0020217 secs][1 CMS-remark: 234686K(393216K)] 238322K(502464K), 0.0422429 secs] [Times: user=0.08 sys=0.01, real=0.04 secs] 
2019-01-30T13:08:23.756+0600: 5501.308: Total time for which application threads were stopped: 0.0424798 seconds, Stopping threads took: 0.0000728 seconds
2019-01-30T13:08:23.756+0600: 5501.308: [CMS-concurrent-sweep-start]
2019-01-30T13:08:23.890+0600: 5501.442: [CMS-concurrent-sweep: 0.134/0.134 secs] [Times: user=0.24 sys=0.00, real=0.14 secs] 
2019-01-30T13:08:23.890+0600: 5501.442: [CMS-concurrent-reset-start]
2019-01-30T13:08:23.890+0600: 5501.443: [CMS-concurrent-reset: 0.000/0.000 secs] [Times: user=0.00 sys=0.00, real=0.00 secs] 
2019-01-30T13:08:25.894+0600: 5503.446: [GC (CMS Initial Mark) [1 CMS-initial-mark: 234592K(393216K)] 256444K(502464K), 0.0055181 secs] [Times: user=0.01 sys=0.00, real=0.00 secs] 
2019-01-30T13:08:25.899+0600: 5503.452: Total time for which application threads were stopped: 0.0060504 seconds, Stopping threads took: 0.0001778 seconds
2019-01-30T13:08:25.899+0600: 5503.452: [CMS-concurrent-mark-start]
2019-01-30T13:08:26.234+0600: 5503.786: [CMS-concurrent-mark: 0.334/0.334 secs] [Times: user=0.92 sys=0.01, real=0.34 secs] 
2019-01-30T13:08:26.234+0600: 5503.786: [CMS-concurrent-preclean-start]
2019-01-30T13:08:26.237+0600: 5503.790: [CMS-concurrent-preclean: 0.003/0.004 secs] [Times: user=0.01 sys=0.00, real=0.00 secs] 
2019-01-30T13:08:26.238+0600: 5503.790: [CMS-concurrent-abortable-preclean-start]
2019-01-30T13:08:26.902+0600: 5504.455: Total time for which application threads were stopped: 0.0001610 seconds, Stopping threads took: 0.0000758 seconds
2019-01-30T13:08:27.904+0600: 5505.457: Total time for which application threads were stopped: 0.0002350 seconds, Stopping threads took: 0.0001298 seconds
2019-01-30T13:08:28.907+0600: 5506.459: Total time for which application threads were stopped: 0.0002611 seconds, Stopping threads took: 0.0001137 seconds
{Heap before GC invocations=19961 (full 48):
 par new generation   total 109248K, used 91059K [0x00000007a0000000, 0x00000007a8000000, 0x00000007a8000000)
  eden space 87424K, 100% used [0x00000007a0000000, 0x00000007a5560000, 0x00000007a5560000)
  from space 21824K,  16% used [0x00000007a6ab0000, 0x00000007a6e3ce80, 0x00000007a8000000)
  to   space 21824K,   0% used [0x00000007a5560000, 0x00000007a5560000, 0x00000007a6ab0000)
 concurrent mark-sweep generation total 393216K, used 234592K [0x00000007a8000000, 0x00000007c0000000, 0x00000007c0000000)
 Metaspace       used 45939K, capacity 47334K, committed 47532K, reserved 1091584K
  class space    used 5462K, capacity 5780K, committed 5804K, reserved 1048576K
2019-01-30T13:08:29.850+0600: 5507.402: [GC (Allocation Failure) 2019-01-30T13:08:29.850+0600: 5507.402: [ParNew
Desired survivor size 20112992 bytes, new threshold 8 (max 8)
- age   1:    1244936 bytes,    1244936 total
- age   2:     314216 bytes,    1559152 total
- age   3:     244888 bytes,    1804040 total
- age   4:     259712 bytes,    2063752 total
- age   5:     233624 bytes,    2297376 total
- age   6:     280960 bytes,    2578336 total
- age   7:     244632 bytes,    2822968 total
- age   8:     290640 bytes,    3113608 total
: 91059K->3698K(109248K), 0.0110314 secs] 325651K->238786K(502464K), 0.0111400 secs] [Times: user=0.03 sys=0.00, real=0.01 secs] 
Heap after GC invocations=19962 (full 48):
 par new generation   total 109248K, used 3698K [0x00000007a0000000, 0x00000007a8000000, 0x00000007a8000000)
  eden space 87424K,   0% used [0x00000007a0000000, 0x00000007a0000000, 0x00000007a5560000)
  from space 21824K,  16% used [0x00000007a5560000, 0x00000007a58fca98, 0x00000007a6ab0000)
  to   space 21824K,   0% used [0x00000007a6ab0000, 0x00000007a6ab0000, 0x00000007a8000000)
 concurrent mark-sweep generation total 393216K, used 235087K [0x00000007a8000000, 0x00000007c0000000, 0x00000007c0000000)
 Metaspace       used 45939K, capacity 47334K, committed 47532K, reserved 1091584K
  class space    used 5462K, capacity 5780K, committed 5804K, reserved 1048576K
}
2019-01-30T13:08:29.861+0600: 5507.413: Total time for which application threads were stopped: 0.0113948 seconds, Stopping threads took: 0.0000551 seconds
 CMS: abort preclean due to time 2019-01-30T13:08:32.263+0600: 5509.815: [CMS-concurrent-abortable-preclean: 1.826/6.025 secs] [Times: user=8.46 sys=0.22, real=6.03 secs] 
2019-01-30T13:08:32.263+0600: 5509.815: [GC (CMS Final Remark) [YG occupancy: 13522 K (109248 K)]{Heap before GC invocations=19962 (full 48):
 par new generation   total 109248K, used 13522K [0x00000007a0000000, 0x00000007a8000000, 0x00000007a8000000)
  eden space 87424K,  11% used [0x00000007a0000000, 0x00000007a0997db0, 0x00000007a5560000)
  from space 21824K,  16% used [0x00000007a5560000, 0x00000007a58fca98, 0x00000007a6ab0000)
  to   space 21824K,   0% used [0x00000007a6ab0000, 0x00000007a6ab0000, 0x00000007a8000000)
 concurrent mark-sweep generation total 393216K, used 235087K [0x00000007a8000000, 0x00000007c0000000, 0x00000007c0000000)
 Metaspace       used 45939K, capacity 47334K, committed 47532K, reserved 1091584K
  class space    used 5462K, capacity 5780K, committed 5804K, reserved 1048576K
2019-01-30T13:08:32.263+0600: 5509.815: [GC (CMS Final Remark) 2019-01-30T13:08:32.263+0600: 5509.815: [ParNew
Desired survivor size 20112992 bytes, new threshold 8 (max 8)
- age   1:     732464 bytes,     732464 total
- age   2:     767216 bytes,    1499680 total
- age   3:     314216 bytes,    1813896 total
- age   4:     244888 bytes,    2058784 total
- age   5:     259712 bytes,    2318496 total
- age   6:     233624 bytes,    2552120 total
- age   7:     280960 bytes,    2833080 total
- age   8:     244632 bytes,    3077712 total
: 13522K->4037K(109248K), 0.0094755 secs] 248609K->239408K(502464K), 0.0095679 secs] [Times: user=0.03 sys=0.00, real=0.01 secs] 
Heap after GC invocations=19963 (full 48):
 par new generation   total 109248K, used 4037K [0x00000007a0000000, 0x00000007a8000000, 0x00000007a8000000)
  eden space 87424K,   0% used [0x00000007a0000000, 0x00000007a0000000, 0x00000007a5560000)
  from space 21824K,  18% used [0x00000007a6ab0000, 0x00000007a6ea14d0, 0x00000007a8000000)
  to   space 21824K,   0% used [0x00000007a5560000, 0x00000007a5560000, 0x00000007a6ab0000)
 concurrent mark-sweep generation total 393216K, used 235371K [0x00000007a8000000, 0x00000007c0000000, 0x00000007c0000000)
 Metaspace       used 45939K, capacity 47334K, committed 47532K, reserved 1091584K
  class space    used 5462K, capacity 5780K, committed 5804K, reserved 1048576K
}
2019-01-30T13:08:32.273+0600: 5509.825: [Rescan (parallel) , 0.0048588 secs]2019-01-30T13:08:32.278+0600: 5509.830: [weak refs processing, 0.0007820 secs]2019-01-30T13:08:32.278+0600: 5509.831: [class unloading, 0.0098056 secs]2019-01-30T13:08:32.288+0600: 5509.841: [scrub symbol table, 0.0086816 secs]2019-01-30T13:08:32.297+0600: 5509.849: [scrub string table, 0.0006365 secs][1 CMS-remark: 235371K(393216K)] 239408K(502464K), 0.0347853 secs] [Times: user=0.07 sys=0.00, real=0.03 secs] 
2019-01-30T13:08:32.298+0600: 5509.850: Total time for which application threads were stopped: 0.0349924 seconds, Stopping threads took: 0.0000566 seconds
2019-01-30T13:08:32.298+0600: 5509.850: [CMS-concurrent-sweep-start]
2019-01-30T13:08:32.389+0600: 5509.942: [CMS-concurrent-sweep: 0.092/0.092 secs] [Times: user=0.18 sys=0.00, real=0.10 secs] 
2019-01-30T13:08:32.390+0600: 5509.942: [CMS-concurrent-reset-start]
2019-01-30T13:08:32.390+0600: 5509.942: [CMS-concurrent-reset: 0.001/0.001 secs] [Times: user=0.00 sys=0.00, real=0.00 secs] 
2019-01-30T13:08:34.394+0600: 5511.947: [GC (CMS Initial Mark) [1 CMS-initial-mark: 235323K(393216K)] 239913K(502464K), 0.0021285 secs] [Times: user=0.01 sys=0.00, real=0.00 secs] 
2019-01-30T13:08:34.397+0600: 5511.949: Total time for which application threads were stopped: 0.0023397 seconds, Stopping threads took: 0.0000700 seconds
2019-01-30T13:08:34.397+0600: 5511.949: [CMS-concurrent-mark-start]
2019-01-30T13:08:34.629+0600: 5512.182: [CMS-concurrent-mark: 0.233/0.233 secs] [Times: user=0.89 sys=0.01, real=0.23 secs] 
2019-01-30T13:08:34.630+0600: 5512.182: [CMS-concurrent-preclean-start]
2019-01-30T13:08:34.632+0600: 5512.184: [CMS-concurrent-preclean: 0.002/0.003 secs] [Times: user=0.00 sys=0.00, real=0.00 secs] 
2019-01-30T13:08:34.632+0600: 5512.185: [GC (CMS Final Remark) [YG occupancy: 4589 K (109248 K)]{Heap before GC invocations=19963 (full 49):
 par new generation   total 109248K, used 4589K [0x00000007a0000000, 0x00000007a8000000, 0x00000007a8000000)
  eden space 87424K,   0% used [0x00000007a0000000, 0x00000007a008a168, 0x00000007a5560000)
  from space 21824K,  18% used [0x00000007a6ab0000, 0x00000007a6ea14d0, 0x00000007a8000000)
  to   space 21824K,   0% used [0x00000007a5560000, 0x00000007a5560000, 0x00000007a6ab0000)
 concurrent mark-sweep generation total 393216K, used 235323K [0x00000007a8000000, 0x00000007c0000000, 0x00000007c0000000)
 Metaspace       used 45939K, capacity 47334K, committed 47532K, reserved 1091584K
  class space    used 5462K, capacity 5780K, committed 5804K, reserved 1048576K
2019-01-30T13:08:34.632+0600: 5512.185: [GC (CMS Final Remark) 2019-01-30T13:08:34.632+0600: 5512.185: [ParNew
Desired survivor size 20112992 bytes, new threshold 8 (max 8)
- age   1:     326440 bytes,     326440 total
- age   2:     732440 bytes,    1058880 total
- age   3:     767216 bytes,    1826096 total
- age   4:     314216 bytes,    2140312 total
- age   5:     244888 bytes,    2385200 total
- age   6:     259712 bytes,    2644912 total
- age   7:     233624 bytes,    2878536 total
- age   8:     280960 bytes,    3159496 total
: 4589K->4049K(109248K), 0.0099897 secs] 239913K->239612K(502464K), 0.0100796 secs] [Times: user=0.03 sys=0.00, real=0.01 secs] 
Heap after GC invocations=19964 (full 49):
 par new generation   total 109248K, used 4049K [0x00000007a0000000, 0x00000007a8000000, 0x00000007a8000000)
  eden space 87424K,   0% used [0x00000007a0000000, 0x00000007a0000000, 0x00000007a5560000)
  from space 21824K,  18% used [0x00000007a5560000, 0x00000007a59547b8, 0x00000007a6ab0000)
  to   space 21824K,   0% used [0x00000007a6ab0000, 0x00000007a6ab0000, 0x00000007a8000000)
 concurrent mark-sweep generation total 393216K, used 235562K [0x00000007a8000000, 0x00000007c0000000, 0x00000007c0000000)
 Metaspace       used 45939K, capacity 47334K, committed 47532K, reserved 1091584K
  class space    used 5462K, capacity 5780K, committed 5804K, reserved 1048576K
}
2019-01-30T13:08:34.643+0600: 5512.195: [Rescan (parallel) , 0.0050138 secs]2019-01-30T13:08:34.648+0600: 5512.200: [weak refs processing, 0.0009158 secs]2019-01-30T13:08:34.649+0600: 5512.201: [class unloading, 0.0099247 secs]2019-01-30T13:08:34.659+0600: 5512.211: [scrub symbol table, 0.0094270 secs]2019-01-30T13:08:34.668+0600: 5512.220: [scrub string table, 0.0005584 secs][1 CMS-remark: 235562K(393216K)] 239612K(502464K), 0.0363276 secs] [Times: user=0.07 sys=0.00, real=0.03 secs] 
2019-01-30T13:08:34.669+0600: 5512.221: Total time for which application threads were stopped: 0.0365140 seconds, Stopping threads took: 0.0000661 seconds
2019-01-30T13:08:34.669+0600: 5512.221: [CMS-concurrent-sweep-start]
2019-01-30T13:08:34.762+0600: 5512.314: [CMS-concurrent-sweep: 0.093/0.093 secs] [Times: user=0.18 sys=0.00, real=0.10 secs] 
2019-01-30T13:08:34.762+0600: 5512.315: [CMS-concurrent-reset-start]
2019-01-30T13:08:34.763+0600: 5512.315: [CMS-concurrent-reset: 0.000/0.000 secs] [Times: user=0.00 sys=0.00, real=0.00 secs] 
2019-01-30T13:08:36.765+0600: 5514.317: [GC (CMS Initial Mark) [1 CMS-initial-mark: 235449K(393216K)] 240051K(502464K), 0.0027611 secs] [Times: user=0.01 sys=0.00, real=0.00 secs] 
2019-01-30T13:08:36.768+0600: 5514.320: Total time for which application threads were stopped: 0.0029807 seconds, Stopping threads took: 0.0000643 seconds
2019-01-30T13:08:36.768+0600: 5514.320: [CMS-concurrent-mark-start]
2019-01-30T13:08:36.996+0600: 5514.548: [CMS-concurrent-mark: 0.228/0.228 secs] [Times: user=0.85 sys=0.01, real=0.23 secs] 
2019-01-30T13:08:36.996+0600: 5514.548: [CMS-concurrent-preclean-start]
2019-01-30T13:08:36.999+0600: 5514.551: [CMS-concurrent-preclean: 0.002/0.003 secs] [Times: user=0.00 sys=0.00, real=0.00 secs] 
2019-01-30T13:08:36.999+0600: 5514.551: [GC (CMS Final Remark) [YG occupancy: 4644 K (109248 K)]{Heap before GC invocations=19964 (full 50):
 par new generation   total 109248K, used 4644K [0x00000007a0000000, 0x00000007a8000000, 0x00000007a8000000)
  eden space 87424K,   0% used [0x00000007a0000000, 0x00000007a0094b60, 0x00000007a5560000)
  from space 21824K,  18% used [0x00000007a5560000, 0x00000007a59547b8, 0x00000007a6ab0000)
  to   space 21824K,   0% used [0x00000007a6ab0000, 0x00000007a6ab0000, 0x00000007a8000000)
 concurrent mark-sweep generation total 393216K, used 235449K [0x00000007a8000000, 0x00000007c0000000, 0x00000007c0000000)
 Metaspace       used 45939K, capacity 47334K, committed 47532K, reserved 1091584K
  class space    used 5462K, capacity 5780K, committed 5804K, reserved 1048576K
2019-01-30T13:08:36.999+0600: 5514.551: [GC (CMS Final Remark) 2019-01-30T13:08:36.999+0600: 5514.551: [ParNew
Desired survivor size 20112992 bytes, new threshold 8 (max 8)
- age   1:     340608 bytes,     340608 total
- age   2:     326416 bytes,     667024 total
- age   3:     732440 bytes,    1399464 total
- age   4:     766664 bytes,    2166128 total
- age   5:     314216 bytes,    2480344 total
- age   6:     244888 bytes,    2725232 total
- age   7:     259712 bytes,    2984944 total
- age   8:     233624 bytes,    3218568 total
: 4644K->4017K(109248K), 0.0092021 secs] 240093K->239741K(502464K), 0.0092692 secs] [Times: user=0.03 sys=0.00, real=0.01 secs] 
Heap after GC invocations=19965 (full 50):
 par new generation   total 109248K, used 4017K [0x00000007a0000000, 0x00000007a8000000, 0x00000007a8000000)
  eden space 87424K,   0% used [0x00000007a0000000, 0x00000007a0000000, 0x00000007a5560000)
  from space 21824K,  18% used [0x00000007a6ab0000, 0x00000007a6e9c650, 0x00000007a8000000)
  to   space 21824K,   0% used [0x00000007a5560000, 0x00000007a5560000, 0x00000007a6ab0000)
 concurrent mark-sweep generation total 393216K, used 235723K [0x00000007a8000000, 0x00000007c0000000, 0x00000007c0000000)
 Metaspace       used 45939K, capacity 47334K, committed 47532K, reserved 1091584K
  class space    used 5462K, capacity 5780K, committed 5804K, reserved 1048576K
}
2019-01-30T13:08:37.008+0600: 5514.561: [Rescan (parallel) , 0.0047689 secs]2019-01-30T13:08:37.013+0600: 5514.565: [weak refs processing, 0.0010979 secs]2019-01-30T13:08:37.014+0600: 5514.566: [class unloading, 0.0108828 secs]2019-01-30T13:08:37.025+0600: 5514.577: [scrub symbol table, 0.0085174 secs]2019-01-30T13:08:37.034+0600: 5514.586: [scrub string table, 0.0005567 secs][1 CMS-remark: 235723K(393216K)] 239741K(502464K), 0.0354879 secs] [Times: user=0.07 sys=0.00, real=0.04 secs] 
2019-01-30T13:08:37.034+0600: 5514.587: Total time for which application threads were stopped: 0.0356648 seconds, Stopping threads took: 0.0000588 seconds
2019-01-30T13:08:37.034+0600: 5514.587: [CMS-concurrent-sweep-start]
2019-01-30T13:08:37.126+0600: 5514.678: [CMS-concurrent-sweep: 0.091/0.091 secs] [Times: user=0.18 sys=0.00, real=0.09 secs] 
2019-01-30T13:08:37.126+0600: 5514.678: [CMS-concurrent-reset-start]
2019-01-30T13:08:37.126+0600: 5514.679: [CMS-concurrent-reset: 0.000/0.000 secs] [Times: user=0.00 sys=0.00, real=0.00 secs] 
2019-01-30T13:08:39.131+0600: 5516.683: [GC (CMS Initial Mark) [1 CMS-initial-mark: 235723K(393216K)] 240251K(502464K), 0.0022497 secs] [Times: user=0.01 sys=0.00, real=0.00 secs] 
2019-01-30T13:08:39.133+0600: 5516.685: Total time for which application threads were stopped: 0.0024863 seconds, Stopping threads took: 0.0001010 seconds
2019-01-30T13:08:39.133+0600: 5516.685: [CMS-concurrent-mark-start]
2019-01-30T13:08:39.382+0600: 5516.934: [CMS-concurrent-mark: 0.248/0.248 secs] [Times: user=0.97 sys=0.00, real=0.25 secs] 
2019-01-30T13:08:39.382+0600: 5516.934: [CMS-concurrent-preclean-start]
2019-01-30T13:08:39.384+0600: 5516.936: [CMS-concurrent-preclean: 0.003/0.003 secs] [Times: user=0.00 sys=0.00, real=0.00 secs] 
2019-01-30T13:08:39.384+0600: 5516.937: [GC (CMS Final Remark) [YG occupancy: 4570 K (109248 K)]{Heap before GC invocations=19965 (full 51):
 par new generation   total 109248K, used 4570K [0x00000007a0000000, 0x00000007a8000000, 0x00000007a8000000)
  eden space 87424K,   0% used [0x00000007a0000000, 0x00000007a008a410, 0x00000007a5560000)
  from space 21824K,  18% used [0x00000007a6ab0000, 0x00000007a6e9c650, 0x00000007a8000000)
  to   space 21824K,   0% used [0x00000007a5560000, 0x00000007a5560000, 0x00000007a6ab0000)
 concurrent mark-sweep generation total 393216K, used 235723K [0x00000007a8000000, 0x00000007c0000000, 0x00000007c0000000)
 Metaspace       used 45939K, capacity 47334K, committed 47532K, reserved 1091584K
  class space    used 5462K, capacity 5780K, committed 5804K, reserved 1048576K
2019-01-30T13:08:39.385+0600: 5516.937: [GC (CMS Final Remark) 2019-01-30T13:08:39.385+0600: 5516.937: [ParNew
Desired survivor size 20112992 bytes, new threshold 8 (max 8)
- age   1:     325520 bytes,     325520 total
- age   2:     340584 bytes,     666104 total
- age   3:     326416 bytes,     992520 total
- age   4:     732440 bytes,    1724960 total
- age   5:     766664 bytes,    2491624 total
- age   6:     314216 bytes,    2805840 total
- age   7:     244888 bytes,    3050728 total
- age   8:     259712 bytes,    3310440 total
: 4570K->4828K(109248K), 0.0082188 secs] 240294K->240780K(502464K), 0.0082858 secs] [Times: user=0.03 sys=0.00, real=0.01 secs] 
Heap after GC invocations=19966 (full 51):
 par new generation   total 109248K, used 4828K [0x00000007a0000000, 0x00000007a8000000, 0x00000007a8000000)
  eden space 87424K,   0% used [0x00000007a0000000, 0x00000007a0000000, 0x00000007a5560000)
  from space 21824K,  22% used [0x00000007a5560000, 0x00000007a5a171e0, 0x00000007a6ab0000)
  to   space 21824K,   0% used [0x00000007a6ab0000, 0x00000007a6ab0000, 0x00000007a8000000)
 concurrent mark-sweep generation total 393216K, used 235951K [0x00000007a8000000, 0x00000007c0000000, 0x00000007c0000000)
 Metaspace       used 45939K, capacity 47334K, committed 47532K, reserved 1091584K
  class space    used 5462K, capacity 5780K, committed 5804K, reserved 1048576K
}
2019-01-30T13:08:39.393+0600: 5516.945: [Rescan (parallel) , 0.0047295 secs]2019-01-30T13:08:39.398+0600: 5516.950: [weak refs processing, 0.0008206 secs]2019-01-30T13:08:39.399+0600: 5516.951: [class unloading, 0.0098928 secs]2019-01-30T13:08:39.408+0600: 5516.961: [scrub symbol table, 0.0076325 secs]2019-01-30T13:08:39.416+0600: 5516.968: [scrub string table, 0.0005997 secs][1 CMS-remark: 235951K(393216K)] 240780K(502464K), 0.0323681 secs] [Times: user=0.07 sys=0.01, real=0.03 secs] 
2019-01-30T13:08:39.417+0600: 5516.969: Total time for which application threads were stopped: 0.0325418 seconds, Stopping threads took: 0.0000604 seconds
2019-01-30T13:08:39.417+0600: 5516.969: [CMS-concurrent-sweep-start]
2019-01-30T13:08:39.509+0600: 5517.061: [CMS-concurrent-sweep: 0.092/0.092 secs] [Times: user=0.18 sys=0.00, real=0.09 secs] 
2019-01-30T13:08:39.509+0600: 5517.061: [CMS-concurrent-reset-start]
2019-01-30T13:08:39.509+0600: 5517.062: [CMS-concurrent-reset: 0.001/0.001 secs] [Times: user=0.00 sys=0.00, real=0.00 secs] 
2019-01-30T13:08:41.512+0600: 5519.065: [GC (CMS Initial Mark) [1 CMS-initial-mark: 235949K(393216K)] 241202K(502464K), 0.0045833 secs] [Times: user=0.01 sys=0.00, real=0.00 secs] 
2019-01-30T13:08:41.517+0600: 5519.069: Total time for which application threads were stopped: 0.0050255 seconds, Stopping threads took: 0.0001163 seconds
2019-01-30T13:08:41.517+0600: 5519.069: [CMS-concurrent-mark-start]
2019-01-30T13:08:41.761+0600: 5519.313: [CMS-concurrent-mark: 0.244/0.244 secs] [Times: user=0.90 sys=0.01, real=0.25 secs] 
2019-01-30T13:08:41.761+0600: 5519.313: [CMS-concurrent-preclean-start]
2019-01-30T13:08:41.764+0600: 5519.316: [CMS-concurrent-preclean: 0.002/0.002 secs] [Times: user=0.00 sys=0.00, real=0.00 secs] 
2019-01-30T13:08:41.764+0600: 5519.316: [GC (CMS Final Remark) [YG occupancy: 5295 K (109248 K)]{Heap before GC invocations=19966 (full 52):
 par new generation   total 109248K, used 5295K [0x00000007a0000000, 0x00000007a8000000, 0x00000007a8000000)
  eden space 87424K,   0% used [0x00000007a0000000, 0x00000007a0074d20, 0x00000007a5560000)
  from space 21824K,  22% used [0x00000007a5560000, 0x00000007a5a171e0, 0x00000007a6ab0000)
  to   space 21824K,   0% used [0x00000007a6ab0000, 0x00000007a6ab0000, 0x00000007a8000000)
 concurrent mark-sweep generation total 393216K, used 235949K [0x00000007a8000000, 0x00000007c0000000, 0x00000007c0000000)
 Metaspace       used 45939K, capacity 47334K, committed 47532K, reserved 1091584K
  class space    used 5462K, capacity 5780K, committed 5804K, reserved 1048576K
2019-01-30T13:08:41.764+0600: 5519.316: [GC (CMS Final Remark) 2019-01-30T13:08:41.764+0600: 5519.316: [ParNew
Desired survivor size 20112992 bytes, new threshold 8 (max 8)
- age   1:     254336 bytes,     254336 total
- age   2:     325376 bytes,     579712 total
- age   3:     340584 bytes,     920296 total
- age   4:     326416 bytes,    1246712 total
- age   5:     732440 bytes,    1979152 total
- age   6:     766328 bytes,    2745480 total
- age   7:     314216 bytes,    3059696 total
- age   8:     244888 bytes,    3304584 total
: 5295K->3804K(109248K), 0.0085250 secs] 241245K->240007K(502464K), 0.0085961 secs] [Times: user=0.03 sys=0.00, real=0.01 secs] 
Heap after GC invocations=19967 (full 52):
 par new generation   total 109248K, used 3804K [0x00000007a0000000, 0x00000007a8000000, 0x00000007a8000000)
  eden space 87424K,   0% used [0x00000007a0000000, 0x00000007a0000000, 0x00000007a5560000)
  from space 21824K,  17% used [0x00000007a6ab0000, 0x00000007a6e670c0, 0x00000007a8000000)
  to   space 21824K,   0% used [0x00000007a5560000, 0x00000007a5560000, 0x00000007a6ab0000)
 concurrent mark-sweep generation total 393216K, used 236202K [0x00000007a8000000, 0x00000007c0000000, 0x00000007c0000000)
 Metaspace       used 45939K, capacity 47334K, committed 47532K, reserved 1091584K
  class space    used 5462K, capacity 5780K, committed 5804K, reserved 1048576K
}
2019-01-30T13:08:41.772+0600: 5519.325: [Rescan (parallel) , 0.0048514 secs]2019-01-30T13:08:41.777+0600: 5519.329: [weak refs processing, 0.0009190 secs]2019-01-30T13:08:41.778+0600: 5519.330: [class unloading, 0.0096853 secs]2019-01-30T13:08:41.788+0600: 5519.340: [scrub symbol table, 0.0084147 secs]2019-01-30T13:08:41.796+0600: 5519.349: [scrub string table, 0.0007240 secs][1 CMS-remark: 236202K(393216K)] 240007K(502464K), 0.0335495 secs] [Times: user=0.07 sys=0.00, real=0.03 secs] 
2019-01-30T13:08:41.797+0600: 5519.349: Total time for which application threads were stopped: 0.0337331 seconds, Stopping threads took: 0.0000666 seconds
2019-01-30T13:08:41.797+0600: 5519.350: [CMS-concurrent-sweep-start]
2019-01-30T13:08:41.886+0600: 5519.438: [CMS-concurrent-sweep: 0.089/0.089 secs] [Times: user=0.18 sys=0.00, real=0.09 secs] 
2019-01-30T13:08:41.886+0600: 5519.438: [CMS-concurrent-reset-start]
2019-01-30T13:08:41.887+0600: 5519.439: [CMS-concurrent-reset: 0.000/0.000 secs] [Times: user=0.00 sys=0.00, real=0.00 secs] 
2019-01-30T13:08:43.890+0600: 5521.442: [GC (CMS Initial Mark) [1 CMS-initial-mark: 236202K(393216K)] 240431K(502464K), 0.0023585 secs] [Times: user=0.01 sys=0.00, real=0.00 secs] 
2019-01-30T13:08:43.892+0600: 5521.444: Total time for which application threads were stopped: 0.0025715 seconds, Stopping threads took: 0.0000733 seconds
2019-01-30T13:08:43.892+0600: 5521.444: [CMS-concurrent-mark-start]
2019-01-30T13:08:44.127+0600: 5521.679: [CMS-concurrent-mark: 0.235/0.235 secs] [Times: user=0.90 sys=0.01, real=0.23 secs] 
2019-01-30T13:08:44.127+0600: 5521.679: [CMS-concurrent-preclean-start]
2019-01-30T13:08:44.130+0600: 5521.682: [CMS-concurrent-preclean: 0.002/0.003 secs] [Times: user=0.00 sys=0.00, real=0.01 secs] 
2019-01-30T13:08:44.130+0600: 5521.682: [GC (CMS Final Remark) [YG occupancy: 4313 K (109248 K)]{Heap before GC invocations=19967 (full 53):
 par new generation   total 109248K, used 4313K [0x00000007a0000000, 0x00000007a8000000, 0x00000007a8000000)
  eden space 87424K,   0% used [0x00000007a0000000, 0x00000007a007f730, 0x00000007a5560000)
  from space 21824K,  17% used [0x00000007a6ab0000, 0x00000007a6e670c0, 0x00000007a8000000)
  to   space 21824K,   0% used [0x00000007a5560000, 0x00000007a5560000, 0x00000007a6ab0000)
 concurrent mark-sweep generation total 393216K, used 236202K [0x00000007a8000000, 0x00000007c0000000, 0x00000007c0000000)
 Metaspace       used 45939K, capacity 47334K, committed 47532K, reserved 1091584K
  class space    used 5462K, capacity 5780K, committed 5804K, reserved 1048576K
2019-01-30T13:08:44.130+0600: 5521.682: [GC (CMS Final Remark) 2019-01-30T13:08:44.130+0600: 5521.682: [ParNew
Desired survivor size 20112992 bytes, new threshold 8 (max 8)
- age   1:     281752 bytes,     281752 total
- age   2:     254312 bytes,     536064 total
- age   3:     325376 bytes,     861440 total
- age   4:     340584 bytes,    1202024 total
- age   5:     326416 bytes,    1528440 total
- age   6:     732440 bytes,    2260880 total
- age   7:     766328 bytes,    3027208 total
- age   8:     314216 bytes,    3341424 total
: 4313K->4343K(109248K), 0.0096736 secs] 240516K->240785K(502464K), 0.0097381 secs] [Times: user=0.04 sys=0.00, real=0.01 secs] 
Heap after GC invocations=19968 (full 53):
 par new generation   total 109248K, used 4343K [0x00000007a0000000, 0x00000007a8000000, 0x00000007a8000000)
  eden space 87424K,   0% used [0x00000007a0000000, 0x00000007a0000000, 0x00000007a5560000)
  from space 21824K,  19% used [0x00000007a5560000, 0x00000007a599df70, 0x00000007a6ab0000)
  to   space 21824K,   0% used [0x00000007a6ab0000, 0x00000007a6ab0000, 0x00000007a8000000)
 concurrent mark-sweep generation total 393216K, used 236442K [0x00000007a8000000, 0x00000007c0000000, 0x00000007c0000000)
 Metaspace       used 45939K, capacity 47334K, committed 47532K, reserved 1091584K
  class space    used 5462K, capacity 5780K, committed 5804K, reserved 1048576K
}
2019-01-30T13:08:44.140+0600: 5521.692: [Rescan (parallel) , 0.0046575 secs]2019-01-30T13:08:44.144+0600: 5521.697: [weak refs processing, 0.0008588 secs]2019-01-30T13:08:44.145+0600: 5521.697: [class unloading, 0.0100310 secs]2019-01-30T13:08:44.155+0600: 5521.707: [scrub symbol table, 0.0088550 secs]2019-01-30T13:08:44.164+0600: 5521.716: [scrub string table, 0.0007291 secs][1 CMS-remark: 236442K(393216K)] 240785K(502464K), 0.0353146 secs] [Times: user=0.08 sys=0.00, real=0.03 secs] 
2019-01-30T13:08:44.165+0600: 5521.717: Total time for which application threads were stopped: 0.0355066 seconds, Stopping threads took: 0.0000703 seconds
2019-01-30T13:08:44.165+0600: 5521.717: [CMS-concurrent-sweep-start]
2019-01-30T13:08:44.255+0600: 5521.807: [CMS-concurrent-sweep: 0.090/0.090 secs] [Times: user=0.17 sys=0.00, real=0.09 secs] 
2019-01-30T13:08:44.255+0600: 5521.808: [CMS-concurrent-reset-start]
2019-01-30T13:08:44.256+0600: 5521.808: [CMS-concurrent-reset: 0.000/0.000 secs] [Times: user=0.00 sys=0.00, real=0.00 secs] 
2019-01-30T13:08:45.569+0600: 5523.121: Total time for which application threads were stopped: 0.0001909 seconds, Stopping threads took: 0.0000814 seconds
2019-01-30T13:08:46.258+0600: 5523.810: [GC (CMS Initial Mark) [1 CMS-initial-mark: 236439K(393216K)] 241788K(502464K), 0.0027316 secs] [Times: user=0.01 sys=0.00, real=0.01 secs] 
2019-01-30T13:08:46.261+0600: 5523.813: Total time for which application threads were stopped: 0.0029372 seconds, Stopping threads took: 0.0000623 seconds
2019-01-30T13:08:46.261+0600: 5523.813: [CMS-concurrent-mark-start]
2019-01-30T13:08:46.490+0600: 5524.042: [CMS-concurrent-mark: 0.229/0.229 secs] [Times: user=0.90 sys=0.00, real=0.23 secs] 
2019-01-30T13:08:46.490+0600: 5524.042: [CMS-concurrent-preclean-start]
2019-01-30T13:08:46.492+0600: 5524.044: [CMS-concurrent-preclean: 0.002/0.003 secs] [Times: user=0.00 sys=0.00, real=0.00 secs] 
2019-01-30T13:08:46.492+0600: 5524.044: [GC (CMS Final Remark) [YG occupancy: 5349 K (109248 K)]{Heap before GC invocations=19968 (full 54):
 par new generation   total 109248K, used 5349K [0x00000007a0000000, 0x00000007a8000000, 0x00000007a8000000)
  eden space 87424K,   1% used [0x00000007a0000000, 0x00000007a00fb4c8, 0x00000007a5560000)
  from space 21824K,  19% used [0x00000007a5560000, 0x00000007a599df70, 0x00000007a6ab0000)
  to   space 21824K,   0% used [0x00000007a6ab0000, 0x00000007a6ab0000, 0x00000007a8000000)
 concurrent mark-sweep generation total 393216K, used 236439K [0x00000007a8000000, 0x00000007c0000000, 0x00000007c0000000)
 Metaspace       used 45939K, capacity 47334K, committed 47532K, reserved 1091584K
  class space    used 5462K, capacity 5780K, committed 5804K, reserved 1048576K
2019-01-30T13:08:46.492+0600: 5524.044: [GC (CMS Final Remark) 2019-01-30T13:08:46.492+0600: 5524.044: [ParNew
Desired survivor size 20112992 bytes, new threshold 8 (max 8)
- age   1:     300296 bytes,     300296 total
- age   2:     281728 bytes,     582024 total
- age   3:     254312 bytes,     836336 total
- age   4:     325376 bytes,    1161712 total
- age   5:     340584 bytes,    1502296 total
- age   6:     326416 bytes,    1828712 total
- age   7:     732384 bytes,    2561096 total
- age   8:     766040 bytes,    3327136 total
: 5349K->4382K(109248K), 0.0097057 secs] 241788K->241128K(502464K), 0.0097741 secs] [Times: user=0.04 sys=0.00, real=0.01 secs] 
Heap after GC invocations=19969 (full 54):
 par new generation   total 109248K, used 4382K [0x00000007a0000000, 0x00000007a8000000, 0x00000007a8000000)
  eden space 87424K,   0% used [0x00000007a0000000, 0x00000007a0000000, 0x00000007a5560000)
  from space 21824K,  20% used [0x00000007a6ab0000, 0x00000007a6ef78a0, 0x00000007a8000000)
  to   space 21824K,   0% used [0x00000007a5560000, 0x00000007a5560000, 0x00000007a6ab0000)
 concurrent mark-sweep generation total 393216K, used 236746K [0x00000007a8000000, 0x00000007c0000000, 0x00000007c0000000)
 Metaspace       used 45939K, capacity 47334K, committed 47532K, reserved 1091584K
  class space    used 5462K, capacity 5780K, committed 5804K, reserved 1048576K
}
2019-01-30T13:08:46.502+0600: 5524.054: [Rescan (parallel) , 0.0048413 secs]2019-01-30T13:08:46.507+0600: 5524.059: [weak refs processing, 0.0009330 secs]2019-01-30T13:08:46.508+0600: 5524.060: [class unloading, 0.0095878 secs]2019-01-30T13:08:46.518+0600: 5524.070: [scrub symbol table, 0.0075085 secs]2019-01-30T13:08:46.525+0600: 5524.077: [scrub string table, 0.0005328 secs][1 CMS-remark: 236746K(393216K)] 241128K(502464K), 0.0335406 secs] [Times: user=0.08 sys=0.00, real=0.03 secs] 
2019-01-30T13:08:46.526+0600: 5524.078: Total time for which application threads were stopped: 0.0337131 seconds, Stopping threads took: 0.0000520 seconds
2019-01-30T13:08:46.526+0600: 5524.078: [CMS-concurrent-sweep-start]
2019-01-30T13:08:46.616+0600: 5524.167: [CMS-concurrent-sweep: 0.089/0.089 secs] [Times: user=0.17 sys=0.01, real=0.09 secs] 
2019-01-30T13:08:46.616+0600: 5524.168: [CMS-concurrent-reset-start]
2019-01-30T13:08:46.616+0600: 5524.168: [CMS-concurrent-reset: 0.000/0.000 secs] [Times: user=0.00 sys=0.00, real=0.00 secs] 
2019-01-30T13:08:47.527+0600: 5525.079: Total time for which application threads were stopped: 0.0001678 seconds, Stopping threads took: 0.0000796 seconds
2019-01-30T13:08:48.621+0600: 5526.173: [GC (CMS Initial Mark) [1 CMS-initial-mark: 236745K(393216K)] 241971K(502464K), 0.0024746 secs] [Times: user=0.01 sys=0.00, real=0.00 secs] 
2019-01-30T13:08:48.623+0600: 5526.175: Total time for which application threads were stopped: 0.0026914 seconds, Stopping threads took: 0.0000798 seconds
2019-01-30T13:08:48.623+0600: 5526.175: [CMS-concurrent-mark-start]
2019-01-30T13:08:48.874+0600: 5526.426: [CMS-concurrent-mark: 0.251/0.251 secs] [Times: user=0.99 sys=0.00, real=0.25 secs] 
2019-01-30T13:08:48.874+0600: 5526.426: [CMS-concurrent-preclean-start]
2019-01-30T13:08:48.877+0600: 5526.429: [CMS-concurrent-preclean: 0.002/0.002 secs] [Times: user=0.00 sys=0.00, real=0.00 secs] 
2019-01-30T13:08:48.877+0600: 5526.429: [GC (CMS Final Remark) [YG occupancy: 5268 K (109248 K)]{Heap before GC invocations=19969 (full 55):
 par new generation   total 109248K, used 5268K [0x00000007a0000000, 0x00000007a8000000, 0x00000007a8000000)
  eden space 87424K,   1% used [0x00000007a0000000, 0x00000007a00dda88, 0x00000007a5560000)
  from space 21824K,  20% used [0x00000007a6ab0000, 0x00000007a6ef78a0, 0x00000007a8000000)
  to   space 21824K,   0% used [0x00000007a5560000, 0x00000007a5560000, 0x00000007a6ab0000)
 concurrent mark-sweep generation total 393216K, used 236745K [0x00000007a8000000, 0x00000007c0000000, 0x00000007c0000000)
 Metaspace       used 45939K, capacity 47334K, committed 47532K, reserved 1091584K
  class space    used 5462K, capacity 5780K, committed 5804K, reserved 1048576K
2019-01-30T13:08:48.877+0600: 5526.429: [GC (CMS Final Remark) 2019-01-30T13:08:48.877+0600: 5526.429: [ParNew
Desired survivor size 20112992 bytes, new threshold 8 (max 8)
- age   1:     344632 bytes,     344632 total
- age   2:     300272 bytes,     644904 total
- age   3:     281728 bytes,     926632 total
- age   4:     254312 bytes,    1180944 total
- age   5:     325376 bytes,    1506320 total
- age   6:     340584 bytes,    1846904 total
- age   7:     326416 bytes,    2173320 total
- age   8:     732352 bytes,    2905672 total
: 5268K->2984K(109248K), 0.0107746 secs] 242014K->240478K(502464K), 0.0108434 secs] [Times: user=0.04 sys=0.00, real=0.01 secs] 
Heap after GC invocations=19970 (full 55):
 par new generation   total 109248K, used 2984K [0x00000007a0000000, 0x00000007a8000000, 0x00000007a8000000)
  eden space 87424K,   0% used [0x00000007a0000000, 0x00000007a0000000, 0x00000007a5560000)
  from space 21824K,  13% used [0x00000007a5560000, 0x00000007a584a168, 0x00000007a6ab0000)
  to   space 21824K,   0% used [0x00000007a6ab0000, 0x00000007a6ab0000, 0x00000007a8000000)
 concurrent mark-sweep generation total 393216K, used 237493K [0x00000007a8000000, 0x00000007c0000000, 0x00000007c0000000)
 Metaspace       used 45939K, capacity 47334K, committed 47532K, reserved 1091584K
  class space    used 5462K, capacity 5780K, committed 5804K, reserved 1048576K
}
2019-01-30T13:08:48.888+0600: 5526.440: [Rescan (parallel) , 0.0049132 secs]2019-01-30T13:08:48.893+0600: 5526.445: [weak refs processing, 0.0008425 secs]2019-01-30T13:08:48.894+0600: 5526.446: [class unloading, 0.0095429 secs]2019-01-30T13:08:48.903+0600: 5526.455: [scrub symbol table, 0.0089064 secs]2019-01-30T13:08:48.912+0600: 5526.464: [scrub string table, 0.0008641 secs][1 CMS-remark: 237493K(393216K)] 240478K(502464K), 0.0363094 secs] [Times: user=0.08 sys=0.00, real=0.04 secs] 
2019-01-30T13:08:48.913+0600: 5526.465: Total time for which application threads were stopped: 0.0364878 seconds, Stopping threads took: 0.0000547 seconds
2019-01-30T13:08:48.913+0600: 5526.465: [CMS-concurrent-sweep-start]
2019-01-30T13:08:49.004+0600: 5526.556: [CMS-concurrent-sweep: 0.090/0.090 secs] [Times: user=0.17 sys=0.01, real=0.09 secs] 
2019-01-30T13:08:49.004+0600: 5526.556: [CMS-concurrent-reset-start]
2019-01-30T13:08:49.004+0600: 5526.556: [CMS-concurrent-reset: 0.000/0.000 secs] [Times: user=0.00 sys=0.00, real=0.00 secs] 
2019-01-30T13:08:51.004+0600: 5528.556: [GC (CMS Initial Mark) [1 CMS-initial-mark: 237492K(393216K)] 241113K(502464K), 0.0022246 secs] [Times: user=0.01 sys=0.00, real=0.00 secs] 
2019-01-30T13:08:51.006+0600: 5528.558: Total time for which application threads were stopped: 0.0024585 seconds, Stopping threads took: 0.0000900 seconds
2019-01-30T13:08:51.006+0600: 5528.558: [CMS-concurrent-mark-start]
2019-01-30T13:08:51.275+0600: 5528.827: [CMS-concurrent-mark: 0.269/0.269 secs] [Times: user=1.04 sys=0.00, real=0.27 secs] 
2019-01-30T13:08:51.275+0600: 5528.827: [CMS-concurrent-preclean-start]
2019-01-30T13:08:51.278+0600: 5528.830: [CMS-concurrent-preclean: 0.002/0.002 secs] [Times: user=0.01 sys=0.00, real=0.00 secs] 
2019-01-30T13:08:51.278+0600: 5528.830: [GC (CMS Final Remark) [YG occupancy: 3706 K (109248 K)]{Heap before GC invocations=19970 (full 56):
 par new generation   total 109248K, used 3706K [0x00000007a0000000, 0x00000007a8000000, 0x00000007a8000000)
  eden space 87424K,   0% used [0x00000007a0000000, 0x00000007a00b4950, 0x00000007a5560000)
  from space 21824K,  13% used [0x00000007a5560000, 0x00000007a584a168, 0x00000007a6ab0000)
  to   space 21824K,   0% used [0x00000007a6ab0000, 0x00000007a6ab0000, 0x00000007a8000000)
 concurrent mark-sweep generation total 393216K, used 237492K [0x00000007a8000000, 0x00000007c0000000, 0x00000007c0000000)
 Metaspace       used 45939K, capacity 47334K, committed 47532K, reserved 1091584K
  class space    used 5462K, capacity 5780K, committed 5804K, reserved 1048576K
2019-01-30T13:08:51.278+0600: 5528.830: [GC (CMS Final Remark) 2019-01-30T13:08:51.278+0600: 5528.830: [ParNew
Desired survivor size 20112992 bytes, new threshold 8 (max 8)
- age   1:     420992 bytes,     420992 total
- age   2:     344488 bytes,     765480 total
- age   3:     300272 bytes,    1065752 total
- age   4:     281728 bytes,    1347480 total
- age   5:     254312 bytes,    1601792 total
- age   6:     325376 bytes,    1927168 total
- age   7:     340584 bytes,    2267752 total
- age   8:     326416 bytes,    2594168 total
: 3706K->3831K(109248K), 0.0100325 secs] 241198K->242040K(502464K), 0.0100939 secs] [Times: user=0.04 sys=0.00, real=0.01 secs] 
Heap after GC invocations=19971 (full 56):
 par new generation   total 109248K, used 3831K [0x00000007a0000000, 0x00000007a8000000, 0x00000007a8000000)
  eden space 87424K,   0% used [0x00000007a0000000, 0x00000007a0000000, 0x00000007a5560000)
  from space 21824K,  17% used [0x00000007a6ab0000, 0x00000007a6e6df30, 0x00000007a8000000)
  to   space 21824K,   0% used [0x00000007a5560000, 0x00000007a5560000, 0x00000007a6ab0000)
 concurrent mark-sweep generation total 393216K, used 238208K [0x00000007a8000000, 0x00000007c0000000, 0x00000007c0000000)
 Metaspace       used 45939K, capacity 47334K, committed 47532K, reserved 1091584K
  class space    used 5462K, capacity 5780K, committed 5804K, reserved 1048576K
}
2019-01-30T13:08:51.288+0600: 5528.840: [Rescan (parallel) , 0.0045526 secs]2019-01-30T13:08:51.293+0600: 5528.845: [weak refs processing, 0.0008477 secs]2019-01-30T13:08:51.294+0600: 5528.846: [class unloading, 0.0096293 secs]2019-01-30T13:08:51.303+0600: 5528.855: [scrub symbol table, 0.0088206 secs]2019-01-30T13:08:51.312+0600: 5528.864: [scrub string table, 0.0005879 secs][1 CMS-remark: 238208K(393216K)] 242040K(502464K), 0.0349190 secs] [Times: user=0.07 sys=0.00, real=0.04 secs] 
2019-01-30T13:08:51.313+0600: 5528.865: Total time for which application threads were stopped: 0.0350882 seconds, Stopping threads took: 0.0000505 seconds
2019-01-30T13:08:51.313+0600: 5528.865: [CMS-concurrent-sweep-start]
2019-01-30T13:08:51.405+0600: 5528.957: [CMS-concurrent-sweep: 0.092/0.092 secs] [Times: user=0.18 sys=0.00, real=0.09 secs] 
2019-01-30T13:08:51.405+0600: 5528.957: [CMS-concurrent-reset-start]
2019-01-30T13:08:51.406+0600: 5528.957: [CMS-concurrent-reset: 0.000/0.000 secs] [Times: user=0.01 sys=0.00, real=0.00 secs] 
2019-01-30T13:08:53.409+0600: 5530.960: [GC (CMS Initial Mark) [1 CMS-initial-mark: 238124K(393216K)] 242423K(502464K), 0.0022959 secs] [Times: user=0.01 sys=0.00, real=0.01 secs] 
2019-01-30T13:08:53.411+0600: 5530.963: Total time for which application threads were stopped: 0.0025484 seconds, Stopping threads took: 0.0000851 seconds
2019-01-30T13:08:53.411+0600: 5530.963: [CMS-concurrent-mark-start]
2019-01-30T13:08:53.661+0600: 5531.213: [CMS-concurrent-mark: 0.250/0.250 secs] [Times: user=0.72 sys=0.01, real=0.25 secs] 
2019-01-30T13:08:53.661+0600: 5531.213: [CMS-concurrent-preclean-start]
2019-01-30T13:08:53.665+0600: 5531.217: [CMS-concurrent-preclean: 0.004/0.004 secs] [Times: user=0.01 sys=0.00, real=0.00 secs] 
2019-01-30T13:08:53.665+0600: 5531.217: [GC (CMS Final Remark) [YG occupancy: 4299 K (109248 K)]{Heap before GC invocations=19971 (full 57):
 par new generation   total 109248K, used 4299K [0x00000007a0000000, 0x00000007a8000000, 0x00000007a8000000)
  eden space 87424K,   0% used [0x00000007a0000000, 0x00000007a0074d50, 0x00000007a5560000)
  from space 21824K,  17% used [0x00000007a6ab0000, 0x00000007a6e6df30, 0x00000007a8000000)
  to   space 21824K,   0% used [0x00000007a5560000, 0x00000007a5560000, 0x00000007a6ab0000)
 concurrent mark-sweep generation total 393216K, used 238124K [0x00000007a8000000, 0x00000007c0000000, 0x00000007c0000000)
 Metaspace       used 45939K, capacity 47334K, committed 47532K, reserved 1091584K
  class space    used 5462K, capacity 5780K, committed 5804K, reserved 1048576K
2019-01-30T13:08:53.665+0600: 5531.217: [GC (CMS Final Remark) 2019-01-30T13:08:53.666+0600: 5531.217: [ParNew
Desired survivor size 20112992 bytes, new threshold 8 (max 8)
- age   1:     280128 bytes,     280128 total
- age   2:     420848 bytes,     700976 total
- age   3:     344488 bytes,    1045464 total
- age   4:     300272 bytes,    1345736 total
- age   5:     281728 bytes,    1627464 total
- age   6:     254312 bytes,    1881776 total
- age   7:     325376 bytes,    2207152 total
- age   8:     340584 bytes,    2547736 total
: 4299K->3179K(109248K), 0.0092558 secs] 242423K->241623K(502464K), 0.0095012 secs] [Times: user=0.03 sys=0.00, real=0.01 secs] 
Heap after GC invocations=19972 (full 57):
 par new generation   total 109248K, used 3179K [0x00000007a0000000, 0x00000007a8000000, 0x00000007a8000000)
  eden space 87424K,   0% used [0x00000007a0000000, 0x00000007a0000000, 0x00000007a5560000)
  from space 21824K,  14% used [0x00000007a5560000, 0x00000007a587afb0, 0x00000007a6ab0000)
  to   space 21824K,   0% used [0x00000007a6ab0000, 0x00000007a6ab0000, 0x00000007a8000000)
 concurrent mark-sweep generation total 393216K, used 238443K [0x00000007a8000000, 0x00000007c0000000, 0x00000007c0000000)
 Metaspace       used 45939K, capacity 47334K, committed 47532K, reserved 1091584K
  class space    used 5462K, capacity 5780K, committed 5804K, reserved 1048576K
}
2019-01-30T13:08:53.675+0600: 5531.227: [Rescan (parallel) , 0.0045553 secs]2019-01-30T13:08:53.679+0600: 5531.231: [weak refs processing, 0.0012524 secs]2019-01-30T13:08:53.681+0600: 5531.232: [class unloading, 0.0152087 secs]2019-01-30T13:08:53.696+0600: 5531.248: [scrub symbol table, 0.0139738 secs]2019-01-30T13:08:53.710+0600: 5531.262: [scrub string table, 0.0011134 secs][1 CMS-remark: 238443K(393216K)] 241623K(502464K), 0.0461441 secs] [Times: user=0.08 sys=0.00, real=0.05 secs] 
2019-01-30T13:08:53.711+0600: 5531.263: Total time for which application threads were stopped: 0.0464604 seconds, Stopping threads took: 0.0000998 seconds
2019-01-30T13:08:53.711+0600: 5531.263: [CMS-concurrent-sweep-start]
2019-01-30T13:08:53.848+0600: 5531.400: [CMS-concurrent-sweep: 0.137/0.137 secs] [Times: user=0.22 sys=0.01, real=0.13 secs] 
2019-01-30T13:08:53.849+0600: 5531.400: [CMS-concurrent-reset-start]
2019-01-30T13:08:53.849+0600: 5531.401: [CMS-concurrent-reset: 0.001/0.001 secs] [Times: user=0.00 sys=0.00, real=0.00 secs] 
2019-01-30T13:08:55.854+0600: 5533.405: [GC (CMS Initial Mark) [1 CMS-initial-mark: 238437K(393216K)] 242084K(502464K), 0.0020787 secs] [Times: user=0.00 sys=0.00, real=0.00 secs] 
2019-01-30T13:08:55.856+0600: 5533.407: Total time for which application threads were stopped: 0.0023120 seconds, Stopping threads took: 0.0000971 seconds
2019-01-30T13:08:55.856+0600: 5533.407: [CMS-concurrent-mark-start]
2019-01-30T13:08:56.111+0600: 5533.662: [CMS-concurrent-mark: 0.255/0.255 secs] [Times: user=0.97 sys=0.00, real=0.26 secs] 
2019-01-30T13:08:56.111+0600: 5533.662: [CMS-concurrent-preclean-start]
2019-01-30T13:08:56.113+0600: 5533.665: [CMS-concurrent-preclean: 0.002/0.002 secs] [Times: user=0.01 sys=0.00, real=0.00 secs] 
2019-01-30T13:08:56.113+0600: 5533.665: [GC (CMS Final Remark) [YG occupancy: 3647 K (109248 K)]{Heap before GC invocations=19972 (full 58):
 par new generation   total 109248K, used 3647K [0x00000007a0000000, 0x00000007a8000000, 0x00000007a8000000)
  eden space 87424K,   0% used [0x00000007a0000000, 0x00000007a0074da8, 0x00000007a5560000)
  from space 21824K,  14% used [0x00000007a5560000, 0x00000007a587afb0, 0x00000007a6ab0000)
  to   space 21824K,   0% used [0x00000007a6ab0000, 0x00000007a6ab0000, 0x00000007a8000000)
 concurrent mark-sweep generation total 393216K, used 238437K [0x00000007a8000000, 0x00000007c0000000, 0x00000007c0000000)
 Metaspace       used 45939K, capacity 47334K, committed 47532K, reserved 1091584K
  class space    used 5462K, capacity 5780K, committed 5804K, reserved 1048576K
2019-01-30T13:08:56.113+0600: 5533.665: [GC (CMS Final Remark) 2019-01-30T13:08:56.113+0600: 5533.665: [ParNew
Desired survivor size 20112992 bytes, new threshold 8 (max 8)
- age   1:     269896 bytes,     269896 total
- age   2:     280104 bytes,     550000 total
- age   3:     420848 bytes,     970848 total
- age   4:     344488 bytes,    1315336 total
- age   5:     300272 bytes,    1615608 total
- age   6:     281728 bytes,    1897336 total
- age   7:     254312 bytes,    2151648 total
- age   8:     325376 bytes,    2477024 total
: 3647K->3276K(109248K), 0.0098851 secs] 242084K->242046K(502464K), 0.0099532 secs] [Times: user=0.03 sys=0.01, real=0.01 secs] 
Heap after GC invocations=19973 (full 58):
 par new generation   total 109248K, used 3276K [0x00000007a0000000, 0x00000007a8000000, 0x00000007a8000000)
  eden space 87424K,   0% used [0x00000007a0000000, 0x00000007a0000000, 0x00000007a5560000)
  from space 21824K,  15% used [0x00000007a6ab0000, 0x00000007a6de3030, 0x00000007a8000000)
  to   space 21824K,   0% used [0x00000007a5560000, 0x00000007a5560000, 0x00000007a6ab0000)
 concurrent mark-sweep generation total 393216K, used 238770K [0x00000007a8000000, 0x00000007c0000000, 0x00000007c0000000)
 Metaspace       used 45939K, capacity 47334K, committed 47532K, reserved 1091584K
  class space    used 5462K, capacity 5780K, committed 5804K, reserved 1048576K
}
2019-01-30T13:08:56.123+0600: 5533.675: [Rescan (parallel) , 0.0047338 secs]2019-01-30T13:08:56.128+0600: 5533.680: [weak refs processing, 0.0009241 secs]2019-01-30T13:08:56.129+0600: 5533.681: [class unloading, 0.0102443 secs]2019-01-30T13:08:56.139+0600: 5533.691: [scrub symbol table, 0.0086926 secs]2019-01-30T13:08:56.148+0600: 5533.700: [scrub string table, 0.0007229 secs][1 CMS-remark: 238770K(393216K)] 242046K(502464K), 0.0356685 secs] [Times: user=0.07 sys=0.01, real=0.03 secs] 
2019-01-30T13:08:56.149+0600: 5533.701: Total time for which application threads were stopped: 0.0358742 seconds, Stopping threads took: 0.0000945 seconds
2019-01-30T13:08:56.149+0600: 5533.701: [CMS-concurrent-sweep-start]
2019-01-30T13:08:56.242+0600: 5533.794: [CMS-concurrent-sweep: 0.093/0.093 secs] [Times: user=0.18 sys=0.00, real=0.10 secs] 
2019-01-30T13:08:56.242+0600: 5533.794: [CMS-concurrent-reset-start]
2019-01-30T13:08:56.243+0600: 5533.794: [CMS-concurrent-reset: 0.000/0.000 secs] [Times: user=0.00 sys=0.00, real=0.00 secs] 
2019-01-30T13:08:58.242+0600: 5535.794: [GC (CMS Initial Mark) [1 CMS-initial-mark: 238770K(393216K)] 242513K(502464K), 0.0024917 secs] [Times: user=0.01 sys=0.00, real=0.00 secs] 
2019-01-30T13:08:58.245+0600: 5535.796: Total time for which application threads were stopped: 0.0027371 seconds, Stopping threads took: 0.0000782 seconds
2019-01-30T13:08:58.245+0600: 5535.797: [CMS-concurrent-mark-start]
2019-01-30T13:08:58.507+0600: 5536.059: [CMS-concurrent-mark: 0.262/0.262 secs] [Times: user=0.86 sys=0.01, real=0.26 secs] 
2019-01-30T13:08:58.507+0600: 5536.059: [CMS-concurrent-preclean-start]
2019-01-30T13:08:58.510+0600: 5536.061: [CMS-concurrent-preclean: 0.002/0.003 secs] [Times: user=0.01 sys=0.00, real=0.01 secs] 
2019-01-30T13:08:58.510+0600: 5536.062: [GC (CMS Final Remark) [YG occupancy: 3743 K (109248 K)]{Heap before GC invocations=19973 (full 59):
 par new generation   total 109248K, used 3743K [0x00000007a0000000, 0x00000007a8000000, 0x00000007a8000000)
  eden space 87424K,   0% used [0x00000007a0000000, 0x00000007a0074d98, 0x00000007a5560000)
  from space 21824K,  15% used [0x00000007a6ab0000, 0x00000007a6de3030, 0x00000007a8000000)
  to   space 21824K,   0% used [0x00000007a5560000, 0x00000007a5560000, 0x00000007a6ab0000)
 concurrent mark-sweep generation total 393216K, used 238770K [0x00000007a8000000, 0x00000007c0000000, 0x00000007c0000000)
 Metaspace       used 45939K, capacity 47334K, committed 47532K, reserved 1091584K
  class space    used 5462K, capacity 5780K, committed 5804K, reserved 1048576K
2019-01-30T13:08:58.510+0600: 5536.062: [GC (CMS Final Remark) 2019-01-30T13:08:58.510+0600: 5536.062: [ParNew
Desired survivor size 20112992 bytes, new threshold 8 (max 8)
- age   1:     275952 bytes,     275952 total
- age   2:     269752 bytes,     545704 total
- age   3:     280104 bytes,     825808 total
- age   4:     420848 bytes,    1246656 total
- age   5:     344488 bytes,    1591144 total
- age   6:     300272 bytes,    1891416 total
- age   7:     281728 bytes,    2173144 total
- age   8:     254312 bytes,    2427456 total
: 3743K->3269K(109248K), 0.0133140 secs] 242513K->242357K(502464K), 0.0134458 secs] [Times: user=0.03 sys=0.00, real=0.01 secs] 
Heap after GC invocations=19974 (full 59):
 par new generation   total 109248K, used 3269K [0x00000007a0000000, 0x00000007a8000000, 0x00000007a8000000)
  eden space 87424K,   0% used [0x00000007a0000000, 0x00000007a0000000, 0x00000007a5560000)
  from space 21824K,  14% used [0x00000007a5560000, 0x00000007a5891620, 0x00000007a6ab0000)
  to   space 21824K,   0% used [0x00000007a6ab0000, 0x00000007a6ab0000, 0x00000007a8000000)
 concurrent mark-sweep generation total 393216K, used 239087K [0x00000007a8000000, 0x00000007c0000000, 0x00000007c0000000)
 Metaspace       used 45939K, capacity 47334K, committed 47532K, reserved 1091584K
  class space    used 5462K, capacity 5780K, committed 5804K, reserved 1048576K
}
2019-01-30T13:08:58.524+0600: 5536.075: [Rescan (parallel) , 0.0044567 secs]2019-01-30T13:08:58.528+0600: 5536.080: [weak refs processing, 0.0014588 secs]2019-01-30T13:08:58.530+0600: 5536.081: [class unloading, 0.0113595 secs]2019-01-30T13:08:58.541+0600: 5536.093: [scrub symbol table, 0.0113781 secs]2019-01-30T13:08:58.552+0600: 5536.104: [scrub string table, 0.0008147 secs][1 CMS-remark: 239087K(393216K)] 242357K(502464K), 0.0433597 secs] [Times: user=0.07 sys=0.00, real=0.04 secs] 
2019-01-30T13:08:58.553+0600: 5536.105: Total time for which application threads were stopped: 0.0437376 seconds, Stopping threads took: 0.0002142 seconds
2019-01-30T13:08:58.554+0600: 5536.105: [CMS-concurrent-sweep-start]
2019-01-30T13:08:58.664+0600: 5536.216: [CMS-concurrent-sweep: 0.110/0.110 secs] [Times: user=0.20 sys=0.00, real=0.11 secs] 
2019-01-30T13:08:58.664+0600: 5536.216: [CMS-concurrent-reset-start]
2019-01-30T13:08:58.664+0600: 5536.216: [CMS-concurrent-reset: 0.000/0.000 secs] [Times: user=0.00 sys=0.00, real=0.00 secs] 
2019-01-30T13:08:58.742+0600: 5536.293: Total time for which application threads were stopped: 0.0002940 seconds, Stopping threads took: 0.0000759 seconds
2019-01-30T13:09:00.668+0600: 5538.220: [GC (CMS Initial Mark) [1 CMS-initial-mark: 239087K(393216K)] 242898K(502464K), 0.0021653 secs] [Times: user=0.00 sys=0.00, real=0.01 secs] 
2019-01-30T13:09:00.670+0600: 5538.222: Total time for which application threads were stopped: 0.0023825 seconds, Stopping threads took: 0.0000736 seconds
2019-01-30T13:09:00.670+0600: 5538.222: [CMS-concurrent-mark-start]
2019-01-30T13:09:00.936+0600: 5538.488: [CMS-concurrent-mark: 0.266/0.266 secs] [Times: user=1.02 sys=0.00, real=0.26 secs] 
2019-01-30T13:09:00.936+0600: 5538.488: [CMS-concurrent-preclean-start]
2019-01-30T13:09:00.939+0600: 5538.491: [CMS-concurrent-preclean: 0.003/0.003 secs] [Times: user=0.00 sys=0.00, real=0.00 secs] 
2019-01-30T13:09:00.940+0600: 5538.491: [GC (CMS Final Remark) [YG occupancy: 3810 K (109248 K)]{Heap before GC invocations=19974 (full 60):
 par new generation   total 109248K, used 3810K [0x00000007a0000000, 0x00000007a8000000, 0x00000007a8000000)
  eden space 87424K,   0% used [0x00000007a0000000, 0x00000007a00872d0, 0x00000007a5560000)
  from space 21824K,  14% used [0x00000007a5560000, 0x00000007a5891620, 0x00000007a6ab0000)
  to   space 21824K,   0% used [0x00000007a6ab0000, 0x00000007a6ab0000, 0x00000007a8000000)
 concurrent mark-sweep generation total 393216K, used 239087K [0x00000007a8000000, 0x00000007c0000000, 0x00000007c0000000)
 Metaspace       used 45939K, capacity 47334K, committed 47532K, reserved 1091584K
  class space    used 5462K, capacity 5780K, committed 5804K, reserved 1048576K
2019-01-30T13:09:00.940+0600: 5538.491: [GC (CMS Final Remark) 2019-01-30T13:09:00.940+0600: 5538.491: [ParNew
Desired survivor size 20112992 bytes, new threshold 8 (max 8)
- age   1:     238872 bytes,     238872 total
- age   2:     275808 bytes,     514680 total
- age   3:     269752 bytes,     784432 total
- age   4:     280104 bytes,    1064536 total
- age   5:     420848 bytes,    1485384 total
- age   6:     344488 bytes,    1829872 total
- age   7:     300272 bytes,    2130144 total
- age   8:     281728 bytes,    2411872 total
: 3810K->2817K(109248K), 0.0078319 secs] 242898K->242153K(502464K), 0.0079111 secs] [Times: user=0.03 sys=0.00, real=0.00 secs] 
Heap after GC invocations=19975 (full 60):
 par new generation   total 109248K, used 2817K [0x00000007a0000000, 0x00000007a8000000, 0x00000007a8000000)
  eden space 87424K,   0% used [0x00000007a0000000, 0x00000007a0000000, 0x00000007a5560000)
  from space 21824K,  12% used [0x00000007a6ab0000, 0x00000007a6d70640, 0x00000007a8000000)
  to   space 21824K,   0% used [0x00000007a5560000, 0x00000007a5560000, 0x00000007a6ab0000)
 concurrent mark-sweep generation total 393216K, used 239336K [0x00000007a8000000, 0x00000007c0000000, 0x00000007c0000000)
 Metaspace       used 45939K, capacity 47334K, committed 47532K, reserved 1091584K
  class space    used 5462K, capacity 5780K, committed 5804K, reserved 1048576K
}
2019-01-30T13:09:00.948+0600: 5538.499: [Rescan (parallel) , 0.0042256 secs]2019-01-30T13:09:00.952+0600: 5538.503: [weak refs processing, 0.0009222 secs]2019-01-30T13:09:00.953+0600: 5538.504: [class unloading, 0.0096706 secs]2019-01-30T13:09:00.962+0600: 5538.514: [scrub symbol table, 0.0083195 secs]2019-01-30T13:09:00.971+0600: 5538.522: [scrub string table, 0.0008255 secs][1 CMS-remark: 239336K(393216K)] 242153K(502464K), 0.0323142 secs] [Times: user=0.07 sys=0.01, real=0.03 secs] 
2019-01-30T13:09:00.972+0600: 5538.523: Total time for which application threads were stopped: 0.0325085 seconds, Stopping threads took: 0.0000635 seconds
2019-01-30T13:09:00.972+0600: 5538.523: [CMS-concurrent-sweep-start]
2019-01-30T13:09:01.068+0600: 5538.619: [CMS-concurrent-sweep: 0.096/0.096 secs] [Times: user=0.18 sys=0.00, real=0.09 secs] 
2019-01-30T13:09:01.068+0600: 5538.619: [CMS-concurrent-reset-start]
2019-01-30T13:09:01.068+0600: 5538.620: [CMS-concurrent-reset: 0.000/0.000 secs] [Times: user=0.00 sys=0.00, real=0.00 secs] 
2019-01-30T13:09:03.068+0600: 5540.619: [GC (CMS Initial Mark) [1 CMS-initial-mark: 239335K(393216K)] 242620K(502464K), 0.0023839 secs] [Times: user=0.01 sys=0.00, real=0.01 secs] 
2019-01-30T13:09:03.070+0600: 5540.622: Total time for which application threads were stopped: 0.0026441 seconds, Stopping threads took: 0.0000722 seconds
2019-01-30T13:09:03.070+0600: 5540.622: [CMS-concurrent-mark-start]
2019-01-30T13:09:03.369+0600: 5540.920: [CMS-concurrent-mark: 0.298/0.298 secs] [Times: user=1.00 sys=0.01, real=0.29 secs] 
2019-01-30T13:09:03.369+0600: 5540.920: [CMS-concurrent-preclean-start]
2019-01-30T13:09:03.371+0600: 5540.923: [CMS-concurrent-preclean: 0.003/0.003 secs] [Times: user=0.01 sys=0.00, real=0.01 secs] 
2019-01-30T13:09:03.372+0600: 5540.923: [GC (CMS Final Remark) [YG occupancy: 3327 K (109248 K)]{Heap before GC invocations=19975 (full 61):
 par new generation   total 109248K, used 3327K [0x00000007a0000000, 0x00000007a8000000, 0x00000007a8000000)
  eden space 87424K,   0% used [0x00000007a0000000, 0x00000007a007f780, 0x00000007a5560000)
  from space 21824K,  12% used [0x00000007a6ab0000, 0x00000007a6d70640, 0x00000007a8000000)
  to   space 21824K,   0% used [0x00000007a5560000, 0x00000007a5560000, 0x00000007a6ab0000)
 concurrent mark-sweep generation total 393216K, used 239335K [0x00000007a8000000, 0x00000007c0000000, 0x00000007c0000000)
 Metaspace       used 45939K, capacity 47334K, committed 47532K, reserved 1091584K
  class space    used 5462K, capacity 5780K, committed 5804K, reserved 1048576K
2019-01-30T13:09:03.372+0600: 5540.923: [GC (CMS Final Remark) 2019-01-30T13:09:03.372+0600: 5540.923: [ParNew
Desired survivor size 20112992 bytes, new threshold 8 (max 8)
- age   1:     304832 bytes,     304832 total
- age   2:     238848 bytes,     543680 total
- age   3:     275808 bytes,     819488 total
- age   4:     269752 bytes,    1089240 total
- age   5:     280104 bytes,    1369344 total
- age   6:     420848 bytes,    1790192 total
- age   7:     344488 bytes,    2134680 total
- age   8:     300272 bytes,    2434952 total
: 3327K->3119K(109248K), 0.0083289 secs] 242662K->242729K(502464K), 0.0084036 secs] [Times: user=0.02 sys=0.00, real=0.01 secs] 
Heap after GC invocations=19976 (full 61):
 par new generation   total 109248K, used 3119K [0x00000007a0000000, 0x00000007a8000000, 0x00000007a8000000)
  eden space 87424K,   0% used [0x00000007a0000000, 0x00000007a0000000, 0x00000007a5560000)
  from space 21824K,  14% used [0x00000007a5560000, 0x00000007a586bd90, 0x00000007a6ab0000)
  to   space 21824K,   0% used [0x00000007a6ab0000, 0x00000007a6ab0000, 0x00000007a8000000)
 concurrent mark-sweep generation total 393216K, used 239610K [0x00000007a8000000, 0x00000007c0000000, 0x00000007c0000000)
 Metaspace       used 45939K, capacity 47334K, committed 47532K, reserved 1091584K
  class space    used 5462K, capacity 5780K, committed 5804K, reserved 1048576K
}
2019-01-30T13:09:03.380+0600: 5540.932: [Rescan (parallel) , 0.0042048 secs]2019-01-30T13:09:03.385+0600: 5540.936: [weak refs processing, 0.0008194 secs]2019-01-30T13:09:03.385+0600: 5540.937: [class unloading, 0.0104719 secs]2019-01-30T13:09:03.396+0600: 5540.947: [scrub symbol table, 0.0078527 secs]2019-01-30T13:09:03.404+0600: 5540.955: [scrub string table, 0.0008211 secs][1 CMS-remark: 239610K(393216K)] 242729K(502464K), 0.0330527 secs] [Times: user=0.06 sys=0.00, real=0.03 secs] 
2019-01-30T13:09:03.405+0600: 5540.956: Total time for which application threads were stopped: 0.0332889 seconds, Stopping threads took: 0.0000906 seconds
2019-01-30T13:09:03.405+0600: 5540.956: [CMS-concurrent-sweep-start]
2019-01-30T13:09:03.499+0600: 5541.050: [CMS-concurrent-sweep: 0.094/0.094 secs] [Times: user=0.18 sys=0.00, real=0.09 secs] 
2019-01-30T13:09:03.499+0600: 5541.050: [CMS-concurrent-reset-start]
2019-01-30T13:09:03.499+0600: 5541.051: [CMS-concurrent-reset: 0.000/0.000 secs] [Times: user=0.00 sys=0.00, real=0.00 secs] 
2019-01-30T13:09:05.503+0600: 5543.054: [GC (CMS Initial Mark) [1 CMS-initial-mark: 239610K(393216K)] 243241K(502464K), 0.0025584 secs] [Times: user=0.01 sys=0.00, real=0.00 secs] 
2019-01-30T13:09:05.505+0600: 5543.057: Total time for which application threads were stopped: 0.0028450 seconds, Stopping threads took: 0.0000725 seconds
2019-01-30T13:09:05.506+0600: 5543.057: [CMS-concurrent-mark-start]
2019-01-30T13:09:05.740+0600: 5543.292: [CMS-concurrent-mark: 0.235/0.235 secs] [Times: user=0.88 sys=0.01, real=0.24 secs] 
2019-01-30T13:09:05.740+0600: 5543.292: [CMS-concurrent-preclean-start]
2019-01-30T13:09:05.743+0600: 5543.295: [CMS-concurrent-preclean: 0.003/0.003 secs] [Times: user=0.00 sys=0.00, real=0.00 secs] 
2019-01-30T13:09:05.744+0600: 5543.295: [GC (CMS Final Remark) [YG occupancy: 3631 K (109248 K)]{Heap before GC invocations=19976 (full 62):
 par new generation   total 109248K, used 3631K [0x00000007a0000000, 0x00000007a8000000, 0x00000007a8000000)
  eden space 87424K,   0% used [0x00000007a0000000, 0x00000007a007ff28, 0x00000007a5560000)
  from space 21824K,  14% used [0x00000007a5560000, 0x00000007a586bd90, 0x00000007a6ab0000)
  to   space 21824K,   0% used [0x00000007a6ab0000, 0x00000007a6ab0000, 0x00000007a8000000)
 concurrent mark-sweep generation total 393216K, used 239610K [0x00000007a8000000, 0x00000007c0000000, 0x00000007c0000000)
 Metaspace       used 45939K, capacity 47334K, committed 47532K, reserved 1091584K
  class space    used 5462K, capacity 5780K, committed 5804K, reserved 1048576K
2019-01-30T13:09:05.744+0600: 5543.295: [GC (CMS Final Remark) 2019-01-30T13:09:05.744+0600: 5543.295: [ParNew
Desired survivor size 20112992 bytes, new threshold 8 (max 8)
- age   1:     296288 bytes,     296288 total
- age   2:     304808 bytes,     601096 total
- age   3:     238848 bytes,     839944 total
- age   4:     275808 bytes,    1115752 total
- age   5:     269752 bytes,    1385504 total
- age   6:     280104 bytes,    1665608 total
- age   7:     420848 bytes,    2086456 total
- age   8:     344488 bytes,    2430944 total
: 3631K->2823K(109248K), 0.0081274 secs] 243241K->242726K(502464K), 0.0082021 secs] [Times: user=0.03 sys=0.00, real=0.01 secs] 
Heap after GC invocations=19977 (full 62):
 par new generation   total 109248K, used 2823K [0x00000007a0000000, 0x00000007a8000000, 0x00000007a8000000)
  eden space 87424K,   0% used [0x00000007a0000000, 0x00000007a0000000, 0x00000007a5560000)
  from space 21824K,  12% used [0x00000007a6ab0000, 0x00000007a6d71d00, 0x00000007a8000000)
  to   space 21824K,   0% used [0x00000007a5560000, 0x00000007a5560000, 0x00000007a6ab0000)
 concurrent mark-sweep generation total 393216K, used 239903K [0x00000007a8000000, 0x00000007c0000000, 0x00000007c0000000)
 Metaspace       used 45939K, capacity 47334K, committed 47532K, reserved 1091584K
  class space    used 5462K, capacity 5780K, committed 5804K, reserved 1048576K
}
2019-01-30T13:09:05.752+0600: 5543.303: [Rescan (parallel) , 0.0043470 secs]2019-01-30T13:09:05.756+0600: 5543.308: [weak refs processing, 0.0008467 secs]2019-01-30T13:09:05.757+0600: 5543.309: [class unloading, 0.0102526 secs]2019-01-30T13:09:05.768+0600: 5543.319: [scrub symbol table, 0.0085973 secs]2019-01-30T13:09:05.776+0600: 5543.328: [scrub string table, 0.0006856 secs][1 CMS-remark: 239903K(393216K)] 242726K(502464K), 0.0333459 secs] [Times: user=0.07 sys=0.00, real=0.03 secs] 
2019-01-30T13:09:05.777+0600: 5543.329: Total time for which application threads were stopped: 0.0335373 seconds, Stopping threads took: 0.0000577 seconds
2019-01-30T13:09:05.777+0600: 5543.329: [CMS-concurrent-sweep-start]
2019-01-30T13:09:05.873+0600: 5543.424: [CMS-concurrent-sweep: 0.096/0.096 secs] [Times: user=0.19 sys=0.00, real=0.10 secs] 
2019-01-30T13:09:05.873+0600: 5543.424: [CMS-concurrent-reset-start]
2019-01-30T13:09:05.874+0600: 5543.425: [CMS-concurrent-reset: 0.001/0.001 secs] [Times: user=0.00 sys=0.00, real=0.00 secs] 
2019-01-30T13:09:07.875+0600: 5545.426: [GC (CMS Initial Mark) [1 CMS-initial-mark: 239903K(393216K)] 243151K(502464K), 0.0020550 secs] [Times: user=0.01 sys=0.00, real=0.00 secs] 
2019-01-30T13:09:07.877+0600: 5545.428: Total time for which application threads were stopped: 0.0022609 seconds, Stopping threads took: 0.0000556 seconds
2019-01-30T13:09:07.877+0600: 5545.428: [CMS-concurrent-mark-start]
2019-01-30T13:09:08.126+0600: 5545.677: [CMS-concurrent-mark: 0.249/0.249 secs] [Times: user=0.95 sys=0.00, real=0.25 secs] 
2019-01-30T13:09:08.126+0600: 5545.677: [CMS-concurrent-preclean-start]
2019-01-30T13:09:08.128+0600: 5545.680: [CMS-concurrent-preclean: 0.002/0.002 secs] [Times: user=0.00 sys=0.00, real=0.00 secs] 
2019-01-30T13:09:08.129+0600: 5545.680: [GC (CMS Final Remark) [YG occupancy: 3290 K (109248 K)]{Heap before GC invocations=19977 (full 63):
 par new generation   total 109248K, used 3290K [0x00000007a0000000, 0x00000007a8000000, 0x00000007a8000000)
  eden space 87424K,   0% used [0x00000007a0000000, 0x00000007a0074da8, 0x00000007a5560000)
  from space 21824K,  12% used [0x00000007a6ab0000, 0x00000007a6d71d00, 0x00000007a8000000)
  to   space 21824K,   0% used [0x00000007a5560000, 0x00000007a5560000, 0x00000007a6ab0000)
 concurrent mark-sweep generation total 393216K, used 239903K [0x00000007a8000000, 0x00000007c0000000, 0x00000007c0000000)
 Metaspace       used 45939K, capacity 47334K, committed 47532K, reserved 1091584K
  class space    used 5462K, capacity 5780K, committed 5804K, reserved 1048576K
2019-01-30T13:09:08.129+0600: 5545.680: [GC (CMS Final Remark) 2019-01-30T13:09:08.129+0600: 5545.680: [ParNew
Desired survivor size 20112992 bytes, new threshold 8 (max 8)
- age   1:     265344 bytes,     265344 total
- age   2:     296264 bytes,     561608 total
- age   3:     304808 bytes,     866416 total
- age   4:     238848 bytes,    1105264 total
- age   5:     275808 bytes,    1381072 total
- age   6:     269752 bytes,    1650824 total
- age   7:     280104 bytes,    1930928 total
- age   8:     420848 bytes,    2351776 total
: 3290K->3200K(109248K), 0.0088908 secs] 243194K->243440K(502464K), 0.0089611 secs] [Times: user=0.03 sys=0.01, real=0.01 secs] 
Heap after GC invocations=19978 (full 63):
 par new generation   total 109248K, used 3200K [0x00000007a0000000, 0x00000007a8000000, 0x00000007a8000000)
  eden space 87424K,   0% used [0x00000007a0000000, 0x00000007a0000000, 0x00000007a5560000)
  from space 21824K,  14% used [0x00000007a5560000, 0x00000007a5880070, 0x00000007a6ab0000)
  to   space 21824K,   0% used [0x00000007a6ab0000, 0x00000007a6ab0000, 0x00000007a8000000)
 concurrent mark-sweep generation total 393216K, used 240239K [0x00000007a8000000, 0x00000007c0000000, 0x00000007c0000000)
 Metaspace       used 45939K, capacity 47334K, committed 47532K, reserved 1091584K
  class space    used 5462K, capacity 5780K, committed 5804K, reserved 1048576K
}
2019-01-30T13:09:08.138+0600: 5545.689: [Rescan (parallel) , 0.0043698 secs]2019-01-30T13:09:08.142+0600: 5545.693: [weak refs processing, 0.0011613 secs]2019-01-30T13:09:08.143+0600: 5545.695: [class unloading, 0.0097797 secs]2019-01-30T13:09:08.153+0600: 5545.704: [scrub symbol table, 0.0082355 secs]2019-01-30T13:09:08.161+0600: 5545.713: [scrub string table, 0.0005289 secs][1 CMS-remark: 240239K(393216K)] 243440K(502464K), 0.0334623 secs] [Times: user=0.06 sys=0.01, real=0.04 secs] 
2019-01-30T13:09:08.162+0600: 5545.713: Total time for which application threads were stopped: 0.0336447 seconds, Stopping threads took: 0.0000620 seconds
2019-01-30T13:09:08.162+0600: 5545.713: [CMS-concurrent-sweep-start]
2019-01-30T13:09:08.260+0600: 5545.811: [CMS-concurrent-sweep: 0.098/0.098 secs] [Times: user=0.19 sys=0.00, real=0.10 secs] 
2019-01-30T13:09:08.260+0600: 5545.812: [CMS-concurrent-reset-start]
2019-01-30T13:09:08.261+0600: 5545.812: [CMS-concurrent-reset: 0.000/0.000 secs] [Times: user=0.00 sys=0.00, real=0.00 secs] 
2019-01-30T13:09:10.265+0600: 5547.816: [GC (CMS Initial Mark) [1 CMS-initial-mark: 240239K(393216K)] 244332K(502464K), 0.0022585 secs] [Times: user=0.01 sys=0.00, real=0.00 secs] 
2019-01-30T13:09:10.267+0600: 5547.819: Total time for which application threads were stopped: 0.0024779 seconds, Stopping threads took: 0.0000675 seconds
2019-01-30T13:09:10.267+0600: 5547.819: [CMS-concurrent-mark-start]
2019-01-30T13:09:10.496+0600: 5548.047: [CMS-concurrent-mark: 0.229/0.229 secs] [Times: user=0.89 sys=0.01, real=0.23 secs] 
2019-01-30T13:09:10.496+0600: 5548.048: [CMS-concurrent-preclean-start]
2019-01-30T13:09:10.499+0600: 5548.050: [CMS-concurrent-preclean: 0.003/0.003 secs] [Times: user=0.00 sys=0.00, real=0.00 secs] 
2019-01-30T13:09:10.499+0600: 5548.050: [GC (CMS Final Remark) [YG occupancy: 4092 K (109248 K)]{Heap before GC invocations=19978 (full 64):
 par new generation   total 109248K, used 4092K [0x00000007a0000000, 0x00000007a8000000, 0x00000007a8000000)
  eden space 87424K,   1% used [0x00000007a0000000, 0x00000007a00df1a8, 0x00000007a5560000)
  from space 21824K,  14% used [0x00000007a5560000, 0x00000007a5880070, 0x00000007a6ab0000)
  to   space 21824K,   0% used [0x00000007a6ab0000, 0x00000007a6ab0000, 0x00000007a8000000)
 concurrent mark-sweep generation total 393216K, used 240239K [0x00000007a8000000, 0x00000007c0000000, 0x00000007c0000000)
 Metaspace       used 45939K, capacity 47334K, committed 47532K, reserved 1091584K
  class space    used 5462K, capacity 5780K, committed 5804K, reserved 1048576K
2019-01-30T13:09:10.499+0600: 5548.051: [GC (CMS Final Remark) 2019-01-30T13:09:10.499+0600: 5548.051: [ParNew
Desired survivor size 20112992 bytes, new threshold 8 (max 8)
- age   1:     546520 bytes,     546520 total
- age   2:     265320 bytes,     811840 total
- age   3:     296264 bytes,    1108104 total
- age   4:     304808 bytes,    1412912 total
- age   5:     238848 bytes,    1651760 total
- age   6:     275808 bytes,    1927568 total
- age   7:     269752 bytes,    2197320 total
- age   8:     280104 bytes,    2477424 total
: 4092K->3137K(109248K), 0.0091835 secs] 244332K->243788K(502464K), 0.0092734 secs] [Times: user=0.03 sys=0.00, real=0.01 secs] 
Heap after GC invocations=19979 (full 64):
 par new generation   total 109248K, used 3137K [0x00000007a0000000, 0x00000007a8000000, 0x00000007a8000000)
  eden space 87424K,   0% used [0x00000007a0000000, 0x00000007a0000000, 0x00000007a5560000)
  from space 21824K,  14% used [0x00000007a6ab0000, 0x00000007a6dc0758, 0x00000007a8000000)
  to   space 21824K,   0% used [0x00000007a5560000, 0x00000007a5560000, 0x00000007a6ab0000)
 concurrent mark-sweep generation total 393216K, used 240650K [0x00000007a8000000, 0x00000007c0000000, 0x00000007c0000000)
 Metaspace       used 45939K, capacity 47334K, committed 47532K, reserved 1091584K
  class space    used 5462K, capacity 5780K, committed 5804K, reserved 1048576K
}
2019-01-30T13:09:10.509+0600: 5548.060: [Rescan (parallel) , 0.0043270 secs]2019-01-30T13:09:10.513+0600: 5548.064: [weak refs processing, 0.0008940 secs]2019-01-30T13:09:10.514+0600: 5548.065: [class unloading, 0.0092751 secs]2019-01-30T13:09:10.523+0600: 5548.074: [scrub symbol table, 0.0082229 secs]2019-01-30T13:09:10.531+0600: 5548.083: [scrub string table, 0.0006538 secs][1 CMS-remark: 240650K(393216K)] 243788K(502464K), 0.0330352 secs] [Times: user=0.07 sys=0.00, real=0.04 secs] 
2019-01-30T13:09:10.532+0600: 5548.084: Total time for which application threads were stopped: 0.0332326 seconds, Stopping threads took: 0.0000684 seconds
2019-01-30T13:09:10.532+0600: 5548.084: [CMS-concurrent-sweep-start]
2019-01-30T13:09:10.628+0600: 5548.179: [CMS-concurrent-sweep: 0.095/0.095 secs] [Times: user=0.18 sys=0.00, real=0.09 secs] 
2019-01-30T13:09:10.628+0600: 5548.179: [CMS-concurrent-reset-start]
2019-01-30T13:09:10.628+0600: 5548.180: [CMS-concurrent-reset: 0.000/0.000 secs] [Times: user=0.00 sys=0.00, real=0.00 secs] 
2019-01-30T13:09:12.633+0600: 5550.184: [GC (CMS Initial Mark) [1 CMS-initial-mark: 240650K(393216K)] 244298K(502464K), 0.0020738 secs] [Times: user=0.01 sys=0.00, real=0.00 secs] 
2019-01-30T13:09:12.635+0600: 5550.186: Total time for which application threads were stopped: 0.0022760 seconds, Stopping threads took: 0.0000563 seconds
2019-01-30T13:09:12.635+0600: 5550.186: [CMS-concurrent-mark-start]
2019-01-30T13:09:12.842+0600: 5550.393: [CMS-concurrent-mark: 0.207/0.207 secs] [Times: user=0.81 sys=0.00, real=0.21 secs] 
2019-01-30T13:09:12.842+0600: 5550.393: [CMS-concurrent-preclean-start]
2019-01-30T13:09:12.844+0600: 5550.395: [CMS-concurrent-preclean: 0.002/0.002 secs] [Times: user=0.00 sys=0.00, real=0.00 secs] 
2019-01-30T13:09:12.844+0600: 5550.396: [GC (CMS Final Remark) [YG occupancy: 3647 K (109248 K)]{Heap before GC invocations=19979 (full 65):
 par new generation   total 109248K, used 3647K [0x00000007a0000000, 0x00000007a8000000, 0x00000007a8000000)
  eden space 87424K,   0% used [0x00000007a0000000, 0x00000007a007f728, 0x00000007a5560000)
  from space 21824K,  14% used [0x00000007a6ab0000, 0x00000007a6dc0758, 0x00000007a8000000)
  to   space 21824K,   0% used [0x00000007a5560000, 0x00000007a5560000, 0x00000007a6ab0000)
 concurrent mark-sweep generation total 393216K, used 240650K [0x00000007a8000000, 0x00000007c0000000, 0x00000007c0000000)
 Metaspace       used 45939K, capacity 47334K, committed 47532K, reserved 1091584K
  class space    used 5462K, capacity 5780K, committed 5804K, reserved 1048576K
2019-01-30T13:09:12.844+0600: 5550.396: [GC (CMS Final Remark) 2019-01-30T13:09:12.844+0600: 5550.396: [ParNew
Desired survivor size 20112992 bytes, new threshold 8 (max 8)
- age   1:     302192 bytes,     302192 total
- age   2:     546496 bytes,     848688 total
- age   3:     265320 bytes,    1114008 total
- age   4:     296264 bytes,    1410272 total
- age   5:     304808 bytes,    1715080 total
- age   6:     238848 bytes,    1953928 total
- age   7:     275808 bytes,    2229736 total
- age   8:     269752 bytes,    2499488 total
: 3647K->3139K(109248K), 0.0081403 secs] 244298K->244064K(502464K), 0.0082204 secs] [Times: user=0.03 sys=0.00, real=0.01 secs] 
Heap after GC invocations=19980 (full 65):
 par new generation   total 109248K, used 3139K [0x00000007a0000000, 0x00000007a8000000, 0x00000007a8000000)
  eden space 87424K,   0% used [0x00000007a0000000, 0x00000007a0000000, 0x00000007a5560000)
  from space 21824K,  14% used [0x00000007a5560000, 0x00000007a5870f10, 0x00000007a6ab0000)
  to   space 21824K,   0% used [0x00000007a6ab0000, 0x00000007a6ab0000, 0x00000007a8000000)
 concurrent mark-sweep generation total 393216K, used 240924K [0x00000007a8000000, 0x00000007c0000000, 0x00000007c0000000)
 Metaspace       used 45939K, capacity 47334K, committed 47532K, reserved 1091584K
  class space    used 5462K, capacity 5780K, committed 5804K, reserved 1048576K
}
2019-01-30T13:09:12.853+0600: 5550.404: [Rescan (parallel) , 0.0042235 secs]2019-01-30T13:09:12.857+0600: 5550.408: [weak refs processing, 0.0009014 secs]2019-01-30T13:09:12.858+0600: 5550.409: [class unloading, 0.0100930 secs]2019-01-30T13:09:12.868+0600: 5550.419: [scrub symbol table, 0.0074746 secs]2019-01-30T13:09:12.876+0600: 5550.427: [scrub string table, 0.0008044 secs][1 CMS-remark: 240924K(393216K)] 244064K(502464K), 0.0321650 secs] [Times: user=0.07 sys=0.00, real=0.03 secs] 
2019-01-30T13:09:12.877+0600: 5550.428: Total time for which application threads were stopped: 0.0323643 seconds, Stopping threads took: 0.0000659 seconds
2019-01-30T13:09:12.877+0600: 5550.428: [CMS-concurrent-sweep-start]
2019-01-30T13:09:12.967+0600: 5550.518: [CMS-concurrent-sweep: 0.091/0.091 secs] [Times: user=0.17 sys=0.00, real=0.09 secs] 
2019-01-30T13:09:12.967+0600: 5550.519: [CMS-concurrent-reset-start]
2019-01-30T13:09:12.968+0600: 5550.519: [CMS-concurrent-reset: 0.000/0.000 secs] [Times: user=0.00 sys=0.00, real=0.00 secs] 
2019-01-30T13:09:14.972+0600: 5552.523: [GC (CMS Initial Mark) [1 CMS-initial-mark: 240924K(393216K)] 244531K(502464K), 0.0022250 secs] [Times: user=0.00 sys=0.00, real=0.00 secs] 
2019-01-30T13:09:14.975+0600: 5552.526: Total time for which application threads were stopped: 0.0024902 seconds, Stopping threads took: 0.0000842 seconds
2019-01-30T13:09:14.975+0600: 5552.526: [CMS-concurrent-mark-start]
2019-01-30T13:09:15.225+0600: 5552.776: [CMS-concurrent-mark: 0.250/0.250 secs] [Times: user=0.90 sys=0.01, real=0.25 secs] 
2019-01-30T13:09:15.225+0600: 5552.776: [CMS-concurrent-preclean-start]
2019-01-30T13:09:15.227+0600: 5552.778: [CMS-concurrent-preclean: 0.002/0.003 secs] [Times: user=0.00 sys=0.00, real=0.00 secs] 
2019-01-30T13:09:15.228+0600: 5552.779: [GC (CMS Final Remark) [YG occupancy: 3649 K (109248 K)]{Heap before GC invocations=19980 (full 66):
 par new generation   total 109248K, used 3649K [0x00000007a0000000, 0x00000007a8000000, 0x00000007a8000000)
  eden space 87424K,   0% used [0x00000007a0000000, 0x00000007a007f760, 0x00000007a5560000)
  from space 21824K,  14% used [0x00000007a5560000, 0x00000007a5870f10, 0x00000007a6ab0000)
  to   space 21824K,   0% used [0x00000007a6ab0000, 0x00000007a6ab0000, 0x00000007a8000000)
 concurrent mark-sweep generation total 393216K, used 240924K [0x00000007a8000000, 0x00000007c0000000, 0x00000007c0000000)
 Metaspace       used 45939K, capacity 47334K, committed 47532K, reserved 1091584K
  class space    used 5462K, capacity 5780K, committed 5804K, reserved 1048576K
2019-01-30T13:09:15.228+0600: 5552.779: [GC (CMS Final Remark) 2019-01-30T13:09:15.228+0600: 5552.779: [ParNew
Desired survivor size 20112992 bytes, new threshold 8 (max 8)
- age   1:     289904 bytes,     289904 total
- age   2:     302168 bytes,     592072 total
- age   3:     546496 bytes,    1138568 total
- age   4:     265320 bytes,    1403888 total
- age   5:     296264 bytes,    1700152 total
- age   6:     304808 bytes,    2004960 total
- age   7:     238848 bytes,    2243808 total
- age   8:     275808 bytes,    2519616 total
: 3649K->2765K(109248K), 0.0082617 secs] 244574K->243953K(502464K), 0.0083878 secs] [Times: user=0.03 sys=0.00, real=0.01 secs] 
Heap after GC invocations=19981 (full 66):
 par new generation   total 109248K, used 2765K [0x00000007a0000000, 0x00000007a8000000, 0x00000007a8000000)
  eden space 87424K,   0% used [0x00000007a0000000, 0x00000007a0000000, 0x00000007a5560000)
  from space 21824K,  12% used [0x00000007a6ab0000, 0x00000007a6d637d0, 0x00000007a8000000)
  to   space 21824K,   0% used [0x00000007a5560000, 0x00000007a5560000, 0x00000007a6ab0000)
 concurrent mark-sweep generation total 393216K, used 241187K [0x00000007a8000000, 0x00000007c0000000, 0x00000007c0000000)
 Metaspace       used 45939K, capacity 47334K, committed 47532K, reserved 1091584K
  class space    used 5462K, capacity 5780K, committed 5804K, reserved 1048576K
}
2019-01-30T13:09:15.236+0600: 5552.787: [Rescan (parallel) , 0.0041813 secs]2019-01-30T13:09:15.240+0600: 5552.791: [weak refs processing, 0.0010029 secs]2019-01-30T13:09:15.241+0600: 5552.793: [class unloading, 0.0099923 secs]2019-01-30T13:09:15.251+0600: 5552.803: [scrub symbol table, 0.0083668 secs]2019-01-30T13:09:15.260+0600: 5552.811: [scrub string table, 0.0009818 secs][1 CMS-remark: 241187K(393216K)] 243953K(502464K), 0.0333925 secs] [Times: user=0.07 sys=0.00, real=0.04 secs] 
2019-01-30T13:09:15.261+0600: 5552.812: Total time for which application threads were stopped: 0.0336077 seconds, Stopping threads took: 0.0000625 seconds
2019-01-30T13:09:15.261+0600: 5552.812: [CMS-concurrent-sweep-start]
2019-01-30T13:09:15.360+0600: 5552.911: [CMS-concurrent-sweep: 0.098/0.098 secs] [Times: user=0.19 sys=0.00, real=0.10 secs] 
2019-01-30T13:09:15.360+0600: 5552.911: [CMS-concurrent-reset-start]
2019-01-30T13:09:15.360+0600: 5552.911: [CMS-concurrent-reset: 0.000/0.000 secs] [Times: user=0.00 sys=0.00, real=0.00 secs] 
2019-01-30T13:09:17.364+0600: 5554.915: [GC (CMS Initial Mark) [1 CMS-initial-mark: 241187K(393216K)] 244427K(502464K), 0.0020448 secs] [Times: user=0.00 sys=0.00, real=0.00 secs] 
2019-01-30T13:09:17.367+0600: 5554.918: Total time for which application threads were stopped: 0.0022500 seconds, Stopping threads took: 0.0000589 seconds
2019-01-30T13:09:17.367+0600: 5554.918: [CMS-concurrent-mark-start]
2019-01-30T13:09:17.590+0600: 5555.141: [CMS-concurrent-mark: 0.223/0.223 secs] [Times: user=0.88 sys=0.00, real=0.23 secs] 
2019-01-30T13:09:17.590+0600: 5555.141: [CMS-concurrent-preclean-start]
2019-01-30T13:09:17.592+0600: 5555.144: [CMS-concurrent-preclean: 0.002/0.002 secs] [Times: user=0.01 sys=0.00, real=0.00 secs] 
2019-01-30T13:09:17.593+0600: 5555.144: [GC (CMS Final Remark) [YG occupancy: 3281 K (109248 K)]{Heap before GC invocations=19981 (full 67):
 par new generation   total 109248K, used 3281K [0x00000007a0000000, 0x00000007a8000000, 0x00000007a8000000)
  eden space 87424K,   0% used [0x00000007a0000000, 0x00000007a0080f90, 0x00000007a5560000)
  from space 21824K,  12% used [0x00000007a6ab0000, 0x00000007a6d637d0, 0x00000007a8000000)
  to   space 21824K,   0% used [0x00000007a5560000, 0x00000007a5560000, 0x00000007a6ab0000)
 concurrent mark-sweep generation total 393216K, used 241187K [0x00000007a8000000, 0x00000007c0000000, 0x00000007c0000000)
 Metaspace       used 45939K, capacity 47334K, committed 47532K, reserved 1091584K
  class space    used 5462K, capacity 5780K, committed 5804K, reserved 1048576K
2019-01-30T13:09:17.593+0600: 5555.144: [GC (CMS Final Remark) 2019-01-30T13:09:17.593+0600: 5555.144: [ParNew
Desired survivor size 20112992 bytes, new threshold 8 (max 8)
- age   1:     281048 bytes,     281048 total
- age   2:     289880 bytes,     570928 total
- age   3:     302168 bytes,     873096 total
- age   4:     546496 bytes,    1419592 total
- age   5:     265320 bytes,    1684912 total
- age   6:     296264 bytes,    1981176 total
- age   7:     304808 bytes,    2285984 total
- age   8:     238848 bytes,    2524832 total
: 3281K->3229K(109248K), 0.0075790 secs] 244469K->244686K(502464K), 0.0076596 secs] [Times: user=0.03 sys=0.00, real=0.01 secs] 
Heap after GC invocations=19982 (full 67):
 par new generation   total 109248K, used 3229K [0x00000007a0000000, 0x00000007a8000000, 0x00000007a8000000)
  eden space 87424K,   0% used [0x00000007a0000000, 0x00000007a0000000, 0x00000007a5560000)
  from space 21824K,  14% used [0x00000007a5560000, 0x00000007a58874b0, 0x00000007a6ab0000)
  to   space 21824K,   0% used [0x00000007a6ab0000, 0x00000007a6ab0000, 0x00000007a8000000)
 concurrent mark-sweep generation total 393216K, used 241457K [0x00000007a8000000, 0x00000007c0000000, 0x00000007c0000000)
 Metaspace       used 45939K, capacity 47334K, committed 47532K, reserved 1091584K
  class space    used 5462K, capacity 5780K, committed 5804K, reserved 1048576K
}
2019-01-30T13:09:17.600+0600: 5555.152: [Rescan (parallel) , 0.0043800 secs]2019-01-30T13:09:17.605+0600: 5555.156: [weak refs processing, 0.0008153 secs]2019-01-30T13:09:17.606+0600: 5555.157: [class unloading, 0.0095773 secs]2019-01-30T13:09:17.615+0600: 5555.166: [scrub symbol table, 0.0075111 secs]2019-01-30T13:09:17.623+0600: 5555.174: [scrub string table, 0.0005565 secs][1 CMS-remark: 241457K(393216K)] 244686K(502464K), 0.0308937 secs] [Times: user=0.06 sys=0.00, real=0.03 secs] 
2019-01-30T13:09:17.624+0600: 5555.175: Total time for which application threads were stopped: 0.0310734 seconds, Stopping threads took: 0.0000540 seconds
2019-01-30T13:09:17.624+0600: 5555.175: [CMS-concurrent-sweep-start]
2019-01-30T13:09:17.715+0600: 5555.267: [CMS-concurrent-sweep: 0.092/0.092 secs] [Times: user=0.18 sys=0.00, real=0.09 secs] 
2019-01-30T13:09:17.716+0600: 5555.267: [CMS-concurrent-reset-start]
2019-01-30T13:09:17.716+0600: 5555.267: [CMS-concurrent-reset: 0.000/0.000 secs] [Times: user=0.00 sys=0.00, real=0.00 secs] 
2019-01-30T13:09:19.719+0600: 5557.270: [GC (CMS Initial Mark) [1 CMS-initial-mark: 241457K(393216K)] 245238K(502464K), 0.0021586 secs] [Times: user=0.00 sys=0.00, real=0.01 secs] 
2019-01-30T13:09:19.721+0600: 5557.272: Total time for which application threads were stopped: 0.0023974 seconds, Stopping threads took: 0.0000768 seconds
2019-01-30T13:09:19.721+0600: 5557.272: [CMS-concurrent-mark-start]
2019-01-30T13:09:19.986+0600: 5557.537: [CMS-concurrent-mark: 0.264/0.264 secs] [Times: user=1.05 sys=0.00, real=0.26 secs] 
2019-01-30T13:09:19.986+0600: 5557.537: [CMS-concurrent-preclean-start]
2019-01-30T13:09:19.988+0600: 5557.539: [CMS-concurrent-preclean: 0.002/0.002 secs] [Times: user=0.00 sys=0.00, real=0.00 secs] 
2019-01-30T13:09:19.988+0600: 5557.539: [GC (CMS Final Remark) [YG occupancy: 3823 K (109248 K)]{Heap before GC invocations=19982 (full 68):
 par new generation   total 109248K, used 3823K [0x00000007a0000000, 0x00000007a8000000, 0x00000007a8000000)
  eden space 87424K,   0% used [0x00000007a0000000, 0x00000007a0094b48, 0x00000007a5560000)
  from space 21824K,  14% used [0x00000007a5560000, 0x00000007a58874b0, 0x00000007a6ab0000)
  to   space 21824K,   0% used [0x00000007a6ab0000, 0x00000007a6ab0000, 0x00000007a8000000)
 concurrent mark-sweep generation total 393216K, used 241457K [0x00000007a8000000, 0x00000007c0000000, 0x00000007c0000000)
 Metaspace       used 45939K, capacity 47334K, committed 47532K, reserved 1091584K
  class space    used 5462K, capacity 5780K, committed 5804K, reserved 1048576K
2019-01-30T13:09:19.988+0600: 5557.539: [GC (CMS Final Remark) 2019-01-30T13:09:19.988+0600: 5557.539: [ParNew
Desired survivor size 20112992 bytes, new threshold 8 (max 8)
- age   1:     340672 bytes,     340672 total
- age   2:     280904 bytes,     621576 total
- age   3:     289880 bytes,     911456 total
- age   4:     302168 bytes,    1213624 total
- age   5:     546496 bytes,    1760120 total
- age   6:     265320 bytes,    2025440 total
- age   7:     296264 bytes,    2321704 total
- age   8:     304808 bytes,    2626512 total
: 3823K->3291K(109248K), 0.0073607 secs] 245281K->244981K(502464K), 0.0074426 secs] [Times: user=0.02 sys=0.00, real=0.01 secs] 
Heap after GC invocations=19983 (full 68):
 par new generation   total 109248K, used 3291K [0x00000007a0000000, 0x00000007a8000000, 0x00000007a8000000)
  eden space 87424K,   0% used [0x00000007a0000000, 0x00000007a0000000, 0x00000007a5560000)
  from space 21824K,  15% used [0x00000007a6ab0000, 0x00000007a6de6d50, 0x00000007a8000000)
  to   space 21824K,   0% used [0x00000007a5560000, 0x00000007a5560000, 0x00000007a6ab0000)
 concurrent mark-sweep generation total 393216K, used 241690K [0x00000007a8000000, 0x00000007c0000000, 0x00000007c0000000)
 Metaspace       used 45939K, capacity 47334K, committed 47532K, reserved 1091584K
  class space    used 5462K, capacity 5780K, committed 5804K, reserved 1048576K
}
2019-01-30T13:09:19.996+0600: 5557.547: [Rescan (parallel) , 0.0044005 secs]2019-01-30T13:09:20.000+0600: 5557.551: [weak refs processing, 0.0012745 secs]2019-01-30T13:09:20.002+0600: 5557.553: [class unloading, 0.0112118 secs]2019-01-30T13:09:20.013+0600: 5557.564: [scrub symbol table, 0.0078873 secs]2019-01-30T13:09:20.021+0600: 5557.572: [scrub string table, 0.0005887 secs][1 CMS-remark: 241690K(393216K)] 244981K(502464K), 0.0332397 secs] [Times: user=0.06 sys=0.00, real=0.04 secs] 
2019-01-30T13:09:20.022+0600: 5557.573: Total time for which application threads were stopped: 0.0334357 seconds, Stopping threads took: 0.0000527 seconds
2019-01-30T13:09:20.022+0600: 5557.573: [CMS-concurrent-sweep-start]
2019-01-30T13:09:20.118+0600: 5557.669: [CMS-concurrent-sweep: 0.097/0.097 secs] [Times: user=0.19 sys=0.00, real=0.09 secs] 
2019-01-30T13:09:20.119+0600: 5557.670: [CMS-concurrent-reset-start]
2019-01-30T13:09:20.119+0600: 5557.670: [CMS-concurrent-reset: 0.000/0.000 secs] [Times: user=0.00 sys=0.00, real=0.00 secs] 
2019-01-30T13:09:22.121+0600: 5559.672: [GC (CMS Initial Mark) [1 CMS-initial-mark: 241690K(393216K)] 245534K(502464K), 0.0024833 secs] [Times: user=0.01 sys=0.00, real=0.00 secs] 
2019-01-30T13:09:22.124+0600: 5559.675: Total time for which application threads were stopped: 0.0026962 seconds, Stopping threads took: 0.0000690 seconds
2019-01-30T13:09:22.124+0600: 5559.675: [CMS-concurrent-mark-start]
2019-01-30T13:09:22.406+0600: 5559.957: [CMS-concurrent-mark: 0.282/0.282 secs] [Times: user=1.05 sys=0.01, real=0.28 secs] 
2019-01-30T13:09:22.406+0600: 5559.957: [CMS-concurrent-preclean-start]
2019-01-30T13:09:22.409+0600: 5559.960: [CMS-concurrent-preclean: 0.003/0.003 secs] [Times: user=0.01 sys=0.00, real=0.00 secs] 
2019-01-30T13:09:22.409+0600: 5559.960: [GC (CMS Final Remark) [YG occupancy: 3843 K (109248 K)]{Heap before GC invocations=19983 (full 69):
 par new generation   total 109248K, used 3843K [0x00000007a0000000, 0x00000007a8000000, 0x00000007a8000000)
  eden space 87424K,   0% used [0x00000007a0000000, 0x00000007a008a190, 0x00000007a5560000)
  from space 21824K,  15% used [0x00000007a6ab0000, 0x00000007a6de6d50, 0x00000007a8000000)
  to   space 21824K,   0% used [0x00000007a5560000, 0x00000007a5560000, 0x00000007a6ab0000)
 concurrent mark-sweep generation total 393216K, used 241690K [0x00000007a8000000, 0x00000007c0000000, 0x00000007c0000000)
 Metaspace       used 45939K, capacity 47334K, committed 47532K, reserved 1091584K
  class space    used 5462K, capacity 5780K, committed 5804K, reserved 1048576K
2019-01-30T13:09:22.409+0600: 5559.960: [GC (CMS Final Remark) 2019-01-30T13:09:22.409+0600: 5559.960: [ParNew
Desired survivor size 20112992 bytes, new threshold 8 (max 8)
- age   1:     319720 bytes,     319720 total
- age   2:     340648 bytes,     660368 total
- age   3:     280904 bytes,     941272 total
- age   4:     289880 bytes,    1231152 total
- age   5:     302168 bytes,    1533320 total
- age   6:     546496 bytes,    2079816 total
- age   7:     265320 bytes,    2345136 total
- age   8:     296264 bytes,    2641400 total
: 3843K->3434K(109248K), 0.0085293 secs] 245534K->245422K(502464K), 0.0086003 secs] [Times: user=0.02 sys=0.00, real=0.01 secs] 
Heap after GC invocations=19984 (full 69):
 par new generation   total 109248K, used 3434K [0x00000007a0000000, 0x00000007a8000000, 0x00000007a8000000)
  eden space 87424K,   0% used [0x00000007a0000000, 0x00000007a0000000, 0x00000007a5560000)
  from space 21824K,  15% used [0x00000007a5560000, 0x00000007a58ba8a0, 0x00000007a6ab0000)
  to   space 21824K,   0% used [0x00000007a6ab0000, 0x00000007a6ab0000, 0x00000007a8000000)
 concurrent mark-sweep generation total 393216K, used 241988K [0x00000007a8000000, 0x00000007c0000000, 0x00000007c0000000)
 Metaspace       used 45939K, capacity 47334K, committed 47532K, reserved 1091584K
  class space    used 5462K, capacity 5780K, committed 5804K, reserved 1048576K
}
2019-01-30T13:09:22.418+0600: 5559.969: [Rescan (parallel) , 0.0046038 secs]2019-01-30T13:09:22.423+0600: 5559.974: [weak refs processing, 0.0011183 secs]2019-01-30T13:09:22.424+0600: 5559.975: [class unloading, 0.0116352 secs]2019-01-30T13:09:22.436+0600: 5559.986: [scrub symbol table, 0.0083492 secs]2019-01-30T13:09:22.444+0600: 5559.995: [scrub string table, 0.0007768 secs][1 CMS-remark: 241988K(393216K)] 245422K(502464K), 0.0354925 secs] [Times: user=0.06 sys=0.00, real=0.04 secs] 
2019-01-30T13:09:22.445+0600: 5559.996: Total time for which application threads were stopped: 0.0356905 seconds, Stopping threads took: 0.0000728 seconds
2019-01-30T13:09:22.445+0600: 5559.996: [CMS-concurrent-sweep-start]
2019-01-30T13:09:22.541+0600: 5560.092: [CMS-concurrent-sweep: 0.096/0.096 secs] [Times: user=0.19 sys=0.00, real=0.10 secs] 
2019-01-30T13:09:22.541+0600: 5560.092: [CMS-concurrent-reset-start]
2019-01-30T13:09:22.541+0600: 5560.092: [CMS-concurrent-reset: 0.001/0.001 secs] [Times: user=0.00 sys=0.00, real=0.00 secs] 
2019-01-30T13:09:24.543+0600: 5562.094: [GC (CMS Initial Mark) [1 CMS-initial-mark: 241988K(393216K)] 245889K(502464K), 0.0022533 secs] [Times: user=0.01 sys=0.00, real=0.00 secs] 
2019-01-30T13:09:24.546+0600: 5562.096: Total time for which application threads were stopped: 0.0024925 seconds, Stopping threads took: 0.0000642 seconds
2019-01-30T13:09:24.546+0600: 5562.096: [CMS-concurrent-mark-start]
2019-01-30T13:09:24.763+0600: 5562.314: [CMS-concurrent-mark: 0.218/0.218 secs] [Times: user=0.85 sys=0.00, real=0.22 secs] 
2019-01-30T13:09:24.763+0600: 5562.314: [CMS-concurrent-preclean-start]
2019-01-30T13:09:24.766+0600: 5562.317: [CMS-concurrent-preclean: 0.002/0.003 secs] [Times: user=0.01 sys=0.00, real=0.00 secs] 
2019-01-30T13:09:24.766+0600: 5562.317: [GC (CMS Final Remark) [YG occupancy: 3943 K (109248 K)]{Heap before GC invocations=19984 (full 70):
 par new generation   total 109248K, used 3943K [0x00000007a0000000, 0x00000007a8000000, 0x00000007a8000000)
  eden space 87424K,   0% used [0x00000007a0000000, 0x00000007a007f758, 0x00000007a5560000)
  from space 21824K,  15% used [0x00000007a5560000, 0x00000007a58ba8a0, 0x00000007a6ab0000)
  to   space 21824K,   0% used [0x00000007a6ab0000, 0x00000007a6ab0000, 0x00000007a8000000)
 concurrent mark-sweep generation total 393216K, used 241988K [0x00000007a8000000, 0x00000007c0000000, 0x00000007c0000000)
 Metaspace       used 45939K, capacity 47334K, committed 47532K, reserved 1091584K
  class space    used 5462K, capacity 5780K, committed 5804K, reserved 1048576K
2019-01-30T13:09:24.766+0600: 5562.317: [GC (CMS Final Remark) 2019-01-30T13:09:24.766+0600: 5562.317: [ParNew
Desired survivor size 20112992 bytes, new threshold 8 (max 8)
- age   1:     291664 bytes,     291664 total
- age   2:     319696 bytes,     611360 total
- age   3:     340648 bytes,     952008 total
- age   4:     280904 bytes,    1232912 total
- age   5:     289880 bytes,    1522792 total
- age   6:     302168 bytes,    1824960 total
- age   7:     546496 bytes,    2371456 total
- age   8:     265320 bytes,    2636776 total
: 3943K->3079K(109248K), 0.0080576 secs] 245932K->245356K(502464K), 0.0081381 secs] [Times: user=0.03 sys=0.00, real=0.01 secs] 
Heap after GC invocations=19985 (full 70):
 par new generation   total 109248K, used 3079K [0x00000007a0000000, 0x00000007a8000000, 0x00000007a8000000)
  eden space 87424K,   0% used [0x00000007a0000000, 0x00000007a0000000, 0x00000007a5560000)
  from space 21824K,  14% used [0x00000007a6ab0000, 0x00000007a6db1d40, 0x00000007a8000000)
  to   space 21824K,   0% used [0x00000007a5560000, 0x00000007a5560000, 0x00000007a6ab0000)
 concurrent mark-sweep generation total 393216K, used 242277K [0x00000007a8000000, 0x00000007c0000000, 0x00000007c0000000)
 Metaspace       used 45939K, capacity 47334K, committed 47532K, reserved 1091584K
  class space    used 5462K, capacity 5780K, committed 5804K, reserved 1048576K
}
2019-01-30T13:09:24.774+0600: 5562.325: [Rescan (parallel) , 0.0044002 secs]2019-01-30T13:09:24.779+0600: 5562.330: [weak refs processing, 0.0007606 secs]2019-01-30T13:09:24.780+0600: 5562.330: [class unloading, 0.0095354 secs]2019-01-30T13:09:24.789+0600: 5562.340: [scrub symbol table, 0.0075173 secs]2019-01-30T13:09:24.797+0600: 5562.348: [scrub string table, 0.0005538 secs][1 CMS-remark: 242277K(393216K)] 245356K(502464K), 0.0312657 secs] [Times: user=0.07 sys=0.00, real=0.03 secs] 
2019-01-30T13:09:24.798+0600: 5562.348: Total time for which application threads were stopped: 0.0314542 seconds, Stopping threads took: 0.0000584 seconds
2019-01-30T13:09:24.798+0600: 5562.348: [CMS-concurrent-sweep-start]
2019-01-30T13:09:24.889+0600: 5562.440: [CMS-concurrent-sweep: 0.091/0.091 secs] [Times: user=0.17 sys=0.00, real=0.09 secs] 
2019-01-30T13:09:24.889+0600: 5562.440: [CMS-concurrent-reset-start]
2019-01-30T13:09:24.889+0600: 5562.440: [CMS-concurrent-reset: 0.000/0.000 secs] [Times: user=0.01 sys=0.00, real=0.00 secs] 
2019-01-30T13:09:26.894+0600: 5564.444: [GC (CMS Initial Mark) [1 CMS-initial-mark: 242277K(393216K)] 245867K(502464K), 0.0021802 secs] [Times: user=0.01 sys=0.00, real=0.00 secs] 
2019-01-30T13:09:26.896+0600: 5564.447: Total time for which application threads were stopped: 0.0023962 seconds, Stopping threads took: 0.0000689 seconds
2019-01-30T13:09:26.896+0600: 5564.447: [CMS-concurrent-mark-start]
2019-01-30T13:09:27.115+0600: 5564.666: [CMS-concurrent-mark: 0.219/0.219 secs] [Times: user=0.84 sys=0.00, real=0.22 secs] 
2019-01-30T13:09:27.115+0600: 5564.666: [CMS-concurrent-preclean-start]
2019-01-30T13:09:27.118+0600: 5564.668: [CMS-concurrent-preclean: 0.002/0.002 secs] [Times: user=0.00 sys=0.00, real=0.00 secs] 
2019-01-30T13:09:27.118+0600: 5564.669: [GC (CMS Final Remark) [YG occupancy: 3632 K (109248 K)]{Heap before GC invocations=19985 (full 71):
 par new generation   total 109248K, used 3632K [0x00000007a0000000, 0x00000007a8000000, 0x00000007a8000000)
  eden space 87424K,   0% used [0x00000007a0000000, 0x00000007a008a2d8, 0x00000007a5560000)
  from space 21824K,  14% used [0x00000007a6ab0000, 0x00000007a6db1d40, 0x00000007a8000000)
  to   space 21824K,   0% used [0x00000007a5560000, 0x00000007a5560000, 0x00000007a6ab0000)
 concurrent mark-sweep generation total 393216K, used 242277K [0x00000007a8000000, 0x00000007c0000000, 0x00000007c0000000)
 Metaspace       used 45939K, capacity 47334K, committed 47532K, reserved 1091584K
  class space    used 5462K, capacity 5780K, committed 5804K, reserved 1048576K
2019-01-30T13:09:27.118+0600: 5564.669: [GC (CMS Final Remark) 2019-01-30T13:09:27.118+0600: 5564.669: [ParNew
Desired survivor size 20112992 bytes, new threshold 8 (max 8)
- age   1:     312256 bytes,     312256 total
- age   2:     291640 bytes,     603896 total
- age   3:     319696 bytes,     923592 total
- age   4:     340648 bytes,    1264240 total
- age   5:     280904 bytes,    1545144 total
- age   6:     289880 bytes,    1835024 total
- age   7:     302168 bytes,    2137192 total
- age   8:     546496 bytes,    2683688 total
: 3632K->3474K(109248K), 0.0085268 secs] 245909K->246010K(502464K), 0.0086082 secs] [Times: user=0.03 sys=0.00, real=0.01 secs] 
Heap after GC invocations=19986 (full 71):
 par new generation   total 109248K, used 3474K [0x00000007a0000000, 0x00000007a8000000, 0x00000007a8000000)
  eden space 87424K,   0% used [0x00000007a0000000, 0x00000007a0000000, 0x00000007a5560000)
  from space 21824K,  15% used [0x00000007a5560000, 0x00000007a58c4920, 0x00000007a6ab0000)
  to   space 21824K,   0% used [0x00000007a6ab0000, 0x00000007a6ab0000, 0x00000007a8000000)
 concurrent mark-sweep generation total 393216K, used 242536K [0x00000007a8000000, 0x00000007c0000000, 0x00000007c0000000)
 Metaspace       used 45939K, capacity 47334K, committed 47532K, reserved 1091584K
  class space    used 5462K, capacity 5780K, committed 5804K, reserved 1048576K
}
2019-01-30T13:09:27.127+0600: 5564.677: [Rescan (parallel) , 0.0047775 secs]2019-01-30T13:09:27.132+0600: 5564.682: [weak refs processing, 0.0016695 secs]2019-01-30T13:09:27.133+0600: 5564.684: [class unloading, 0.0111301 secs]2019-01-30T13:09:27.144+0600: 5564.695: [scrub symbol table, 0.0100349 secs]2019-01-30T13:09:27.155+0600: 5564.705: [scrub string table, 0.0008879 secs][1 CMS-remark: 242536K(393216K)] 246010K(502464K), 0.0376426 secs] [Times: user=0.07 sys=0.00, real=0.04 secs] 
2019-01-30T13:09:27.156+0600: 5564.706: Total time for which application threads were stopped: 0.0378393 seconds, Stopping threads took: 0.0000565 seconds
2019-01-30T13:09:27.156+0600: 5564.707: [CMS-concurrent-sweep-start]
2019-01-30T13:09:27.256+0600: 5564.807: [CMS-concurrent-sweep: 0.101/0.101 secs] [Times: user=0.20 sys=0.00, real=0.10 secs] 
2019-01-30T13:09:27.256+0600: 5564.807: [CMS-concurrent-reset-start]
2019-01-30T13:09:27.257+0600: 5564.808: [CMS-concurrent-reset: 0.001/0.001 secs] [Times: user=0.00 sys=0.00, real=0.00 secs] 
2019-01-30T13:09:29.258+0600: 5566.809: [GC (CMS Initial Mark) [1 CMS-initial-mark: 242536K(393216K)] 246563K(502464K), 0.0136388 secs] [Times: user=0.01 sys=0.00, real=0.02 secs] 
2019-01-30T13:09:29.272+0600: 5566.823: Total time for which application threads were stopped: 0.0138893 seconds, Stopping threads took: 0.0000862 seconds
2019-01-30T13:09:29.272+0600: 5566.823: [CMS-concurrent-mark-start]
2019-01-30T13:09:29.487+0600: 5567.038: [CMS-concurrent-mark: 0.215/0.215 secs] [Times: user=0.84 sys=0.00, real=0.21 secs] 
2019-01-30T13:09:29.487+0600: 5567.038: [CMS-concurrent-preclean-start]
2019-01-30T13:09:29.490+0600: 5567.041: [CMS-concurrent-preclean: 0.002/0.003 secs] [Times: user=0.00 sys=0.00, real=0.01 secs] 
2019-01-30T13:09:29.490+0600: 5567.041: [GC (CMS Final Remark) [YG occupancy: 4027 K (109248 K)]{Heap before GC invocations=19986 (full 72):
 par new generation   total 109248K, used 4027K [0x00000007a0000000, 0x00000007a8000000, 0x00000007a8000000)
  eden space 87424K,   0% used [0x00000007a0000000, 0x00000007a008a3e0, 0x00000007a5560000)
  from space 21824K,  15% used [0x00000007a5560000, 0x00000007a58c4920, 0x00000007a6ab0000)
  to   space 21824K,   0% used [0x00000007a6ab0000, 0x00000007a6ab0000, 0x00000007a8000000)
 concurrent mark-sweep generation total 393216K, used 242536K [0x00000007a8000000, 0x00000007c0000000, 0x00000007c0000000)
 Metaspace       used 45939K, capacity 47334K, committed 47532K, reserved 1091584K
  class space    used 5462K, capacity 5780K, committed 5804K, reserved 1048576K
2019-01-30T13:09:29.490+0600: 5567.041: [GC (CMS Final Remark) 2019-01-30T13:09:29.490+0600: 5567.041: [ParNew
Desired survivor size 20112992 bytes, new threshold 8 (max 8)
- age   1:     335608 bytes,     335608 total
- age   2:     312112 bytes,     647720 total
- age   3:     291640 bytes,     939360 total
- age   4:     319696 bytes,    1259056 total
- age   5:     340648 bytes,    1599704 total
- age   6:     280904 bytes,    1880608 total
- age   7:     289880 bytes,    2170488 total
- age   8:     302168 bytes,    2472656 total
: 4027K->3123K(109248K), 0.0093736 secs] 246563K->246193K(502464K), 0.0094648 secs] [Times: user=0.04 sys=0.00, real=0.01 secs] 
Heap after GC invocations=19987 (full 72):
 par new generation   total 109248K, used 3123K [0x00000007a0000000, 0x00000007a8000000, 0x00000007a8000000)
  eden space 87424K,   0% used [0x00000007a0000000, 0x00000007a0000000, 0x00000007a5560000)
  from space 21824K,  14% used [0x00000007a6ab0000, 0x00000007a6dbcec0, 0x00000007a8000000)
  to   space 21824K,   0% used [0x00000007a5560000, 0x00000007a5560000, 0x00000007a6ab0000)
 concurrent mark-sweep generation total 393216K, used 243070K [0x00000007a8000000, 0x00000007c0000000, 0x00000007c0000000)
 Metaspace       used 45939K, capacity 47334K, committed 47532K, reserved 1091584K
  class space    used 5462K, capacity 5780K, committed 5804K, reserved 1048576K
}
2019-01-30T13:09:29.500+0600: 5567.051: [Rescan (parallel) , 0.0046929 secs]2019-01-30T13:09:29.505+0600: 5567.055: [weak refs processing, 0.0008927 secs]2019-01-30T13:09:29.505+0600: 5567.056: [class unloading, 0.0096749 secs]2019-01-30T13:09:29.515+0600: 5567.066: [scrub symbol table, 0.0078456 secs]2019-01-30T13:09:29.523+0600: 5567.074: [scrub string table, 0.0005551 secs][1 CMS-remark: 243070K(393216K)] 246193K(502464K), 0.0335545 secs] [Times: user=0.08 sys=0.00, real=0.03 secs] 
2019-01-30T13:09:29.524+0600: 5567.075: Total time for which application threads were stopped: 0.0337620 seconds, Stopping threads took: 0.0000720 seconds
2019-01-30T13:09:29.524+0600: 5567.075: [CMS-concurrent-sweep-start]
2019-01-30T13:09:29.615+0600: 5567.166: [CMS-concurrent-sweep: 0.091/0.091 secs] [Times: user=0.17 sys=0.00, real=0.09 secs] 
2019-01-30T13:09:29.615+0600: 5567.166: [CMS-concurrent-reset-start]
2019-01-30T13:09:29.616+0600: 5567.166: [CMS-concurrent-reset: 0.000/0.000 secs] [Times: user=0.00 sys=0.00, real=0.00 secs] 
2019-01-30T13:09:31.620+0600: 5569.171: [GC (CMS Initial Mark) [1 CMS-initial-mark: 243070K(393216K)] 246661K(502464K), 0.0021025 secs] [Times: user=0.01 sys=0.00, real=0.00 secs] 
2019-01-30T13:09:31.622+0600: 5569.173: Total time for which application threads were stopped: 0.0023590 seconds, Stopping threads took: 0.0000684 seconds
2019-01-30T13:09:31.622+0600: 5569.173: [CMS-concurrent-mark-start]
2019-01-30T13:09:31.858+0600: 5569.409: [CMS-concurrent-mark: 0.236/0.236 secs] [Times: user=0.91 sys=0.01, real=0.23 secs] 
2019-01-30T13:09:31.858+0600: 5569.409: [CMS-concurrent-preclean-start]
2019-01-30T13:09:31.861+0600: 5569.411: [CMS-concurrent-preclean: 0.002/0.002 secs] [Times: user=0.00 sys=0.00, real=0.01 secs] 
2019-01-30T13:09:31.861+0600: 5569.411: [GC (CMS Final Remark) [YG occupancy: 3633 K (109248 K)]{Heap before GC invocations=19987 (full 73):
 par new generation   total 109248K, used 3633K [0x00000007a0000000, 0x00000007a8000000, 0x00000007a8000000)
  eden space 87424K,   0% used [0x00000007a0000000, 0x00000007a007f740, 0x00000007a5560000)
  from space 21824K,  14% used [0x00000007a6ab0000, 0x00000007a6dbcec0, 0x00000007a8000000)
  to   space 21824K,   0% used [0x00000007a5560000, 0x00000007a5560000, 0x00000007a6ab0000)
 concurrent mark-sweep generation total 393216K, used 243070K [0x00000007a8000000, 0x00000007c0000000, 0x00000007c0000000)
 Metaspace       used 45939K, capacity 47334K, committed 47532K, reserved 1091584K
  class space    used 5462K, capacity 5780K, committed 5804K, reserved 1048576K
2019-01-30T13:09:31.861+0600: 5569.411: [GC (CMS Final Remark) 2019-01-30T13:09:31.861+0600: 5569.411: [ParNew
Desired survivor size 20112992 bytes, new threshold 8 (max 8)
- age   1:     308040 bytes,     308040 total
- age   2:     335584 bytes,     643624 total
- age   3:     312112 bytes,     955736 total
- age   4:     291640 bytes,    1247376 total
- age   5:     319696 bytes,    1567072 total
- age   6:     340648 bytes,    1907720 total
- age   7:     280904 bytes,    2188624 total
- age   8:     289880 bytes,    2478504 total
: 3633K->3563K(109248K), 0.0087360 secs] 246703K->246929K(502464K), 0.0088142 secs] [Times: user=0.03 sys=0.00, real=0.01 secs] 
Heap after GC invocations=19988 (full 73):
 par new generation   total 109248K, used 3563K [0x00000007a0000000, 0x00000007a8000000, 0x00000007a8000000)
  eden space 87424K,   0% used [0x00000007a0000000, 0x00000007a0000000, 0x00000007a5560000)
  from space 21824K,  16% used [0x00000007a5560000, 0x00000007a58dafa8, 0x00000007a6ab0000)
  to   space 21824K,   0% used [0x00000007a6ab0000, 0x00000007a6ab0000, 0x00000007a8000000)
 concurrent mark-sweep generation total 393216K, used 243365K [0x00000007a8000000, 0x00000007c0000000, 0x00000007c0000000)
 Metaspace       used 45939K, capacity 47334K, committed 47532K, reserved 1091584K
  class space    used 5462K, capacity 5780K, committed 5804K, reserved 1048576K
}
2019-01-30T13:09:31.870+0600: 5569.420: [Rescan (parallel) , 0.0043639 secs]2019-01-30T13:09:31.874+0600: 5569.425: [weak refs processing, 0.0009163 secs]2019-01-30T13:09:31.875+0600: 5569.426: [class unloading, 0.0096987 secs]2019-01-30T13:09:31.885+0600: 5569.435: [scrub symbol table, 0.0077033 secs]2019-01-30T13:09:31.893+0600: 5569.443: [scrub string table, 0.0006530 secs][1 CMS-remark: 243365K(393216K)] 246929K(502464K), 0.0326240 secs] [Times: user=0.07 sys=0.00, real=0.03 secs] 
2019-01-30T13:09:31.893+0600: 5569.444: Total time for which application threads were stopped: 0.0327981 seconds, Stopping threads took: 0.0000523 seconds
2019-01-30T13:09:31.894+0600: 5569.444: [CMS-concurrent-sweep-start]
2019-01-30T13:09:31.988+0600: 5569.539: [CMS-concurrent-sweep: 0.095/0.095 secs] [Times: user=0.18 sys=0.00, real=0.09 secs] 
2019-01-30T13:09:31.988+0600: 5569.539: [CMS-concurrent-reset-start]
2019-01-30T13:09:31.989+0600: 5569.540: [CMS-concurrent-reset: 0.000/0.000 secs] [Times: user=0.00 sys=0.00, real=0.00 secs] 
2019-01-30T13:09:33.993+0600: 5571.544: [GC (CMS Initial Mark) [1 CMS-initial-mark: 243365K(393216K)] 247311K(502464K), 0.0022672 secs] [Times: user=0.01 sys=0.00, real=0.00 secs] 
2019-01-30T13:09:33.996+0600: 5571.546: Total time for which application threads were stopped: 0.0024708 seconds, Stopping threads took: 0.0000595 seconds
2019-01-30T13:09:33.996+0600: 5571.546: [CMS-concurrent-mark-start]
2019-01-30T13:09:34.373+0600: 5571.924: [CMS-concurrent-mark: 0.378/0.378 secs] [Times: user=0.85 sys=0.01, real=0.38 secs] 
2019-01-30T13:09:34.373+0600: 5571.924: [CMS-concurrent-preclean-start]
2019-01-30T13:09:34.376+0600: 5571.927: [CMS-concurrent-preclean: 0.003/0.003 secs] [Times: user=0.02 sys=0.00, real=0.00 secs] 
2019-01-30T13:09:34.376+0600: 5571.927: [GC (CMS Final Remark) [YG occupancy: 3988 K (109248 K)]{Heap before GC invocations=19988 (full 74):
 par new generation   total 109248K, used 3988K [0x00000007a0000000, 0x00000007a8000000, 0x00000007a8000000)
  eden space 87424K,   0% used [0x00000007a0000000, 0x00000007a006a328, 0x00000007a5560000)
  from space 21824K,  16% used [0x00000007a5560000, 0x00000007a58dafa8, 0x00000007a6ab0000)
  to   space 21824K,   0% used [0x00000007a6ab0000, 0x00000007a6ab0000, 0x00000007a8000000)
 concurrent mark-sweep generation total 393216K, used 243365K [0x00000007a8000000, 0x00000007c0000000, 0x00000007c0000000)
 Metaspace       used 45939K, capacity 47334K, committed 47532K, reserved 1091584K
  class space    used 5462K, capacity 5780K, committed 5804K, reserved 1048576K
2019-01-30T13:09:34.376+0600: 5571.927: [GC (CMS Final Remark) 2019-01-30T13:09:34.376+0600: 5571.927: [ParNew
Desired survivor size 20112992 bytes, new threshold 8 (max 8)
- age   1:     228968 bytes,     228968 total
- age   2:     308016 bytes,     536984 total
- age   3:     335584 bytes,     872568 total
- age   4:     312112 bytes,    1184680 total
- age   5:     291640 bytes,    1476320 total
- age   6:     319696 bytes,    1796016 total
- age   7:     340648 bytes,    2136664 total
- age   8:     280904 bytes,    2417568 total
: 3988K->3079K(109248K), 0.0080549 secs] 247354K->246727K(502464K), 0.0081369 secs] [Times: user=0.03 sys=0.00, real=0.01 secs] 
Heap after GC invocations=19989 (full 74):
 par new generation   total 109248K, used 3079K [0x00000007a0000000, 0x00000007a8000000, 0x00000007a8000000)
  eden space 87424K,   0% used [0x00000007a0000000, 0x00000007a0000000, 0x00000007a5560000)
  from space 21824K,  14% used [0x00000007a6ab0000, 0x00000007a6db1c90, 0x00000007a8000000)
  to   space 21824K,   0% used [0x00000007a5560000, 0x00000007a5560000, 0x00000007a6ab0000)
 concurrent mark-sweep generation total 393216K, used 243648K [0x00000007a8000000, 0x00000007c0000000, 0x00000007c0000000)
 Metaspace       used 45939K, capacity 47334K, committed 47532K, reserved 1091584K
  class space    used 5462K, capacity 5780K, committed 5804K, reserved 1048576K
}
2019-01-30T13:09:34.384+0600: 5571.935: [Rescan (parallel) , 0.0044386 secs]2019-01-30T13:09:34.389+0600: 5571.940: [weak refs processing, 0.0009123 secs]2019-01-30T13:09:34.390+0600: 5571.940: [class unloading, 0.0104159 secs]2019-01-30T13:09:34.400+0600: 5571.951: [scrub symbol table, 0.0083049 secs]2019-01-30T13:09:34.409+0600: 5571.959: [scrub string table, 0.0006042 secs][1 CMS-remark: 243648K(393216K)] 246727K(502464K), 0.0331951 secs] [Times: user=0.07 sys=0.00, real=0.03 secs] 
2019-01-30T13:09:34.409+0600: 5571.960: Total time for which application threads were stopped: 0.0333948 seconds, Stopping threads took: 0.0000550 seconds
2019-01-30T13:09:34.410+0600: 5571.960: [CMS-concurrent-sweep-start]
2019-01-30T13:09:34.505+0600: 5572.056: [CMS-concurrent-sweep: 0.096/0.096 secs] [Times: user=0.18 sys=0.00, real=0.09 secs] 
2019-01-30T13:09:34.505+0600: 5572.056: [CMS-concurrent-reset-start]
2019-01-30T13:09:34.506+0600: 5572.056: [CMS-concurrent-reset: 0.000/0.000 secs] [Times: user=0.00 sys=0.00, real=0.00 secs] 
2019-01-30T13:09:36.509+0600: 5574.059: [GC (CMS Initial Mark) [1 CMS-initial-mark: 243648K(393216K)] 247109K(502464K), 0.0030596 secs] [Times: user=0.01 sys=0.00, real=0.01 secs] 
2019-01-30T13:09:36.512+0600: 5574.062: Total time for which application threads were stopped: 0.0033125 seconds, Stopping threads took: 0.0000898 seconds
2019-01-30T13:09:36.512+0600: 5574.062: [CMS-concurrent-mark-start]
2019-01-30T13:09:36.777+0600: 5574.327: [CMS-concurrent-mark: 0.265/0.265 secs] [Times: user=0.89 sys=0.01, real=0.26 secs] 
2019-01-30T13:09:36.777+0600: 5574.327: [CMS-concurrent-preclean-start]
2019-01-30T13:09:36.779+0600: 5574.329: [CMS-concurrent-preclean: 0.002/0.002 secs] [Times: user=0.00 sys=0.00, real=0.00 secs] 
2019-01-30T13:09:36.779+0600: 5574.330: [GC (CMS Final Remark) [YG occupancy: 3461 K (109248 K)]{Heap before GC invocations=19989 (full 75):
 par new generation   total 109248K, used 3461K [0x00000007a0000000, 0x00000007a8000000, 0x00000007a8000000)
  eden space 87424K,   0% used [0x00000007a0000000, 0x00000007a005f960, 0x00000007a5560000)
  from space 21824K,  14% used [0x00000007a6ab0000, 0x00000007a6db1c90, 0x00000007a8000000)
  to   space 21824K,   0% used [0x00000007a5560000, 0x00000007a5560000, 0x00000007a6ab0000)
 concurrent mark-sweep generation total 393216K, used 243648K [0x00000007a8000000, 0x00000007c0000000, 0x00000007c0000000)
 Metaspace       used 45939K, capacity 47334K, committed 47532K, reserved 1091584K
  class space    used 5462K, capacity 5780K, committed 5804K, reserved 1048576K
2019-01-30T13:09:36.779+0600: 5574.330: [GC (CMS Final Remark) 2019-01-30T13:09:36.779+0600: 5574.330: [ParNew
Desired survivor size 20112992 bytes, new threshold 8 (max 8)
- age   1:     227968 bytes,     227968 total
- age   2:     228824 bytes,     456792 total
- age   3:     308016 bytes,     764808 total
- age   4:     335584 bytes,    1100392 total
- age   5:     312112 bytes,    1412504 total
- age   6:     291640 bytes,    1704144 total
- age   7:     319696 bytes,    2023840 total
- age   8:     340648 bytes,    2364488 total
: 3461K->2983K(109248K), 0.0084615 secs] 247109K->246905K(502464K), 0.0085649 secs] [Times: user=0.02 sys=0.00, real=0.01 secs] 
Heap after GC invocations=19990 (full 75):
 par new generation   total 109248K, used 2983K [0x00000007a0000000, 0x00000007a8000000, 0x00000007a8000000)
  eden space 87424K,   0% used [0x00000007a0000000, 0x00000007a0000000, 0x00000007a5560000)
  from space 21824K,  13% used [0x00000007a5560000, 0x00000007a5849c80, 0x00000007a6ab0000)
  to   space 21824K,   0% used [0x00000007a6ab0000, 0x00000007a6ab0000, 0x00000007a8000000)
 concurrent mark-sweep generation total 393216K, used 243922K [0x00000007a8000000, 0x00000007c0000000, 0x00000007c0000000)
 Metaspace       used 45939K, capacity 47334K, committed 47532K, reserved 1091584K
  class space    used 5462K, capacity 5780K, committed 5804K, reserved 1048576K
}
2019-01-30T13:09:36.788+0600: 5574.338: [Rescan (parallel) , 0.0044693 secs]2019-01-30T13:09:36.793+0600: 5574.343: [weak refs processing, 0.0012855 secs]2019-01-30T13:09:36.794+0600: 5574.344: [class unloading, 0.0105169 secs]2019-01-30T13:09:36.804+0600: 5574.355: [scrub symbol table, 0.0098530 secs]2019-01-30T13:09:36.814+0600: 5574.365: [scrub string table, 0.0006091 secs][1 CMS-remark: 243922K(393216K)] 246905K(502464K), 0.0357972 secs] [Times: user=0.06 sys=0.00, real=0.04 secs] 
2019-01-30T13:09:36.815+0600: 5574.366: Total time for which application threads were stopped: 0.0360557 seconds, Stopping threads took: 0.0000895 seconds
2019-01-30T13:09:36.815+0600: 5574.366: [CMS-concurrent-sweep-start]
2019-01-30T13:09:36.931+0600: 5574.481: [CMS-concurrent-sweep: 0.115/0.115 secs] [Times: user=0.22 sys=0.01, real=0.12 secs] 
2019-01-30T13:09:36.931+0600: 5574.481: [CMS-concurrent-reset-start]
2019-01-30T13:09:36.931+0600: 5574.482: [CMS-concurrent-reset: 0.000/0.000 secs] [Times: user=0.00 sys=0.00, real=0.00 secs] 
2019-01-30T13:09:38.824+0600: 5576.375: Total time for which application threads were stopped: 0.0001361 seconds, Stopping threads took: 0.0000608 seconds
2019-01-30T13:09:38.936+0600: 5576.486: [GC (CMS Initial Mark) [1 CMS-initial-mark: 243922K(393216K)] 247288K(502464K), 0.0019692 secs] [Times: user=0.01 sys=0.00, real=0.00 secs] 
2019-01-30T13:09:38.938+0600: 5576.488: Total time for which application threads were stopped: 0.0021582 seconds, Stopping threads took: 0.0000592 seconds
2019-01-30T13:09:38.938+0600: 5576.488: [CMS-concurrent-mark-start]
2019-01-30T13:09:39.203+0600: 5576.753: [CMS-concurrent-mark: 0.265/0.265 secs] [Times: user=0.96 sys=0.00, real=0.27 secs] 
2019-01-30T13:09:39.203+0600: 5576.753: [CMS-concurrent-preclean-start]
2019-01-30T13:09:39.205+0600: 5576.756: [CMS-concurrent-preclean: 0.002/0.002 secs] [Times: user=0.01 sys=0.00, real=0.00 secs] 
2019-01-30T13:09:39.205+0600: 5576.756: [GC (CMS Final Remark) [YG occupancy: 3366 K (109248 K)]{Heap before GC invocations=19990 (full 76):
 par new generation   total 109248K, used 3366K [0x00000007a0000000, 0x00000007a8000000, 0x00000007a8000000)
  eden space 87424K,   0% used [0x00000007a0000000, 0x00000007a005fc40, 0x00000007a5560000)
  from space 21824K,  13% used [0x00000007a5560000, 0x00000007a5849c80, 0x00000007a6ab0000)
  to   space 21824K,   0% used [0x00000007a6ab0000, 0x00000007a6ab0000, 0x00000007a8000000)
 concurrent mark-sweep generation total 393216K, used 243922K [0x00000007a8000000, 0x00000007c0000000, 0x00000007c0000000)
 Metaspace       used 45939K, capacity 47334K, committed 47532K, reserved 1091584K
  class space    used 5462K, capacity 5780K, committed 5804K, reserved 1048576K
2019-01-30T13:09:39.206+0600: 5576.756: [GC (CMS Final Remark) 2019-01-30T13:09:39.206+0600: 5576.756: [ParNew
Desired survivor size 20112992 bytes, new threshold 8 (max 8)
- age   1:     224696 bytes,     224696 total
- age   2:     227944 bytes,     452640 total
- age   3:     228824 bytes,     681464 total
- age   4:     308016 bytes,     989480 total
- age   5:     335584 bytes,    1325064 total
- age   6:     312112 bytes,    1637176 total
- age   7:     291640 bytes,    1928816 total
- age   8:     319696 bytes,    2248512 total
: 3366K->2619K(109248K), 0.0087650 secs] 247288K->246874K(502464K), 0.0088626 secs] [Times: user=0.02 sys=0.00, real=0.01 secs] 
Heap after GC invocations=19991 (full 76):
 par new generation   total 109248K, used 2619K [0x00000007a0000000, 0x00000007a8000000, 0x00000007a8000000)
  eden space 87424K,   0% used [0x00000007a0000000, 0x00000007a0000000, 0x00000007a5560000)
  from space 21824K,  12% used [0x00000007a6ab0000, 0x00000007a6d3edf8, 0x00000007a8000000)
  to   space 21824K,   0% used [0x00000007a5560000, 0x00000007a5560000, 0x00000007a6ab0000)
 concurrent mark-sweep generation total 393216K, used 244255K [0x00000007a8000000, 0x00000007c0000000, 0x00000007c0000000)
 Metaspace       used 45939K, capacity 47334K, committed 47532K, reserved 1091584K
  class space    used 5462K, capacity 5780K, committed 5804K, reserved 1048576K
}
2019-01-30T13:09:39.214+0600: 5576.765: [Rescan (parallel) , 0.0042999 secs]2019-01-30T13:09:39.219+0600: 5576.769: [weak refs processing, 0.0008736 secs]2019-01-30T13:09:39.220+0600: 5576.770: [class unloading, 0.0096100 secs]2019-01-30T13:09:39.229+0600: 5576.780: [scrub symbol table, 0.0076094 secs]2019-01-30T13:09:39.237+0600: 5576.787: [scrub string table, 0.0005580 secs][1 CMS-remark: 244255K(393216K)] 246874K(502464K), 0.0322531 secs] [Times: user=0.06 sys=0.00, real=0.03 secs] 
2019-01-30T13:09:39.238+0600: 5576.788: Total time for which application threads were stopped: 0.0324659 seconds, Stopping threads took: 0.0000729 seconds
2019-01-30T13:09:39.238+0600: 5576.788: [CMS-concurrent-sweep-start]
2019-01-30T13:09:39.332+0600: 5576.883: [CMS-concurrent-sweep: 0.095/0.095 secs] [Times: user=0.19 sys=0.00, real=0.10 secs] 
2019-01-30T13:09:39.333+0600: 5576.883: [CMS-concurrent-reset-start]
2019-01-30T13:09:39.333+0600: 5576.883: [CMS-concurrent-reset: 0.000/0.000 secs] [Times: user=0.00 sys=0.00, real=0.00 secs] 
2019-01-30T13:09:41.337+0600: 5578.888: [GC (CMS Initial Mark) [1 CMS-initial-mark: 244255K(393216K)] 247384K(502464K), 0.0020682 secs] [Times: user=0.01 sys=0.00, real=0.00 secs] 
2019-01-30T13:09:41.340+0600: 5578.890: Total time for which application threads were stopped: 0.0023178 seconds, Stopping threads took: 0.0000729 seconds
2019-01-30T13:09:41.340+0600: 5578.890: [CMS-concurrent-mark-start]
2019-01-30T13:09:41.587+0600: 5579.138: [CMS-concurrent-mark: 0.248/0.248 secs] [Times: user=0.92 sys=0.00, real=0.24 secs] 
2019-01-30T13:09:41.587+0600: 5579.138: [CMS-concurrent-preclean-start]
2019-01-30T13:09:41.590+0600: 5579.140: [CMS-concurrent-preclean: 0.002/0.002 secs] [Times: user=0.00 sys=0.00, real=0.01 secs] 
2019-01-30T13:09:41.590+0600: 5579.140: [GC (CMS Final Remark) [YG occupancy: 3171 K (109248 K)]{Heap before GC invocations=19991 (full 77):
 par new generation   total 109248K, used 3171K [0x00000007a0000000, 0x00000007a8000000, 0x00000007a8000000)
  eden space 87424K,   0% used [0x00000007a0000000, 0x00000007a008a170, 0x00000007a5560000)
  from space 21824K,  12% used [0x00000007a6ab0000, 0x00000007a6d3edf8, 0x00000007a8000000)
  to   space 21824K,   0% used [0x00000007a5560000, 0x00000007a5560000, 0x00000007a6ab0000)
 concurrent mark-sweep generation total 393216K, used 244255K [0x00000007a8000000, 0x00000007c0000000, 0x00000007c0000000)
 Metaspace       used 45939K, capacity 47334K, committed 47532K, reserved 1091584K
  class space    used 5462K, capacity 5780K, committed 5804K, reserved 1048576K
2019-01-30T13:09:41.590+0600: 5579.140: [GC (CMS Final Remark) 2019-01-30T13:09:41.590+0600: 5579.140: [ParNew
Desired survivor size 20112992 bytes, new threshold 8 (max 8)
- age   1:     334720 bytes,     334720 total
- age   2:     224552 bytes,     559272 total
- age   3:     227944 bytes,     787216 total
- age   4:     228824 bytes,    1016040 total
- age   5:     308016 bytes,    1324056 total
- age   6:     335584 bytes,    1659640 total
- age   7:     312112 bytes,    1971752 total
- age   8:     291640 bytes,    2263392 total
: 3171K->3391K(109248K), 0.0073055 secs] 247427K->247959K(502464K), 0.0073942 secs] [Times: user=0.03 sys=0.00, real=0.00 secs] 
Heap after GC invocations=19992 (full 77):
 par new generation   total 109248K, used 3391K [0x00000007a0000000, 0x00000007a8000000, 0x00000007a8000000)
  eden space 87424K,   0% used [0x00000007a0000000, 0x00000007a0000000, 0x00000007a5560000)
  from space 21824K,  15% used [0x00000007a5560000, 0x00000007a58afd90, 0x00000007a6ab0000)
  to   space 21824K,   0% used [0x00000007a6ab0000, 0x00000007a6ab0000, 0x00000007a8000000)
 concurrent mark-sweep generation total 393216K, used 244567K [0x00000007a8000000, 0x00000007c0000000, 0x00000007c0000000)
 Metaspace       used 45939K, capacity 47334K, committed 47532K, reserved 1091584K
  class space    used 5462K, capacity 5780K, committed 5804K, reserved 1048576K
}
2019-01-30T13:09:41.598+0600: 5579.148: [Rescan (parallel) , 0.0042942 secs]2019-01-30T13:09:41.602+0600: 5579.152: [weak refs processing, 0.0008328 secs]2019-01-30T13:09:41.603+0600: 5579.153: [class unloading, 0.0095665 secs]2019-01-30T13:09:41.612+0600: 5579.163: [scrub symbol table, 0.0075132 secs]2019-01-30T13:09:41.620+0600: 5579.170: [scrub string table, 0.0005689 secs][1 CMS-remark: 244567K(393216K)] 247959K(502464K), 0.0305648 secs] [Times: user=0.06 sys=0.00, real=0.03 secs] 
2019-01-30T13:09:41.621+0600: 5579.171: Total time for which application threads were stopped: 0.0307980 seconds, Stopping threads took: 0.0000668 seconds
2019-01-30T13:09:41.621+0600: 5579.171: [CMS-concurrent-sweep-start]
2019-01-30T13:09:41.716+0600: 5579.266: [CMS-concurrent-sweep: 0.095/0.095 secs] [Times: user=0.19 sys=0.00, real=0.09 secs] 
2019-01-30T13:09:41.716+0600: 5579.266: [CMS-concurrent-reset-start]
2019-01-30T13:09:41.717+0600: 5579.267: [CMS-concurrent-reset: 0.001/0.001 secs] [Times: user=0.00 sys=0.00, real=0.00 secs] 
2019-01-30T13:09:43.721+0600: 5581.271: [GC (CMS Initial Mark) [1 CMS-initial-mark: 244567K(393216K)] 248427K(502464K), 0.0019266 secs] [Times: user=0.00 sys=0.00, real=0.00 secs] 
2019-01-30T13:09:43.723+0600: 5581.273: Total time for which application threads were stopped: 0.0021401 seconds, Stopping threads took: 0.0000672 seconds
2019-01-30T13:09:43.723+0600: 5581.273: [CMS-concurrent-mark-start]
2019-01-30T13:09:43.966+0600: 5581.517: [CMS-concurrent-mark: 0.243/0.243 secs] [Times: user=0.93 sys=0.01, real=0.24 secs] 
2019-01-30T13:09:43.966+0600: 5581.517: [CMS-concurrent-preclean-start]
2019-01-30T13:09:43.969+0600: 5581.519: [CMS-concurrent-preclean: 0.002/0.002 secs] [Times: user=0.00 sys=0.00, real=0.00 secs] 
2019-01-30T13:09:43.969+0600: 5581.519: [GC (CMS Final Remark) [YG occupancy: 3860 K (109248 K)]{Heap before GC invocations=19992 (full 78):
 par new generation   total 109248K, used 3860K [0x00000007a0000000, 0x00000007a8000000, 0x00000007a8000000)
  eden space 87424K,   0% used [0x00000007a0000000, 0x00000007a00753f0, 0x00000007a5560000)
  from space 21824K,  15% used [0x00000007a5560000, 0x00000007a58afd90, 0x00000007a6ab0000)
  to   space 21824K,   0% used [0x00000007a6ab0000, 0x00000007a6ab0000, 0x00000007a8000000)
 concurrent mark-sweep generation total 393216K, used 244567K [0x00000007a8000000, 0x00000007c0000000, 0x00000007c0000000)
 Metaspace       used 45939K, capacity 47334K, committed 47532K, reserved 1091584K
  class space    used 5462K, capacity 5780K, committed 5804K, reserved 1048576K
2019-01-30T13:09:43.969+0600: 5581.519: [GC (CMS Final Remark) 2019-01-30T13:09:43.969+0600: 5581.519: [ParNew
Desired survivor size 20112992 bytes, new threshold 8 (max 8)
- age   1:     264520 bytes,     264520 total
- age   2:     334576 bytes,     599096 total
- age   3:     224552 bytes,     823648 total
- age   4:     227944 bytes,    1051592 total
- age   5:     228824 bytes,    1280416 total
- age   6:     308016 bytes,    1588432 total
- age   7:     335584 bytes,    1924016 total
- age   8:     312112 bytes,    2236128 total
: 3860K->2851K(109248K), 0.0074415 secs] 248427K->247704K(502464K), 0.0075263 secs] [Times: user=0.03 sys=0.00, real=0.01 secs] 
Heap after GC invocations=19993 (full 78):
 par new generation   total 109248K, used 2851K [0x00000007a0000000, 0x00000007a8000000, 0x00000007a8000000)
  eden space 87424K,   0% used [0x00000007a0000000, 0x00000007a0000000, 0x00000007a5560000)
  from space 21824K,  13% used [0x00000007a6ab0000, 0x00000007a6d78fb0, 0x00000007a8000000)
  to   space 21824K,   0% used [0x00000007a5560000, 0x00000007a5560000, 0x00000007a6ab0000)
 concurrent mark-sweep generation total 393216K, used 244852K [0x00000007a8000000, 0x00000007c0000000, 0x00000007c0000000)
 Metaspace       used 45939K, capacity 47334K, committed 47532K, reserved 1091584K
  class space    used 5462K, capacity 5780K, committed 5804K, reserved 1048576K
}
2019-01-30T13:09:43.977+0600: 5581.527: [Rescan (parallel) , 0.0046531 secs]2019-01-30T13:09:43.981+0600: 5581.532: [weak refs processing, 0.0008766 secs]2019-01-30T13:09:43.982+0600: 5581.533: [class unloading, 0.0096535 secs]2019-01-30T13:09:43.992+0600: 5581.542: [scrub symbol table, 0.0080322 secs]2019-01-30T13:09:44.000+0600: 5581.550: [scrub string table, 0.0005601 secs][1 CMS-remark: 244852K(393216K)] 247704K(502464K), 0.0317607 secs] [Times: user=0.06 sys=0.00, real=0.04 secs] 
2019-01-30T13:09:44.001+0600: 5581.551: Total time for which application threads were stopped: 0.0320848 seconds, Stopping threads took: 0.0000656 seconds
2019-01-30T13:09:44.001+0600: 5581.551: [CMS-concurrent-sweep-start]
2019-01-30T13:09:44.097+0600: 5581.648: [CMS-concurrent-sweep: 0.096/0.096 secs] [Times: user=0.19 sys=0.00, real=0.09 secs] 
2019-01-30T13:09:44.097+0600: 5581.648: [CMS-concurrent-reset-start]
2019-01-30T13:09:44.098+0600: 5581.648: [CMS-concurrent-reset: 0.000/0.000 secs] [Times: user=0.00 sys=0.00, real=0.00 secs] 
2019-01-30T13:09:46.102+0600: 5583.652: [GC (CMS Initial Mark) [1 CMS-initial-mark: 244852K(393216K)] 249480K(502464K), 0.0030594 secs] [Times: user=0.01 sys=0.00, real=0.00 secs] 
2019-01-30T13:09:46.105+0600: 5583.655: Total time for which application threads were stopped: 0.0033177 seconds, Stopping threads took: 0.0000881 seconds
2019-01-30T13:09:46.105+0600: 5583.656: [CMS-concurrent-mark-start]
2019-01-30T13:09:46.345+0600: 5583.895: [CMS-concurrent-mark: 0.239/0.239 secs] [Times: user=0.93 sys=0.00, real=0.24 secs] 
2019-01-30T13:09:46.345+0600: 5583.895: [CMS-concurrent-preclean-start]
2019-01-30T13:09:46.347+0600: 5583.898: [CMS-concurrent-preclean: 0.002/0.002 secs] [Times: user=0.00 sys=0.00, real=0.00 secs] 
2019-01-30T13:09:46.348+0600: 5583.898: [GC (CMS Final Remark) [YG occupancy: 4631 K (109248 K)]{Heap before GC invocations=19993 (full 79):
 par new generation   total 109248K, used 4631K [0x00000007a0000000, 0x00000007a8000000, 0x00000007a8000000)
  eden space 87424K,   2% used [0x00000007a0000000, 0x00000007a01bd040, 0x00000007a5560000)
  from space 21824K,  13% used [0x00000007a6ab0000, 0x00000007a6d78fb0, 0x00000007a8000000)
  to   space 21824K,   0% used [0x00000007a5560000, 0x00000007a5560000, 0x00000007a6ab0000)
 concurrent mark-sweep generation total 393216K, used 244852K [0x00000007a8000000, 0x00000007c0000000, 0x00000007c0000000)
 Metaspace       used 45939K, capacity 47334K, committed 47532K, reserved 1091584K
  class space    used 5462K, capacity 5780K, committed 5804K, reserved 1048576K
2019-01-30T13:09:46.348+0600: 5583.898: [GC (CMS Final Remark) 2019-01-30T13:09:46.348+0600: 5583.898: [ParNew
Desired survivor size 20112992 bytes, new threshold 8 (max 8)
- age   1:     369608 bytes,     369608 total
- age   2:     264496 bytes,     634104 total
- age   3:     334576 bytes,     968680 total
- age   4:     224552 bytes,    1193232 total
- age   5:     227944 bytes,    1421176 total
- age   6:     228824 bytes,    1650000 total
- age   7:     308016 bytes,    1958016 total
- age   8:     335584 bytes,    2293600 total
: 4631K->2964K(109248K), 0.0077400 secs] 249484K->248122K(502464K), 0.0078211 secs] [Times: user=0.03 sys=0.00, real=0.01 secs] 
Heap after GC invocations=19994 (full 79):
 par new generation   total 109248K, used 2964K [0x00000007a0000000, 0x00000007a8000000, 0x00000007a8000000)
  eden space 87424K,   0% used [0x00000007a0000000, 0x00000007a0000000, 0x00000007a5560000)
  from space 21824K,  13% used [0x00000007a5560000, 0x00000007a58453b8, 0x00000007a6ab0000)
  to   space 21824K,   0% used [0x00000007a6ab0000, 0x00000007a6ab0000, 0x00000007a8000000)
 concurrent mark-sweep generation total 393216K, used 245157K [0x00000007a8000000, 0x00000007c0000000, 0x00000007c0000000)
 Metaspace       used 45939K, capacity 47334K, committed 47532K, reserved 1091584K
  class space    used 5462K, capacity 5780K, committed 5804K, reserved 1048576K
}
2019-01-30T13:09:46.355+0600: 5583.906: [Rescan (parallel) , 0.0042673 secs]2019-01-30T13:09:46.360+0600: 5583.910: [weak refs processing, 0.0009753 secs]2019-01-30T13:09:46.361+0600: 5583.911: [class unloading, 0.0095085 secs]2019-01-30T13:09:46.370+0600: 5583.921: [scrub symbol table, 0.0076514 secs]2019-01-30T13:09:46.378+0600: 5583.928: [scrub string table, 0.0005713 secs][1 CMS-remark: 245157K(393216K)] 248122K(502464K), 0.0311915 secs] [Times: user=0.07 sys=0.00, real=0.03 secs] 
2019-01-30T13:09:46.379+0600: 5583.929: Total time for which application threads were stopped: 0.0313740 seconds, Stopping threads took: 0.0000486 seconds
2019-01-30T13:09:46.379+0600: 5583.929: [CMS-concurrent-sweep-start]
2019-01-30T13:09:46.478+0600: 5584.028: [CMS-concurrent-sweep: 0.099/0.099 secs] [Times: user=0.19 sys=0.00, real=0.10 secs] 
2019-01-30T13:09:46.478+0600: 5584.028: [CMS-concurrent-reset-start]
2019-01-30T13:09:46.479+0600: 5584.029: [CMS-concurrent-reset: 0.001/0.001 secs] [Times: user=0.00 sys=0.00, real=0.00 secs] 
2019-01-30T13:09:47.382+0600: 5584.932: Total time for which application threads were stopped: 0.0002428 seconds, Stopping threads took: 0.0000977 seconds
2019-01-30T13:09:48.478+0600: 5586.028: [GC (CMS Initial Mark) [1 CMS-initial-mark: 245106K(393216K)] 248851K(502464K), 0.0021798 secs] [Times: user=0.01 sys=0.00, real=0.01 secs] 
2019-01-30T13:09:48.481+0600: 5586.031: Total time for which application threads were stopped: 0.0024083 seconds, Stopping threads took: 0.0000890 seconds
2019-01-30T13:09:48.481+0600: 5586.031: [CMS-concurrent-mark-start]
2019-01-30T13:09:48.736+0600: 5586.286: [CMS-concurrent-mark: 0.255/0.255 secs] [Times: user=1.01 sys=0.01, real=0.25 secs] 
2019-01-30T13:09:48.736+0600: 5586.286: [CMS-concurrent-preclean-start]
2019-01-30T13:09:48.738+0600: 5586.289: [CMS-concurrent-preclean: 0.002/0.002 secs] [Times: user=0.00 sys=0.00, real=0.00 secs] 
2019-01-30T13:09:48.739+0600: 5586.289: [GC (CMS Final Remark) [YG occupancy: 3787 K (109248 K)]{Heap before GC invocations=19994 (full 80):
 par new generation   total 109248K, used 3787K [0x00000007a0000000, 0x00000007a8000000, 0x00000007a8000000)
  eden space 87424K,   0% used [0x00000007a0000000, 0x00000007a00cd998, 0x00000007a5560000)
  from space 21824K,  13% used [0x00000007a5560000, 0x00000007a58453b8, 0x00000007a6ab0000)
  to   space 21824K,   0% used [0x00000007a6ab0000, 0x00000007a6ab0000, 0x00000007a8000000)
 concurrent mark-sweep generation total 393216K, used 245106K [0x00000007a8000000, 0x00000007c0000000, 0x00000007c0000000)
 Metaspace       used 45948K, capacity 47346K, committed 47532K, reserved 1091584K
  class space    used 5463K, capacity 5782K, committed 5804K, reserved 1048576K
2019-01-30T13:09:48.739+0600: 5586.289: [GC (CMS Final Remark) 2019-01-30T13:09:48.739+0600: 5586.289: [ParNew
Desired survivor size 20112992 bytes, new threshold 8 (max 8)
- age   1:     307104 bytes,     307104 total
- age   2:     369464 bytes,     676568 total
- age   3:     264496 bytes,     941064 total
- age   4:     334576 bytes,    1275640 total
- age   5:     224552 bytes,    1500192 total
- age   6:     227944 bytes,    1728136 total
- age   7:     228824 bytes,    1956960 total
- age   8:     308016 bytes,    2264976 total
: 3787K->3051K(109248K), 0.0092135 secs] 248893K->248485K(502464K), 0.0092967 secs] [Times: user=0.03 sys=0.00, real=0.01 secs] 
Heap after GC invocations=19995 (full 80):
 par new generation   total 109248K, used 3051K [0x00000007a0000000, 0x00000007a8000000, 0x00000007a8000000)
  eden space 87424K,   0% used [0x00000007a0000000, 0x00000007a0000000, 0x00000007a5560000)
  from space 21824K,  13% used [0x00000007a6ab0000, 0x00000007a6daac28, 0x00000007a8000000)
  to   space 21824K,   0% used [0x00000007a5560000, 0x00000007a5560000, 0x00000007a6ab0000)
 concurrent mark-sweep generation total 393216K, used 245434K [0x00000007a8000000, 0x00000007c0000000, 0x00000007c0000000)
 Metaspace       used 45948K, capacity 47346K, committed 47532K, reserved 1091584K
  class space    used 5463K, capacity 5782K, committed 5804K, reserved 1048576K
}
2019-01-30T13:09:48.748+0600: 5586.298: [Rescan (parallel) , 0.0045182 secs]2019-01-30T13:09:48.753+0600: 5586.303: [weak refs processing, 0.0010253 secs]2019-01-30T13:09:48.754+0600: 5586.304: [class unloading, 0.0106452 secs]2019-01-30T13:09:48.764+0600: 5586.315: [scrub symbol table, 0.0096506 secs]2019-01-30T13:09:48.774+0600: 5586.324: [scrub string table, 0.0008208 secs][1 CMS-remark: 245434K(393216K)] 248485K(502464K), 0.0364564 secs] [Times: user=0.07 sys=0.00, real=0.04 secs] 
2019-01-30T13:09:48.775+0600: 5586.325: Total time for which application threads were stopped: 0.0366899 seconds, Stopping threads took: 0.0000617 seconds
2019-01-30T13:09:48.775+0600: 5586.326: [CMS-concurrent-sweep-start]
2019-01-30T13:09:48.943+0600: 5586.493: [CMS-concurrent-sweep: 0.168/0.168 secs] [Times: user=0.30 sys=0.00, real=0.17 secs] 
2019-01-30T13:09:48.943+0600: 5586.493: [CMS-concurrent-reset-start]
2019-01-30T13:09:48.944+0600: 5586.494: [CMS-concurrent-reset: 0.001/0.001 secs] [Times: user=0.00 sys=0.00, real=0.00 secs] 
2019-01-30T13:09:50.948+0600: 5588.498: [GC (CMS Initial Mark) [1 CMS-initial-mark: 245433K(393216K)] 250804K(502464K), 0.0019071 secs] [Times: user=0.01 sys=0.00, real=0.01 secs] 
2019-01-30T13:09:50.950+0600: 5588.500: Total time for which application threads were stopped: 0.0021150 seconds, Stopping threads took: 0.0000707 seconds
2019-01-30T13:09:50.950+0600: 5588.500: [CMS-concurrent-mark-start]
2019-01-30T13:09:51.207+0600: 5588.757: [CMS-concurrent-mark: 0.257/0.257 secs] [Times: user=1.00 sys=0.00, real=0.25 secs] 
2019-01-30T13:09:51.208+0600: 5588.758: [CMS-concurrent-preclean-start]
2019-01-30T13:09:51.211+0600: 5588.761: [CMS-concurrent-preclean: 0.003/0.003 secs] [Times: user=0.00 sys=0.00, real=0.01 secs] 
2019-01-30T13:09:51.211+0600: 5588.761: [CMS-concurrent-abortable-preclean-start]
2019-01-30T13:09:52.548+0600: 5590.098: Total time for which application threads were stopped: 0.0001663 seconds, Stopping threads took: 0.0000614 seconds
 CMS: abort preclean due to time 2019-01-30T13:09:57.308+0600: 5594.858: [CMS-concurrent-abortable-preclean: 1.069/6.098 secs] [Times: user=7.24 sys=0.06, real=6.09 secs] 
2019-01-30T13:09:57.310+0600: 5594.860: [GC (CMS Final Remark) [YG occupancy: 11178 K (109248 K)]{Heap before GC invocations=19995 (full 81):
 par new generation   total 109248K, used 11178K [0x00000007a0000000, 0x00000007a8000000, 0x00000007a8000000)
  eden space 87424K,   9% used [0x00000007a0000000, 0x00000007a07efc10, 0x00000007a5560000)
  from space 21824K,  13% used [0x00000007a6ab0000, 0x00000007a6daac28, 0x00000007a8000000)
  to   space 21824K,   0% used [0x00000007a5560000, 0x00000007a5560000, 0x00000007a6ab0000)
 concurrent mark-sweep generation total 393216K, used 245433K [0x00000007a8000000, 0x00000007c0000000, 0x00000007c0000000)
 Metaspace       used 45948K, capacity 47346K, committed 47532K, reserved 1091584K
  class space    used 5463K, capacity 5782K, committed 5804K, reserved 1048576K
2019-01-30T13:09:57.310+0600: 5594.860: [GC (CMS Final Remark) 2019-01-30T13:09:57.310+0600: 5594.860: [ParNew
Desired survivor size 20112992 bytes, new threshold 8 (max 8)
- age   1:    1453968 bytes,    1453968 total
- age   2:     306960 bytes,    1760928 total
- age   3:     369128 bytes,    2130056 total
- age   4:     264496 bytes,    2394552 total
- age   5:     334576 bytes,    2729128 total
- age   6:     224552 bytes,    2953680 total
- age   7:     227944 bytes,    3181624 total
- age   8:     228824 bytes,    3410448 total
: 11178K->3873K(109248K), 0.0110261 secs] 256611K->249608K(502464K), 0.0111106 secs] [Times: user=0.04 sys=0.00, real=0.01 secs] 
Heap after GC invocations=19996 (full 81):
 par new generation   total 109248K, used 3873K [0x00000007a0000000, 0x00000007a8000000, 0x00000007a8000000)
  eden space 87424K,   0% used [0x00000007a0000000, 0x00000007a0000000, 0x00000007a5560000)
  from space 21824K,  17% used [0x00000007a5560000, 0x00000007a59287d0, 0x00000007a6ab0000)
  to   space 21824K,   0% used [0x00000007a6ab0000, 0x00000007a6ab0000, 0x00000007a8000000)
 concurrent mark-sweep generation total 393216K, used 245734K [0x00000007a8000000, 0x00000007c0000000, 0x00000007c0000000)
 Metaspace       used 45948K, capacity 47346K, committed 47532K, reserved 1091584K
  class space    used 5463K, capacity 5782K, committed 5804K, reserved 1048576K
}
2019-01-30T13:09:57.321+0600: 5594.871: [Rescan (parallel) , 0.0054894 secs]2019-01-30T13:09:57.327+0600: 5594.876: [weak refs processing, 0.0012347 secs]2019-01-30T13:09:57.328+0600: 5594.878: [class unloading, 0.0116792 secs]2019-01-30T13:09:57.340+0600: 5594.889: [scrub symbol table, 0.0078985 secs]2019-01-30T13:09:57.348+0600: 5594.897: [scrub string table, 0.0005696 secs][1 CMS-remark: 245734K(393216K)] 249608K(502464K), 0.0384193 secs] [Times: user=0.08 sys=0.00, real=0.03 secs] 
2019-01-30T13:09:57.348+0600: 5594.898: Total time for which application threads were stopped: 0.0386616 seconds, Stopping threads took: 0.0000813 seconds
2019-01-30T13:09:57.348+0600: 5594.898: [CMS-concurrent-sweep-start]
2019-01-30T13:09:57.448+0600: 5594.998: [CMS-concurrent-sweep: 0.100/0.100 secs] [Times: user=0.19 sys=0.00, real=0.10 secs] 
2019-01-30T13:09:57.448+0600: 5594.998: [CMS-concurrent-reset-start]
2019-01-30T13:09:57.449+0600: 5594.999: [CMS-concurrent-reset: 0.001/0.001 secs] [Times: user=0.01 sys=0.00, real=0.00 secs] 
2019-01-30T13:09:59.449+0600: 5596.999: [GC (CMS Initial Mark) [1 CMS-initial-mark: 245733K(393216K)] 250874K(502464K), 0.0038554 secs] [Times: user=0.00 sys=0.00, real=0.01 secs] 
2019-01-30T13:09:59.453+0600: 5597.003: Total time for which application threads were stopped: 0.0040873 seconds, Stopping threads took: 0.0000817 seconds
2019-01-30T13:09:59.453+0600: 5597.003: [CMS-concurrent-mark-start]
2019-01-30T13:09:59.701+0600: 5597.251: [CMS-concurrent-mark: 0.248/0.248 secs] [Times: user=0.95 sys=0.00, real=0.25 secs] 
2019-01-30T13:09:59.701+0600: 5597.251: [CMS-concurrent-preclean-start]
2019-01-30T13:09:59.704+0600: 5597.253: [CMS-concurrent-preclean: 0.003/0.003 secs] [Times: user=0.01 sys=0.00, real=0.00 secs] 
2019-01-30T13:09:59.704+0600: 5597.254: [GC (CMS Final Remark) [YG occupancy: 5183 K (109248 K)]{Heap before GC invocations=19996 (full 82):
 par new generation   total 109248K, used 5183K [0x00000007a0000000, 0x00000007a8000000, 0x00000007a8000000)
  eden space 87424K,   1% used [0x00000007a0000000, 0x00000007a0147560, 0x00000007a5560000)
  from space 21824K,  17% used [0x00000007a5560000, 0x00000007a59287d0, 0x00000007a6ab0000)
  to   space 21824K,   0% used [0x00000007a6ab0000, 0x00000007a6ab0000, 0x00000007a8000000)
 concurrent mark-sweep generation total 393216K, used 245733K [0x00000007a8000000, 0x00000007c0000000, 0x00000007c0000000)
 Metaspace       used 45948K, capacity 47346K, committed 47532K, reserved 1091584K
  class space    used 5463K, capacity 5782K, committed 5804K, reserved 1048576K
2019-01-30T13:09:59.704+0600: 5597.254: [GC (CMS Final Remark) 2019-01-30T13:09:59.704+0600: 5597.254: [ParNew
Desired survivor size 20112992 bytes, new threshold 8 (max 8)
- age   1:     438128 bytes,     438128 total
- age   2:    1427288 bytes,    1865416 total
- age   3:     306960 bytes,    2172376 total
- age   4:     368728 bytes,    2541104 total
- age   5:     264496 bytes,    2805600 total
- age   6:     334576 bytes,    3140176 total
- age   7:     224552 bytes,    3364728 total
- age   8:     227944 bytes,    3592672 total
: 5183K->4161K(109248K), 0.0098012 secs] 250916K->250118K(502464K), 0.0098791 secs] [Times: user=0.03 sys=0.00, real=0.01 secs] 
Heap after GC invocations=19997 (full 82):
 par new generation   total 109248K, used 4161K [0x00000007a0000000, 0x00000007a8000000, 0x00000007a8000000)
  eden space 87424K,   0% used [0x00000007a0000000, 0x00000007a0000000, 0x00000007a5560000)
  from space 21824K,  19% used [0x00000007a6ab0000, 0x00000007a6ec07c0, 0x00000007a8000000)
  to   space 21824K,   0% used [0x00000007a5560000, 0x00000007a5560000, 0x00000007a6ab0000)
 concurrent mark-sweep generation total 393216K, used 245957K [0x00000007a8000000, 0x00000007c0000000, 0x00000007c0000000)
 Metaspace       used 45948K, capacity 47346K, committed 47532K, reserved 1091584K
  class space    used 5463K, capacity 5782K, committed 5804K, reserved 1048576K
}
2019-01-30T13:09:59.714+0600: 5597.264: [Rescan (parallel) , 0.0051157 secs]2019-01-30T13:09:59.719+0600: 5597.269: [weak refs processing, 0.0012255 secs]2019-01-30T13:09:59.720+0600: 5597.270: [class unloading, 0.0099046 secs]2019-01-30T13:09:59.730+0600: 5597.280: [scrub symbol table, 0.0082315 secs]2019-01-30T13:09:59.739+0600: 5597.288: [scrub string table, 0.0005999 secs][1 CMS-remark: 245957K(393216K)] 250118K(502464K), 0.0354523 secs] [Times: user=0.07 sys=0.01, real=0.03 secs] 
2019-01-30T13:09:59.739+0600: 5597.289: Total time for which application threads were stopped: 0.0356216 seconds, Stopping threads took: 0.0000444 seconds
2019-01-30T13:09:59.739+0600: 5597.289: [CMS-concurrent-sweep-start]
2019-01-30T13:09:59.835+0600: 5597.385: [CMS-concurrent-sweep: 0.096/0.096 secs] [Times: user=0.19 sys=0.00, real=0.10 secs] 
2019-01-30T13:09:59.835+0600: 5597.385: [CMS-concurrent-reset-start]
2019-01-30T13:09:59.836+0600: 5597.385: [CMS-concurrent-reset: 0.000/0.000 secs] [Times: user=0.00 sys=0.00, real=0.00 secs] 
2019-01-30T13:10:01.840+0600: 5599.390: [GC (CMS Initial Mark) [1 CMS-initial-mark: 245642K(393216K)] 250526K(502464K), 0.0026513 secs] [Times: user=0.01 sys=0.00, real=0.00 secs] 
2019-01-30T13:10:01.843+0600: 5599.392: Total time for which application threads were stopped: 0.0028709 seconds, Stopping threads took: 0.0000711 seconds
2019-01-30T13:10:01.843+0600: 5599.392: [CMS-concurrent-mark-start]
2019-01-30T13:10:02.107+0600: 5599.656: [CMS-concurrent-mark: 0.264/0.264 secs] [Times: user=1.02 sys=0.00, real=0.26 secs] 
2019-01-30T13:10:02.107+0600: 5599.656: [CMS-concurrent-preclean-start]
2019-01-30T13:10:02.109+0600: 5599.659: [CMS-concurrent-preclean: 0.002/0.002 secs] [Times: user=0.00 sys=0.00, real=0.00 secs] 
2019-01-30T13:10:02.109+0600: 5599.659: [GC (CMS Final Remark) [YG occupancy: 4927 K (109248 K)]{Heap before GC invocations=19997 (full 83):
 par new generation   total 109248K, used 4927K [0x00000007a0000000, 0x00000007a8000000, 0x00000007a8000000)
  eden space 87424K,   0% used [0x00000007a0000000, 0x00000007a00bf560, 0x00000007a5560000)
  from space 21824K,  19% used [0x00000007a6ab0000, 0x00000007a6ec07c0, 0x00000007a8000000)
  to   space 21824K,   0% used [0x00000007a5560000, 0x00000007a5560000, 0x00000007a6ab0000)
 concurrent mark-sweep generation total 393216K, used 245642K [0x00000007a8000000, 0x00000007c0000000, 0x00000007c0000000)
 Metaspace       used 45948K, capacity 47346K, committed 47532K, reserved 1091584K
  class space    used 5463K, capacity 5782K, committed 5804K, reserved 1048576K
2019-01-30T13:10:02.109+0600: 5599.659: [GC (CMS Final Remark) 2019-01-30T13:10:02.109+0600: 5599.659: [ParNew
Desired survivor size 20112992 bytes, new threshold 8 (max 8)
- age   1:     449824 bytes,     449824 total
- age   2:     438104 bytes,     887928 total
- age   3:    1427008 bytes,    2314936 total
- age   4:     306960 bytes,    2621896 total
- age   5:     368728 bytes,    2990624 total
- age   6:     264496 bytes,    3255120 total
- age   7:     334576 bytes,    3589696 total
- age   8:     224552 bytes,    3814248 total
: 4927K->4987K(109248K), 0.0092799 secs] 250569K->250852K(502464K), 0.0093633 secs] [Times: user=0.03 sys=0.00, real=0.01 secs] 
Heap after GC invocations=19998 (full 83):
 par new generation   total 109248K, used 4987K [0x00000007a0000000, 0x00000007a8000000, 0x00000007a8000000)
  eden space 87424K,   0% used [0x00000007a0000000, 0x00000007a0000000, 0x00000007a5560000)
  from space 21824K,  22% used [0x00000007a5560000, 0x00000007a5a3ee30, 0x00000007a6ab0000)
  to   space 21824K,   0% used [0x00000007a6ab0000, 0x00000007a6ab0000, 0x00000007a8000000)
 concurrent mark-sweep generation total 393216K, used 245864K [0x00000007a8000000, 0x00000007c0000000, 0x00000007c0000000)
 Metaspace       used 45948K, capacity 47346K, committed 47532K, reserved 1091584K
  class space    used 5463K, capacity 5782K, committed 5804K, reserved 1048576K
}
2019-01-30T13:10:02.119+0600: 5599.668: [Rescan (parallel) , 0.0052177 secs]2019-01-30T13:10:02.124+0600: 5599.674: [weak refs processing, 0.0008376 secs]2019-01-30T13:10:02.125+0600: 5599.675: [class unloading, 0.0096067 secs]2019-01-30T13:10:02.135+0600: 5599.684: [scrub symbol table, 0.0076343 secs]2019-01-30T13:10:02.142+0600: 5599.692: [scrub string table, 0.0005581 secs][1 CMS-remark: 245864K(393216K)] 250852K(502464K), 0.0336640 secs] [Times: user=0.07 sys=0.00, real=0.04 secs] 
2019-01-30T13:10:02.143+0600: 5599.693: Total time for which application threads were stopped: 0.0338775 seconds, Stopping threads took: 0.0000911 seconds
2019-01-30T13:10:02.143+0600: 5599.693: [CMS-concurrent-sweep-start]
2019-01-30T13:10:02.236+0600: 5599.786: [CMS-concurrent-sweep: 0.093/0.093 secs] [Times: user=0.19 sys=0.00, real=0.09 secs] 
2019-01-30T13:10:02.236+0600: 5599.786: [CMS-concurrent-reset-start]
2019-01-30T13:10:02.236+0600: 5599.786: [CMS-concurrent-reset: 0.000/0.000 secs] [Times: user=0.00 sys=0.00, real=0.00 secs] 
2019-01-30T13:10:04.240+0600: 5601.790: [GC (CMS Initial Mark) [1 CMS-initial-mark: 245864K(393216K)] 251447K(502464K), 0.0028919 secs] [Times: user=0.01 sys=0.00, real=0.00 secs] 
2019-01-30T13:10:04.243+0600: 5601.793: Total time for which application threads were stopped: 0.0031315 seconds, Stopping threads took: 0.0000703 seconds
2019-01-30T13:10:04.243+0600: 5601.793: [CMS-concurrent-mark-start]
2019-01-30T13:10:04.496+0600: 5602.046: [CMS-concurrent-mark: 0.253/0.253 secs] [Times: user=0.99 sys=0.00, real=0.25 secs] 
2019-01-30T13:10:04.496+0600: 5602.046: [CMS-concurrent-preclean-start]
2019-01-30T13:10:04.499+0600: 5602.048: [CMS-concurrent-preclean: 0.002/0.002 secs] [Times: user=0.01 sys=0.00, real=0.00 secs] 
2019-01-30T13:10:04.499+0600: 5602.049: [GC (CMS Final Remark) [YG occupancy: 5624 K (109248 K)]{Heap before GC invocations=19998 (full 84):
 par new generation   total 109248K, used 5624K [0x00000007a0000000, 0x00000007a8000000, 0x00000007a8000000)
  eden space 87424K,   0% used [0x00000007a0000000, 0x00000007a009f560, 0x00000007a5560000)
  from space 21824K,  22% used [0x00000007a5560000, 0x00000007a5a3ee30, 0x00000007a6ab0000)
  to   space 21824K,   0% used [0x00000007a6ab0000, 0x00000007a6ab0000, 0x00000007a8000000)
 concurrent mark-sweep generation total 393216K, used 245864K [0x00000007a8000000, 0x00000007c0000000, 0x00000007c0000000)
 Metaspace       used 45948K, capacity 47346K, committed 47532K, reserved 1091584K
  class space    used 5463K, capacity 5782K, committed 5804K, reserved 1048576K
2019-01-30T13:10:04.499+0600: 5602.049: [GC (CMS Final Remark) 2019-01-30T13:10:04.499+0600: 5602.049: [ParNew
Desired survivor size 20112992 bytes, new threshold 8 (max 8)
- age   1:     364368 bytes,     364368 total
- age   2:     449800 bytes,     814168 total
- age   3:     438104 bytes,    1252272 total
- age   4:    1427008 bytes,    2679280 total
- age   5:     306960 bytes,    2986240 total
- age   6:     368728 bytes,    3354968 total
- age   7:     264496 bytes,    3619464 total
- age   8:     334576 bytes,    3954040 total
: 5624K->4456K(109248K), 0.0093394 secs] 251489K->250540K(502464K), 0.0094298 secs] [Times: user=0.03 sys=0.00, real=0.01 secs] 
Heap after GC invocations=19999 (full 84):
 par new generation   total 109248K, used 4456K [0x00000007a0000000, 0x00000007a8000000, 0x00000007a8000000)
  eden space 87424K,   0% used [0x00000007a0000000, 0x00000007a0000000, 0x00000007a5560000)
  from space 21824K,  20% used [0x00000007a6ab0000, 0x00000007a6f0a080, 0x00000007a8000000)
  to   space 21824K,   0% used [0x00000007a5560000, 0x00000007a5560000, 0x00000007a6ab0000)
 concurrent mark-sweep generation total 393216K, used 246084K [0x00000007a8000000, 0x00000007c0000000, 0x00000007c0000000)
 Metaspace       used 45948K, capacity 47346K, committed 47532K, reserved 1091584K
  class space    used 5463K, capacity 5782K, committed 5804K, reserved 1048576K
}
2019-01-30T13:10:04.509+0600: 5602.058: [Rescan (parallel) , 0.0052001 secs]2019-01-30T13:10:04.514+0600: 5602.064: [weak refs processing, 0.0008674 secs]2019-01-30T13:10:04.515+0600: 5602.064: [class unloading, 0.0095429 secs]2019-01-30T13:10:04.524+0600: 5602.074: [scrub symbol table, 0.0075266 secs]2019-01-30T13:10:04.532+0600: 5602.082: [scrub string table, 0.0005730 secs][1 CMS-remark: 246084K(393216K)] 250540K(502464K), 0.0335381 secs] [Times: user=0.07 sys=0.00, real=0.04 secs] 
2019-01-30T13:10:04.533+0600: 5602.082: Total time for which application threads were stopped: 0.0337872 seconds, Stopping threads took: 0.0001102 seconds
2019-01-30T13:10:04.533+0600: 5602.082: [CMS-concurrent-sweep-start]
2019-01-30T13:10:04.625+0600: 5602.175: [CMS-concurrent-sweep: 0.092/0.092 secs] [Times: user=0.18 sys=0.00, real=0.09 secs] 
2019-01-30T13:10:04.625+0600: 5602.175: [CMS-concurrent-reset-start]
2019-01-30T13:10:04.626+0600: 5602.175: [CMS-concurrent-reset: 0.000/0.000 secs] [Times: user=0.00 sys=0.00, real=0.00 secs] 
2019-01-30T13:10:06.630+0600: 5604.179: [GC (CMS Initial Mark) [1 CMS-initial-mark: 246083K(393216K)] 251013K(502464K), 0.0032577 secs] [Times: user=0.01 sys=0.00, real=0.00 secs] 
2019-01-30T13:10:06.633+0600: 5604.183: Total time for which application threads were stopped: 0.0035837 seconds, Stopping threads took: 0.0001031 seconds
2019-01-30T13:10:06.633+0600: 5604.183: [CMS-concurrent-mark-start]
2019-01-30T13:10:06.870+0600: 5604.420: [CMS-concurrent-mark: 0.237/0.237 secs] [Times: user=0.90 sys=0.00, real=0.24 secs] 
2019-01-30T13:10:06.870+0600: 5604.420: [CMS-concurrent-preclean-start]
2019-01-30T13:10:06.872+0600: 5604.422: [CMS-concurrent-preclean: 0.002/0.002 secs] [Times: user=0.01 sys=0.00, real=0.00 secs] 
2019-01-30T13:10:06.873+0600: 5604.422: [GC (CMS Final Remark) [YG occupancy: 4972 K (109248 K)]{Heap before GC invocations=19999 (full 85):
 par new generation   total 109248K, used 4972K [0x00000007a0000000, 0x00000007a8000000, 0x00000007a8000000)
  eden space 87424K,   0% used [0x00000007a0000000, 0x00000007a0080fb0, 0x00000007a5560000)
  from space 21824K,  20% used [0x00000007a6ab0000, 0x00000007a6f0a080, 0x00000007a8000000)
  to   space 21824K,   0% used [0x00000007a5560000, 0x00000007a5560000, 0x00000007a6ab0000)
 concurrent mark-sweep generation total 393216K, used 246083K [0x00000007a8000000, 0x00000007c0000000, 0x00000007c0000000)
 Metaspace       used 45948K, capacity 47346K, committed 47532K, reserved 1091584K
  class space    used 5463K, capacity 5782K, committed 5804K, reserved 1048576K
2019-01-30T13:10:06.873+0600: 5604.422: [GC (CMS Final Remark) 2019-01-30T13:10:06.873+0600: 5604.422: [ParNew
Desired survivor size 20112992 bytes, new threshold 8 (max 8)
- age   1:     303064 bytes,     303064 total
- age   2:     364344 bytes,     667408 total
- age   3:     449800 bytes,    1117208 total
- age   4:     438104 bytes,    1555312 total
- age   5:    1426912 bytes,    2982224 total
- age   6:     306960 bytes,    3289184 total
- age   7:     368728 bytes,    3657912 total
- age   8:     264496 bytes,    3922408 total
: 4972K->5179K(109248K), 0.0099171 secs] 251055K->251590K(502464K), 0.0099967 secs] [Times: user=0.03 sys=0.00, real=0.01 secs] 
Heap after GC invocations=20000 (full 85):
 par new generation   total 109248K, used 5179K [0x00000007a0000000, 0x00000007a8000000, 0x00000007a8000000)
  eden space 87424K,   0% used [0x00000007a0000000, 0x00000007a0000000, 0x00000007a5560000)
  from space 21824K,  23% used [0x00000007a5560000, 0x00000007a5a6ee60, 0x00000007a6ab0000)
  to   space 21824K,   0% used [0x00000007a6ab0000, 0x00000007a6ab0000, 0x00000007a8000000)
 concurrent mark-sweep generation total 393216K, used 246410K [0x00000007a8000000, 0x00000007c0000000, 0x00000007c0000000)
 Metaspace       used 45948K, capacity 47346K, committed 47532K, reserved 1091584K
  class space    used 5463K, capacity 5782K, committed 5804K, reserved 1048576K
}
2019-01-30T13:10:06.883+0600: 5604.432: [Rescan (parallel) , 0.0052412 secs]2019-01-30T13:10:06.888+0600: 5604.438: [weak refs processing, 0.0008646 secs]2019-01-30T13:10:06.889+0600: 5604.439: [class unloading, 0.0097553 secs]2019-01-30T13:10:06.899+0600: 5604.448: [scrub symbol table, 0.0080026 secs]2019-01-30T13:10:06.907+0600: 5604.456: [scrub string table, 0.0006515 secs][1 CMS-remark: 246410K(393216K)] 251590K(502464K), 0.0349821 secs] [Times: user=0.07 sys=0.01, real=0.03 secs] 
2019-01-30T13:10:06.908+0600: 5604.457: Total time for which application threads were stopped: 0.0351678 seconds, Stopping threads took: 0.0000575 seconds
2019-01-30T13:10:06.908+0600: 5604.457: [CMS-concurrent-sweep-start]
2019-01-30T13:10:07.004+0600: 5604.554: [CMS-concurrent-sweep: 0.096/0.096 secs] [Times: user=0.19 sys=0.00, real=0.10 secs] 
2019-01-30T13:10:07.005+0600: 5604.554: [CMS-concurrent-reset-start]
2019-01-30T13:10:07.006+0600: 5604.556: [CMS-concurrent-reset: 0.001/0.001 secs] [Times: user=0.01 sys=0.00, real=0.00 secs] 
2019-01-30T13:10:09.006+0600: 5606.555: [GC (CMS Initial Mark) [1 CMS-initial-mark: 246410K(393216K)] 252142K(502464K), 0.0028494 secs] [Times: user=0.01 sys=0.00, real=0.00 secs] 
2019-01-30T13:10:09.009+0600: 5606.558: Total time for which application threads were stopped: 0.0030990 seconds, Stopping threads took: 0.0000776 seconds
2019-01-30T13:10:09.009+0600: 5606.558: [CMS-concurrent-mark-start]
2019-01-30T13:10:09.239+0600: 5606.788: [CMS-concurrent-mark: 0.230/0.230 secs] [Times: user=0.79 sys=0.00, real=0.23 secs] 
2019-01-30T13:10:09.239+0600: 5606.788: [CMS-concurrent-preclean-start]
2019-01-30T13:10:09.242+0600: 5606.791: [CMS-concurrent-preclean: 0.003/0.003 secs] [Times: user=0.01 sys=0.00, real=0.01 secs] 
2019-01-30T13:10:09.242+0600: 5606.791: [GC (CMS Final Remark) [YG occupancy: 5774 K (109248 K)]{Heap before GC invocations=20000 (full 86):
 par new generation   total 109248K, used 5774K [0x00000007a0000000, 0x00000007a8000000, 0x00000007a8000000)
  eden space 87424K,   0% used [0x00000007a0000000, 0x00000007a0094b68, 0x00000007a5560000)
  from space 21824K,  23% used [0x00000007a5560000, 0x00000007a5a6ee60, 0x00000007a6ab0000)
  to   space 21824K,   0% used [0x00000007a6ab0000, 0x00000007a6ab0000, 0x00000007a8000000)
 concurrent mark-sweep generation total 393216K, used 246410K [0x00000007a8000000, 0x00000007c0000000, 0x00000007c0000000)
 Metaspace       used 45948K, capacity 47346K, committed 47532K, reserved 1091584K
  class space    used 5463K, capacity 5782K, committed 5804K, reserved 1048576K
2019-01-30T13:10:09.242+0600: 5606.791: [GC (CMS Final Remark) 2019-01-30T13:10:09.242+0600: 5606.791: [ParNew
Desired survivor size 20112992 bytes, new threshold 8 (max 8)
- age   1:     348480 bytes,     348480 total
- age   2:     302920 bytes,     651400 total
- age   3:     364344 bytes,    1015744 total
- age   4:     449800 bytes,    1465544 total
- age   5:     438104 bytes,    1903648 total
- age   6:    1426912 bytes,    3330560 total
- age   7:     306960 bytes,    3637520 total
- age   8:     368728 bytes,    4006248 total
: 5774K->5174K(109248K), 0.0149683 secs] 252185K->251843K(502464K), 0.0150483 secs] [Times: user=0.04 sys=0.00, real=0.01 secs] 
Heap after GC invocations=20001 (full 86):
 par new generation   total 109248K, used 5174K [0x00000007a0000000, 0x00000007a8000000, 0x00000007a8000000)
  eden space 87424K,   0% used [0x00000007a0000000, 0x00000007a0000000, 0x00000007a5560000)
  from space 21824K,  23% used [0x00000007a6ab0000, 0x00000007a6fbd930, 0x00000007a8000000)
  to   space 21824K,   0% used [0x00000007a5560000, 0x00000007a5560000, 0x00000007a6ab0000)
 concurrent mark-sweep generation total 393216K, used 246668K [0x00000007a8000000, 0x00000007c0000000, 0x00000007c0000000)
 Metaspace       used 45948K, capacity 47346K, committed 47532K, reserved 1091584K
  class space    used 5463K, capacity 5782K, committed 5804K, reserved 1048576K
}
2019-01-30T13:10:09.257+0600: 5606.807: [Rescan (parallel) , 0.0079027 secs]2019-01-30T13:10:09.265+0600: 5606.814: [weak refs processing, 0.0014781 secs]2019-01-30T13:10:09.267+0600: 5606.816: [class unloading, 0.0107835 secs]2019-01-30T13:10:09.277+0600: 5606.827: [scrub symbol table, 0.0078786 secs]2019-01-30T13:10:09.285+0600: 5606.835: [scrub string table, 0.0005623 secs][1 CMS-remark: 246668K(393216K)] 251843K(502464K), 0.0440858 secs] [Times: user=0.09 sys=0.00, real=0.04 secs] 
2019-01-30T13:10:09.286+0600: 5606.835: Total time for which application threads were stopped: 0.0442758 seconds, Stopping threads took: 0.0000679 seconds
2019-01-30T13:10:09.286+0600: 5606.836: [CMS-concurrent-sweep-start]
2019-01-30T13:10:09.418+0600: 5606.967: [CMS-concurrent-sweep: 0.132/0.132 secs] [Times: user=0.24 sys=0.00, real=0.13 secs] 
2019-01-30T13:10:09.418+0600: 5606.967: [CMS-concurrent-reset-start]
2019-01-30T13:10:09.418+0600: 5606.968: [CMS-concurrent-reset: 0.001/0.001 secs] [Times: user=0.00 sys=0.00, real=0.00 secs] 
2019-01-30T13:10:11.422+0600: 5608.972: [GC (CMS Initial Mark) [1 CMS-initial-mark: 246668K(393216K)] 252352K(502464K), 0.0024607 secs] [Times: user=0.01 sys=0.00, real=0.00 secs] 
2019-01-30T13:10:11.425+0600: 5608.974: Total time for which application threads were stopped: 0.0026795 seconds, Stopping threads took: 0.0000697 seconds
2019-01-30T13:10:11.425+0600: 5608.974: [CMS-concurrent-mark-start]
2019-01-30T13:10:11.667+0600: 5609.216: [CMS-concurrent-mark: 0.242/0.242 secs] [Times: user=0.94 sys=0.00, real=0.24 secs] 
2019-01-30T13:10:11.667+0600: 5609.216: [CMS-concurrent-preclean-start]
2019-01-30T13:10:11.669+0600: 5609.219: [CMS-concurrent-preclean: 0.002/0.003 secs] [Times: user=0.00 sys=0.00, real=0.00 secs] 
2019-01-30T13:10:11.669+0600: 5609.219: [GC (CMS Final Remark) [YG occupancy: 5684 K (109248 K)]{Heap before GC invocations=20001 (full 87):
 par new generation   total 109248K, used 5684K [0x00000007a0000000, 0x00000007a8000000, 0x00000007a8000000)
  eden space 87424K,   0% used [0x00000007a0000000, 0x00000007a007f7f0, 0x00000007a5560000)
  from space 21824K,  23% used [0x00000007a6ab0000, 0x00000007a6fbd930, 0x00000007a8000000)
  to   space 21824K,   0% used [0x00000007a5560000, 0x00000007a5560000, 0x00000007a6ab0000)
 concurrent mark-sweep generation total 393216K, used 246668K [0x00000007a8000000, 0x00000007c0000000, 0x00000007c0000000)
 Metaspace       used 45948K, capacity 47346K, committed 47532K, reserved 1091584K
  class space    used 5463K, capacity 5782K, committed 5804K, reserved 1048576K
2019-01-30T13:10:11.669+0600: 5609.219: [GC (CMS Final Remark) 2019-01-30T13:10:11.669+0600: 5609.219: [ParNew
Desired survivor size 20112992 bytes, new threshold 8 (max 8)
- age   1:     305784 bytes,     305784 total
- age   2:     348336 bytes,     654120 total
- age   3:     302920 bytes,     957040 total
- age   4:     364344 bytes,    1321384 total
- age   5:     449800 bytes,    1771184 total
- age   6:     438104 bytes,    2209288 total
- age   7:    1426816 bytes,    3636104 total
- age   8:     306960 bytes,    3943064 total
: 5684K->5105K(109248K), 0.0102930 secs] 252352K->252133K(502464K), 0.0103926 secs] [Times: user=0.04 sys=0.00, real=0.02 secs] 
Heap after GC invocations=20002 (full 87):
 par new generation   total 109248K, used 5105K [0x00000007a0000000, 0x00000007a8000000, 0x00000007a8000000)
  eden space 87424K,   0% used [0x00000007a0000000, 0x00000007a0000000, 0x00000007a5560000)
  from space 21824K,  23% used [0x00000007a5560000, 0x00000007a5a5c4a0, 0x00000007a6ab0000)
  to   space 21824K,   0% used [0x00000007a6ab0000, 0x00000007a6ab0000, 0x00000007a8000000)
 concurrent mark-sweep generation total 393216K, used 247028K [0x00000007a8000000, 0x00000007c0000000, 0x00000007c0000000)
 Metaspace       used 45948K, capacity 47346K, committed 47532K, reserved 1091584K
  class space    used 5463K, capacity 5782K, committed 5804K, reserved 1048576K
}
2019-01-30T13:10:11.680+0600: 5609.229: [Rescan (parallel) , 0.0054053 secs]2019-01-30T13:10:11.685+0600: 5609.235: [weak refs processing, 0.0008056 secs]2019-01-30T13:10:11.686+0600: 5609.236: [class unloading, 0.0101182 secs]2019-01-30T13:10:11.696+0600: 5609.246: [scrub symbol table, 0.0085111 secs]2019-01-30T13:10:11.705+0600: 5609.254: [scrub string table, 0.0006664 secs][1 CMS-remark: 247028K(393216K)] 252133K(502464K), 0.0363342 secs] [Times: user=0.08 sys=0.00, real=0.04 secs] 
2019-01-30T13:10:11.706+0600: 5609.255: Total time for which application threads were stopped: 0.0365125 seconds, Stopping threads took: 0.0000545 seconds
2019-01-30T13:10:11.706+0600: 5609.255: [CMS-concurrent-sweep-start]
2019-01-30T13:10:11.803+0600: 5609.352: [CMS-concurrent-sweep: 0.097/0.097 secs] [Times: user=0.19 sys=0.00, real=0.10 secs] 
2019-01-30T13:10:11.803+0600: 5609.352: [CMS-concurrent-reset-start]
2019-01-30T13:10:11.803+0600: 5609.353: [CMS-concurrent-reset: 0.000/0.000 secs] [Times: user=0.00 sys=0.00, real=0.00 secs] 
2019-01-30T13:10:13.807+0600: 5611.356: [GC (CMS Initial Mark) [1 CMS-initial-mark: 247028K(393216K)] 252814K(502464K), 0.0026790 secs] [Times: user=0.01 sys=0.00, real=0.01 secs] 
2019-01-30T13:10:13.810+0600: 5611.359: Total time for which application threads were stopped: 0.0029132 seconds, Stopping threads took: 0.0000841 seconds
2019-01-30T13:10:13.810+0600: 5611.359: [CMS-concurrent-mark-start]
2019-01-30T13:10:14.057+0600: 5611.606: [CMS-concurrent-mark: 0.247/0.247 secs] [Times: user=0.94 sys=0.01, real=0.24 secs] 
2019-01-30T13:10:14.057+0600: 5611.606: [CMS-concurrent-preclean-start]
2019-01-30T13:10:14.060+0600: 5611.609: [CMS-concurrent-preclean: 0.002/0.003 secs] [Times: user=0.00 sys=0.00, real=0.01 secs] 
2019-01-30T13:10:14.060+0600: 5611.609: [GC (CMS Final Remark) [YG occupancy: 5785 K (109248 K)]{Heap before GC invocations=20002 (full 88):
 par new generation   total 109248K, used 5785K [0x00000007a0000000, 0x00000007a8000000, 0x00000007a8000000)
  eden space 87424K,   0% used [0x00000007a0000000, 0x00000007a00aa280, 0x00000007a5560000)
  from space 21824K,  23% used [0x00000007a5560000, 0x00000007a5a5c4a0, 0x00000007a6ab0000)
  to   space 21824K,   0% used [0x00000007a6ab0000, 0x00000007a6ab0000, 0x00000007a8000000)
 concurrent mark-sweep generation total 393216K, used 247028K [0x00000007a8000000, 0x00000007c0000000, 0x00000007c0000000)
 Metaspace       used 45948K, capacity 47346K, committed 47532K, reserved 1091584K
  class space    used 5463K, capacity 5782K, committed 5804K, reserved 1048576K
2019-01-30T13:10:14.060+0600: 5611.609: [GC (CMS Final Remark) 2019-01-30T13:10:14.060+0600: 5611.609: [ParNew
Desired survivor size 20112992 bytes, new threshold 8 (max 8)
- age   1:     403880 bytes,     403880 total
- age   2:     305760 bytes,     709640 total
- age   3:     348336 bytes,    1057976 total
- age   4:     302920 bytes,    1360896 total
- age   5:     364344 bytes,    1725240 total
- age   6:     449800 bytes,    2175040 total
- age   7:     438104 bytes,    2613144 total
- age   8:    1426816 bytes,    4039960 total
: 5785K->4886K(109248K), 0.0100805 secs] 252814K->252214K(502464K), 0.0101604 secs] [Times: user=0.04 sys=0.00, real=0.01 secs] 
Heap after GC invocations=20003 (full 88):
 par new generation   total 109248K, used 4886K [0x00000007a0000000, 0x00000007a8000000, 0x00000007a8000000)
  eden space 87424K,   0% used [0x00000007a0000000, 0x00000007a0000000, 0x00000007a5560000)
  from space 21824K,  22% used [0x00000007a6ab0000, 0x00000007a6f75900, 0x00000007a8000000)
  to   space 21824K,   0% used [0x00000007a5560000, 0x00000007a5560000, 0x00000007a6ab0000)
 concurrent mark-sweep generation total 393216K, used 247328K [0x00000007a8000000, 0x00000007c0000000, 0x00000007c0000000)
 Metaspace       used 45948K, capacity 47346K, committed 47532K, reserved 1091584K
  class space    used 5463K, capacity 5782K, committed 5804K, reserved 1048576K
}
2019-01-30T13:10:14.070+0600: 5611.619: [Rescan (parallel) , 0.0055895 secs]2019-01-30T13:10:14.076+0600: 5611.625: [weak refs processing, 0.0009155 secs]2019-01-30T13:10:14.077+0600: 5611.626: [class unloading, 0.0099191 secs]2019-01-30T13:10:14.087+0600: 5611.636: [scrub symbol table, 0.0080990 secs]2019-01-30T13:10:14.095+0600: 5611.644: [scrub string table, 0.0006937 secs][1 CMS-remark: 247328K(393216K)] 252214K(502464K), 0.0357965 secs] [Times: user=0.08 sys=0.00, real=0.03 secs] 
2019-01-30T13:10:14.096+0600: 5611.645: Total time for which application threads were stopped: 0.0359896 seconds, Stopping threads took: 0.0000746 seconds
2019-01-30T13:10:14.096+0600: 5611.645: [CMS-concurrent-sweep-start]
2019-01-30T13:10:14.190+0600: 5611.739: [CMS-concurrent-sweep: 0.094/0.094 secs] [Times: user=0.18 sys=0.00, real=0.10 secs] 
2019-01-30T13:10:14.190+0600: 5611.739: [CMS-concurrent-reset-start]
2019-01-30T13:10:14.190+0600: 5611.740: [CMS-concurrent-reset: 0.000/0.000 secs] [Times: user=0.00 sys=0.00, real=0.00 secs] 
2019-01-30T13:10:16.192+0600: 5613.741: [GC (CMS Initial Mark) [1 CMS-initial-mark: 247328K(393216K)] 252810K(502464K), 0.0027527 secs] [Times: user=0.00 sys=0.00, real=0.00 secs] 
2019-01-30T13:10:16.194+0600: 5613.744: Total time for which application threads were stopped: 0.0029598 seconds, Stopping threads took: 0.0000627 seconds
2019-01-30T13:10:16.194+0600: 5613.744: [CMS-concurrent-mark-start]
2019-01-30T13:10:16.445+0600: 5613.995: [CMS-concurrent-mark: 0.251/0.251 secs] [Times: user=0.94 sys=0.00, real=0.25 secs] 
2019-01-30T13:10:16.446+0600: 5613.995: [CMS-concurrent-preclean-start]
2019-01-30T13:10:16.448+0600: 5613.997: [CMS-concurrent-preclean: 0.002/0.002 secs] [Times: user=0.00 sys=0.00, real=0.00 secs] 
2019-01-30T13:10:16.448+0600: 5613.998: [GC (CMS Final Remark) [YG occupancy: 5566 K (109248 K)]{Heap before GC invocations=20003 (full 89):
 par new generation   total 109248K, used 5566K [0x00000007a0000000, 0x00000007a8000000, 0x00000007a8000000)
  eden space 87424K,   0% used [0x00000007a0000000, 0x00000007a00aa248, 0x00000007a5560000)
  from space 21824K,  22% used [0x00000007a6ab0000, 0x00000007a6f75900, 0x00000007a8000000)
  to   space 21824K,   0% used [0x00000007a5560000, 0x00000007a5560000, 0x00000007a6ab0000)
 concurrent mark-sweep generation total 393216K, used 247328K [0x00000007a8000000, 0x00000007c0000000, 0x00000007c0000000)
 Metaspace       used 45948K, capacity 47346K, committed 47532K, reserved 1091584K
  class space    used 5463K, capacity 5782K, committed 5804K, reserved 1048576K
2019-01-30T13:10:16.448+0600: 5613.998: [GC (CMS Final Remark) 2019-01-30T13:10:16.448+0600: 5613.998: [ParNew
Desired survivor size 20112992 bytes, new threshold 8 (max 8)
- age   1:     406728 bytes,     406728 total
- age   2:     403856 bytes,     810584 total
- age   3:     305760 bytes,    1116344 total
- age   4:     348336 bytes,    1464680 total
- age   5:     302920 bytes,    1767600 total
- age   6:     364344 bytes,    2131944 total
- age   7:     449800 bytes,    2581744 total
- age   8:     438104 bytes,    3019848 total
: 5566K->4309K(109248K), 0.0121555 secs] 252895K->253031K(502464K), 0.0122316 secs] [Times: user=0.05 sys=0.00, real=0.02 secs] 
Heap after GC invocations=20004 (full 89):
 par new generation   total 109248K, used 4309K [0x00000007a0000000, 0x00000007a8000000, 0x00000007a8000000)
  eden space 87424K,   0% used [0x00000007a0000000, 0x00000007a0000000, 0x00000007a5560000)
  from space 21824K,  19% used [0x00000007a5560000, 0x00000007a59955f8, 0x00000007a6ab0000)
  to   space 21824K,   0% used [0x00000007a6ab0000, 0x00000007a6ab0000, 0x00000007a8000000)
 concurrent mark-sweep generation total 393216K, used 248722K [0x00000007a8000000, 0x00000007c0000000, 0x00000007c0000000)
 Metaspace       used 45948K, capacity 47346K, committed 47532K, reserved 1091584K
  class space    used 5463K, capacity 5782K, committed 5804K, reserved 1048576K
}
2019-01-30T13:10:16.461+0600: 5614.010: [Rescan (parallel) , 0.0060805 secs]2019-01-30T13:10:16.467+0600: 5614.016: [weak refs processing, 0.0009031 secs]2019-01-30T13:10:16.468+0600: 5614.017: [class unloading, 0.0095918 secs]2019-01-30T13:10:16.477+0600: 5614.027: [scrub symbol table, 0.0084237 secs]2019-01-30T13:10:16.486+0600: 5614.035: [scrub string table, 0.0005907 secs][1 CMS-remark: 248722K(393216K)] 253031K(502464K), 0.0382312 secs] [Times: user=0.09 sys=0.00, real=0.04 secs] 
2019-01-30T13:10:16.487+0600: 5614.036: Total time for which application threads were stopped: 0.0384294 seconds, Stopping threads took: 0.0000682 seconds
2019-01-30T13:10:16.487+0600: 5614.036: [CMS-concurrent-sweep-start]
2019-01-30T13:10:16.583+0600: 5614.132: [CMS-concurrent-sweep: 0.096/0.096 secs] [Times: user=0.19 sys=0.01, real=0.10 secs] 
2019-01-30T13:10:16.583+0600: 5614.132: [CMS-concurrent-reset-start]
2019-01-30T13:10:16.583+0600: 5614.132: [CMS-concurrent-reset: 0.000/0.000 secs] [Times: user=0.00 sys=0.00, real=0.00 secs] 
2019-01-30T13:10:18.583+0600: 5616.132: [GC (CMS Initial Mark) [1 CMS-initial-mark: 248722K(393216K)] 253541K(502464K), 0.0023264 secs] [Times: user=0.01 sys=0.00, real=0.00 secs] 
2019-01-30T13:10:18.586+0600: 5616.135: Total time for which application threads were stopped: 0.0025436 seconds, Stopping threads took: 0.0000660 seconds
2019-01-30T13:10:18.586+0600: 5616.135: [CMS-concurrent-mark-start]
2019-01-30T13:10:18.835+0600: 5616.384: [CMS-concurrent-mark: 0.250/0.250 secs] [Times: user=0.98 sys=0.00, real=0.25 secs] 
2019-01-30T13:10:18.835+0600: 5616.384: [CMS-concurrent-preclean-start]
2019-01-30T13:10:18.838+0600: 5616.387: [CMS-concurrent-preclean: 0.002/0.002 secs] [Times: user=0.00 sys=0.00, real=0.00 secs] 
2019-01-30T13:10:18.838+0600: 5616.387: [GC (CMS Final Remark) [YG occupancy: 4861 K (109248 K)]{Heap before GC invocations=20004 (full 90):
 par new generation   total 109248K, used 4861K [0x00000007a0000000, 0x00000007a8000000, 0x00000007a8000000)
  eden space 87424K,   0% used [0x00000007a0000000, 0x00000007a008a168, 0x00000007a5560000)
  from space 21824K,  19% used [0x00000007a5560000, 0x00000007a59955f8, 0x00000007a6ab0000)
  to   space 21824K,   0% used [0x00000007a6ab0000, 0x00000007a6ab0000, 0x00000007a8000000)
 concurrent mark-sweep generation total 393216K, used 248722K [0x00000007a8000000, 0x00000007c0000000, 0x00000007c0000000)
 Metaspace       used 45948K, capacity 47346K, committed 47532K, reserved 1091584K
  class space    used 5463K, capacity 5782K, committed 5804K, reserved 1048576K
2019-01-30T13:10:18.838+0600: 5616.387: [GC (CMS Final Remark) 2019-01-30T13:10:18.838+0600: 5616.387: [ParNew
Desired survivor size 20112992 bytes, new threshold 8 (max 8)
- age   1:     307536 bytes,     307536 total
- age   2:     406704 bytes,     714240 total
- age   3:     403856 bytes,    1118096 total
- age   4:     305760 bytes,    1423856 total
- age   5:     348336 bytes,    1772192 total
- age   6:     302920 bytes,    2075112 total
- age   7:     364344 bytes,    2439456 total
- age   8:     449800 bytes,    2889256 total
: 4861K->3443K(109248K), 0.0088212 secs] 253584K->252593K(502464K), 0.0089025 secs] [Times: user=0.03 sys=0.00, real=0.01 secs] 
Heap after GC invocations=20005 (full 90):
 par new generation   total 109248K, used 3443K [0x00000007a0000000, 0x00000007a8000000, 0x00000007a8000000)
  eden space 87424K,   0% used [0x00000007a0000000, 0x00000007a0000000, 0x00000007a5560000)
  from space 21824K,  15% used [0x00000007a6ab0000, 0x00000007a6e0ceb0, 0x00000007a8000000)
  to   space 21824K,   0% used [0x00000007a5560000, 0x00000007a5560000, 0x00000007a6ab0000)
 concurrent mark-sweep generation total 393216K, used 249150K [0x00000007a8000000, 0x00000007c0000000, 0x00000007c0000000)
 Metaspace       used 45948K, capacity 47346K, committed 47532K, reserved 1091584K
  class space    used 5463K, capacity 5782K, committed 5804K, reserved 1048576K
}
2019-01-30T13:10:18.847+0600: 5616.396: [Rescan (parallel) , 0.0046191 secs]2019-01-30T13:10:18.852+0600: 5616.401: [weak refs processing, 0.0007486 secs]2019-01-30T13:10:18.852+0600: 5616.401: [class unloading, 0.0095896 secs]2019-01-30T13:10:18.862+0600: 5616.411: [scrub symbol table, 0.0074256 secs]2019-01-30T13:10:18.869+0600: 5616.419: [scrub string table, 0.0005596 secs][1 CMS-remark: 249150K(393216K)] 252593K(502464K), 0.0322308 secs] [Times: user=0.07 sys=0.01, real=0.04 secs] 
2019-01-30T13:10:18.870+0600: 5616.419: Total time for which application threads were stopped: 0.0324238 seconds, Stopping threads took: 0.0000663 seconds
2019-01-30T13:10:18.870+0600: 5616.419: [CMS-concurrent-sweep-start]
2019-01-30T13:10:18.965+0600: 5616.514: [CMS-concurrent-sweep: 0.095/0.095 secs] [Times: user=0.18 sys=0.00, real=0.09 secs] 
2019-01-30T13:10:18.965+0600: 5616.514: [CMS-concurrent-reset-start]
2019-01-30T13:10:18.965+0600: 5616.515: [CMS-concurrent-reset: 0.000/0.000 secs] [Times: user=0.00 sys=0.00, real=0.00 secs] 
2019-01-30T13:10:20.970+0600: 5618.519: [GC (CMS Initial Mark) [1 CMS-initial-mark: 249137K(393216K)] 253133K(502464K), 0.0023351 secs] [Times: user=0.00 sys=0.00, real=0.00 secs] 
2019-01-30T13:10:20.972+0600: 5618.521: Total time for which application threads were stopped: 0.0025518 seconds, Stopping threads took: 0.0000678 seconds
2019-01-30T13:10:20.972+0600: 5618.521: [CMS-concurrent-mark-start]
2019-01-30T13:10:21.219+0600: 5618.768: [CMS-concurrent-mark: 0.247/0.247 secs] [Times: user=0.97 sys=0.00, real=0.24 secs] 
2019-01-30T13:10:21.219+0600: 5618.768: [CMS-concurrent-preclean-start]
2019-01-30T13:10:21.222+0600: 5618.771: [CMS-concurrent-preclean: 0.003/0.003 secs] [Times: user=0.01 sys=0.00, real=0.01 secs] 
2019-01-30T13:10:21.222+0600: 5618.771: [GC (CMS Final Remark) [YG occupancy: 4038 K (109248 K)]{Heap before GC invocations=20005 (full 91):
 par new generation   total 109248K, used 4038K [0x00000007a0000000, 0x00000007a8000000, 0x00000007a8000000)
  eden space 87424K,   0% used [0x00000007a0000000, 0x00000007a0094b48, 0x00000007a5560000)
  from space 21824K,  15% used [0x00000007a6ab0000, 0x00000007a6e0ceb0, 0x00000007a8000000)
  to   space 21824K,   0% used [0x00000007a5560000, 0x00000007a5560000, 0x00000007a6ab0000)
 concurrent mark-sweep generation total 393216K, used 249137K [0x00000007a8000000, 0x00000007c0000000, 0x00000007c0000000)
 Metaspace       used 45948K, capacity 47346K, committed 47532K, reserved 1091584K
  class space    used 5463K, capacity 5782K, committed 5804K, reserved 1048576K
2019-01-30T13:10:21.222+0600: 5618.771: [GC (CMS Final Remark) 2019-01-30T13:10:21.222+0600: 5618.771: [ParNew
Desired survivor size 20112992 bytes, new threshold 8 (max 8)
- age   1:     342632 bytes,     342632 total
- age   2:     307512 bytes,     650144 total
- age   3:     406704 bytes,    1056848 total
- age   4:     403856 bytes,    1460704 total
- age   5:     305760 bytes,    1766464 total
- age   6:     348336 bytes,    2114800 total
- age   7:     302920 bytes,    2417720 total
- age   8:     364344 bytes,    2782064 total
: 4038K->3912K(109248K), 0.0086556 secs] 253176K->253489K(502464K), 0.0087365 secs] [Times: user=0.03 sys=0.00, real=0.01 secs] 
Heap after GC invocations=20006 (full 91):
 par new generation   total 109248K, used 3912K [0x00000007a0000000, 0x00000007a8000000, 0x00000007a8000000)
  eden space 87424K,   0% used [0x00000007a0000000, 0x00000007a0000000, 0x00000007a5560000)
  from space 21824K,  17% used [0x00000007a5560000, 0x00000007a59320c0, 0x00000007a6ab0000)
  to   space 21824K,   0% used [0x00000007a6ab0000, 0x00000007a6ab0000, 0x00000007a8000000)
 concurrent mark-sweep generation total 393216K, used 249576K [0x00000007a8000000, 0x00000007c0000000, 0x00000007c0000000)
 Metaspace       used 45948K, capacity 47346K, committed 47532K, reserved 1091584K
  class space    used 5463K, capacity 5782K, committed 5804K, reserved 1048576K
}
2019-01-30T13:10:21.231+0600: 5618.780: [Rescan (parallel) , 0.0047129 secs]2019-01-30T13:10:21.236+0600: 5618.785: [weak refs processing, 0.0008779 secs]2019-01-30T13:10:21.236+0600: 5618.786: [class unloading, 0.0095647 secs]2019-01-30T13:10:21.246+0600: 5618.795: [scrub symbol table, 0.0074804 secs]2019-01-30T13:10:21.254+0600: 5618.803: [scrub string table, 0.0005565 secs][1 CMS-remark: 249576K(393216K)] 253489K(502464K), 0.0323073 secs] [Times: user=0.07 sys=0.00, real=0.03 secs] 
2019-01-30T13:10:21.254+0600: 5618.803: Total time for which application threads were stopped: 0.0325017 seconds, Stopping threads took: 0.0000565 seconds
2019-01-30T13:10:21.254+0600: 5618.803: [CMS-concurrent-sweep-start]
2019-01-30T13:10:21.354+0600: 5618.903: [CMS-concurrent-sweep: 0.099/0.099 secs] [Times: user=0.19 sys=0.00, real=0.10 secs] 
2019-01-30T13:10:21.354+0600: 5618.903: [CMS-concurrent-reset-start]
2019-01-30T13:10:21.354+0600: 5618.903: [CMS-concurrent-reset: 0.000/0.000 secs] [Times: user=0.00 sys=0.00, real=0.00 secs] 
2019-01-30T13:10:23.358+0600: 5620.907: [GC (CMS Initial Mark) [1 CMS-initial-mark: 249576K(393216K)] 253956K(502464K), 0.0022643 secs] [Times: user=0.01 sys=0.00, real=0.01 secs] 
2019-01-30T13:10:23.361+0600: 5620.910: Total time for which application threads were stopped: 0.0024746 seconds, Stopping threads took: 0.0000690 seconds
2019-01-30T13:10:23.361+0600: 5620.910: [CMS-concurrent-mark-start]
2019-01-30T13:10:23.570+0600: 5621.119: [CMS-concurrent-mark: 0.209/0.209 secs] [Times: user=0.82 sys=0.00, real=0.21 secs] 
2019-01-30T13:10:23.570+0600: 5621.119: [CMS-concurrent-preclean-start]
2019-01-30T13:10:23.572+0600: 5621.121: [CMS-concurrent-preclean: 0.002/0.002 secs] [Times: user=0.00 sys=0.00, real=0.00 secs] 
2019-01-30T13:10:23.572+0600: 5621.121: [GC (CMS Final Remark) [YG occupancy: 4379 K (109248 K)]{Heap before GC invocations=20006 (full 92):
 par new generation   total 109248K, used 4379K [0x00000007a0000000, 0x00000007a8000000, 0x00000007a8000000)
  eden space 87424K,   0% used [0x00000007a0000000, 0x00000007a0074d50, 0x00000007a5560000)
  from space 21824K,  17% used [0x00000007a5560000, 0x00000007a59320c0, 0x00000007a6ab0000)
  to   space 21824K,   0% used [0x00000007a6ab0000, 0x00000007a6ab0000, 0x00000007a8000000)
 concurrent mark-sweep generation total 393216K, used 249576K [0x00000007a8000000, 0x00000007c0000000, 0x00000007c0000000)
 Metaspace       used 45948K, capacity 47346K, committed 47532K, reserved 1091584K
  class space    used 5463K, capacity 5782K, committed 5804K, reserved 1048576K
2019-01-30T13:10:23.572+0600: 5621.121: [GC (CMS Final Remark) 2019-01-30T13:10:23.572+0600: 5621.121: [ParNew
Desired survivor size 20112992 bytes, new threshold 8 (max 8)
- age   1:     278928 bytes,     278928 total
- age   2:     342608 bytes,     621536 total
- age   3:     307512 bytes,     929048 total
- age   4:     406704 bytes,    1335752 total
- age   5:     403856 bytes,    1739608 total
- age   6:     305760 bytes,    2045368 total
- age   7:     348336 bytes,    2393704 total
- age   8:     302920 bytes,    2696624 total
: 4379K->3341K(109248K), 0.0089201 secs] 253956K->253274K(502464K), 0.0090113 secs] [Times: user=0.04 sys=0.00, real=0.01 secs] 
Heap after GC invocations=20007 (full 92):
 par new generation   total 109248K, used 3341K [0x00000007a0000000, 0x00000007a8000000, 0x00000007a8000000)
  eden space 87424K,   0% used [0x00000007a0000000, 0x00000007a0000000, 0x00000007a5560000)
  from space 21824K,  15% used [0x00000007a6ab0000, 0x00000007a6df36c0, 0x00000007a8000000)
  to   space 21824K,   0% used [0x00000007a5560000, 0x00000007a5560000, 0x00000007a6ab0000)
 concurrent mark-sweep generation total 393216K, used 249932K [0x00000007a8000000, 0x00000007c0000000, 0x00000007c0000000)
 Metaspace       used 45948K, capacity 47346K, committed 47532K, reserved 1091584K
  class space    used 5463K, capacity 5782K, committed 5804K, reserved 1048576K
}
2019-01-30T13:10:23.581+0600: 5621.130: [Rescan (parallel) , 0.0045788 secs]2019-01-30T13:10:23.586+0600: 5621.135: [weak refs processing, 0.0008823 secs]2019-01-30T13:10:23.587+0600: 5621.136: [class unloading, 0.0098317 secs]2019-01-30T13:10:23.597+0600: 5621.146: [scrub symbol table, 0.0076692 secs]2019-01-30T13:10:23.605+0600: 5621.154: [scrub string table, 0.0005562 secs][1 CMS-remark: 249932K(393216K)] 253274K(502464K), 0.0329379 secs] [Times: user=0.07 sys=0.00, real=0.03 secs] 
2019-01-30T13:10:23.605+0600: 5621.154: Total time for which application threads were stopped: 0.0331355 seconds, Stopping threads took: 0.0000667 seconds
2019-01-30T13:10:23.605+0600: 5621.154: [CMS-concurrent-sweep-start]
2019-01-30T13:10:23.699+0600: 5621.248: [CMS-concurrent-sweep: 0.094/0.094 secs] [Times: user=0.18 sys=0.00, real=0.09 secs] 
2019-01-30T13:10:23.699+0600: 5621.248: [CMS-concurrent-reset-start]
2019-01-30T13:10:23.700+0600: 5621.249: [CMS-concurrent-reset: 0.000/0.000 secs] [Times: user=0.00 sys=0.00, real=0.01 secs] 
2019-01-30T13:10:25.704+0600: 5623.253: [GC (CMS Initial Mark) [1 CMS-initial-mark: 249932K(393216K)] 253911K(502464K), 0.0022471 secs] [Times: user=0.01 sys=0.00, real=0.00 secs] 
2019-01-30T13:10:25.706+0600: 5623.255: Total time for which application threads were stopped: 0.0024772 seconds, Stopping threads took: 0.0000823 seconds
2019-01-30T13:10:25.706+0600: 5623.255: [CMS-concurrent-mark-start]
2019-01-30T13:10:25.928+0600: 5623.477: [CMS-concurrent-mark: 0.222/0.222 secs] [Times: user=0.87 sys=0.00, real=0.22 secs] 
2019-01-30T13:10:25.928+0600: 5623.477: [CMS-concurrent-preclean-start]
2019-01-30T13:10:25.931+0600: 5623.480: [CMS-concurrent-preclean: 0.002/0.003 secs] [Times: user=0.00 sys=0.00, real=0.01 secs] 
2019-01-30T13:10:25.931+0600: 5623.480: [GC (CMS Final Remark) [YG occupancy: 4021 K (109248 K)]{Heap before GC invocations=20007 (full 93):
 par new generation   total 109248K, used 4021K [0x00000007a0000000, 0x00000007a8000000, 0x00000007a8000000)
  eden space 87424K,   0% used [0x00000007a0000000, 0x00000007a00a9f48, 0x00000007a5560000)
  from space 21824K,  15% used [0x00000007a6ab0000, 0x00000007a6df36c0, 0x00000007a8000000)
  to   space 21824K,   0% used [0x00000007a5560000, 0x00000007a5560000, 0x00000007a6ab0000)
 concurrent mark-sweep generation total 393216K, used 249932K [0x00000007a8000000, 0x00000007c0000000, 0x00000007c0000000)
 Metaspace       used 45948K, capacity 47346K, committed 47532K, reserved 1091584K
  class space    used 5463K, capacity 5782K, committed 5804K, reserved 1048576K
2019-01-30T13:10:25.931+0600: 5623.480: [GC (CMS Final Remark) 2019-01-30T13:10:25.931+0600: 5623.480: [ParNew
Desired survivor size 20112992 bytes, new threshold 8 (max 8)
- age   1:     394736 bytes,     394736 total
- age   2:     278784 bytes,     673520 total
- age   3:     342608 bytes,    1016128 total
- age   4:     307512 bytes,    1323640 total
- age   5:     406704 bytes,    1730344 total
- age   6:     403856 bytes,    2134200 total
- age   7:     305760 bytes,    2439960 total
- age   8:     348336 bytes,    2788296 total
: 4021K->3589K(109248K), 0.0091324 secs] 253954K->253817K(502464K), 0.0092099 secs] [Times: user=0.03 sys=0.00, real=0.01 secs] 
Heap after GC invocations=20008 (full 93):
 par new generation   total 109248K, used 3589K [0x00000007a0000000, 0x00000007a8000000, 0x00000007a8000000)
  eden space 87424K,   0% used [0x00000007a0000000, 0x00000007a0000000, 0x00000007a5560000)
  from space 21824K,  16% used [0x00000007a5560000, 0x00000007a58e14e0, 0x00000007a6ab0000)
  to   space 21824K,   0% used [0x00000007a6ab0000, 0x00000007a6ab0000, 0x00000007a8000000)
 concurrent mark-sweep generation total 393216K, used 250228K [0x00000007a8000000, 0x00000007c0000000, 0x00000007c0000000)
 Metaspace       used 45948K, capacity 47346K, committed 47532K, reserved 1091584K
  class space    used 5463K, capacity 5782K, committed 5804K, reserved 1048576K
}
2019-01-30T13:10:25.940+0600: 5623.489: [Rescan (parallel) , 0.0045687 secs]2019-01-30T13:10:25.945+0600: 5623.494: [weak refs processing, 0.0008184 secs]2019-01-30T13:10:25.946+0600: 5623.495: [class unloading, 0.0094775 secs]2019-01-30T13:10:25.955+0600: 5623.504: [scrub symbol table, 0.0072593 secs]2019-01-30T13:10:25.962+0600: 5623.511: [scrub string table, 0.0005232 secs][1 CMS-remark: 250228K(393216K)] 253817K(502464K), 0.0322489 secs] [Times: user=0.07 sys=0.00, real=0.03 secs] 
2019-01-30T13:10:25.963+0600: 5623.512: Total time for which application threads were stopped: 0.0324175 seconds, Stopping threads took: 0.0000591 seconds
2019-01-30T13:10:25.963+0600: 5623.512: [CMS-concurrent-sweep-start]
2019-01-30T13:10:26.059+0600: 5623.608: [CMS-concurrent-sweep: 0.096/0.096 secs] [Times: user=0.18 sys=0.00, real=0.09 secs] 
2019-01-30T13:10:26.059+0600: 5623.608: [CMS-concurrent-reset-start]
2019-01-30T13:10:26.060+0600: 5623.609: [CMS-concurrent-reset: 0.000/0.000 secs] [Times: user=0.00 sys=0.00, real=0.01 secs] 
2019-01-30T13:10:28.062+0600: 5625.611: [GC (CMS Initial Mark) [1 CMS-initial-mark: 250228K(393216K)] 254285K(502464K), 0.0025986 secs] [Times: user=0.01 sys=0.00, real=0.00 secs] 
2019-01-30T13:10:28.065+0600: 5625.614: Total time for which application threads were stopped: 0.0028232 seconds, Stopping threads took: 0.0000659 seconds
2019-01-30T13:10:28.065+0600: 5625.614: [CMS-concurrent-mark-start]
2019-01-30T13:10:28.343+0600: 5625.892: [CMS-concurrent-mark: 0.279/0.279 secs] [Times: user=0.84 sys=0.02, real=0.28 secs] 
2019-01-30T13:10:28.344+0600: 5625.892: [CMS-concurrent-preclean-start]
2019-01-30T13:10:28.346+0600: 5625.895: [CMS-concurrent-preclean: 0.002/0.002 secs] [Times: user=0.00 sys=0.00, real=0.00 secs] 
2019-01-30T13:10:28.346+0600: 5625.895: [GC (CMS Final Remark) [YG occupancy: 4056 K (109248 K)]{Heap before GC invocations=20008 (full 94):
 par new generation   total 109248K, used 4056K [0x00000007a0000000, 0x00000007a8000000, 0x00000007a8000000)
  eden space 87424K,   0% used [0x00000007a0000000, 0x00000007a0074d88, 0x00000007a5560000)
  from space 21824K,  16% used [0x00000007a5560000, 0x00000007a58e14e0, 0x00000007a6ab0000)
  to   space 21824K,   0% used [0x00000007a6ab0000, 0x00000007a6ab0000, 0x00000007a8000000)
 concurrent mark-sweep generation total 393216K, used 250228K [0x00000007a8000000, 0x00000007c0000000, 0x00000007c0000000)
 Metaspace       used 45948K, capacity 47346K, committed 47532K, reserved 1091584K
  class space    used 5463K, capacity 5782K, committed 5804K, reserved 1048576K
2019-01-30T13:10:28.346+0600: 5625.895: [GC (CMS Final Remark) 2019-01-30T13:10:28.346+0600: 5625.895: [ParNew
Desired survivor size 20112992 bytes, new threshold 8 (max 8)
- age   1:     266312 bytes,     266312 total
- age   2:     394712 bytes,     661024 total
- age   3:     278784 bytes,     939808 total
- age   4:     342608 bytes,    1282416 total
- age   5:     307512 bytes,    1589928 total
- age   6:     406704 bytes,    1996632 total
- age   7:     403856 bytes,    2400488 total
- age   8:     305760 bytes,    2706248 total
: 4056K->3643K(109248K), 0.0106167 secs] 254285K->254212K(502464K), 0.0106854 secs] [Times: user=0.04 sys=0.00, real=0.01 secs] 
Heap after GC invocations=20009 (full 94):
 par new generation   total 109248K, used 3643K [0x00000007a0000000, 0x00000007a8000000, 0x00000007a8000000)
  eden space 87424K,   0% used [0x00000007a0000000, 0x00000007a0000000, 0x00000007a5560000)
  from space 21824K,  16% used [0x00000007a6ab0000, 0x00000007a6e3edd0, 0x00000007a8000000)
  to   space 21824K,   0% used [0x00000007a5560000, 0x00000007a5560000, 0x00000007a6ab0000)
 concurrent mark-sweep generation total 393216K, used 250568K [0x00000007a8000000, 0x00000007c0000000, 0x00000007c0000000)
 Metaspace       used 45948K, capacity 47346K, committed 47532K, reserved 1091584K
  class space    used 5463K, capacity 5782K, committed 5804K, reserved 1048576K
}
2019-01-30T13:10:28.357+0600: 5625.906: [Rescan (parallel) , 0.0045018 secs]2019-01-30T13:10:28.362+0600: 5625.910: [weak refs processing, 0.0008450 secs]2019-01-30T13:10:28.362+0600: 5625.911: [class unloading, 0.0107263 secs]2019-01-30T13:10:28.373+0600: 5625.922: [scrub symbol table, 0.0073261 secs]2019-01-30T13:10:28.381+0600: 5625.929: [scrub string table, 0.0005500 secs][1 CMS-remark: 250568K(393216K)] 254212K(502464K), 0.0350043 secs] [Times: user=0.07 sys=0.00, real=0.04 secs] 
2019-01-30T13:10:28.381+0600: 5625.930: Total time for which application threads were stopped: 0.0351758 seconds, Stopping threads took: 0.0000613 seconds
2019-01-30T13:10:28.381+0600: 5625.930: [CMS-concurrent-sweep-start]
2019-01-30T13:10:28.480+0600: 5626.029: [CMS-concurrent-sweep: 0.099/0.099 secs] [Times: user=0.20 sys=0.00, real=0.10 secs] 
2019-01-30T13:10:28.480+0600: 5626.029: [CMS-concurrent-reset-start]
2019-01-30T13:10:28.481+0600: 5626.030: [CMS-concurrent-reset: 0.000/0.000 secs] [Times: user=0.00 sys=0.00, real=0.00 secs] 
2019-01-30T13:10:30.481+0600: 5628.030: [GC (CMS Initial Mark) [1 CMS-initial-mark: 250568K(393216K)] 254636K(502464K), 0.0033431 secs] [Times: user=0.01 sys=0.00, real=0.00 secs] 
2019-01-30T13:10:30.484+0600: 5628.033: Total time for which application threads were stopped: 0.0036628 seconds, Stopping threads took: 0.0000772 seconds
2019-01-30T13:10:30.485+0600: 5628.033: [CMS-concurrent-mark-start]
2019-01-30T13:10:30.823+0600: 5628.372: [CMS-concurrent-mark: 0.338/0.338 secs] [Times: user=0.89 sys=0.02, real=0.34 secs] 
2019-01-30T13:10:30.823+0600: 5628.372: [CMS-concurrent-preclean-start]
2019-01-30T13:10:30.825+0600: 5628.374: [CMS-concurrent-preclean: 0.002/0.002 secs] [Times: user=0.01 sys=0.00, real=0.00 secs] 
2019-01-30T13:10:30.826+0600: 5628.375: [GC (CMS Final Remark) [YG occupancy: 4110 K (109248 K)]{Heap before GC invocations=20009 (full 95):
 par new generation   total 109248K, used 4110K [0x00000007a0000000, 0x00000007a8000000, 0x00000007a8000000)
  eden space 87424K,   0% used [0x00000007a0000000, 0x00000007a0074d20, 0x00000007a5560000)
  from space 21824K,  16% used [0x00000007a6ab0000, 0x00000007a6e3edd0, 0x00000007a8000000)
  to   space 21824K,   0% used [0x00000007a5560000, 0x00000007a5560000, 0x00000007a6ab0000)
 concurrent mark-sweep generation total 393216K, used 250568K [0x00000007a8000000, 0x00000007c0000000, 0x00000007c0000000)
 Metaspace       used 45948K, capacity 47346K, committed 47532K, reserved 1091584K
  class space    used 5463K, capacity 5782K, committed 5804K, reserved 1048576K
2019-01-30T13:10:30.826+0600: 5628.375: [GC (CMS Final Remark) 2019-01-30T13:10:30.826+0600: 5628.375: [ParNew
Desired survivor size 20112992 bytes, new threshold 8 (max 8)
- age   1:     270272 bytes,     270272 total
- age   2:     266288 bytes,     536560 total
- age   3:     394712 bytes,     931272 total
- age   4:     278784 bytes,    1210056 total
- age   5:     342608 bytes,    1552664 total
- age   6:     307512 bytes,    1860176 total
- age   7:     406704 bytes,    2266880 total
- age   8:     403856 bytes,    2670736 total
: 4110K->3489K(109248K), 0.0113394 secs] 254679K->254357K(502464K), 0.0114352 secs] [Times: user=0.03 sys=0.00, real=0.01 secs] 
Heap after GC invocations=20010 (full 95):
 par new generation   total 109248K, used 3489K [0x00000007a0000000, 0x00000007a8000000, 0x00000007a8000000)
  eden space 87424K,   0% used [0x00000007a0000000, 0x00000007a0000000, 0x00000007a5560000)
  from space 21824K,  15% used [0x00000007a5560000, 0x00000007a58c8710, 0x00000007a6ab0000)
  to   space 21824K,   0% used [0x00000007a6ab0000, 0x00000007a6ab0000, 0x00000007a8000000)
 concurrent mark-sweep generation total 393216K, used 250867K [0x00000007a8000000, 0x00000007c0000000, 0x00000007c0000000)
 Metaspace       used 45948K, capacity 47346K, committed 47532K, reserved 1091584K
  class space    used 5463K, capacity 5782K, committed 5804K, reserved 1048576K
}
2019-01-30T13:10:30.837+0600: 5628.386: [Rescan (parallel) , 0.0053125 secs]2019-01-30T13:10:30.843+0600: 5628.392: [weak refs processing, 0.0015019 secs]2019-01-30T13:10:30.844+0600: 5628.393: [class unloading, 0.0108398 secs]2019-01-30T13:10:30.855+0600: 5628.404: [scrub symbol table, 0.0091276 secs]2019-01-30T13:10:30.864+0600: 5628.413: [scrub string table, 0.0006218 secs][1 CMS-remark: 250867K(393216K)] 254357K(502464K), 0.0392873 secs] [Times: user=0.07 sys=0.00, real=0.04 secs] 
2019-01-30T13:10:30.865+0600: 5628.414: Total time for which application threads were stopped: 0.0394674 seconds, Stopping threads took: 0.0000662 seconds
2019-01-30T13:10:30.865+0600: 5628.414: [CMS-concurrent-sweep-start]
2019-01-30T13:10:30.978+0600: 5628.527: [CMS-concurrent-sweep: 0.113/0.113 secs] [Times: user=0.21 sys=0.00, real=0.11 secs] 
2019-01-30T13:10:30.978+0600: 5628.527: [CMS-concurrent-reset-start]
2019-01-30T13:10:30.979+0600: 5628.528: [CMS-concurrent-reset: 0.000/0.000 secs] [Times: user=0.00 sys=0.00, real=0.00 secs] 
2019-01-30T13:10:32.978+0600: 5630.527: [GC (CMS Initial Mark) [1 CMS-initial-mark: 250867K(393216K)] 254783K(502464K), 0.0024690 secs] [Times: user=0.00 sys=0.00, real=0.01 secs] 
2019-01-30T13:10:32.981+0600: 5630.530: Total time for which application threads were stopped: 0.0027159 seconds, Stopping threads took: 0.0000866 seconds
2019-01-30T13:10:32.981+0600: 5630.530: [CMS-concurrent-mark-start]
2019-01-30T13:10:33.272+0600: 5630.821: [CMS-concurrent-mark: 0.291/0.291 secs] [Times: user=1.06 sys=0.00, real=0.29 secs] 
2019-01-30T13:10:33.272+0600: 5630.821: [CMS-concurrent-preclean-start]
2019-01-30T13:10:33.275+0600: 5630.824: [CMS-concurrent-preclean: 0.002/0.002 secs] [Times: user=0.00 sys=0.00, real=0.00 secs] 
2019-01-30T13:10:33.275+0600: 5630.824: [GC (CMS Final Remark) [YG occupancy: 3915 K (109248 K)]{Heap before GC invocations=20010 (full 96):
 par new generation   total 109248K, used 3915K [0x00000007a0000000, 0x00000007a8000000, 0x00000007a8000000)
  eden space 87424K,   0% used [0x00000007a0000000, 0x00000007a006a8e8, 0x00000007a5560000)
  from space 21824K,  15% used [0x00000007a5560000, 0x00000007a58c8710, 0x00000007a6ab0000)
  to   space 21824K,   0% used [0x00000007a6ab0000, 0x00000007a6ab0000, 0x00000007a8000000)
 concurrent mark-sweep generation total 393216K, used 250867K [0x00000007a8000000, 0x00000007c0000000, 0x00000007c0000000)
 Metaspace       used 45948K, capacity 47346K, committed 47532K, reserved 1091584K
  class space    used 5463K, capacity 5782K, committed 5804K, reserved 1048576K
2019-01-30T13:10:33.275+0600: 5630.824: [GC (CMS Final Remark) 2019-01-30T13:10:33.275+0600: 5630.824: [ParNew
Desired survivor size 20112992 bytes, new threshold 8 (max 8)
- age   1:     246792 bytes,     246792 total
- age   2:     270248 bytes,     517040 total
- age   3:     266288 bytes,     783328 total
- age   4:     394712 bytes,    1178040 total
- age   5:     278784 bytes,    1456824 total
- age   6:     342608 bytes,    1799432 total
- age   7:     307512 bytes,    2106944 total
- age   8:     406704 bytes,    2513648 total
: 3915K->3317K(109248K), 0.0092875 secs] 254783K->254579K(502464K), 0.0093809 secs] [Times: user=0.03 sys=0.00, real=0.01 secs] 
Heap after GC invocations=20011 (full 96):
 par new generation   total 109248K, used 3317K [0x00000007a0000000, 0x00000007a8000000, 0x00000007a8000000)
  eden space 87424K,   0% used [0x00000007a0000000, 0x00000007a0000000, 0x00000007a5560000)
  from space 21824K,  15% used [0x00000007a6ab0000, 0x00000007a6ded650, 0x00000007a8000000)
  to   space 21824K,   0% used [0x00000007a5560000, 0x00000007a5560000, 0x00000007a6ab0000)
 concurrent mark-sweep generation total 393216K, used 251261K [0x00000007a8000000, 0x00000007c0000000, 0x00000007c0000000)
 Metaspace       used 45948K, capacity 47346K, committed 47532K, reserved 1091584K
  class space    used 5463K, capacity 5782K, committed 5804K, reserved 1048576K
}
2019-01-30T13:10:33.285+0600: 5630.833: [Rescan (parallel) , 0.0045362 secs]2019-01-30T13:10:33.289+0600: 5630.838: [weak refs processing, 0.0008080 secs]2019-01-30T13:10:33.290+0600: 5630.839: [class unloading, 0.0098732 secs]2019-01-30T13:10:33.300+0600: 5630.849: [scrub symbol table, 0.0074317 secs]2019-01-30T13:10:33.307+0600: 5630.856: [scrub string table, 0.0005761 secs][1 CMS-remark: 251261K(393216K)] 254579K(502464K), 0.0330499 secs] [Times: user=0.06 sys=0.00, real=0.03 secs] 
2019-01-30T13:10:33.308+0600: 5630.857: Total time for which application threads were stopped: 0.0332410 seconds, Stopping threads took: 0.0000738 seconds
2019-01-30T13:10:33.308+0600: 5630.857: [CMS-concurrent-sweep-start]
2019-01-30T13:10:33.407+0600: 5630.956: [CMS-concurrent-sweep: 0.099/0.099 secs] [Times: user=0.19 sys=0.01, real=0.10 secs] 
2019-01-30T13:10:33.407+0600: 5630.956: [CMS-concurrent-reset-start]
2019-01-30T13:10:33.407+0600: 5630.956: [CMS-concurrent-reset: 0.001/0.001 secs] [Times: user=0.00 sys=0.00, real=0.00 secs] 
2019-01-30T13:10:35.407+0600: 5632.956: [GC (CMS Initial Mark) [1 CMS-initial-mark: 251261K(393216K)] 255046K(502464K), 0.0037880 secs] [Times: user=0.00 sys=0.00, real=0.01 secs] 
2019-01-30T13:10:35.411+0600: 5632.959: Total time for which application threads were stopped: 0.0040674 seconds, Stopping threads took: 0.0000889 seconds
2019-01-30T13:10:35.411+0600: 5632.959: [CMS-concurrent-mark-start]
2019-01-30T13:10:35.763+0600: 5633.312: [CMS-concurrent-mark: 0.353/0.353 secs] [Times: user=0.91 sys=0.01, real=0.35 secs] 
2019-01-30T13:10:35.763+0600: 5633.312: [CMS-concurrent-preclean-start]
2019-01-30T13:10:35.767+0600: 5633.315: [CMS-concurrent-preclean: 0.003/0.003 secs] [Times: user=0.00 sys=0.00, real=0.00 secs] 
2019-01-30T13:10:35.767+0600: 5633.316: [GC (CMS Final Remark) [YG occupancy: 3827 K (109248 K)]{Heap before GC invocations=20011 (full 97):
 par new generation   total 109248K, used 3827K [0x00000007a0000000, 0x00000007a8000000, 0x00000007a8000000)
  eden space 87424K,   0% used [0x00000007a0000000, 0x00000007a007f778, 0x00000007a5560000)
  from space 21824K,  15% used [0x00000007a6ab0000, 0x00000007a6ded650, 0x00000007a8000000)
  to   space 21824K,   0% used [0x00000007a5560000, 0x00000007a5560000, 0x00000007a6ab0000)
 concurrent mark-sweep generation total 393216K, used 251261K [0x00000007a8000000, 0x00000007c0000000, 0x00000007c0000000)
 Metaspace       used 45948K, capacity 47346K, committed 47532K, reserved 1091584K
  class space    used 5463K, capacity 5782K, committed 5804K, reserved 1048576K
2019-01-30T13:10:35.767+0600: 5633.316: [GC (CMS Final Remark) 2019-01-30T13:10:35.767+0600: 5633.316: [ParNew
Desired survivor size 20112992 bytes, new threshold 8 (max 8)
- age   1:     286216 bytes,     286216 total
- age   2:     246768 bytes,     532984 total
- age   3:     270248 bytes,     803232 total
- age   4:     266288 bytes,    1069520 total
- age   5:     394712 bytes,    1464232 total
- age   6:     278784 bytes,    1743016 total
- age   7:     342608 bytes,    2085624 total
- age   8:     307512 bytes,    2393136 total
: 3827K->3130K(109248K), 0.0098935 secs] 255089K->254789K(502464K), 0.0099842 secs] [Times: user=0.02 sys=0.01, real=0.01 secs] 
Heap after GC invocations=20012 (full 97):
 par new generation   total 109248K, used 3130K [0x00000007a0000000, 0x00000007a8000000, 0x00000007a8000000)
  eden space 87424K,   0% used [0x00000007a0000000, 0x00000007a0000000, 0x00000007a5560000)
  from space 21824K,  14% used [0x00000007a5560000, 0x00000007a586ead0, 0x00000007a6ab0000)
  to   space 21824K,   0% used [0x00000007a6ab0000, 0x00000007a6ab0000, 0x00000007a8000000)
 concurrent mark-sweep generation total 393216K, used 251658K [0x00000007a8000000, 0x00000007c0000000, 0x00000007c0000000)
 Metaspace       used 45948K, capacity 47346K, committed 47532K, reserved 1091584K
  class space    used 5463K, capacity 5782K, committed 5804K, reserved 1048576K
}
2019-01-30T13:10:35.777+0600: 5633.326: [Rescan (parallel) , 0.0051041 secs]2019-01-30T13:10:35.782+0600: 5633.331: [weak refs processing, 0.0018089 secs]2019-01-30T13:10:35.784+0600: 5633.333: [class unloading, 0.0137613 secs]2019-01-30T13:10:35.798+0600: 5633.346: [scrub symbol table, 0.0112240 secs]2019-01-30T13:10:35.809+0600: 5633.358: [scrub string table, 0.0005462 secs][1 CMS-remark: 251658K(393216K)] 254789K(502464K), 0.0428502 secs] [Times: user=0.06 sys=0.01, real=0.05 secs] 
2019-01-30T13:10:35.810+0600: 5633.358: Total time for which application threads were stopped: 0.0430391 seconds, Stopping threads took: 0.0000687 seconds
2019-01-30T13:10:35.810+0600: 5633.358: [CMS-concurrent-sweep-start]
2019-01-30T13:10:35.951+0600: 5633.500: [CMS-concurrent-sweep: 0.141/0.141 secs] [Times: user=0.27 sys=0.00, real=0.14 secs] 
2019-01-30T13:10:35.951+0600: 5633.500: [CMS-concurrent-reset-start]
2019-01-30T13:10:35.952+0600: 5633.500: [CMS-concurrent-reset: 0.001/0.001 secs] [Times: user=0.00 sys=0.00, real=0.00 secs] 
2019-01-30T13:10:37.956+0600: 5635.504: [GC (CMS Initial Mark) [1 CMS-initial-mark: 251658K(393216K)] 255171K(502464K), 0.0019270 secs] [Times: user=0.01 sys=0.00, real=0.00 secs] 
2019-01-30T13:10:37.958+0600: 5635.506: Total time for which application threads were stopped: 0.0021391 seconds, Stopping threads took: 0.0000653 seconds
2019-01-30T13:10:37.958+0600: 5635.506: [CMS-concurrent-mark-start]
2019-01-30T13:10:38.220+0600: 5635.769: [CMS-concurrent-mark: 0.262/0.262 secs] [Times: user=1.02 sys=0.00, real=0.27 secs] 
2019-01-30T13:10:38.220+0600: 5635.769: [CMS-concurrent-preclean-start]
2019-01-30T13:10:38.223+0600: 5635.771: [CMS-concurrent-preclean: 0.002/0.002 secs] [Times: user=0.02 sys=0.00, real=0.00 secs] 
2019-01-30T13:10:38.223+0600: 5635.772: [GC (CMS Final Remark) [YG occupancy: 3555 K (109248 K)]{Heap before GC invocations=20012 (full 98):
 par new generation   total 109248K, used 3555K [0x00000007a0000000, 0x00000007a8000000, 0x00000007a8000000)
  eden space 87424K,   0% used [0x00000007a0000000, 0x00000007a006a308, 0x00000007a5560000)
  from space 21824K,  14% used [0x00000007a5560000, 0x00000007a586ead0, 0x00000007a6ab0000)
  to   space 21824K,   0% used [0x00000007a6ab0000, 0x00000007a6ab0000, 0x00000007a8000000)
 concurrent mark-sweep generation total 393216K, used 251658K [0x00000007a8000000, 0x00000007c0000000, 0x00000007c0000000)
 Metaspace       used 45948K, capacity 47346K, committed 47532K, reserved 1091584K
  class space    used 5463K, capacity 5782K, committed 5804K, reserved 1048576K
2019-01-30T13:10:38.223+0600: 5635.772: [GC (CMS Final Remark) 2019-01-30T13:10:38.223+0600: 5635.772: [ParNew
Desired survivor size 20112992 bytes, new threshold 8 (max 8)
- age   1:     242424 bytes,     242424 total
- age   2:     286192 bytes,     528616 total
- age   3:     246768 bytes,     775384 total
- age   4:     270248 bytes,    1045632 total
- age   5:     266288 bytes,    1311920 total
- age   6:     394712 bytes,    1706632 total
- age   7:     278784 bytes,    1985416 total
- age   8:     342608 bytes,    2328024 total
: 3555K->3271K(109248K), 0.0076316 secs] 255214K->255230K(502464K), 0.0077133 secs] [Times: user=0.02 sys=0.01, real=0.01 secs] 
Heap after GC invocations=20013 (full 98):
 par new generation   total 109248K, used 3271K [0x00000007a0000000, 0x00000007a8000000, 0x00000007a8000000)
  eden space 87424K,   0% used [0x00000007a0000000, 0x00000007a0000000, 0x00000007a5560000)
  from space 21824K,  14% used [0x00000007a6ab0000, 0x00000007a6de1c28, 0x00000007a8000000)
  to   space 21824K,   0% used [0x00000007a5560000, 0x00000007a5560000, 0x00000007a6ab0000)
 concurrent mark-sweep generation total 393216K, used 251959K [0x00000007a8000000, 0x00000007c0000000, 0x00000007c0000000)
 Metaspace       used 45948K, capacity 47346K, committed 47532K, reserved 1091584K
  class space    used 5463K, capacity 5782K, committed 5804K, reserved 1048576K
}
2019-01-30T13:10:38.231+0600: 5635.779: [Rescan (parallel) , 0.0043067 secs]2019-01-30T13:10:38.235+0600: 5635.784: [weak refs processing, 0.0009127 secs]2019-01-30T13:10:38.236+0600: 5635.785: [class unloading, 0.0097071 secs]2019-01-30T13:10:38.246+0600: 5635.794: [scrub symbol table, 0.0075676 secs]2019-01-30T13:10:38.253+0600: 5635.802: [scrub string table, 0.0005573 secs][1 CMS-remark: 251959K(393216K)] 255230K(502464K), 0.0312055 secs] [Times: user=0.06 sys=0.01, real=0.03 secs] 
2019-01-30T13:10:38.254+0600: 5635.803: Total time for which application threads were stopped: 0.0313920 seconds, Stopping threads took: 0.0000656 seconds
2019-01-30T13:10:38.254+0600: 5635.803: [CMS-concurrent-sweep-start]
2019-01-30T13:10:38.352+0600: 5635.900: [CMS-concurrent-sweep: 0.097/0.097 secs] [Times: user=0.19 sys=0.00, real=0.10 secs] 
2019-01-30T13:10:38.352+0600: 5635.900: [CMS-concurrent-reset-start]
2019-01-30T13:10:38.352+0600: 5635.901: [CMS-concurrent-reset: 0.000/0.000 secs] [Times: user=0.00 sys=0.00, real=0.00 secs] 
2019-01-30T13:10:40.352+0600: 5637.900: [GC (CMS Initial Mark) [1 CMS-initial-mark: 251959K(393216K)] 255782K(502464K), 0.0020820 secs] [Times: user=0.01 sys=0.00, real=0.00 secs] 
2019-01-30T13:10:40.354+0600: 5637.902: Total time for which application threads were stopped: 0.0023071 seconds, Stopping threads took: 0.0000733 seconds
2019-01-30T13:10:40.354+0600: 5637.902: [CMS-concurrent-mark-start]
2019-01-30T13:10:40.579+0600: 5638.128: [CMS-concurrent-mark: 0.225/0.225 secs] [Times: user=0.89 sys=0.00, real=0.22 secs] 
2019-01-30T13:10:40.579+0600: 5638.128: [CMS-concurrent-preclean-start]
2019-01-30T13:10:40.581+0600: 5638.130: [CMS-concurrent-preclean: 0.002/0.002 secs] [Times: user=0.00 sys=0.00, real=0.01 secs] 
2019-01-30T13:10:40.582+0600: 5638.130: [GC (CMS Final Remark) [YG occupancy: 3865 K (109248 K)]{Heap before GC invocations=20013 (full 99):
 par new generation   total 109248K, used 3865K [0x00000007a0000000, 0x00000007a8000000, 0x00000007a8000000)
  eden space 87424K,   0% used [0x00000007a0000000, 0x00000007a0094b18, 0x00000007a5560000)
  from space 21824K,  14% used [0x00000007a6ab0000, 0x00000007a6de1c28, 0x00000007a8000000)
  to   space 21824K,   0% used [0x00000007a5560000, 0x00000007a5560000, 0x00000007a6ab0000)
 concurrent mark-sweep generation total 393216K, used 251959K [0x00000007a8000000, 0x00000007c0000000, 0x00000007c0000000)
 Metaspace       used 45948K, capacity 47346K, committed 47532K, reserved 1091584K
  class space    used 5463K, capacity 5782K, committed 5804K, reserved 1048576K
2019-01-30T13:10:40.582+0600: 5638.130: [GC (CMS Final Remark) 2019-01-30T13:10:40.582+0600: 5638.130: [ParNew
Desired survivor size 20112992 bytes, new threshold 8 (max 8)
- age   1:     336600 bytes,     336600 total
- age   2:     242280 bytes,     578880 total
- age   3:     286192 bytes,     865072 total
- age   4:     246768 bytes,    1111840 total
- age   5:     270248 bytes,    1382088 total
- age   6:     266288 bytes,    1648376 total
- age   7:     394712 bytes,    2043088 total
- age   8:     278784 bytes,    2321872 total
: 3865K->2874K(109248K), 0.0076128 secs] 255824K->255168K(502464K), 0.0076942 secs] [Times: user=0.03 sys=0.00, real=0.00 secs] 
Heap after GC invocations=20014 (full 99):
 par new generation   total 109248K, used 2874K [0x00000007a0000000, 0x00000007a8000000, 0x00000007a8000000)
  eden space 87424K,   0% used [0x00000007a0000000, 0x00000007a0000000, 0x00000007a5560000)
  from space 21824K,  13% used [0x00000007a5560000, 0x00000007a582eb10, 0x00000007a6ab0000)
  to   space 21824K,   0% used [0x00000007a6ab0000, 0x00000007a6ab0000, 0x00000007a8000000)
 concurrent mark-sweep generation total 393216K, used 252293K [0x00000007a8000000, 0x00000007c0000000, 0x00000007c0000000)
 Metaspace       used 45948K, capacity 47346K, committed 47532K, reserved 1091584K
  class space    used 5463K, capacity 5782K, committed 5804K, reserved 1048576K
}
2019-01-30T13:10:40.590+0600: 5638.138: [Rescan (parallel) , 0.0043805 secs]2019-01-30T13:10:40.594+0600: 5638.142: [weak refs processing, 0.0008952 secs]2019-01-30T13:10:40.595+0600: 5638.143: [class unloading, 0.0095246 secs]2019-01-30T13:10:40.604+0600: 5638.153: [scrub symbol table, 0.0076407 secs]2019-01-30T13:10:40.612+0600: 5638.161: [scrub string table, 0.0005707 secs][1 CMS-remark: 252293K(393216K)] 255168K(502464K), 0.0311063 secs] [Times: user=0.07 sys=0.00, real=0.03 secs] 
2019-01-30T13:10:40.613+0600: 5638.161: Total time for which application threads were stopped: 0.0312818 seconds, Stopping threads took: 0.0000487 seconds
2019-01-30T13:10:40.613+0600: 5638.161: [CMS-concurrent-sweep-start]
2019-01-30T13:10:40.708+0600: 5638.257: [CMS-concurrent-sweep: 0.095/0.095 secs] [Times: user=0.18 sys=0.00, real=0.09 secs] 
2019-01-30T13:10:40.708+0600: 5638.257: [CMS-concurrent-reset-start]
2019-01-30T13:10:40.709+0600: 5638.257: [CMS-concurrent-reset: 0.000/0.000 secs] [Times: user=0.00 sys=0.00, real=0.00 secs] 
2019-01-30T13:10:42.723+0600: 5640.271: [GC (CMS Initial Mark) [1 CMS-initial-mark: 252293K(393216K)] 255593K(502464K), 0.0048257 secs] [Times: user=0.00 sys=0.00, real=0.00 secs] 
2019-01-30T13:10:42.728+0600: 5640.276: Total time for which application threads were stopped: 0.0199801 seconds, Stopping threads took: 0.0148490 seconds
2019-01-30T13:10:42.728+0600: 5640.276: [CMS-concurrent-mark-start]
2019-01-30T13:10:43.055+0600: 5640.603: [CMS-concurrent-mark: 0.327/0.327 secs] [Times: user=0.92 sys=0.01, real=0.33 secs] 
2019-01-30T13:10:43.055+0600: 5640.603: [CMS-concurrent-preclean-start]
2019-01-30T13:10:43.058+0600: 5640.607: [CMS-concurrent-preclean: 0.003/0.003 secs] [Times: user=0.01 sys=0.00, real=0.00 secs] 
2019-01-30T13:10:43.059+0600: 5640.608: [GC (CMS Final Remark) [YG occupancy: 3342 K (109248 K)]{Heap before GC invocations=20014 (full 100):
 par new generation   total 109248K, used 3342K [0x00000007a0000000, 0x00000007a8000000, 0x00000007a8000000)
  eden space 87424K,   0% used [0x00000007a0000000, 0x00000007a0074d58, 0x00000007a5560000)
  from space 21824K,  13% used [0x00000007a5560000, 0x00000007a582eb10, 0x00000007a6ab0000)
  to   space 21824K,   0% used [0x00000007a6ab0000, 0x00000007a6ab0000, 0x00000007a8000000)
 concurrent mark-sweep generation total 393216K, used 252293K [0x00000007a8000000, 0x00000007c0000000, 0x00000007c0000000)
 Metaspace       used 45948K, capacity 47346K, committed 47532K, reserved 1091584K
  class space    used 5463K, capacity 5782K, committed 5804K, reserved 1048576K
2019-01-30T13:10:43.059+0600: 5640.608: [GC (CMS Final Remark) 2019-01-30T13:10:43.059+0600: 5640.608: [ParNew
Desired survivor size 20112992 bytes, new threshold 8 (max 8)
- age   1:     266736 bytes,     266736 total
- age   2:     336576 bytes,     603312 total
- age   3:     242280 bytes,     845592 total
- age   4:     286192 bytes,    1131784 total
- age   5:     246768 bytes,    1378552 total
- age   6:     270248 bytes,    1648800 total
- age   7:     266288 bytes,    1915088 total
- age   8:     394712 bytes,    2309800 total
: 3342K->2982K(109248K), 0.0155074 secs] 255635K->255548K(502464K), 0.0156136 secs] [Times: user=0.03 sys=0.00, real=0.02 secs] 
Heap after GC invocations=20015 (full 100):
 par new generation   total 109248K, used 2982K [0x00000007a0000000, 0x00000007a8000000, 0x00000007a8000000)
  eden space 87424K,   0% used [0x00000007a0000000, 0x00000007a0000000, 0x00000007a5560000)
  from space 21824K,  13% used [0x00000007a6ab0000, 0x00000007a6d99890, 0x00000007a8000000)
  to   space 21824K,   0% used [0x00000007a5560000, 0x00000007a5560000, 0x00000007a6ab0000)
 concurrent mark-sweep generation total 393216K, used 252565K [0x00000007a8000000, 0x00000007c0000000, 0x00000007c0000000)
 Metaspace       used 45948K, capacity 47346K, committed 47532K, reserved 1091584K
  class space    used 5463K, capacity 5782K, committed 5804K, reserved 1048576K
}
2019-01-30T13:10:43.075+0600: 5640.623: [Rescan (parallel) , 0.0069761 secs]2019-01-30T13:10:43.082+0600: 5640.630: [weak refs processing, 0.0016814 secs]2019-01-30T13:10:43.084+0600: 5640.632: [class unloading, 0.0156181 secs]2019-01-30T13:10:43.099+0600: 5640.648: [scrub symbol table, 0.0099698 secs]2019-01-30T13:10:43.109+0600: 5640.658: [scrub string table, 0.0009458 secs][1 CMS-remark: 252565K(393216K)] 255548K(502464K), 0.0513149 secs] [Times: user=0.08 sys=0.00, real=0.06 secs] 
2019-01-30T13:10:43.111+0600: 5640.659: Total time for which application threads were stopped: 0.0521047 seconds, Stopping threads took: 0.0006197 seconds
2019-01-30T13:10:43.111+0600: 5640.659: [CMS-concurrent-sweep-start]
2019-01-30T13:10:43.260+0600: 5640.809: [CMS-concurrent-sweep: 0.150/0.150 secs] [Times: user=0.22 sys=0.00, real=0.15 secs] 
2019-01-30T13:10:43.260+0600: 5640.809: [CMS-concurrent-reset-start]
2019-01-30T13:10:43.261+0600: 5640.809: [CMS-concurrent-reset: 0.001/0.001 secs] [Times: user=0.00 sys=0.00, real=0.00 secs] 
2019-01-30T13:10:45.265+0600: 5642.814: [GC (CMS Initial Mark) [1 CMS-initial-mark: 252565K(393216K)] 257531K(502464K), 0.0021931 secs] [Times: user=0.00 sys=0.00, real=0.00 secs] 
2019-01-30T13:10:45.268+0600: 5642.816: Total time for which application threads were stopped: 0.0024376 seconds, Stopping threads took: 0.0000852 seconds
2019-01-30T13:10:45.268+0600: 5642.816: [CMS-concurrent-mark-start]
2019-01-30T13:10:45.518+0600: 5643.066: [CMS-concurrent-mark: 0.250/0.250 secs] [Times: user=0.94 sys=0.00, real=0.25 secs] 
2019-01-30T13:10:45.518+0600: 5643.067: [CMS-concurrent-preclean-start]
2019-01-30T13:10:45.521+0600: 5643.069: [CMS-concurrent-preclean: 0.002/0.002 secs] [Times: user=0.01 sys=0.00, real=0.01 secs] 
2019-01-30T13:10:45.521+0600: 5643.069: [GC (CMS Final Remark) [YG occupancy: 5007 K (109248 K)]{Heap before GC invocations=20015 (full 101):
 par new generation   total 109248K, used 5007K [0x00000007a0000000, 0x00000007a8000000, 0x00000007a8000000)
  eden space 87424K,   2% used [0x00000007a0000000, 0x00000007a01fa5f0, 0x00000007a5560000)
  from space 21824K,  13% used [0x00000007a6ab0000, 0x00000007a6d99890, 0x00000007a8000000)
  to   space 21824K,   0% used [0x00000007a5560000, 0x00000007a5560000, 0x00000007a6ab0000)
 concurrent mark-sweep generation total 393216K, used 252565K [0x00000007a8000000, 0x00000007c0000000, 0x00000007c0000000)
 Metaspace       used 45948K, capacity 47346K, committed 47532K, reserved 1091584K
  class space    used 5463K, capacity 5782K, committed 5804K, reserved 1048576K
2019-01-30T13:10:45.521+0600: 5643.069: [GC (CMS Final Remark) 2019-01-30T13:10:45.521+0600: 5643.069: [ParNew
Desired survivor size 20112992 bytes, new threshold 8 (max 8)
- age   1:     184384 bytes,     184384 total
- age   2:     266592 bytes,     450976 total
- age   3:     336576 bytes,     787552 total
- age   4:     242280 bytes,    1029832 total
- age   5:     286192 bytes,    1316024 total
- age   6:     246768 bytes,    1562792 total
- age   7:     270248 bytes,    1833040 total
- age   8:     266288 bytes,    2099328 total
: 5007K->2350K(109248K), 0.0083602 secs] 257573K->255301K(502464K), 0.0084404 secs] [Times: user=0.03 sys=0.00, real=0.00 secs] 
Heap after GC invocations=20016 (full 101):
 par new generation   total 109248K, used 2350K [0x00000007a0000000, 0x00000007a8000000, 0x00000007a8000000)
  eden space 87424K,   0% used [0x00000007a0000000, 0x00000007a0000000, 0x00000007a5560000)
  from space 21824K,  10% used [0x00000007a5560000, 0x00000007a57ab858, 0x00000007a6ab0000)
  to   space 21824K,   0% used [0x00000007a6ab0000, 0x00000007a6ab0000, 0x00000007a8000000)
 concurrent mark-sweep generation total 393216K, used 252951K [0x00000007a8000000, 0x00000007c0000000, 0x00000007c0000000)
 Metaspace       used 45948K, capacity 47346K, committed 47532K, reserved 1091584K
  class space    used 5463K, capacity 5782K, committed 5804K, reserved 1048576K
}
2019-01-30T13:10:45.529+0600: 5643.078: [Rescan (parallel) , 0.0042337 secs]2019-01-30T13:10:45.534+0600: 5643.082: [weak refs processing, 0.0008589 secs]2019-01-30T13:10:45.535+0600: 5643.083: [class unloading, 0.0109459 secs]2019-01-30T13:10:45.546+0600: 5643.094: [scrub symbol table, 0.0129699 secs]2019-01-30T13:10:45.559+0600: 5643.107: [scrub string table, 0.0036763 secs][1 CMS-remark: 252951K(393216K)] 255301K(502464K), 0.0416785 secs] [Times: user=0.07 sys=0.00, real=0.04 secs] 
2019-01-30T13:10:45.563+0600: 5643.111: Total time for which application threads were stopped: 0.0418706 seconds, Stopping threads took: 0.0000707 seconds
2019-01-30T13:10:45.563+0600: 5643.111: [CMS-concurrent-sweep-start]
2019-01-30T13:10:45.664+0600: 5643.212: [CMS-concurrent-sweep: 0.101/0.101 secs] [Times: user=0.20 sys=0.00, real=0.10 secs] 
2019-01-30T13:10:45.664+0600: 5643.212: [CMS-concurrent-reset-start]
2019-01-30T13:10:45.665+0600: 5643.213: [CMS-concurrent-reset: 0.000/0.000 secs] [Times: user=0.00 sys=0.00, real=0.00 secs] 
2019-01-30T13:10:47.565+0600: 5645.113: Total time for which application threads were stopped: 0.0002682 seconds, Stopping threads took: 0.0000950 seconds
2019-01-30T13:10:47.667+0600: 5645.215: [GC (CMS Initial Mark) [1 CMS-initial-mark: 252950K(393216K)] 255978K(502464K), 0.0033882 secs] [Times: user=0.01 sys=0.00, real=0.01 secs] 
2019-01-30T13:10:47.670+0600: 5645.219: Total time for which application threads were stopped: 0.0040531 seconds, Stopping threads took: 0.0003185 seconds
2019-01-30T13:10:47.670+0600: 5645.219: [CMS-concurrent-mark-start]
2019-01-30T13:10:48.024+0600: 5645.572: [CMS-concurrent-mark: 0.353/0.353 secs] [Times: user=1.13 sys=0.02, real=0.35 secs] 
2019-01-30T13:10:48.024+0600: 5645.572: [CMS-concurrent-preclean-start]
2019-01-30T13:10:48.026+0600: 5645.575: [CMS-concurrent-preclean: 0.003/0.003 secs] [Times: user=0.01 sys=0.00, real=0.00 secs] 
2019-01-30T13:10:48.027+0600: 5645.575: [GC (CMS Final Remark) [YG occupancy: 3070 K (109248 K)]{Heap before GC invocations=20016 (full 102):
 par new generation   total 109248K, used 3070K [0x00000007a0000000, 0x00000007a8000000, 0x00000007a8000000)
  eden space 87424K,   0% used [0x00000007a0000000, 0x00000007a00b4340, 0x00000007a5560000)
  from space 21824K,  10% used [0x00000007a5560000, 0x00000007a57ab858, 0x00000007a6ab0000)
  to   space 21824K,   0% used [0x00000007a6ab0000, 0x00000007a6ab0000, 0x00000007a8000000)
 concurrent mark-sweep generation total 393216K, used 252950K [0x00000007a8000000, 0x00000007c0000000, 0x00000007c0000000)
 Metaspace       used 45948K, capacity 47346K, committed 47532K, reserved 1091584K
  class space    used 5463K, capacity 5782K, committed 5804K, reserved 1048576K
2019-01-30T13:10:48.027+0600: 5645.575: [GC (CMS Final Remark) 2019-01-30T13:10:48.027+0600: 5645.575: [ParNew
Desired survivor size 20112992 bytes, new threshold 8 (max 8)
- age   1:     226672 bytes,     226672 total
- age   2:     184240 bytes,     410912 total
- age   3:     266592 bytes,     677504 total
- age   4:     336576 bytes,    1014080 total
- age   5:     242280 bytes,    1256360 total
- age   6:     286192 bytes,    1542552 total
- age   7:     246768 bytes,    1789320 total
- age   8:     270248 bytes,    2059568 total
: 3070K->2810K(109248K), 0.0084518 secs] 256021K->256020K(502464K), 0.0085352 secs] [Times: user=0.03 sys=0.00, real=0.01 secs] 
Heap after GC invocations=20017 (full 102):
 par new generation   total 109248K, used 2810K [0x00000007a0000000, 0x00000007a8000000, 0x00000007a8000000)
  eden space 87424K,   0% used [0x00000007a0000000, 0x00000007a0000000, 0x00000007a5560000)
  from space 21824K,  12% used [0x00000007a6ab0000, 0x00000007a6d6e810, 0x00000007a8000000)
  to   space 21824K,   0% used [0x00000007a5560000, 0x00000007a5560000, 0x00000007a6ab0000)
 concurrent mark-sweep generation total 393216K, used 253210K [0x00000007a8000000, 0x00000007c0000000, 0x00000007c0000000)
 Metaspace       used 45948K, capacity 47346K, committed 47532K, reserved 1091584K
  class space    used 5463K, capacity 5782K, committed 5804K, reserved 1048576K
}
2019-01-30T13:10:48.035+0600: 5645.584: [Rescan (parallel) , 0.0041596 secs]2019-01-30T13:10:48.040+0600: 5645.588: [weak refs processing, 0.0008791 secs]2019-01-30T13:10:48.040+0600: 5645.589: [class unloading, 0.0099101 secs]2019-01-30T13:10:48.050+0600: 5645.599: [scrub symbol table, 0.0097020 secs]2019-01-30T13:10:48.060+0600: 5645.609: [scrub string table, 0.0006044 secs][1 CMS-remark: 253210K(393216K)] 256020K(502464K), 0.0342209 secs] [Times: user=0.07 sys=0.00, real=0.04 secs] 
2019-01-30T13:10:48.061+0600: 5645.609: Total time for which application threads were stopped: 0.0344265 seconds, Stopping threads took: 0.0000802 seconds
2019-01-30T13:10:48.061+0600: 5645.609: [CMS-concurrent-sweep-start]
2019-01-30T13:10:48.163+0600: 5645.711: [CMS-concurrent-sweep: 0.102/0.102 secs] [Times: user=0.19 sys=0.00, real=0.10 secs] 
2019-01-30T13:10:48.163+0600: 5645.711: [CMS-concurrent-reset-start]
2019-01-30T13:10:48.166+0600: 5645.714: [CMS-concurrent-reset: 0.003/0.003 secs] [Times: user=0.01 sys=0.00, real=0.00 secs] 
2019-01-30T13:10:50.169+0600: 5647.718: [GC (CMS Initial Mark) [1 CMS-initial-mark: 253192K(393216K)] 257199K(502464K), 0.0022605 secs] [Times: user=0.01 sys=0.00, real=0.01 secs] 
2019-01-30T13:10:50.172+0600: 5647.720: Total time for which application threads were stopped: 0.0025027 seconds, Stopping threads took: 0.0000943 seconds
2019-01-30T13:10:50.172+0600: 5647.720: [CMS-concurrent-mark-start]
2019-01-30T13:10:50.416+0600: 5647.965: [CMS-concurrent-mark: 0.245/0.245 secs] [Times: user=0.93 sys=0.00, real=0.24 secs] 
2019-01-30T13:10:50.416+0600: 5647.965: [CMS-concurrent-preclean-start]
2019-01-30T13:10:50.419+0600: 5647.968: [CMS-concurrent-preclean: 0.003/0.003 secs] [Times: user=0.01 sys=0.00, real=0.00 secs] 
2019-01-30T13:10:50.420+0600: 5647.968: [GC (CMS Final Remark) [YG occupancy: 4048 K (109248 K)]{Heap before GC invocations=20017 (full 103):
 par new generation   total 109248K, used 4048K [0x00000007a0000000, 0x00000007a8000000, 0x00000007a8000000)
  eden space 87424K,   1% used [0x00000007a0000000, 0x00000007a0135b90, 0x00000007a5560000)
  from space 21824K,  12% used [0x00000007a6ab0000, 0x00000007a6d6e810, 0x00000007a8000000)
  to   space 21824K,   0% used [0x00000007a5560000, 0x00000007a5560000, 0x00000007a6ab0000)
 concurrent mark-sweep generation total 393216K, used 253192K [0x00000007a8000000, 0x00000007c0000000, 0x00000007c0000000)
 Metaspace       used 45948K, capacity 47346K, committed 47532K, reserved 1091584K
  class space    used 5463K, capacity 5782K, committed 5804K, reserved 1048576K
2019-01-30T13:10:50.420+0600: 5647.968: [GC (CMS Final Remark) 2019-01-30T13:10:50.420+0600: 5647.968: [ParNew
Desired survivor size 20112992 bytes, new threshold 8 (max 8)
- age   1:     357168 bytes,     357168 total
- age   2:     226648 bytes,     583816 total
- age   3:     184240 bytes,     768056 total
- age   4:     266592 bytes,    1034648 total
- age   5:     336576 bytes,    1371224 total
- age   6:     242280 bytes,    1613504 total
- age   7:     286192 bytes,    1899696 total
- age   8:     246768 bytes,    2146464 total
: 4048K->2750K(109248K), 0.0088747 secs] 257241K->256207K(502464K), 0.0089575 secs] [Times: user=0.03 sys=0.00, real=0.00 secs] 
Heap after GC invocations=20018 (full 103):
 par new generation   total 109248K, used 2750K [0x00000007a0000000, 0x00000007a8000000, 0x00000007a8000000)
  eden space 87424K,   0% used [0x00000007a0000000, 0x00000007a0000000, 0x00000007a5560000)
  from space 21824K,  12% used [0x00000007a5560000, 0x00000007a580fb10, 0x00000007a6ab0000)
  to   space 21824K,   0% used [0x00000007a6ab0000, 0x00000007a6ab0000, 0x00000007a8000000)
 concurrent mark-sweep generation total 393216K, used 253456K [0x00000007a8000000, 0x00000007c0000000, 0x00000007c0000000)
 Metaspace       used 45948K, capacity 47346K, committed 47532K, reserved 1091584K
  class space    used 5463K, capacity 5782K, committed 5804K, reserved 1048576K
}
2019-01-30T13:10:50.429+0600: 5647.977: [Rescan (parallel) , 0.0041677 secs]2019-01-30T13:10:50.433+0600: 5647.981: [weak refs processing, 0.0008585 secs]2019-01-30T13:10:50.434+0600: 5647.982: [class unloading, 0.0144382 secs]2019-01-30T13:10:50.448+0600: 5647.996: [scrub symbol table, 0.0077428 secs]2019-01-30T13:10:50.456+0600: 5648.004: [scrub string table, 0.0005578 secs][1 CMS-remark: 253456K(393216K)] 256207K(502464K), 0.0432294 secs] [Times: user=0.08 sys=0.01, real=0.04 secs] 
2019-01-30T13:10:50.463+0600: 5648.011: Total time for which application threads were stopped: 0.0434362 seconds, Stopping threads took: 0.0000566 seconds
2019-01-30T13:10:50.463+0600: 5648.011: [CMS-concurrent-sweep-start]
2019-01-30T13:10:50.571+0600: 5648.120: [CMS-concurrent-sweep: 0.109/0.109 secs] [Times: user=0.21 sys=0.00, real=0.11 secs] 
2019-01-30T13:10:50.572+0600: 5648.120: [CMS-concurrent-reset-start]
2019-01-30T13:10:50.572+0600: 5648.120: [CMS-concurrent-reset: 0.000/0.000 secs] [Times: user=0.00 sys=0.00, real=0.00 secs] 
2019-01-30T13:10:51.466+0600: 5649.014: Total time for which application threads were stopped: 0.0002180 seconds, Stopping threads took: 0.0000823 seconds
2019-01-30T13:10:52.577+0600: 5650.125: [GC (CMS Initial Mark) [1 CMS-initial-mark: 253439K(393216K)] 256658K(502464K), 0.0020015 secs] [Times: user=0.01 sys=0.00, real=0.00 secs] 
2019-01-30T13:10:52.579+0600: 5650.127: Total time for which application threads were stopped: 0.0022361 seconds, Stopping threads took: 0.0000640 seconds
2019-01-30T13:10:52.579+0600: 5650.127: [CMS-concurrent-mark-start]
2019-01-30T13:10:52.848+0600: 5650.396: [CMS-concurrent-mark: 0.269/0.269 secs] [Times: user=1.03 sys=0.00, real=0.27 secs] 
2019-01-30T13:10:52.848+0600: 5650.396: [CMS-concurrent-preclean-start]
2019-01-30T13:10:52.850+0600: 5650.398: [CMS-concurrent-preclean: 0.002/0.003 secs] [Times: user=0.01 sys=0.00, real=0.01 secs] 
2019-01-30T13:10:52.851+0600: 5650.399: [GC (CMS Final Remark) [YG occupancy: 3260 K (109248 K)]{Heap before GC invocations=20018 (full 104):
 par new generation   total 109248K, used 3260K [0x00000007a0000000, 0x00000007a8000000, 0x00000007a8000000)
  eden space 87424K,   0% used [0x00000007a0000000, 0x00000007a007f778, 0x00000007a5560000)
  from space 21824K,  12% used [0x00000007a5560000, 0x00000007a580fb10, 0x00000007a6ab0000)
  to   space 21824K,   0% used [0x00000007a6ab0000, 0x00000007a6ab0000, 0x00000007a8000000)
 concurrent mark-sweep generation total 393216K, used 253439K [0x00000007a8000000, 0x00000007c0000000, 0x00000007c0000000)
 Metaspace       used 45889K, capacity 47262K, committed 47532K, reserved 1091584K
  class space    used 5455K, capacity 5768K, committed 5804K, reserved 1048576K
2019-01-30T13:10:52.851+0600: 5650.399: [GC (CMS Final Remark) 2019-01-30T13:10:52.851+0600: 5650.399: [ParNew
Desired survivor size 20112992 bytes, new threshold 8 (max 8)
- age   1:     295552 bytes,     295552 total
- age   2:     357024 bytes,     652576 total
- age   3:     226648 bytes,     879224 total
- age   4:     184152 bytes,    1063376 total
- age   5:     266592 bytes,    1329968 total
- age   6:     336576 bytes,    1666544 total
- age   7:     242280 bytes,    1908824 total
- age   8:     286192 bytes,    2195016 total
: 3260K->2729K(109248K), 0.0090528 secs] 256700K->256410K(502464K), 0.0091376 secs] [Times: user=0.03 sys=0.00, real=0.01 secs] 
Heap after GC invocations=20019 (full 104):
 par new generation   total 109248K, used 2729K [0x00000007a0000000, 0x00000007a8000000, 0x00000007a8000000)
  eden space 87424K,   0% used [0x00000007a0000000, 0x00000007a0000000, 0x00000007a5560000)
  from space 21824K,  12% used [0x00000007a6ab0000, 0x00000007a6d5a4e0, 0x00000007a8000000)
  to   space 21824K,   0% used [0x00000007a5560000, 0x00000007a5560000, 0x00000007a6ab0000)
 concurrent mark-sweep generation total 393216K, used 253680K [0x00000007a8000000, 0x00000007c0000000, 0x00000007c0000000)
 Metaspace       used 45889K, capacity 47262K, committed 47532K, reserved 1091584K
  class space    used 5455K, capacity 5768K, committed 5804K, reserved 1048576K
}
2019-01-30T13:10:52.860+0600: 5650.408: [Rescan (parallel) , 0.0042306 secs]2019-01-30T13:10:52.864+0600: 5650.412: [weak refs processing, 0.0009514 secs]2019-01-30T13:10:52.865+0600: 5650.413: [class unloading, 0.0095037 secs]2019-01-30T13:10:52.875+0600: 5650.423: [scrub symbol table, 0.0079890 secs]2019-01-30T13:10:52.883+0600: 5650.431: [scrub string table, 0.0007040 secs][1 CMS-remark: 253680K(393216K)] 256410K(502464K), 0.0329039 secs] [Times: user=0.06 sys=0.00, real=0.03 secs] 
2019-01-30T13:10:52.884+0600: 5650.432: Total time for which application threads were stopped: 0.0331056 seconds, Stopping threads took: 0.0000698 seconds
2019-01-30T13:10:52.884+0600: 5650.432: [CMS-concurrent-sweep-start]
2019-01-30T13:10:52.988+0600: 5650.536: [CMS-concurrent-sweep: 0.105/0.105 secs] [Times: user=0.21 sys=0.00, real=0.10 secs] 
2019-01-30T13:10:52.988+0600: 5650.537: [CMS-concurrent-reset-start]
2019-01-30T13:10:52.989+0600: 5650.537: [CMS-concurrent-reset: 0.000/0.000 secs] [Times: user=0.00 sys=0.00, real=0.00 secs] 
2019-01-30T13:10:54.989+0600: 5652.537: [GC (CMS Initial Mark) [1 CMS-initial-mark: 253680K(393216K)] 256877K(502464K), 0.0021559 secs] [Times: user=0.01 sys=0.00, real=0.01 secs] 
2019-01-30T13:10:54.991+0600: 5652.539: Total time for which application threads were stopped: 0.0023851 seconds, Stopping threads took: 0.0000671 seconds
2019-01-30T13:10:54.991+0600: 5652.539: [CMS-concurrent-mark-start]
2019-01-30T13:10:55.266+0600: 5652.814: [CMS-concurrent-mark: 0.274/0.274 secs] [Times: user=0.99 sys=0.01, real=0.27 secs] 
2019-01-30T13:10:55.266+0600: 5652.814: [CMS-concurrent-preclean-start]
2019-01-30T13:10:55.268+0600: 5652.816: [CMS-concurrent-preclean: 0.002/0.002 secs] [Times: user=0.00 sys=0.00, real=0.00 secs] 
2019-01-30T13:10:55.269+0600: 5652.817: [GC (CMS Final Remark) [YG occupancy: 3239 K (109248 K)]{Heap before GC invocations=20019 (full 105):
 par new generation   total 109248K, used 3239K [0x00000007a0000000, 0x00000007a8000000, 0x00000007a8000000)
  eden space 87424K,   0% used [0x00000007a0000000, 0x00000007a007f730, 0x00000007a5560000)
  from space 21824K,  12% used [0x00000007a6ab0000, 0x00000007a6d5a4e0, 0x00000007a8000000)
  to   space 21824K,   0% used [0x00000007a5560000, 0x00000007a5560000, 0x00000007a6ab0000)
 concurrent mark-sweep generation total 393216K, used 253680K [0x00000007a8000000, 0x00000007c0000000, 0x00000007c0000000)
 Metaspace       used 45889K, capacity 47262K, committed 47532K, reserved 1091584K
  class space    used 5455K, capacity 5768K, committed 5804K, reserved 1048576K
2019-01-30T13:10:55.269+0600: 5652.817: [GC (CMS Final Remark) 2019-01-30T13:10:55.269+0600: 5652.817: [ParNew
Desired survivor size 20112992 bytes, new threshold 8 (max 8)
- age   1:     298000 bytes,     298000 total
- age   2:     295528 bytes,     593528 total
- age   3:     357024 bytes,     950552 total
- age   4:     226648 bytes,    1177200 total
- age   5:     184152 bytes,    1361352 total
- age   6:     266592 bytes,    1627944 total
- age   7:     336576 bytes,    1964520 total
- age   8:     242280 bytes,    2206800 total
: 3239K->2820K(109248K), 0.0081937 secs] 256919K->256781K(502464K), 0.0082747 secs] [Times: user=0.03 sys=0.00, real=0.01 secs] 
Heap after GC invocations=20020 (full 105):
 par new generation   total 109248K, used 2820K [0x00000007a0000000, 0x00000007a8000000, 0x00000007a8000000)
  eden space 87424K,   0% used [0x00000007a0000000, 0x00000007a0000000, 0x00000007a5560000)
  from space 21824K,  12% used [0x00000007a5560000, 0x00000007a58213c0, 0x00000007a6ab0000)
  to   space 21824K,   0% used [0x00000007a6ab0000, 0x00000007a6ab0000, 0x00000007a8000000)
 concurrent mark-sweep generation total 393216K, used 253960K [0x00000007a8000000, 0x00000007c0000000, 0x00000007c0000000)
 Metaspace       used 45889K, capacity 47262K, committed 47532K, reserved 1091584K
  class space    used 5455K, capacity 5768K, committed 5804K, reserved 1048576K
}
2019-01-30T13:10:55.277+0600: 5652.825: [Rescan (parallel) , 0.0043298 secs]2019-01-30T13:10:55.281+0600: 5652.829: [weak refs processing, 0.0008417 secs]2019-01-30T13:10:55.282+0600: 5652.830: [class unloading, 0.0093553 secs]2019-01-30T13:10:55.292+0600: 5652.840: [scrub symbol table, 0.0067904 secs]2019-01-30T13:10:55.298+0600: 5652.847: [scrub string table, 0.0007014 secs][1 CMS-remark: 253960K(393216K)] 256781K(502464K), 0.0307226 secs] [Times: user=0.07 sys=0.00, real=0.03 secs] 
2019-01-30T13:10:55.299+0600: 5652.848: Total time for which application threads were stopped: 0.0309625 seconds, Stopping threads took: 0.0000669 seconds
2019-01-30T13:10:55.299+0600: 5652.848: [CMS-concurrent-sweep-start]
2019-01-30T13:10:55.404+0600: 5652.953: [CMS-concurrent-sweep: 0.105/0.105 secs] [Times: user=0.20 sys=0.00, real=0.11 secs] 
2019-01-30T13:10:55.405+0600: 5652.953: [CMS-concurrent-reset-start]
2019-01-30T13:10:55.405+0600: 5652.953: [CMS-concurrent-reset: 0.000/0.000 secs] [Times: user=0.00 sys=0.00, real=0.00 secs] 
2019-01-30T13:10:57.409+0600: 5654.957: [GC (CMS Initial Mark) [1 CMS-initial-mark: 253960K(393216K)] 257213K(502464K), 0.0020879 secs] [Times: user=0.01 sys=0.00, real=0.01 secs] 
2019-01-30T13:10:57.411+0600: 5654.960: Total time for which application threads were stopped: 0.0023416 seconds, Stopping threads took: 0.0000718 seconds
2019-01-30T13:10:57.412+0600: 5654.960: [CMS-concurrent-mark-start]
2019-01-30T13:10:57.653+0600: 5655.202: [CMS-concurrent-mark: 0.242/0.242 secs] [Times: user=0.88 sys=0.00, real=0.24 secs] 
2019-01-30T13:10:57.654+0600: 5655.202: [CMS-concurrent-preclean-start]
2019-01-30T13:10:57.656+0600: 5655.204: [CMS-concurrent-preclean: 0.002/0.002 secs] [Times: user=0.01 sys=0.01, real=0.00 secs] 
2019-01-30T13:10:57.656+0600: 5655.204: [GC (CMS Final Remark) [YG occupancy: 3295 K (109248 K)]{Heap before GC invocations=20020 (full 106):
 par new generation   total 109248K, used 3295K [0x00000007a0000000, 0x00000007a8000000, 0x00000007a8000000)
  eden space 87424K,   0% used [0x00000007a0000000, 0x00000007a00769a0, 0x00000007a5560000)
  from space 21824K,  12% used [0x00000007a5560000, 0x00000007a58213c0, 0x00000007a6ab0000)
  to   space 21824K,   0% used [0x00000007a6ab0000, 0x00000007a6ab0000, 0x00000007a8000000)
 concurrent mark-sweep generation total 393216K, used 253960K [0x00000007a8000000, 0x00000007c0000000, 0x00000007c0000000)
 Metaspace       used 45889K, capacity 47262K, committed 47532K, reserved 1091584K
  class space    used 5455K, capacity 5768K, committed 5804K, reserved 1048576K
2019-01-30T13:10:57.656+0600: 5655.204: [GC (CMS Final Remark) 2019-01-30T13:10:57.656+0600: 5655.204: [ParNew
Desired survivor size 20112992 bytes, new threshold 8 (max 8)
- age   1:     256568 bytes,     256568 total
- age   2:     297856 bytes,     554424 total
- age   3:     295528 bytes,     849952 total
- age   4:     357024 bytes,    1206976 total
- age   5:     226648 bytes,    1433624 total
- age   6:     184152 bytes,    1617776 total
- age   7:     266592 bytes,    1884368 total
- age   8:     336576 bytes,    2220944 total
: 3295K->3195K(109248K), 0.0076627 secs] 257255K->257392K(502464K), 0.0077506 secs] [Times: user=0.03 sys=0.00, real=0.01 secs] 
Heap after GC invocations=20021 (full 106):
 par new generation   total 109248K, used 3195K [0x00000007a0000000, 0x00000007a8000000, 0x00000007a8000000)
  eden space 87424K,   0% used [0x00000007a0000000, 0x00000007a0000000, 0x00000007a5560000)
  from space 21824K,  14% used [0x00000007a6ab0000, 0x00000007a6dcef20, 0x00000007a8000000)
  to   space 21824K,   0% used [0x00000007a5560000, 0x00000007a5560000, 0x00000007a6ab0000)
 concurrent mark-sweep generation total 393216K, used 254196K [0x00000007a8000000, 0x00000007c0000000, 0x00000007c0000000)
 Metaspace       used 45889K, capacity 47262K, committed 47532K, reserved 1091584K
  class space    used 5455K, capacity 5768K, committed 5804K, reserved 1048576K
}
2019-01-30T13:10:57.664+0600: 5655.212: [Rescan (parallel) , 0.0043710 secs]2019-01-30T13:10:57.668+0600: 5655.216: [weak refs processing, 0.0008454 secs]2019-01-30T13:10:57.669+0600: 5655.217: [class unloading, 0.0095144 secs]2019-01-30T13:10:57.679+0600: 5655.227: [scrub symbol table, 0.0073911 secs]2019-01-30T13:10:57.686+0600: 5655.234: [scrub string table, 0.0005219 secs][1 CMS-remark: 254196K(393216K)] 257392K(502464K), 0.0307707 secs] [Times: user=0.07 sys=0.00, real=0.03 secs] 
2019-01-30T13:10:57.687+0600: 5655.235: Total time for which application threads were stopped: 0.0309565 seconds, Stopping threads took: 0.0000657 seconds
2019-01-30T13:10:57.687+0600: 5655.235: [CMS-concurrent-sweep-start]
2019-01-30T13:10:57.792+0600: 5655.340: [CMS-concurrent-sweep: 0.105/0.105 secs] [Times: user=0.20 sys=0.00, real=0.11 secs] 
2019-01-30T13:10:57.792+0600: 5655.340: [CMS-concurrent-reset-start]
2019-01-30T13:10:57.792+0600: 5655.340: [CMS-concurrent-reset: 0.001/0.001 secs] [Times: user=0.00 sys=0.00, real=0.00 secs] 
2019-01-30T13:10:59.797+0600: 5657.345: [GC (CMS Initial Mark) [1 CMS-initial-mark: 254196K(393216K)] 257817K(502464K), 0.0044931 secs] [Times: user=0.00 sys=0.00, real=0.01 secs] 
2019-01-30T13:10:59.801+0600: 5657.349: Total time for which application threads were stopped: 0.0047653 seconds, Stopping threads took: 0.0001259 seconds
2019-01-30T13:10:59.801+0600: 5657.349: [CMS-concurrent-mark-start]
2019-01-30T13:11:00.072+0600: 5657.620: [CMS-concurrent-mark: 0.271/0.271 secs] [Times: user=1.02 sys=0.00, real=0.27 secs] 
2019-01-30T13:11:00.072+0600: 5657.620: [CMS-concurrent-preclean-start]
2019-01-30T13:11:00.074+0600: 5657.622: [CMS-concurrent-preclean: 0.002/0.002 secs] [Times: user=0.00 sys=0.00, real=0.00 secs] 
2019-01-30T13:11:00.075+0600: 5657.623: [GC (CMS Final Remark) [YG occupancy: 3663 K (109248 K)]{Heap before GC invocations=20021 (full 107):
 par new generation   total 109248K, used 3663K [0x00000007a0000000, 0x00000007a8000000, 0x00000007a8000000)
  eden space 87424K,   0% used [0x00000007a0000000, 0x00000007a0074d38, 0x00000007a5560000)
  from space 21824K,  14% used [0x00000007a6ab0000, 0x00000007a6dcef20, 0x00000007a8000000)
  to   space 21824K,   0% used [0x00000007a5560000, 0x00000007a5560000, 0x00000007a6ab0000)
 concurrent mark-sweep generation total 393216K, used 254196K [0x00000007a8000000, 0x00000007c0000000, 0x00000007c0000000)
 Metaspace       used 45889K, capacity 47262K, committed 47532K, reserved 1091584K
  class space    used 5455K, capacity 5768K, committed 5804K, reserved 1048576K
2019-01-30T13:11:00.075+0600: 5657.623: [GC (CMS Final Remark) 2019-01-30T13:11:00.075+0600: 5657.623: [ParNew
Desired survivor size 20112992 bytes, new threshold 8 (max 8)
- age   1:     265200 bytes,     265200 total
- age   2:     256544 bytes,     521744 total
- age   3:     297856 bytes,     819600 total
- age   4:     295528 bytes,    1115128 total
- age   5:     357024 bytes,    1472152 total
- age   6:     226648 bytes,    1698800 total
- age   7:     184152 bytes,    1882952 total
- age   8:     266592 bytes,    2149544 total
: 3663K->3115K(109248K), 0.0076907 secs] 257860K->257641K(502464K), 0.0077698 secs] [Times: user=0.02 sys=0.01, real=0.01 secs] 
Heap after GC invocations=20022 (full 107):
 par new generation   total 109248K, used 3115K [0x00000007a0000000, 0x00000007a8000000, 0x00000007a8000000)
  eden space 87424K,   0% used [0x00000007a0000000, 0x00000007a0000000, 0x00000007a5560000)
  from space 21824K,  14% used [0x00000007a5560000, 0x00000007a586adf8, 0x00000007a6ab0000)
  to   space 21824K,   0% used [0x00000007a6ab0000, 0x00000007a6ab0000, 0x00000007a8000000)
 concurrent mark-sweep generation total 393216K, used 254525K [0x00000007a8000000, 0x00000007c0000000, 0x00000007c0000000)
 Metaspace       used 45889K, capacity 47262K, committed 47532K, reserved 1091584K
  class space    used 5455K, capacity 5768K, committed 5804K, reserved 1048576K
}
2019-01-30T13:11:00.083+0600: 5657.631: [Rescan (parallel) , 0.0042323 secs]2019-01-30T13:11:00.087+0600: 5657.635: [weak refs processing, 0.0008727 secs]2019-01-30T13:11:00.088+0600: 5657.636: [class unloading, 0.0099707 secs]2019-01-30T13:11:00.098+0600: 5657.646: [scrub symbol table, 0.0076568 secs]2019-01-30T13:11:00.105+0600: 5657.653: [scrub string table, 0.0005255 secs][1 CMS-remark: 254525K(393216K)] 257641K(502464K), 0.0314376 secs] [Times: user=0.06 sys=0.01, real=0.03 secs] 
2019-01-30T13:11:00.106+0600: 5657.654: Total time for which application threads were stopped: 0.0316294 seconds, Stopping threads took: 0.0000622 seconds
2019-01-30T13:11:00.106+0600: 5657.654: [CMS-concurrent-sweep-start]
2019-01-30T13:11:00.218+0600: 5657.766: [CMS-concurrent-sweep: 0.112/0.112 secs] [Times: user=0.21 sys=0.00, real=0.11 secs] 
2019-01-30T13:11:00.218+0600: 5657.766: [CMS-concurrent-reset-start]
2019-01-30T13:11:00.219+0600: 5657.767: [CMS-concurrent-reset: 0.000/0.000 secs] [Times: user=0.00 sys=0.00, real=0.00 secs] 
2019-01-30T13:11:02.218+0600: 5659.766: [GC (CMS Initial Mark) [1 CMS-initial-mark: 254525K(393216K)] 258194K(502464K), 0.0021054 secs] [Times: user=0.01 sys=0.00, real=0.01 secs] 
2019-01-30T13:11:02.220+0600: 5659.768: Total time for which application threads were stopped: 0.0023601 seconds, Stopping threads took: 0.0000651 seconds
2019-01-30T13:11:02.220+0600: 5659.768: [CMS-concurrent-mark-start]
2019-01-30T13:11:02.459+0600: 5660.007: [CMS-concurrent-mark: 0.238/0.238 secs] [Times: user=0.90 sys=0.00, real=0.23 secs] 
2019-01-30T13:11:02.459+0600: 5660.007: [CMS-concurrent-preclean-start]
2019-01-30T13:11:02.462+0600: 5660.010: [CMS-concurrent-preclean: 0.003/0.003 secs] [Times: user=0.01 sys=0.00, real=0.01 secs] 
2019-01-30T13:11:02.462+0600: 5660.010: [GC (CMS Final Remark) [YG occupancy: 3710 K (109248 K)]{Heap before GC invocations=20022 (full 108):
 par new generation   total 109248K, used 3710K [0x00000007a0000000, 0x00000007a8000000, 0x00000007a8000000)
  eden space 87424K,   0% used [0x00000007a0000000, 0x00000007a0094de8, 0x00000007a5560000)
  from space 21824K,  14% used [0x00000007a5560000, 0x00000007a586adf8, 0x00000007a6ab0000)
  to   space 21824K,   0% used [0x00000007a6ab0000, 0x00000007a6ab0000, 0x00000007a8000000)
 concurrent mark-sweep generation total 393216K, used 254525K [0x00000007a8000000, 0x00000007c0000000, 0x00000007c0000000)
 Metaspace       used 45889K, capacity 47262K, committed 47532K, reserved 1091584K
  class space    used 5455K, capacity 5768K, committed 5804K, reserved 1048576K
2019-01-30T13:11:02.462+0600: 5660.010: [GC (CMS Final Remark) 2019-01-30T13:11:02.462+0600: 5660.010: [ParNew
Desired survivor size 20112992 bytes, new threshold 8 (max 8)
- age   1:     340768 bytes,     340768 total
- age   2:     265056 bytes,     605824 total
- age   3:     256544 bytes,     862368 total
- age   4:     297856 bytes,    1160224 total
- age   5:     295528 bytes,    1455752 total
- age   6:     357024 bytes,    1812776 total
- age   7:     226648 bytes,    2039424 total
- age   8:     184152 bytes,    2223576 total
: 3710K->2943K(109248K), 0.0074745 secs] 258236K->257729K(502464K), 0.0075524 secs] [Times: user=0.03 sys=0.00, real=0.00 secs] 
Heap after GC invocations=20023 (full 108):
 par new generation   total 109248K, used 2943K [0x00000007a0000000, 0x00000007a8000000, 0x00000007a8000000)
  eden space 87424K,   0% used [0x00000007a0000000, 0x00000007a0000000, 0x00000007a5560000)
  from space 21824K,  13% used [0x00000007a6ab0000, 0x00000007a6d8fe78, 0x00000007a8000000)
  to   space 21824K,   0% used [0x00000007a5560000, 0x00000007a5560000, 0x00000007a6ab0000)
 concurrent mark-sweep generation total 393216K, used 254785K [0x00000007a8000000, 0x00000007c0000000, 0x00000007c0000000)
 Metaspace       used 45889K, capacity 47262K, committed 47532K, reserved 1091584K
  class space    used 5455K, capacity 5768K, committed 5804K, reserved 1048576K
}
2019-01-30T13:11:02.470+0600: 5660.017: [Rescan (parallel) , 0.0043793 secs]2019-01-30T13:11:02.474+0600: 5660.022: [weak refs processing, 0.0009400 secs]2019-01-30T13:11:02.475+0600: 5660.023: [class unloading, 0.0096461 secs]2019-01-30T13:11:02.485+0600: 5660.032: [scrub symbol table, 0.0076245 secs]2019-01-30T13:11:02.492+0600: 5660.040: [scrub string table, 0.0005733 secs][1 CMS-remark: 254785K(393216K)] 257729K(502464K), 0.0310951 secs] [Times: user=0.06 sys=0.00, real=0.03 secs] 
2019-01-30T13:11:02.493+0600: 5660.041: Total time for which application threads were stopped: 0.0312766 seconds, Stopping threads took: 0.0000551 seconds
2019-01-30T13:11:02.493+0600: 5660.041: [CMS-concurrent-sweep-start]
2019-01-30T13:11:02.607+0600: 5660.155: [CMS-concurrent-sweep: 0.114/0.114 secs] [Times: user=0.22 sys=0.00, real=0.11 secs] 
2019-01-30T13:11:02.607+0600: 5660.155: [CMS-concurrent-reset-start]
2019-01-30T13:11:02.608+0600: 5660.156: [CMS-concurrent-reset: 0.001/0.001 secs] [Times: user=0.00 sys=0.00, real=0.00 secs] 
2019-01-30T13:11:04.608+0600: 5662.156: [GC (CMS Initial Mark) [1 CMS-initial-mark: 254785K(393216K)] 258196K(502464K), 0.0019793 secs] [Times: user=0.01 sys=0.00, real=0.01 secs] 
2019-01-30T13:11:04.610+0600: 5662.158: Total time for which application threads were stopped: 0.0021699 seconds, Stopping threads took: 0.0000542 seconds
2019-01-30T13:11:04.610+0600: 5662.158: [CMS-concurrent-mark-start]
2019-01-30T13:11:04.867+0600: 5662.414: [CMS-concurrent-mark: 0.257/0.257 secs] [Times: user=0.98 sys=0.00, real=0.25 secs] 
2019-01-30T13:11:04.867+0600: 5662.414: [CMS-concurrent-preclean-start]
2019-01-30T13:11:04.869+0600: 5662.417: [CMS-concurrent-preclean: 0.003/0.003 secs] [Times: user=0.01 sys=0.00, real=0.00 secs] 
2019-01-30T13:11:04.870+0600: 5662.417: [GC (CMS Final Remark) [YG occupancy: 3410 K (109248 K)]{Heap before GC invocations=20023 (full 109):
 par new generation   total 109248K, used 3410K [0x00000007a0000000, 0x00000007a8000000, 0x00000007a8000000)
  eden space 87424K,   0% used [0x00000007a0000000, 0x00000007a0074d20, 0x00000007a5560000)
  from space 21824K,  13% used [0x00000007a6ab0000, 0x00000007a6d8fe78, 0x00000007a8000000)
  to   space 21824K,   0% used [0x00000007a5560000, 0x00000007a5560000, 0x00000007a6ab0000)
 concurrent mark-sweep generation total 393216K, used 254785K [0x00000007a8000000, 0x00000007c0000000, 0x00000007c0000000)
 Metaspace       used 45889K, capacity 47262K, committed 47532K, reserved 1091584K
  class space    used 5455K, capacity 5768K, committed 5804K, reserved 1048576K
2019-01-30T13:11:04.870+0600: 5662.417: [GC (CMS Final Remark) 2019-01-30T13:11:04.870+0600: 5662.417: [ParNew
Desired survivor size 20112992 bytes, new threshold 8 (max 8)
- age   1:     274512 bytes,     274512 total
- age   2:     340744 bytes,     615256 total
- age   3:     265056 bytes,     880312 total
- age   4:     256544 bytes,    1136856 total
- age   5:     297856 bytes,    1434712 total
- age   6:     295528 bytes,    1730240 total
- age   7:     357024 bytes,    2087264 total
- age   8:     226648 bytes,    2313912 total
: 3410K->2975K(109248K), 0.0075299 secs] 258196K->257940K(502464K), 0.0076112 secs] [Times: user=0.03 sys=0.01, real=0.00 secs] 
Heap after GC invocations=20024 (full 109):
 par new generation   total 109248K, used 2975K [0x00000007a0000000, 0x00000007a8000000, 0x00000007a8000000)
  eden space 87424K,   0% used [0x00000007a0000000, 0x00000007a0000000, 0x00000007a5560000)
  from space 21824K,  13% used [0x00000007a5560000, 0x00000007a5847cf8, 0x00000007a6ab0000)
  to   space 21824K,   0% used [0x00000007a6ab0000, 0x00000007a6ab0000, 0x00000007a8000000)
 concurrent mark-sweep generation total 393216K, used 254965K [0x00000007a8000000, 0x00000007c0000000, 0x00000007c0000000)
 Metaspace       used 45889K, capacity 47262K, committed 47532K, reserved 1091584K
  class space    used 5455K, capacity 5768K, committed 5804K, reserved 1048576K
}
2019-01-30T13:11:04.877+0600: 5662.425: [Rescan (parallel) , 0.0043390 secs]2019-01-30T13:11:04.882+0600: 5662.429: [weak refs processing, 0.0008689 secs]2019-01-30T13:11:04.883+0600: 5662.430: [class unloading, 0.0092937 secs]2019-01-30T13:11:04.892+0600: 5662.440: [scrub symbol table, 0.0071308 secs]2019-01-30T13:11:04.899+0600: 5662.447: [scrub string table, 0.0005244 secs][1 CMS-remark: 254965K(393216K)] 257940K(502464K), 0.0301628 secs] [Times: user=0.06 sys=0.01, real=0.03 secs] 
2019-01-30T13:11:04.900+0600: 5662.448: Total time for which application threads were stopped: 0.0303473 seconds, Stopping threads took: 0.0000612 seconds
2019-01-30T13:11:04.900+0600: 5662.448: [CMS-concurrent-sweep-start]
2019-01-30T13:11:05.005+0600: 5662.552: [CMS-concurrent-sweep: 0.105/0.105 secs] [Times: user=0.20 sys=0.00, real=0.10 secs] 
2019-01-30T13:11:05.005+0600: 5662.553: [CMS-concurrent-reset-start]
2019-01-30T13:11:05.005+0600: 5662.553: [CMS-concurrent-reset: 0.000/0.000 secs] [Times: user=0.00 sys=0.00, real=0.00 secs] 
2019-01-30T13:11:07.009+0600: 5664.557: [GC (CMS Initial Mark) [1 CMS-initial-mark: 254965K(393216K)] 258367K(502464K), 0.0020389 secs] [Times: user=0.01 sys=0.00, real=0.01 secs] 
2019-01-30T13:11:07.011+0600: 5664.559: Total time for which application threads were stopped: 0.0022887 seconds, Stopping threads took: 0.0001091 seconds
2019-01-30T13:11:07.011+0600: 5664.559: [CMS-concurrent-mark-start]
2019-01-30T13:11:07.285+0600: 5664.833: [CMS-concurrent-mark: 0.274/0.274 secs] [Times: user=0.94 sys=0.00, real=0.27 secs] 
2019-01-30T13:11:07.286+0600: 5664.833: [CMS-concurrent-preclean-start]
2019-01-30T13:11:07.289+0600: 5664.837: [CMS-concurrent-preclean: 0.003/0.003 secs] [Times: user=0.01 sys=0.00, real=0.00 secs] 
2019-01-30T13:11:07.289+0600: 5664.837: [GC (CMS Final Remark) [YG occupancy: 3487 K (109248 K)]{Heap before GC invocations=20024 (full 110):
 par new generation   total 109248K, used 3487K [0x00000007a0000000, 0x00000007a8000000, 0x00000007a8000000)
  eden space 87424K,   0% used [0x00000007a0000000, 0x00000007a007ff28, 0x00000007a5560000)
  from space 21824K,  13% used [0x00000007a5560000, 0x00000007a5847cf8, 0x00000007a6ab0000)
  to   space 21824K,   0% used [0x00000007a6ab0000, 0x00000007a6ab0000, 0x00000007a8000000)
 concurrent mark-sweep generation total 393216K, used 254965K [0x00000007a8000000, 0x00000007c0000000, 0x00000007c0000000)
 Metaspace       used 45889K, capacity 47262K, committed 47532K, reserved 1091584K
  class space    used 5455K, capacity 5768K, committed 5804K, reserved 1048576K
2019-01-30T13:11:07.289+0600: 5664.837: [GC (CMS Final Remark) 2019-01-30T13:11:07.289+0600: 5664.837: [ParNew
Desired survivor size 20112992 bytes, new threshold 8 (max 8)
- age   1:     291992 bytes,     291992 total
- age   2:     274368 bytes,     566360 total
- age   3:     340744 bytes,     907104 total
- age   4:     265056 bytes,    1172160 total
- age   5:     256544 bytes,    1428704 total
- age   6:     297856 bytes,    1726560 total
- age   7:     295528 bytes,    2022088 total
- age   8:     357024 bytes,    2379112 total
: 3487K->3074K(109248K), 0.0086578 secs] 258452K->258261K(502464K), 0.0087349 secs] [Times: user=0.03 sys=0.01, real=0.01 secs] 
Heap after GC invocations=20025 (full 110):
 par new generation   total 109248K, used 3074K [0x00000007a0000000, 0x00000007a8000000, 0x00000007a8000000)
  eden space 87424K,   0% used [0x00000007a0000000, 0x00000007a0000000, 0x00000007a5560000)
  from space 21824K,  14% used [0x00000007a6ab0000, 0x00000007a6db0848, 0x00000007a8000000)
  to   space 21824K,   0% used [0x00000007a5560000, 0x00000007a5560000, 0x00000007a6ab0000)
 concurrent mark-sweep generation total 393216K, used 255186K [0x00000007a8000000, 0x00000007c0000000, 0x00000007c0000000)
 Metaspace       used 45889K, capacity 47262K, committed 47532K, reserved 1091584K
  class space    used 5455K, capacity 5768K, committed 5804K, reserved 1048576K
}
2019-01-30T13:11:07.298+0600: 5664.846: [Rescan (parallel) , 0.0049610 secs]2019-01-30T13:11:07.303+0600: 5664.851: [weak refs processing, 0.0020166 secs]2019-01-30T13:11:07.305+0600: 5664.853: [class unloading, 0.0111733 secs]2019-01-30T13:11:07.316+0600: 5664.864: [scrub symbol table, 0.0087951 secs]2019-01-30T13:11:07.325+0600: 5664.873: [scrub string table, 0.0010461 secs][1 CMS-remark: 255186K(393216K)] 258261K(502464K), 0.0371783 secs] [Times: user=0.06 sys=0.01, real=0.04 secs] 
2019-01-30T13:11:07.326+0600: 5664.874: Total time for which application threads were stopped: 0.0373751 seconds, Stopping threads took: 0.0000763 seconds
2019-01-30T13:11:07.326+0600: 5664.874: [CMS-concurrent-sweep-start]
2019-01-30T13:11:07.449+0600: 5664.996: [CMS-concurrent-sweep: 0.122/0.122 secs] [Times: user=0.24 sys=0.00, real=0.12 secs] 
2019-01-30T13:11:07.449+0600: 5664.996: [CMS-concurrent-reset-start]
2019-01-30T13:11:07.449+0600: 5664.997: [CMS-concurrent-reset: 0.000/0.000 secs] [Times: user=0.00 sys=0.00, real=0.00 secs] 
2019-01-30T13:11:09.451+0600: 5666.999: [GC (CMS Initial Mark) [1 CMS-initial-mark: 255186K(393216K)] 258685K(502464K), 0.0030560 secs] [Times: user=0.01 sys=0.00, real=0.00 secs] 
2019-01-30T13:11:09.454+0600: 5667.002: Total time for which application threads were stopped: 0.0033595 seconds, Stopping threads took: 0.0000637 seconds
2019-01-30T13:11:09.455+0600: 5667.002: [CMS-concurrent-mark-start]
2019-01-30T13:11:09.912+0600: 5667.459: [CMS-concurrent-mark: 0.457/0.457 secs] [Times: user=0.99 sys=0.02, real=0.46 secs] 
2019-01-30T13:11:09.912+0600: 5667.459: [CMS-concurrent-preclean-start]
2019-01-30T13:11:09.918+0600: 5667.466: [CMS-concurrent-preclean: 0.006/0.006 secs] [Times: user=0.01 sys=0.00, real=0.00 secs] 
2019-01-30T13:11:09.919+0600: 5667.467: [GC (CMS Final Remark) [YG occupancy: 3541 K (109248 K)]{Heap before GC invocations=20025 (full 111):
 par new generation   total 109248K, used 3541K [0x00000007a0000000, 0x00000007a8000000, 0x00000007a8000000)
  eden space 87424K,   0% used [0x00000007a0000000, 0x00000007a0074da0, 0x00000007a5560000)
  from space 21824K,  14% used [0x00000007a6ab0000, 0x00000007a6db0848, 0x00000007a8000000)
  to   space 21824K,   0% used [0x00000007a5560000, 0x00000007a5560000, 0x00000007a6ab0000)
 concurrent mark-sweep generation total 393216K, used 255186K [0x00000007a8000000, 0x00000007c0000000, 0x00000007c0000000)
 Metaspace       used 45889K, capacity 47262K, committed 47532K, reserved 1091584K
  class space    used 5455K, capacity 5768K, committed 5804K, reserved 1048576K
2019-01-30T13:11:09.920+0600: 5667.467: [GC (CMS Final Remark) 2019-01-30T13:11:09.920+0600: 5667.467: [ParNew
Desired survivor size 20112992 bytes, new threshold 8 (max 8)
- age   1:     264184 bytes,     264184 total
- age   2:     291968 bytes,     556152 total
- age   3:     274368 bytes,     830520 total
- age   4:     340744 bytes,    1171264 total
- age   5:     265056 bytes,    1436320 total
- age   6:     256544 bytes,    1692864 total
- age   7:     297856 bytes,    1990720 total
- age   8:     295528 bytes,    2286248 total
: 3541K->2589K(109248K), 0.0190429 secs] 258728K->258124K(502464K), 0.0191510 secs] [Times: user=0.03 sys=0.01, real=0.01 secs] 
Heap after GC invocations=20026 (full 111):
 par new generation   total 109248K, used 2589K [0x00000007a0000000, 0x00000007a8000000, 0x00000007a8000000)
  eden space 87424K,   0% used [0x00000007a0000000, 0x00000007a0000000, 0x00000007a5560000)
  from space 21824K,  11% used [0x00000007a5560000, 0x00000007a57e7478, 0x00000007a6ab0000)
  to   space 21824K,   0% used [0x00000007a6ab0000, 0x00000007a6ab0000, 0x00000007a8000000)
 concurrent mark-sweep generation total 393216K, used 255535K [0x00000007a8000000, 0x00000007c0000000, 0x00000007c0000000)
 Metaspace       used 45889K, capacity 47262K, committed 47532K, reserved 1091584K
  class space    used 5455K, capacity 5768K, committed 5804K, reserved 1048576K
}
2019-01-30T13:11:09.939+0600: 5667.486: [Rescan (parallel) , 0.0051598 secs]2019-01-30T13:11:09.944+0600: 5667.492: [weak refs processing, 0.0022177 secs]2019-01-30T13:11:09.946+0600: 5667.494: [class unloading, 0.0200210 secs]2019-01-30T13:11:09.967+0600: 5667.514: [scrub symbol table, 0.0196612 secs]2019-01-30T13:11:09.987+0600: 5667.535: [scrub string table, 0.0011937 secs][1 CMS-remark: 255535K(393216K)] 258124K(502464K), 0.0693874 secs] [Times: user=0.09 sys=0.01, real=0.07 secs] 
2019-01-30T13:11:09.989+0600: 5667.537: Total time for which application threads were stopped: 0.0705250 seconds, Stopping threads took: 0.0009001 seconds
2019-01-30T13:11:09.989+0600: 5667.537: [CMS-concurrent-sweep-start]
2019-01-30T13:11:10.171+0600: 5667.719: [CMS-concurrent-sweep: 0.182/0.182 secs] [Times: user=0.32 sys=0.01, real=0.19 secs] 
2019-01-30T13:11:10.171+0600: 5667.719: [CMS-concurrent-reset-start]
2019-01-30T13:11:10.172+0600: 5667.720: [CMS-concurrent-reset: 0.001/0.001 secs] [Times: user=0.00 sys=0.00, real=0.00 secs] 
2019-01-30T13:11:12.175+0600: 5669.722: [GC (CMS Initial Mark) [1 CMS-initial-mark: 255535K(393216K)] 258464K(502464K), 0.0018614 secs] [Times: user=0.01 sys=0.00, real=0.00 secs] 
2019-01-30T13:11:12.177+0600: 5669.724: Total time for which application threads were stopped: 0.0020684 seconds, Stopping threads took: 0.0000634 seconds
2019-01-30T13:11:12.177+0600: 5669.724: [CMS-concurrent-mark-start]
2019-01-30T13:11:12.438+0600: 5669.986: [CMS-concurrent-mark: 0.262/0.262 secs] [Times: user=0.97 sys=0.00, real=0.26 secs] 
2019-01-30T13:11:12.438+0600: 5669.986: [CMS-concurrent-preclean-start]
2019-01-30T13:11:12.441+0600: 5669.988: [CMS-concurrent-preclean: 0.002/0.002 secs] [Times: user=0.00 sys=0.00, real=0.01 secs] 
2019-01-30T13:11:12.441+0600: 5669.988: [GC (CMS Final Remark) [YG occupancy: 2971 K (109248 K)]{Heap before GC invocations=20026 (full 112):
 par new generation   total 109248K, used 2971K [0x00000007a0000000, 0x00000007a8000000, 0x00000007a8000000)
  eden space 87424K,   0% used [0x00000007a0000000, 0x00000007a005f998, 0x00000007a5560000)
  from space 21824K,  11% used [0x00000007a5560000, 0x00000007a57e7478, 0x00000007a6ab0000)
  to   space 21824K,   0% used [0x00000007a6ab0000, 0x00000007a6ab0000, 0x00000007a8000000)
 concurrent mark-sweep generation total 393216K, used 255535K [0x00000007a8000000, 0x00000007c0000000, 0x00000007c0000000)
 Metaspace       used 45889K, capacity 47262K, committed 47532K, reserved 1091584K
  class space    used 5455K, capacity 5768K, committed 5804K, reserved 1048576K
2019-01-30T13:11:12.441+0600: 5669.989: [GC (CMS Final Remark) 2019-01-30T13:11:12.441+0600: 5669.989: [ParNew
Desired survivor size 20112992 bytes, new threshold 8 (max 8)
- age   1:     214856 bytes,     214856 total
- age   2:     264040 bytes,     478896 total
- age   3:     291968 bytes,     770864 total
- age   4:     274368 bytes,    1045232 total
- age   5:     340744 bytes,    1385976 total
- age   6:     265056 bytes,    1651032 total
- age   7:     256544 bytes,    1907576 total
- age   8:     297856 bytes,    2205432 total
: 2971K->2943K(109248K), 0.0088672 secs] 258506K->258767K(502464K), 0.0089503 secs] [Times: user=0.03 sys=0.01, real=0.01 secs] 
Heap after GC invocations=20027 (full 112):
 par new generation   total 109248K, used 2943K [0x00000007a0000000, 0x00000007a8000000, 0x00000007a8000000)
  eden space 87424K,   0% used [0x00000007a0000000, 0x00000007a0000000, 0x00000007a5560000)
  from space 21824K,  13% used [0x00000007a6ab0000, 0x00000007a6d8fd50, 0x00000007a8000000)
  to   space 21824K,   0% used [0x00000007a5560000, 0x00000007a5560000, 0x00000007a6ab0000)
 concurrent mark-sweep generation total 393216K, used 255824K [0x00000007a8000000, 0x00000007c0000000, 0x00000007c0000000)
 Metaspace       used 45889K, capacity 47262K, committed 47532K, reserved 1091584K
  class space    used 5455K, capacity 5768K, committed 5804K, reserved 1048576K
}
2019-01-30T13:11:12.450+0600: 5669.998: [Rescan (parallel) , 0.0043685 secs]2019-01-30T13:11:12.454+0600: 5670.002: [weak refs processing, 0.0008584 secs]2019-01-30T13:11:12.455+0600: 5670.003: [class unloading, 0.0095295 secs]2019-01-30T13:11:12.465+0600: 5670.012: [scrub symbol table, 0.0071126 secs]2019-01-30T13:11:12.472+0600: 5670.020: [scrub string table, 0.0006713 secs][1 CMS-remark: 255824K(393216K)] 258767K(502464K), 0.0319122 secs] [Times: user=0.07 sys=0.01, real=0.03 secs] 
2019-01-30T13:11:12.473+0600: 5670.020: Total time for which application threads were stopped: 0.0321030 seconds, Stopping threads took: 0.0000684 seconds
2019-01-30T13:11:12.473+0600: 5670.020: [CMS-concurrent-sweep-start]
2019-01-30T13:11:12.571+0600: 5670.119: [CMS-concurrent-sweep: 0.098/0.098 secs] [Times: user=0.19 sys=0.00, real=0.10 secs] 
2019-01-30T13:11:12.571+0600: 5670.119: [CMS-concurrent-reset-start]
2019-01-30T13:11:12.572+0600: 5670.119: [CMS-concurrent-reset: 0.000/0.000 secs] [Times: user=0.00 sys=0.00, real=0.00 secs] 
2019-01-30T13:11:14.572+0600: 5672.119: [GC (CMS Initial Mark) [1 CMS-initial-mark: 255824K(393216K)] 259277K(502464K), 0.0035023 secs] [Times: user=0.00 sys=0.00, real=0.00 secs] 
2019-01-30T13:11:14.575+0600: 5672.123: Total time for which application threads were stopped: 0.0037397 seconds, Stopping threads took: 0.0000719 seconds
2019-01-30T13:11:14.575+0600: 5672.123: [CMS-concurrent-mark-start]
2019-01-30T13:11:14.843+0600: 5672.391: [CMS-concurrent-mark: 0.268/0.268 secs] [Times: user=0.99 sys=0.01, real=0.27 secs] 
2019-01-30T13:11:14.843+0600: 5672.391: [CMS-concurrent-preclean-start]
2019-01-30T13:11:14.846+0600: 5672.393: [CMS-concurrent-preclean: 0.002/0.002 secs] [Times: user=0.01 sys=0.00, real=0.00 secs] 
2019-01-30T13:11:14.846+0600: 5672.394: [GC (CMS Final Remark) [YG occupancy: 3496 K (109248 K)]{Heap before GC invocations=20027 (full 113):
 par new generation   total 109248K, used 3496K [0x00000007a0000000, 0x00000007a8000000, 0x00000007a8000000)
  eden space 87424K,   0% used [0x00000007a0000000, 0x00000007a008a440, 0x00000007a5560000)
  from space 21824K,  13% used [0x00000007a6ab0000, 0x00000007a6d8fd50, 0x00000007a8000000)
  to   space 21824K,   0% used [0x00000007a5560000, 0x00000007a5560000, 0x00000007a6ab0000)
 concurrent mark-sweep generation total 393216K, used 255824K [0x00000007a8000000, 0x00000007c0000000, 0x00000007c0000000)
 Metaspace       used 45889K, capacity 47262K, committed 47532K, reserved 1091584K
  class space    used 5455K, capacity 5768K, committed 5804K, reserved 1048576K
2019-01-30T13:11:14.846+0600: 5672.394: [GC (CMS Final Remark) 2019-01-30T13:11:14.846+0600: 5672.394: [ParNew
Desired survivor size 20112992 bytes, new threshold 8 (max 8)
- age   1:     326096 bytes,     326096 total
- age   2:     214832 bytes,     540928 total
- age   3:     264040 bytes,     804968 total
- age   4:     291968 bytes,    1096936 total
- age   5:     274368 bytes,    1371304 total
- age   6:     340744 bytes,    1712048 total
- age   7:     265056 bytes,    1977104 total
- age   8:     256544 bytes,    2233648 total
: 3496K->3245K(109248K), 0.0088074 secs] 259320K->259360K(502464K), 0.0088922 secs] [Times: user=0.03 sys=0.00, real=0.01 secs] 
Heap after GC invocations=20028 (full 113):
 par new generation   total 109248K, used 3245K [0x00000007a0000000, 0x00000007a8000000, 0x00000007a8000000)
  eden space 87424K,   0% used [0x00000007a0000000, 0x00000007a0000000, 0x00000007a5560000)
  from space 21824K,  14% used [0x00000007a5560000, 0x00000007a588b5e0, 0x00000007a6ab0000)
  to   space 21824K,   0% used [0x00000007a6ab0000, 0x00000007a6ab0000, 0x00000007a8000000)
 concurrent mark-sweep generation total 393216K, used 256114K [0x00000007a8000000, 0x00000007c0000000, 0x00000007c0000000)
 Metaspace       used 45889K, capacity 47262K, committed 47532K, reserved 1091584K
  class space    used 5455K, capacity 5768K, committed 5804K, reserved 1048576K
}
2019-01-30T13:11:14.855+0600: 5672.403: [Rescan (parallel) , 0.0043376 secs]2019-01-30T13:11:14.860+0600: 5672.407: [weak refs processing, 0.0009929 secs]2019-01-30T13:11:14.861+0600: 5672.408: [class unloading, 0.0095386 secs]2019-01-30T13:11:14.870+0600: 5672.418: [scrub symbol table, 0.0074526 secs]2019-01-30T13:11:14.878+0600: 5672.425: [scrub string table, 0.0005564 secs][1 CMS-remark: 256114K(393216K)] 259360K(502464K), 0.0321326 secs] [Times: user=0.07 sys=0.00, real=0.03 secs] 
2019-01-30T13:11:14.878+0600: 5672.426: Total time for which application threads were stopped: 0.0323137 seconds, Stopping threads took: 0.0000667 seconds
2019-01-30T13:11:14.878+0600: 5672.426: [CMS-concurrent-sweep-start]
2019-01-30T13:11:14.979+0600: 5672.526: [CMS-concurrent-sweep: 0.100/0.100 secs] [Times: user=0.20 sys=0.00, real=0.10 secs] 
2019-01-30T13:11:14.979+0600: 5672.526: [CMS-concurrent-reset-start]
2019-01-30T13:11:14.979+0600: 5672.527: [CMS-concurrent-reset: 0.000/0.000 secs] [Times: user=0.00 sys=0.00, real=0.00 secs] 
2019-01-30T13:11:16.983+0600: 5674.531: [GC (CMS Initial Mark) [1 CMS-initial-mark: 256114K(393216K)] 259827K(502464K), 0.0019964 secs] [Times: user=0.01 sys=0.00, real=0.00 secs] 
2019-01-30T13:11:16.985+0600: 5674.533: Total time for which application threads were stopped: 0.0022066 seconds, Stopping threads took: 0.0000564 seconds
2019-01-30T13:11:16.986+0600: 5674.533: [CMS-concurrent-mark-start]
2019-01-30T13:11:17.229+0600: 5674.776: [CMS-concurrent-mark: 0.243/0.243 secs] [Times: user=0.95 sys=0.00, real=0.24 secs] 
2019-01-30T13:11:17.229+0600: 5674.776: [CMS-concurrent-preclean-start]
2019-01-30T13:11:17.231+0600: 5674.779: [CMS-concurrent-preclean: 0.002/0.003 secs] [Times: user=0.00 sys=0.00, real=0.01 secs] 
2019-01-30T13:11:17.232+0600: 5674.779: [GC (CMS Final Remark) [YG occupancy: 3755 K (109248 K)]{Heap before GC invocations=20028 (full 114):
 par new generation   total 109248K, used 3755K [0x00000007a0000000, 0x00000007a8000000, 0x00000007a8000000)
  eden space 87424K,   0% used [0x00000007a0000000, 0x00000007a007f778, 0x00000007a5560000)
  from space 21824K,  14% used [0x00000007a5560000, 0x00000007a588b5e0, 0x00000007a6ab0000)
  to   space 21824K,   0% used [0x00000007a6ab0000, 0x00000007a6ab0000, 0x00000007a8000000)
 concurrent mark-sweep generation total 393216K, used 256114K [0x00000007a8000000, 0x00000007c0000000, 0x00000007c0000000)
 Metaspace       used 45889K, capacity 47262K, committed 47532K, reserved 1091584K
  class space    used 5455K, capacity 5768K, committed 5804K, reserved 1048576K
2019-01-30T13:11:17.232+0600: 5674.779: [GC (CMS Final Remark) 2019-01-30T13:11:17.232+0600: 5674.779: [ParNew
Desired survivor size 20112992 bytes, new threshold 8 (max 8)
- age   1:     294640 bytes,     294640 total
- age   2:     325952 bytes,     620592 total
- age   3:     214832 bytes,     835424 total
- age   4:     264040 bytes,    1099464 total
- age   5:     291968 bytes,    1391432 total
- age   6:     274368 bytes,    1665800 total
- age   7:     340744 bytes,    2006544 total
- age   8:     265056 bytes,    2271600 total
